00:40:13 INFO    UF = $40.910.10 (API del día)
00:40:13 INFO    Barriendo TocToc (toctoc)…
00:40:13 INFO    Barriendo Chilepropiedades (chilepropiedades)…
00:40:13 INFO    Barriendo GoPlaceIt (goplaceit)…
00:40:13 INFO    Barriendo Yapo (yapo)…
00:40:13 DEBUG   [chilepropiedades] 10 avisos vía tarjetas
00:40:14 INFO      yapo: 0 avisos en 2s
00:40:14 INFO    Barriendo BuscoNido (busconido)…
00:40:15 DEBUG   [busconido] 23 avisos vía tarjetas
00:40:15 INFO      busconido: 23 avisos en 1s
00:40:15 INFO    Barriendo BienesOnline (bienesonline)…
00:40:15 DEBUG   [chilepropiedades] 10 avisos vía tarjetas
00:40:16 DEBUG   [bienesonline] 9 avisos vía tarjetas
00:40:16 INFO      bienesonline: 9 avisos en 1s
00:40:16 INFO    Barriendo Economicos (El Mercurio) (economicos)…
00:40:16 WARNING https://www.economicos.cl/search/propiedades/vitacura/arriendo/departamento/0 respondió 403
00:40:16 INFO    [economicos] https://www.economicos.cl/search/propiedades/vitacura/arriendo/departamento/0 rebotó al GET; se reintenta con navegador
00:40:17 DEBUG   [chilepropiedades] 10 avisos vía tarjetas
00:40:17 INFO      chilepropiedades: 30 avisos en 5s
00:40:17 INFO    Barriendo iCasas (icasas)…
00:40:18 DEBUG   [goplaceit] 30 avisos vía json-ld
00:40:18 DEBUG   [icasas] 15 avisos vía tarjetas
00:40:19 INFO      economicos: 0 avisos en 3s
00:40:19 INFO    Barriendo Doomos (doomos)…
00:40:20 DEBUG   [toctoc] 20 avisos vía json-ld
00:40:20 DEBUG   [icasas] 15 avisos vía tarjetas
00:40:20 INFO      icasas: 30 avisos en 3s
00:40:20 INFO    Barriendo Top Propiedades (toppropiedades)…
00:40:21 DEBUG   [doomos] 32 avisos vía tarjetas
00:40:21 INFO      doomos: 32 avisos en 2s
00:40:21 INFO    Barriendo Nuroa (nuroa)…
00:40:22 DEBUG   Encoding detection: ascii is most likely the one.
00:40:23 DEBUG   [nuroa] 25 avisos vía json-ld
00:40:24 DEBUG   [toppropiedades] 1 avisos vía json-ld
00:40:25 DEBUG   [nuroa] 25 avisos vía json-ld
00:40:26 DEBUG   [toppropiedades] 1 avisos vía json-ld
00:40:27 DEBUG   [nuroa] 25 avisos vía json-ld
00:40:27 DEBUG   [toctoc] 20 avisos vía json-ld
00:40:28 DEBUG   [toppropiedades] 1 avisos vía json-ld
00:40:29 DEBUG   [nuroa] 25 avisos vía json-ld
00:40:29 INFO      nuroa: 100 avisos en 8s
00:40:29 INFO    Barriendo Mitula (mitula)…
00:40:30 DEBUG   [toppropiedades] 1 avisos vía json-ld
00:40:31 DEBUG   [mitula] 30 avisos vía json-ld
00:40:32 DEBUG   [toppropiedades] 1 avisos vía json-ld
00:40:33 DEBUG   [mitula] 30 avisos vía json-ld
00:40:33 INFO      mitula: 60 avisos en 4s
00:40:33 INFO    Barriendo Houm (houm)…
00:40:34 DEBUG   [toppropiedades] 1 avisos vía json-ld
00:40:34 DEBUG   La red no quedó en silencio en https://www.toctoc.com/arriendo/departamento/metropolitana/vitacura/3-dormitorios?pagina=3; se lee igual
00:40:34 DEBUG   [toctoc] 20 avisos vía json-ld
00:40:36 DEBUG   [toppropiedades] 1 avisos vía json-ld
00:40:38 DEBUG   [toppropiedades] 1 avisos vía json-ld
00:40:38 INFO      toppropiedades: 8 avisos en 18s
00:40:38 INFO    Barriendo Hey! Homes (heyhomes)…
00:40:41 DEBUG   [heyhomes] 9 avisos vía tarjetas
00:40:41 INFO      heyhomes: 9 avisos en 3s
00:40:41 INFO    Barriendo Engel & Völkers (engelvoelkers)…
00:40:42 DEBUG   La red no quedó en silencio en https://houm.com/cl/arriendo-departamentos-region-metropolitana/vitacura/3-dormitorios; se lee igual
00:40:42 DEBUG   [houm] 28 avisos vía json-ld
00:40:42 DEBUG   [toctoc] 20 avisos vía json-ld
00:40:46 DEBUG   [engelvoelkers] 18 avisos vía tarjetas
00:40:46 INFO      engelvoelkers: 18 avisos en 6s
00:40:46 INFO    Barriendo RE/MAX Chile (remax)…
00:40:53 DEBUG   [toctoc] 20 avisos vía json-ld
00:40:53 DEBUG   La red no quedó en silencio en https://houm.com/cl/arriendo-departamento-región-metropolitana/las-condes/170742; se lee igual
00:40:54 DEBUG   [houm] 1 avisos vía estado-embebido
00:40:57 INFO      remax: 0 avisos en 11s
00:40:57 INFO    Barriendo Fuenzalida Propiedades (fuenzalida)…
00:41:01 DEBUG   [fuenzalida] 16 avisos vía tarjetas
00:41:03 DEBUG   [toctoc] 40 avisos vía estado-embebido
00:41:03 INFO      toctoc: 140 avisos en 50s
00:41:03 INFO    Barriendo Century 21 Chile (century21)…
00:41:03 DEBUG   [fuenzalida] 20 avisos vía tarjetas
00:41:05 DEBUG   La red no quedó en silencio en https://houm.com/cl/arriendo-departamento-región-metropolitana/las-condes/175757; se lee igual
00:41:05 DEBUG   [houm] 1 avisos vía estado-embebido
00:41:05 DEBUG   [goplaceit] 30 avisos vía json-ld
00:41:08 DEBUG   [fuenzalida] 20 avisos vía tarjetas
00:41:08 INFO      fuenzalida: 56 avisos en 11s
00:41:08 INFO    Barriendo Property Partners (propertypartners)…
00:41:08 DEBUG   [propertypartners] 1 avisos vía tarjetas
00:41:08 INFO      propertypartners: 1 avisos en 0s
00:41:08 INFO    Barriendo Acceso Inmobiliario (accesoinmobiliario)…
00:41:11 INFO      accesoinmobiliario: 0 avisos en 3s
00:41:11 INFO    Barriendo Magnolia Property (magnoliaproperty)…
00:41:11 DEBUG   [magnoliaproperty] 6 avisos vía tarjetas
00:41:11 INFO      magnoliaproperty: 6 avisos en 1s
00:41:11 INFO    Barriendo Portilla Propiedades (portillapropiedades)…
00:41:12 DEBUG   [portillapropiedades] 2 avisos vía tarjetas
00:41:12 INFO      portillapropiedades: 2 avisos en 1s
00:41:12 INFO    Barriendo Nativo Propiedades (nativopropiedades)…
00:41:12 DEBUG   La red no quedó en silencio en https://houm.com/cl/arriendo-departamento-región-metropolitana/ñuñoa/164010; se lee igual
00:41:13 DEBUG   [houm] 1 avisos vía estado-embebido
00:41:13 DEBUG   [nativopropiedades] 10 avisos vía tarjetas
00:41:13 INFO      nativopropiedades: 10 avisos en 1s
00:41:13 INFO    Barriendo Enlace Inmobiliario (enlaceinmobiliario)…
00:41:13 WARNING https://www.enlaceinmobiliario.cl/ respondió 403
00:41:13 INFO    [enlaceinmobiliario] https://www.enlaceinmobiliario.cl/ rebotó al GET; se reintenta con navegador
00:41:19 INFO      enlaceinmobiliario: 0 avisos en 6s
00:41:19 INFO    Barriendo Rentas.cl (rentas_cl)…
00:41:20 DEBUG   La red no quedó en silencio en https://houm.com/cl/arriendo-departamento-región-metropolitana/lo-barnechea/74201; se lee igual
00:41:20 DEBUG   [houm] 1 avisos vía estado-embebido
00:41:21 DEBUG   [rentas_cl] 1 avisos vía json-ld
00:41:22 INFO      rentas_cl: 1 avisos en 2s
00:41:22 INFO    Barriendo Arriendos.cl (arriendos_cl)…
00:41:22 INFO      arriendos_cl: 0 avisos en 1s
00:41:22 INFO    Barriendo Propiedades.cl (propiedades_cl)…
00:41:24 DEBUG   [propiedades_cl] 6 avisos vía tarjetas
00:41:24 INFO      propiedades_cl: 6 avisos en 1s
00:41:24 INFO    Barriendo Clasificados.cl (clasificados_cl)…
00:41:26 INFO      clasificados_cl: 0 avisos en 2s
00:41:28 DEBUG   La red no quedó en silencio en https://houm.com/cl/arriendo-departamento-región-metropolitana/providencia/175947; se lee igual
00:41:28 DEBUG   [houm] 1 avisos vía estado-embebido
00:41:33 WARNING Error en https://www.century21.cl/ (intento 1/3): HTTPSConnectionPool(host='www.century21.cl', port=443): Max retries exceeded with url: / (Caused by ConnectTimeoutError(<HTTPSConnection(host='www.century21.cl', port=443) at 0x7f828e12d970>, 'Connection to www.century21.cl timed out. (connect timeout=20)'))
00:41:35 DEBUG   La red no quedó en silencio en https://houm.com/cl/arriendo-departamento-región-metropolitana/ñuñoa/174379; se lee igual
00:41:36 DEBUG   [houm] 1 avisos vía estado-embebido
00:41:39 DEBUG   [goplaceit] 30 avisos vía json-ld
00:41:43 DEBUG   La red no quedó en silencio en https://houm.com/cl/arriendo-departamento-región-metropolitana/recoleta/179872; se lee igual
00:41:43 DEBUG   [houm] 1 avisos vía estado-embebido
00:41:50 DEBUG   La red no quedó en silencio en https://houm.com/cl/arriendo-departamento-región-metropolitana/recoleta/178185; se lee igual
00:41:51 DEBUG   [houm] 1 avisos vía estado-embebido
00:41:51 INFO      houm: 36 avisos en 78s
00:41:55 WARNING Error en https://www.century21.cl/ (intento 2/3): HTTPSConnectionPool(host='www.century21.cl', port=443): Max retries exceeded with url: / (Caused by ConnectTimeoutError(<HTTPSConnection(host='www.century21.cl', port=443) at 0x7f828e16b920>, 'Connection to www.century21.cl timed out. (connect timeout=20)'))
00:42:03 INFO      goplaceit: 90 avisos en 110s
00:42:19 WARNING Error en https://www.century21.cl/ (intento 3/3): HTTPSConnectionPool(host='www.century21.cl', port=443): Max retries exceeded with url: / (Caused by ConnectTimeoutError(<HTTPSConnection(host='www.century21.cl', port=443) at 0x7f828da6f620>, 'Connection to www.century21.cl timed out. (connect timeout=20)'))
00:42:19 WARNING   century21: el sitio no respondió a tiempo
00:42:19 INFO      century21: 0 avisos en 76s
00:42:19 INFO    Total crudo: 667 avisos
00:42:20 INFO    Después de deduplicar: 410
00:42:20 INFO    Pasaron los filtros: 51
00:42:42 DEBUG   [doomos] 18 avisos vía tarjetas
00:42:42 DEBUG   Ficha de YVT22 sin candidato propio; no se fusiona
00:42:42 DEBUG   Ficha de HW5MX sin candidato propio; no se fusiona
00:42:44 DEBUG   [doomos] 27 avisos vía tarjetas
00:42:44 DEBUG   Ficha de U44VT sin candidato propio; no se fusiona
00:42:46 DEBUG   [doomos] 27 avisos vía tarjetas
00:42:46 DEBUG   Ficha de KNAE9 sin candidato propio; no se fusiona
00:42:48 DEBUG   [doomos] 27 avisos vía tarjetas
00:42:48 DEBUG   Ficha de PR3QK sin candidato propio; no se fusiona
00:42:50 DEBUG   [doomos] 27 avisos vía tarjetas
00:42:50 DEBUG   Ficha de 2HWEW sin candidato propio; no se fusiona
00:42:51 DEBUG   [doomos] 27 avisos vía tarjetas
00:42:51 DEBUG   Ficha de ZWNAN sin candidato propio; no se fusiona
00:42:55 DEBUG   [doomos] 27 avisos vía tarjetas
00:42:55 DEBUG   Ficha de FDXSM sin candidato propio; no se fusiona
00:42:55 DEBUG   [busconido] 10 avisos vía tarjetas
00:42:55 DEBUG   Ficha de TKTCZ sin candidato propio; no se fusiona
00:42:56 DEBUG   [doomos] 27 avisos vía tarjetas
00:42:56 DEBUG   Ficha de FQ6XQ sin candidato propio; no se fusiona
00:42:57 DEBUG   [busconido] 10 avisos vía tarjetas
00:42:57 DEBUG   Ficha de ZKWUC sin candidato propio; no se fusiona
00:42:59 DEBUG   [busconido] 10 avisos vía tarjetas
00:42:59 DEBUG   Ficha de X4AHM sin candidato propio; no se fusiona
00:43:01 DEBUG   [busconido] 11 avisos vía tarjetas
00:43:01 DEBUG   Ficha de E29UP sin candidato propio; no se fusiona
00:43:05 INFO    Enriquecido y descartado: YAVJA (arriendo de $3.517.371 sobre el máximo negociable de $1.904.000)
00:43:09 INFO    Enriquecido y descartado: CC2AY (arriendo de $2.032.258 sobre el máximo negociable de $1.904.000)
00:43:10 DEBUG   [busconido] 10 avisos vía tarjetas
00:43:10 DEBUG   Ficha de B9ZXC sin candidato propio; no se fusiona
00:43:11 DEBUG   [doomos] 18 avisos vía tarjetas
00:43:11 DEBUG   Ficha de J5JN4 sin candidato propio; no se fusiona
00:43:15 DEBUG   [toctoc] 1 avisos vía estado-embebido
00:43:27 DEBUG   [engelvoelkers] 1 avisos vía json-ld
00:43:29 DEBUG   [doomos] 27 avisos vía tarjetas
00:43:29 DEBUG   Ficha de P8XMT sin candidato propio; no se fusiona
00:43:33 DEBUG   [toctoc] 1 avisos vía estado-embebido
00:43:40 DEBUG   La red no quedó en silencio en https://www.toctoc.com/arriendo/departamento/metropolitana/vitacura/b_a3f11e3da22b023d55153cd78c67bf4d8e101cb9; se lee igual
00:43:40 DEBUG   [toctoc] 1 avisos vía estado-embebido
00:43:49 DEBUG   [toctoc] 1 avisos vía estado-embebido
00:43:55 DEBUG   La red no quedó en silencio en https://www.toctoc.com/arriendo/departamento/metropolitana/vitacura/b_5acaafcd00128d3e4cb605d4f6d3b2f9454c00a2; se lee igual
00:43:56 DEBUG   [toctoc] 1 avisos vía estado-embebido
00:44:00 DEBUG   [toctoc] 1 avisos vía estado-embebido
00:44:00 DEBUG   [chilepropiedades] 2 avisos vía json-ld
00:44:04 DEBUG   [toctoc] 1 avisos vía estado-embebido
00:44:09 DEBUG   [toctoc] 1 avisos vía estado-embebido
00:44:16 DEBUG   La red no quedó en silencio en https://www.toctoc.com/arriendo/departamento/metropolitana/vitacura/b_fdaeaea80544bc1bd42b35482c12994145198f76; se lee igual
00:44:16 DEBUG   [toctoc] 1 avisos vía estado-embebido
00:44:20 INFO    Enriquecido y descartado: 75BRH (arriendo de $2.931.142 sobre el máximo negociable de $1.904.000)
00:44:46 INFO    Enriquecido y descartado: 75BRH (arriendo de $2.149.504 sobre el máximo negociable de $1.904.000)
00:44:50 INFO    Enriquecido y descartado: 75BRH (arriendo de $1.954.095 sobre el máximo negociable de $1.904.000)
00:45:06 DEBUG   [toctoc] 1 avisos vía estado-embebido
00:45:14 DEBUG   [toctoc] 1 avisos vía estado-embebido
00:45:20 DEBUG   [toctoc] 1 avisos vía estado-embebido
00:45:24 INFO    Enriquecido y descartado: 75BRH (arriendo de $4.299.009 sobre el máximo negociable de $1.904.000)
00:45:28 INFO    Fichas leídas: 51 — 0 ganaron el año, 0 la dirección; 6 se descartaron al verlas (0 por viejos)
00:45:29 INFO    Listo: 0 avisados de 45 candidatos
