18:39:16 INFO    UF = $40.880.36 (API del día)
18:39:16 INFO    Barriendo TocToc (toctoc)…
18:39:16 INFO    Barriendo Chilepropiedades (chilepropiedades)…
18:39:16 INFO    Barriendo GoPlaceIt (goplaceit)…
18:39:16 INFO    Barriendo Yapo (yapo)…
18:39:16 DEBUG   [chilepropiedades] 10 avisos vía tarjetas
18:39:18 INFO      yapo: 0 avisos en 2s
18:39:18 INFO    Barriendo BuscoNido (busconido)…
18:39:18 DEBUG   [busconido] 23 avisos vía tarjetas
18:39:18 INFO      busconido: 23 avisos en 0s
18:39:18 INFO    Barriendo BienesOnline (bienesonline)…
18:39:18 DEBUG   [chilepropiedades] 10 avisos vía tarjetas
18:39:20 DEBUG   [goplaceit] 30 avisos vía json-ld
18:39:20 DEBUG   [bienesonline] 16 avisos vía tarjetas
18:39:20 INFO      bienesonline: 16 avisos en 2s
18:39:20 INFO    Barriendo Economicos (El Mercurio) (economicos)…
18:39:20 DEBUG   [chilepropiedades] 10 avisos vía tarjetas
18:39:20 INFO      chilepropiedades: 30 avisos en 5s
18:39:20 INFO    Barriendo iCasas (icasas)…
18:39:21 WARNING https://www.economicos.cl/search/propiedades/vitacura/arriendo/departamento/0 respondió 403
18:39:21 INFO    [economicos] https://www.economicos.cl/search/propiedades/vitacura/arriendo/departamento/0 rebotó al GET; se reintenta con navegador
18:39:21 DEBUG   [icasas] 15 avisos vía tarjetas
18:39:23 DEBUG   [icasas] 15 avisos vía tarjetas
18:39:23 INFO      icasas: 30 avisos en 2s
18:39:23 INFO    Barriendo Doomos (doomos)…
18:39:23 DEBUG   [toctoc] 20 avisos vía json-ld
18:39:25 INFO      economicos: 0 avisos en 4s
18:39:25 INFO    Barriendo Top Propiedades (toppropiedades)…
18:39:25 DEBUG   [doomos] 32 avisos vía tarjetas
18:39:25 INFO      doomos: 32 avisos en 2s
18:39:25 INFO    Barriendo Nuroa (nuroa)…
18:39:26 DEBUG   Encoding detection: ascii is most likely the one.
18:39:27 DEBUG   [nuroa] 25 avisos vía json-ld
18:39:28 DEBUG   [toppropiedades] 1 avisos vía json-ld
18:39:29 DEBUG   [nuroa] 25 avisos vía json-ld
18:39:31 DEBUG   [toppropiedades] 1 avisos vía json-ld
18:39:31 DEBUG   [nuroa] 25 avisos vía json-ld
18:39:32 DEBUG   La red no quedó en silencio en https://www.toctoc.com/arriendo/departamento/metropolitana/vitacura/3-dormitorios?pagina=2; se lee igual
18:39:32 DEBUG   [toctoc] 20 avisos vía json-ld
18:39:33 DEBUG   [toppropiedades] 1 avisos vía json-ld
18:39:33 DEBUG   [nuroa] 25 avisos vía json-ld
18:39:33 INFO      nuroa: 100 avisos en 8s
18:39:33 INFO    Barriendo Mitula (mitula)…
18:39:34 DEBUG   [toppropiedades] 1 avisos vía json-ld
18:39:36 DEBUG   [mitula] 30 avisos vía json-ld
18:39:37 DEBUG   [toppropiedades] 1 avisos vía json-ld
18:39:37 DEBUG   [mitula] 30 avisos vía json-ld
18:39:38 INFO      mitula: 60 avisos en 4s
18:39:38 INFO    Barriendo Houm (houm)…
18:39:39 DEBUG   [toppropiedades] 1 avisos vía json-ld
18:39:40 DEBUG   [toctoc] 20 avisos vía json-ld
18:39:40 DEBUG   [toppropiedades] 1 avisos vía json-ld
18:39:42 DEBUG   [toppropiedades] 1 avisos vía json-ld
18:39:43 INFO      toppropiedades: 8 avisos en 18s
18:39:43 INFO    Barriendo Hey! Homes (heyhomes)…
18:39:45 DEBUG   [heyhomes] 9 avisos vía tarjetas
18:39:45 INFO      heyhomes: 9 avisos en 3s
18:39:45 INFO    Barriendo Engel & Völkers (engelvoelkers)…
18:39:47 DEBUG   La red no quedó en silencio en https://houm.com/cl/arriendo-departamentos-region-metropolitana/vitacura/3-dormitorios; se lee igual
18:39:48 DEBUG   [houm] 28 avisos vía json-ld
18:39:48 DEBUG   [toctoc] 20 avisos vía json-ld
18:39:53 DEBUG   [engelvoelkers] 15 avisos vía tarjetas
18:39:53 INFO      engelvoelkers: 15 avisos en 7s
18:39:53 INFO    Barriendo RE/MAX Chile (remax)…
18:39:59 DEBUG   La red no quedó en silencio en https://houm.com/cl/arriendo-departamento-región-metropolitana/las-condes/170742; se lee igual
18:39:59 DEBUG   [houm] 1 avisos vía estado-embebido
18:40:00 DEBUG   [toctoc] 20 avisos vía json-ld
18:40:02 DEBUG   [goplaceit] 30 avisos vía json-ld
18:40:04 INFO      remax: 0 avisos en 11s
18:40:04 INFO    Barriendo Fuenzalida Propiedades (fuenzalida)…
18:40:08 DEBUG   [fuenzalida] 16 avisos vía tarjetas
18:40:09 DEBUG   La red no quedó en silencio en https://houm.com/cl/arriendo-departamento-región-metropolitana/las-condes/175757; se lee igual
18:40:09 DEBUG   [houm] 1 avisos vía estado-embebido
18:40:09 DEBUG   [toctoc] 3 avisos vía json-ld
18:40:10 INFO      toctoc: 103 avisos en 54s
18:40:10 INFO    Barriendo Century 21 Chile (century21)…
18:40:11 INFO      century21: 0 avisos en 1s
18:40:11 INFO    Barriendo Property Partners (propertypartners)…
18:40:11 DEBUG   [fuenzalida] 20 avisos vía tarjetas
18:40:11 DEBUG   [propertypartners] 1 avisos vía tarjetas
18:40:11 INFO      propertypartners: 1 avisos en 1s
18:40:11 INFO    Barriendo Acceso Inmobiliario (accesoinmobiliario)…
18:40:14 DEBUG   [fuenzalida] 20 avisos vía tarjetas
18:40:14 INFO      fuenzalida: 56 avisos en 10s
18:40:14 INFO    Barriendo Magnolia Property (magnoliaproperty)…
18:40:14 DEBUG   [magnoliaproperty] 6 avisos vía tarjetas
18:40:14 INFO      magnoliaproperty: 6 avisos en 0s
18:40:14 INFO    Barriendo Portilla Propiedades (portillapropiedades)…
18:40:15 DEBUG   [portillapropiedades] 2 avisos vía tarjetas
18:40:15 INFO      portillapropiedades: 2 avisos en 1s
18:40:15 INFO    Barriendo Nativo Propiedades (nativopropiedades)…
18:40:16 DEBUG   [nativopropiedades] 10 avisos vía tarjetas
18:40:16 INFO      nativopropiedades: 10 avisos en 1s
18:40:16 INFO    Barriendo Enlace Inmobiliario (enlaceinmobiliario)…
18:40:16 WARNING https://www.enlaceinmobiliario.cl/ respondió 403
18:40:16 INFO    [enlaceinmobiliario] https://www.enlaceinmobiliario.cl/ rebotó al GET; se reintenta con navegador
18:40:17 DEBUG   [accesoinmobiliario] 16 avisos vía tarjetas
18:40:17 DEBUG   La red no quedó en silencio en https://houm.com/cl/arriendo-departamento-región-metropolitana/ñuñoa/164010; se lee igual
18:40:17 DEBUG   [houm] 1 avisos vía estado-embebido
18:40:22 DEBUG   [accesoinmobiliario] 1 avisos vía tarjetas
18:40:22 INFO      enlaceinmobiliario: 0 avisos en 7s
18:40:22 INFO    Barriendo Rentas.cl (rentas_cl)…
18:40:25 DEBUG   [rentas_cl] 1 avisos vía json-ld
18:40:25 INFO      rentas_cl: 1 avisos en 2s
18:40:25 INFO    Barriendo Arriendos.cl (arriendos_cl)…
18:40:26 INFO      arriendos_cl: 0 avisos en 1s
18:40:26 INFO    Barriendo Propiedades.cl (propiedades_cl)…
18:40:27 DEBUG   [propiedades_cl] 6 avisos vía tarjetas
18:40:27 INFO      propiedades_cl: 6 avisos en 0s
18:40:27 INFO    Barriendo Clasificados.cl (clasificados_cl)…
18:40:30 DEBUG   [clasificados_cl] 1 avisos vía tarjetas
18:40:30 INFO      clasificados_cl: 1 avisos en 3s
18:40:30 DEBUG   La red no quedó en silencio en https://houm.com/cl/arriendo-departamento-región-metropolitana/ñuñoa/174379; se lee igual
18:40:30 DEBUG   [houm] 1 avisos vía estado-embebido
18:40:33 DEBUG   [accesoinmobiliario] 1 avisos vía tarjetas
18:40:38 DEBUG   [accesoinmobiliario] 1 avisos vía tarjetas
18:40:40 DEBUG   La red no quedó en silencio en https://houm.com/cl/arriendo-departamento-región-metropolitana/recoleta/178185; se lee igual
18:40:40 DEBUG   [houm] 1 avisos vía estado-embebido
18:40:46 DEBUG   [goplaceit] 30 avisos vía json-ld
18:40:49 DEBUG   La red no quedó en silencio en https://houm.com/cl/arriendo-departamento-región-metropolitana/las-condes/177842; se lee igual
18:40:50 DEBUG   [houm] 1 avisos vía estado-embebido
18:40:55 DEBUG   [accesoinmobiliario] 1 avisos vía tarjetas
18:40:55 INFO      accesoinmobiliario: 20 avisos en 44s
18:41:00 DEBUG   La red no quedó en silencio en https://houm.com/cl/arriendo-departamento-región-metropolitana/recoleta/176958; se lee igual
18:41:00 DEBUG   [houm] 1 avisos vía estado-embebido
18:41:07 DEBUG   La red no quedó en silencio en https://houm.com/cl/arriendo-departamento-región-metropolitana/recoleta/90462; se lee igual
18:41:07 DEBUG   [houm] 1 avisos vía estado-embebido
18:41:07 INFO      houm: 36 avisos en 90s
18:41:13 INFO      goplaceit: 90 avisos en 117s
18:41:13 INFO    Total crudo: 655 avisos
18:41:13 INFO    Después de deduplicar: 437
18:41:13 INFO    Pasaron los filtros: 44
18:41:37 DEBUG   [doomos] 16 avisos vía tarjetas
18:41:37 DEBUG   Ficha de YVT22 sin candidato propio; no se fusiona
18:41:38 DEBUG   Ficha de HW5MX sin candidato propio; no se fusiona
18:41:39 DEBUG   [doomos] 25 avisos vía tarjetas
18:41:39 DEBUG   Ficha de U44VT sin candidato propio; no se fusiona
18:41:41 DEBUG   [doomos] 25 avisos vía tarjetas
18:41:41 DEBUG   Ficha de KNAE9 sin candidato propio; no se fusiona
18:41:43 DEBUG   [doomos] 25 avisos vía tarjetas
18:41:43 DEBUG   Ficha de PR3QK sin candidato propio; no se fusiona
18:41:45 DEBUG   [doomos] 25 avisos vía tarjetas
18:41:45 DEBUG   Ficha de 2HWEW sin candidato propio; no se fusiona
18:41:47 DEBUG   [doomos] 25 avisos vía tarjetas
18:41:47 DEBUG   Ficha de ZWNAN sin candidato propio; no se fusiona
18:41:52 DEBUG   [toctoc] 1 avisos vía estado-embebido
18:42:00 DEBUG   Pin del mapa para A843W: -33.39859, -70.59040
18:42:00 DEBUG   [toctoc] 1 avisos vía estado-embebido
18:42:03 INFO    Enriquecido y descartado: YAVJA (arriendo de $3.517.371 sobre el máximo negociable de $1.904.000)
18:42:07 INFO    Enriquecido y descartado: CC2AY (arriendo de $2.032.258 sobre el máximo negociable de $1.904.000)
18:42:08 DEBUG   [doomos] 16 avisos vía tarjetas
18:42:08 DEBUG   Ficha de J5JN4 sin candidato propio; no se fusiona
18:42:14 DEBUG   [toctoc] 1 avisos vía estado-embebido
18:42:19 DEBUG   [doomos] 25 avisos vía tarjetas
18:42:19 DEBUG   Ficha de P8XMT sin candidato propio; no se fusiona
18:42:22 DEBUG   [engelvoelkers] 1 avisos vía json-ld
18:42:24 DEBUG   [mitula] 3 avisos vía tarjetas
18:42:30 DEBUG   [toctoc] 1 avisos vía estado-embebido
18:42:36 DEBUG   [toctoc] 1 avisos vía estado-embebido
18:42:45 DEBUG   [toctoc] 1 avisos vía estado-embebido
18:42:52 DEBUG   [toctoc] 1 avisos vía estado-embebido
18:42:52 DEBUG   [chilepropiedades] 2 avisos vía json-ld
18:42:57 DEBUG   [toctoc] 1 avisos vía estado-embebido
18:43:03 DEBUG   [toctoc] 1 avisos vía estado-embebido
18:43:06 INFO    Enriquecido y descartado: 75BRH (arriendo de $2.931.142 sobre el máximo negociable de $1.904.000)
18:43:31 INFO    Enriquecido y descartado: 75BRH (arriendo de $1.954.095 sobre el máximo negociable de $1.904.000)
18:43:47 DEBUG   [toctoc] 1 avisos vía estado-embebido
18:43:56 DEBUG   [toctoc] 1 avisos vía estado-embebido
18:44:03 DEBUG   [toctoc] 1 avisos vía estado-embebido
18:44:07 INFO    Enriquecido y descartado: 75BRH (arriendo de $4.299.009 sobre el máximo negociable de $1.904.000)
18:44:11 INFO    Fichas leídas: 44 — 0 ganaron el año, 1 la dirección; 5 se descartaron al verlas (0 por viejos)
18:44:12 INFO    Listo: 0 avisados de 39 candidatos
