17:57:45 INFO    UF = $40.860.60 (API del día)
17:57:45 INFO    Barriendo TocToc (toctoc)…
17:57:45 INFO    Barriendo Chilepropiedades (chilepropiedades)…
17:57:45 INFO    Barriendo GoPlaceIt (goplaceit)…
17:57:45 INFO    Barriendo Yapo (yapo)…
17:57:45 DEBUG   [chilepropiedades] 11 avisos vía tarjetas
17:57:46 INFO      yapo: 0 avisos en 2s
17:57:46 INFO    Barriendo BuscoNido (busconido)…
17:57:47 DEBUG   [chilepropiedades] 11 avisos vía tarjetas
17:57:48 INFO      busconido: 0 avisos en 1s
17:57:48 INFO    Barriendo ComunaVitacura.cl (comunavitacura)…
17:57:49 DEBUG   [chilepropiedades] 11 avisos vía tarjetas
17:57:49 INFO      chilepropiedades: 33 avisos en 5s
17:57:49 INFO    Barriendo BienesOnline (bienesonline)…
17:57:50 INFO      bienesonline: 0 avisos en 0s
17:57:50 INFO    Barriendo Economicos (El Mercurio) (economicos)…
17:57:50 DEBUG   [economicos] 20 avisos vía tarjetas
17:57:52 DEBUG   [economicos] 18 avisos vía tarjetas
17:57:54 DEBUG   [economicos] 14 avisos vía tarjetas
17:57:54 INFO      economicos: 52 avisos en 4s
17:57:54 INFO    Barriendo iCasas (icasas)…
17:57:55 DEBUG   [icasas] 15 avisos vía tarjetas
17:57:56 DEBUG   [toctoc] 148 avisos vía estado-embebido
17:57:57 DEBUG   [icasas] 15 avisos vía tarjetas
17:57:57 INFO      icasas: 30 avisos en 3s
17:57:57 INFO    Barriendo Doomos (doomos)…
17:57:57 DEBUG   [goplaceit] 30 avisos vía json-ld
17:57:59 INFO      comunavitacura: 0 avisos en 11s
17:57:59 INFO    Barriendo Top Propiedades (toppropiedades)…
17:58:02 DEBUG   [toppropiedades] 1 avisos vía json-ld
17:58:05 DEBUG   [toppropiedades] 1 avisos vía json-ld
17:58:05 DEBUG   [toctoc] 148 avisos vía estado-embebido
17:58:06 DEBUG   [toppropiedades] 1 avisos vía json-ld
17:58:08 DEBUG   [toppropiedades] 1 avisos vía json-ld
17:58:10 DEBUG   [toppropiedades] 1 avisos vía json-ld
17:58:11 DEBUG   [toctoc] 148 avisos vía estado-embebido
17:58:12 DEBUG   [doomos] 31 avisos vía tarjetas
17:58:12 INFO      doomos: 31 avisos en 15s
17:58:12 INFO    Barriendo Trovit (trovit)…
17:58:12 DEBUG   [toppropiedades] 1 avisos vía json-ld
17:58:13 DEBUG   [trovit] 30 avisos vía json-ld
17:58:14 DEBUG   [toppropiedades] 1 avisos vía json-ld
17:58:16 DEBUG   [trovit] 30 avisos vía json-ld
17:58:16 DEBUG   [toppropiedades] 1 avisos vía json-ld
17:58:16 INFO      toppropiedades: 8 avisos en 17s
17:58:16 INFO    Barriendo Nuroa (nuroa)…
17:58:17 DEBUG   Encoding detection: ascii is most likely the one.
17:58:18 DEBUG   [toctoc] 108 avisos vía estado-embebido
17:58:19 DEBUG   [nuroa] 25 avisos vía json-ld
17:58:19 DEBUG   [trovit] 30 avisos vía json-ld
17:58:19 INFO      trovit: 90 avisos en 8s
17:58:19 INFO    Barriendo Mitula (mitula)…
17:58:20 DEBUG   [nuroa] 25 avisos vía json-ld
17:58:21 DEBUG   [mitula] 30 avisos vía json-ld
17:58:22 DEBUG   [nuroa] 25 avisos vía json-ld
17:58:23 DEBUG   [mitula] 30 avisos vía json-ld
17:58:23 INFO      mitula: 60 avisos en 4s
17:58:23 INFO    Barriendo Nestoria (nestoria)…
17:58:24 DEBUG   [nuroa] 25 avisos vía json-ld
17:58:24 INFO      nuroa: 100 avisos en 8s
17:58:24 INFO    Barriendo Houm (houm)…
17:58:24 DEBUG   [nestoria] 25 avisos vía json-ld
17:58:25 INFO      nestoria: 25 avisos en 1s
17:58:25 INFO    Barriendo Hey! Homes (heyhomes)…
17:58:26 DEBUG   [toctoc] 108 avisos vía estado-embebido
17:58:27 DEBUG   [heyhomes] 9 avisos vía tarjetas
17:58:27 INFO      heyhomes: 9 avisos en 3s
17:58:27 INFO    Barriendo AssetPlan (assetplan)…
17:58:29 DEBUG   [houm] 28 avisos vía json-ld
17:58:34 DEBUG   [toctoc] 108 avisos vía estado-embebido
17:58:34 INFO      toctoc: 768 avisos en 49s
17:58:34 INFO    Barriendo Engel & Völkers (engelvoelkers)…
17:58:37 INFO      assetplan: 0 avisos en 9s
17:58:37 INFO    Barriendo RE/MAX Chile (remax)…
17:58:43 DEBUG   [engelvoelkers] 16 avisos vía tarjetas
17:58:43 INFO      engelvoelkers: 16 avisos en 9s
17:58:43 INFO    Barriendo Fuenzalida Propiedades (fuenzalida)…
17:58:44 DEBUG   La red no quedó en silencio en https://houm.com/cl/arriendo-departamento-región-metropolitana/las-condes/170742; se lee igual
17:58:44 DEBUG   [houm] 1 avisos vía estado-embebido
17:58:46 INFO      remax: 0 avisos en 9s
17:58:46 INFO    Barriendo Century 21 Chile (century21)…
17:58:46 DEBUG   [fuenzalida] 20 avisos vía tarjetas
17:58:47 INFO      century21: 0 avisos en 2s
17:58:47 INFO    Barriendo Property Partners (propertypartners)…
17:58:48 DEBUG   [propertypartners] 1 avisos vía tarjetas
17:58:48 INFO      propertypartners: 1 avisos en 0s
17:58:48 INFO    Barriendo Acceso Inmobiliario (accesoinmobiliario)…
17:58:49 DEBUG   [fuenzalida] 20 avisos vía tarjetas
17:58:52 DEBUG   [fuenzalida] 20 avisos vía tarjetas
17:58:52 INFO      fuenzalida: 60 avisos en 9s
17:58:52 INFO    Barriendo Magnolia Property (magnoliaproperty)…
17:58:53 DEBUG   [magnoliaproperty] 6 avisos vía tarjetas
17:58:53 INFO      magnoliaproperty: 6 avisos en 1s
17:58:53 INFO    Barriendo Portilla Propiedades (portillapropiedades)…
17:58:53 DEBUG   La red no quedó en silencio en https://houm.com/cl/arriendo-departamento-región-metropolitana/las-condes/175757; se lee igual
17:58:53 DEBUG   [houm] 1 avisos vía estado-embebido
17:58:53 DEBUG   [portillapropiedades] 2 avisos vía tarjetas
17:58:53 INFO      portillapropiedades: 2 avisos en 1s
17:58:53 INFO    Barriendo Nativo Propiedades (nativopropiedades)…
17:58:54 DEBUG   [nativopropiedades] 7 avisos vía tarjetas
17:58:54 INFO      nativopropiedades: 7 avisos en 1s
17:58:54 INFO    Barriendo Enlace Inmobiliario (enlaceinmobiliario)…
17:58:54 WARNING https://www.enlaceinmobiliario.cl/ respondió 403
17:58:54 INFO    [enlaceinmobiliario] https://www.enlaceinmobiliario.cl/ rebotó al GET; se reintenta con navegador
17:58:55 DEBUG   [accesoinmobiliario] 16 avisos vía tarjetas
17:59:01 INFO      enlaceinmobiliario: 0 avisos en 7s
17:59:01 INFO    Barriendo Rentas.cl (rentas_cl)…
17:59:02 DEBUG   La red no quedó en silencio en https://houm.com/cl/arriendo-departamento-región-metropolitana/ñuñoa/176912; se lee igual
17:59:02 DEBUG   [houm] 1 avisos vía estado-embebido
17:59:02 DEBUG   [rentas_cl] 1 avisos vía json-ld
17:59:02 INFO      rentas_cl: 1 avisos en 2s
17:59:02 INFO    Barriendo Arriendos.cl (arriendos_cl)…
17:59:03 INFO      arriendos_cl: 0 avisos en 1s
17:59:03 INFO    Barriendo Propiedades.cl (propiedades_cl)…
17:59:04 DEBUG   [propiedades_cl] 6 avisos vía tarjetas
17:59:04 INFO      propiedades_cl: 6 avisos en 1s
17:59:04 INFO    Barriendo Clasificados.cl (clasificados_cl)…
17:59:08 DEBUG   [clasificados_cl] 1 avisos vía tarjetas
17:59:08 INFO      clasificados_cl: 1 avisos en 4s
17:59:12 DEBUG   La red no quedó en silencio en https://houm.com/cl/arriendo-departamento-región-metropolitana/ñuñoa/174379; se lee igual
17:59:12 DEBUG   [houm] 1 avisos vía estado-embebido
17:59:17 DEBUG   [houm] 1 avisos vía estado-embebido
17:59:17 DEBUG   [accesoinmobiliario] 1 avisos vía tarjetas
17:59:17 INFO      accesoinmobiliario: 17 avisos en 30s
17:59:25 DEBUG   La red no quedó en silencio en https://houm.com/cl/arriendo-departamento-región-metropolitana/recoleta/90462; se lee igual
17:59:25 DEBUG   [houm] 1 avisos vía estado-embebido
17:59:32 DEBUG   La red no quedó en silencio en https://houm.com/cl/arriendo-departamento-región-metropolitana/recoleta/177459; se lee igual
17:59:32 DEBUG   [houm] 1 avisos vía estado-embebido
17:59:39 DEBUG   La red no quedó en silencio en https://houm.com/cl/arriendo-departamento-región-metropolitana/independencia/167934; se lee igual
17:59:39 DEBUG   [houm] 1 avisos vía estado-embebido
17:59:39 INFO      houm: 36 avisos en 75s
17:59:41 DEBUG   [goplaceit] 30 avisos vía json-ld
18:01:09 DEBUG   [goplaceit] 30 avisos vía json-ld
18:02:26 INFO      goplaceit: 90 avisos en 281s
18:02:26 INFO    Total crudo: 1449 avisos
18:02:26 INFO    Después de deduplicar: 534
18:02:26 INFO    Pasaron los filtros: 74
18:02:28 DEBUG   [economicos] 1 avisos vía tarjetas
18:02:29 DEBUG   [doomos] 24 avisos vía tarjetas
18:02:29 DEBUG   Ficha de YVT22 sin candidato propio; no se fusiona
18:02:30 DEBUG   [economicos] 1 avisos vía tarjetas
18:02:32 DEBUG   [economicos] 1 avisos vía tarjetas
18:02:34 DEBUG   [economicos] 1 avisos vía tarjetas
18:02:36 DEBUG   [economicos] 1 avisos vía tarjetas
18:02:38 DEBUG   [economicos] 1 avisos vía tarjetas
18:02:40 DEBUG   [doomos] 32 avisos vía tarjetas
18:02:40 DEBUG   Ficha de U44VT sin candidato propio; no se fusiona
18:02:40 DEBUG   [economicos] 1 avisos vía tarjetas
18:02:41 DEBUG   [doomos] 33 avisos vía tarjetas
18:02:41 DEBUG   Ficha de ZWNAN sin candidato propio; no se fusiona
18:02:43 DEBUG   [doomos] 33 avisos vía tarjetas
18:02:43 DEBUG   Ficha de 2HWEW sin candidato propio; no se fusiona
18:02:43 DEBUG   [economicos] 1 avisos vía tarjetas
18:02:45 DEBUG   [economicos] 1 avisos vía tarjetas
18:02:45 DEBUG   Ficha de XEC3Z sin candidato propio; no se fusiona
18:02:47 DEBUG   [economicos] 1 avisos vía tarjetas
18:02:48 DEBUG   [chilepropiedades] 1 avisos vía tarjetas
18:03:01 DEBUG   Ficha de EKBQX sin candidato propio; no se fusiona
18:03:05 DEBUG   [toctoc] 1 avisos vía estado-embebido
18:03:06 DEBUG   [mitula] 3 avisos vía tarjetas
18:03:06 DEBUG   Ficha de 3CEB4 sin candidato propio; no se fusiona
18:03:06 DEBUG   [economicos] 1 avisos vía tarjetas
18:03:06 INFO    Enriquecido y descartado: 89VA7 (arriendo de $3.108.725 sobre el máximo negociable de $1.904.000)
18:03:19 DEBUG   Ficha de DSKEC sin candidato propio; no se fusiona
18:03:31 DEBUG   Ficha de 28KH8 sin candidato propio; no se fusiona
18:03:44 DEBUG   Ficha de 6XFU4 sin candidato propio; no se fusiona
18:03:57 DEBUG   Ficha de W8EMY sin candidato propio; no se fusiona
18:04:09 DEBUG   Ficha de GW6BY sin candidato propio; no se fusiona
18:04:23 DEBUG   Ficha de SKZWX sin candidato propio; no se fusiona
18:04:36 DEBUG   Ficha de B9ABC sin candidato propio; no se fusiona
18:04:49 DEBUG   Ficha de SRZBT sin candidato propio; no se fusiona
18:05:02 DEBUG   Ficha de 3FMUT sin candidato propio; no se fusiona
18:05:15 DEBUG   Ficha de TH9YK sin candidato propio; no se fusiona
18:05:18 DEBUG   [engelvoelkers] 1 avisos vía json-ld
18:05:18 INFO    Enriquecido y descartado: VJ3BP (arriendo de $2.533.357 sobre el máximo negociable de $1.904.000)
18:05:23 DEBUG   [toctoc] 1 avisos vía estado-embebido
18:05:29 DEBUG   La red no quedó en silencio en https://www.toctoc.com/propiedades/arriendoparticularsr/departamento/vitacura/departamento-avenida-juan-xxiii-6650/4305346; se lee igual
18:05:29 DEBUG   [toctoc] 1 avisos vía estado-embebido
18:05:34 DEBUG   [toctoc] 1 avisos vía estado-embebido
18:05:35 DEBUG   [chilepropiedades] 2 avisos vía json-ld
18:05:41 DEBUG   [toctoc] 1 avisos vía estado-embebido
18:05:41 DEBUG   [chilepropiedades] 2 avisos vía json-ld
18:05:47 DEBUG   [toctoc] 1 avisos vía estado-embebido
18:05:53 DEBUG   [toctoc] 1 avisos vía estado-embebido
18:05:57 DEBUG   [engelvoelkers] 1 avisos vía json-ld
18:06:02 DEBUG   [toctoc] 1 avisos vía estado-embebido
18:06:02 INFO    Fichas leídas: 45 — 0 ganaron el año, 2 la dirección; 2 se descartaron al verlas (0 por viejos)
18:06:03 INFO    Listo: 0 avisados de 72 candidatos
