14:59:43 INFO    No se pudo traer la UF del día (SSLError); se usa el respaldo
14:59:43 INFO    UF = $40.857.96 (caché de hace 1 día(s) — la API no respondió)
14:59:43 INFO    Barriendo TocToc (toctoc)…
14:59:43 INFO    Barriendo Chilepropiedades (chilepropiedades)…
14:59:43 INFO    Barriendo GoPlaceIt (goplaceit)…
14:59:43 INFO    Barriendo Yapo (yapo)…
14:59:43 DEBUG   [chilepropiedades] 11 avisos vía tarjetas
14:59:45 DEBUG   [chilepropiedades] 11 avisos vía tarjetas
14:59:47 DEBUG   [chilepropiedades] 11 avisos vía tarjetas
14:59:47 INFO      chilepropiedades: 33 avisos en 4s
14:59:47 INFO    Barriendo BuscoNido (busconido)…
14:59:48 DEBUG   [goplaceit] 30 avisos vía json-ld
14:59:48 INFO      busconido: 0 avisos en 1s
14:59:48 INFO    Barriendo ComunaVitacura.cl (comunavitacura)…
14:59:51 DEBUG   [toctoc] 128 avisos vía estado-embebido
14:59:51 INFO      comunavitacura: 0 avisos en 3s
14:59:51 INFO    Barriendo BienesOnline (bienesonline)…
14:59:52 DEBUG   [bienesonline] 18 avisos vía tarjetas
14:59:52 INFO      bienesonline: 18 avisos en 1s
14:59:52 INFO    Barriendo Economicos (El Mercurio) (economicos)…
14:59:52 WARNING https://www.economicos.cl/search/propiedades/vitacura/arriendo/departamento/0 respondió 403
14:59:52 INFO    [economicos] https://www.economicos.cl/search/propiedades/vitacura/arriendo/departamento/0 rebotó al GET; se reintenta con navegador
14:59:54 INFO      economicos: 0 avisos en 2s
14:59:54 INFO    Barriendo iCasas (icasas)…
14:59:55 DEBUG   [icasas] 15 avisos vía tarjetas
14:59:56 DEBUG   [toctoc] 128 avisos vía estado-embebido
14:59:56 DEBUG   [icasas] 15 avisos vía tarjetas
14:59:56 INFO      icasas: 30 avisos en 3s
14:59:56 INFO    Barriendo Doomos (doomos)…
14:59:58 DEBUG   [doomos] 33 avisos vía tarjetas
14:59:58 INFO      doomos: 33 avisos en 2s
14:59:58 INFO    Barriendo Top Propiedades (toppropiedades)…
15:00:02 DEBUG   [toppropiedades] 1 avisos vía json-ld
15:00:03 WARNING Error en https://www.yapo.cl/bienes-raices-alquiler-apartamentos/region-metropolitana-vitacura (intento 1/3): HTTPSConnectionPool(host='www.yapo.cl', port=443): Read timed out. (read timeout=20)
15:00:04 DEBUG   [toctoc] 134 avisos vía estado-embebido
15:00:04 DEBUG   [toppropiedades] 1 avisos vía json-ld
15:00:05 WARNING https://www.yapo.cl/bienes-raices-alquiler-apartamentos/region-metropolitana-vitacura respondió 500
15:00:05 WARNING   yapo: HTTP 500
15:00:05 INFO      yapo: 0 avisos en 23s
15:00:05 INFO    Barriendo Trovit (trovit)…
15:00:06 DEBUG   [toppropiedades] 1 avisos vía json-ld
15:00:06 WARNING https://casas.trovit.cl/arriendo-departamento-vitacura respondió 401
15:00:06 INFO    [trovit] https://casas.trovit.cl/arriendo-departamento-vitacura rebotó al GET; se reintenta con navegador
15:00:08 DEBUG   [toppropiedades] 1 avisos vía json-ld
15:00:08 INFO      trovit: 0 avisos en 3s
15:00:08 INFO    Barriendo Nuroa (nuroa)…
15:00:09 DEBUG   Encoding detection: ascii is most likely the one.
15:00:10 DEBUG   [toppropiedades] 1 avisos vía json-ld
15:00:11 DEBUG   [nuroa] 25 avisos vía json-ld
15:00:11 DEBUG   [toctoc] 52 avisos vía json-ld
15:00:12 DEBUG   [toppropiedades] 1 avisos vía json-ld
15:00:12 DEBUG   [nuroa] 25 avisos vía json-ld
15:00:12 INFO      nuroa: 50 avisos en 4s
15:00:12 INFO    Barriendo Mitula (mitula)…
15:00:13 WARNING https://casas.mitula.cl/casas/arriendo-departamentos-vitacura respondió 401
15:00:13 INFO    [mitula] https://casas.mitula.cl/casas/arriendo-departamentos-vitacura rebotó al GET; se reintenta con navegador
15:00:14 DEBUG   [toppropiedades] 1 avisos vía json-ld
15:00:16 DEBUG   [toppropiedades] 1 avisos vía json-ld
15:00:16 INFO      toppropiedades: 8 avisos en 18s
15:00:16 INFO    Barriendo Nestoria (nestoria)…
15:00:17 WARNING https://www.nestoria.cl/vitacura/propiedades/arriendo respondió 401
15:00:17 INFO    [nestoria] https://www.nestoria.cl/vitacura/propiedades/arriendo rebotó al GET; se reintenta con navegador
15:00:17 DEBUG   [toctoc] 106 avisos vía estado-embebido
15:00:18 INFO      mitula: 0 avisos en 5s
15:00:18 INFO    Barriendo Houm (houm)…
15:00:18 INFO      nestoria: 0 avisos en 3s
15:00:18 INFO    Barriendo Hey! Homes (heyhomes)…
15:00:21 DEBUG   [goplaceit] 30 avisos vía json-ld
15:00:21 DEBUG   [heyhomes] 9 avisos vía tarjetas
15:00:21 INFO      heyhomes: 9 avisos en 3s
15:00:21 INFO    Barriendo AssetPlan (assetplan)…
15:00:25 DEBUG   [toctoc] 106 avisos vía estado-embebido
15:00:25 INFO      toctoc: 654 avisos en 42s
15:00:25 INFO    Barriendo Engel & Völkers (engelvoelkers)…
15:00:28 DEBUG   La red no quedó en silencio en https://houm.com/cl/arriendo-departamentos-region-metropolitana/vitacura/3-dormitorios; se lee igual
15:00:28 DEBUG   [houm] 28 avisos vía json-ld
15:00:32 INFO      assetplan: 0 avisos en 11s
15:00:32 INFO    Barriendo RE/MAX Chile (remax)…
15:00:33 DEBUG   [engelvoelkers] 16 avisos vía tarjetas
15:00:33 INFO      engelvoelkers: 16 avisos en 8s
15:00:33 INFO    Barriendo Fuenzalida Propiedades (fuenzalida)…
15:00:36 DEBUG   [fuenzalida] 20 avisos vía tarjetas
15:00:39 DEBUG   [fuenzalida] 20 avisos vía tarjetas
15:00:40 INFO      remax: 0 avisos en 8s
15:00:40 INFO    Barriendo Century 21 Chile (century21)…
15:00:40 DEBUG   La red no quedó en silencio en https://houm.com/cl/arriendo-departamento-región-metropolitana/las-condes/170742; se lee igual
15:00:40 DEBUG   [houm] 1 avisos vía estado-embebido
15:00:41 INFO      century21: 0 avisos en 1s
15:00:41 INFO    Barriendo Property Partners (propertypartners)…
15:00:42 DEBUG   [propertypartners] 1 avisos vía tarjetas
15:00:42 INFO      propertypartners: 1 avisos en 0s
15:00:42 INFO    Barriendo Acceso Inmobiliario (accesoinmobiliario)…
15:00:42 DEBUG   [fuenzalida] 20 avisos vía tarjetas
15:00:42 INFO      fuenzalida: 60 avisos en 9s
15:00:42 INFO    Barriendo Magnolia Property (magnoliaproperty)…
15:00:43 DEBUG   [magnoliaproperty] 7 avisos vía tarjetas
15:00:43 INFO      magnoliaproperty: 7 avisos en 1s
15:00:43 INFO    Barriendo Portilla Propiedades (portillapropiedades)…
15:00:43 DEBUG   [portillapropiedades] 2 avisos vía tarjetas
15:00:43 INFO      portillapropiedades: 2 avisos en 0s
15:00:43 INFO    Barriendo Nativo Propiedades (nativopropiedades)…
15:00:44 DEBUG   [nativopropiedades] 7 avisos vía tarjetas
15:00:44 INFO      nativopropiedades: 7 avisos en 1s
15:00:44 INFO    Barriendo Zenta Group (zentagroup)…
15:00:45 INFO      zentagroup: 0 avisos en 1s
15:00:45 INFO    Barriendo Enlace Inmobiliario (enlaceinmobiliario)…
15:00:45 WARNING https://www.enlaceinmobiliario.cl/ respondió 403
15:00:45 INFO    [enlaceinmobiliario] https://www.enlaceinmobiliario.cl/ rebotó al GET; se reintenta con navegador
15:00:47 DEBUG   [accesoinmobiliario] 16 avisos vía tarjetas
15:00:48 DEBUG   La red no quedó en silencio en https://houm.com/cl/arriendo-departamento-región-metropolitana/las-condes/173143; se lee igual
15:00:48 DEBUG   [houm] 1 avisos vía estado-embebido
15:00:52 INFO      enlaceinmobiliario: 0 avisos en 7s
15:00:52 INFO    Barriendo Rentas.cl (rentas_cl)…
15:00:54 DEBUG   [accesoinmobiliario] 1 avisos vía tarjetas
15:00:54 ERROR   [rentas_cl] excepción no controlada
Traceback (most recent call last):
  File "/home/runner/work/arriendos-vitacura/arriendos-vitacura/arriendo/sources/registry.py", line 325, in _una
    r = barrer(fuente, fetcher, seguir_detalles=seguir_detalles,
        ^^^^^^^^^^^^^^^^^^^^^^^^^^^^^^^^^^^^^^^^^^^^^^^^^^^^^^^^
  File "/home/runner/work/arriendos-vitacura/arriendos-vitacura/arriendo/sources/registry.py", line 251, in barrer
    encontrados = extraer(html, url, fuente, valor_uf)
                  ^^^^^^^^^^^^^^^^^^^^^^^^^^^^^^^^^^^^
  File "/home/runner/work/arriendos-vitacura/arriendos-vitacura/arriendo/sources/generic.py", line 1290, in extraer
    resultado = pasada()
                ^^^^^^^^
  File "/home/runner/work/arriendos-vitacura/arriendos-vitacura/arriendo/sources/generic.py", line 1285, in <lambda>
    ("json-ld", lambda: _desde_jsonld(soup, base_url, fuente, valor_uf)),
                        ^^^^^^^^^^^^^^^^^^^^^^^^^^^^^^^^^^^^^^^^^^^^^^^
  File "/home/runner/work/arriendos-vitacura/arriendos-vitacura/arriendo/sources/generic.py", line 311, in _desde_jsonld
    a.direccion = _direccion_util(direccion, a.comuna or comuna_cruda) \
                                                         ^^^^^^^^^^^^
NameError: name 'comuna_cruda' is not defined
15:00:54 WARNING   rentas_cl: NameError: name 'comuna_cruda' is not defined
15:00:54 INFO      rentas_cl: 0 avisos en 0s
15:00:54 INFO    Barriendo Arriendos.cl (arriendos_cl)…
15:00:55 INFO      arriendos_cl: 0 avisos en 1s
15:00:55 INFO    Barriendo Propiedades.cl (propiedades_cl)…
15:00:56 DEBUG   [propiedades_cl] 6 avisos vía tarjetas
15:00:56 INFO      propiedades_cl: 6 avisos en 1s
15:00:56 INFO    Barriendo Clasificados.cl (clasificados_cl)…
15:00:59 DEBUG   [clasificados_cl] 1 avisos vía tarjetas
15:00:59 INFO      clasificados_cl: 1 avisos en 3s
15:00:59 DEBUG   La red no quedó en silencio en https://houm.com/cl/arriendo-departamento-región-metropolitana/las-condes/173170; se lee igual
15:01:00 DEBUG   [houm] 1 avisos vía estado-embebido
15:01:02 DEBUG   [accesoinmobiliario] 1 avisos vía tarjetas
15:01:09 DEBUG   [goplaceit] 30 avisos vía json-ld
15:01:09 DEBUG   La red no quedó en silencio en https://houm.com/cl/arriendo-departamento-región-metropolitana/las-condes/175757; se lee igual
15:01:09 DEBUG   [houm] 1 avisos vía estado-embebido
15:01:11 DEBUG   [accesoinmobiliario] 1 avisos vía tarjetas
15:01:16 INFO      accesoinmobiliario: 19 avisos en 34s
15:01:18 DEBUG   La red no quedó en silencio en https://houm.com/cl/arriendo-departamento-región-metropolitana/ñuñoa/176912; se lee igual
15:01:19 DEBUG   [houm] 1 avisos vía estado-embebido
15:01:26 DEBUG   La red no quedó en silencio en https://houm.com/cl/arriendo-departamento-región-metropolitana/ñuñoa/174379; se lee igual
15:01:27 DEBUG   [houm] 1 avisos vía estado-embebido
15:01:34 DEBUG   La red no quedó en silencio en https://houm.com/cl/arriendo-departamento-región-metropolitana/providencia/175432; se lee igual
15:01:34 DEBUG   [houm] 1 avisos vía estado-embebido
15:01:37 INFO      goplaceit: 90 avisos en 114s
15:01:42 DEBUG   La red no quedó en silencio en https://houm.com/cl/arriendo-departamento-región-metropolitana/recoleta/176958; se lee igual
15:01:42 DEBUG   [houm] 1 avisos vía estado-embebido
15:01:42 INFO      houm: 36 avisos en 84s
15:01:42 INFO    Total crudo: 1080 avisos
15:01:42 INFO    Después de deduplicar: 395
15:01:42 INFO    Pasaron los filtros: 81
15:01:51 INFO    Ubicados en el mapa: 7 (con 9 consultas nuevas)
15:01:52 DEBUG   [chilepropiedades] 2 avisos vía json-ld
15:01:58 DEBUG   [toctoc] 1 avisos vía estado-embebido
15:02:02 DEBUG   Ficha de EKBQX sin candidato propio; no se fusiona
15:02:07 DEBUG   [toctoc] 1 avisos vía estado-embebido
15:02:11 DEBUG   [toctoc] 1 avisos vía estado-embebido
15:02:13 DEBUG   Ficha de EHCY9 sin candidato propio; no se fusiona
15:02:14 DEBUG   [chilepropiedades] 2 avisos vía json-ld
15:02:17 DEBUG   [doomos] 24 avisos vía tarjetas
15:02:17 DEBUG   Ficha de YVT22 sin candidato propio; no se fusiona
15:02:22 DEBUG   [toctoc] 1 avisos vía estado-embebido
15:02:22 DEBUG   [chilepropiedades] 2 avisos vía json-ld
15:02:28 DEBUG   [toctoc] 1 avisos vía estado-embebido
15:02:28 DEBUG   [chilepropiedades] 2 avisos vía json-ld
15:02:28 INFO    Enriquecido y descartado: DB2HZ (90 m² totales, no llega a más de 100 m²)
15:02:33 DEBUG   [toctoc] 1 avisos vía estado-embebido
15:02:39 DEBUG   [toctoc] 1 avisos vía estado-embebido
15:02:41 DEBUG   [doomos] 32 avisos vía tarjetas
15:02:41 DEBUG   Ficha de U44VT sin candidato propio; no se fusiona
15:02:42 DEBUG   [doomos] 33 avisos vía tarjetas
15:02:42 DEBUG   Ficha de KNAE9 sin candidato propio; no se fusiona
15:02:47 DEBUG   [toctoc] 1 avisos vía estado-embebido
15:02:51 DEBUG   [toctoc] 1 avisos vía estado-embebido
15:02:56 DEBUG   [toctoc] 1 avisos vía estado-embebido
15:03:01 DEBUG   [engelvoelkers] 1 avisos vía json-ld
15:03:05 DEBUG   [toctoc] 1 avisos vía estado-embebido
15:03:09 DEBUG   [toctoc] 1 avisos vía estado-embebido
15:03:11 DEBUG   [doomos] 33 avisos vía tarjetas
15:03:11 DEBUG   Ficha de RUEW5 sin candidato propio; no se fusiona
15:03:12 DEBUG   [doomos] 33 avisos vía tarjetas
15:03:12 DEBUG   Ficha de 9YX2Z sin candidato propio; no se fusiona
15:03:16 DEBUG   [doomos] 33 avisos vía tarjetas
15:03:16 DEBUG   Ficha de NB2ZR sin candidato propio; no se fusiona
15:03:20 ERROR   La corrida falló
Traceback (most recent call last):
  File "/home/runner/work/arriendos-vitacura/arriendos-vitacura/arriendo/cli.py", line 85, in correr
    return _correr(args, perfil, fuentes, stats)
           ^^^^^^^^^^^^^^^^^^^^^^^^^^^^^^^^^^^^^
  File "/home/runner/work/arriendos-vitacura/arriendos-vitacura/arriendo/cli.py", line 654, in _correr
    candidatos = _completar_candidatos(candidatos, fuentes, fetcher, uf,
                 ^^^^^^^^^^^^^^^^^^^^^^^^^^^^^^^^^^^^^^^^^^^^^^^^^^^^^^^
  File "/home/runner/work/arriendos-vitacura/arriendos-vitacura/arriendo/cli.py", line 204, in _completar_candidatos
    vivos = [a for a, _ in _enriquecer_por_ficha(
                           ^^^^^^^^^^^^^^^^^^^^^^
  File "/home/runner/work/arriendos-vitacura/arriendos-vitacura/arriendo/cli.py", line 264, in _enriquecer_por_ficha
    candidatos = extraer(html, a.url, fuente, uf)
                 ^^^^^^^^^^^^^^^^^^^^^^^^^^^^^^^^
  File "/home/runner/work/arriendos-vitacura/arriendos-vitacura/arriendo/sources/generic.py", line 1290, in extraer
    resultado = pasada()
                ^^^^^^^^
  File "/home/runner/work/arriendos-vitacura/arriendos-vitacura/arriendo/sources/generic.py", line 1285, in <lambda>
    ("json-ld", lambda: _desde_jsonld(soup, base_url, fuente, valor_uf)),
                        ^^^^^^^^^^^^^^^^^^^^^^^^^^^^^^^^^^^^^^^^^^^^^^^
  File "/home/runner/work/arriendos-vitacura/arriendos-vitacura/arriendo/sources/generic.py", line 311, in _desde_jsonld
    a.direccion = _direccion_util(direccion, a.comuna or comuna_cruda) \
                                                         ^^^^^^^^^^^^
NameError: name 'comuna_cruda' is not defined
