00:53:49 INFO    UF = $40.975.41 (API del día)
00:53:49 INFO    Barriendo TocToc (toctoc)…
00:53:49 INFO    Barriendo Chilepropiedades (chilepropiedades)…
00:53:49 INFO    Barriendo GoPlaceIt (goplaceit)…
00:53:49 INFO    Barriendo Yapo (yapo)…
00:53:49 DEBUG   [chilepropiedades] 10 avisos vía tarjetas
00:53:50 INFO      yapo: 0 avisos en 2s
00:53:50 INFO    Barriendo BuscoNido (busconido)…
00:53:51 DEBUG   [chilepropiedades] 10 avisos vía tarjetas
00:53:51 DEBUG   [busconido] 23 avisos vía tarjetas
00:53:51 INFO      busconido: 23 avisos en 1s
00:53:51 INFO    Barriendo BienesOnline (bienesonline)…
00:53:52 DEBUG   [bienesonline] 16 avisos vía tarjetas
00:53:52 INFO      bienesonline: 16 avisos en 1s
00:53:52 INFO    Barriendo Economicos (El Mercurio) (economicos)…
00:53:52 DEBUG   [economicos] 20 avisos vía tarjetas
00:53:53 DEBUG   [chilepropiedades] 10 avisos vía tarjetas
00:53:53 INFO      chilepropiedades: 30 avisos en 4s
00:53:53 INFO    Barriendo iCasas (icasas)…
00:53:53 DEBUG   [goplaceit] 30 avisos vía json-ld
00:53:54 DEBUG   [icasas] 15 avisos vía tarjetas
00:53:54 DEBUG   [economicos] 18 avisos vía tarjetas
00:53:56 DEBUG   [icasas] 15 avisos vía tarjetas
00:53:56 INFO      icasas: 30 avisos en 3s
00:53:56 INFO    Barriendo Doomos (doomos)…
00:53:56 DEBUG   [economicos] 12 avisos vía tarjetas
00:53:56 INFO      economicos: 50 avisos en 4s
00:53:56 INFO    Barriendo Top Propiedades (toppropiedades)…
00:53:57 DEBUG   La red no quedó en silencio en https://www.toctoc.com/arriendo/departamento/metropolitana/vitacura/3-dormitorios; se lee igual
00:53:58 DEBUG   [doomos] 31 avisos vía tarjetas
00:53:58 INFO      doomos: 31 avisos en 2s
00:53:58 INFO    Barriendo Nuroa (nuroa)…
00:53:58 DEBUG   [toctoc] 20 avisos vía json-ld
00:53:58 DEBUG   Encoding detection: ascii is most likely the one.
00:53:59 DEBUG   [nuroa] 25 avisos vía json-ld
00:54:00 DEBUG   [toppropiedades] 1 avisos vía json-ld
00:54:02 DEBUG   [nuroa] 25 avisos vía json-ld
00:54:02 DEBUG   [toppropiedades] 1 avisos vía json-ld
00:54:03 DEBUG   [nuroa] 25 avisos vía json-ld
00:54:04 DEBUG   [toppropiedades] 1 avisos vía json-ld
00:54:04 DEBUG   [toctoc] 20 avisos vía json-ld
00:54:05 DEBUG   [nuroa] 25 avisos vía json-ld
00:54:06 INFO      nuroa: 100 avisos en 8s
00:54:06 INFO    Barriendo Mitula (mitula)…
00:54:06 DEBUG   [toppropiedades] 1 avisos vía json-ld
00:54:07 DEBUG   [mitula] 30 avisos vía json-ld
00:54:08 DEBUG   [toppropiedades] 1 avisos vía json-ld
00:54:09 DEBUG   [mitula] 30 avisos vía json-ld
00:54:10 INFO      mitula: 60 avisos en 4s
00:54:10 INFO    Barriendo Houm (houm)…
00:54:10 DEBUG   [toppropiedades] 1 avisos vía json-ld
00:54:11 DEBUG   [toctoc] 20 avisos vía json-ld
00:54:12 DEBUG   [toppropiedades] 1 avisos vía json-ld
00:54:14 DEBUG   [toppropiedades] 1 avisos vía json-ld
00:54:14 INFO      toppropiedades: 8 avisos en 18s
00:54:14 INFO    Barriendo Hey! Homes (heyhomes)…
00:54:17 DEBUG   [heyhomes] 9 avisos vía tarjetas
00:54:17 INFO      heyhomes: 9 avisos en 3s
00:54:17 INFO    Barriendo Engel & Völkers (engelvoelkers)…
00:54:18 DEBUG   La red no quedó en silencio en https://houm.com/cl/arriendo-departamentos-region-metropolitana/vitacura/3-dormitorios; se lee igual
00:54:18 DEBUG   [toctoc] 20 avisos vía json-ld
00:54:19 DEBUG   [houm] 28 avisos vía json-ld
00:54:21 DEBUG   [engelvoelkers] 16 avisos vía tarjetas
00:54:21 INFO      engelvoelkers: 16 avisos en 5s
00:54:21 INFO    Barriendo RE/MAX Chile (remax)…
00:54:28 DEBUG   La red no quedó en silencio en https://www.toctoc.com/arriendo/departamento/metropolitana/vitacura/4-dormitorios?pagina=2; se lee igual
00:54:29 DEBUG   La red no quedó en silencio en https://houm.com/cl/arriendo-departamento-región-metropolitana/las-condes/170742; se lee igual
00:54:29 DEBUG   [houm] 1 avisos vía estado-embebido
00:54:30 WARNING [toctoc] https://www.toctoc.com/arriendo/departamento/metropolitana/vitacura/4-dormitorios?pagina=2 falló: Page.content: Unable to retrieve content because the page is navigating and changing the content.
00:54:30 WARNING   toctoc: Page.content: Unable to retrieve content because the page is navigating and changing the content.
00:54:30 INFO      toctoc: 80 avisos en 41s
00:54:30 INFO    Barriendo Fuenzalida Propiedades (fuenzalida)…
00:54:32 INFO      remax: 0 avisos en 10s
00:54:32 INFO    Barriendo Century 21 Chile (century21)…
00:54:33 INFO      century21: 0 avisos en 2s
00:54:33 INFO    Barriendo Property Partners (propertypartners)…
00:54:34 DEBUG   [propertypartners] 1 avisos vía tarjetas
00:54:34 INFO      propertypartners: 1 avisos en 0s
00:54:34 INFO    Barriendo Acceso Inmobiliario (accesoinmobiliario)…
00:54:34 DEBUG   [fuenzalida] 16 avisos vía tarjetas
00:54:37 DEBUG   [goplaceit] 30 avisos vía json-ld
00:54:37 DEBUG   [fuenzalida] 20 avisos vía tarjetas
00:54:39 DEBUG   [accesoinmobiliario] 16 avisos vía tarjetas
00:54:39 DEBUG   La red no quedó en silencio en https://houm.com/cl/arriendo-departamento-región-metropolitana/las-condes/175757; se lee igual
00:54:39 DEBUG   [houm] 1 avisos vía estado-embebido
00:54:41 DEBUG   [accesoinmobiliario] 1 avisos vía tarjetas
00:54:41 DEBUG   [fuenzalida] 20 avisos vía tarjetas
00:54:41 INFO      fuenzalida: 56 avisos en 11s
00:54:41 INFO    Barriendo Magnolia Property (magnoliaproperty)…
00:54:42 DEBUG   [magnoliaproperty] 6 avisos vía tarjetas
00:54:42 INFO      magnoliaproperty: 6 avisos en 1s
00:54:42 INFO    Barriendo Portilla Propiedades (portillapropiedades)…
00:54:42 DEBUG   [portillapropiedades] 2 avisos vía tarjetas
00:54:42 INFO      portillapropiedades: 2 avisos en 1s
00:54:42 INFO    Barriendo Nativo Propiedades (nativopropiedades)…
00:54:43 DEBUG   [nativopropiedades] 10 avisos vía tarjetas
00:54:43 INFO      nativopropiedades: 10 avisos en 1s
00:54:43 INFO    Barriendo Enlace Inmobiliario (enlaceinmobiliario)…
00:54:43 WARNING https://www.enlaceinmobiliario.cl/ respondió 403
00:54:43 INFO    [enlaceinmobiliario] https://www.enlaceinmobiliario.cl/ rebotó al GET; se reintenta con navegador
00:54:48 DEBUG   La red no quedó en silencio en https://houm.com/cl/arriendo-departamento-región-metropolitana/lo-barnechea/74201; se lee igual
00:54:48 DEBUG   [houm] 1 avisos vía estado-embebido
00:54:54 DEBUG   La red no quedó en silencio en https://www.enlaceinmobiliario.cl/; se lee igual
00:54:54 INFO      enlaceinmobiliario: 0 avisos en 11s
00:54:54 INFO    Barriendo Rentas.cl (rentas_cl)…
00:54:56 DEBUG   [rentas_cl] 1 avisos vía json-ld
00:54:56 INFO      rentas_cl: 1 avisos en 2s
00:54:56 INFO    Barriendo Arriendos.cl (arriendos_cl)…
00:54:56 DEBUG   [accesoinmobiliario] 1 avisos vía tarjetas
00:54:57 INFO      arriendos_cl: 0 avisos en 1s
00:54:57 INFO    Barriendo Propiedades.cl (propiedades_cl)…
00:54:58 DEBUG   [propiedades_cl] 6 avisos vía tarjetas
00:54:58 INFO      propiedades_cl: 6 avisos en 1s
00:54:58 INFO    Barriendo Clasificados.cl (clasificados_cl)…
00:55:00 DEBUG   La red no quedó en silencio en https://houm.com/cl/arriendo-departamento-región-metropolitana/providencia/175947; se lee igual
00:55:00 DEBUG   [houm] 1 avisos vía estado-embebido
00:55:00 INFO      clasificados_cl: 0 avisos en 2s
00:55:02 DEBUG   [accesoinmobiliario] 1 avisos vía tarjetas
00:55:06 DEBUG   [accesoinmobiliario] 1 avisos vía tarjetas
00:55:09 DEBUG   La red no quedó en silencio en https://houm.com/cl/arriendo-departamento-región-metropolitana/ñuñoa/174379; se lee igual
00:55:09 DEBUG   [houm] 1 avisos vía estado-embebido
00:55:13 DEBUG   [goplaceit] 30 avisos vía json-ld
00:55:17 DEBUG   La red no quedó en silencio en https://houm.com/cl/arriendo-departamento-región-metropolitana/recoleta/179872; se lee igual
00:55:17 DEBUG   [houm] 1 avisos vía estado-embebido
00:55:21 INFO      accesoinmobiliario: 20 avisos en 47s
00:55:25 DEBUG   La red no quedó en silencio en https://houm.com/cl/arriendo-departamento-región-metropolitana/recoleta/178185; se lee igual
00:55:26 DEBUG   [houm] 1 avisos vía estado-embebido
00:55:33 DEBUG   La red no quedó en silencio en https://houm.com/cl/arriendo-departamento-región-metropolitana/las-condes/177842; se lee igual
00:55:33 DEBUG   [houm] 1 avisos vía estado-embebido
00:55:33 INFO      houm: 36 avisos en 83s
00:55:39 INFO      goplaceit: 90 avisos en 110s
00:55:39 INFO    Total crudo: 681 avisos
00:55:39 INFO    Después de deduplicar: 476
00:55:39 INFO    Pasaron los filtros: 53
00:55:52 DEBUG   [economicos] 1 avisos vía tarjetas
00:55:54 DEBUG   [doomos] 18 avisos vía tarjetas
00:55:54 DEBUG   Ficha de YVT22 sin candidato propio; no se fusiona
00:55:55 DEBUG   Ficha de HW5MX sin candidato propio; no se fusiona
00:55:55 DEBUG   [economicos] 1 avisos vía tarjetas
00:55:57 DEBUG   [economicos] 1 avisos vía tarjetas
00:55:59 DEBUG   [economicos] 1 avisos vía tarjetas
00:56:01 DEBUG   [economicos] 1 avisos vía tarjetas
00:56:02 DEBUG   [doomos] 27 avisos vía tarjetas
00:56:02 DEBUG   Ficha de U44VT sin candidato propio; no se fusiona
00:56:07 DEBUG   [doomos] 27 avisos vía tarjetas
00:56:07 DEBUG   Ficha de KNAE9 sin candidato propio; no se fusiona
00:56:11 DEBUG   Pin del mapa para PU3B8: -33.40511, -70.59733
00:56:11 DEBUG   [toctoc] 1 avisos vía estado-embebido
00:56:13 DEBUG   [doomos] 27 avisos vía tarjetas
00:56:13 DEBUG   Ficha de PR3QK sin candidato propio; no se fusiona
00:56:15 DEBUG   [doomos] 27 avisos vía tarjetas
00:56:15 DEBUG   Ficha de 2HWEW sin candidato propio; no se fusiona
00:56:15 DEBUG   [economicos] 1 avisos vía tarjetas
00:56:18 DEBUG   [doomos] 27 avisos vía tarjetas
00:56:18 DEBUG   Ficha de ZWNAN sin candidato propio; no se fusiona
00:56:18 DEBUG   [economicos] 1 avisos vía tarjetas
00:56:21 DEBUG   [doomos] 27 avisos vía tarjetas
00:56:21 DEBUG   Ficha de FDXSM sin candidato propio; no se fusiona
00:56:21 DEBUG   [economicos] 1 avisos vía tarjetas
00:56:21 DEBUG   Ficha de XEC3Z sin candidato propio; no se fusiona
00:56:23 DEBUG   [economicos] 1 avisos vía tarjetas
00:56:23 DEBUG   [busconido] 11 avisos vía tarjetas
00:56:23 DEBUG   Ficha de HSU25 sin candidato propio; no se fusiona
00:56:32 DEBUG   [doomos] 27 avisos vía tarjetas
00:56:32 DEBUG   Ficha de FQ6XQ sin candidato propio; no se fusiona
00:56:33 DEBUG   [busconido] 11 avisos vía tarjetas
00:56:33 DEBUG   Ficha de EZJCH sin candidato propio; no se fusiona
00:56:35 DEBUG   [busconido] 10 avisos vía tarjetas
00:56:35 DEBUG   Ficha de ASYEC sin candidato propio; no se fusiona
00:56:37 DEBUG   [busconido] 10 avisos vía tarjetas
00:56:37 DEBUG   Ficha de 7VFKS sin candidato propio; no se fusiona
00:56:37 DEBUG   [economicos] 1 avisos vía tarjetas
00:56:37 INFO    Enriquecido y descartado: S84GC (arriendo de $3.108.725 sobre el máximo negociable de $1.904.000)
00:56:41 INFO    Enriquecido y descartado: YAVJA (arriendo de $3.517.371 sobre el máximo negociable de $1.904.000)
00:56:41 DEBUG   [economicos] 1 avisos vía tarjetas
00:56:45 INFO    Enriquecido y descartado: CC2AY (arriendo de $2.032.258 sobre el máximo negociable de $1.904.000)
00:56:47 DEBUG   [doomos] 18 avisos vía tarjetas
00:56:47 DEBUG   Ficha de J5JN4 sin candidato propio; no se fusiona
00:57:00 DEBUG   [doomos] 27 avisos vía tarjetas
00:57:00 DEBUG   Ficha de P8XMT sin candidato propio; no se fusiona
00:57:06 DEBUG   [toctoc] 1 avisos vía estado-embebido
00:57:13 DEBUG   [toctoc] 1 avisos vía estado-embebido
00:57:18 DEBUG   [toctoc] 1 avisos vía estado-embebido
00:57:22 INFO    Enriquecido y descartado: 75BRH (arriendo de $2.931.142 sobre el máximo negociable de $1.904.000)
00:57:43 INFO    Enriquecido y descartado: 75BRH (arriendo de $2.149.504 sobre el máximo negociable de $1.904.000)
00:57:48 INFO    Enriquecido y descartado: 75BRH (arriendo de $1.954.095 sobre el máximo negociable de $1.904.000)
00:58:04 DEBUG   [toctoc] 1 avisos vía estado-embebido
00:58:11 DEBUG   [toctoc] 1 avisos vía estado-embebido
00:58:15 INFO    Enriquecido y descartado: 75BRH (arriendo de $4.299.009 sobre el máximo negociable de $1.904.000)
00:58:18 INFO    Fichas leídas: 53 — 0 ganaron el año, 2 la dirección; 7 se descartaron al verlas (0 por viejos)
00:58:19 INFO    Listo: 0 avisados de 46 candidatos
