18:27:50 INFO    UF = $40.873.77 (API del día)
18:27:50 INFO    Barriendo TocToc (toctoc)…
18:27:50 INFO    Barriendo Chilepropiedades (chilepropiedades)…
18:27:50 INFO    Barriendo GoPlaceIt (goplaceit)…
18:27:50 INFO    Barriendo Yapo (yapo)…
18:27:51 DEBUG   [chilepropiedades] 10 avisos vía tarjetas
18:27:52 DEBUG   [yapo] 30 avisos vía tarjetas
18:27:53 DEBUG   [chilepropiedades] 10 avisos vía tarjetas
18:27:53 DEBUG   [goplaceit] 30 avisos vía json-ld
18:27:54 DEBUG   [yapo] 30 avisos vía tarjetas
18:27:55 DEBUG   [chilepropiedades] 10 avisos vía tarjetas
18:27:55 INFO      chilepropiedades: 30 avisos en 5s
18:27:55 INFO    Barriendo BuscoNido (busconido)…
18:27:56 DEBUG   [busconido] 23 avisos vía tarjetas
18:27:56 INFO      busconido: 23 avisos en 1s
18:27:56 INFO    Barriendo BienesOnline (bienesonline)…
18:27:57 DEBUG   [yapo] 30 avisos vía tarjetas
18:27:57 INFO      yapo: 90 avisos en 7s
18:27:57 INFO    Barriendo Economicos (El Mercurio) (economicos)…
18:27:57 DEBUG   [bienesonline] 4 avisos vía tarjetas
18:27:57 INFO      bienesonline: 4 avisos en 1s
18:27:57 INFO    Barriendo iCasas (icasas)…
18:27:57 DEBUG   [economicos] 20 avisos vía tarjetas
18:27:57 DEBUG   La red no quedó en silencio en https://www.toctoc.com/arriendo/departamento/metropolitana/vitacura/3-dormitorios; se lee igual
18:27:57 DEBUG   [icasas] 15 avisos vía tarjetas
18:27:58 DEBUG   [toctoc] 20 avisos vía json-ld
18:27:59 DEBUG   [economicos] 18 avisos vía tarjetas
18:27:59 DEBUG   [icasas] 15 avisos vía tarjetas
18:27:59 INFO      icasas: 30 avisos en 3s
18:27:59 INFO    Barriendo Doomos (doomos)…
18:28:01 DEBUG   [economicos] 13 avisos vía tarjetas
18:28:01 INFO      economicos: 51 avisos en 4s
18:28:01 INFO    Barriendo Top Propiedades (toppropiedades)…
18:28:01 DEBUG   [doomos] 31 avisos vía tarjetas
18:28:01 INFO      doomos: 31 avisos en 2s
18:28:01 INFO    Barriendo Nuroa (nuroa)…
18:28:02 DEBUG   Encoding detection: ascii is most likely the one.
18:28:03 DEBUG   [nuroa] 25 avisos vía json-ld
18:28:04 DEBUG   [toctoc] 20 avisos vía json-ld
18:28:05 DEBUG   [toppropiedades] 1 avisos vía json-ld
18:28:05 DEBUG   [nuroa] 25 avisos vía json-ld
18:28:07 DEBUG   [toppropiedades] 1 avisos vía json-ld
18:28:07 DEBUG   [nuroa] 25 avisos vía json-ld
18:28:09 DEBUG   [toppropiedades] 1 avisos vía json-ld
18:28:09 DEBUG   [nuroa] 25 avisos vía json-ld
18:28:10 INFO      nuroa: 100 avisos en 8s
18:28:10 INFO    Barriendo Mitula (mitula)…
18:28:11 DEBUG   [toppropiedades] 1 avisos vía json-ld
18:28:11 DEBUG   [mitula] 30 avisos vía json-ld
18:28:11 DEBUG   La red no quedó en silencio en https://www.toctoc.com/arriendo/departamento/metropolitana/vitacura/3-dormitorios?pagina=3; se lee igual
18:28:12 WARNING [toctoc] https://www.toctoc.com/arriendo/departamento/metropolitana/vitacura/3-dormitorios?pagina=3 falló: Page.content: Unable to retrieve content because the page is navigating and changing the content.
18:28:13 DEBUG   [mitula] 30 avisos vía json-ld
18:28:13 INFO      mitula: 60 avisos en 4s
18:28:13 INFO    Barriendo Houm (houm)…
18:28:13 DEBUG   [toppropiedades] 1 avisos vía json-ld
18:28:15 DEBUG   [toppropiedades] 1 avisos vía json-ld
18:28:17 DEBUG   [toppropiedades] 1 avisos vía json-ld
18:28:18 DEBUG   [toctoc] 20 avisos vía json-ld
18:28:19 DEBUG   [toppropiedades] 1 avisos vía json-ld
18:28:19 INFO      toppropiedades: 8 avisos en 18s
18:28:19 INFO    Barriendo Hey! Homes (heyhomes)…
18:28:21 DEBUG   [heyhomes] 9 avisos vía tarjetas
18:28:21 INFO      heyhomes: 9 avisos en 3s
18:28:21 INFO    Barriendo Engel & Völkers (engelvoelkers)…
18:28:24 DEBUG   La red no quedó en silencio en https://houm.com/cl/arriendo-departamentos-region-metropolitana/vitacura/3-dormitorios; se lee igual
18:28:24 DEBUG   [houm] 28 avisos vía json-ld
18:28:27 DEBUG   [engelvoelkers] 15 avisos vía tarjetas
18:28:27 INFO      engelvoelkers: 15 avisos en 6s
18:28:27 INFO    Barriendo RE/MAX Chile (remax)…
18:28:29 DEBUG   La red no quedó en silencio en https://www.toctoc.com/arriendo/departamento/metropolitana/vitacura/4-dormitorios?pagina=2; se lee igual
18:28:30 DEBUG   [toctoc] 47 avisos vía json-ld
18:28:30 DEBUG   [goplaceit] 30 avisos vía json-ld
18:28:35 INFO      remax: 0 avisos en 7s
18:28:35 INFO    Barriendo Fuenzalida Propiedades (fuenzalida)…
18:28:37 DEBUG   La red no quedó en silencio en https://houm.com/cl/arriendo-departamento-región-metropolitana/las-condes/170742; se lee igual
18:28:37 DEBUG   [houm] 1 avisos vía estado-embebido
18:28:38 DEBUG   [fuenzalida] 16 avisos vía tarjetas
18:28:40 DEBUG   [toctoc] 7 avisos vía json-ld
18:28:40 WARNING   toctoc: Page.content: Unable to retrieve content because the page is navigating and changing the content.
18:28:40 INFO      toctoc: 114 avisos en 50s
18:28:40 INFO    Barriendo Century 21 Chile (century21)…
18:28:41 INFO      century21: 0 avisos en 2s
18:28:41 INFO    Barriendo Property Partners (propertypartners)…
18:28:42 DEBUG   [propertypartners] 1 avisos vía tarjetas
18:28:42 INFO      propertypartners: 1 avisos en 1s
18:28:42 INFO    Barriendo Acceso Inmobiliario (accesoinmobiliario)…
18:28:44 DEBUG   [fuenzalida] 20 avisos vía tarjetas
18:28:47 DEBUG   La red no quedó en silencio en https://houm.com/cl/arriendo-departamento-región-metropolitana/las-condes/175757; se lee igual
18:28:47 DEBUG   [houm] 1 avisos vía estado-embebido
18:28:47 DEBUG   [fuenzalida] 20 avisos vía tarjetas
18:28:47 INFO      fuenzalida: 56 avisos en 13s
18:28:47 INFO    Barriendo Magnolia Property (magnoliaproperty)…
18:28:48 DEBUG   [accesoinmobiliario] 16 avisos vía tarjetas
18:28:48 DEBUG   [magnoliaproperty] 8 avisos vía tarjetas
18:28:48 INFO      magnoliaproperty: 8 avisos en 1s
18:28:48 INFO    Barriendo Portilla Propiedades (portillapropiedades)…
18:28:49 DEBUG   [portillapropiedades] 2 avisos vía tarjetas
18:28:49 INFO      portillapropiedades: 2 avisos en 1s
18:28:49 INFO    Barriendo Nativo Propiedades (nativopropiedades)…
18:28:50 DEBUG   [nativopropiedades] 7 avisos vía tarjetas
18:28:50 INFO      nativopropiedades: 7 avisos en 1s
18:28:50 INFO    Barriendo Enlace Inmobiliario (enlaceinmobiliario)…
18:28:50 WARNING https://www.enlaceinmobiliario.cl/ respondió 403
18:28:50 INFO    [enlaceinmobiliario] https://www.enlaceinmobiliario.cl/ rebotó al GET; se reintenta con navegador
18:28:53 DEBUG   [accesoinmobiliario] 1 avisos vía tarjetas
18:28:55 DEBUG   La red no quedó en silencio en https://houm.com/cl/arriendo-departamento-región-metropolitana/ñuñoa/176912; se lee igual
18:28:55 DEBUG   [houm] 1 avisos vía estado-embebido
18:28:56 INFO      enlaceinmobiliario: 0 avisos en 6s
18:28:56 INFO    Barriendo Rentas.cl (rentas_cl)…
18:28:58 DEBUG   [rentas_cl] 1 avisos vía json-ld
18:28:58 INFO      rentas_cl: 1 avisos en 2s
18:28:58 INFO    Barriendo Arriendos.cl (arriendos_cl)…
18:28:59 DEBUG   [accesoinmobiliario] 1 avisos vía tarjetas
18:28:59 INFO      arriendos_cl: 0 avisos en 1s
18:28:59 INFO    Barriendo Propiedades.cl (propiedades_cl)…
18:29:00 DEBUG   [propiedades_cl] 6 avisos vía tarjetas
18:29:00 INFO      propiedades_cl: 6 avisos en 1s
18:29:00 INFO    Barriendo Clasificados.cl (clasificados_cl)…
18:29:02 DEBUG   [accesoinmobiliario] 1 avisos vía tarjetas
18:29:03 DEBUG   [clasificados_cl] 1 avisos vía tarjetas
18:29:03 INFO      clasificados_cl: 1 avisos en 3s
18:29:06 DEBUG   La red no quedó en silencio en https://houm.com/cl/arriendo-departamento-región-metropolitana/ñuñoa/174379; se lee igual
18:29:06 DEBUG   [houm] 1 avisos vía estado-embebido
18:29:14 DEBUG   La red no quedó en silencio en https://houm.com/cl/arriendo-departamento-región-metropolitana/recoleta/178185; se lee igual
18:29:14 DEBUG   [houm] 1 avisos vía estado-embebido
18:29:17 DEBUG   [goplaceit] 30 avisos vía json-ld
18:29:20 DEBUG   [accesoinmobiliario] 1 avisos vía tarjetas
18:29:20 INFO      accesoinmobiliario: 20 avisos en 38s
18:29:23 DEBUG   La red no quedó en silencio en https://houm.com/cl/arriendo-departamento-región-metropolitana/las-condes/177842; se lee igual
18:29:23 DEBUG   [houm] 1 avisos vía estado-embebido
18:29:30 DEBUG   La red no quedó en silencio en https://houm.com/cl/arriendo-departamento-región-metropolitana/recoleta/176958; se lee igual
18:29:30 DEBUG   [houm] 1 avisos vía estado-embebido
18:29:38 DEBUG   La red no quedó en silencio en https://houm.com/cl/arriendo-departamento-región-metropolitana/recoleta/90462; se lee igual
18:29:38 DEBUG   [houm] 1 avisos vía estado-embebido
18:29:38 INFO      houm: 36 avisos en 85s
18:29:46 INFO      goplaceit: 90 avisos en 116s
18:29:46 INFO    Total crudo: 793 avisos
18:29:46 INFO    Después de deduplicar: 498
18:29:46 INFO    Pasaron los filtros: 71
18:30:26 DEBUG   [economicos] 1 avisos vía tarjetas
18:30:28 DEBUG   [doomos] 18 avisos vía tarjetas
18:30:28 DEBUG   Ficha de YVT22 sin candidato propio; no se fusiona
18:30:29 DEBUG   Ficha de HW5MX sin candidato propio; no se fusiona
18:30:29 DEBUG   [economicos] 1 avisos vía tarjetas
18:30:31 DEBUG   [economicos] 1 avisos vía tarjetas
18:30:33 DEBUG   [economicos] 1 avisos vía tarjetas
18:30:35 DEBUG   [economicos] 1 avisos vía tarjetas
18:30:35 DEBUG   [doomos] 27 avisos vía tarjetas
18:30:35 DEBUG   Ficha de U44VT sin candidato propio; no se fusiona
18:30:37 DEBUG   [economicos] 1 avisos vía tarjetas
18:30:37 DEBUG   [doomos] 27 avisos vía tarjetas
18:30:37 DEBUG   Ficha de 2HWEW sin candidato propio; no se fusiona
18:30:39 DEBUG   [doomos] 27 avisos vía tarjetas
18:30:39 DEBUG   Ficha de ZWNAN sin candidato propio; no se fusiona
18:30:39 DEBUG   [economicos] 1 avisos vía tarjetas
18:30:41 DEBUG   [economicos] 1 avisos vía tarjetas
18:30:41 DEBUG   Ficha de XEC3Z sin candidato propio; no se fusiona
18:30:43 DEBUG   [economicos] 1 avisos vía tarjetas
18:30:44 WARNING Se pasó del tiempo al abrir http://GG.CC (Error); se lee lo que alcanzó a llegar
18:30:49 DEBUG   [toctoc] 1 avisos vía estado-embebido
18:30:50 DEBUG   [busconido] 10 avisos vía tarjetas
18:30:50 DEBUG   Ficha de G3TB7 sin candidato propio; no se fusiona
18:30:54 DEBUG   Pin del mapa para V8TB6: -33.38046, -70.53581
18:30:54 DEBUG   [toctoc] 1 avisos vía estado-embebido
18:30:58 DEBUG   [engelvoelkers] 1 avisos vía json-ld
18:30:58 DEBUG   [economicos] 1 avisos vía tarjetas
18:30:58 INFO    Enriquecido y descartado: S84GC (arriendo de $3.108.725 sobre el máximo negociable de $1.904.000)
18:31:02 DEBUG   [toctoc] 1 avisos vía estado-embebido
18:31:02 INFO    Enriquecido y descartado: E366M (arriendo de $2.000.000 sobre el máximo negociable de $1.904.000)
18:31:03 DEBUG   [busconido] 11 avisos vía tarjetas
18:31:03 DEBUG   Ficha de KFNP8 sin candidato propio; no se fusiona
18:31:05 DEBUG   [busconido] 11 avisos vía tarjetas
18:31:05 DEBUG   Ficha de SNSSE sin candidato propio; no se fusiona
18:31:09 DEBUG   Pin del mapa para 2CV94: -33.40143, -70.58206
18:31:09 DEBUG   [toctoc] 1 avisos vía estado-embebido
18:31:09 INFO    Enriquecido y descartado: NBFJR (arriendo de $3.065.533 sobre el máximo negociable de $1.904.000)
18:31:13 DEBUG   Pin del mapa para 7DDFW: -33.39704, -70.58926
18:31:13 DEBUG   [toctoc] 1 avisos vía estado-embebido
18:31:13 INFO    Enriquecido y descartado: XX76M (arriendo de $3.678.639 sobre el máximo negociable de $1.904.000)
18:31:18 DEBUG   Pin del mapa para RR676: -33.40632, -70.59601
18:31:18 DEBUG   [toctoc] 1 avisos vía estado-embebido
18:31:18 INFO    Enriquecido y descartado: KRW5G (33 años (construido en 1993), sobre el máximo de 30)
18:31:22 DEBUG   Pin del mapa para E4WAD: -33.39546, -70.59965
18:31:22 DEBUG   [toctoc] 1 avisos vía estado-embebido
18:31:22 INFO    Enriquecido y descartado: TVY5S (arriendo de $3.474.270 sobre el máximo negociable de $1.904.000)
18:31:27 DEBUG   Pin del mapa para 6JZTZ: -33.40602, -70.59617
18:31:27 DEBUG   [toctoc] 1 avisos vía estado-embebido
18:31:27 INFO    Enriquecido y descartado: T3P3G (arriendo de $3.600.000 sobre el máximo negociable de $1.904.000)
18:31:31 DEBUG   Pin del mapa para TWM7T: -33.36858, -70.54374
18:31:31 DEBUG   [toctoc] 1 avisos vía estado-embebido
18:31:31 INFO    Enriquecido y descartado: VM5YC (arriendo de $3.883.008 sobre el máximo negociable de $1.904.000)
18:31:31 DEBUG   [economicos] 1 avisos vía tarjetas
18:31:36 DEBUG   Pin del mapa para 4CECN: -33.40143, -70.58206
18:31:36 DEBUG   [toctoc] 1 avisos vía estado-embebido
18:31:36 INFO    Enriquecido y descartado: M6CQA (34 años (construido en 1992), sobre el máximo de 30)
18:31:40 DEBUG   Pin del mapa para CSV7D: -33.40591, -70.59624
18:31:40 DEBUG   [toctoc] 1 avisos vía estado-embebido
18:31:40 INFO    Enriquecido y descartado: CHMX5 (arriendo de $2.900.000 sobre el máximo negociable de $1.904.000)
18:31:45 DEBUG   Pin del mapa para QJRRW: -33.39747, -70.57429
18:31:45 DEBUG   [toctoc] 1 avisos vía estado-embebido
18:31:45 INFO    Enriquecido y descartado: 2E849 (arriendo de $3.065.533 sobre el máximo negociable de $1.904.000)
18:31:45 DEBUG   [busconido] 11 avisos vía tarjetas
18:31:45 DEBUG   Ficha de TBZHC sin candidato propio; no se fusiona
18:31:47 DEBUG   [busconido] 11 avisos vía tarjetas
18:31:47 DEBUG   Ficha de PMUN4 sin candidato propio; no se fusiona
18:31:49 DEBUG   [busconido] 11 avisos vía tarjetas
18:31:49 DEBUG   Ficha de H6FN7 sin candidato propio; no se fusiona
18:31:50 DEBUG   [doomos] 18 avisos vía tarjetas
18:31:50 DEBUG   Ficha de J5JN4 sin candidato propio; no se fusiona
18:31:54 DEBUG   [toctoc] 1 avisos vía estado-embebido
18:31:59 DEBUG   [doomos] 27 avisos vía tarjetas
18:31:59 DEBUG   Ficha de P8XMT sin candidato propio; no se fusiona
18:32:00 DEBUG   [mitula] 3 avisos vía tarjetas
18:32:05 DEBUG   [toctoc] 1 avisos vía estado-embebido
18:32:09 DEBUG   [toctoc] 1 avisos vía estado-embebido
18:32:18 DEBUG   [toctoc] 1 avisos vía estado-embebido
18:32:18 DEBUG   [chilepropiedades] 2 avisos vía json-ld
18:32:22 DEBUG   [toctoc] 1 avisos vía estado-embebido
18:32:27 INFO    Enriquecido y descartado: 75BRH (arriendo de $2.931.142 sobre el máximo negociable de $1.904.000)
18:32:31 DEBUG   [toctoc] 1 avisos vía estado-embebido
18:32:32 INFO    Enriquecido y descartado: MM5R4 (arriendo de $3.678.639 sobre el máximo negociable de $1.904.000)
18:32:56 INFO    Enriquecido y descartado: 75BRH (arriendo de $2.149.504 sobre el máximo negociable de $1.904.000)
18:33:05 DEBUG   [toctoc] 1 avisos vía estado-embebido
18:33:09 INFO    Enriquecido y descartado: 75BRH (arriendo de $1.954.095 sobre el máximo negociable de $1.904.000)
18:33:27 DEBUG   [toctoc] 1 avisos vía estado-embebido
18:33:31 DEBUG   [toctoc] 1 avisos vía estado-embebido
18:33:31 INFO    Enriquecido y descartado: Y3JDK (arriendo de $3.678.639 sobre el máximo negociable de $1.904.000)
18:33:40 INFO    Enriquecido y descartado: 75BRH (arriendo de $4.299.009 sobre el máximo negociable de $1.904.000)
18:33:44 DEBUG   [toctoc] 1 avisos vía estado-embebido
18:33:44 INFO    Enriquecido y descartado: 479XJ (arriendo de $3.392.523 sobre el máximo negociable de $1.904.000)
18:33:49 DEBUG   [toctoc] 1 avisos vía estado-embebido
18:33:58 DEBUG   [toctoc] 1 avisos vía estado-embebido
18:33:58 INFO    Enriquecido y descartado: C7YR9 (arriendo de $2.125.436 sobre el máximo negociable de $1.904.000)
18:33:58 INFO    Fichas leídas: 71 — 4 ganaron el año, 11 la dirección; 19 se descartaron al verlas (2 por viejos)
18:33:58 DEBUG   Libreta: tabancura 1623 1804 se construyó en 2009 (toctoc)
18:34:02 DEBUG   [engelvoelkers] 1 avisos vía json-ld
18:34:06 DEBUG   [toctoc] 1 avisos vía estado-embebido
18:34:08 INFO    Listo: 2 avisados de 52 candidatos
