17:48:17 INFO    UF = $41.065.38 (API del día)
17:48:17 INFO    Barriendo TocToc (toctoc)…
17:48:17 INFO    Barriendo Chilepropiedades (chilepropiedades)…
17:48:17 INFO    Barriendo GoPlaceIt (goplaceit)…
17:48:17 INFO    Barriendo Yapo (yapo)…
17:48:18 WARNING https://www.yapo.cl/bienes-raices-alquiler-apartamentos/region-metropolitana-vitacura respondió 403
17:48:18 INFO    [yapo] https://www.yapo.cl/bienes-raices-alquiler-apartamentos/region-metropolitana-vitacura rebotó al GET; se reintenta con navegador
17:48:18 DEBUG   [chilepropiedades] 10 avisos vía tarjetas
17:48:20 DEBUG   [chilepropiedades] 10 avisos vía tarjetas
17:48:22 DEBUG   [chilepropiedades] 10 avisos vía tarjetas
17:48:22 INFO      chilepropiedades: 30 avisos en 4s
17:48:22 INFO    Barriendo BuscoNido (busconido)…
17:48:23 DEBUG   [busconido] 23 avisos vía tarjetas
17:48:23 INFO      busconido: 23 avisos en 1s
17:48:23 INFO    Barriendo BienesOnline (bienesonline)…
17:48:23 DEBUG   [bienesonline] 12 avisos vía tarjetas
17:48:23 INFO      bienesonline: 12 avisos en 1s
17:48:23 INFO    Barriendo Economicos (El Mercurio) (economicos)…
17:48:24 DEBUG   [economicos] 20 avisos vía tarjetas
17:48:25 DEBUG   La red no quedó en silencio en https://www.yapo.cl/bienes-raices-alquiler-apartamentos/region-metropolitana-vitacura; se lee igual
17:48:25 INFO      yapo: 0 avisos en 7s
17:48:25 INFO    Barriendo iCasas (icasas)…
17:48:25 DEBUG   La red no quedó en silencio en https://www.toctoc.com/arriendo/departamento/metropolitana/vitacura/3-dormitorios; se lee igual
17:48:25 DEBUG   [toctoc] 20 avisos vía json-ld
17:48:26 DEBUG   [economicos] 18 avisos vía tarjetas
17:48:26 DEBUG   [icasas] 15 avisos vía tarjetas
17:48:27 DEBUG   [icasas] 15 avisos vía tarjetas
17:48:27 INFO      icasas: 30 avisos en 3s
17:48:27 INFO    Barriendo Doomos (doomos)…
17:48:28 DEBUG   [economicos] 13 avisos vía tarjetas
17:48:28 INFO      economicos: 51 avisos en 4s
17:48:28 INFO    Barriendo Top Propiedades (toppropiedades)…
17:48:28 DEBUG   [goplaceit] 30 avisos vía json-ld
17:48:31 DEBUG   [toppropiedades] 1 avisos vía json-ld
17:48:32 DEBUG   [doomos] 33 avisos vía tarjetas
17:48:32 INFO      doomos: 33 avisos en 4s
17:48:32 INFO    Barriendo Nuroa (nuroa)…
17:48:32 DEBUG   [toctoc] 20 avisos vía json-ld
17:48:32 DEBUG   Encoding detection: ascii is most likely the one.
17:48:33 DEBUG   [nuroa] 25 avisos vía json-ld
17:48:33 DEBUG   [toppropiedades] 1 avisos vía json-ld
17:48:35 DEBUG   [nuroa] 25 avisos vía json-ld
17:48:35 DEBUG   [toppropiedades] 1 avisos vía json-ld
17:48:37 DEBUG   [nuroa] 25 avisos vía json-ld
17:48:37 DEBUG   [toppropiedades] 1 avisos vía json-ld
17:48:39 DEBUG   [nuroa] 25 avisos vía json-ld
17:48:39 INFO      nuroa: 100 avisos en 7s
17:48:39 INFO    Barriendo Mitula (mitula)…
17:48:39 DEBUG   La red no quedó en silencio en https://www.toctoc.com/arriendo/departamento/metropolitana/vitacura/3-dormitorios?pagina=3; se lee igual
17:48:39 DEBUG   [toppropiedades] 1 avisos vía json-ld
17:48:40 DEBUG   [toctoc] 20 avisos vía json-ld
17:48:41 DEBUG   [mitula] 30 avisos vía json-ld
17:48:41 DEBUG   [toppropiedades] 1 avisos vía json-ld
17:48:42 DEBUG   [mitula] 30 avisos vía json-ld
17:48:43 INFO      mitula: 60 avisos en 4s
17:48:43 INFO    Barriendo Houm (houm)…
17:48:44 DEBUG   [toppropiedades] 1 avisos vía json-ld
17:48:46 DEBUG   [toppropiedades] 1 avisos vía json-ld
17:48:46 INFO      toppropiedades: 8 avisos en 18s
17:48:46 INFO    Barriendo Hey! Homes (heyhomes)…
17:48:47 DEBUG   La red no quedó en silencio en https://www.toctoc.com/arriendo/departamento/metropolitana/vitacura/4-dormitorios; se lee igual
17:48:47 DEBUG   [toctoc] 20 avisos vía json-ld
17:48:48 DEBUG   [heyhomes] 9 avisos vía tarjetas
17:48:48 INFO      heyhomes: 9 avisos en 3s
17:48:48 INFO    Barriendo Engel & Völkers (engelvoelkers)…
17:48:51 DEBUG   La red no quedó en silencio en https://houm.com/cl/arriendo-departamentos-region-metropolitana/vitacura/3-dormitorios; se lee igual
17:48:51 DEBUG   [houm] 28 avisos vía json-ld
17:48:54 DEBUG   [engelvoelkers] 16 avisos vía tarjetas
17:48:54 INFO      engelvoelkers: 16 avisos en 6s
17:48:54 INFO    Barriendo RE/MAX Chile (remax)…
17:48:56 DEBUG   [toctoc] 15 avisos vía json-ld
17:49:02 INFO      remax: 0 avisos en 8s
17:49:02 INFO    Barriendo Fuenzalida Propiedades (fuenzalida)…
17:49:03 DEBUG   La red no quedó en silencio en https://houm.com/cl/arriendo-departamento-región-metropolitana/las-condes/170742; se lee igual
17:49:03 DEBUG   [houm] 1 avisos vía estado-embebido
17:49:06 DEBUG   [goplaceit] 30 avisos vía json-ld
17:49:07 DEBUG   [fuenzalida] 16 avisos vía tarjetas
17:49:08 DEBUG   [toctoc] 20 avisos vía json-ld
17:49:08 INFO      toctoc: 115 avisos en 50s
17:49:08 INFO    Barriendo Century 21 Chile (century21)…
17:49:09 INFO      century21: 0 avisos en 2s
17:49:09 INFO    Barriendo Property Partners (propertypartners)…
17:49:10 DEBUG   [propertypartners] 1 avisos vía tarjetas
17:49:10 INFO      propertypartners: 1 avisos en 0s
17:49:10 INFO    Barriendo Acceso Inmobiliario (accesoinmobiliario)…
17:49:11 DEBUG   [fuenzalida] 20 avisos vía tarjetas
17:49:13 DEBUG   [accesoinmobiliario] 16 avisos vía tarjetas
17:49:13 DEBUG   La red no quedó en silencio en https://houm.com/cl/arriendo-departamento-región-metropolitana/lo-barnechea/74201; se lee igual
17:49:13 DEBUG   [houm] 1 avisos vía estado-embebido
17:49:14 DEBUG   [fuenzalida] 20 avisos vía tarjetas
17:49:14 INFO      fuenzalida: 56 avisos en 12s
17:49:14 INFO    Barriendo Magnolia Property (magnoliaproperty)…
17:49:15 DEBUG   [accesoinmobiliario] 1 avisos vía tarjetas
17:49:15 DEBUG   [magnoliaproperty] 6 avisos vía tarjetas
17:49:15 INFO      magnoliaproperty: 6 avisos en 1s
17:49:15 INFO    Barriendo Portilla Propiedades (portillapropiedades)…
17:49:16 DEBUG   [portillapropiedades] 2 avisos vía tarjetas
17:49:16 INFO      portillapropiedades: 2 avisos en 1s
17:49:16 INFO    Barriendo Nativo Propiedades (nativopropiedades)…
17:49:16 DEBUG   [nativopropiedades] 10 avisos vía tarjetas
17:49:16 INFO      nativopropiedades: 10 avisos en 1s
17:49:16 INFO    Barriendo Enlace Inmobiliario (enlaceinmobiliario)…
17:49:17 WARNING https://www.enlaceinmobiliario.cl/ respondió 403
17:49:17 INFO    [enlaceinmobiliario] https://www.enlaceinmobiliario.cl/ rebotó al GET; se reintenta con navegador
17:49:19 DEBUG   [accesoinmobiliario] 1 avisos vía tarjetas
17:49:22 DEBUG   La red no quedó en silencio en https://houm.com/cl/arriendo-departamento-región-metropolitana/recoleta/179872; se lee igual
17:49:22 DEBUG   [houm] 1 avisos vía estado-embebido
17:49:25 DEBUG   La red no quedó en silencio en https://www.enlaceinmobiliario.cl/; se lee igual
17:49:25 INFO      enlaceinmobiliario: 0 avisos en 9s
17:49:25 INFO    Barriendo Rentas.cl (rentas_cl)…
17:49:27 DEBUG   [accesoinmobiliario] 1 avisos vía tarjetas
17:49:27 DEBUG   [rentas_cl] 1 avisos vía json-ld
17:49:27 INFO      rentas_cl: 1 avisos en 2s
17:49:27 INFO    Barriendo Arriendos.cl (arriendos_cl)…
17:49:28 INFO      arriendos_cl: 0 avisos en 1s
17:49:28 INFO    Barriendo Propiedades.cl (propiedades_cl)…
17:49:29 DEBUG   [propiedades_cl] 6 avisos vía tarjetas
17:49:29 INFO      propiedades_cl: 6 avisos en 1s
17:49:29 INFO    Barriendo Clasificados.cl (clasificados_cl)…
17:49:32 DEBUG   [clasificados_cl] 1 avisos vía tarjetas
17:49:32 INFO      clasificados_cl: 1 avisos en 3s
17:49:33 DEBUG   La red no quedó en silencio en https://houm.com/cl/arriendo-departamento-región-metropolitana/recoleta/178185; se lee igual
17:49:33 DEBUG   [houm] 1 avisos vía estado-embebido
17:49:33 DEBUG   [accesoinmobiliario] 1 avisos vía tarjetas
17:49:40 DEBUG   La red no quedó en silencio en https://houm.com/cl/arriendo-departamento-región-metropolitana/recoleta/176207; se lee igual
17:49:41 DEBUG   [houm] 1 avisos vía estado-embebido
17:49:42 DEBUG   [accesoinmobiliario] 1 avisos vía tarjetas
17:49:45 DEBUG   [goplaceit] 30 avisos vía json-ld
17:49:49 DEBUG   La red no quedó en silencio en https://houm.com/cl/arriendo-departamento-región-metropolitana/las-condes/177842; se lee igual
17:49:49 DEBUG   [houm] 1 avisos vía estado-embebido
17:49:56 DEBUG   [accesoinmobiliario] 1 avisos vía tarjetas
17:49:56 INFO      accesoinmobiliario: 22 avisos en 46s
17:49:57 DEBUG   La red no quedó en silencio en https://houm.com/cl/arriendo-departamento-región-metropolitana/recoleta/176958; se lee igual
17:49:58 DEBUG   [houm] 1 avisos vía estado-embebido
17:50:05 DEBUG   La red no quedó en silencio en https://houm.com/cl/arriendo-departamento-región-metropolitana/recoleta/90462; se lee igual
17:50:05 DEBUG   [houm] 1 avisos vía estado-embebido
17:50:05 INFO      houm: 36 avisos en 82s
17:50:11 INFO      goplaceit: 90 avisos en 114s
17:50:11 INFO    Total crudo: 718 avisos
17:50:11 INFO    Después de deduplicar: 532
17:50:12 INFO    Pasaron los filtros: 70
17:50:12 INFO    Ubicados en el mapa: 1 (con 1 consultas nuevas)
17:50:27 DEBUG   [economicos] 1 avisos vía tarjetas
17:50:47 WARNING Error en https://www.doomos.cl/de/1465886_arriendo-departamento-en-av-kennedy-vitacura.html (intento 1/3): HTTPSConnectionPool(host='www.doomos.cl', port=443): Read timed out. (read timeout=20)
17:50:58 DEBUG   [doomos] 18 avisos vía tarjetas
17:50:58 DEBUG   Ficha de YVT22 sin candidato propio; no se fusiona
17:50:59 DEBUG   Ficha de HW5MX sin candidato propio; no se fusiona
17:50:59 DEBUG   [economicos] 1 avisos vía tarjetas
17:51:01 DEBUG   [economicos] 1 avisos vía tarjetas
17:51:03 DEBUG   [economicos] 1 avisos vía tarjetas
17:51:05 DEBUG   [economicos] 1 avisos vía tarjetas
17:51:07 DEBUG   [economicos] 1 avisos vía tarjetas
17:51:09 DEBUG   [economicos] 1 avisos vía tarjetas
17:51:29 WARNING Error en https://www.doomos.cl/de/2168986_lindo-y-acogedor-depto-vista-despejada-vitacura.html (intento 1/3): HTTPSConnectionPool(host='www.doomos.cl', port=443): Read timed out. (read timeout=20)
17:51:51 WARNING Error en https://www.doomos.cl/de/2168986_lindo-y-acogedor-depto-vista-despejada-vitacura.html (intento 2/3): HTTPSConnectionPool(host='www.doomos.cl', port=443): Read timed out. (read timeout=20)
17:52:11 DEBUG   [doomos] 27 avisos vía tarjetas
17:52:11 DEBUG   Ficha de U44VT sin candidato propio; no se fusiona
17:52:31 WARNING Error en https://www.doomos.cl/de/1379469_vitacura-depto-amoblado-3-dorm-2-banos-ser-y-estar.html (intento 1/3): HTTPSConnectionPool(host='www.doomos.cl', port=443): Read timed out. (read timeout=20)
17:52:53 WARNING Error en https://www.doomos.cl/de/1379469_vitacura-depto-amoblado-3-dorm-2-banos-ser-y-estar.html (intento 2/3): HTTPSConnectionPool(host='www.doomos.cl', port=443): Read timed out. (read timeout=20)
17:53:13 DEBUG   [doomos] 27 avisos vía tarjetas
17:53:13 DEBUG   Ficha de KNAE9 sin candidato propio; no se fusiona
17:53:27 DEBUG   [doomos] 27 avisos vía tarjetas
17:53:27 DEBUG   Ficha de PR3QK sin candidato propio; no se fusiona
17:53:39 DEBUG   [doomos] 27 avisos vía tarjetas
17:53:39 DEBUG   Ficha de 2HWEW sin candidato propio; no se fusiona
17:53:39 DEBUG   [economicos] 1 avisos vía tarjetas
17:53:44 DEBUG   [doomos] 27 avisos vía tarjetas
17:53:44 DEBUG   Ficha de ZWNAN sin candidato propio; no se fusiona
17:53:48 DEBUG   [economicos] 1 avisos vía tarjetas
17:53:50 DEBUG   [economicos] 1 avisos vía tarjetas
17:53:50 DEBUG   Ficha de XEC3Z sin candidato propio; no se fusiona
17:53:52 DEBUG   [economicos] 1 avisos vía tarjetas
17:53:54 DEBUG   Pin del mapa para AFJWT: -33.32867, -71.64506
17:53:54 DEBUG   [accesoinmobiliario] 1 avisos vía tarjetas
17:53:54 INFO    Enriquecido y descartado: AFJWT (a 100.8 km del ancla, demasiado lejos para estar en la zona (y el aviso no dice la comuna))
17:53:57 DEBUG   [toctoc] 1 avisos vía estado-embebido
17:53:58 DEBUG   [busconido] 11 avisos vía tarjetas
17:53:58 DEBUG   Ficha de PEFRY sin candidato propio; no se fusiona
17:54:00 DEBUG   [busconido] 10 avisos vía tarjetas
17:54:00 DEBUG   Ficha de G8RYE sin candidato propio; no se fusiona
17:54:02 DEBUG   [busconido] 10 avisos vía tarjetas
17:54:02 DEBUG   Ficha de 5QRMA sin candidato propio; no se fusiona
17:54:04 DEBUG   [busconido] 10 avisos vía tarjetas
17:54:04 DEBUG   Ficha de 8MNYE sin candidato propio; no se fusiona
17:54:06 DEBUG   [busconido] 11 avisos vía tarjetas
17:54:06 DEBUG   Ficha de 6YUHY sin candidato propio; no se fusiona
17:54:07 DEBUG   [doomos] 27 avisos vía tarjetas
17:54:08 DEBUG   Ficha de FQ6XQ sin candidato propio; no se fusiona
17:54:08 DEBUG   [busconido] 10 avisos vía tarjetas
17:54:08 DEBUG   Ficha de HGG77 sin candidato propio; no se fusiona
17:54:10 DEBUG   [busconido] 10 avisos vía tarjetas
17:54:10 DEBUG   Ficha de U8U6G sin candidato propio; no se fusiona
17:54:14 DEBUG   [toctoc] 1 avisos vía estado-embebido
17:54:14 DEBUG   [economicos] 1 avisos vía tarjetas
17:54:14 INFO    Enriquecido y descartado: S84GC (arriendo de $3.108.725 sobre el máximo negociable de $1.904.000)
17:54:17 INFO    Enriquecido y descartado: YAVJA (arriendo de $3.517.371 sobre el máximo negociable de $1.904.000)
17:54:17 DEBUG   [economicos] 1 avisos vía tarjetas
17:54:25 INFO    Enriquecido y descartado: CC2AY (arriendo de $2.032.258 sobre el máximo negociable de $1.904.000)
17:54:25 DEBUG   [busconido] 10 avisos vía tarjetas
17:54:25 DEBUG   Ficha de AJ8FF sin candidato propio; no se fusiona
17:54:27 DEBUG   [busconido] 11 avisos vía tarjetas
17:54:27 DEBUG   Ficha de VQADQ sin candidato propio; no se fusiona
17:54:38 DEBUG   [doomos] 18 avisos vía tarjetas
17:54:38 DEBUG   Ficha de J5JN4 sin candidato propio; no se fusiona
17:54:41 DEBUG   [toctoc] 1 avisos vía estado-embebido
17:54:48 DEBUG   [engelvoelkers] 1 avisos vía json-ld
17:55:12 WARNING Error en https://www.doomos.cl/de/2168989_estupendo-depto-excelente-ubicacion-vitacura.html (intento 1/3): HTTPSConnectionPool(host='www.doomos.cl', port=443): Read timed out. (read timeout=20)
17:55:21 DEBUG   [doomos] 27 avisos vía tarjetas
17:55:21 DEBUG   Ficha de P8XMT sin candidato propio; no se fusiona
17:55:25 DEBUG   [toctoc] 1 avisos vía estado-embebido
17:55:25 DEBUG   [chilepropiedades] 2 avisos vía json-ld
17:55:29 DEBUG   [toctoc] 1 avisos vía estado-embebido
17:55:33 DEBUG   [mitula] 3 avisos vía tarjetas
17:55:38 DEBUG   [toctoc] 1 avisos vía estado-embebido
17:55:41 DEBUG   [toctoc] 1 avisos vía estado-embebido
17:56:04 INFO    Enriquecido y descartado: 75BRH (arriendo de $2.149.504 sobre el máximo negociable de $1.904.000)
17:56:08 INFO    Enriquecido y descartado: 75BRH (arriendo de $1.954.095 sobre el máximo negociable de $1.904.000)
17:56:22 DEBUG   [toctoc] 1 avisos vía estado-embebido
17:56:25 WARNING robots.txt no permite https://www.nuroa.cl/adform/10342-912-3e9b-1a0e30e-bd4c-4f30fb45531b-7a22?click_type=0&pos=14&searchType=1&page=1&section=1&t_sec=1&sectionType=1&pageViewId=4c55f9a2-95a1-47cc-b106-ef82e708c824&t_pvid=4c55f9a2-95a1-47cc-b106-ef82e708c824&userAgent=Mozilla%2F5.0+%28compatible%3B+radar-arriendos%2F1.0%3B+uso+personal%2C+busqueda+de+arriendo%3B+%2Bhttps%3A%2F%2Fgithub.com%2Falfonsoandona%2Farriendos-vitacura%29&browser=1&isHuman=true&userIp=48.217.25.154&what=vitacura+departamento&search_terms=vitacura+departamento&origin=1&t_or=1&splitTestId=0 — se omite
17:56:25 WARNING robots.txt no permite https://www.nuroa.cl/adform/10342-912-e7f8-1a0a016-97e0-4460cb69457-7a3c?click_type=0&pos=20&searchType=1&page=3&section=1&t_sec=1&sectionType=1&pageViewId=82f25d7b-fec2-4f5d-b5fe-3fa24caa5573&t_pvid=82f25d7b-fec2-4f5d-b5fe-3fa24caa5573&userAgent=Mozilla%2F5.0+%28compatible%3B+radar-arriendos%2F1.0%3B+uso+personal%2C+busqueda+de+arriendo%3B+%2Bhttps%3A%2F%2Fgithub.com%2Falfonsoandona%2Farriendos-vitacura%29&browser=1&isHuman=true&userIp=48.217.25.154&what=vitacura+departamento&search_terms=vitacura+departamento&origin=1&t_or=1&splitTestId=0 — se omite
17:56:29 DEBUG   [toctoc] 1 avisos vía estado-embebido
17:56:33 INFO    Enriquecido y descartado: 75BRH (arriendo de $4.299.009 sobre el máximo negociable de $1.904.000)
17:56:36 INFO    Fichas leídas: 70 — 2 ganaron el año, 1 la dirección; 7 se descartaron al verlas (0 por viejos)
17:56:37 INFO    Listo: 0 avisados de 63 candidatos
