12:33:55 INFO    UF = $40.860.60 (API del día)
12:33:55 INFO    Barriendo TocToc (toctoc)…
12:33:55 INFO    Barriendo Chilepropiedades (chilepropiedades)…
12:33:55 INFO    Barriendo GoPlaceIt (goplaceit)…
12:33:55 INFO    Barriendo Yapo (yapo)…
12:33:55 DEBUG   [chilepropiedades] 11 avisos vía tarjetas
12:33:56 DEBUG   [yapo] 30 avisos vía tarjetas
12:33:57 DEBUG   [chilepropiedades] 11 avisos vía tarjetas
12:33:58 DEBUG   [yapo] 30 avisos vía tarjetas
12:33:59 DEBUG   [chilepropiedades] 11 avisos vía tarjetas
12:33:59 INFO      chilepropiedades: 33 avisos en 4s
12:33:59 INFO    Barriendo BuscoNido (busconido)…
12:34:00 INFO      busconido: 0 avisos en 1s
12:34:00 INFO    Barriendo ComunaVitacura.cl (comunavitacura)…
12:34:00 DEBUG   [yapo] 30 avisos vía tarjetas
12:34:00 INFO      yapo: 90 avisos en 6s
12:34:00 INFO    Barriendo BienesOnline (bienesonline)…
12:34:01 DEBUG   [bienesonline] 18 avisos vía tarjetas
12:34:01 INFO      bienesonline: 18 avisos en 1s
12:34:01 INFO    Barriendo Economicos (El Mercurio) (economicos)…
12:34:02 INFO      comunavitacura: 0 avisos en 2s
12:34:02 INFO    Barriendo iCasas (icasas)…
12:34:02 WARNING https://www.economicos.cl/search/propiedades/vitacura/arriendo/departamento/0 respondió 403
12:34:02 INFO    [economicos] https://www.economicos.cl/search/propiedades/vitacura/arriendo/departamento/0 rebotó al GET; se reintenta con navegador
12:34:02 DEBUG   [icasas] 15 avisos vía tarjetas
12:34:05 DEBUG   [icasas] 15 avisos vía tarjetas
12:34:05 INFO      icasas: 30 avisos en 3s
12:34:05 INFO    Barriendo Doomos (doomos)…
12:34:06 DEBUG   La red no quedó en silencio en https://www.goplaceit.com/cl/departamento/arriendo/comuna/306-vitacura; se lee igual
12:34:06 INFO      goplaceit: 0 avisos en 12s
12:34:06 INFO    Barriendo Top Propiedades (toppropiedades)…
12:34:07 DEBUG   [doomos] 31 avisos vía tarjetas
12:34:07 INFO      doomos: 31 avisos en 2s
12:34:07 INFO    Barriendo Trovit (trovit)…
12:34:07 INFO      economicos: 0 avisos en 6s
12:34:07 INFO    Barriendo Nuroa (nuroa)…
12:34:08 DEBUG   Encoding detection: ascii is most likely the one.
12:34:09 DEBUG   [trovit] 30 avisos vía json-ld
12:34:09 DEBUG   [nuroa] 25 avisos vía json-ld
12:34:10 DEBUG   [toppropiedades] 1 avisos vía json-ld
12:34:11 DEBUG   [trovit] 30 avisos vía json-ld
12:34:11 DEBUG   [nuroa] 25 avisos vía json-ld
12:34:11 INFO      nuroa: 50 avisos en 4s
12:34:11 INFO    Barriendo Mitula (mitula)…
12:34:12 DEBUG   [toppropiedades] 1 avisos vía json-ld
12:34:13 DEBUG   [trovit] 30 avisos vía json-ld
12:34:13 INFO      trovit: 90 avisos en 6s
12:34:13 INFO    Barriendo Nestoria (nestoria)…
12:34:14 DEBUG   [mitula] 30 avisos vía json-ld
12:34:14 DEBUG   [toppropiedades] 1 avisos vía json-ld
12:34:15 DEBUG   [mitula] 30 avisos vía json-ld
12:34:15 INFO      mitula: 60 avisos en 4s
12:34:15 INFO    Barriendo Houm (houm)…
12:34:15 DEBUG   [nestoria] 25 avisos vía json-ld
12:34:15 INFO      nestoria: 25 avisos en 2s
12:34:15 INFO    Barriendo Hey! Homes (heyhomes)…
12:34:16 DEBUG   [toppropiedades] 1 avisos vía json-ld
12:34:18 DEBUG   [toppropiedades] 1 avisos vía json-ld
12:34:18 DEBUG   [heyhomes] 9 avisos vía tarjetas
12:34:18 INFO      heyhomes: 9 avisos en 3s
12:34:18 INFO    Barriendo AssetPlan (assetplan)…
12:34:20 DEBUG   [toppropiedades] 1 avisos vía json-ld
12:34:22 DEBUG   [toppropiedades] 1 avisos vía json-ld
12:34:22 DEBUG   La red no quedó en silencio en https://houm.com/cl/arriendo-departamentos-region-metropolitana/vitacura/3-dormitorios; se lee igual
12:34:22 DEBUG   [houm] 28 avisos vía json-ld
12:34:24 DEBUG   [toppropiedades] 1 avisos vía json-ld
12:34:24 INFO      toppropiedades: 8 avisos en 18s
12:34:24 INFO    Barriendo Engel & Völkers (engelvoelkers)…
12:34:26 INFO      assetplan: 0 avisos en 8s
12:34:26 INFO    Barriendo RE/MAX Chile (remax)…
12:34:29 WARNING [toctoc] https://www.toctoc.com/arriendo/departamento/metropolitana/vitacura/3-dormitorios falló: Page.goto: Timeout 30000ms exceeded.
Call log:
  - navigating to "https://www.toctoc.com/arriendo/departamento/metropolitana/vitacura/3-dormitorios", waiting until "domcontentloaded"

12:34:33 DEBUG   La red no quedó en silencio en https://houm.com/cl/arriendo-departamento-región-metropolitana/las-condes/170742; se lee igual
12:34:34 DEBUG   [houm] 1 avisos vía estado-embebido
12:34:38 INFO      remax: 0 avisos en 11s
12:34:38 INFO    Barriendo Fuenzalida Propiedades (fuenzalida)…
12:34:40 DEBUG   [toctoc] 106 avisos vía estado-embebido
12:34:41 DEBUG   [fuenzalida] 20 avisos vía tarjetas
12:34:42 DEBUG   [engelvoelkers] 16 avisos vía tarjetas
12:34:42 INFO      engelvoelkers: 16 avisos en 18s
12:34:42 INFO    Barriendo Century 21 Chile (century21)…
12:34:43 INFO      century21: 0 avisos en 1s
12:34:43 INFO    Barriendo Property Partners (propertypartners)…
12:34:43 DEBUG   [propertypartners] 1 avisos vía tarjetas
12:34:43 INFO      propertypartners: 1 avisos en 0s
12:34:43 INFO    Barriendo Acceso Inmobiliario (accesoinmobiliario)…
12:34:44 DEBUG   [fuenzalida] 20 avisos vía tarjetas
12:34:46 DEBUG   [fuenzalida] 20 avisos vía tarjetas
12:34:46 INFO      fuenzalida: 60 avisos en 9s
12:34:46 INFO    Barriendo Magnolia Property (magnoliaproperty)…
12:34:47 DEBUG   [magnoliaproperty] 8 avisos vía tarjetas
12:34:47 INFO      magnoliaproperty: 8 avisos en 0s
12:34:47 INFO    Barriendo Portilla Propiedades (portillapropiedades)…
12:34:47 DEBUG   La red no quedó en silencio en https://houm.com/cl/arriendo-departamento-región-metropolitana/las-condes/175757; se lee igual
12:34:47 DEBUG   [portillapropiedades] 2 avisos vía tarjetas
12:34:47 INFO      portillapropiedades: 2 avisos en 1s
12:34:47 INFO    Barriendo Nativo Propiedades (nativopropiedades)…
12:34:47 DEBUG   [houm] 1 avisos vía estado-embebido
12:34:48 DEBUG   [nativopropiedades] 7 avisos vía tarjetas
12:34:48 INFO      nativopropiedades: 7 avisos en 1s
12:34:48 INFO    Barriendo Zenta Group (zentagroup)…
12:34:48 INFO      zentagroup: 0 avisos en 1s
12:34:48 INFO    Barriendo Enlace Inmobiliario (enlaceinmobiliario)…
12:34:48 WARNING https://www.enlaceinmobiliario.cl/ respondió 403
12:34:48 INFO    [enlaceinmobiliario] https://www.enlaceinmobiliario.cl/ rebotó al GET; se reintenta con navegador
12:34:50 DEBUG   [accesoinmobiliario] 16 avisos vía tarjetas
12:34:57 DEBUG   La red no quedó en silencio en https://houm.com/cl/arriendo-departamento-región-metropolitana/ñuñoa/176912; se lee igual
12:34:57 DEBUG   [houm] 1 avisos vía estado-embebido
12:35:00 INFO      enlaceinmobiliario: 0 avisos en 12s
12:35:00 INFO    Barriendo Rentas.cl (rentas_cl)…
12:35:02 DEBUG   [rentas_cl] 1 avisos vía json-ld
12:35:02 INFO      rentas_cl: 1 avisos en 2s
12:35:02 INFO    Barriendo Arriendos.cl (arriendos_cl)…
12:35:03 INFO      arriendos_cl: 0 avisos en 1s
12:35:03 INFO    Barriendo Propiedades.cl (propiedades_cl)…
12:35:03 DEBUG   [propiedades_cl] 6 avisos vía tarjetas
12:35:03 INFO      propiedades_cl: 6 avisos en 1s
12:35:03 INFO    Barriendo Clasificados.cl (clasificados_cl)…
12:35:05 DEBUG   [clasificados_cl] 1 avisos vía tarjetas
12:35:05 INFO      clasificados_cl: 1 avisos en 2s
12:35:09 DEBUG   [toctoc] 106 avisos vía estado-embebido
12:35:10 DEBUG   La red no quedó en silencio en https://houm.com/cl/arriendo-departamento-región-metropolitana/ñuñoa/174379; se lee igual
12:35:10 DEBUG   [houm] 1 avisos vía estado-embebido
12:35:18 DEBUG   La red no quedó en silencio en https://houm.com/cl/arriendo-departamento-región-metropolitana/recoleta/176958; se lee igual
12:35:18 DEBUG   [houm] 1 avisos vía estado-embebido
12:35:19 DEBUG   [toctoc] 106 avisos vía estado-embebido
12:35:19 WARNING   toctoc: Page.goto: Timeout 30000ms exceeded.
Call log:
  - navigating to "https://www.toctoc.com/arriendo/departamento/metropolitana/vitacura/3-dormitorios", waiting un
12:35:19 INFO      toctoc: 318 avisos en 85s
12:35:20 DEBUG   [accesoinmobiliario] 1 avisos vía tarjetas
12:35:22 DEBUG   [accesoinmobiliario] 1 avisos vía tarjetas
12:35:25 INFO      accesoinmobiliario: 18 avisos en 42s
12:35:25 DEBUG   La red no quedó en silencio en https://houm.com/cl/arriendo-departamento-región-metropolitana/recoleta/90462; se lee igual
12:35:26 DEBUG   [houm] 1 avisos vía estado-embebido
12:35:33 DEBUG   La red no quedó en silencio en https://houm.com/cl/arriendo-departamento-región-metropolitana/recoleta/177459; se lee igual
12:35:33 DEBUG   [houm] 1 avisos vía estado-embebido
12:35:40 DEBUG   La red no quedó en silencio en https://houm.com/cl/arriendo-departamento-región-metropolitana/independencia/167934; se lee igual
12:35:40 DEBUG   [houm] 1 avisos vía estado-embebido
12:35:40 INFO      houm: 36 avisos en 85s
12:35:40 INFO    Total crudo: 918 avisos
12:35:40 INFO    Después de deduplicar: 433
12:35:40 INFO    Pasaron los filtros: 49
12:35:44 DEBUG   [doomos] 24 avisos vía tarjetas
12:35:44 DEBUG   Ficha de YVT22 sin candidato propio; no se fusiona
12:35:45 DEBUG   [doomos] 32 avisos vía tarjetas
12:35:45 DEBUG   Ficha de U44VT sin candidato propio; no se fusiona
12:35:47 DEBUG   [doomos] 33 avisos vía tarjetas
12:35:47 DEBUG   Ficha de ZWNAN sin candidato propio; no se fusiona
12:35:50 DEBUG   [doomos] 33 avisos vía tarjetas
12:35:50 DEBUG   Ficha de 2HWEW sin candidato propio; no se fusiona
12:35:51 DEBUG   Pin del mapa para Q5KA6: -33.39825, -70.57415
12:35:51 DEBUG   [magnoliaproperty] 2 avisos vía tarjetas
12:35:51 DEBUG   Ficha de Q5KA6 sin candidato propio; no se fusiona
12:35:51 DEBUG   [chilepropiedades] 1 avisos vía tarjetas
12:35:55 DEBUG   [engelvoelkers] 1 avisos vía json-ld
12:35:55 INFO    Enriquecido y descartado: VJ3BP (arriendo de $2.533.357 sobre el máximo negociable de $1.904.000)
12:35:55 WARNING https://www.bienesonline.cl/es/chile/llanquihue/propiedad/42585-campo-917-ha-valle-cochamo-x-region respondió 404
12:36:02 DEBUG   [toctoc] 1 avisos vía estado-embebido
12:36:08 DEBUG   [toctoc] 1 avisos vía estado-embebido
12:36:08 DEBUG   [chilepropiedades] 2 avisos vía json-ld
12:36:09 DEBUG   [mitula] 3 avisos vía tarjetas
12:36:10 DEBUG   [chilepropiedades] 2 avisos vía json-ld
12:36:15 DEBUG   [toctoc] 1 avisos vía estado-embebido
12:36:19 DEBUG   [engelvoelkers] 1 avisos vía json-ld
12:36:20 DEBUG   [yapo] 2 avisos vía json-ld
12:36:21 DEBUG   [doomos] 33 avisos vía tarjetas
12:36:21 DEBUG   Ficha de RUEW5 sin candidato propio; no se fusiona
12:36:23 DEBUG   [doomos] 33 avisos vía tarjetas
12:36:23 DEBUG   Ficha de 9YX2Z sin candidato propio; no se fusiona
12:36:28 DEBUG   [toctoc] 1 avisos vía estado-embebido
12:36:32 DEBUG   [engelvoelkers] 1 avisos vía json-ld
12:36:34 DEBUG   [doomos] 33 avisos vía tarjetas
12:36:34 DEBUG   Ficha de EXF5X sin candidato propio; no se fusiona
12:36:37 DEBUG   [doomos] 33 avisos vía tarjetas
12:36:37 DEBUG   Ficha de DJVBS sin candidato propio; no se fusiona
12:36:40 DEBUG   [engelvoelkers] 1 avisos vía json-ld
12:36:46 DEBUG   [toctoc] 1 avisos vía estado-embebido
12:36:47 DEBUG   [doomos] 26 avisos vía tarjetas
12:36:47 DEBUG   Ficha de RSD5Q sin candidato propio; no se fusiona
12:36:50 DEBUG   [doomos] 24 avisos vía tarjetas
12:36:50 DEBUG   Ficha de MS6R6 sin candidato propio; no se fusiona
12:36:50 DEBUG   [mitula] 3 avisos vía tarjetas
12:36:50 INFO    Fichas leídas: 45 — 3 ganaron el año, 0 la dirección; 1 se descartaron al verlas (0 por viejos)
12:36:53 DEBUG   [doomos] 33 avisos vía tarjetas
12:36:53 DEBUG   Ficha de 2HWEW sin candidato propio; no se fusiona
12:36:56 INFO    Listo: 4 avisados de 48 candidatos
