21:21:05 INFO    UF = $41.106.35 (API del día)
21:21:05 INFO    Barriendo TocToc (toctoc)…
21:21:05 INFO    Barriendo Chilepropiedades (chilepropiedades)…
21:21:05 INFO    Barriendo GoPlaceIt (goplaceit)…
21:21:05 INFO    Barriendo Yapo (yapo)…
21:21:05 WARNING https://www.yapo.cl/bienes-raices-alquiler-apartamentos/region-metropolitana-vitacura respondió 403
21:21:05 INFO    [yapo] https://www.yapo.cl/bienes-raices-alquiler-apartamentos/region-metropolitana-vitacura rebotó al GET; se reintenta con navegador
21:21:06 DEBUG   [chilepropiedades] 10 avisos vía tarjetas
21:21:08 DEBUG   [chilepropiedades] 10 avisos vía tarjetas
21:21:10 DEBUG   [chilepropiedades] 10 avisos vía tarjetas
21:21:10 INFO      chilepropiedades: 30 avisos en 5s
21:21:10 INFO    Barriendo BuscoNido (busconido)…
21:21:10 DEBUG   [goplaceit] 30 avisos vía json-ld
21:21:10 DEBUG   [busconido] 23 avisos vía tarjetas
21:21:10 INFO      busconido: 23 avisos en 1s
21:21:10 INFO    Barriendo BienesOnline (bienesonline)…
21:21:12 DEBUG   [bienesonline] 13 avisos vía tarjetas
21:21:12 INFO      bienesonline: 13 avisos en 1s
21:21:12 INFO    Barriendo Economicos (El Mercurio) (economicos)…
21:21:12 WARNING https://www.economicos.cl/search/propiedades/vitacura/arriendo/departamento/0 respondió 403
21:21:12 INFO    [economicos] https://www.economicos.cl/search/propiedades/vitacura/arriendo/departamento/0 rebotó al GET; se reintenta con navegador
21:21:15 DEBUG   La red no quedó en silencio en https://www.toctoc.com/arriendo/departamento/metropolitana/vitacura/3-dormitorios; se lee igual
21:21:15 DEBUG   [toctoc] 20 avisos vía json-ld
21:21:17 DEBUG   La red no quedó en silencio en https://www.yapo.cl/bienes-raices-alquiler-apartamentos/region-metropolitana-vitacura; se lee igual
21:21:17 INFO      yapo: 0 avisos en 12s
21:21:17 INFO    Barriendo iCasas (icasas)…
21:21:17 DEBUG   [icasas] 15 avisos vía tarjetas
21:21:18 INFO      economicos: 0 avisos en 7s
21:21:18 INFO    Barriendo Doomos (doomos)…
21:21:18 WARNING https://www.doomos.cl/departamentos-vitacura-arriendo respondió 403
21:21:18 INFO    [doomos] https://www.doomos.cl/departamentos-vitacura-arriendo rebotó al GET; se reintenta con navegador
21:21:19 DEBUG   [icasas] 15 avisos vía tarjetas
21:21:19 INFO      icasas: 30 avisos en 2s
21:21:19 INFO    Barriendo Top Propiedades (toppropiedades)…
21:21:20 INFO      doomos: 0 avisos en 2s
21:21:20 INFO    Barriendo Nuroa (nuroa)…
21:21:21 DEBUG   Encoding detection: ascii is most likely the one.
21:21:22 DEBUG   [nuroa] 25 avisos vía json-ld
21:21:23 DEBUG   [toppropiedades] 1 avisos vía json-ld
21:21:24 DEBUG   [nuroa] 25 avisos vía json-ld
21:21:25 DEBUG   [toppropiedades] 1 avisos vía json-ld
21:21:26 DEBUG   La red no quedó en silencio en https://www.toctoc.com/arriendo/departamento/metropolitana/vitacura/3-dormitorios?pagina=2; se lee igual
21:21:26 DEBUG   [nuroa] 25 avisos vía json-ld
21:21:27 DEBUG   [toctoc] 20 avisos vía json-ld
21:21:27 DEBUG   [toppropiedades] 1 avisos vía json-ld
21:21:28 DEBUG   [nuroa] 25 avisos vía json-ld
21:21:28 INFO      nuroa: 100 avisos en 8s
21:21:28 INFO    Barriendo Mitula (mitula)…
21:21:29 DEBUG   [toppropiedades] 1 avisos vía json-ld
21:21:31 DEBUG   [mitula] 30 avisos vía json-ld
21:21:31 DEBUG   [toppropiedades] 1 avisos vía json-ld
21:21:33 DEBUG   [mitula] 30 avisos vía json-ld
21:21:33 INFO      mitula: 60 avisos en 5s
21:21:33 INFO    Barriendo Houm (houm)…
21:21:33 DEBUG   [toppropiedades] 1 avisos vía json-ld
21:21:34 DEBUG   La red no quedó en silencio en https://www.toctoc.com/arriendo/departamento/metropolitana/vitacura/3-dormitorios?pagina=3; se lee igual
21:21:35 DEBUG   [toctoc] 14 avisos vía json-ld
21:21:35 DEBUG   [toppropiedades] 1 avisos vía json-ld
21:21:37 DEBUG   [toppropiedades] 1 avisos vía json-ld
21:21:37 INFO      toppropiedades: 8 avisos en 18s
21:21:37 INFO    Barriendo Hey! Homes (heyhomes)…
21:21:40 DEBUG   [heyhomes] 9 avisos vía tarjetas
21:21:40 INFO      heyhomes: 9 avisos en 3s
21:21:40 INFO    Barriendo Engel & Völkers (engelvoelkers)…
21:21:42 DEBUG   La red no quedó en silencio en https://houm.com/cl/arriendo-departamentos-region-metropolitana/vitacura/3-dormitorios; se lee igual
21:21:42 DEBUG   [houm] 28 avisos vía json-ld
21:21:44 DEBUG   La red no quedó en silencio en https://www.toctoc.com/arriendo/departamento/metropolitana/vitacura/4-dormitorios; se lee igual
21:21:45 DEBUG   [toctoc] 20 avisos vía json-ld
21:21:49 DEBUG   [engelvoelkers] 16 avisos vía tarjetas
21:21:49 INFO      engelvoelkers: 16 avisos en 9s
21:21:49 INFO    Barriendo RE/MAX Chile (remax)…
21:21:54 DEBUG   La red no quedó en silencio en https://houm.com/cl/arriendo-departamento-región-metropolitana/las-condes/170742; se lee igual
21:21:54 DEBUG   [houm] 1 avisos vía estado-embebido
21:21:55 DEBUG   [toctoc] 13 avisos vía json-ld
21:21:56 DEBUG   [goplaceit] 30 avisos vía json-ld
21:21:59 INFO      remax: 0 avisos en 10s
21:21:59 INFO    Barriendo Fuenzalida Propiedades (fuenzalida)…
21:22:04 DEBUG   La red no quedó en silencio en https://houm.com/cl/arriendo-departamento-región-metropolitana/providencia/181498; se lee igual
21:22:04 DEBUG   [houm] 1 avisos vía estado-embebido
21:22:06 DEBUG   La red no quedó en silencio en https://www.toctoc.com/arriendo/departamento/metropolitana/vitacura/4-dormitorios?pagina=3; se lee igual
21:22:06 DEBUG   [fuenzalida] 16 avisos vía tarjetas
21:22:07 DEBUG   [toctoc] 20 avisos vía json-ld
21:22:07 INFO      toctoc: 107 avisos en 62s
21:22:07 INFO    Barriendo Century 21 Chile (century21)…
21:22:08 INFO      century21: 0 avisos en 1s
21:22:08 INFO    Barriendo Property Partners (propertypartners)…
21:22:08 DEBUG   [propertypartners] 1 avisos vía tarjetas
21:22:08 INFO      propertypartners: 1 avisos en 0s
21:22:08 INFO    Barriendo Acceso Inmobiliario (accesoinmobiliario)…
21:22:13 DEBUG   [fuenzalida] 20 avisos vía tarjetas
21:22:14 DEBUG   La red no quedó en silencio en https://houm.com/cl/arriendo-departamento-región-metropolitana/lo-barnechea/74201; se lee igual
21:22:14 DEBUG   [houm] 1 avisos vía estado-embebido
21:22:15 DEBUG   [accesoinmobiliario] 14 avisos vía tarjetas
21:22:20 DEBUG   [fuenzalida] 20 avisos vía tarjetas
21:22:20 INFO      fuenzalida: 56 avisos en 21s
21:22:20 INFO    Barriendo Magnolia Property (magnoliaproperty)…
21:22:20 DEBUG   [magnoliaproperty] 6 avisos vía tarjetas
21:22:20 INFO      magnoliaproperty: 6 avisos en 0s
21:22:20 INFO    Barriendo Portilla Propiedades (portillapropiedades)…
21:22:21 INFO      accesoinmobiliario: 14 avisos en 12s
21:22:21 INFO    Barriendo Nativo Propiedades (nativopropiedades)…
21:22:21 DEBUG   [portillapropiedades] 2 avisos vía tarjetas
21:22:21 INFO      portillapropiedades: 2 avisos en 1s
21:22:21 INFO    Barriendo Enlace Inmobiliario (enlaceinmobiliario)…
21:22:21 WARNING https://www.enlaceinmobiliario.cl/ respondió 403
21:22:21 INFO    [enlaceinmobiliario] https://www.enlaceinmobiliario.cl/ rebotó al GET; se reintenta con navegador
21:22:21 DEBUG   [nativopropiedades] 10 avisos vía tarjetas
21:22:21 INFO      nativopropiedades: 10 avisos en 1s
21:22:21 INFO    Barriendo Rentas.cl (rentas_cl)…
21:22:22 DEBUG   La red no quedó en silencio en https://houm.com/cl/arriendo-departamento-región-metropolitana/recoleta/179872; se lee igual
21:22:22 DEBUG   [houm] 1 avisos vía estado-embebido
21:22:28 DEBUG   [rentas_cl] 1 avisos vía json-ld
21:22:28 INFO      rentas_cl: 1 avisos en 6s
21:22:28 INFO    Barriendo Arriendos.cl (arriendos_cl)…
21:22:29 DEBUG   La red no quedó en silencio en https://www.enlaceinmobiliario.cl/; se lee igual
21:22:29 INFO      enlaceinmobiliario: 0 avisos en 8s
21:22:29 INFO    Barriendo Propiedades.cl (propiedades_cl)…
21:22:29 DEBUG   [arriendos_cl] 1 avisos vía tarjetas
21:22:29 INFO      arriendos_cl: 1 avisos en 1s
21:22:29 INFO    Barriendo Clasificados.cl (clasificados_cl)…
21:22:29 DEBUG   [propiedades_cl] 6 avisos vía tarjetas
21:22:29 INFO      propiedades_cl: 6 avisos en 0s
21:22:32 DEBUG   La red no quedó en silencio en https://houm.com/cl/arriendo-departamento-región-metropolitana/recoleta/178185; se lee igual
21:22:32 DEBUG   [houm] 1 avisos vía estado-embebido
21:22:32 DEBUG   [clasificados_cl] 1 avisos vía tarjetas
21:22:32 INFO      clasificados_cl: 1 avisos en 3s
21:22:38 DEBUG   [goplaceit] 30 avisos vía json-ld
21:22:40 DEBUG   La red no quedó en silencio en https://houm.com/cl/arriendo-departamento-región-metropolitana/recoleta/176207; se lee igual
21:22:40 DEBUG   [houm] 1 avisos vía estado-embebido
21:22:47 DEBUG   La red no quedó en silencio en https://houm.com/cl/arriendo-departamento-región-metropolitana/las-condes/177842; se lee igual
21:22:48 DEBUG   [houm] 1 avisos vía estado-embebido
21:22:55 DEBUG   La red no quedó en silencio en https://houm.com/cl/arriendo-departamento-región-metropolitana/recoleta/176958; se lee igual
21:22:55 DEBUG   [houm] 1 avisos vía estado-embebido
21:22:55 INFO      houm: 36 avisos en 82s
21:23:01 INFO      goplaceit: 90 avisos en 116s
21:23:01 INFO    Total crudo: 620 avisos
21:23:01 INFO    Después de deduplicar: 438
21:23:02 INFO    Pasaron los filtros: 53
21:23:26 DEBUG   Ficha de HW5MX sin candidato propio; no se fusiona
21:23:32 DEBUG   [toctoc] 1 avisos vía estado-embebido
21:23:32 DEBUG   [busconido] 11 avisos vía tarjetas
21:23:32 DEBUG   Ficha de 4K2C6 sin candidato propio; no se fusiona
21:23:34 DEBUG   [busconido] 10 avisos vía tarjetas
21:23:34 DEBUG   Ficha de NB7M5 sin candidato propio; no se fusiona
21:23:36 DEBUG   [busconido] 10 avisos vía tarjetas
21:23:36 DEBUG   Ficha de 6669H sin candidato propio; no se fusiona
21:23:38 DEBUG   [busconido] 10 avisos vía tarjetas
21:23:38 DEBUG   Ficha de 73MWF sin candidato propio; no se fusiona
21:23:43 DEBUG   [toctoc] 1 avisos vía estado-embebido
21:23:44 DEBUG   [busconido] 11 avisos vía tarjetas
21:23:44 DEBUG   Ficha de V78NS sin candidato propio; no se fusiona
21:23:46 DEBUG   [busconido] 11 avisos vía tarjetas
21:23:46 DEBUG   Ficha de HTQWF sin candidato propio; no se fusiona
21:23:48 DEBUG   [busconido] 11 avisos vía tarjetas
21:23:48 DEBUG   Ficha de XQBMA sin candidato propio; no se fusiona
21:23:50 DEBUG   [busconido] 10 avisos vía tarjetas
21:23:50 DEBUG   Ficha de KWJ84 sin candidato propio; no se fusiona
21:23:52 DEBUG   [busconido] 10 avisos vía tarjetas
21:23:52 DEBUG   Ficha de 4TBZ6 sin candidato propio; no se fusiona
21:23:54 DEBUG   [busconido] 10 avisos vía tarjetas
21:23:54 DEBUG   Ficha de HAZYC sin candidato propio; no se fusiona
21:23:56 DEBUG   [busconido] 11 avisos vía tarjetas
21:23:56 DEBUG   Ficha de P6JRX sin candidato propio; no se fusiona
21:23:59 INFO    Enriquecido y descartado: YAVJA (arriendo de $3.517.371 sobre el máximo negociable de $1.904.000)
21:24:10 INFO    Enriquecido y descartado: CC2AY (arriendo de $2.032.258 sobre el máximo negociable de $1.904.000)
21:24:10 WARNING robots.txt no permite https://www.nuroa.cl/adform/10342-912-101d5-1a0ff48-a45a-2e1434470692-7ad1?click_type=0&pos=22&searchType=1&page=1&section=1&t_sec=1&sectionType=1&pageViewId=d30bdd13-9b9f-47f2-b26a-aaea04002416&t_pvid=d30bdd13-9b9f-47f2-b26a-aaea04002416&userAgent=Mozilla%2F5.0+%28compatible%3B+radar-arriendos%2F1.0%3B+uso+personal%2C+busqueda+de+arriendo%3B+%2Bhttps%3A%2F%2Fgithub.com%2Falfonsoandona%2Farriendos-vitacura%29&browser=1&isHuman=true&userIp=104.209.5.149&what=vitacura+departamento&search_terms=vitacura+departamento&origin=1&t_or=1&splitTestId=0 — se omite
21:24:16 DEBUG   [toctoc] 1 avisos vía estado-embebido
21:24:23 DEBUG   [engelvoelkers] 1 avisos vía json-ld
21:24:32 DEBUG   [toctoc] 1 avisos vía estado-embebido
21:24:37 DEBUG   [toctoc] 1 avisos vía estado-embebido
21:24:43 DEBUG   [toctoc] 1 avisos vía estado-embebido
21:24:48 DEBUG   [toctoc] 1 avisos vía estado-embebido
21:24:53 DEBUG   [toctoc] 1 avisos vía estado-embebido
21:24:56 WARNING robots.txt no permite https://www.nuroa.cl/adform/10342-912-bb8f-1a0f9f6-abb2-77f6c1d45b3f-7ce9?click_type=0&pos=7&searchType=2&page=2&section=1&t_sec=1&sectionType=1&pageViewId=970fcb1c-eee5-4f94-89ad-5560334a2d74&t_pvid=970fcb1c-eee5-4f94-89ad-5560334a2d74&userAgent=Mozilla%2F5.0+%28compatible%3B+radar-arriendos%2F1.0%3B+uso+personal%2C+busqueda+de+arriendo%3B+%2Bhttps%3A%2F%2Fgithub.com%2Falfonsoandona%2Farriendos-vitacura%29&browser=1&isHuman=true&userIp=104.209.5.149&what=vitacura+departamento&search_terms=vitacura+departamento&origin=1&t_or=1&splitTestId=0 — se omite
21:25:02 DEBUG   [toctoc] 1 avisos vía estado-embebido
21:25:07 DEBUG   [toctoc] 1 avisos vía estado-embebido
21:25:07 DEBUG   [magnoliaproperty] 2 avisos vía tarjetas
21:25:07 INFO    Enriquecido y descartado: SY6C4 (arriendo de $3.699.571 sobre el máximo negociable de $1.904.000)
21:25:29 INFO    Enriquecido y descartado: 75BRH (arriendo de $1.954.095 sobre el máximo negociable de $1.904.000)
21:25:45 DEBUG   [toctoc] 1 avisos vía estado-embebido
21:25:48 WARNING robots.txt no permite https://www.nuroa.cl/adform/10342-912-3e9b-1a0e30e-bd4c-4f30fb45531b-7a22?click_type=0&pos=3&searchType=1&page=2&section=1&t_sec=1&sectionType=1&pageViewId=970fcb1c-eee5-4f94-89ad-5560334a2d74&t_pvid=970fcb1c-eee5-4f94-89ad-5560334a2d74&userAgent=Mozilla%2F5.0+%28compatible%3B+radar-arriendos%2F1.0%3B+uso+personal%2C+busqueda+de+arriendo%3B+%2Bhttps%3A%2F%2Fgithub.com%2Falfonsoandona%2Farriendos-vitacura%29&browser=1&isHuman=true&userIp=104.209.5.149&what=vitacura+departamento&search_terms=vitacura+departamento&origin=1&t_or=1&splitTestId=0 — se omite
21:25:48 WARNING robots.txt no permite https://www.nuroa.cl/adform/10342-912-e7f8-1a0a016-97e0-4460cb69457-7a3c?click_type=0&pos=7&searchType=1&page=4&section=1&t_sec=1&sectionType=1&pageViewId=3db568fd-2981-44ff-ae71-b31316035fa5&t_pvid=3db568fd-2981-44ff-ae71-b31316035fa5&userAgent=Mozilla%2F5.0+%28compatible%3B+radar-arriendos%2F1.0%3B+uso+personal%2C+busqueda+de+arriendo%3B+%2Bhttps%3A%2F%2Fgithub.com%2Falfonsoandona%2Farriendos-vitacura%29&browser=1&isHuman=true&userIp=104.209.5.149&what=vitacura+departamento&search_terms=vitacura+departamento&origin=1&t_or=1&splitTestId=0 — se omite
21:25:53 DEBUG   [toctoc] 1 avisos vía estado-embebido
21:25:54 DEBUG   [mitula] 3 avisos vía tarjetas
21:25:58 INFO    Enriquecido y descartado: 75BRH (arriendo de $4.299.009 sobre el máximo negociable de $1.904.000)
21:26:01 INFO    Fichas leídas: 53 — 0 ganaron el año, 0 la dirección; 5 se descartaron al verlas (0 por viejos)
21:26:02 INFO    Listo: 0 avisados de 48 candidatos
