17:21:43 INFO    No se pudo traer la UF del día (ReadTimeout); se usa el respaldo
17:21:43 INFO    UF = $40.863.23 (caché de hace 1 día(s) — la API no respondió)
17:21:43 INFO    Barriendo TocToc (toctoc)…
17:21:43 INFO    Barriendo Chilepropiedades (chilepropiedades)…
17:21:43 INFO    Barriendo GoPlaceIt (goplaceit)…
17:21:43 INFO    Barriendo Yapo (yapo)…
17:21:44 DEBUG   [chilepropiedades] 10 avisos vía tarjetas
17:21:45 DEBUG   [yapo] 30 avisos vía tarjetas
17:21:46 DEBUG   [chilepropiedades] 10 avisos vía tarjetas
17:21:47 DEBUG   [yapo] 30 avisos vía tarjetas
17:21:48 DEBUG   [goplaceit] 30 avisos vía json-ld
17:21:48 DEBUG   [chilepropiedades] 10 avisos vía tarjetas
17:21:48 INFO      chilepropiedades: 30 avisos en 4s
17:21:48 INFO    Barriendo BuscoNido (busconido)…
17:21:49 DEBUG   [busconido] 23 avisos vía tarjetas
17:21:49 INFO      busconido: 23 avisos en 1s
17:21:49 INFO    Barriendo BienesOnline (bienesonline)…
17:21:49 DEBUG   [yapo] 30 avisos vía tarjetas
17:21:49 INFO      yapo: 90 avisos en 6s
17:21:49 INFO    Barriendo Economicos (El Mercurio) (economicos)…
17:21:50 DEBUG   [bienesonline] 15 avisos vía tarjetas
17:21:50 INFO      bienesonline: 15 avisos en 1s
17:21:50 INFO    Barriendo iCasas (icasas)…
17:21:50 DEBUG   [economicos] 20 avisos vía tarjetas
17:21:50 DEBUG   [icasas] 15 avisos vía tarjetas
17:21:52 DEBUG   [icasas] 15 avisos vía tarjetas
17:21:52 INFO      icasas: 30 avisos en 3s
17:21:52 INFO    Barriendo Doomos (doomos)…
17:21:54 DEBUG   [doomos] 31 avisos vía tarjetas
17:21:54 INFO      doomos: 31 avisos en 2s
17:21:54 INFO    Barriendo Top Propiedades (toppropiedades)…
17:21:57 DEBUG   [toctoc] 146 avisos vía estado-embebido
17:21:57 DEBUG   [economicos] 18 avisos vía tarjetas
17:21:58 DEBUG   [toppropiedades] 1 avisos vía json-ld
17:22:00 DEBUG   [toppropiedades] 1 avisos vía json-ld
17:22:02 DEBUG   [toppropiedades] 1 avisos vía json-ld
17:22:02 DEBUG   [economicos] 13 avisos vía tarjetas
17:22:02 INFO      economicos: 51 avisos en 13s
17:22:02 INFO    Barriendo Nuroa (nuroa)…
17:22:03 DEBUG   Encoding detection: ascii is most likely the one.
17:22:04 DEBUG   [nuroa] 25 avisos vía json-ld
17:22:04 DEBUG   [toppropiedades] 1 avisos vía json-ld
17:22:05 DEBUG   [toctoc] 146 avisos vía estado-embebido
17:22:06 DEBUG   [toppropiedades] 1 avisos vía json-ld
17:22:06 DEBUG   [nuroa] 25 avisos vía json-ld
17:22:08 DEBUG   [nuroa] 25 avisos vía json-ld
17:22:08 DEBUG   [toppropiedades] 1 avisos vía json-ld
17:22:10 DEBUG   [nuroa] 25 avisos vía json-ld
17:22:10 DEBUG   [toppropiedades] 1 avisos vía json-ld
17:22:11 INFO      nuroa: 100 avisos en 8s
17:22:11 INFO    Barriendo Mitula (mitula)…
17:22:12 DEBUG   [mitula] 30 avisos vía json-ld
17:22:12 DEBUG   [toppropiedades] 1 avisos vía json-ld
17:22:12 INFO      toppropiedades: 8 avisos en 18s
17:22:12 INFO    Barriendo Houm (houm)…
17:22:14 DEBUG   [mitula] 30 avisos vía json-ld
17:22:14 INFO      mitula: 60 avisos en 4s
17:22:14 INFO    Barriendo Hey! Homes (heyhomes)…
17:22:17 DEBUG   [heyhomes] 9 avisos vía tarjetas
17:22:17 INFO      heyhomes: 9 avisos en 3s
17:22:17 INFO    Barriendo AssetPlan (assetplan)…
17:22:21 DEBUG   La red no quedó en silencio en https://houm.com/cl/arriendo-departamentos-region-metropolitana/vitacura/3-dormitorios; se lee igual
17:22:22 DEBUG   [houm] 28 avisos vía json-ld
17:22:23 DEBUG   [toctoc] 146 avisos vía estado-embebido
17:22:25 DEBUG   [goplaceit] 30 avisos vía json-ld
17:22:32 INFO      assetplan: 0 avisos en 15s
17:22:32 INFO    Barriendo Engel & Völkers (engelvoelkers)…
17:22:33 DEBUG   La red no quedó en silencio en https://houm.com/cl/arriendo-departamento-región-metropolitana/las-condes/170742; se lee igual
17:22:33 DEBUG   [houm] 1 avisos vía estado-embebido
17:22:41 DEBUG   [engelvoelkers] 17 avisos vía tarjetas
17:22:41 INFO      engelvoelkers: 17 avisos en 8s
17:22:41 INFO    Barriendo RE/MAX Chile (remax)…
17:22:47 DEBUG   La red no quedó en silencio en https://houm.com/cl/arriendo-departamento-región-metropolitana/las-condes/175757; se lee igual
17:22:48 DEBUG   [houm] 1 avisos vía estado-embebido
17:22:52 DEBUG   [toctoc] 108 avisos vía estado-embebido
17:22:59 DEBUG   La red no quedó en silencio en https://www.remax.cl/es-cl/busqueda/metropolitana-de-santiago/santiago/vitacura/residencial-departamento/arriendo/; se lee igual
17:22:59 INFO      remax: 0 avisos en 18s
17:22:59 INFO    Barriendo Fuenzalida Propiedades (fuenzalida)…
17:22:59 DEBUG   La red no quedó en silencio en https://houm.com/cl/arriendo-departamento-región-metropolitana/ñuñoa/176912; se lee igual
17:23:00 DEBUG   [houm] 1 avisos vía estado-embebido
17:23:02 DEBUG   [fuenzalida] 12 avisos vía tarjetas
17:23:06 DEBUG   [toctoc] 108 avisos vía estado-embebido
17:23:06 DEBUG   [fuenzalida] 20 avisos vía tarjetas
17:23:10 DEBUG   [fuenzalida] 20 avisos vía tarjetas
17:23:10 INFO      fuenzalida: 52 avisos en 11s
17:23:10 INFO    Barriendo Century 21 Chile (century21)…
17:23:10 DEBUG   La red no quedó en silencio en https://houm.com/cl/arriendo-departamento-región-metropolitana/ñuñoa/174379; se lee igual
17:23:10 DEBUG   [houm] 1 avisos vía estado-embebido
17:23:11 INFO      century21: 0 avisos en 2s
17:23:11 INFO    Barriendo Property Partners (propertypartners)…
17:23:11 DEBUG   [propertypartners] 1 avisos vía tarjetas
17:23:11 INFO      propertypartners: 1 avisos en 0s
17:23:11 INFO    Barriendo Acceso Inmobiliario (accesoinmobiliario)…
17:23:20 DEBUG   [toctoc] 108 avisos vía estado-embebido
17:23:20 INFO      toctoc: 762 avisos en 97s
17:23:20 INFO    Barriendo Magnolia Property (magnoliaproperty)…
17:23:21 DEBUG   [magnoliaproperty] 6 avisos vía tarjetas
17:23:21 INFO      magnoliaproperty: 6 avisos en 1s
17:23:21 INFO    Barriendo Portilla Propiedades (portillapropiedades)…
17:23:21 DEBUG   La red no quedó en silencio en https://houm.com/cl/arriendo-departamento-región-metropolitana/recoleta/176958; se lee igual
17:23:22 DEBUG   [houm] 1 avisos vía estado-embebido
17:23:22 DEBUG   [accesoinmobiliario] 12 avisos vía tarjetas
17:23:22 DEBUG   [portillapropiedades] 2 avisos vía tarjetas
17:23:22 INFO      portillapropiedades: 2 avisos en 1s
17:23:22 INFO    Barriendo Nativo Propiedades (nativopropiedades)…
17:23:23 DEBUG   [nativopropiedades] 7 avisos vía tarjetas
17:23:23 INFO      nativopropiedades: 7 avisos en 1s
17:23:23 INFO    Barriendo Enlace Inmobiliario (enlaceinmobiliario)…
17:23:23 WARNING https://www.enlaceinmobiliario.cl/ respondió 403
17:23:23 INFO    [enlaceinmobiliario] https://www.enlaceinmobiliario.cl/ rebotó al GET; se reintenta con navegador
17:23:29 DEBUG   La red no quedó en silencio en https://houm.com/cl/arriendo-departamento-región-metropolitana/recoleta/90462; se lee igual
17:23:30 DEBUG   [houm] 1 avisos vía estado-embebido
17:23:31 INFO      enlaceinmobiliario: 0 avisos en 8s
17:23:31 INFO    Barriendo Rentas.cl (rentas_cl)…
17:23:32 DEBUG   [goplaceit] 30 avisos vía json-ld
17:23:33 DEBUG   [rentas_cl] 1 avisos vía json-ld
17:23:33 INFO      rentas_cl: 1 avisos en 2s
17:23:33 INFO    Barriendo Arriendos.cl (arriendos_cl)…
17:23:34 INFO      arriendos_cl: 0 avisos en 1s
17:23:34 INFO    Barriendo Propiedades.cl (propiedades_cl)…
17:23:35 DEBUG   [propiedades_cl] 6 avisos vía tarjetas
17:23:35 INFO      propiedades_cl: 6 avisos en 1s
17:23:35 INFO    Barriendo Clasificados.cl (clasificados_cl)…
17:23:37 DEBUG   [clasificados_cl] 1 avisos vía tarjetas
17:23:37 INFO      clasificados_cl: 1 avisos en 2s
17:23:40 DEBUG   [accesoinmobiliario] 1 avisos vía tarjetas
17:23:40 DEBUG   La red no quedó en silencio en https://houm.com/cl/arriendo-departamento-región-metropolitana/recoleta/177459; se lee igual
17:23:40 DEBUG   [houm] 1 avisos vía estado-embebido
17:23:42 DEBUG   [accesoinmobiliario] 1 avisos vía tarjetas
17:23:42 INFO      accesoinmobiliario: 14 avisos en 30s
17:23:49 DEBUG   La red no quedó en silencio en https://houm.com/cl/arriendo-departamento-región-metropolitana/independencia/167934; se lee igual
17:23:49 DEBUG   [houm] 1 avisos vía estado-embebido
17:23:49 INFO      houm: 36 avisos en 97s
17:23:59 INFO      goplaceit: 90 avisos en 135s
17:23:59 INFO    Total crudo: 1442 avisos
17:23:59 INFO    Después de deduplicar: 543
17:24:00 INFO    Pasaron los filtros: 76
17:24:35 DEBUG   [economicos] 1 avisos vía tarjetas
17:24:36 DEBUG   [doomos] 18 avisos vía tarjetas
17:24:36 DEBUG   Ficha de YVT22 sin candidato propio; no se fusiona
17:24:36 DEBUG   Ficha de BYN6Z sin candidato propio; no se fusiona
17:24:37 DEBUG   [economicos] 1 avisos vía tarjetas
17:24:39 DEBUG   [economicos] 1 avisos vía tarjetas
17:24:41 DEBUG   [economicos] 1 avisos vía tarjetas
17:24:43 DEBUG   [economicos] 1 avisos vía tarjetas
17:24:44 DEBUG   [doomos] 26 avisos vía tarjetas
17:24:44 DEBUG   Ficha de U44VT sin candidato propio; no se fusiona
17:24:45 DEBUG   [economicos] 1 avisos vía tarjetas
17:24:46 DEBUG   [doomos] 27 avisos vía tarjetas
17:24:46 DEBUG   Ficha de ZWNAN sin candidato propio; no se fusiona
17:24:48 DEBUG   [doomos] 27 avisos vía tarjetas
17:24:48 DEBUG   Ficha de 2HWEW sin candidato propio; no se fusiona
17:24:48 DEBUG   [economicos] 1 avisos vía tarjetas
17:24:50 DEBUG   [economicos] 1 avisos vía tarjetas
17:24:50 DEBUG   Ficha de XEC3Z sin candidato propio; no se fusiona
17:24:52 DEBUG   [economicos] 1 avisos vía tarjetas
17:24:53 DEBUG   Ficha de KM3V2 sin candidato propio; no se fusiona
17:24:53 DEBUG   [busconido] 11 avisos vía tarjetas
17:24:53 DEBUG   Ficha de 6M7Z8 sin candidato propio; no se fusiona
17:24:54 DEBUG   Pin del mapa para 9GWZB: -33.37923, -70.56906
17:24:55 DEBUG   [yapo] 1 avisos vía json-ld
17:24:55 INFO    Enriquecido y descartado: 9GWZB (46 años (construido en 1980), sobre el máximo de 30)
17:24:55 DEBUG   [busconido] 11 avisos vía tarjetas
17:24:55 DEBUG   Ficha de BFHTK sin candidato propio; no se fusiona
17:24:57 DEBUG   [busconido] 10 avisos vía tarjetas
17:24:57 DEBUG   Ficha de VWVRP sin candidato propio; no se fusiona
17:24:59 DEBUG   [busconido] 10 avisos vía tarjetas
17:24:59 DEBUG   Ficha de 364V9 sin candidato propio; no se fusiona
17:25:01 DEBUG   [busconido] 11 avisos vía tarjetas
17:25:01 DEBUG   Ficha de 96SA3 sin candidato propio; no se fusiona
17:25:07 DEBUG   [toctoc] 1 avisos vía estado-embebido
17:25:08 DEBUG   [busconido] 10 avisos vía tarjetas
17:25:08 DEBUG   Ficha de FUZK5 sin candidato propio; no se fusiona
17:25:10 DEBUG   [busconido] 10 avisos vía tarjetas
17:25:10 DEBUG   Ficha de 577CB sin candidato propio; no se fusiona
17:25:12 DEBUG   [busconido] 10 avisos vía tarjetas
17:25:12 DEBUG   Ficha de DV3NN sin candidato propio; no se fusiona
17:25:14 DEBUG   [busconido] 10 avisos vía tarjetas
17:25:14 DEBUG   Ficha de WGGPF sin candidato propio; no se fusiona
17:25:16 DEBUG   [busconido] 11 avisos vía tarjetas
17:25:16 DEBUG   Ficha de X2JYT sin candidato propio; no se fusiona
17:25:18 DEBUG   [busconido] 11 avisos vía tarjetas
17:25:18 DEBUG   Ficha de 6FNE3 sin candidato propio; no se fusiona
17:25:20 DEBUG   [busconido] 10 avisos vía tarjetas
17:25:20 DEBUG   Ficha de 3VW8K sin candidato propio; no se fusiona
17:25:22 DEBUG   [busconido] 11 avisos vía tarjetas
17:25:22 DEBUG   Ficha de P2FKE sin candidato propio; no se fusiona
17:25:24 DEBUG   [busconido] 11 avisos vía tarjetas
17:25:24 DEBUG   Ficha de ENWMY sin candidato propio; no se fusiona
17:25:24 DEBUG   [economicos] 1 avisos vía tarjetas
17:25:24 INFO    Enriquecido y descartado: S84GC (arriendo de $3.108.725 sobre el máximo negociable de $1.904.000)
17:25:26 DEBUG   [economicos] 1 avisos vía tarjetas
17:25:30 DEBUG   [busconido] 10 avisos vía tarjetas
17:25:30 DEBUG   Ficha de UVQY7 sin candidato propio; no se fusiona
17:25:32 DEBUG   [doomos] 18 avisos vía tarjetas
17:25:32 DEBUG   Ficha de J5JN4 sin candidato propio; no se fusiona
17:25:37 DEBUG   [toctoc] 1 avisos vía estado-embebido
17:25:37 DEBUG   [chilepropiedades] 2 avisos vía json-ld
17:25:42 DEBUG   [toctoc] 1 avisos vía estado-embebido
17:25:47 DEBUG   [doomos] 27 avisos vía tarjetas
17:25:47 DEBUG   Ficha de P8XMT sin candidato propio; no se fusiona
17:25:47 DEBUG   [chilepropiedades] 2 avisos vía json-ld
17:25:52 DEBUG   [toctoc] 1 avisos vía estado-embebido
17:25:56 DEBUG   [toctoc] 1 avisos vía estado-embebido
17:26:03 DEBUG   [toctoc] 1 avisos vía estado-embebido
17:26:07 DEBUG   [toctoc] 1 avisos vía estado-embebido
17:26:13 DEBUG   [toctoc] 1 avisos vía estado-embebido
17:26:21 DEBUG   [toctoc] 1 avisos vía estado-embebido
17:26:25 DEBUG   [toctoc] 1 avisos vía estado-embebido
17:26:25 INFO    Enriquecido y descartado: 5ZREX (39 años (construido en 1987), sobre el máximo de 30)
17:26:25 WARNING robots.txt no permite https://www.nuroa.cl/adform/10342-912-5f3d-19e92d3-bae6-98ff4d8aca01-7f27?click_type=0&pos=19&searchType=1&page=1&section=1&t_sec=1&sectionType=1&pageViewId=d4ada4b7-ecaa-4451-b6a9-7c421bbd8d90&t_pvid=d4ada4b7-ecaa-4451-b6a9-7c421bbd8d90&userAgent=Mozilla%2F5.0+%28compatible%3B+radar-arriendos%2F1.0%3B+uso+personal%2C+busqueda+de+arriendo%3B+%2Bhttps%3A%2F%2Fgithub.com%2Falfonsoandona%2Farriendos-vitacura%29&browser=1&isHuman=true&userIp=135.232.224.80&what=vitacura+departamento&search_terms=vitacura+departamento&origin=1&t_or=1&splitTestId=0 — se omite
17:26:30 DEBUG   [engelvoelkers] 1 avisos vía json-ld
17:26:34 INFO    Enriquecido y descartado: 75BRH (arriendo de $2.931.142 sobre el máximo negociable de $1.904.000)
17:26:58 INFO    Enriquecido y descartado: 75BRH (arriendo de $2.149.504 sobre el máximo negociable de $1.904.000)
17:27:06 INFO    Enriquecido y descartado: 75BRH (arriendo de $1.954.095 sobre el máximo negociable de $1.904.000)
17:27:22 DEBUG   [toctoc] 1 avisos vía estado-embebido
17:27:27 DEBUG   [toctoc] 1 avisos vía estado-embebido
17:27:27 WARNING robots.txt no permite https://www.nuroa.cl/adform/10342-912-ee27-1a01d7c-a7bc-2ba3aed54f3e-81d8?click_type=0&pos=15&searchType=1&page=1&section=1&t_sec=1&sectionType=1&pageViewId=d4ada4b7-ecaa-4451-b6a9-7c421bbd8d90&t_pvid=d4ada4b7-ecaa-4451-b6a9-7c421bbd8d90&userAgent=Mozilla%2F5.0+%28compatible%3B+radar-arriendos%2F1.0%3B+uso+personal%2C+busqueda+de+arriendo%3B+%2Bhttps%3A%2F%2Fgithub.com%2Falfonsoandona%2Farriendos-vitacura%29&browser=1&isHuman=true&userIp=135.232.224.80&what=vitacura+departamento&search_terms=vitacura+departamento&origin=1&t_or=1&splitTestId=0 — se omite
17:27:35 DEBUG   [toctoc] 1 avisos vía estado-embebido
17:27:40 INFO    Enriquecido y descartado: 75BRH (arriendo de $4.611.664 sobre el máximo negociable de $1.904.000)
17:27:45 DEBUG   [mitula] 3 avisos vía tarjetas
17:27:45 INFO    Fichas leídas: 76 — 2 ganaron el año, 1 la dirección; 7 se descartaron al verlas (2 por viejos)
17:27:46 INFO    Listo: 0 avisados de 69 candidatos
