21:45:10 INFO    UF = $41.114.54 (API del día)
21:45:10 INFO    Barriendo TocToc (toctoc)…
21:45:10 INFO    Barriendo Chilepropiedades (chilepropiedades)…
21:45:10 INFO    Barriendo GoPlaceIt (goplaceit)…
21:45:10 INFO    Barriendo Yapo (yapo)…
21:45:10 WARNING https://www.yapo.cl/bienes-raices-alquiler-apartamentos/region-metropolitana-vitacura respondió 403
21:45:10 INFO    [yapo] https://www.yapo.cl/bienes-raices-alquiler-apartamentos/region-metropolitana-vitacura rebotó al GET; se reintenta con navegador
21:45:10 DEBUG   [chilepropiedades] 10 avisos vía tarjetas
21:45:12 DEBUG   [chilepropiedades] 10 avisos vía tarjetas
21:45:14 DEBUG   [chilepropiedades] 10 avisos vía tarjetas
21:45:14 INFO      chilepropiedades: 30 avisos en 5s
21:45:14 INFO    Barriendo BuscoNido (busconido)…
21:45:15 DEBUG   [busconido] 23 avisos vía tarjetas
21:45:15 INFO      busconido: 23 avisos en 1s
21:45:15 INFO    Barriendo BienesOnline (bienesonline)…
21:45:16 DEBUG   [toctoc] 20 avisos vía json-ld
21:45:16 DEBUG   [bienesonline] 13 avisos vía tarjetas
21:45:16 INFO      bienesonline: 13 avisos en 1s
21:45:16 INFO    Barriendo Economicos (El Mercurio) (economicos)…
21:45:16 WARNING https://www.economicos.cl/search/propiedades/vitacura/arriendo/departamento/0 respondió 403
21:45:16 INFO    [economicos] https://www.economicos.cl/search/propiedades/vitacura/arriendo/departamento/0 rebotó al GET; se reintenta con navegador
21:45:17 DEBUG   La red no quedó en silencio en https://www.yapo.cl/bienes-raices-alquiler-apartamentos/region-metropolitana-vitacura; se lee igual
21:45:17 INFO      yapo: 0 avisos en 7s
21:45:17 INFO    Barriendo iCasas (icasas)…
21:45:18 DEBUG   [icasas] 15 avisos vía tarjetas
21:45:18 DEBUG   [goplaceit] 30 avisos vía json-ld
21:45:20 INFO      economicos: 0 avisos en 4s
21:45:20 INFO    Barriendo Doomos (doomos)…
21:45:20 DEBUG   [icasas] 15 avisos vía tarjetas
21:45:20 INFO      icasas: 30 avisos en 3s
21:45:20 INFO    Barriendo Top Propiedades (toppropiedades)…
21:45:24 DEBUG   [toppropiedades] 1 avisos vía json-ld
21:45:24 DEBUG   La red no quedó en silencio en https://www.toctoc.com/arriendo/departamento/metropolitana/vitacura/3-dormitorios?pagina=2; se lee igual
21:45:24 DEBUG   [toctoc] 20 avisos vía json-ld
21:45:26 DEBUG   [toppropiedades] 1 avisos vía json-ld
21:45:28 DEBUG   [toppropiedades] 1 avisos vía json-ld
21:45:30 DEBUG   [toppropiedades] 1 avisos vía json-ld
21:45:31 DEBUG   [toctoc] 19 avisos vía json-ld
21:45:32 DEBUG   [toppropiedades] 1 avisos vía json-ld
21:45:34 DEBUG   [toppropiedades] 1 avisos vía json-ld
21:45:35 DEBUG   [doomos] 32 avisos vía tarjetas
21:45:35 INFO      doomos: 32 avisos en 16s
21:45:35 INFO    Barriendo Nuroa (nuroa)…
21:45:36 DEBUG   [toppropiedades] 1 avisos vía json-ld
21:45:36 DEBUG   Encoding detection: ascii is most likely the one.
21:45:37 DEBUG   [nuroa] 25 avisos vía json-ld
21:45:38 DEBUG   [toppropiedades] 1 avisos vía json-ld
21:45:38 INFO      toppropiedades: 8 avisos en 18s
21:45:38 INFO    Barriendo Mitula (mitula)…
21:45:38 DEBUG   [toctoc] 20 avisos vía json-ld
21:45:39 DEBUG   [nuroa] 25 avisos vía json-ld
21:45:40 DEBUG   [mitula] 30 avisos vía json-ld
21:45:41 DEBUG   [nuroa] 25 avisos vía json-ld
21:45:41 DEBUG   [mitula] 30 avisos vía json-ld
21:45:41 INFO      mitula: 60 avisos en 4s
21:45:41 INFO    Barriendo Houm (houm)…
21:45:43 DEBUG   [nuroa] 25 avisos vía json-ld
21:45:43 INFO      nuroa: 100 avisos en 8s
21:45:43 INFO    Barriendo Hey! Homes (heyhomes)…
21:45:45 DEBUG   La red no quedó en silencio en https://www.toctoc.com/arriendo/departamento/metropolitana/vitacura/4-dormitorios?pagina=2; se lee igual
21:45:45 DEBUG   [heyhomes] 9 avisos vía tarjetas
21:45:45 INFO      heyhomes: 9 avisos en 2s
21:45:45 INFO    Barriendo Engel & Völkers (engelvoelkers)…
21:45:46 DEBUG   [toctoc] 20 avisos vía json-ld
21:45:49 DEBUG   [houm] 28 avisos vía json-ld
21:45:50 DEBUG   [goplaceit] 30 avisos vía json-ld
21:45:53 DEBUG   [engelvoelkers] 18 avisos vía tarjetas
21:45:53 INFO      engelvoelkers: 18 avisos en 8s
21:45:53 INFO    Barriendo RE/MAX Chile (remax)…
21:45:56 DEBUG   [toctoc] 20 avisos vía json-ld
21:45:56 INFO      toctoc: 119 avisos en 47s
21:45:56 INFO    Barriendo Fuenzalida Propiedades (fuenzalida)…
21:45:58 DEBUG   [fuenzalida] 16 avisos vía tarjetas
21:46:01 DEBUG   [fuenzalida] 20 avisos vía tarjetas
21:46:01 DEBUG   La red no quedó en silencio en https://houm.com/cl/arriendo-departamento-región-metropolitana/las-condes/170742; se lee igual
21:46:01 DEBUG   [houm] 1 avisos vía estado-embebido
21:46:03 DEBUG   [fuenzalida] 20 avisos vía tarjetas
21:46:03 INFO      fuenzalida: 56 avisos en 7s
21:46:03 INFO    Barriendo Century 21 Chile (century21)…
21:46:04 INFO      remax: 0 avisos en 10s
21:46:04 INFO    Barriendo Property Partners (propertypartners)…
21:46:04 DEBUG   [propertypartners] 1 avisos vía tarjetas
21:46:04 INFO      propertypartners: 1 avisos en 0s
21:46:04 INFO    Barriendo Acceso Inmobiliario (accesoinmobiliario)…
21:46:05 INFO      century21: 0 avisos en 2s
21:46:05 INFO    Barriendo Magnolia Property (magnoliaproperty)…
21:46:05 DEBUG   [magnoliaproperty] 7 avisos vía tarjetas
21:46:05 INFO      magnoliaproperty: 7 avisos en 1s
21:46:05 INFO    Barriendo Portilla Propiedades (portillapropiedades)…
21:46:06 DEBUG   [portillapropiedades] 2 avisos vía tarjetas
21:46:06 INFO      portillapropiedades: 2 avisos en 1s
21:46:06 INFO    Barriendo Nativo Propiedades (nativopropiedades)…
21:46:07 DEBUG   [nativopropiedades] 10 avisos vía tarjetas
21:46:07 INFO      nativopropiedades: 10 avisos en 1s
21:46:07 INFO    Barriendo Enlace Inmobiliario (enlaceinmobiliario)…
21:46:07 WARNING https://www.enlaceinmobiliario.cl/ respondió 403
21:46:07 INFO    [enlaceinmobiliario] https://www.enlaceinmobiliario.cl/ rebotó al GET; se reintenta con navegador
21:46:08 DEBUG   [accesoinmobiliario] 13 avisos vía tarjetas
21:46:11 DEBUG   La red no quedó en silencio en https://houm.com/cl/arriendo-departamento-región-metropolitana/providencia/181498; se lee igual
21:46:11 DEBUG   [houm] 1 avisos vía estado-embebido
21:46:13 INFO      enlaceinmobiliario: 0 avisos en 6s
21:46:13 INFO    Barriendo Rentas.cl (rentas_cl)…
21:46:15 DEBUG   [rentas_cl] 1 avisos vía json-ld
21:46:15 INFO      rentas_cl: 1 avisos en 2s
21:46:15 INFO    Barriendo Arriendos.cl (arriendos_cl)…
21:46:16 DEBUG   [arriendos_cl] 1 avisos vía tarjetas
21:46:16 INFO      arriendos_cl: 1 avisos en 1s
21:46:16 INFO    Barriendo Propiedades.cl (propiedades_cl)…
21:46:17 DEBUG   [propiedades_cl] 6 avisos vía tarjetas
21:46:17 INFO      propiedades_cl: 6 avisos en 1s
21:46:17 INFO    Barriendo Clasificados.cl (clasificados_cl)…
21:46:20 DEBUG   [clasificados_cl] 1 avisos vía tarjetas
21:46:20 INFO      clasificados_cl: 1 avisos en 3s
21:46:20 DEBUG   La red no quedó en silencio en https://houm.com/cl/arriendo-departamento-región-metropolitana/lo-barnechea/74201; se lee igual
21:46:21 DEBUG   [houm] 1 avisos vía estado-embebido
21:46:27 DEBUG   [accesoinmobiliario] 1 avisos vía tarjetas
21:46:28 DEBUG   La red no quedó en silencio en https://houm.com/cl/arriendo-departamento-región-metropolitana/recoleta/178185; se lee igual
21:46:28 DEBUG   [houm] 1 avisos vía estado-embebido
21:46:31 INFO      accesoinmobiliario: 14 avisos en 27s
21:46:36 DEBUG   [goplaceit] 30 avisos vía json-ld
21:46:38 DEBUG   La red no quedó en silencio en https://houm.com/cl/arriendo-departamento-región-metropolitana/recoleta/176207; se lee igual
21:46:38 DEBUG   [houm] 1 avisos vía estado-embebido
21:46:45 DEBUG   La red no quedó en silencio en https://houm.com/cl/arriendo-departamento-región-metropolitana/las-condes/177842; se lee igual
21:46:45 DEBUG   [houm] 1 avisos vía estado-embebido
21:46:53 DEBUG   La red no quedó en silencio en https://houm.com/cl/arriendo-departamento-región-metropolitana/recoleta/176958; se lee igual
21:46:53 DEBUG   [houm] 1 avisos vía estado-embebido
21:46:59 INFO      goplaceit: 90 avisos en 110s
21:47:00 DEBUG   La red no quedó en silencio en https://houm.com/cl/arriendo-departamento-región-metropolitana/recoleta/90462; se lee igual
21:47:00 DEBUG   [houm] 1 avisos vía estado-embebido
21:47:00 INFO      houm: 36 avisos en 79s
21:47:00 INFO    Total crudo: 667 avisos
21:47:01 INFO    Después de deduplicar: 482
21:47:01 INFO    Pasaron los filtros: 59
21:47:28 WARNING https://www.doomos.cl/de/1465886_arriendo-departamento-en-av-kennedy-vitacura.html respondió 502
21:47:30 DEBUG   Ficha de HW5MX sin candidato propio; no se fusiona
21:47:50 WARNING Error en https://www.doomos.cl/de/2168986_lindo-y-acogedor-depto-vista-despejada-vitacura.html (intento 1/3): HTTPSConnectionPool(host='www.doomos.cl', port=443): Read timed out. (read timeout=20)
21:48:12 WARNING Error en https://www.doomos.cl/de/2168986_lindo-y-acogedor-depto-vista-despejada-vitacura.html (intento 2/3): HTTPSConnectionPool(host='www.doomos.cl', port=443): Read timed out. (read timeout=20)
21:48:36 WARNING Error en https://www.doomos.cl/de/2168986_lindo-y-acogedor-depto-vista-despejada-vitacura.html (intento 3/3): HTTPSConnectionPool(host='www.doomos.cl', port=443): Read timed out. (read timeout=20)
21:48:56 WARNING Error en https://www.doomos.cl/de/1379469_vitacura-depto-amoblado-3-dorm-2-banos-ser-y-estar.html (intento 1/3): HTTPSConnectionPool(host='www.doomos.cl', port=443): Read timed out. (read timeout=20)
21:49:15 DEBUG   [doomos] 27 avisos vía tarjetas
21:49:15 DEBUG   Ficha de KNAE9 sin candidato propio; no se fusiona
21:49:29 DEBUG   [doomos] 27 avisos vía tarjetas
21:49:29 DEBUG   Ficha de PR3QK sin candidato propio; no se fusiona
21:49:42 DEBUG   [doomos] 27 avisos vía tarjetas
21:49:42 DEBUG   Ficha de 2HWEW sin candidato propio; no se fusiona
21:50:01 DEBUG   [doomos] 27 avisos vía tarjetas
21:50:01 DEBUG   Ficha de ZWNAN sin candidato propio; no se fusiona
21:50:05 DEBUG   [toctoc] 1 avisos vía estado-embebido
21:50:12 DEBUG   La red no quedó en silencio en https://www.toctoc.com/arriendo/departamento/metropolitana/vitacura/b_d21332f101fc3601f0a57bdb591df94122859a1c; se lee igual
21:50:12 DEBUG   [toctoc] 1 avisos vía estado-embebido
21:50:16 DEBUG   Pin del mapa para TUGVX: -33.38207, -70.56952
21:50:16 DEBUG   [toctoc] 1 avisos vía estado-embebido
21:50:17 DEBUG   [busconido] 11 avisos vía tarjetas
21:50:17 DEBUG   Ficha de 2FZ6T sin candidato propio; no se fusiona
21:50:37 WARNING Error en https://www.doomos.cl/de/3070749_arriendo-departamento-3hab-3ba-vitacura.html (intento 1/3): HTTPSConnectionPool(host='www.doomos.cl', port=443): Read timed out. (read timeout=20)
21:50:54 DEBUG   [doomos] 27 avisos vía tarjetas
21:50:54 DEBUG   Ficha de FQ6XQ sin candidato propio; no se fusiona
21:50:58 DEBUG   [toctoc] 1 avisos vía estado-embebido
21:51:01 DEBUG   Pin del mapa para 3GV93: -33.37900, -70.56900
21:51:01 DEBUG   [toctoc] 1 avisos vía estado-embebido
21:51:07 DEBUG   Pin del mapa para Z5T7D: -33.37974, -70.56889
21:51:07 DEBUG   [toctoc] 1 avisos vía estado-embebido
21:51:07 INFO    Enriquecido y descartado: MCKG2 (91 m² totales, no llega a más de 100 m²)
21:51:11 DEBUG   [engelvoelkers] 1 avisos vía json-ld
21:51:12 DEBUG   [busconido] 11 avisos vía tarjetas
21:51:12 DEBUG   Ficha de VXPXT sin candidato propio; no se fusiona
21:51:15 INFO    Enriquecido y descartado: YAVJA (arriendo de $3.517.371 sobre el máximo negociable de $1.904.000)
21:51:28 INFO    Enriquecido y descartado: CC2AY (arriendo de $2.032.258 sobre el máximo negociable de $1.904.000)
21:51:48 WARNING Error en https://www.doomos.cl/de/1465886_arriendo-departamento-en-av-kennedy-vitacura.html (intento 1/3): HTTPSConnectionPool(host='www.doomos.cl', port=443): Read timed out. (read timeout=20)
21:52:06 DEBUG   [doomos] 18 avisos vía tarjetas
21:52:06 DEBUG   Ficha de J5JN4 sin candidato propio; no se fusiona
21:52:06 WARNING robots.txt no permite https://www.nuroa.cl/adform/10342-912-101d5-1a0ff48-a45a-2e1434470692-7ad1?click_type=0&pos=1&searchType=1&page=2&section=1&t_sec=1&sectionType=1&pageViewId=0cb6b28c-217f-4a7a-a1ef-fba406b55d2d&t_pvid=0cb6b28c-217f-4a7a-a1ef-fba406b55d2d&userAgent=Mozilla%2F5.0+%28compatible%3B+radar-arriendos%2F1.0%3B+uso+personal%2C+busqueda+de+arriendo%3B+%2Bhttps%3A%2F%2Fgithub.com%2Falfonsoandona%2Farriendos-vitacura%29&browser=1&isHuman=true&userIp=48.214.53.67&what=vitacura+departamento&search_terms=vitacura+departamento&origin=1&t_or=1&splitTestId=0 — se omite
21:52:07 DEBUG   [mitula] 3 avisos vía tarjetas
21:52:18 DEBUG   [engelvoelkers] 1 avisos vía json-ld
21:52:37 DEBUG   [doomos] 27 avisos vía tarjetas
21:52:37 DEBUG   Ficha de P8XMT sin candidato propio; no se fusiona
21:52:42 DEBUG   [toctoc] 1 avisos vía estado-embebido
21:52:46 DEBUG   [toctoc] 1 avisos vía estado-embebido
21:52:50 DEBUG   [toctoc] 1 avisos vía estado-embebido
21:52:54 WARNING robots.txt no permite https://www.nuroa.cl/adform/10342-912-528e-1a0d39b-b6ec-29592751fa14-7dbc?click_type=0&pos=18&searchType=2&page=2&section=1&t_sec=1&sectionType=1&pageViewId=0cb6b28c-217f-4a7a-a1ef-fba406b55d2d&t_pvid=0cb6b28c-217f-4a7a-a1ef-fba406b55d2d&userAgent=Mozilla%2F5.0+%28compatible%3B+radar-arriendos%2F1.0%3B+uso+personal%2C+busqueda+de+arriendo%3B+%2Bhttps%3A%2F%2Fgithub.com%2Falfonsoandona%2Farriendos-vitacura%29&browser=1&isHuman=true&userIp=48.214.53.67&what=vitacura+departamento&search_terms=vitacura+departamento&origin=1&t_or=1&splitTestId=0 — se omite
21:52:57 DEBUG   [toctoc] 1 avisos vía estado-embebido
21:53:01 DEBUG   [toctoc] 1 avisos vía estado-embebido
21:53:05 DEBUG   [toctoc] 1 avisos vía estado-embebido
21:53:09 DEBUG   [toctoc] 1 avisos vía estado-embebido
21:53:34 INFO    Enriquecido y descartado: 75BRH (arriendo de $2.149.504 sobre el máximo negociable de $1.904.000)
21:53:38 INFO    Enriquecido y descartado: 75BRH (arriendo de $1.954.095 sobre el máximo negociable de $1.904.000)
21:53:56 DEBUG   [toctoc] 1 avisos vía estado-embebido
21:53:57 DEBUG   [magnoliaproperty] 2 avisos vía tarjetas
21:53:57 INFO    Enriquecido y descartado: TW38B (arriendo de $3.083.590 sobre el máximo negociable de $1.904.000)
21:54:01 WARNING robots.txt no permite https://www.nuroa.cl/adform/10342-912-3e9b-1a0e30e-bd4c-4f30fb45531b-7a22?click_type=0&pos=6&searchType=1&page=2&section=1&t_sec=1&sectionType=1&pageViewId=0cb6b28c-217f-4a7a-a1ef-fba406b55d2d&t_pvid=0cb6b28c-217f-4a7a-a1ef-fba406b55d2d&userAgent=Mozilla%2F5.0+%28compatible%3B+radar-arriendos%2F1.0%3B+uso+personal%2C+busqueda+de+arriendo%3B+%2Bhttps%3A%2F%2Fgithub.com%2Falfonsoandona%2Farriendos-vitacura%29&browser=1&isHuman=true&userIp=48.214.53.67&what=vitacura+departamento&search_terms=vitacura+departamento&origin=1&t_or=1&splitTestId=0 — se omite
21:54:01 WARNING robots.txt no permite https://www.nuroa.cl/adform/10342-912-e7f8-1a0a016-97e0-4460cb69457-7a3c?click_type=0&pos=11&searchType=1&page=4&section=1&t_sec=1&sectionType=1&pageViewId=9b359848-56d9-4bfd-89a3-24e553931f4e&t_pvid=9b359848-56d9-4bfd-89a3-24e553931f4e&userAgent=Mozilla%2F5.0+%28compatible%3B+radar-arriendos%2F1.0%3B+uso+personal%2C+busqueda+de+arriendo%3B+%2Bhttps%3A%2F%2Fgithub.com%2Falfonsoandona%2Farriendos-vitacura%29&browser=1&isHuman=true&userIp=48.214.53.67&what=vitacura+departamento&search_terms=vitacura+departamento&origin=1&t_or=1&splitTestId=0 — se omite
21:54:04 DEBUG   [toctoc] 1 avisos vía estado-embebido
21:54:05 DEBUG   [mitula] 3 avisos vía tarjetas
21:54:09 INFO    Enriquecido y descartado: 75BRH (arriendo de $4.299.009 sobre el máximo negociable de $1.904.000)
21:54:13 INFO    Fichas leídas: 59 — 0 ganaron el año, 3 la dirección; 7 se descartaron al verlas (0 por viejos)
21:54:14 INFO    Listo: 0 avisados de 52 candidatos
