17:15:54 INFO    UF = $41.057.20 (API del día)
17:15:54 INFO    Barriendo TocToc (toctoc)…
17:15:54 INFO    Barriendo Chilepropiedades (chilepropiedades)…
17:15:54 INFO    Barriendo GoPlaceIt (goplaceit)…
17:15:54 INFO    Barriendo Yapo (yapo)…
17:15:54 WARNING https://www.yapo.cl/bienes-raices-alquiler-apartamentos/region-metropolitana-vitacura respondió 403
17:15:54 INFO    [yapo] https://www.yapo.cl/bienes-raices-alquiler-apartamentos/region-metropolitana-vitacura rebotó al GET; se reintenta con navegador
17:15:54 DEBUG   [chilepropiedades] 10 avisos vía tarjetas
17:15:56 DEBUG   [chilepropiedades] 10 avisos vía tarjetas
17:15:58 DEBUG   [chilepropiedades] 10 avisos vía tarjetas
17:15:58 INFO      chilepropiedades: 30 avisos en 4s
17:15:58 INFO    Barriendo BuscoNido (busconido)…
17:15:59 DEBUG   [toctoc] 20 avisos vía json-ld
17:15:59 DEBUG   [busconido] 23 avisos vía tarjetas
17:15:59 INFO      busconido: 23 avisos en 1s
17:15:59 INFO    Barriendo BienesOnline (bienesonline)…
17:16:00 DEBUG   [bienesonline] 14 avisos vía tarjetas
17:16:00 INFO      bienesonline: 14 avisos en 1s
17:16:00 INFO    Barriendo Economicos (El Mercurio) (economicos)…
17:16:01 WARNING https://www.economicos.cl/search/propiedades/vitacura/arriendo/departamento/0 respondió 403
17:16:01 INFO    [economicos] https://www.economicos.cl/search/propiedades/vitacura/arriendo/departamento/0 rebotó al GET; se reintenta con navegador
17:16:02 DEBUG   La red no quedó en silencio en https://www.yapo.cl/bienes-raices-alquiler-apartamentos/region-metropolitana-vitacura; se lee igual
17:16:02 INFO      yapo: 0 avisos en 8s
17:16:02 INFO    Barriendo iCasas (icasas)…
17:16:02 DEBUG   [goplaceit] 30 avisos vía json-ld
17:16:02 DEBUG   [icasas] 15 avisos vía tarjetas
17:16:03 INFO      economicos: 0 avisos en 2s
17:16:03 INFO    Barriendo Doomos (doomos)…
17:16:03 WARNING https://www.doomos.cl/departamentos-vitacura-arriendo respondió 403
17:16:03 INFO    [doomos] https://www.doomos.cl/departamentos-vitacura-arriendo rebotó al GET; se reintenta con navegador
17:16:04 DEBUG   [icasas] 15 avisos vía tarjetas
17:16:04 INFO      icasas: 30 avisos en 3s
17:16:04 INFO    Barriendo Top Propiedades (toppropiedades)…
17:16:07 INFO      doomos: 0 avisos en 5s
17:16:07 INFO    Barriendo Nuroa (nuroa)…
17:16:08 DEBUG   [toppropiedades] 1 avisos vía json-ld
17:16:08 DEBUG   Encoding detection: ascii is most likely the one.
17:16:08 DEBUG   La red no quedó en silencio en https://www.toctoc.com/arriendo/departamento/metropolitana/vitacura/3-dormitorios?pagina=2; se lee igual
17:16:09 DEBUG   [nuroa] 25 avisos vía json-ld
17:16:09 DEBUG   [toctoc] 20 avisos vía json-ld
17:16:10 DEBUG   [toppropiedades] 1 avisos vía json-ld
17:16:11 DEBUG   [nuroa] 25 avisos vía json-ld
17:16:12 DEBUG   [toppropiedades] 1 avisos vía json-ld
17:16:13 DEBUG   [nuroa] 25 avisos vía json-ld
17:16:14 DEBUG   [toppropiedades] 1 avisos vía json-ld
17:16:14 DEBUG   [toctoc] 17 avisos vía json-ld
17:16:15 DEBUG   [nuroa] 25 avisos vía json-ld
17:16:15 INFO      nuroa: 100 avisos en 7s
17:16:15 INFO    Barriendo Mitula (mitula)…
17:16:15 WARNING https://casas.mitula.cl/casas/arriendo-departamentos-vitacura respondió 401
17:16:15 INFO    [mitula] https://casas.mitula.cl/casas/arriendo-departamentos-vitacura rebotó al GET; se reintenta con navegador
17:16:16 DEBUG   [toppropiedades] 1 avisos vía json-ld
17:16:18 DEBUG   [toctoc] 20 avisos vía json-ld
17:16:18 DEBUG   [toppropiedades] 1 avisos vía json-ld
17:16:19 INFO      mitula: 0 avisos en 4s
17:16:19 INFO    Barriendo Houm (houm)…
17:16:20 DEBUG   [toppropiedades] 1 avisos vía json-ld
17:16:22 DEBUG   [toppropiedades] 1 avisos vía json-ld
17:16:22 INFO      toppropiedades: 8 avisos en 18s
17:16:22 INFO    Barriendo Hey! Homes (heyhomes)…
17:16:25 DEBUG   La red no quedó en silencio en https://www.toctoc.com/arriendo/departamento/metropolitana/vitacura/4-dormitorios?pagina=2; se lee igual
17:16:25 DEBUG   [heyhomes] 9 avisos vía tarjetas
17:16:25 INFO      heyhomes: 9 avisos en 3s
17:16:25 INFO    Barriendo Engel & Völkers (engelvoelkers)…
17:16:25 DEBUG   [toctoc] 20 avisos vía json-ld
17:16:29 DEBUG   La red no quedó en silencio en https://houm.com/cl/arriendo-departamentos-region-metropolitana/vitacura/3-dormitorios; se lee igual
17:16:30 DEBUG   [houm] 28 avisos vía json-ld
17:16:31 DEBUG   [engelvoelkers] 16 avisos vía tarjetas
17:16:31 INFO      engelvoelkers: 16 avisos en 6s
17:16:31 INFO    Barriendo RE/MAX Chile (remax)…
17:16:34 DEBUG   [goplaceit] 30 avisos vía json-ld
17:16:34 DEBUG   [toctoc] 20 avisos vía json-ld
17:16:34 INFO      toctoc: 117 avisos en 40s
17:16:34 INFO    Barriendo Fuenzalida Propiedades (fuenzalida)…
17:16:38 INFO      remax: 0 avisos en 7s
17:16:38 INFO    Barriendo Century 21 Chile (century21)…
17:16:41 DEBUG   La red no quedó en silencio en https://houm.com/cl/arriendo-departamento-región-metropolitana/las-condes/170742; se lee igual
17:16:41 DEBUG   [houm] 1 avisos vía estado-embebido
17:16:43 INFO      century21: 0 avisos en 5s
17:16:43 INFO    Barriendo Property Partners (propertypartners)…
17:16:43 DEBUG   [propertypartners] 1 avisos vía tarjetas
17:16:43 INFO      propertypartners: 1 avisos en 1s
17:16:43 INFO    Barriendo Acceso Inmobiliario (accesoinmobiliario)…
17:16:47 DEBUG   [accesoinmobiliario] 15 avisos vía tarjetas
17:16:48 DEBUG   La red no quedó en silencio en https://houm.com/cl/arriendo-departamento-región-metropolitana/lo-barnechea/74201; se lee igual
17:16:48 DEBUG   [houm] 1 avisos vía estado-embebido
17:16:49 DEBUG   [fuenzalida] 16 avisos vía tarjetas
17:16:50 DEBUG   [accesoinmobiliario] 1 avisos vía tarjetas
17:16:52 DEBUG   [accesoinmobiliario] 1 avisos vía tarjetas
17:16:57 DEBUG   La red no quedó en silencio en https://houm.com/cl/arriendo-departamento-región-metropolitana/recoleta/179872; se lee igual
17:16:57 DEBUG   [houm] 1 avisos vía estado-embebido
17:16:57 DEBUG   [accesoinmobiliario] 1 avisos vía tarjetas
17:17:00 DEBUG   [fuenzalida] 20 avisos vía tarjetas
17:17:03 DEBUG   [accesoinmobiliario] 1 avisos vía tarjetas
17:17:05 DEBUG   La red no quedó en silencio en https://houm.com/cl/arriendo-departamento-región-metropolitana/recoleta/178185; se lee igual
17:17:05 DEBUG   [houm] 1 avisos vía estado-embebido
17:17:07 DEBUG   [accesoinmobiliario] 1 avisos vía tarjetas
17:17:09 DEBUG   [goplaceit] 30 avisos vía json-ld
17:17:12 DEBUG   [fuenzalida] 20 avisos vía tarjetas
17:17:12 INFO      fuenzalida: 56 avisos en 38s
17:17:12 INFO    Barriendo Magnolia Property (magnoliaproperty)…
17:17:13 DEBUG   [magnoliaproperty] 6 avisos vía tarjetas
17:17:13 INFO      magnoliaproperty: 6 avisos en 1s
17:17:13 INFO    Barriendo Portilla Propiedades (portillapropiedades)…
17:17:14 DEBUG   [portillapropiedades] 2 avisos vía tarjetas
17:17:14 INFO      portillapropiedades: 2 avisos en 0s
17:17:14 INFO    Barriendo Nativo Propiedades (nativopropiedades)…
17:17:14 DEBUG   La red no quedó en silencio en https://houm.com/cl/arriendo-departamento-región-metropolitana/recoleta/176207; se lee igual
17:17:14 DEBUG   [houm] 1 avisos vía estado-embebido
17:17:14 DEBUG   [nativopropiedades] 10 avisos vía tarjetas
17:17:14 INFO      nativopropiedades: 10 avisos en 1s
17:17:14 INFO    Barriendo Enlace Inmobiliario (enlaceinmobiliario)…
17:17:15 WARNING https://www.enlaceinmobiliario.cl/ respondió 403
17:17:15 INFO    [enlaceinmobiliario] https://www.enlaceinmobiliario.cl/ rebotó al GET; se reintenta con navegador
17:17:16 DEBUG   [accesoinmobiliario] 1 avisos vía tarjetas
17:17:21 DEBUG   La red no quedó en silencio en https://houm.com/cl/arriendo-departamento-región-metropolitana/las-condes/177842; se lee igual
17:17:21 DEBUG   [houm] 1 avisos vía estado-embebido
17:17:26 DEBUG   La red no quedó en silencio en https://www.enlaceinmobiliario.cl/; se lee igual
17:17:26 INFO      enlaceinmobiliario: 0 avisos en 12s
17:17:26 INFO    Barriendo Rentas.cl (rentas_cl)…
17:17:28 DEBUG   [rentas_cl] 1 avisos vía json-ld
17:17:28 INFO      rentas_cl: 1 avisos en 2s
17:17:28 INFO    Barriendo Arriendos.cl (arriendos_cl)…
17:17:29 INFO      arriendos_cl: 0 avisos en 1s
17:17:29 INFO    Barriendo Propiedades.cl (propiedades_cl)…
17:17:30 DEBUG   [propiedades_cl] 6 avisos vía tarjetas
17:17:30 INFO      propiedades_cl: 6 avisos en 1s
17:17:30 INFO    Barriendo Clasificados.cl (clasificados_cl)…
17:17:33 DEBUG   La red no quedó en silencio en https://houm.com/cl/arriendo-departamento-región-metropolitana/recoleta/176958; se lee igual
17:17:33 DEBUG   [houm] 1 avisos vía estado-embebido
17:17:34 INFO      accesoinmobiliario: 21 avisos en 50s
17:17:34 INFO      clasificados_cl: 0 avisos en 4s
17:17:39 INFO      goplaceit: 90 avisos en 105s
17:17:41 DEBUG   La red no quedó en silencio en https://houm.com/cl/arriendo-departamento-región-metropolitana/recoleta/90462; se lee igual
17:17:41 DEBUG   [houm] 1 avisos vía estado-embebido
17:17:41 INFO      houm: 36 avisos en 81s
17:17:41 INFO    Total crudo: 576 avisos
17:17:41 INFO    Después de deduplicar: 388
17:17:41 INFO    Pasaron los filtros: 41
17:17:52 DEBUG   Ficha de HW5MX sin candidato propio; no se fusiona
17:17:53 DEBUG   [busconido] 10 avisos vía tarjetas
17:17:53 DEBUG   Ficha de ZZ3U5 sin candidato propio; no se fusiona
17:17:55 DEBUG   [busconido] 11 avisos vía tarjetas
17:17:55 DEBUG   Ficha de KYGF2 sin candidato propio; no se fusiona
17:17:58 INFO    Enriquecido y descartado: YAVJA (arriendo de $3.517.371 sobre el máximo negociable de $1.904.000)
17:17:59 DEBUG   [busconido] 11 avisos vía tarjetas
17:17:59 DEBUG   Ficha de C7Q5F sin candidato propio; no se fusiona
17:18:05 INFO    Enriquecido y descartado: CC2AY (arriendo de $2.032.258 sobre el máximo negociable de $1.904.000)
17:18:06 DEBUG   [busconido] 10 avisos vía tarjetas
17:18:06 DEBUG   Ficha de CTTGX sin candidato propio; no se fusiona
17:18:08 DEBUG   [busconido] 10 avisos vía tarjetas
17:18:08 DEBUG   Ficha de QPVS4 sin candidato propio; no se fusiona
17:18:11 INFO    Enriquecido y descartado: 7DKB3 (arriendo de $2.266.750 sobre el máximo negociable de $1.904.000)
17:18:18 DEBUG   [engelvoelkers] 1 avisos vía json-ld
17:18:26 DEBUG   [toctoc] 1 avisos vía estado-embebido
17:18:31 DEBUG   [toctoc] 1 avisos vía estado-embebido
17:18:40 DEBUG   [toctoc] 1 avisos vía estado-embebido
17:18:44 DEBUG   [toctoc] 1 avisos vía estado-embebido
17:18:44 WARNING robots.txt no permite https://www.nuroa.cl/adform/10342-912-b45c-1a0ce6e-984c-ada286d9a1f6-77e4?click_type=0&pos=4&searchType=2&page=2&section=1&t_sec=1&sectionType=1&pageViewId=60ee3f5a-cf47-4054-80be-758d3d685e18&t_pvid=60ee3f5a-cf47-4054-80be-758d3d685e18&userAgent=Mozilla%2F5.0+%28compatible%3B+radar-arriendos%2F1.0%3B+uso+personal%2C+busqueda+de+arriendo%3B+%2Bhttps%3A%2F%2Fgithub.com%2Falfonsoandona%2Farriendos-vitacura%29&browser=1&isHuman=true&userIp=13.89.127.133&what=vitacura+departamento&search_terms=vitacura+departamento&origin=1&t_or=1&splitTestId=0 — se omite
17:18:47 DEBUG   [toctoc] 1 avisos vía estado-embebido
17:19:08 INFO    Enriquecido y descartado: 75BRH (arriendo de $2.149.504 sobre el máximo negociable de $1.904.000)
17:19:11 DEBUG   Ficha de 75BRH sin candidato propio; no se fusiona
17:19:14 DEBUG   Ficha de 75BRH sin candidato propio; no se fusiona
17:19:17 DEBUG   Ficha de 75BRH sin candidato propio; no se fusiona
17:19:20 DEBUG   Ficha de 75BRH sin candidato propio; no se fusiona
17:19:24 DEBUG   [toctoc] 1 avisos vía estado-embebido
17:19:27 DEBUG   Ficha de 75BRH sin candidato propio; no se fusiona
17:19:27 WARNING robots.txt no permite https://www.nuroa.cl/adform/10342-912-3e9b-1a0e30e-bd4c-4f30fb45531b-7a22?click_type=0&pos=12&searchType=1&page=1&section=1&t_sec=1&sectionType=1&pageViewId=ef39e90d-25bd-416a-b74c-dd3b6b5770a3&t_pvid=ef39e90d-25bd-416a-b74c-dd3b6b5770a3&userAgent=Mozilla%2F5.0+%28compatible%3B+radar-arriendos%2F1.0%3B+uso+personal%2C+busqueda+de+arriendo%3B+%2Bhttps%3A%2F%2Fgithub.com%2Falfonsoandona%2Farriendos-vitacura%29&browser=1&isHuman=true&userIp=13.89.127.133&what=vitacura+departamento&search_terms=vitacura+departamento&origin=1&t_or=1&splitTestId=0 — se omite
17:19:27 WARNING robots.txt no permite https://www.nuroa.cl/adform/10342-912-e7f8-1a0a016-97e0-4460cb69457-7a3c?click_type=0&pos=18&searchType=1&page=3&section=1&t_sec=1&sectionType=1&pageViewId=91c65349-01be-45d8-b171-0b7fb645071e&t_pvid=91c65349-01be-45d8-b171-0b7fb645071e&userAgent=Mozilla%2F5.0+%28compatible%3B+radar-arriendos%2F1.0%3B+uso+personal%2C+busqueda+de+arriendo%3B+%2Bhttps%3A%2F%2Fgithub.com%2Falfonsoandona%2Farriendos-vitacura%29&browser=1&isHuman=true&userIp=13.89.127.133&what=vitacura+departamento&search_terms=vitacura+departamento&origin=1&t_or=1&splitTestId=0 — se omite
17:19:27 DEBUG   [bienesonline] 2 avisos vía json-ld
17:19:31 DEBUG   [toctoc] 1 avisos vía estado-embebido
17:19:34 DEBUG   Ficha de 75BRH sin candidato propio; no se fusiona
17:19:37 DEBUG   Ficha de 75BRH sin candidato propio; no se fusiona
17:19:37 INFO    Fichas leídas: 41 — 0 ganaron el año, 0 la dirección; 4 se descartaron al verlas (0 por viejos)
17:19:37 INFO    Listo: 0 avisados de 37 candidatos
