15:47:25 INFO    UF = $40.875.09 (API del día)
15:47:25 INFO    Barriendo TocToc (toctoc)…
15:47:25 INFO    Barriendo Chilepropiedades (chilepropiedades)…
15:47:25 INFO    Barriendo GoPlaceIt (goplaceit)…
15:47:25 INFO    Barriendo Yapo (yapo)…
15:47:25 DEBUG   [chilepropiedades] 10 avisos vía tarjetas
15:47:27 DEBUG   [yapo] 30 avisos vía tarjetas
15:47:27 DEBUG   [chilepropiedades] 10 avisos vía tarjetas
15:47:29 DEBUG   [yapo] 30 avisos vía tarjetas
15:47:29 DEBUG   [chilepropiedades] 10 avisos vía tarjetas
15:47:29 INFO      chilepropiedades: 30 avisos en 5s
15:47:29 INFO    Barriendo BuscoNido (busconido)…
15:47:30 DEBUG   [busconido] 23 avisos vía tarjetas
15:47:30 INFO      busconido: 23 avisos en 1s
15:47:30 INFO    Barriendo BienesOnline (bienesonline)…
15:47:31 DEBUG   [yapo] 30 avisos vía tarjetas
15:47:31 INFO      yapo: 90 avisos en 6s
15:47:31 INFO    Barriendo Economicos (El Mercurio) (economicos)…
15:47:31 DEBUG   [goplaceit] 30 avisos vía json-ld
15:47:31 WARNING https://www.economicos.cl/search/propiedades/vitacura/arriendo/departamento/0 respondió 403
15:47:31 INFO    [economicos] https://www.economicos.cl/search/propiedades/vitacura/arriendo/departamento/0 rebotó al GET; se reintenta con navegador
15:47:31 DEBUG   [bienesonline] 18 avisos vía tarjetas
15:47:31 INFO      bienesonline: 18 avisos en 1s
15:47:31 INFO    Barriendo iCasas (icasas)…
15:47:32 DEBUG   [icasas] 15 avisos vía tarjetas
15:47:34 DEBUG   La red no quedó en silencio en https://www.toctoc.com/arriendo/departamento/metropolitana/vitacura/3-dormitorios; se lee igual
15:47:34 DEBUG   [icasas] 15 avisos vía tarjetas
15:47:34 INFO      icasas: 30 avisos en 3s
15:47:34 INFO    Barriendo Doomos (doomos)…
15:47:34 WARNING https://www.doomos.cl/departamentos-vitacura-arriendo respondió 403
15:47:34 INFO    [doomos] https://www.doomos.cl/departamentos-vitacura-arriendo rebotó al GET; se reintenta con navegador
15:47:35 DEBUG   [toctoc] 64 avisos vía json-ld
15:47:36 INFO      economicos: 0 avisos en 5s
15:47:36 INFO    Barriendo Top Propiedades (toppropiedades)…
15:47:37 INFO      doomos: 0 avisos en 3s
15:47:37 INFO    Barriendo Nuroa (nuroa)…
15:47:38 DEBUG   Encoding detection: ascii is most likely the one.
15:47:39 DEBUG   [nuroa] 25 avisos vía json-ld
15:47:40 DEBUG   [toppropiedades] 1 avisos vía json-ld
15:47:41 DEBUG   [nuroa] 25 avisos vía json-ld
15:47:42 DEBUG   [toppropiedades] 1 avisos vía json-ld
15:47:43 DEBUG   [nuroa] 25 avisos vía json-ld
15:47:43 DEBUG   La red no quedó en silencio en https://www.toctoc.com/arriendo/departamento/metropolitana/vitacura/3-dormitorios?pagina=2; se lee igual
15:47:44 DEBUG   [toppropiedades] 1 avisos vía json-ld
15:47:44 DEBUG   [toctoc] 64 avisos vía json-ld
15:47:45 DEBUG   [nuroa] 25 avisos vía json-ld
15:47:45 INFO      nuroa: 100 avisos en 8s
15:47:45 INFO    Barriendo Mitula (mitula)…
15:47:46 DEBUG   [toppropiedades] 1 avisos vía json-ld
15:47:47 DEBUG   [mitula] 30 avisos vía json-ld
15:47:48 DEBUG   [toppropiedades] 1 avisos vía json-ld
15:47:49 DEBUG   [mitula] 30 avisos vía json-ld
15:47:49 INFO      mitula: 60 avisos en 4s
15:47:49 INFO    Barriendo Houm (houm)…
15:47:50 DEBUG   [toppropiedades] 1 avisos vía json-ld
15:47:52 DEBUG   [toppropiedades] 1 avisos vía json-ld
15:47:52 DEBUG   La red no quedó en silencio en https://www.toctoc.com/arriendo/departamento/metropolitana/vitacura/3-dormitorios?pagina=3; se lee igual
15:47:52 DEBUG   [toctoc] 64 avisos vía json-ld
15:47:54 DEBUG   [toppropiedades] 1 avisos vía json-ld
15:47:54 INFO      toppropiedades: 8 avisos en 18s
15:47:54 INFO    Barriendo Hey! Homes (heyhomes)…
15:47:57 DEBUG   [heyhomes] 9 avisos vía tarjetas
15:47:57 INFO      heyhomes: 9 avisos en 3s
15:47:57 INFO    Barriendo Engel & Völkers (engelvoelkers)…
15:47:59 DEBUG   La red no quedó en silencio en https://houm.com/cl/arriendo-departamentos-region-metropolitana/vitacura/3-dormitorios; se lee igual
15:48:00 DEBUG   [houm] 28 avisos vía json-ld
15:48:01 DEBUG   La red no quedó en silencio en https://www.toctoc.com/arriendo/departamento/metropolitana/vitacura/4-dormitorios; se lee igual
15:48:01 DEBUG   [toctoc] 20 avisos vía json-ld
15:48:05 DEBUG   [engelvoelkers] 14 avisos vía tarjetas
15:48:05 INFO      engelvoelkers: 14 avisos en 8s
15:48:05 INFO    Barriendo RE/MAX Chile (remax)…
15:48:12 DEBUG   La red no quedó en silencio en https://houm.com/cl/arriendo-departamento-región-metropolitana/las-condes/170742; se lee igual
15:48:13 DEBUG   [houm] 1 avisos vía estado-embebido
15:48:18 DEBUG   La red no quedó en silencio en https://www.toctoc.com/arriendo/departamento/metropolitana/vitacura/4-dormitorios?pagina=2; se lee igual
15:48:19 DEBUG   [toctoc] 49 avisos vía json-ld
15:48:19 DEBUG   La red no quedó en silencio en https://www.remax.cl/es-cl/busqueda/metropolitana-de-santiago/santiago/vitacura/residencial-departamento/arriendo/; se lee igual
15:48:20 DEBUG   [remax] 4 avisos vía tarjetas
15:48:23 DEBUG   [goplaceit] 30 avisos vía json-ld
15:48:27 DEBUG   La red no quedó en silencio en https://houm.com/cl/arriendo-departamento-región-metropolitana/las-condes/175757; se lee igual
15:48:27 DEBUG   [houm] 1 avisos vía estado-embebido
15:48:30 DEBUG   La red no quedó en silencio en https://www.toctoc.com/arriendo/departamento/metropolitana/vitacura/4-dormitorios?pagina=3; se lee igual
15:48:31 DEBUG   [toctoc] 49 avisos vía json-ld
15:48:31 INFO      toctoc: 310 avisos en 67s
15:48:31 INFO    Barriendo Fuenzalida Propiedades (fuenzalida)…
15:48:34 DEBUG   La red no quedó en silencio en https://www.remax.cl/es-cl/busqueda/metropolitana-de-santiago/santiago/vitacura/residencial-departamento/arriendo/?page=2; se lee igual
15:48:35 DEBUG   [remax] 4 avisos vía tarjetas
15:48:35 INFO      remax: 8 avisos en 30s
15:48:35 INFO    Barriendo Century 21 Chile (century21)…
15:48:35 DEBUG   [fuenzalida] 16 avisos vía tarjetas
15:48:36 INFO      century21: 0 avisos en 1s
15:48:36 INFO    Barriendo Property Partners (propertypartners)…
15:48:36 DEBUG   [propertypartners] 1 avisos vía tarjetas
15:48:36 INFO      propertypartners: 1 avisos en 1s
15:48:36 INFO    Barriendo Acceso Inmobiliario (accesoinmobiliario)…
15:48:38 DEBUG   [fuenzalida] 20 avisos vía tarjetas
15:48:41 DEBUG   [fuenzalida] 20 avisos vía tarjetas
15:48:41 INFO      fuenzalida: 56 avisos en 10s
15:48:41 INFO    Barriendo Magnolia Property (magnoliaproperty)…
15:48:42 DEBUG   [magnoliaproperty] 8 avisos vía tarjetas
15:48:42 INFO      magnoliaproperty: 8 avisos en 1s
15:48:42 INFO    Barriendo Portilla Propiedades (portillapropiedades)…
15:48:42 DEBUG   La red no quedó en silencio en https://houm.com/cl/arriendo-departamento-región-metropolitana/ñuñoa/176912; se lee igual
15:48:42 DEBUG   [houm] 1 avisos vía estado-embebido
15:48:42 DEBUG   [portillapropiedades] 2 avisos vía tarjetas
15:48:42 INFO      portillapropiedades: 2 avisos en 1s
15:48:42 INFO    Barriendo Nativo Propiedades (nativopropiedades)…
15:48:43 DEBUG   [nativopropiedades] 7 avisos vía tarjetas
15:48:43 INFO      nativopropiedades: 7 avisos en 1s
15:48:43 INFO    Barriendo Enlace Inmobiliario (enlaceinmobiliario)…
15:48:43 DEBUG   [accesoinmobiliario] 16 avisos vía tarjetas
15:48:44 WARNING https://www.enlaceinmobiliario.cl/ respondió 403
15:48:44 INFO    [enlaceinmobiliario] https://www.enlaceinmobiliario.cl/ rebotó al GET; se reintenta con navegador
15:48:49 DEBUG   [accesoinmobiliario] 1 avisos vía tarjetas
15:48:51 DEBUG   La red no quedó en silencio en https://houm.com/cl/arriendo-departamento-región-metropolitana/ñuñoa/174379; se lee igual
15:48:51 DEBUG   [houm] 1 avisos vía estado-embebido
15:48:54 INFO      enlaceinmobiliario: 0 avisos en 11s
15:48:54 INFO    Barriendo Rentas.cl (rentas_cl)…
15:48:56 DEBUG   [rentas_cl] 1 avisos vía json-ld
15:48:56 INFO      rentas_cl: 1 avisos en 2s
15:48:56 INFO    Barriendo Arriendos.cl (arriendos_cl)…
15:48:56 DEBUG   [accesoinmobiliario] 1 avisos vía tarjetas
15:48:57 INFO      arriendos_cl: 0 avisos en 1s
15:48:57 INFO    Barriendo Propiedades.cl (propiedades_cl)…
15:48:58 DEBUG   [propiedades_cl] 6 avisos vía tarjetas
15:48:58 INFO      propiedades_cl: 6 avisos en 1s
15:48:58 INFO    Barriendo Clasificados.cl (clasificados_cl)…
15:49:01 DEBUG   [clasificados_cl] 1 avisos vía tarjetas
15:49:01 INFO      clasificados_cl: 1 avisos en 3s
15:49:03 DEBUG   La red no quedó en silencio en https://houm.com/cl/arriendo-departamento-región-metropolitana/recoleta/178185; se lee igual
15:49:03 DEBUG   [houm] 1 avisos vía estado-embebido
15:49:10 DEBUG   [accesoinmobiliario] 1 avisos vía tarjetas
15:49:11 DEBUG   La red no quedó en silencio en https://houm.com/cl/arriendo-departamento-región-metropolitana/las-condes/177842; se lee igual
15:49:11 DEBUG   [houm] 1 avisos vía estado-embebido
15:49:12 DEBUG   [goplaceit] 30 avisos vía json-ld
15:49:14 DEBUG   [accesoinmobiliario] 1 avisos vía tarjetas
15:49:20 DEBUG   La red no quedó en silencio en https://houm.com/cl/arriendo-departamento-región-metropolitana/recoleta/176958; se lee igual
15:49:20 DEBUG   [houm] 1 avisos vía estado-embebido
15:49:21 DEBUG   [accesoinmobiliario] 1 avisos vía tarjetas
15:49:21 INFO      accesoinmobiliario: 21 avisos en 45s
15:49:28 DEBUG   La red no quedó en silencio en https://houm.com/cl/arriendo-departamento-región-metropolitana/recoleta/90462; se lee igual
15:49:29 DEBUG   [houm] 1 avisos vía estado-embebido
15:49:29 INFO      houm: 36 avisos en 100s
15:49:40 INFO      goplaceit: 90 avisos en 135s
15:49:40 INFO    Total crudo: 929 avisos
15:49:40 INFO    Después de deduplicar: 460
15:49:40 DEBUG   Libreta: n de la casa 1973 se construyó en 2016 (accesoinmobiliario)
15:49:40 INFO    Pasaron los filtros: 111
15:50:37 DEBUG   Ficha de HW5MX sin candidato propio; no se fusiona
15:50:37 DEBUG   [chilepropiedades] 2 avisos vía json-ld
15:50:38 DEBUG   Pin del mapa para 5PWTY: -33.37243, -70.55497
15:50:38 DEBUG   [yapo] 1 avisos vía json-ld
15:50:45 DEBUG   La red no quedó en silencio en https://www.toctoc.com/arriendo/departamento/metropolitana/vitacura/b_b2d0571b1f5c4a6770515b2000a90d8fb56b731e; se lee igual
15:50:45 DEBUG   Pin del mapa para UF6RR: -33.37243, -70.55497
15:50:45 DEBUG   [toctoc] 1 avisos vía estado-embebido
15:50:53 DEBUG   La red no quedó en silencio en https://www.toctoc.com/arriendo/departamento/metropolitana/vitacura/b_5d68553d7be186ff09f7dc1afc4c42aec3436686; se lee igual
15:50:53 DEBUG   Pin del mapa para KK5R4: -33.37575, -70.54910
15:50:53 DEBUG   [toctoc] 1 avisos vía estado-embebido
15:50:53 INFO    Enriquecido y descartado: XCHN6 (arriendo de $3.433.397 sobre el máximo negociable de $1.904.000)
15:51:00 DEBUG   La red no quedó en silencio en https://www.toctoc.com/arriendo/departamento/metropolitana/vitacura/b_3b849a35f60210d96f6f69514b3a89044f30015c; se lee igual
15:51:00 DEBUG   Pin del mapa para HYSXN: -33.40520, -70.59453
15:51:00 DEBUG   [toctoc] 1 avisos vía estado-embebido
15:51:00 INFO    Enriquecido y descartado: HYSXN (arriendo de $1.961.941 sobre el máximo negociable de $1.904.000)
15:51:07 DEBUG   La red no quedó en silencio en https://www.toctoc.com/arriendo/departamento/metropolitana/vitacura/b_eed9994dc8f633417ac8d88f031e3ce25c593554; se lee igual
15:51:17 DEBUG   La red no quedó en silencio en https://www.toctoc.com/arriendo/departamento/metropolitana/vitacura/b_44526e9257874b1339a676d1a43c1dbd98a29a31; se lee igual
15:51:17 DEBUG   Pin del mapa para QVSRP: -33.39834, -70.57690
15:51:17 DEBUG   [toctoc] 1 avisos vía estado-embebido
15:51:17 INFO    Enriquecido y descartado: QVSRP (arriendo de $2.534.174 sobre el máximo negociable de $1.904.000)
15:51:24 DEBUG   La red no quedó en silencio en https://www.toctoc.com/arriendo/departamento/metropolitana/vitacura/b_e56d23cc34db8a98ce1400e8af2f9e5bf01356ff; se lee igual
15:51:24 DEBUG   Pin del mapa para 25478: -33.39613, -70.59033
15:51:24 DEBUG   [toctoc] 1 avisos vía estado-embebido
15:51:24 INFO    Enriquecido y descartado: 25478 (arriendo de $3.065.533 sobre el máximo negociable de $1.904.000)
15:51:32 DEBUG   La red no quedó en silencio en https://www.toctoc.com/arriendo/departamento/metropolitana/vitacura/b_193d01d486dd17f7dae602bd11501fb28c6959b9; se lee igual
15:51:54 INFO    Enriquecido y descartado: 7DKB3 (arriendo de $2.266.750 sobre el máximo negociable de $1.904.000)
15:52:00 DEBUG   Pin del mapa para M6WJB: -33.40316, -70.59269
15:52:00 DEBUG   [toctoc] 1 avisos vía estado-embebido
15:52:00 INFO    Enriquecido y descartado: M6WJB (arriendo de $3.065.533 sobre el máximo negociable de $1.904.000)
15:52:08 DEBUG   La red no quedó en silencio en https://www.toctoc.com/arriendo/departamento/metropolitana/vitacura/b_871d88d4576cd8a46684f943a1216fbf017c5894; se lee igual
15:52:08 DEBUG   Pin del mapa para QPXSM: -33.39502, -70.59919
15:52:08 DEBUG   [toctoc] 1 avisos vía estado-embebido
15:52:08 INFO    Enriquecido y descartado: QPXSM (arriendo de $2.043.688 sobre el máximo negociable de $1.904.000)
15:52:13 DEBUG   Pin del mapa para UMSR6: -33.39611, -70.59052
15:52:13 DEBUG   [toctoc] 1 avisos vía estado-embebido
15:52:13 INFO    Enriquecido y descartado: UMSR6 (arriendo de $2.166.310 sobre el máximo negociable de $1.904.000)
15:52:14 DEBUG   [busconido] 10 avisos vía tarjetas
15:52:14 DEBUG   Ficha de XFEWE sin candidato propio; no se fusiona
15:52:16 DEBUG   [busconido] 11 avisos vía tarjetas
15:52:16 DEBUG   Ficha de 5QYB8 sin candidato propio; no se fusiona
15:52:18 DEBUG   [busconido] 10 avisos vía tarjetas
15:52:18 DEBUG   Ficha de B6374 sin candidato propio; no se fusiona
15:52:20 DEBUG   [busconido] 11 avisos vía tarjetas
15:52:20 DEBUG   Ficha de X84C9 sin candidato propio; no se fusiona
15:52:25 DEBUG   [toctoc] 1 avisos vía estado-embebido
15:52:25 INFO    Enriquecido y descartado: 42KXU (arriendo de $3.269.902 sobre el máximo negociable de $1.904.000)
15:52:31 DEBUG   [toctoc] 1 avisos vía estado-embebido
15:52:31 INFO    Enriquecido y descartado: E366M (arriendo de $2.000.000 sobre el máximo negociable de $1.904.000)
15:52:38 DEBUG   La red no quedó en silencio en https://www.toctoc.com/arriendo/departamento/metropolitana/vitacura/b_096be4a3d92be930b250f5a0a291f7cd1bf63f70; se lee igual
15:52:38 DEBUG   Pin del mapa para 2CV94: -33.40143, -70.58206
15:52:38 DEBUG   [toctoc] 1 avisos vía estado-embebido
15:52:38 INFO    Enriquecido y descartado: NBFJR (arriendo de $3.065.533 sobre el máximo negociable de $1.904.000)
15:52:45 DEBUG   La red no quedó en silencio en https://www.toctoc.com/arriendo/departamento/metropolitana/vitacura/b_5d187160202ae0f326d011b140deaa310a06ad86; se lee igual
15:52:45 DEBUG   Pin del mapa para 7DDFW: -33.39704, -70.58926
15:52:45 DEBUG   [toctoc] 1 avisos vía estado-embebido
15:52:45 INFO    Enriquecido y descartado: XX76M (arriendo de $3.678.639 sobre el máximo negociable de $1.904.000)
15:52:52 DEBUG   La red no quedó en silencio en https://www.toctoc.com/arriendo/departamento/metropolitana/vitacura/b_7fb45510e028b56c2afa5f13cf72f15ecdb67336; se lee igual
15:52:52 DEBUG   Pin del mapa para RR676: -33.40632, -70.59601
15:52:52 DEBUG   [toctoc] 1 avisos vía estado-embebido
15:52:52 INFO    Enriquecido y descartado: KRW5G (33 años (construido en 1993), sobre el máximo de 30)
15:52:59 DEBUG   Pin del mapa para E4WAD: -33.39546, -70.59965
15:52:59 DEBUG   [toctoc] 1 avisos vía estado-embebido
15:52:59 INFO    Enriquecido y descartado: TVY5S (arriendo de $3.474.270 sobre el máximo negociable de $1.904.000)
15:53:05 DEBUG   Pin del mapa para 6JZTZ: -33.40602, -70.59617
15:53:05 DEBUG   [toctoc] 1 avisos vía estado-embebido
15:53:05 INFO    Enriquecido y descartado: T3P3G (arriendo de $3.600.000 sobre el máximo negociable de $1.904.000)
15:53:10 DEBUG   Pin del mapa para TWM7T: -33.36858, -70.54374
15:53:10 DEBUG   [toctoc] 1 avisos vía estado-embebido
15:53:10 INFO    Enriquecido y descartado: VM5YC (arriendo de $3.883.008 sobre el máximo negociable de $1.904.000)
15:53:17 DEBUG   La red no quedó en silencio en https://www.toctoc.com/arriendo/departamento/metropolitana/vitacura/b_c6a92d7f7ee9c93cd8a1b8f9d14d15fb1c252350; se lee igual
15:53:17 DEBUG   Pin del mapa para V2D2G: -33.40143, -70.58206
15:53:17 DEBUG   [toctoc] 1 avisos vía estado-embebido
15:53:17 INFO    Enriquecido y descartado: NBFJR (arriendo de $3.065.533 sobre el máximo negociable de $1.904.000)
15:53:24 DEBUG   La red no quedó en silencio en https://www.toctoc.com/arriendo/departamento/metropolitana/vitacura/b_fcce67f64655e74722493467e0943e3acb167be3; se lee igual
15:53:24 DEBUG   [toctoc] 1 avisos vía estado-embebido
15:53:31 DEBUG   Pin del mapa para 4CECN: -33.40143, -70.58206
15:53:31 DEBUG   [toctoc] 1 avisos vía estado-embebido
15:53:31 INFO    Enriquecido y descartado: M6CQA (34 años (construido en 1992), sobre el máximo de 30)
15:53:36 DEBUG   Pin del mapa para CSV7D: -33.40591, -70.59624
15:53:36 DEBUG   [toctoc] 1 avisos vía estado-embebido
15:53:36 INFO    Enriquecido y descartado: CHMX5 (arriendo de $2.900.000 sobre el máximo negociable de $1.904.000)
15:53:43 DEBUG   La red no quedó en silencio en https://www.toctoc.com/arriendo/departamento/metropolitana/vitacura/b_44ca08e176d22ab212b1fa6933a029ce0acb973c; se lee igual
15:53:43 DEBUG   Pin del mapa para QJRRW: -33.39747, -70.57429
15:53:43 DEBUG   [toctoc] 1 avisos vía estado-embebido
15:53:43 INFO    Enriquecido y descartado: 2E849 (arriendo de $3.065.533 sobre el máximo negociable de $1.904.000)
15:53:51 DEBUG   La red no quedó en silencio en https://www.toctoc.com/arriendo/departamento/metropolitana/vitacura/b_45b6ee0a22a7ed07391cc486703e6df1645fa02f; se lee igual
15:53:51 DEBUG   Pin del mapa para EAZDB: -33.40383, -70.59820
15:53:51 DEBUG   [toctoc] 1 avisos vía estado-embebido
15:53:51 INFO    Enriquecido y descartado: 358CJ (arriendo de $4.700.484 sobre el máximo negociable de $1.904.000)
15:53:58 DEBUG   Pin del mapa para GDEV4: -33.40522, -70.59529
15:53:58 DEBUG   [toctoc] 1 avisos vía estado-embebido
15:53:58 INFO    Enriquecido y descartado: URZMS (arriendo de $3.600.000 sobre el máximo negociable de $1.904.000)
15:54:05 DEBUG   La red no quedó en silencio en https://www.toctoc.com/arriendo/departamento/metropolitana/vitacura/b_5af5df066a164be24e3a506aba26295126d968c4; se lee igual
15:54:05 DEBUG   Pin del mapa para VB9ST: -33.38575, -70.56115
15:54:05 DEBUG   [toctoc] 1 avisos vía estado-embebido
15:54:05 INFO    Enriquecido y descartado: VZXBC (arriendo de $3.474.270 sobre el máximo negociable de $1.904.000)
15:54:13 DEBUG   La red no quedó en silencio en https://www.toctoc.com/arriendo/departamento/metropolitana/vitacura/b_db397f9c1ae325c7535d819e0cd1e198840e3550; se lee igual
15:54:13 DEBUG   Pin del mapa para M5RJ8: -33.39740, -70.57464
15:54:13 DEBUG   [toctoc] 1 avisos vía estado-embebido
15:54:13 INFO    Enriquecido y descartado: 6YDNS (arriendo de $3.065.533 sobre el máximo negociable de $1.904.000)
15:54:20 DEBUG   La red no quedó en silencio en https://www.toctoc.com/arriendo/departamento/metropolitana/vitacura/b_8c63b0065980e2d2f22534aeffd985e69487e17a; se lee igual
15:54:20 DEBUG   Pin del mapa para 4VJEF: -33.37100, -70.54310
15:54:20 DEBUG   [toctoc] 1 avisos vía estado-embebido
15:54:20 INFO    Enriquecido y descartado: EVN6W (arriendo de $4.005.629 sobre el máximo negociable de $1.904.000)
15:54:25 DEBUG   Pin del mapa para MVQQV: -33.40571, -70.59718
15:54:25 DEBUG   [toctoc] 1 avisos vía estado-embebido
15:54:25 INFO    Enriquecido y descartado: DZCSP (arriendo de $3.269.902 sobre el máximo negociable de $1.904.000)
15:54:31 DEBUG   Pin del mapa para B8V89: -33.37497, -70.52501
15:54:31 DEBUG   [toctoc] 1 avisos vía estado-embebido
15:54:31 INFO    Enriquecido y descartado: 82VWD (arriendo de $2.370.679 sobre el máximo negociable de $1.904.000)
15:54:37 DEBUG   Pin del mapa para MMTCX: -33.39463, -70.59722
15:54:37 DEBUG   [toctoc] 1 avisos vía estado-embebido
15:54:37 INFO    Enriquecido y descartado: DUR7W (48 años (construido en 1978), sobre el máximo de 30)
15:54:43 DEBUG   Pin del mapa para SNVMM: -33.40320, -70.59258
15:54:43 DEBUG   [toctoc] 1 avisos vía estado-embebido
15:54:43 INFO    Enriquecido y descartado: W3RD8 (arriendo de $3.065.533 sobre el máximo negociable de $1.904.000)
15:54:50 DEBUG   La red no quedó en silencio en https://www.toctoc.com/arriendo/departamento/metropolitana/vitacura/b_2b9a1ba8e3ccf7ee279b91c3ab8ca168c9636274; se lee igual
15:54:50 DEBUG   Pin del mapa para V5UYC: -33.39926, -70.59316
15:54:50 DEBUG   [toctoc] 1 avisos vía estado-embebido
15:54:50 INFO    Enriquecido y descartado: 8BFJD (arriendo de $4.700.484 sobre el máximo negociable de $1.904.000)
15:54:57 DEBUG   Pin del mapa para 9YQR3: -33.37213, -70.54192
15:54:57 DEBUG   [toctoc] 1 avisos vía estado-embebido
15:54:57 INFO    Enriquecido y descartado: E9R23 (arriendo de $4.496.115 sobre el máximo negociable de $1.904.000)
15:55:04 DEBUG   La red no quedó en silencio en https://www.toctoc.com/arriendo/departamento/metropolitana/vitacura/b_1be573f7b22dac20bb75c59178722628808af4a0; se lee igual
15:55:04 DEBUG   Pin del mapa para ERRDS: -33.40255, -70.59464
15:55:04 DEBUG   [toctoc] 1 avisos vía estado-embebido
15:55:04 INFO    Enriquecido y descartado: TT59B (arriendo de $5.068.347 sobre el máximo negociable de $1.904.000)
15:55:11 DEBUG   La red no quedó en silencio en https://www.toctoc.com/arriendo/departamento/metropolitana/vitacura/b_40eebbc34fc5cea0e96afef7a202dc66ed8880a7; se lee igual
15:55:11 DEBUG   Pin del mapa para HCBT4: -33.40571, -70.59352
15:55:11 DEBUG   [toctoc] 1 avisos vía estado-embebido
15:55:11 INFO    Enriquecido y descartado: XGTG5 (45 años (construido en 1981), sobre el máximo de 30)
15:55:17 DEBUG   [toctoc] 1 avisos vía estado-embebido
15:55:17 INFO    Enriquecido y descartado: BXBRK (arriendo de $3.065.533 sobre el máximo negociable de $1.904.000)
15:55:24 DEBUG   La red no quedó en silencio en https://www.toctoc.com/arriendo/departamento/metropolitana/vitacura/b_60c896dc7ea4d0e24d546307b9894f437f2f800f; se lee igual
15:55:24 DEBUG   [toctoc] 1 avisos vía estado-embebido
15:55:24 INFO    Enriquecido y descartado: 4PNXC (arriendo de $3.065.533 sobre el máximo negociable de $1.904.000)
15:55:30 DEBUG   Pin del mapa para D2GPN: -33.39031, -70.59455
15:55:30 DEBUG   [toctoc] 1 avisos vía estado-embebido
15:55:30 INFO    Enriquecido y descartado: YNANX (arriendo de $3.269.902 sobre el máximo negociable de $1.904.000)
15:55:35 DEBUG   Pin del mapa para X3YFD: -33.40596, -70.59695
15:55:35 DEBUG   [toctoc] 1 avisos vía estado-embebido
15:55:35 INFO    Enriquecido y descartado: B5SVA (arriendo de $3.269.902 sobre el máximo negociable de $1.904.000)
15:55:42 DEBUG   La red no quedó en silencio en https://www.toctoc.com/arriendo/departamento/metropolitana/vitacura/b_78062b914728fa9bedfa556c1597c4261cee4ea5; se lee igual
15:55:42 DEBUG   Pin del mapa para XTBEF: -33.40317, -70.59270
15:55:42 DEBUG   [toctoc] 1 avisos vía estado-embebido
15:55:42 INFO    Enriquecido y descartado: WEDX5 (arriendo de $1.921.067 sobre el máximo negociable de $1.904.000)
15:55:48 DEBUG   Pin del mapa para JS3C5: -33.37683, -70.54385
15:55:48 DEBUG   [toctoc] 1 avisos vía estado-embebido
15:55:48 INFO    Enriquecido y descartado: 4JZ9G (arriendo de $1.961.941 sobre el máximo negociable de $1.904.000)
15:55:55 DEBUG   La red no quedó en silencio en https://www.toctoc.com/arriendo/departamento/metropolitana/vitacura/b_4399afa0d9272f8a5b053de793df299fb01e442e; se lee igual
15:55:55 DEBUG   [toctoc] 1 avisos vía estado-embebido
15:55:55 INFO    Enriquecido y descartado: QTDYS (arriendo de $3.269.902 sobre el máximo negociable de $1.904.000)
15:56:02 DEBUG   La red no quedó en silencio en https://www.toctoc.com/arriendo/departamento/metropolitana/vitacura/b_7aa8f9db435ad9690c0d3f19fb4cca64146756f7; se lee igual
15:56:02 DEBUG   [toctoc] 1 avisos vía estado-embebido
15:56:02 INFO    Enriquecido y descartado: XYCGS (arriendo de $2.411.552 sobre el máximo negociable de $1.904.000)
15:56:10 DEBUG   La red no quedó en silencio en https://www.toctoc.com/arriendo/departamento/metropolitana/vitacura/b_009d96f0afc4111fe385abdf9bb3d35dabde0f9c; se lee igual
15:56:10 DEBUG   [toctoc] 1 avisos vía estado-embebido
15:56:10 INFO    Enriquecido y descartado: DNSPN (arriendo de $3.065.533 sobre el máximo negociable de $1.904.000)
15:56:10 DEBUG   [busconido] 11 avisos vía tarjetas
15:56:10 DEBUG   Ficha de H6FN7 sin candidato propio; no se fusiona
15:56:17 DEBUG   La red no quedó en silencio en https://www.toctoc.com/arriendo/departamento/metropolitana/vitacura/b_80d89b760414ef5f413f602f2cbc1e3a9b9cf25f; se lee igual
15:56:17 DEBUG   [toctoc] 1 avisos vía estado-embebido
15:56:25 DEBUG   [engelvoelkers] 1 avisos vía json-ld
15:56:27 DEBUG   [mitula] 3 avisos vía tarjetas
15:56:31 DEBUG   Ficha de FMDKM sin candidato propio; no se fusiona
15:56:32 DEBUG   [chilepropiedades] 2 avisos vía json-ld
15:56:39 DEBUG   La red no quedó en silencio en https://www.toctoc.com/arriendo/departamento/metropolitana/vitacura/b_ed422a19d8fe7c5a675f79548ce59f765efd9391; se lee igual
15:56:39 DEBUG   [toctoc] 1 avisos vía estado-embebido
15:56:39 INFO    Enriquecido y descartado: 2VPS4 (arriendo de $4.005.629 sobre el máximo negociable de $1.904.000)
15:56:44 DEBUG   [toctoc] 1 avisos vía estado-embebido
15:56:44 INFO    Enriquecido y descartado: QKSRR (arriendo de $3.474.270 sobre el máximo negociable de $1.904.000)
15:56:50 DEBUG   [toctoc] 1 avisos vía estado-embebido
15:56:50 INFO    Enriquecido y descartado: WPEBD (arriendo de $2.043.688 sobre el máximo negociable de $1.904.000)
15:56:53 INFO    Enriquecido y descartado: 75BRH (arriendo de $2.931.142 sobre el máximo negociable de $1.904.000)
15:57:00 DEBUG   La red no quedó en silencio en https://www.toctoc.com/arriendo/departamento/metropolitana/vitacura/b_de4250f307596f05a7484792c53fb8e3790615d1; se lee igual
15:57:00 DEBUG   [toctoc] 1 avisos vía estado-embebido
15:57:00 INFO    Enriquecido y descartado: THCTF (arriendo de $2.493.300 sobre el máximo negociable de $1.904.000)
15:57:07 DEBUG   La red no quedó en silencio en https://www.toctoc.com/arriendo/departamento/metropolitana/vitacura/b_4bb544c817b4855f15a4edd487ffe91619b2ea4c; se lee igual
15:57:07 DEBUG   [toctoc] 1 avisos vía estado-embebido
15:57:08 INFO    Enriquecido y descartado: MM5R4 (arriendo de $3.678.639 sobre el máximo negociable de $1.904.000)
15:57:29 INFO    Enriquecido y descartado: 75BRH (arriendo de $2.149.504 sobre el máximo negociable de $1.904.000)
15:57:38 DEBUG   [toctoc] 1 avisos vía estado-embebido
15:57:41 INFO    Enriquecido y descartado: 75BRH (arriendo de $1.954.095 sobre el máximo negociable de $1.904.000)
15:57:58 DEBUG   [toctoc] 1 avisos vía estado-embebido
15:58:05 DEBUG   La red no quedó en silencio en https://www.toctoc.com/arriendo/departamento/metropolitana/vitacura/b_e8ee4e260f1e3f9c78463872c03f586998b8de52; se lee igual
15:58:06 DEBUG   [toctoc] 1 avisos vía estado-embebido
15:58:06 INFO    Enriquecido y descartado: Y3JDK (arriendo de $3.678.639 sobre el máximo negociable de $1.904.000)
15:58:13 DEBUG   La red no quedó en silencio en https://www.toctoc.com/arriendo/departamento/metropolitana/vitacura/b_3599595eb74b1ccd4c4e3e7f485eb32dee7e0f88; se lee igual
15:58:13 DEBUG   [toctoc] 1 avisos vía estado-embebido
15:58:13 INFO    Enriquecido y descartado: 4V73Z (arriendo de $4.700.484 sobre el máximo negociable de $1.904.000)
15:58:20 DEBUG   La red no quedó en silencio en https://www.toctoc.com/arriendo/departamento/metropolitana/vitacura/b_cd078d1f413118637c0700bf4c847dea7d58a88d; se lee igual
15:58:20 DEBUG   [toctoc] 1 avisos vía estado-embebido
15:58:20 INFO    Enriquecido y descartado: ZDZSQ (arriendo de $2.248.057 sobre el máximo negociable de $1.904.000)
15:58:27 DEBUG   La red no quedó en silencio en https://www.toctoc.com/arriendo/departamento/metropolitana/vitacura/b_70250cafe96b0cfb65091be7ab43dd8275930762; se lee igual
15:58:27 DEBUG   [toctoc] 1 avisos vía estado-embebido
15:58:27 INFO    Enriquecido y descartado: 8YSPF (arriendo de $4.500.000 sobre el máximo negociable de $1.904.000)
15:58:34 DEBUG   La red no quedó en silencio en https://www.toctoc.com/arriendo/departamento/metropolitana/vitacura/b_f973c23304e95778a59fee3479e4ac20401694b4; se lee igual
15:58:34 DEBUG   [toctoc] 1 avisos vía estado-embebido
15:58:34 INFO    Enriquecido y descartado: JUGWX (arriendo de $2.166.310 sobre el máximo negociable de $1.904.000)
15:58:41 DEBUG   La red no quedó en silencio en https://www.toctoc.com/arriendo/departamento/metropolitana/vitacura/b_d0b41f84a990505cbf3360992a0f55bee303881a; se lee igual
15:58:42 DEBUG   [toctoc] 1 avisos vía estado-embebido
15:58:42 INFO    Enriquecido y descartado: 3N59D (arriendo de $3.065.533 sobre el máximo negociable de $1.904.000)
15:58:49 DEBUG   La red no quedó en silencio en https://www.toctoc.com/arriendo/departamento/metropolitana/vitacura/b_7fa134b9a7261bc3bdafd256cd9cda62293987ed; se lee igual
15:58:49 DEBUG   [toctoc] 1 avisos vía estado-embebido
15:58:49 INFO    Enriquecido y descartado: 4W5ZG (arriendo de $3.596.892 sobre el máximo negociable de $1.904.000)
15:58:56 DEBUG   La red no quedó en silencio en https://www.toctoc.com/arriendo/departamento/metropolitana/vitacura/b_f1833020bc5ec239390c9be467e6bcf7a2648821; se lee igual
15:58:56 DEBUG   [toctoc] 1 avisos vía estado-embebido
15:58:56 INFO    Enriquecido y descartado: JKM2T (arriendo de $2.575.048 sobre el máximo negociable de $1.904.000)
15:59:06 DEBUG   [toctoc] 1 avisos vía estado-embebido
15:59:06 INFO    Enriquecido y descartado: Y77D2 (arriendo de $2.002.815 sobre el máximo negociable de $1.904.000)
15:59:11 DEBUG   [toctoc] 1 avisos vía estado-embebido
15:59:11 INFO    Enriquecido y descartado: 9JAPA (arriendo de $2.452.426 sobre el máximo negociable de $1.904.000)
15:59:18 DEBUG   La red no quedó en silencio en https://www.toctoc.com/arriendo/departamento/metropolitana/vitacura/b_d71a7ddb30f6f1640c63c4c765ff48caf0b22f55; se lee igual
15:59:19 DEBUG   [toctoc] 1 avisos vía estado-embebido
15:59:19 INFO    Enriquecido y descartado: KWC9W (arriendo de $3.082.000 sobre el máximo negociable de $1.904.000)
15:59:24 DEBUG   [toctoc] 1 avisos vía estado-embebido
15:59:31 DEBUG   La red no quedó en silencio en https://www.toctoc.com/arriendo/departamento/metropolitana/vitacura/b_5a83ec5d9ddeec1014e84fbdea5c301beaad18d5; se lee igual
15:59:31 DEBUG   [toctoc] 1 avisos vía estado-embebido
15:59:38 DEBUG   La red no quedó en silencio en https://www.toctoc.com/arriendo/departamento/metropolitana/vitacura/b_8e6e657f30127209018991e0ad1aa3be0153aa48; se lee igual
15:59:38 DEBUG   [toctoc] 1 avisos vía estado-embebido
15:59:44 DEBUG   [toctoc] 1 avisos vía estado-embebido
15:59:49 DEBUG   [toctoc] 1 avisos vía estado-embebido
15:59:54 DEBUG   [toctoc] 1 avisos vía estado-embebido
15:59:54 INFO    Fichas leídas: 100 — 12 ganaron el año, 34 la dirección; 61 se descartaron al verlas (4 por viejos)
15:59:54 DEBUG   Libreta: andres de vera 5104 se construyó en 2008 (yapo)
15:59:54 DEBUG   Libreta: americo vespucio norte 2055 se construyó en 2012 (toctoc)
15:59:54 DEBUG   Libreta: bicentenario 3116 se construyó en 2004 (toctoc)
15:59:56 INFO    Listo: 0 avisados de 50 candidatos
