16:03:25 INFO    UF = $41.032.64 (API del día)
16:03:25 INFO    Barriendo TocToc (toctoc)…
16:03:25 INFO    Barriendo Chilepropiedades (chilepropiedades)…
16:03:25 INFO    Barriendo GoPlaceIt (goplaceit)…
16:03:25 INFO    Barriendo Yapo (yapo)…
16:03:25 WARNING https://www.yapo.cl/bienes-raices-alquiler-apartamentos/region-metropolitana-vitacura respondió 403
16:03:25 INFO    [yapo] https://www.yapo.cl/bienes-raices-alquiler-apartamentos/region-metropolitana-vitacura rebotó al GET; se reintenta con navegador
16:03:25 DEBUG   [chilepropiedades] 10 avisos vía tarjetas
16:03:27 DEBUG   [chilepropiedades] 10 avisos vía tarjetas
16:03:29 DEBUG   [chilepropiedades] 10 avisos vía tarjetas
16:03:29 INFO      chilepropiedades: 30 avisos en 5s
16:03:29 INFO    Barriendo BuscoNido (busconido)…
16:03:29 DEBUG   [goplaceit] 30 avisos vía json-ld
16:03:30 DEBUG   [busconido] 23 avisos vía tarjetas
16:03:30 INFO      busconido: 23 avisos en 0s
16:03:30 INFO    Barriendo BienesOnline (bienesonline)…
16:03:31 DEBUG   [bienesonline] 17 avisos vía tarjetas
16:03:31 INFO      bienesonline: 17 avisos en 1s
16:03:31 INFO    Barriendo Economicos (El Mercurio) (economicos)…
16:03:31 WARNING https://www.economicos.cl/search/propiedades/vitacura/arriendo/departamento/0 respondió 403
16:03:31 INFO    [economicos] https://www.economicos.cl/search/propiedades/vitacura/arriendo/departamento/0 rebotó al GET; se reintenta con navegador
16:03:34 DEBUG   La red no quedó en silencio en https://www.toctoc.com/arriendo/departamento/metropolitana/vitacura/3-dormitorios; se lee igual
16:03:35 DEBUG   [toctoc] 20 avisos vía json-ld
16:03:36 DEBUG   La red no quedó en silencio en https://www.yapo.cl/bienes-raices-alquiler-apartamentos/region-metropolitana-vitacura; se lee igual
16:03:36 INFO      yapo: 0 avisos en 11s
16:03:36 INFO    Barriendo iCasas (icasas)…
16:03:37 DEBUG   [icasas] 15 avisos vía tarjetas
16:03:37 INFO      economicos: 0 avisos en 6s
16:03:37 INFO    Barriendo Doomos (doomos)…
16:03:38 DEBUG   [icasas] 15 avisos vía tarjetas
16:03:38 INFO      icasas: 30 avisos en 2s
16:03:38 INFO    Barriendo Top Propiedades (toppropiedades)…
16:03:40 DEBUG   [doomos] 33 avisos vía tarjetas
16:03:40 INFO      doomos: 33 avisos en 2s
16:03:40 INFO    Barriendo Nuroa (nuroa)…
16:03:41 DEBUG   Encoding detection: ascii is most likely the one.
16:03:42 DEBUG   [nuroa] 25 avisos vía json-ld
16:03:43 DEBUG   [toppropiedades] 1 avisos vía json-ld
16:03:44 DEBUG   [nuroa] 25 avisos vía json-ld
16:03:45 DEBUG   La red no quedó en silencio en https://www.toctoc.com/arriendo/departamento/metropolitana/vitacura/3-dormitorios?pagina=2; se lee igual
16:03:45 DEBUG   [toppropiedades] 1 avisos vía json-ld
16:03:45 DEBUG   [toctoc] 20 avisos vía json-ld
16:03:46 DEBUG   [nuroa] 25 avisos vía json-ld
16:03:47 DEBUG   [toppropiedades] 1 avisos vía json-ld
16:03:48 DEBUG   [nuroa] 25 avisos vía json-ld
16:03:48 INFO      nuroa: 100 avisos en 8s
16:03:48 INFO    Barriendo Mitula (mitula)…
16:03:49 DEBUG   [toppropiedades] 1 avisos vía json-ld
16:03:50 DEBUG   [mitula] 30 avisos vía json-ld
16:03:51 DEBUG   [toppropiedades] 1 avisos vía json-ld
16:03:52 DEBUG   [mitula] 30 avisos vía json-ld
16:03:53 INFO      mitula: 60 avisos en 5s
16:03:53 INFO    Barriendo Houm (houm)…
16:03:53 DEBUG   La red no quedó en silencio en https://www.toctoc.com/arriendo/departamento/metropolitana/vitacura/3-dormitorios?pagina=3; se lee igual
16:03:53 DEBUG   [toppropiedades] 1 avisos vía json-ld
16:03:54 DEBUG   [toctoc] 20 avisos vía json-ld
16:03:55 DEBUG   [toppropiedades] 1 avisos vía json-ld
16:03:57 DEBUG   [toppropiedades] 1 avisos vía json-ld
16:03:57 INFO      toppropiedades: 8 avisos en 19s
16:03:57 INFO    Barriendo Hey! Homes (heyhomes)…
16:04:00 DEBUG   [heyhomes] 9 avisos vía tarjetas
16:04:00 INFO      heyhomes: 9 avisos en 3s
16:04:00 INFO    Barriendo Engel & Völkers (engelvoelkers)…
16:04:01 DEBUG   La red no quedó en silencio en https://houm.com/cl/arriendo-departamentos-region-metropolitana/vitacura/3-dormitorios; se lee igual
16:04:02 DEBUG   [houm] 28 avisos vía json-ld
16:04:02 DEBUG   La red no quedó en silencio en https://www.toctoc.com/arriendo/departamento/metropolitana/vitacura/4-dormitorios; se lee igual
16:04:03 DEBUG   [toctoc] 20 avisos vía json-ld
16:04:05 DEBUG   [engelvoelkers] 16 avisos vía tarjetas
16:04:05 INFO      engelvoelkers: 16 avisos en 5s
16:04:05 INFO    Barriendo RE/MAX Chile (remax)…
16:04:13 DEBUG   La red no quedó en silencio en https://houm.com/cl/arriendo-departamento-región-metropolitana/las-condes/170742; se lee igual
16:04:13 DEBUG   [houm] 1 avisos vía estado-embebido
16:04:13 DEBUG   La red no quedó en silencio en https://www.toctoc.com/arriendo/departamento/metropolitana/vitacura/4-dormitorios?pagina=2; se lee igual
16:04:14 DEBUG   [toctoc] 20 avisos vía json-ld
16:04:16 DEBUG   [goplaceit] 30 avisos vía json-ld
16:04:17 INFO      remax: 0 avisos en 12s
16:04:17 INFO    Barriendo Fuenzalida Propiedades (fuenzalida)…
16:04:21 DEBUG   [fuenzalida] 16 avisos vía tarjetas
16:04:23 DEBUG   La red no quedó en silencio en https://houm.com/cl/arriendo-departamento-región-metropolitana/las-condes/180318; se lee igual
16:04:23 DEBUG   [houm] 1 avisos vía estado-embebido
16:04:24 DEBUG   La red no quedó en silencio en https://www.toctoc.com/arriendo/departamento/metropolitana/vitacura/4-dormitorios?pagina=3; se lee igual
16:04:25 DEBUG   [fuenzalida] 20 avisos vía tarjetas
16:04:25 DEBUG   [toctoc] 20 avisos vía json-ld
16:04:25 INFO      toctoc: 120 avisos en 60s
16:04:25 INFO    Barriendo Century 21 Chile (century21)…
16:04:26 INFO      century21: 0 avisos en 1s
16:04:26 INFO    Barriendo Property Partners (propertypartners)…
16:04:26 DEBUG   [propertypartners] 1 avisos vía tarjetas
16:04:26 INFO      propertypartners: 1 avisos en 0s
16:04:26 INFO    Barriendo Acceso Inmobiliario (accesoinmobiliario)…
16:04:28 DEBUG   [fuenzalida] 20 avisos vía tarjetas
16:04:28 INFO      fuenzalida: 56 avisos en 10s
16:04:28 INFO    Barriendo Magnolia Property (magnoliaproperty)…
16:04:28 DEBUG   [magnoliaproperty] 6 avisos vía tarjetas
16:04:28 INFO      magnoliaproperty: 6 avisos en 1s
16:04:28 INFO    Barriendo Portilla Propiedades (portillapropiedades)…
16:04:29 DEBUG   [portillapropiedades] 2 avisos vía tarjetas
16:04:29 INFO      portillapropiedades: 2 avisos en 1s
16:04:29 INFO    Barriendo Nativo Propiedades (nativopropiedades)…
16:04:30 DEBUG   [nativopropiedades] 10 avisos vía tarjetas
16:04:30 INFO      nativopropiedades: 10 avisos en 1s
16:04:30 INFO    Barriendo Enlace Inmobiliario (enlaceinmobiliario)…
16:04:30 WARNING https://www.enlaceinmobiliario.cl/ respondió 403
16:04:30 INFO    [enlaceinmobiliario] https://www.enlaceinmobiliario.cl/ rebotó al GET; se reintenta con navegador
16:04:30 DEBUG   [accesoinmobiliario] 16 avisos vía tarjetas
16:04:32 DEBUG   La red no quedó en silencio en https://houm.com/cl/arriendo-departamento-región-metropolitana/lo-barnechea/74201; se lee igual
16:04:32 DEBUG   [houm] 1 avisos vía estado-embebido
16:04:39 DEBUG   La red no quedó en silencio en https://www.enlaceinmobiliario.cl/; se lee igual
16:04:39 INFO      enlaceinmobiliario: 0 avisos en 9s
16:04:39 INFO    Barriendo Rentas.cl (rentas_cl)…
16:04:41 DEBUG   [rentas_cl] 1 avisos vía json-ld
16:04:41 INFO      rentas_cl: 1 avisos en 2s
16:04:41 INFO    Barriendo Arriendos.cl (arriendos_cl)…
16:04:42 INFO      arriendos_cl: 0 avisos en 1s
16:04:42 INFO    Barriendo Propiedades.cl (propiedades_cl)…
16:04:42 DEBUG   [propiedades_cl] 6 avisos vía tarjetas
16:04:42 INFO      propiedades_cl: 6 avisos en 0s
16:04:42 INFO    Barriendo Clasificados.cl (clasificados_cl)…
16:04:43 DEBUG   La red no quedó en silencio en https://houm.com/cl/arriendo-departamento-región-metropolitana/recoleta/179872; se lee igual
16:04:43 DEBUG   [houm] 1 avisos vía estado-embebido
16:04:45 DEBUG   [clasificados_cl] 1 avisos vía tarjetas
16:04:45 INFO      clasificados_cl: 1 avisos en 3s
16:04:52 DEBUG   La red no quedó en silencio en https://houm.com/cl/arriendo-departamento-región-metropolitana/recoleta/178185; se lee igual
16:04:52 DEBUG   [houm] 1 avisos vía estado-embebido
16:05:01 DEBUG   La red no quedó en silencio en https://houm.com/cl/arriendo-departamento-región-metropolitana/recoleta/176207; se lee igual
16:05:01 DEBUG   [houm] 1 avisos vía estado-embebido
16:05:01 DEBUG   [accesoinmobiliario] 1 avisos vía tarjetas
16:05:04 DEBUG   [goplaceit] 30 avisos vía json-ld
16:05:09 DEBUG   La red no quedó en silencio en https://houm.com/cl/arriendo-departamento-región-metropolitana/las-condes/177842; se lee igual
16:05:09 DEBUG   [houm] 1 avisos vía estado-embebido
16:05:17 DEBUG   La red no quedó en silencio en https://houm.com/cl/arriendo-departamento-región-metropolitana/recoleta/176958; se lee igual
16:05:17 DEBUG   [houm] 1 avisos vía estado-embebido
16:05:17 INFO      houm: 36 avisos en 85s
16:05:18 DEBUG   [accesoinmobiliario] 1 avisos vía tarjetas
16:05:23 INFO      accesoinmobiliario: 18 avisos en 57s
16:05:31 INFO      goplaceit: 90 avisos en 126s
16:05:31 INFO    Total crudo: 673 avisos
16:05:31 INFO    Después de deduplicar: 471
16:05:32 INFO    Pasaron los filtros: 50
16:05:52 DEBUG   [doomos] 18 avisos vía tarjetas
16:05:52 DEBUG   Ficha de YVT22 sin candidato propio; no se fusiona
16:05:53 DEBUG   Ficha de HW5MX sin candidato propio; no se fusiona
16:05:54 DEBUG   [doomos] 27 avisos vía tarjetas
16:05:54 DEBUG   Ficha de U44VT sin candidato propio; no se fusiona
16:05:56 DEBUG   [doomos] 27 avisos vía tarjetas
16:05:56 DEBUG   Ficha de KNAE9 sin candidato propio; no se fusiona
16:05:58 DEBUG   [doomos] 27 avisos vía tarjetas
16:05:58 DEBUG   Ficha de PR3QK sin candidato propio; no se fusiona
16:06:01 DEBUG   [doomos] 27 avisos vía tarjetas
16:06:01 DEBUG   Ficha de 2HWEW sin candidato propio; no se fusiona
16:06:05 DEBUG   [doomos] 27 avisos vía tarjetas
16:06:05 DEBUG   Ficha de ZWNAN sin candidato propio; no se fusiona
16:06:06 DEBUG   [busconido] 10 avisos vía tarjetas
16:06:06 DEBUG   Ficha de RSF5N sin candidato propio; no se fusiona
16:06:07 DEBUG   [busconido] 11 avisos vía tarjetas
16:06:07 DEBUG   Ficha de 5G5TS sin candidato propio; no se fusiona
16:06:09 DEBUG   [busconido] 11 avisos vía tarjetas
16:06:09 DEBUG   Ficha de 98N9T sin candidato propio; no se fusiona
16:06:11 DEBUG   [busconido] 10 avisos vía tarjetas
16:06:11 DEBUG   Ficha de 34ZHW sin candidato propio; no se fusiona
16:06:13 DEBUG   [busconido] 10 avisos vía tarjetas
16:06:13 DEBUG   Ficha de 9DJRC sin candidato propio; no se fusiona
16:06:16 DEBUG   [doomos] 27 avisos vía tarjetas
16:06:16 DEBUG   Ficha de FQ6XQ sin candidato propio; no se fusiona
16:06:16 DEBUG   [busconido] 10 avisos vía tarjetas
16:06:16 DEBUG   Ficha de 3SSBS sin candidato propio; no se fusiona
16:06:18 DEBUG   [busconido] 10 avisos vía tarjetas
16:06:18 DEBUG   Ficha de KWJ7Y sin candidato propio; no se fusiona
16:06:21 INFO    Enriquecido y descartado: YAVJA (arriendo de $3.517.371 sobre el máximo negociable de $1.904.000)
16:06:28 INFO    Enriquecido y descartado: CC2AY (arriendo de $2.032.258 sobre el máximo negociable de $1.904.000)
16:06:29 DEBUG   [doomos] 18 avisos vía tarjetas
16:06:29 DEBUG   Ficha de J5JN4 sin candidato propio; no se fusiona
16:06:36 DEBUG   [engelvoelkers] 1 avisos vía json-ld
16:06:42 DEBUG   [doomos] 27 avisos vía tarjetas
16:06:42 DEBUG   Ficha de P8XMT sin candidato propio; no se fusiona
16:06:48 DEBUG   [toctoc] 1 avisos vía estado-embebido
16:06:57 DEBUG   [toctoc] 1 avisos vía estado-embebido
16:06:57 WARNING robots.txt no permite https://www.nuroa.cl/adform/10342-912-b45c-1a0ce6e-984c-ada286d9a1f6-77e4?click_type=0&pos=23&searchType=2&page=1&section=1&t_sec=1&sectionType=1&pageViewId=293ea5f8-f2dc-4cc0-9cf0-ba5179fa4ff0&t_pvid=293ea5f8-f2dc-4cc0-9cf0-ba5179fa4ff0&userAgent=Mozilla%2F5.0+%28compatible%3B+radar-arriendos%2F1.0%3B+uso+personal%2C+busqueda+de+arriendo%3B+%2Bhttps%3A%2F%2Fgithub.com%2Falfonsoandona%2Farriendos-vitacura%29&browser=1&isHuman=true&userIp=57.154.167.148&what=vitacura+departamento&search_terms=vitacura+departamento&origin=1&t_or=1&splitTestId=0 — se omite
16:07:03 DEBUG   [toctoc] 1 avisos vía estado-embebido
16:07:06 INFO    Enriquecido y descartado: 75BRH (arriendo de $2.931.142 sobre el máximo negociable de $1.904.000)
16:07:28 INFO    Enriquecido y descartado: 75BRH (arriendo de $2.149.504 sobre el máximo negociable de $1.904.000)
16:07:32 INFO    Enriquecido y descartado: 75BRH (arriendo de $1.954.095 sobre el máximo negociable de $1.904.000)
16:07:49 DEBUG   [toctoc] 1 avisos vía estado-embebido
16:07:54 DEBUG   [toctoc] 1 avisos vía estado-embebido
16:07:58 WARNING robots.txt no permite https://www.nuroa.cl/adform/10342-912-3e9b-1a0e30e-bd4c-4f30fb45531b-7a22?click_type=0&pos=4&searchType=1&page=1&section=1&t_sec=1&sectionType=1&pageViewId=293ea5f8-f2dc-4cc0-9cf0-ba5179fa4ff0&t_pvid=293ea5f8-f2dc-4cc0-9cf0-ba5179fa4ff0&userAgent=Mozilla%2F5.0+%28compatible%3B+radar-arriendos%2F1.0%3B+uso+personal%2C+busqueda+de+arriendo%3B+%2Bhttps%3A%2F%2Fgithub.com%2Falfonsoandona%2Farriendos-vitacura%29&browser=1&isHuman=true&userIp=57.154.167.148&what=vitacura+departamento&search_terms=vitacura+departamento&origin=1&t_or=1&splitTestId=0 — se omite
16:07:58 WARNING robots.txt no permite https://www.nuroa.cl/adform/10342-912-e7f8-1a0a016-97e0-4460cb69457-7a3c?click_type=0&pos=16&searchType=1&page=3&section=1&t_sec=1&sectionType=1&pageViewId=3691147f-d174-489f-851d-ebbc5d1c61ad&t_pvid=3691147f-d174-489f-851d-ebbc5d1c61ad&userAgent=Mozilla%2F5.0+%28compatible%3B+radar-arriendos%2F1.0%3B+uso+personal%2C+busqueda+de+arriendo%3B+%2Bhttps%3A%2F%2Fgithub.com%2Falfonsoandona%2Farriendos-vitacura%29&browser=1&isHuman=true&userIp=57.154.167.148&what=vitacura+departamento&search_terms=vitacura+departamento&origin=1&t_or=1&splitTestId=0 — se omite
16:08:03 DEBUG   [toctoc] 1 avisos vía estado-embebido
16:08:07 INFO    Enriquecido y descartado: 75BRH (arriendo de $4.299.009 sobre el máximo negociable de $1.904.000)
16:08:10 INFO    Fichas leídas: 50 — 0 ganaron el año, 0 la dirección; 6 se descartaron al verlas (0 por viejos)
16:08:11 INFO    Listo: 0 avisados de 44 candidatos
