23:23:54 INFO    UF = $40.864.55 (API del día)
23:23:54 INFO    Barriendo TocToc (toctoc)…
23:23:54 INFO    Barriendo Chilepropiedades (chilepropiedades)…
23:23:54 INFO    Barriendo GoPlaceIt (goplaceit)…
23:23:54 INFO    Barriendo Yapo (yapo)…
23:23:54 DEBUG   [chilepropiedades] 10 avisos vía tarjetas
23:23:56 DEBUG   [yapo] 30 avisos vía tarjetas
23:23:56 DEBUG   [chilepropiedades] 10 avisos vía tarjetas
23:23:57 DEBUG   [goplaceit] 30 avisos vía json-ld
23:23:58 DEBUG   [yapo] 30 avisos vía tarjetas
23:23:58 DEBUG   [chilepropiedades] 10 avisos vía tarjetas
23:23:58 INFO      chilepropiedades: 30 avisos en 5s
23:23:58 INFO    Barriendo BuscoNido (busconido)…
23:23:59 DEBUG   [busconido] 23 avisos vía tarjetas
23:23:59 INFO      busconido: 23 avisos en 1s
23:23:59 INFO    Barriendo BienesOnline (bienesonline)…
23:24:00 DEBUG   [yapo] 30 avisos vía tarjetas
23:24:00 INFO      yapo: 90 avisos en 6s
23:24:00 INFO    Barriendo Economicos (El Mercurio) (economicos)…
23:24:00 DEBUG   [bienesonline] 17 avisos vía tarjetas
23:24:00 INFO      bienesonline: 17 avisos en 1s
23:24:00 INFO    Barriendo iCasas (icasas)…
23:24:01 WARNING https://www.economicos.cl/search/propiedades/vitacura/arriendo/departamento/0 respondió 403
23:24:01 INFO    [economicos] https://www.economicos.cl/search/propiedades/vitacura/arriendo/departamento/0 rebotó al GET; se reintenta con navegador
23:24:01 DEBUG   [icasas] 15 avisos vía tarjetas
23:24:03 INFO      economicos: 0 avisos en 3s
23:24:03 INFO    Barriendo Doomos (doomos)…
23:24:03 DEBUG   [icasas] 15 avisos vía tarjetas
23:24:03 INFO      icasas: 30 avisos en 3s
23:24:03 INFO    Barriendo Top Propiedades (toppropiedades)…
23:24:03 WARNING https://www.doomos.cl/departamentos-vitacura-arriendo respondió 403
23:24:03 INFO    [doomos] https://www.doomos.cl/departamentos-vitacura-arriendo rebotó al GET; se reintenta con navegador
23:24:07 DEBUG   [toppropiedades] 1 avisos vía json-ld
23:24:08 DEBUG   [toctoc] 142 avisos vía estado-embebido
23:24:08 INFO      doomos: 0 avisos en 5s
23:24:08 INFO    Barriendo Nuroa (nuroa)…
23:24:09 DEBUG   [toppropiedades] 1 avisos vía json-ld
23:24:09 DEBUG   Encoding detection: ascii is most likely the one.
23:24:10 DEBUG   [nuroa] 25 avisos vía json-ld
23:24:11 DEBUG   [toppropiedades] 1 avisos vía json-ld
23:24:12 DEBUG   [nuroa] 25 avisos vía json-ld
23:24:13 DEBUG   [toppropiedades] 1 avisos vía json-ld
23:24:15 DEBUG   [nuroa] 25 avisos vía json-ld
23:24:15 DEBUG   [toppropiedades] 1 avisos vía json-ld
23:24:16 DEBUG   [toctoc] 71 avisos vía json-ld
23:24:17 DEBUG   [nuroa] 25 avisos vía json-ld
23:24:18 INFO      nuroa: 100 avisos en 9s
23:24:18 INFO    Barriendo Mitula (mitula)…
23:24:18 DEBUG   [toppropiedades] 1 avisos vía json-ld
23:24:18 WARNING https://casas.mitula.cl/casas/arriendo-departamentos-vitacura respondió 401
23:24:18 INFO    [mitula] https://casas.mitula.cl/casas/arriendo-departamentos-vitacura rebotó al GET; se reintenta con navegador
23:24:19 DEBUG   [toppropiedades] 1 avisos vía json-ld
23:24:21 INFO      mitula: 0 avisos en 4s
23:24:21 INFO    Barriendo Houm (houm)…
23:24:21 DEBUG   [toppropiedades] 1 avisos vía json-ld
23:24:21 INFO      toppropiedades: 8 avisos en 18s
23:24:21 INFO    Barriendo Hey! Homes (heyhomes)…
23:24:24 DEBUG   [toctoc] 142 avisos vía estado-embebido
23:24:24 DEBUG   [heyhomes] 9 avisos vía tarjetas
23:24:24 INFO      heyhomes: 9 avisos en 3s
23:24:24 INFO    Barriendo AssetPlan (assetplan)…
23:24:27 DEBUG   [houm] 28 avisos vía json-ld
23:24:33 DEBUG   [toctoc] 52 avisos vía json-ld
23:24:36 DEBUG   [goplaceit] 30 avisos vía json-ld
23:24:38 DEBUG   [assetplan] 1 avisos vía tarjetas
23:24:38 INFO      assetplan: 1 avisos en 14s
23:24:38 INFO    Barriendo Engel & Völkers (engelvoelkers)…
23:24:43 DEBUG   La red no quedó en silencio en https://houm.com/cl/arriendo-departamento-región-metropolitana/las-condes/170742; se lee igual
23:24:44 DEBUG   [houm] 1 avisos vía estado-embebido
23:24:47 DEBUG   [toctoc] 104 avisos vía estado-embebido
23:24:51 DEBUG   [engelvoelkers] 17 avisos vía tarjetas
23:24:51 INFO      engelvoelkers: 17 avisos en 13s
23:24:51 INFO    Barriendo RE/MAX Chile (remax)…
23:24:55 DEBUG   La red no quedó en silencio en https://houm.com/cl/arriendo-departamento-región-metropolitana/las-condes/175757; se lee igual
23:24:55 DEBUG   [houm] 1 avisos vía estado-embebido
23:25:02 DEBUG   La red no quedó en silencio en https://www.remax.cl/es-cl/busqueda/metropolitana-de-santiago/santiago/vitacura/residencial-departamento/arriendo/; se lee igual
23:25:03 DEBUG   [toctoc] 104 avisos vía estado-embebido
23:25:03 INFO      toctoc: 615 avisos en 69s
23:25:03 INFO    Barriendo Fuenzalida Propiedades (fuenzalida)…
23:25:03 DEBUG   [remax] 6 avisos vía tarjetas
23:25:07 DEBUG   [fuenzalida] 16 avisos vía tarjetas
23:25:10 DEBUG   La red no quedó en silencio en https://houm.com/cl/arriendo-departamento-región-metropolitana/ñuñoa/176912; se lee igual
23:25:10 DEBUG   [houm] 1 avisos vía estado-embebido
23:25:11 DEBUG   [fuenzalida] 20 avisos vía tarjetas
23:25:13 DEBUG   La red no quedó en silencio en https://www.remax.cl/es-cl/busqueda/metropolitana-de-santiago/santiago/vitacura/residencial-departamento/arriendo/?page=2; se lee igual
23:25:13 DEBUG   [remax] 6 avisos vía tarjetas
23:25:13 INFO      remax: 12 avisos en 22s
23:25:13 INFO    Barriendo Century 21 Chile (century21)…
23:25:14 INFO      century21: 0 avisos en 1s
23:25:14 INFO    Barriendo Property Partners (propertypartners)…
23:25:14 DEBUG   [fuenzalida] 20 avisos vía tarjetas
23:25:14 INFO      fuenzalida: 56 avisos en 11s
23:25:14 INFO    Barriendo Acceso Inmobiliario (accesoinmobiliario)…
23:25:15 DEBUG   [propertypartners] 1 avisos vía tarjetas
23:25:15 INFO      propertypartners: 1 avisos en 1s
23:25:15 INFO    Barriendo Magnolia Property (magnoliaproperty)…
23:25:15 DEBUG   [magnoliaproperty] 7 avisos vía tarjetas
23:25:15 INFO      magnoliaproperty: 7 avisos en 1s
23:25:15 INFO    Barriendo Portilla Propiedades (portillapropiedades)…
23:25:16 DEBUG   [portillapropiedades] 2 avisos vía tarjetas
23:25:16 INFO      portillapropiedades: 2 avisos en 1s
23:25:16 INFO    Barriendo Nativo Propiedades (nativopropiedades)…
23:25:17 DEBUG   [nativopropiedades] 7 avisos vía tarjetas
23:25:17 INFO      nativopropiedades: 7 avisos en 1s
23:25:17 INFO    Barriendo Enlace Inmobiliario (enlaceinmobiliario)…
23:25:17 WARNING https://www.enlaceinmobiliario.cl/ respondió 403
23:25:17 INFO    [enlaceinmobiliario] https://www.enlaceinmobiliario.cl/ rebotó al GET; se reintenta con navegador
23:25:19 DEBUG   [accesoinmobiliario] 14 avisos vía tarjetas
23:25:20 DEBUG   La red no quedó en silencio en https://houm.com/cl/arriendo-departamento-región-metropolitana/ñuñoa/174379; se lee igual
23:25:21 DEBUG   [houm] 1 avisos vía estado-embebido
23:25:24 INFO      enlaceinmobiliario: 0 avisos en 7s
23:25:24 INFO    Barriendo Rentas.cl (rentas_cl)…
23:25:26 DEBUG   [rentas_cl] 1 avisos vía json-ld
23:25:26 INFO      rentas_cl: 1 avisos en 2s
23:25:26 INFO    Barriendo Arriendos.cl (arriendos_cl)…
23:25:28 INFO      arriendos_cl: 0 avisos en 1s
23:25:28 INFO    Barriendo Propiedades.cl (propiedades_cl)…
23:25:28 DEBUG   [propiedades_cl] 6 avisos vía tarjetas
23:25:28 INFO      propiedades_cl: 6 avisos en 1s
23:25:28 INFO    Barriendo Clasificados.cl (clasificados_cl)…
23:25:31 DEBUG   [clasificados_cl] 1 avisos vía tarjetas
23:25:31 INFO      clasificados_cl: 1 avisos en 3s
23:25:31 DEBUG   La red no quedó en silencio en https://houm.com/cl/arriendo-departamento-región-metropolitana/recoleta/176958; se lee igual
23:25:31 DEBUG   [houm] 1 avisos vía estado-embebido
23:25:34 DEBUG   [goplaceit] 30 avisos vía json-ld
23:25:39 DEBUG   La red no quedó en silencio en https://houm.com/cl/arriendo-departamento-región-metropolitana/recoleta/90462; se lee igual
23:25:40 DEBUG   [houm] 1 avisos vía estado-embebido
23:25:42 DEBUG   [accesoinmobiliario] 1 avisos vía tarjetas
23:25:42 INFO      accesoinmobiliario: 15 avisos en 28s
23:25:48 DEBUG   La red no quedó en silencio en https://houm.com/cl/arriendo-departamento-región-metropolitana/recoleta/177459; se lee igual
23:25:48 DEBUG   [houm] 1 avisos vía estado-embebido
23:25:56 DEBUG   La red no quedó en silencio en https://houm.com/cl/arriendo-departamento-región-metropolitana/independencia/167934; se lee igual
23:25:56 DEBUG   [houm] 1 avisos vía estado-embebido
23:25:56 INFO      houm: 36 avisos en 95s
23:26:01 INFO      goplaceit: 90 avisos en 128s
23:26:01 INFO    Total crudo: 1174 avisos
23:26:02 INFO    Después de deduplicar: 419
23:26:02 INFO    Pasaron los filtros: 68
23:26:45 DEBUG   [chilepropiedades] 2 avisos vía json-ld
23:26:46 DEBUG   Ficha de BYN6Z sin candidato propio; no se fusiona
23:26:53 DEBUG   La red no quedó en silencio en https://www.remax.cl/es-cl/propiedades/departamento/arriendo/vitacura/1028102083-900; se lee igual
23:26:53 DEBUG   [remax] 1 avisos vía tarjetas
23:26:53 INFO    Enriquecido y descartado: BZ9PF (2 dormitorios, bajo el mínimo de 3)
23:26:54 DEBUG   Ficha de KM3V2 sin candidato propio; no se fusiona
23:26:54 DEBUG   [busconido] 11 avisos vía tarjetas
23:26:54 DEBUG   Ficha de 6M7Z8 sin candidato propio; no se fusiona
23:26:56 DEBUG   [busconido] 11 avisos vía tarjetas
23:26:56 DEBUG   Ficha de BFHTK sin candidato propio; no se fusiona
23:26:58 DEBUG   [busconido] 10 avisos vía tarjetas
23:26:58 DEBUG   Ficha de VWVRP sin candidato propio; no se fusiona
23:27:00 DEBUG   [busconido] 10 avisos vía tarjetas
23:27:00 DEBUG   Ficha de 364V9 sin candidato propio; no se fusiona
23:27:02 DEBUG   [busconido] 11 avisos vía tarjetas
23:27:02 DEBUG   Ficha de 96SA3 sin candidato propio; no se fusiona
23:27:04 DEBUG   [busconido] 10 avisos vía tarjetas
23:27:04 DEBUG   Ficha de FUZK5 sin candidato propio; no se fusiona
23:27:06 DEBUG   [busconido] 10 avisos vía tarjetas
23:27:06 DEBUG   Ficha de 577CB sin candidato propio; no se fusiona
23:27:08 DEBUG   [busconido] 10 avisos vía tarjetas
23:27:08 DEBUG   Ficha de DV3NN sin candidato propio; no se fusiona
23:27:10 DEBUG   [busconido] 10 avisos vía tarjetas
23:27:10 DEBUG   Ficha de WGGPF sin candidato propio; no se fusiona
23:27:12 DEBUG   [busconido] 11 avisos vía tarjetas
23:27:12 DEBUG   Ficha de X2JYT sin candidato propio; no se fusiona
23:27:14 DEBUG   [busconido] 11 avisos vía tarjetas
23:27:14 DEBUG   Ficha de 6FNE3 sin candidato propio; no se fusiona
23:27:16 DEBUG   [busconido] 10 avisos vía tarjetas
23:27:16 DEBUG   Ficha de 3VW8K sin candidato propio; no se fusiona
23:27:18 DEBUG   [busconido] 11 avisos vía tarjetas
23:27:18 DEBUG   Ficha de P2FKE sin candidato propio; no se fusiona
23:27:20 DEBUG   [busconido] 11 avisos vía tarjetas
23:27:20 DEBUG   Ficha de ENWMY sin candidato propio; no se fusiona
23:27:28 DEBUG   La red no quedó en silencio en https://www.toctoc.com/propiedades/arriendocorredorasr/departamento/vitacura/gran-vista-2-estac--4-dorm-colegio-aleman/bf6d287e14ecadb81e3e833c9266d2a4db2ec43d; se lee igual
23:27:28 DEBUG   [toctoc] 1 avisos vía estado-embebido
23:27:28 INFO    Enriquecido y descartado: SHUZJ (arriendo de $2.200.000 sobre el máximo negociable de $1.904.000)
23:27:34 DEBUG   [toctoc] 1 avisos vía estado-embebido
23:27:34 INFO    Enriquecido y descartado: E366M (arriendo de $2.000.000 sobre el máximo negociable de $1.904.000)
23:27:40 DEBUG   [toctoc] 1 avisos vía estado-embebido
23:27:40 INFO    Enriquecido y descartado: E366M (arriendo de $2.400.000 sobre el máximo negociable de $1.904.000)
23:27:44 DEBUG   [busconido] 10 avisos vía tarjetas
23:27:44 DEBUG   Ficha de UVQY7 sin candidato propio; no se fusiona
23:27:50 DEBUG   [toctoc] 1 avisos vía estado-embebido
23:27:50 INFO    Enriquecido y descartado: 36245 (arriendo de $3.882.132 sobre el máximo negociable de $1.904.000)
23:27:57 DEBUG   [toctoc] 1 avisos vía estado-embebido
23:27:57 INFO    Enriquecido y descartado: 36245 (arriendo de $3.882.132 sobre el máximo negociable de $1.904.000)
23:28:03 DEBUG   [toctoc] 1 avisos vía estado-embebido
23:28:03 INFO    Enriquecido y descartado: DNSPN (arriendo de $3.064.841 sobre el máximo negociable de $1.904.000)
23:28:09 DEBUG   [toctoc] 1 avisos vía estado-embebido
23:28:14 DEBUG   [toctoc] 1 avisos vía estado-embebido
23:28:19 DEBUG   [chilepropiedades] 2 avisos vía json-ld
23:28:26 DEBUG   La red no quedó en silencio en https://www.toctoc.com/propiedades/arriendocorredorasr/departamento/vitacura/acogedor-y-luminoso-departamento-ubicado-a-pasos-de-vitacura-y-kennedy/8e6e657f30127209018991e0ad1aa3be0153aa48; se lee igual
23:28:26 DEBUG   [toctoc] 1 avisos vía estado-embebido
23:28:33 DEBUG   [toctoc] 1 avisos vía estado-embebido
23:28:39 DEBUG   [toctoc] 1 avisos vía estado-embebido
23:28:48 DEBUG   [toctoc] 1 avisos vía estado-embebido
23:28:54 DEBUG   [toctoc] 1 avisos vía estado-embebido
23:28:54 INFO    Enriquecido y descartado: 5ZREX (39 años (construido en 1987), sobre el máximo de 30)
23:28:54 WARNING robots.txt no permite https://www.nuroa.cl/adform/10342-912-5f3d-19e92d3-bae6-98ff4d8aca01-7f27?click_type=0&pos=22&searchType=1&page=1&section=1&t_sec=1&sectionType=1&pageViewId=6e13d8fb-fc0a-46d7-8266-12ad240258fc&t_pvid=6e13d8fb-fc0a-46d7-8266-12ad240258fc&userAgent=Mozilla%2F5.0+%28compatible%3B+radar-arriendos%2F1.0%3B+uso+personal%2C+busqueda+de+arriendo%3B+%2Bhttps%3A%2F%2Fgithub.com%2Falfonsoandona%2Farriendos-vitacura%29&browser=1&isHuman=true&userIp=13.83.235.146&what=vitacura+departamento&search_terms=vitacura+departamento&origin=1&t_or=1&splitTestId=0 — se omite
23:28:58 DEBUG   [engelvoelkers] 1 avisos vía json-ld
23:29:01 INFO    Enriquecido y descartado: 75BRH (arriendo de $2.931.142 sobre el máximo negociable de $1.904.000)
23:29:24 INFO    Enriquecido y descartado: 75BRH (arriendo de $2.149.504 sobre el máximo negociable de $1.904.000)
23:29:31 INFO    Enriquecido y descartado: 75BRH (arriendo de $1.954.095 sobre el máximo negociable de $1.904.000)
23:29:36 DEBUG   [toctoc] 1 avisos vía estado-embebido
23:29:36 INFO    Enriquecido y descartado: NBFJR (arriendo de $3.064.841 sobre el máximo negociable de $1.904.000)
23:29:53 DEBUG   [toctoc] 1 avisos vía estado-embebido
23:30:00 DEBUG   [toctoc] 1 avisos vía estado-embebido
23:30:00 INFO    Enriquecido y descartado: 4V73Z (arriendo de $4.822.017 sobre el máximo negociable de $1.904.000)
23:30:06 DEBUG   La red no quedó en silencio en https://www.toctoc.com/propiedades/arriendocorredorasr/departamento/vitacura/luminoso-hogar-ideal-para-familias/584e2daa7a21e8be55b500aa638721bd0f14b25b; se lee igual
23:30:07 DEBUG   [toctoc] 1 avisos vía estado-embebido
23:30:12 DEBUG   [toctoc] 1 avisos vía estado-embebido
23:30:18 DEBUG   [toctoc] 1 avisos vía estado-embebido
23:30:18 INFO    Enriquecido y descartado: NBFJR (arriendo de $3.064.841 sobre el máximo negociable de $1.904.000)
23:30:18 WARNING robots.txt no permite https://www.nuroa.cl/adform/10342-912-ee27-1a01d7c-a7bc-2ba3aed54f3e-81d8?click_type=0&pos=18&searchType=1&page=1&section=1&t_sec=1&sectionType=1&pageViewId=6e13d8fb-fc0a-46d7-8266-12ad240258fc&t_pvid=6e13d8fb-fc0a-46d7-8266-12ad240258fc&userAgent=Mozilla%2F5.0+%28compatible%3B+radar-arriendos%2F1.0%3B+uso+personal%2C+busqueda+de+arriendo%3B+%2Bhttps%3A%2F%2Fgithub.com%2Falfonsoandona%2Farriendos-vitacura%29&browser=1&isHuman=true&userIp=13.83.235.146&what=vitacura+departamento&search_terms=vitacura+departamento&origin=1&t_or=1&splitTestId=0 — se omite
23:30:28 DEBUG   [toctoc] 1 avisos vía estado-embebido
23:30:28 INFO    Enriquecido y descartado: 28Y8R (arriendo de $1.950.000 sobre el máximo negociable de $1.904.000)
23:30:35 DEBUG   La red no quedó en silencio en https://www.toctoc.com/propiedades/arriendocorredorasr/departamento/vitacura/exclusivo-penthouse-duplex-amoblado-con-piscina-privada/2b9a1ba8e3ccf7ee279b91c3ab8ca168c9636274; se lee igual
23:30:35 DEBUG   [toctoc] 1 avisos vía estado-embebido
23:30:35 INFO    Enriquecido y descartado: KAPJ2 (arriendo de $4.699.423 sobre el máximo negociable de $1.904.000)
23:30:41 DEBUG   [toctoc] 1 avisos vía estado-embebido
23:30:41 INFO    Enriquecido y descartado: HTE8X (33 años (construido en 1993), sobre el máximo de 30)
23:30:48 DEBUG   [toctoc] 1 avisos vía estado-embebido
23:30:48 INFO    Enriquecido y descartado: C7YR9 (arriendo de $2.124.957 sobre el máximo negociable de $1.904.000)
23:30:53 DEBUG   [toctoc] 1 avisos vía estado-embebido
23:30:57 INFO    Enriquecido y descartado: 75BRH (arriendo de $4.611.664 sobre el máximo negociable de $1.904.000)
23:31:04 DEBUG   [toctoc] 1 avisos vía estado-embebido
23:31:04 INFO    Enriquecido y descartado: 4V73Z (arriendo de $4.903.746 sobre el máximo negociable de $1.904.000)
23:31:07 INFO    Fichas leídas: 68 — 5 ganaron el año, 1 la dirección; 20 se descartaron al verlas (2 por viejos)
23:31:08 INFO    Listo: 0 avisados de 48 candidatos
