18:47:14 INFO    UF = $40.867.18 (API del día)
18:47:14 INFO    Barriendo TocToc (toctoc)…
18:47:14 INFO    Barriendo Chilepropiedades (chilepropiedades)…
18:47:14 INFO    Barriendo GoPlaceIt (goplaceit)…
18:47:14 INFO    Barriendo Yapo (yapo)…
18:47:14 DEBUG   [chilepropiedades] 10 avisos vía tarjetas
18:47:16 DEBUG   [yapo] 30 avisos vía tarjetas
18:47:16 DEBUG   [chilepropiedades] 10 avisos vía tarjetas
18:47:17 DEBUG   [goplaceit] 30 avisos vía json-ld
18:47:19 DEBUG   [yapo] 30 avisos vía tarjetas
18:47:19 DEBUG   [chilepropiedades] 10 avisos vía tarjetas
18:47:19 INFO      chilepropiedades: 30 avisos en 5s
18:47:19 INFO    Barriendo BuscoNido (busconido)…
18:47:20 DEBUG   [busconido] 23 avisos vía tarjetas
18:47:20 INFO      busconido: 23 avisos en 1s
18:47:20 INFO    Barriendo BienesOnline (bienesonline)…
18:47:21 INFO      bienesonline: 0 avisos en 1s
18:47:21 INFO    Barriendo Economicos (El Mercurio) (economicos)…
18:47:21 DEBUG   [yapo] 30 avisos vía tarjetas
18:47:21 INFO      yapo: 90 avisos en 7s
18:47:21 INFO    Barriendo iCasas (icasas)…
18:47:21 DEBUG   La red no quedó en silencio en https://www.toctoc.com/arriendo/departamento/metropolitana/vitacura/3-dormitorios; se lee igual
18:47:21 DEBUG   [economicos] 20 avisos vía tarjetas
18:47:22 DEBUG   [icasas] 15 avisos vía tarjetas
18:47:22 DEBUG   [toctoc] 20 avisos vía json-ld
18:47:23 DEBUG   [economicos] 18 avisos vía tarjetas
18:47:24 DEBUG   [icasas] 15 avisos vía tarjetas
18:47:24 INFO      icasas: 30 avisos en 3s
18:47:24 INFO    Barriendo Doomos (doomos)…
18:47:25 DEBUG   [economicos] 13 avisos vía tarjetas
18:47:25 INFO      economicos: 51 avisos en 4s
18:47:25 INFO    Barriendo Top Propiedades (toppropiedades)…
18:47:26 DEBUG   [doomos] 31 avisos vía tarjetas
18:47:26 INFO      doomos: 31 avisos en 2s
18:47:26 INFO    Barriendo Nuroa (nuroa)…
18:47:26 DEBUG   Encoding detection: ascii is most likely the one.
18:47:27 DEBUG   [nuroa] 25 avisos vía json-ld
18:47:29 DEBUG   [toppropiedades] 1 avisos vía json-ld
18:47:30 DEBUG   La red no quedó en silencio en https://www.toctoc.com/arriendo/departamento/metropolitana/vitacura/3-dormitorios?pagina=2; se lee igual
18:47:30 DEBUG   [nuroa] 25 avisos vía json-ld
18:47:31 DEBUG   [toctoc] 72 avisos vía json-ld
18:47:31 DEBUG   [toppropiedades] 1 avisos vía json-ld
18:47:32 DEBUG   [nuroa] 25 avisos vía json-ld
18:47:33 DEBUG   [toppropiedades] 1 avisos vía json-ld
18:47:34 DEBUG   [nuroa] 25 avisos vía json-ld
18:47:34 INFO      nuroa: 100 avisos en 9s
18:47:34 INFO    Barriendo Mitula (mitula)…
18:47:35 DEBUG   [toppropiedades] 1 avisos vía json-ld
18:47:36 DEBUG   [mitula] 30 avisos vía json-ld
18:47:37 DEBUG   [toppropiedades] 1 avisos vía json-ld
18:47:37 DEBUG   [toctoc] 20 avisos vía json-ld
18:47:38 DEBUG   [mitula] 30 avisos vía json-ld
18:47:38 INFO      mitula: 60 avisos en 4s
18:47:38 INFO    Barriendo Houm (houm)…
18:47:39 DEBUG   [toppropiedades] 1 avisos vía json-ld
18:47:41 DEBUG   [toppropiedades] 1 avisos vía json-ld
18:47:43 DEBUG   [toppropiedades] 1 avisos vía json-ld
18:47:43 INFO      toppropiedades: 8 avisos en 18s
18:47:43 INFO    Barriendo Hey! Homes (heyhomes)…
18:47:43 DEBUG   [houm] 28 avisos vía json-ld
18:47:45 DEBUG   La red no quedó en silencio en https://www.toctoc.com/arriendo/departamento/metropolitana/vitacura/4-dormitorios; se lee igual
18:47:46 DEBUG   [toctoc] 20 avisos vía json-ld
18:47:46 DEBUG   [heyhomes] 9 avisos vía tarjetas
18:47:46 INFO      heyhomes: 9 avisos en 3s
18:47:46 INFO    Barriendo Engel & Völkers (engelvoelkers)…
18:47:53 DEBUG   La red no quedó en silencio en https://houm.com/cl/arriendo-departamento-región-metropolitana/las-condes/170742; se lee igual
18:47:53 DEBUG   [houm] 1 avisos vía estado-embebido
18:47:54 DEBUG   La red no quedó en silencio en https://www.toctoc.com/arriendo/departamento/metropolitana/vitacura/4-dormitorios?pagina=2; se lee igual
18:47:55 DEBUG   [toctoc] 20 avisos vía json-ld
18:47:57 DEBUG   [engelvoelkers] 17 avisos vía tarjetas
18:47:57 INFO      engelvoelkers: 17 avisos en 11s
18:47:57 INFO    Barriendo RE/MAX Chile (remax)…
18:47:58 DEBUG   [goplaceit] 30 avisos vía json-ld
18:48:05 DEBUG   La red no quedó en silencio en https://houm.com/cl/arriendo-departamento-región-metropolitana/las-condes/175757; se lee igual
18:48:05 DEBUG   La red no quedó en silencio en https://www.toctoc.com/arriendo/departamento/metropolitana/vitacura/4-dormitorios?pagina=3; se lee igual
18:48:05 DEBUG   [houm] 1 avisos vía estado-embebido
18:48:05 DEBUG   [toctoc] 11 avisos vía json-ld
18:48:06 INFO      toctoc: 163 avisos en 52s
18:48:06 INFO    Barriendo Fuenzalida Propiedades (fuenzalida)…
18:48:08 INFO      remax: 0 avisos en 11s
18:48:08 INFO    Barriendo Century 21 Chile (century21)…
18:48:09 DEBUG   [fuenzalida] 16 avisos vía tarjetas
18:48:10 INFO      century21: 0 avisos en 2s
18:48:10 INFO    Barriendo Property Partners (propertypartners)…
18:48:10 DEBUG   [propertypartners] 1 avisos vía tarjetas
18:48:10 INFO      propertypartners: 1 avisos en 0s
18:48:10 INFO    Barriendo Acceso Inmobiliario (accesoinmobiliario)…
18:48:12 DEBUG   [fuenzalida] 20 avisos vía tarjetas
18:48:15 DEBUG   [fuenzalida] 20 avisos vía tarjetas
18:48:15 INFO      fuenzalida: 56 avisos en 9s
18:48:15 INFO    Barriendo Magnolia Property (magnoliaproperty)…
18:48:15 DEBUG   [magnoliaproperty] 6 avisos vía tarjetas
18:48:15 INFO      magnoliaproperty: 6 avisos en 1s
18:48:15 INFO    Barriendo Portilla Propiedades (portillapropiedades)…
18:48:16 DEBUG   La red no quedó en silencio en https://houm.com/cl/arriendo-departamento-región-metropolitana/ñuñoa/176912; se lee igual
18:48:16 DEBUG   [houm] 1 avisos vía estado-embebido
18:48:16 DEBUG   [accesoinmobiliario] 16 avisos vía tarjetas
18:48:16 DEBUG   [portillapropiedades] 2 avisos vía tarjetas
18:48:16 INFO      portillapropiedades: 2 avisos en 1s
18:48:16 INFO    Barriendo Nativo Propiedades (nativopropiedades)…
18:48:17 DEBUG   [nativopropiedades] 7 avisos vía tarjetas
18:48:17 INFO      nativopropiedades: 7 avisos en 1s
18:48:17 INFO    Barriendo Enlace Inmobiliario (enlaceinmobiliario)…
18:48:17 WARNING https://www.enlaceinmobiliario.cl/ respondió 403
18:48:17 INFO    [enlaceinmobiliario] https://www.enlaceinmobiliario.cl/ rebotó al GET; se reintenta con navegador
18:48:22 DEBUG   [accesoinmobiliario] 1 avisos vía tarjetas
18:48:24 DEBUG   La red no quedó en silencio en https://houm.com/cl/arriendo-departamento-región-metropolitana/ñuñoa/174379; se lee igual
18:48:24 DEBUG   [houm] 1 avisos vía estado-embebido
18:48:25 INFO      enlaceinmobiliario: 0 avisos en 8s
18:48:25 INFO    Barriendo Rentas.cl (rentas_cl)…
18:48:27 DEBUG   [rentas_cl] 1 avisos vía json-ld
18:48:27 INFO      rentas_cl: 1 avisos en 2s
18:48:27 INFO    Barriendo Arriendos.cl (arriendos_cl)…
18:48:28 INFO      arriendos_cl: 0 avisos en 1s
18:48:28 INFO    Barriendo Propiedades.cl (propiedades_cl)…
18:48:29 DEBUG   [propiedades_cl] 6 avisos vía tarjetas
18:48:29 INFO      propiedades_cl: 6 avisos en 1s
18:48:29 INFO    Barriendo Clasificados.cl (clasificados_cl)…
18:48:30 DEBUG   [accesoinmobiliario] 1 avisos vía tarjetas
18:48:32 DEBUG   [clasificados_cl] 1 avisos vía tarjetas
18:48:32 INFO      clasificados_cl: 1 avisos en 3s
18:48:35 DEBUG   La red no quedó en silencio en https://houm.com/cl/arriendo-departamento-región-metropolitana/recoleta/178185; se lee igual
18:48:35 DEBUG   [houm] 1 avisos vía estado-embebido
18:48:35 DEBUG   [accesoinmobiliario] 1 avisos vía tarjetas
18:48:41 DEBUG   [accesoinmobiliario] 1 avisos vía tarjetas
18:48:43 DEBUG   La red no quedó en silencio en https://houm.com/cl/arriendo-departamento-región-metropolitana/recoleta/176958; se lee igual
18:48:43 DEBUG   [houm] 1 avisos vía estado-embebido
18:48:44 DEBUG   [goplaceit] 30 avisos vía json-ld
18:48:45 DEBUG   [accesoinmobiliario] 1 avisos vía tarjetas
18:48:51 DEBUG   La red no quedó en silencio en https://houm.com/cl/arriendo-departamento-región-metropolitana/recoleta/90462; se lee igual
18:48:51 DEBUG   [houm] 1 avisos vía estado-embebido
18:48:53 DEBUG   [accesoinmobiliario] 1 avisos vía tarjetas
18:48:57 DEBUG   [accesoinmobiliario] 1 avisos vía tarjetas
18:49:01 DEBUG   La red no quedó en silencio en https://houm.com/cl/arriendo-departamento-región-metropolitana/recoleta/177459; se lee igual
18:49:01 DEBUG   [houm] 1 avisos vía estado-embebido
18:49:01 INFO      houm: 36 avisos en 82s
18:49:04 DEBUG   [accesoinmobiliario] 1 avisos vía tarjetas
18:49:04 INFO      accesoinmobiliario: 24 avisos en 54s
18:49:13 INFO      goplaceit: 90 avisos en 119s
18:49:13 INFO    Total crudo: 842 avisos
18:49:14 INFO    Después de deduplicar: 511
18:49:14 DEBUG   Libreta: las catalpas 1100 72 se construyó en 1992 (toctoc)
18:49:14 INFO    Pasaron los filtros: 93
18:49:53 DEBUG   [economicos] 1 avisos vía tarjetas
18:49:55 DEBUG   [doomos] 18 avisos vía tarjetas
18:49:55 DEBUG   Ficha de YVT22 sin candidato propio; no se fusiona
18:49:56 DEBUG   Ficha de HW5MX sin candidato propio; no se fusiona
18:49:56 DEBUG   [economicos] 1 avisos vía tarjetas
18:49:58 DEBUG   [economicos] 1 avisos vía tarjetas
18:50:00 DEBUG   [economicos] 1 avisos vía tarjetas
18:50:02 DEBUG   [economicos] 1 avisos vía tarjetas
18:50:04 DEBUG   [doomos] 27 avisos vía tarjetas
18:50:04 DEBUG   Ficha de U44VT sin candidato propio; no se fusiona
18:50:04 DEBUG   [economicos] 1 avisos vía tarjetas
18:50:05 DEBUG   [doomos] 27 avisos vía tarjetas
18:50:05 DEBUG   Ficha de ZWNAN sin candidato propio; no se fusiona
18:50:08 DEBUG   [doomos] 27 avisos vía tarjetas
18:50:08 DEBUG   Ficha de 2HWEW sin candidato propio; no se fusiona
18:50:14 DEBUG   Pin del mapa para T46N8: -33.39379, -70.59316
18:50:14 DEBUG   [toctoc] 1 avisos vía estado-embebido
18:50:14 INFO    Enriquecido y descartado: JKM2T (arriendo de $2.574.632 sobre el máximo negociable de $1.904.000)
18:50:20 DEBUG   Pin del mapa para HMSZX: -33.39583, -70.59234
18:50:20 DEBUG   [toctoc] 1 avisos vía estado-embebido
18:50:20 INFO    Enriquecido y descartado: 8QS4E (arriendo de $3.269.374 sobre el máximo negociable de $1.904.000)
18:50:20 DEBUG   [economicos] 1 avisos vía tarjetas
18:50:27 DEBUG   La red no quedó en silencio en https://www.toctoc.com/arriendo/departamento/metropolitana/vitacura/b_2b68d5bd68c0dd847adb7d2ec4b7a8f140613a6d; se lee igual
18:50:27 DEBUG   [toctoc] 1 avisos vía estado-embebido
18:50:27 INFO    Enriquecido y descartado: A5PWK (arriendo de $3.500.000 sobre el máximo negociable de $1.904.000)
18:50:32 DEBUG   Pin del mapa para HXQDC: -33.40190, -70.58413
18:50:32 DEBUG   [toctoc] 1 avisos vía estado-embebido
18:50:32 INFO    Enriquecido y descartado: 3N59D (arriendo de $3.065.038 sobre el máximo negociable de $1.904.000)
18:50:37 DEBUG   Pin del mapa para JBRUA: -33.39611, -70.59052
18:50:37 DEBUG   [toctoc] 1 avisos vía estado-embebido
18:50:37 INFO    Enriquecido y descartado: JBRUA (arriendo de $3.065.038 sobre el máximo negociable de $1.904.000)
18:50:41 DEBUG   Pin del mapa para 3ZMTD: -33.38496, -70.55920
18:50:41 DEBUG   [toctoc] 1 avisos vía estado-embebido
18:50:41 INFO    Enriquecido y descartado: 3ZMTD (arriendo de $3.269.374 sobre el máximo negociable de $1.904.000)
18:50:46 DEBUG   Pin del mapa para 4UA9Q: -33.38419, -70.55936
18:50:46 DEBUG   [toctoc] 1 avisos vía estado-embebido
18:50:46 INFO    Enriquecido y descartado: 4UA9Q (96 m² totales, no llega a más de 100 m²)
18:50:50 DEBUG   Pin del mapa para SJE85: -33.38212, -70.56868
18:50:50 DEBUG   [toctoc] 1 avisos vía estado-embebido
18:50:50 INFO    Enriquecido y descartado: QKSRR (arriendo de $3.473.710 sobre el máximo negociable de $1.904.000)
18:50:55 DEBUG   Pin del mapa para HSBSY: -33.39600, -70.57827
18:50:55 DEBUG   [toctoc] 1 avisos vía estado-embebido
18:50:55 INFO    Enriquecido y descartado: HSBSY (arriendo de $2.452.031 sobre el máximo negociable de $1.904.000)
18:50:59 DEBUG   Pin del mapa para GR57Z: -33.37213, -70.54192
18:50:59 DEBUG   [toctoc] 1 avisos vía estado-embebido
18:50:59 INFO    Enriquecido y descartado: 4V73Z (arriendo de $4.699.726 sobre el máximo negociable de $1.904.000)
18:50:59 DEBUG   [economicos] 1 avisos vía tarjetas
18:50:59 DEBUG   Ficha de XEC3Z sin candidato propio; no se fusiona
18:51:04 DEBUG   Pin del mapa para WR6TN: -33.39782, -70.58954
18:51:04 DEBUG   [toctoc] 1 avisos vía estado-embebido
18:51:04 INFO    Enriquecido y descartado: WR6TN (arriendo de $1.961.625 sobre el máximo negociable de $1.904.000)
18:51:11 DEBUG   La red no quedó en silencio en https://www.toctoc.com/arriendo/departamento/metropolitana/vitacura/o_8e1fe6e00d197403a401ae5bbd160793bac49116; se lee igual
18:51:11 DEBUG   Pin del mapa para DE5DP: -33.38048, -70.54266
18:51:11 DEBUG   [toctoc] 1 avisos vía estado-embebido
18:51:11 DEBUG   [economicos] 1 avisos vía tarjetas
18:51:12 DEBUG   Ficha de KM3V2 sin candidato propio; no se fusiona
18:51:13 DEBUG   [busconido] 11 avisos vía tarjetas
18:51:13 DEBUG   Ficha de 8EPNP sin candidato propio; no se fusiona
18:51:15 DEBUG   [busconido] 11 avisos vía tarjetas
18:51:15 DEBUG   Ficha de 93A28 sin candidato propio; no se fusiona
18:51:17 DEBUG   [busconido] 11 avisos vía tarjetas
18:51:17 DEBUG   Ficha de BFHTK sin candidato propio; no se fusiona
18:51:18 DEBUG   [busconido] 10 avisos vía tarjetas
18:51:18 DEBUG   Ficha de VWVRP sin candidato propio; no se fusiona
18:51:21 DEBUG   [busconido] 11 avisos vía tarjetas
18:51:21 DEBUG   Ficha de YYHED sin candidato propio; no se fusiona
18:51:23 DEBUG   [busconido] 10 avisos vía tarjetas
18:51:23 DEBUG   Ficha de F9T2P sin candidato propio; no se fusiona
18:51:25 DEBUG   [busconido] 11 avisos vía tarjetas
18:51:25 DEBUG   Ficha de 2SB6D sin candidato propio; no se fusiona
18:51:27 DEBUG   [busconido] 11 avisos vía tarjetas
18:51:27 DEBUG   Ficha de W7NQZ sin candidato propio; no se fusiona
18:51:29 DEBUG   [busconido] 10 avisos vía tarjetas
18:51:29 DEBUG   Ficha de 3VW8K sin candidato propio; no se fusiona
18:51:31 DEBUG   [busconido] 11 avisos vía tarjetas
18:51:31 DEBUG   Ficha de V5JRB sin candidato propio; no se fusiona
18:51:33 DEBUG   [busconido] 11 avisos vía tarjetas
18:51:33 DEBUG   Ficha de Z83A9 sin candidato propio; no se fusiona
18:51:35 DEBUG   [busconido] 10 avisos vía tarjetas
18:51:35 DEBUG   Ficha de SMCCK sin candidato propio; no se fusiona
18:51:35 DEBUG   [economicos] 1 avisos vía tarjetas
18:51:35 INFO    Enriquecido y descartado: S84GC (arriendo de $3.108.725 sobre el máximo negociable de $1.904.000)
18:51:37 DEBUG   [busconido] 10 avisos vía tarjetas
18:51:37 DEBUG   Ficha de AER6Z sin candidato propio; no se fusiona
18:51:37 DEBUG   [economicos] 1 avisos vía tarjetas
18:51:41 DEBUG   [toctoc] 1 avisos vía estado-embebido
18:51:41 DEBUG   [busconido] 10 avisos vía tarjetas
18:51:41 DEBUG   Ficha de UVQY7 sin candidato propio; no se fusiona
18:51:46 DEBUG   Pin del mapa para GDEV4: -33.40522, -70.59529
18:51:46 DEBUG   [toctoc] 1 avisos vía estado-embebido
18:51:46 INFO    Enriquecido y descartado: URZMS (arriendo de $3.600.000 sobre el máximo negociable de $1.904.000)
18:51:51 DEBUG   Pin del mapa para VB9ST: -33.38575, -70.56115
18:51:51 DEBUG   [toctoc] 1 avisos vía estado-embebido
18:51:51 INFO    Enriquecido y descartado: VZXBC (arriendo de $3.473.710 sobre el máximo negociable de $1.904.000)
18:51:58 DEBUG   La red no quedó en silencio en https://www.toctoc.com/arriendo/departamento/metropolitana/vitacura/b_07371a484d38769f591e0676b8d948d6574c5b7d; se lee igual
18:51:58 DEBUG   Pin del mapa para CH4B8: -33.40473, -70.59547
18:51:58 DEBUG   [toctoc] 1 avisos vía estado-embebido
18:51:58 INFO    Enriquecido y descartado: UEND8 (32 años (construido en 1994), sobre el máximo de 30)
18:52:03 DEBUG   Pin del mapa para MVQQV: -33.40571, -70.59718
18:52:03 DEBUG   [toctoc] 1 avisos vía estado-embebido
18:52:03 INFO    Enriquecido y descartado: DZCSP (arriendo de $3.269.374 sobre el máximo negociable de $1.904.000)
18:52:09 DEBUG   Pin del mapa para VUYK3: -33.38092, -70.53519
18:52:09 DEBUG   [toctoc] 1 avisos vía estado-embebido
18:52:09 INFO    Enriquecido y descartado: VUYK3 (arriendo de $2.550.000 sobre el máximo negociable de $1.904.000)
18:52:13 DEBUG   Pin del mapa para V5UYC: -33.39926, -70.59316
18:52:13 DEBUG   [toctoc] 1 avisos vía estado-embebido
18:52:13 INFO    Enriquecido y descartado: 8BFJD (arriendo de $4.699.726 sobre el máximo negociable de $1.904.000)
18:52:19 DEBUG   Pin del mapa para 9YQR3: -33.37213, -70.54192
18:52:19 DEBUG   [toctoc] 1 avisos vía estado-embebido
18:52:19 INFO    Enriquecido y descartado: E9R23 (arriendo de $4.699.726 sobre el máximo negociable de $1.904.000)
18:52:26 DEBUG   Pin del mapa para S76QT: -33.39670, -70.59099
18:52:26 DEBUG   [toctoc] 1 avisos vía estado-embebido
18:52:26 INFO    Enriquecido y descartado: S76QT (arriendo de $3.596.312 sobre el máximo negociable de $1.904.000)
18:52:31 DEBUG   Pin del mapa para HCBT4: -33.40571, -70.59352
18:52:32 DEBUG   [toctoc] 1 avisos vía estado-embebido
18:52:32 INFO    Enriquecido y descartado: XGTG5 (45 años (construido en 1981), sobre el máximo de 30)
18:52:38 DEBUG   Pin del mapa para EJMU3: -33.39788, -70.58897
18:52:38 DEBUG   [toctoc] 1 avisos vía estado-embebido
18:52:38 INFO    Enriquecido y descartado: W6ATB (arriendo de $2.411.164 sobre el máximo negociable de $1.904.000)
18:52:44 DEBUG   Pin del mapa para D2GPN: -33.39031, -70.59455
18:52:44 DEBUG   [toctoc] 1 avisos vía estado-embebido
18:52:44 INFO    Enriquecido y descartado: YNANX (arriendo de $3.269.374 sobre el máximo negociable de $1.904.000)
18:52:49 DEBUG   Pin del mapa para T7VSF: -33.40433, -70.58776
18:52:49 DEBUG   [toctoc] 1 avisos vía estado-embebido
18:52:49 INFO    Enriquecido y descartado: T7VSF (arriendo de $2.200.000 sobre el máximo negociable de $1.904.000)
18:52:55 DEBUG   Pin del mapa para X3YFD: -33.40596, -70.59695
18:52:55 DEBUG   [toctoc] 1 avisos vía estado-embebido
18:52:55 INFO    Enriquecido y descartado: B5SVA (arriendo de $3.269.374 sobre el máximo negociable de $1.904.000)
18:53:00 DEBUG   Pin del mapa para JS3C5: -33.37683, -70.54385
18:53:00 DEBUG   [toctoc] 1 avisos vía estado-embebido
18:53:00 INFO    Enriquecido y descartado: 4JZ9G (arriendo de $1.961.625 sobre el máximo negociable de $1.904.000)
18:53:02 DEBUG   [doomos] 18 avisos vía tarjetas
18:53:02 DEBUG   Ficha de J5JN4 sin candidato propio; no se fusiona
18:53:07 DEBUG   [toctoc] 1 avisos vía estado-embebido
18:53:13 DEBUG   [doomos] 27 avisos vía tarjetas
18:53:13 DEBUG   Ficha de P8XMT sin candidato propio; no se fusiona
18:53:14 DEBUG   [mitula] 3 avisos vía tarjetas
18:53:18 DEBUG   [engelvoelkers] 1 avisos vía json-ld
18:53:23 DEBUG   [toctoc] 1 avisos vía estado-embebido
18:53:28 DEBUG   Ficha de FMDKM sin candidato propio; no se fusiona
18:53:28 WARNING robots.txt no permite https://www.nuroa.cl/adform/10342-912-2704-1a03e46-be46-68531d1ed856-7809?click_type=0&pos=2&searchType=2&page=1&section=1&t_sec=1&sectionType=1&pageViewId=16d728e7-5367-4800-9518-090610813dad&t_pvid=16d728e7-5367-4800-9518-090610813dad&userAgent=Mozilla%2F5.0+%28compatible%3B+radar-arriendos%2F1.0%3B+uso+personal%2C+busqueda+de+arriendo%3B+%2Bhttps%3A%2F%2Fgithub.com%2Falfonsoandona%2Farriendos-vitacura%29&browser=1&isHuman=true&userIp=172.203.204.224&what=vitacura+departamento&search_terms=vitacura+departamento&origin=1&t_or=1&splitTestId=0 — se omite
18:53:34 DEBUG   [toctoc] 1 avisos vía estado-embebido
18:53:39 DEBUG   [toctoc] 1 avisos vía estado-embebido
18:53:43 INFO    Enriquecido y descartado: 75BRH (arriendo de $2.931.142 sobre el máximo negociable de $1.904.000)
18:54:09 INFO    Enriquecido y descartado: 75BRH (arriendo de $2.149.504 sobre el máximo negociable de $1.904.000)
18:54:18 INFO    Enriquecido y descartado: 75BRH (arriendo de $1.954.095 sobre el máximo negociable de $1.904.000)
18:54:36 DEBUG   [toctoc] 1 avisos vía estado-embebido
18:54:47 DEBUG   [toctoc] 1 avisos vía estado-embebido
18:54:47 INFO    Enriquecido y descartado: 9JAPA (arriendo de $2.452.031 sobre el máximo negociable de $1.904.000)
18:54:53 DEBUG   [toctoc] 1 avisos vía estado-embebido
18:54:58 DEBUG   [toctoc] 1 avisos vía estado-embebido
18:55:04 DEBUG   [toctoc] 1 avisos vía estado-embebido
18:55:08 INFO    Enriquecido y descartado: 75BRH (arriendo de $4.611.664 sobre el máximo negociable de $1.904.000)
18:55:12 INFO    Fichas leídas: 93 — 9 ganaron el año, 19 la dirección; 31 se descartaron al verlas (2 por viejos)
18:55:13 INFO    Listo: 0 avisados de 62 candidatos
