15:23:59 INFO    UF = $41.024.46 (API del día)
15:23:59 INFO    Barriendo TocToc (toctoc)…
15:23:59 INFO    Barriendo Chilepropiedades (chilepropiedades)…
15:23:59 INFO    Barriendo GoPlaceIt (goplaceit)…
15:23:59 INFO    Barriendo Yapo (yapo)…
15:23:59 WARNING https://www.yapo.cl/bienes-raices-alquiler-apartamentos/region-metropolitana-vitacura respondió 403
15:23:59 INFO    [yapo] https://www.yapo.cl/bienes-raices-alquiler-apartamentos/region-metropolitana-vitacura rebotó al GET; se reintenta con navegador
15:23:59 DEBUG   [chilepropiedades] 10 avisos vía tarjetas
15:24:01 DEBUG   [chilepropiedades] 10 avisos vía tarjetas
15:24:02 DEBUG   [goplaceit] 30 avisos vía json-ld
15:24:03 DEBUG   [chilepropiedades] 10 avisos vía tarjetas
15:24:03 INFO      chilepropiedades: 30 avisos en 5s
15:24:03 INFO    Barriendo BuscoNido (busconido)…
15:24:04 DEBUG   [busconido] 23 avisos vía tarjetas
15:24:04 INFO      busconido: 23 avisos en 0s
15:24:04 INFO    Barriendo BienesOnline (bienesonline)…
15:24:05 DEBUG   [bienesonline] 17 avisos vía tarjetas
15:24:05 INFO      bienesonline: 17 avisos en 1s
15:24:05 INFO    Barriendo Economicos (El Mercurio) (economicos)…
15:24:05 WARNING https://www.economicos.cl/search/propiedades/vitacura/arriendo/departamento/0 respondió 403
15:24:05 INFO    [economicos] https://www.economicos.cl/search/propiedades/vitacura/arriendo/departamento/0 rebotó al GET; se reintenta con navegador
15:24:06 DEBUG   La red no quedó en silencio en https://www.yapo.cl/bienes-raices-alquiler-apartamentos/region-metropolitana-vitacura; se lee igual
15:24:06 INFO      yapo: 0 avisos en 7s
15:24:06 INFO    Barriendo iCasas (icasas)…
15:24:06 DEBUG   [icasas] 15 avisos vía tarjetas
15:24:08 DEBUG   [icasas] 15 avisos vía tarjetas
15:24:08 INFO      icasas: 30 avisos en 2s
15:24:08 INFO    Barriendo Doomos (doomos)…
15:24:09 DEBUG   La red no quedó en silencio en https://www.toctoc.com/arriendo/departamento/metropolitana/vitacura/3-dormitorios; se lee igual
15:24:10 DEBUG   [toctoc] 20 avisos vía json-ld
15:24:11 INFO      economicos: 0 avisos en 6s
15:24:11 INFO    Barriendo Top Propiedades (toppropiedades)…
15:24:12 DEBUG   [doomos] 32 avisos vía tarjetas
15:24:12 INFO      doomos: 32 avisos en 3s
15:24:12 INFO    Barriendo Nuroa (nuroa)…
15:24:12 DEBUG   Encoding detection: ascii is most likely the one.
15:24:13 DEBUG   [nuroa] 25 avisos vía json-ld
15:24:15 DEBUG   [toppropiedades] 1 avisos vía json-ld
15:24:15 DEBUG   [nuroa] 25 avisos vía json-ld
15:24:17 DEBUG   [toppropiedades] 1 avisos vía json-ld
15:24:17 DEBUG   [nuroa] 25 avisos vía json-ld
15:24:18 DEBUG   La red no quedó en silencio en https://www.toctoc.com/arriendo/departamento/metropolitana/vitacura/3-dormitorios?pagina=2; se lee igual
15:24:18 DEBUG   [toctoc] 20 avisos vía json-ld
15:24:19 DEBUG   [toppropiedades] 1 avisos vía json-ld
15:24:19 DEBUG   [nuroa] 25 avisos vía json-ld
15:24:19 INFO      nuroa: 100 avisos en 8s
15:24:19 INFO    Barriendo Mitula (mitula)…
15:24:21 DEBUG   [toppropiedades] 1 avisos vía json-ld
15:24:21 DEBUG   [mitula] 30 avisos vía json-ld
15:24:23 DEBUG   [toppropiedades] 1 avisos vía json-ld
15:24:23 DEBUG   [mitula] 30 avisos vía json-ld
15:24:23 INFO      mitula: 60 avisos en 4s
15:24:23 INFO    Barriendo Houm (houm)…
15:24:25 DEBUG   [toppropiedades] 1 avisos vía json-ld
15:24:25 DEBUG   [toctoc] 20 avisos vía json-ld
15:24:27 DEBUG   [toppropiedades] 1 avisos vía json-ld
15:24:29 DEBUG   [toppropiedades] 1 avisos vía json-ld
15:24:29 INFO      toppropiedades: 8 avisos en 18s
15:24:29 INFO    Barriendo Hey! Homes (heyhomes)…
15:24:31 DEBUG   La red no quedó en silencio en https://houm.com/cl/arriendo-departamentos-region-metropolitana/vitacura/3-dormitorios; se lee igual
15:24:31 DEBUG   [houm] 28 avisos vía json-ld
15:24:31 DEBUG   [heyhomes] 9 avisos vía tarjetas
15:24:31 INFO      heyhomes: 9 avisos en 3s
15:24:31 INFO    Barriendo Engel & Völkers (engelvoelkers)…
15:24:33 DEBUG   [goplaceit] 30 avisos vía json-ld
15:24:34 DEBUG   [toctoc] 20 avisos vía json-ld
15:24:38 DEBUG   [engelvoelkers] 16 avisos vía tarjetas
15:24:38 INFO      engelvoelkers: 16 avisos en 7s
15:24:38 INFO    Barriendo RE/MAX Chile (remax)…
15:24:40 DEBUG   La red no quedó en silencio en https://houm.com/cl/arriendo-departamento-región-metropolitana/las-condes/170742; se lee igual
15:24:41 DEBUG   [houm] 1 avisos vía estado-embebido
15:24:44 INFO      remax: 0 avisos en 6s
15:24:44 INFO    Barriendo Fuenzalida Propiedades (fuenzalida)…
15:24:47 DEBUG   [fuenzalida] 16 avisos vía tarjetas
15:24:47 DEBUG   La red no quedó en silencio en https://www.toctoc.com/arriendo/departamento/metropolitana/vitacura/4-dormitorios?pagina=2; se lee igual
15:24:48 DEBUG   [toctoc] 20 avisos vía json-ld
15:24:51 DEBUG   [fuenzalida] 20 avisos vía tarjetas
15:24:51 DEBUG   La red no quedó en silencio en https://houm.com/cl/arriendo-departamento-región-metropolitana/las-condes/180318; se lee igual
15:24:51 DEBUG   [houm] 1 avisos vía estado-embebido
15:24:54 DEBUG   [fuenzalida] 20 avisos vía tarjetas
15:24:54 INFO      fuenzalida: 56 avisos en 10s
15:24:54 INFO    Barriendo Century 21 Chile (century21)…
15:24:55 INFO      century21: 0 avisos en 1s
15:24:55 INFO    Barriendo Property Partners (propertypartners)…
15:24:55 DEBUG   [propertypartners] 1 avisos vía tarjetas
15:24:55 INFO      propertypartners: 1 avisos en 1s
15:24:55 INFO    Barriendo Acceso Inmobiliario (accesoinmobiliario)…
15:24:58 DEBUG   La red no quedó en silencio en https://www.toctoc.com/arriendo/departamento/metropolitana/vitacura/4-dormitorios?pagina=3; se lee igual
15:24:58 DEBUG   [toctoc] 20 avisos vía json-ld
15:24:58 INFO      toctoc: 120 avisos en 60s
15:24:58 INFO    Barriendo Magnolia Property (magnoliaproperty)…
15:24:58 DEBUG   La red no quedó en silencio en https://houm.com/cl/arriendo-departamento-región-metropolitana/lo-barnechea/74201; se lee igual
15:24:59 DEBUG   [houm] 1 avisos vía estado-embebido
15:24:59 DEBUG   [magnoliaproperty] 6 avisos vía tarjetas
15:24:59 INFO      magnoliaproperty: 6 avisos en 1s
15:24:59 INFO    Barriendo Portilla Propiedades (portillapropiedades)…
15:24:59 DEBUG   [portillapropiedades] 2 avisos vía tarjetas
15:24:59 INFO      portillapropiedades: 2 avisos en 1s
15:24:59 INFO    Barriendo Nativo Propiedades (nativopropiedades)…
15:25:00 DEBUG   [nativopropiedades] 10 avisos vía tarjetas
15:25:00 INFO      nativopropiedades: 10 avisos en 1s
15:25:00 INFO    Barriendo Enlace Inmobiliario (enlaceinmobiliario)…
15:25:00 WARNING https://www.enlaceinmobiliario.cl/ respondió 403
15:25:00 INFO    [enlaceinmobiliario] https://www.enlaceinmobiliario.cl/ rebotó al GET; se reintenta con navegador
15:25:01 DEBUG   [accesoinmobiliario] 16 avisos vía tarjetas
15:25:05 INFO      enlaceinmobiliario: 0 avisos en 5s
15:25:05 INFO    Barriendo Rentas.cl (rentas_cl)…
15:25:07 DEBUG   [rentas_cl] 1 avisos vía json-ld
15:25:07 INFO      rentas_cl: 1 avisos en 2s
15:25:07 INFO    Barriendo Arriendos.cl (arriendos_cl)…
15:25:08 INFO      arriendos_cl: 0 avisos en 1s
15:25:08 INFO    Barriendo Propiedades.cl (propiedades_cl)…
15:25:08 DEBUG   La red no quedó en silencio en https://houm.com/cl/arriendo-departamento-región-metropolitana/recoleta/179872; se lee igual
15:25:08 DEBUG   [houm] 1 avisos vía estado-embebido
15:25:08 DEBUG   [propiedades_cl] 6 avisos vía tarjetas
15:25:08 INFO      propiedades_cl: 6 avisos en 0s
15:25:08 INFO    Barriendo Clasificados.cl (clasificados_cl)…
15:25:11 DEBUG   [accesoinmobiliario] 1 avisos vía tarjetas
15:25:11 DEBUG   [clasificados_cl] 1 avisos vía tarjetas
15:25:11 INFO      clasificados_cl: 1 avisos en 3s
15:25:16 DEBUG   [accesoinmobiliario] 1 avisos vía tarjetas
15:25:18 DEBUG   La red no quedó en silencio en https://houm.com/cl/arriendo-departamento-región-metropolitana/recoleta/178185; se lee igual
15:25:18 DEBUG   [houm] 1 avisos vía estado-embebido
15:25:23 DEBUG   [goplaceit] 30 avisos vía json-ld
15:25:27 DEBUG   La red no quedó en silencio en https://houm.com/cl/arriendo-departamento-región-metropolitana/recoleta/176207; se lee igual
15:25:27 DEBUG   [houm] 1 avisos vía estado-embebido
15:25:29 DEBUG   [accesoinmobiliario] 1 avisos vía tarjetas
15:25:35 DEBUG   La red no quedó en silencio en https://houm.com/cl/arriendo-departamento-región-metropolitana/las-condes/177842; se lee igual
15:25:35 DEBUG   [houm] 1 avisos vía estado-embebido
15:25:43 DEBUG   [accesoinmobiliario] 1 avisos vía tarjetas
15:25:45 DEBUG   La red no quedó en silencio en https://houm.com/cl/arriendo-departamento-región-metropolitana/recoleta/176958; se lee igual
15:25:45 DEBUG   [houm] 1 avisos vía estado-embebido
15:25:45 INFO      houm: 36 avisos en 82s
15:25:47 INFO      accesoinmobiliario: 20 avisos en 51s
15:25:50 INFO      goplaceit: 90 avisos en 111s
15:25:50 INFO    Total crudo: 674 avisos
15:25:50 INFO    Después de deduplicar: 474
15:25:50 INFO    Pasaron los filtros: 53
15:26:24 WARNING Error en https://www.doomos.cl/de/1465886_arriendo-departamento-en-av-kennedy-vitacura.html (intento 1/3): HTTPSConnectionPool(host='www.doomos.cl', port=443): Read timed out. (read timeout=20)
15:26:46 WARNING Error en https://www.doomos.cl/de/1465886_arriendo-departamento-en-av-kennedy-vitacura.html (intento 2/3): HTTPSConnectionPool(host='www.doomos.cl', port=443): Read timed out. (read timeout=20)
15:27:10 WARNING Error en https://www.doomos.cl/de/1465886_arriendo-departamento-en-av-kennedy-vitacura.html (intento 3/3): HTTPSConnectionPool(host='www.doomos.cl', port=443): Read timed out. (read timeout=20)
15:27:11 DEBUG   Ficha de HW5MX sin candidato propio; no se fusiona
15:27:11 DEBUG   [chilepropiedades] 2 avisos vía json-ld
15:27:11 INFO    Enriquecido y descartado: M5Z8Q (97 m² totales, no llega a más de 100 m²)
15:27:31 WARNING Error en https://www.doomos.cl/de/2168986_lindo-y-acogedor-depto-vista-despejada-vitacura.html (intento 1/3): HTTPSConnectionPool(host='www.doomos.cl', port=443): Read timed out. (read timeout=20)
15:27:53 WARNING Error en https://www.doomos.cl/de/2168986_lindo-y-acogedor-depto-vista-despejada-vitacura.html (intento 2/3): HTTPSConnectionPool(host='www.doomos.cl', port=443): Read timed out. (read timeout=20)
15:28:17 WARNING Error en https://www.doomos.cl/de/2168986_lindo-y-acogedor-depto-vista-despejada-vitacura.html (intento 3/3): HTTPSConnectionPool(host='www.doomos.cl', port=443): Read timed out. (read timeout=20)
15:28:37 WARNING Error en https://www.doomos.cl/de/1379469_vitacura-depto-amoblado-3-dorm-2-banos-ser-y-estar.html (intento 1/3): HTTPSConnectionPool(host='www.doomos.cl', port=443): Read timed out. (read timeout=20)
15:28:59 WARNING Error en https://www.doomos.cl/de/1379469_vitacura-depto-amoblado-3-dorm-2-banos-ser-y-estar.html (intento 2/3): HTTPSConnectionPool(host='www.doomos.cl', port=443): Read timed out. (read timeout=20)
15:29:23 WARNING Error en https://www.doomos.cl/de/1379469_vitacura-depto-amoblado-3-dorm-2-banos-ser-y-estar.html (intento 3/3): HTTPSConnectionPool(host='www.doomos.cl', port=443): Read timed out. (read timeout=20)
15:29:43 WARNING Error en https://www.doomos.cl/de/1379469_vitacura-depto-amoblado-3-dorm-2-banos-ser-y-estar.html (intento 1/3): HTTPSConnectionPool(host='www.doomos.cl', port=443): Read timed out. (read timeout=20)
15:30:05 WARNING Error en https://www.doomos.cl/de/1379469_vitacura-depto-amoblado-3-dorm-2-banos-ser-y-estar.html (intento 2/3): HTTPSConnectionPool(host='www.doomos.cl', port=443): Read timed out. (read timeout=20)
15:30:29 WARNING Error en https://www.doomos.cl/de/1379469_vitacura-depto-amoblado-3-dorm-2-banos-ser-y-estar.html (intento 3/3): HTTPSConnectionPool(host='www.doomos.cl', port=443): Read timed out. (read timeout=20)
15:30:49 WARNING Error en https://www.doomos.cl/de/3060819_arriendo-departamento-2hab-2ba-vitacura.html (intento 1/3): HTTPSConnectionPool(host='www.doomos.cl', port=443): Read timed out. (read timeout=20)
15:31:08 DEBUG   [doomos] 27 avisos vía tarjetas
15:31:08 DEBUG   Ficha de 2HWEW sin candidato propio; no se fusiona
15:31:24 DEBUG   [doomos] 27 avisos vía tarjetas
15:31:24 DEBUG   Ficha de ZWNAN sin candidato propio; no se fusiona
15:31:34 DEBUG   [toctoc] 1 avisos vía estado-embebido
15:31:34 DEBUG   [busconido] 10 avisos vía tarjetas
15:31:34 DEBUG   Ficha de R75QV sin candidato propio; no se fusiona
15:31:36 DEBUG   [busconido] 10 avisos vía tarjetas
15:31:36 DEBUG   Ficha de ZMABA sin candidato propio; no se fusiona
15:31:38 DEBUG   [busconido] 10 avisos vía tarjetas
15:31:38 DEBUG   Ficha de TSEAH sin candidato propio; no se fusiona
15:31:40 DEBUG   [busconido] 11 avisos vía tarjetas
15:31:40 DEBUG   Ficha de ATMSQ sin candidato propio; no se fusiona
15:31:47 DEBUG   [doomos] 27 avisos vía tarjetas
15:31:47 DEBUG   Ficha de FQ6XQ sin candidato propio; no se fusiona
15:31:47 DEBUG   [busconido] 11 avisos vía tarjetas
15:31:47 DEBUG   Ficha de ZXPSV sin candidato propio; no se fusiona
15:31:49 DEBUG   [busconido] 10 avisos vía tarjetas
15:31:49 DEBUG   Ficha de 6CAQ3 sin candidato propio; no se fusiona
15:31:51 DEBUG   [busconido] 10 avisos vía tarjetas
15:31:51 DEBUG   Ficha de Y8JCM sin candidato propio; no se fusiona
15:31:53 DEBUG   [busconido] 10 avisos vía tarjetas
15:31:53 DEBUG   Ficha de 7J7C5 sin candidato propio; no se fusiona
15:31:55 DEBUG   [busconido] 11 avisos vía tarjetas
15:31:55 DEBUG   Ficha de UVY6H sin candidato propio; no se fusiona
15:31:59 INFO    Enriquecido y descartado: YAVJA (arriendo de $3.517.371 sobre el máximo negociable de $1.904.000)
15:32:02 INFO    Enriquecido y descartado: CC2AY (arriendo de $2.032.258 sobre el máximo negociable de $1.904.000)
15:32:04 DEBUG   [doomos] 18 avisos vía tarjetas
15:32:04 DEBUG   Ficha de J5JN4 sin candidato propio; no se fusiona
15:32:10 DEBUG   [engelvoelkers] 1 avisos vía json-ld
15:32:16 DEBUG   [doomos] 27 avisos vía tarjetas
15:32:16 DEBUG   Ficha de P8XMT sin candidato propio; no se fusiona
15:32:24 DEBUG   [toctoc] 1 avisos vía estado-embebido
15:32:25 DEBUG   [chilepropiedades] 2 avisos vía json-ld
15:32:25 WARNING robots.txt no permite https://www.nuroa.cl/adform/10342-912-b45c-1a0ce6e-984c-ada286d9a1f6-77e4?click_type=0&pos=18&searchType=2&page=1&section=1&t_sec=1&sectionType=1&pageViewId=44f7c866-c27c-4ea7-962a-2afe34ef2adf&t_pvid=44f7c866-c27c-4ea7-962a-2afe34ef2adf&userAgent=Mozilla%2F5.0+%28compatible%3B+radar-arriendos%2F1.0%3B+uso+personal%2C+busqueda+de+arriendo%3B+%2Bhttps%3A%2F%2Fgithub.com%2Falfonsoandona%2Farriendos-vitacura%29&browser=1&isHuman=true&userIp=20.168.157.88&what=vitacura+departamento&search_terms=vitacura+departamento&origin=1&t_or=1&splitTestId=0 — se omite
15:32:31 DEBUG   [toctoc] 1 avisos vía estado-embebido
15:32:34 INFO    Enriquecido y descartado: 75BRH (arriendo de $2.931.142 sobre el máximo negociable de $1.904.000)
15:32:54 INFO    Enriquecido y descartado: 75BRH (arriendo de $2.149.504 sobre el máximo negociable de $1.904.000)
15:32:57 INFO    Enriquecido y descartado: 75BRH (arriendo de $1.954.095 sobre el máximo negociable de $1.904.000)
15:33:13 DEBUG   [toctoc] 1 avisos vía estado-embebido
15:33:17 DEBUG   [toctoc] 1 avisos vía estado-embebido
15:33:21 WARNING robots.txt no permite https://www.nuroa.cl/adform/10342-912-e7f8-1a0a016-97e0-4460cb69457-7a3c?click_type=0&pos=12&searchType=1&page=3&section=1&t_sec=1&sectionType=1&pageViewId=ce77ef18-99c7-4fac-9b9c-09f562f494a7&t_pvid=ce77ef18-99c7-4fac-9b9c-09f562f494a7&userAgent=Mozilla%2F5.0+%28compatible%3B+radar-arriendos%2F1.0%3B+uso+personal%2C+busqueda+de+arriendo%3B+%2Bhttps%3A%2F%2Fgithub.com%2Falfonsoandona%2Farriendos-vitacura%29&browser=1&isHuman=true&userIp=20.168.157.88&what=vitacura+departamento&search_terms=vitacura+departamento&origin=1&t_or=1&splitTestId=0 — se omite
15:33:21 WARNING robots.txt no permite https://placehold.co/1920x1080.mp4 — se omite
15:33:26 DEBUG   [toctoc] 1 avisos vía estado-embebido
15:33:29 INFO    Enriquecido y descartado: 75BRH (arriendo de $4.299.009 sobre el máximo negociable de $1.904.000)
15:33:32 INFO    Fichas leídas: 53 — 2 ganaron el año, 1 la dirección; 7 se descartaron al verlas (0 por viejos)
15:33:34 INFO    Listo: 0 avisados de 46 candidatos
