15:39:47 INFO    UF = $40.859.28 (API del día)
15:39:47 INFO    Barriendo TocToc (toctoc)…
15:39:47 INFO    Barriendo Chilepropiedades (chilepropiedades)…
15:39:47 INFO    Barriendo GoPlaceIt (goplaceit)…
15:39:47 INFO    Barriendo Yapo (yapo)…
15:39:47 DEBUG   [chilepropiedades] 11 avisos vía tarjetas
15:39:49 DEBUG   [chilepropiedades] 11 avisos vía tarjetas
15:39:50 DEBUG   [yapo] 30 avisos vía tarjetas
15:39:51 DEBUG   [chilepropiedades] 11 avisos vía tarjetas
15:39:51 INFO      chilepropiedades: 33 avisos en 5s
15:39:51 INFO    Barriendo BuscoNido (busconido)…
15:39:52 DEBUG   [goplaceit] 30 avisos vía json-ld
15:39:53 DEBUG   [yapo] 30 avisos vía tarjetas
15:39:53 INFO      busconido: 0 avisos en 1s
15:39:53 INFO    Barriendo ComunaVitacura.cl (comunavitacura)…
15:39:54 INFO      comunavitacura: 0 avisos en 2s
15:39:54 INFO    Barriendo BienesOnline (bienesonline)…
15:39:55 DEBUG   [yapo] 30 avisos vía tarjetas
15:39:55 INFO      yapo: 90 avisos en 8s
15:39:55 INFO    Barriendo Economicos (El Mercurio) (economicos)…
15:39:55 WARNING https://www.economicos.cl/search/propiedades/vitacura/arriendo/departamento/0 respondió 403
15:39:55 INFO    [economicos] https://www.economicos.cl/search/propiedades/vitacura/arriendo/departamento/0 rebotó al GET; se reintenta con navegador
15:39:55 DEBUG   [bienesonline] 18 avisos vía tarjetas
15:39:55 INFO      bienesonline: 18 avisos en 1s
15:39:55 INFO    Barriendo iCasas (icasas)…
15:39:56 DEBUG   [icasas] 15 avisos vía tarjetas
15:39:58 INFO      economicos: 0 avisos en 3s
15:39:58 INFO    Barriendo Doomos (doomos)…
15:39:58 DEBUG   [icasas] 15 avisos vía tarjetas
15:39:58 INFO      icasas: 30 avisos en 2s
15:39:58 INFO    Barriendo Top Propiedades (toppropiedades)…
15:40:00 DEBUG   [doomos] 33 avisos vía tarjetas
15:40:00 INFO      doomos: 33 avisos en 2s
15:40:00 INFO    Barriendo Trovit (trovit)…
15:40:01 DEBUG   [trovit] 30 avisos vía json-ld
15:40:02 DEBUG   [toppropiedades] 1 avisos vía json-ld
15:40:04 DEBUG   [toctoc] 128 avisos vía estado-embebido
15:40:04 DEBUG   [toppropiedades] 1 avisos vía json-ld
15:40:04 DEBUG   [trovit] 30 avisos vía json-ld
15:40:06 DEBUG   [toppropiedades] 1 avisos vía json-ld
15:40:06 DEBUG   [trovit] 30 avisos vía json-ld
15:40:07 INFO      trovit: 90 avisos en 7s
15:40:07 INFO    Barriendo Nuroa (nuroa)…
15:40:08 DEBUG   [toppropiedades] 1 avisos vía json-ld
15:40:08 DEBUG   Encoding detection: ascii is most likely the one.
15:40:09 DEBUG   [nuroa] 25 avisos vía json-ld
15:40:10 DEBUG   [toppropiedades] 1 avisos vía json-ld
15:40:10 DEBUG   [toctoc] 134 avisos vía estado-embebido
15:40:11 DEBUG   [nuroa] 25 avisos vía json-ld
15:40:11 INFO      nuroa: 50 avisos en 4s
15:40:11 INFO    Barriendo Mitula (mitula)…
15:40:12 DEBUG   [toppropiedades] 1 avisos vía json-ld
15:40:14 DEBUG   [mitula] 30 avisos vía json-ld
15:40:14 DEBUG   [toppropiedades] 1 avisos vía json-ld
15:40:14 DEBUG   [toctoc] 67 avisos vía json-ld
15:40:15 DEBUG   [mitula] 30 avisos vía json-ld
15:40:15 INFO      mitula: 60 avisos en 4s
15:40:15 INFO    Barriendo Nestoria (nestoria)…
15:40:16 DEBUG   [toppropiedades] 1 avisos vía json-ld
15:40:16 INFO      toppropiedades: 8 avisos en 18s
15:40:16 INFO    Barriendo Houm (houm)…
15:40:17 DEBUG   [nestoria] 25 avisos vía json-ld
15:40:17 INFO      nestoria: 25 avisos en 2s
15:40:17 INFO    Barriendo Hey! Homes (heyhomes)…
15:40:18 DEBUG   [toctoc] 53 avisos vía json-ld
15:40:21 DEBUG   [heyhomes] 9 avisos vía tarjetas
15:40:21 INFO      heyhomes: 9 avisos en 4s
15:40:21 INFO    Barriendo AssetPlan (assetplan)…
15:40:25 DEBUG   La red no quedó en silencio en https://houm.com/cl/arriendo-departamentos-region-metropolitana/vitacura/3-dormitorios; se lee igual
15:40:26 DEBUG   [houm] 28 avisos vía json-ld
15:40:26 DEBUG   [toctoc] 106 avisos vía estado-embebido
15:40:28 DEBUG   [goplaceit] 30 avisos vía json-ld
15:40:31 INFO      assetplan: 0 avisos en 9s
15:40:31 INFO    Barriendo Engel & Völkers (engelvoelkers)…
15:40:36 DEBUG   La red no quedó en silencio en https://houm.com/cl/arriendo-departamento-región-metropolitana/las-condes/170742; se lee igual
15:40:36 DEBUG   [houm] 1 avisos vía estado-embebido
15:40:44 DEBUG   [engelvoelkers] 16 avisos vía tarjetas
15:40:44 INFO      engelvoelkers: 16 avisos en 13s
15:40:44 INFO    Barriendo RE/MAX Chile (remax)…
15:40:46 DEBUG   [toctoc] 106 avisos vía estado-embebido
15:40:46 INFO      toctoc: 594 avisos en 59s
15:40:46 INFO    Barriendo Fuenzalida Propiedades (fuenzalida)…
15:40:49 DEBUG   [fuenzalida] 20 avisos vía tarjetas
15:40:51 DEBUG   La red no quedó en silencio en https://houm.com/cl/arriendo-departamento-región-metropolitana/las-condes/173143; se lee igual
15:40:51 DEBUG   [houm] 1 avisos vía estado-embebido
15:40:52 DEBUG   [fuenzalida] 20 avisos vía tarjetas
15:40:53 INFO      remax: 0 avisos en 9s
15:40:53 INFO    Barriendo Century 21 Chile (century21)…
15:40:54 INFO      century21: 0 avisos en 1s
15:40:54 INFO    Barriendo Property Partners (propertypartners)…
15:40:54 DEBUG   [propertypartners] 1 avisos vía tarjetas
15:40:54 INFO      propertypartners: 1 avisos en 1s
15:40:54 INFO    Barriendo Acceso Inmobiliario (accesoinmobiliario)…
15:40:55 DEBUG   [fuenzalida] 20 avisos vía tarjetas
15:40:55 INFO      fuenzalida: 60 avisos en 9s
15:40:55 INFO    Barriendo Magnolia Property (magnoliaproperty)…
15:40:55 DEBUG   [magnoliaproperty] 7 avisos vía tarjetas
15:40:55 INFO      magnoliaproperty: 7 avisos en 1s
15:40:55 INFO    Barriendo Portilla Propiedades (portillapropiedades)…
15:40:56 DEBUG   [portillapropiedades] 2 avisos vía tarjetas
15:40:56 INFO      portillapropiedades: 2 avisos en 0s
15:40:56 INFO    Barriendo Nativo Propiedades (nativopropiedades)…
15:40:57 DEBUG   [nativopropiedades] 7 avisos vía tarjetas
15:40:57 INFO      nativopropiedades: 7 avisos en 1s
15:40:57 INFO    Barriendo Zenta Group (zentagroup)…
15:40:57 INFO      zentagroup: 0 avisos en 1s
15:40:57 INFO    Barriendo Enlace Inmobiliario (enlaceinmobiliario)…
15:40:58 WARNING https://www.enlaceinmobiliario.cl/ respondió 403
15:40:58 INFO    [enlaceinmobiliario] https://www.enlaceinmobiliario.cl/ rebotó al GET; se reintenta con navegador
15:40:58 DEBUG   [accesoinmobiliario] 16 avisos vía tarjetas
15:41:00 DEBUG   La red no quedó en silencio en https://houm.com/cl/arriendo-departamento-región-metropolitana/las-condes/173170; se lee igual
15:41:00 DEBUG   [houm] 1 avisos vía estado-embebido
15:41:04 INFO      enlaceinmobiliario: 0 avisos en 6s
15:41:04 INFO    Barriendo Rentas.cl (rentas_cl)…
15:41:04 DEBUG   [accesoinmobiliario] 1 avisos vía tarjetas
15:41:06 DEBUG   [rentas_cl] 1 avisos vía json-ld
15:41:06 INFO      rentas_cl: 1 avisos en 2s
15:41:06 INFO    Barriendo Arriendos.cl (arriendos_cl)…
15:41:07 INFO      arriendos_cl: 0 avisos en 1s
15:41:07 INFO    Barriendo Propiedades.cl (propiedades_cl)…
15:41:07 DEBUG   [propiedades_cl] 6 avisos vía tarjetas
15:41:07 INFO      propiedades_cl: 6 avisos en 1s
15:41:07 INFO    Barriendo Clasificados.cl (clasificados_cl)…
15:41:10 DEBUG   [clasificados_cl] 1 avisos vía tarjetas
15:41:10 INFO      clasificados_cl: 1 avisos en 3s
15:41:11 DEBUG   La red no quedó en silencio en https://houm.com/cl/arriendo-departamento-región-metropolitana/las-condes/175757; se lee igual
15:41:11 DEBUG   [houm] 1 avisos vía estado-embebido
15:41:14 DEBUG   [accesoinmobiliario] 1 avisos vía tarjetas
15:41:19 DEBUG   [goplaceit] 30 avisos vía json-ld
15:41:21 DEBUG   La red no quedó en silencio en https://houm.com/cl/arriendo-departamento-región-metropolitana/ñuñoa/176912; se lee igual
15:41:21 DEBUG   [houm] 1 avisos vía estado-embebido
15:41:22 DEBUG   [accesoinmobiliario] 1 avisos vía tarjetas
15:41:28 INFO      accesoinmobiliario: 19 avisos en 34s
15:41:29 DEBUG   La red no quedó en silencio en https://houm.com/cl/arriendo-departamento-región-metropolitana/ñuñoa/174379; se lee igual
15:41:29 DEBUG   [houm] 1 avisos vía estado-embebido
15:41:37 DEBUG   La red no quedó en silencio en https://houm.com/cl/arriendo-departamento-región-metropolitana/providencia/175432; se lee igual
15:41:37 DEBUG   [houm] 1 avisos vía estado-embebido
15:41:44 DEBUG   La red no quedó en silencio en https://houm.com/cl/arriendo-departamento-región-metropolitana/recoleta/176958; se lee igual
15:41:45 DEBUG   [houm] 1 avisos vía estado-embebido
15:41:45 INFO      houm: 36 avisos en 89s
15:41:47 INFO      goplaceit: 90 avisos en 120s
15:41:47 INFO    Total crudo: 1286 avisos
15:41:47 INFO    Después de deduplicar: 536
15:41:47 INFO    Pasaron los filtros: 103
15:41:49 INFO    Ubicados en el mapa: 3 (con 2 consultas nuevas)
15:41:53 DEBUG   [doomos] 24 avisos vía tarjetas
15:41:53 DEBUG   Ficha de YVT22 sin candidato propio; no se fusiona
15:41:56 DEBUG   [doomos] 32 avisos vía tarjetas
15:41:56 DEBUG   Ficha de U44VT sin candidato propio; no se fusiona
15:41:57 DEBUG   [doomos] 33 avisos vía tarjetas
15:41:57 DEBUG   Ficha de KNAE9 sin candidato propio; no se fusiona
15:41:59 DEBUG   [doomos] 33 avisos vía tarjetas
15:41:59 DEBUG   Ficha de ZWNAN sin candidato propio; no se fusiona
15:42:01 DEBUG   [doomos] 33 avisos vía tarjetas
15:42:01 DEBUG   Ficha de PR3QK sin candidato propio; no se fusiona
15:42:01 DEBUG   [chilepropiedades] 1 avisos vía tarjetas
15:42:03 DEBUG   Pin del mapa para FEXZU: -33.34867, -71.65235
15:42:03 DEBUG   [accesoinmobiliario] 1 avisos vía tarjetas
15:42:03 INFO    Enriquecido y descartado: FEXZU (a 101.3 km del ancla, demasiado lejos para estar en la zona (y el aviso no dice la comuna))
15:42:07 DEBUG   [engelvoelkers] 1 avisos vía json-ld
15:42:07 INFO    Enriquecido y descartado: VJ3BP (arriendo de $2.533.275 sobre el máximo negociable de $1.904.000)
15:42:11 DEBUG   Ficha de EKBQX sin candidato propio; no se fusiona
15:42:13 DEBUG   Ficha de EHCY9 sin candidato propio; no se fusiona
15:42:15 DEBUG   [mitula] 3 avisos vía tarjetas
15:42:15 DEBUG   Ficha de JB8JW sin candidato propio; no se fusiona
15:42:15 DEBUG   [yapo] 2 avisos vía tarjetas
15:42:15 DEBUG   Ficha de P3JCQ sin candidato propio; no se fusiona
15:42:16 DEBUG   [mitula] 3 avisos vía tarjetas
15:42:16 DEBUG   Ficha de XPKMN sin candidato propio; no se fusiona
15:42:23 DEBUG   [toctoc] 1 avisos vía estado-embebido
15:42:23 DEBUG   [mitula] 3 avisos vía tarjetas
15:42:24 DEBUG   Ficha de 3CEB4 sin candidato propio; no se fusiona
15:42:31 DEBUG   La red no quedó en silencio en https://www.toctoc.com/propiedades/arriendocorredorasr/departamento/vitacura/gran-vista-2-estac--4-dorm-colegio-aleman/bf6d287e14ecadb81e3e833c9266d2a4db2ec43d; se lee igual
15:42:31 DEBUG   [toctoc] 1 avisos vía estado-embebido
15:42:31 INFO    Enriquecido y descartado: SW7ZP (arriendo de $2.200.000 sobre el máximo negociable de $1.904.000)
15:42:37 DEBUG   [toctoc] 1 avisos vía estado-embebido
15:42:37 INFO    Enriquecido y descartado: E366M (arriendo de $2.000.000 sobre el máximo negociable de $1.904.000)
15:42:41 DEBUG   Ficha de DSKEC sin candidato propio; no se fusiona
15:42:48 DEBUG   [toctoc] 1 avisos vía estado-embebido
15:42:48 INFO    Enriquecido y descartado: E366M (arriendo de $2.400.000 sobre el máximo negociable de $1.904.000)
15:42:51 DEBUG   Ficha de 28KH8 sin candidato propio; no se fusiona
15:42:55 DEBUG   Ficha de 6XFU4 sin candidato propio; no se fusiona
15:42:59 DEBUG   Ficha de W8EMY sin candidato propio; no se fusiona
15:43:02 DEBUG   Ficha de GW6BY sin candidato propio; no se fusiona
15:43:06 DEBUG   Ficha de SKZWX sin candidato propio; no se fusiona
15:43:09 DEBUG   Ficha de B9ABC sin candidato propio; no se fusiona
15:43:17 DEBUG   Ficha de SRZBT sin candidato propio; no se fusiona
15:43:24 DEBUG   Ficha de 3FMUT sin candidato propio; no se fusiona
15:43:35 DEBUG   Ficha de TH9YK sin candidato propio; no se fusiona
15:43:40 DEBUG   [toctoc] 1 avisos vía estado-embebido
15:43:40 INFO    Enriquecido y descartado: 86M5W (arriendo de $2.083.823 sobre el máximo negociable de $1.904.000)
15:43:40 INFO    Fichas leídas: 45 — 0 ganaron el año, 0 la dirección, 6 se descartaron al verlas
15:43:40 INFO    18 avisos por mandar, tope 8: se posponen 10
15:43:41 DEBUG   [mitula] 3 avisos vía tarjetas
15:43:41 DEBUG   Ficha de JB8JW sin candidato propio; no se fusiona
15:43:42 DEBUG   [mitula] 3 avisos vía tarjetas
15:43:43 DEBUG   Ficha de 3CEB4 sin candidato propio; no se fusiona
15:43:44 DEBUG   [doomos] 33 avisos vía tarjetas
15:43:44 DEBUG   Ficha de RUEW5 sin candidato propio; no se fusiona
15:43:45 DEBUG   [doomos] 33 avisos vía tarjetas
15:43:45 DEBUG   Ficha de NB2ZR sin candidato propio; no se fusiona
15:43:48 DEBUG   [doomos] 33 avisos vía tarjetas
15:43:48 DEBUG   Ficha de DJVBS sin candidato propio; no se fusiona
15:43:54 DEBUG   [toctoc] 1 avisos vía estado-embebido
15:43:54 INFO    Enriquecido y descartado: NBFJR (arriendo de $3.064.446 sobre el máximo negociable de $1.904.000)
15:43:59 DEBUG   [doomos] 26 avisos vía tarjetas
15:43:59 DEBUG   Ficha de RSD5Q sin candidato propio; no se fusiona
15:44:05 DEBUG   [toctoc] 1 avisos vía estado-embebido
15:44:08 INFO    Listo: 7 avisados de 97 candidatos
