21:23:20 INFO    UF = $41.130.94 (API del día)
21:23:20 INFO    Barriendo TocToc (toctoc)…
21:23:20 INFO    Barriendo Chilepropiedades (chilepropiedades)…
21:23:20 INFO    Barriendo GoPlaceIt (goplaceit)…
21:23:20 INFO    Barriendo Yapo (yapo)…
21:23:20 WARNING https://www.yapo.cl/bienes-raices-alquiler-apartamentos/region-metropolitana-vitacura respondió 403
21:23:20 INFO    [yapo] https://www.yapo.cl/bienes-raices-alquiler-apartamentos/region-metropolitana-vitacura rebotó al GET; se reintenta con navegador
21:23:20 DEBUG   [chilepropiedades] 10 avisos vía tarjetas
21:23:22 DEBUG   [chilepropiedades] 10 avisos vía tarjetas
21:23:24 DEBUG   [chilepropiedades] 10 avisos vía tarjetas
21:23:24 INFO      chilepropiedades: 30 avisos en 5s
21:23:24 INFO    Barriendo BuscoNido (busconido)…
21:23:25 DEBUG   [busconido] 23 avisos vía tarjetas
21:23:25 INFO      busconido: 23 avisos en 1s
21:23:25 INFO    Barriendo BienesOnline (bienesonline)…
21:23:26 DEBUG   [bienesonline] 11 avisos vía tarjetas
21:23:26 INFO      bienesonline: 11 avisos en 1s
21:23:26 INFO    Barriendo Economicos (El Mercurio) (economicos)…
21:23:26 WARNING https://www.economicos.cl/search/propiedades/vitacura/arriendo/departamento/0 respondió 403
21:23:26 INFO    [economicos] https://www.economicos.cl/search/propiedades/vitacura/arriendo/departamento/0 rebotó al GET; se reintenta con navegador
21:23:28 DEBUG   La red no quedó en silencio en https://www.yapo.cl/bienes-raices-alquiler-apartamentos/region-metropolitana-vitacura; se lee igual
21:23:28 INFO      yapo: 0 avisos en 8s
21:23:28 INFO    Barriendo iCasas (icasas)…
21:23:28 DEBUG   [toctoc] 20 avisos vía json-ld
21:23:29 DEBUG   [icasas] 15 avisos vía tarjetas
21:23:29 INFO      economicos: 0 avisos en 3s
21:23:29 INFO    Barriendo Doomos (doomos)…
21:23:29 WARNING https://www.doomos.cl/departamentos-vitacura-arriendo respondió 403
21:23:29 INFO    [doomos] https://www.doomos.cl/departamentos-vitacura-arriendo rebotó al GET; se reintenta con navegador
21:23:31 DEBUG   [icasas] 15 avisos vía tarjetas
21:23:31 INFO      icasas: 30 avisos en 3s
21:23:31 INFO    Barriendo Top Propiedades (toppropiedades)…
21:23:31 DEBUG   [goplaceit] 30 avisos vía json-ld
21:23:33 INFO      doomos: 0 avisos en 3s
21:23:33 INFO    Barriendo Nuroa (nuroa)…
21:23:33 DEBUG   Encoding detection: ascii is most likely the one.
21:23:35 DEBUG   [nuroa] 25 avisos vía json-ld
21:23:35 DEBUG   [toppropiedades] 1 avisos vía json-ld
21:23:36 DEBUG   [nuroa] 25 avisos vía json-ld
21:23:36 DEBUG   La red no quedó en silencio en https://www.toctoc.com/arriendo/departamento/metropolitana/vitacura/3-dormitorios?pagina=2; se lee igual
21:23:37 DEBUG   [toppropiedades] 1 avisos vía json-ld
21:23:37 DEBUG   [toctoc] 20 avisos vía json-ld
21:23:38 DEBUG   [nuroa] 25 avisos vía json-ld
21:23:39 DEBUG   [toppropiedades] 1 avisos vía json-ld
21:23:41 DEBUG   [nuroa] 25 avisos vía json-ld
21:23:41 INFO      nuroa: 100 avisos en 8s
21:23:41 INFO    Barriendo Mitula (mitula)…
21:23:41 DEBUG   [toppropiedades] 1 avisos vía json-ld
21:23:43 DEBUG   [mitula] 30 avisos vía json-ld
21:23:43 DEBUG   [toppropiedades] 1 avisos vía json-ld
21:23:44 DEBUG   [toctoc] 18 avisos vía json-ld
21:23:44 DEBUG   [mitula] 30 avisos vía json-ld
21:23:45 INFO      mitula: 60 avisos en 4s
21:23:45 INFO    Barriendo Houm (houm)…
21:23:45 DEBUG   [toppropiedades] 1 avisos vía json-ld
21:23:47 DEBUG   [toppropiedades] 1 avisos vía json-ld
21:23:49 DEBUG   [toppropiedades] 1 avisos vía json-ld
21:23:49 INFO      toppropiedades: 8 avisos en 18s
21:23:49 INFO    Barriendo Hey! Homes (heyhomes)…
21:23:51 DEBUG   La red no quedó en silencio en https://www.toctoc.com/arriendo/departamento/metropolitana/vitacura/4-dormitorios; se lee igual
21:23:51 DEBUG   [toctoc] 35 avisos vía json-ld
21:23:51 DEBUG   [heyhomes] 9 avisos vía tarjetas
21:23:51 INFO      heyhomes: 9 avisos en 2s
21:23:51 INFO    Barriendo Engel & Völkers (engelvoelkers)…
21:23:53 DEBUG   La red no quedó en silencio en https://houm.com/cl/arriendo-departamentos-region-metropolitana/vitacura/3-dormitorios; se lee igual
21:23:53 DEBUG   [houm] 28 avisos vía json-ld
21:23:59 DEBUG   [engelvoelkers] 18 avisos vía tarjetas
21:23:59 INFO      engelvoelkers: 18 avisos en 8s
21:23:59 INFO    Barriendo RE/MAX Chile (remax)…
21:24:00 DEBUG   [toctoc] 15 avisos vía json-ld
21:24:06 DEBUG   La red no quedó en silencio en https://houm.com/cl/arriendo-departamento-región-metropolitana/las-condes/170742; se lee igual
21:24:06 DEBUG   [houm] 1 avisos vía estado-embebido
21:24:07 INFO      remax: 0 avisos en 8s
21:24:07 INFO    Barriendo Fuenzalida Propiedades (fuenzalida)…
21:24:09 DEBUG   [fuenzalida] 16 avisos vía tarjetas
21:24:11 DEBUG   [fuenzalida] 20 avisos vía tarjetas
21:24:13 DEBUG   La red no quedó en silencio en https://www.toctoc.com/arriendo/departamento/metropolitana/vitacura/4-dormitorios?pagina=3; se lee igual
21:24:13 DEBUG   [fuenzalida] 20 avisos vía tarjetas
21:24:13 INFO      fuenzalida: 56 avisos en 6s
21:24:13 INFO    Barriendo Century 21 Chile (century21)…
21:24:14 DEBUG   [toctoc] 20 avisos vía json-ld
21:24:14 INFO      toctoc: 128 avisos en 55s
21:24:14 INFO    Barriendo Property Partners (propertypartners)…
21:24:14 DEBUG   [propertypartners] 1 avisos vía tarjetas
21:24:14 INFO      propertypartners: 1 avisos en 0s
21:24:14 INFO    Barriendo Acceso Inmobiliario (accesoinmobiliario)…
21:24:15 INFO      century21: 0 avisos en 2s
21:24:15 INFO    Barriendo Magnolia Property (magnoliaproperty)…
21:24:16 DEBUG   [magnoliaproperty] 7 avisos vía tarjetas
21:24:16 INFO      magnoliaproperty: 7 avisos en 1s
21:24:16 INFO    Barriendo Portilla Propiedades (portillapropiedades)…
21:24:16 DEBUG   [portillapropiedades] 2 avisos vía tarjetas
21:24:16 INFO      portillapropiedades: 2 avisos en 1s
21:24:16 INFO    Barriendo Nativo Propiedades (nativopropiedades)…
21:24:17 DEBUG   [goplaceit] 30 avisos vía json-ld
21:24:17 DEBUG   [nativopropiedades] 10 avisos vía tarjetas
21:24:17 INFO      nativopropiedades: 10 avisos en 1s
21:24:17 INFO    Barriendo Enlace Inmobiliario (enlaceinmobiliario)…
21:24:17 WARNING https://www.enlaceinmobiliario.cl/ respondió 403
21:24:17 INFO    [enlaceinmobiliario] https://www.enlaceinmobiliario.cl/ rebotó al GET; se reintenta con navegador
21:24:19 DEBUG   La red no quedó en silencio en https://houm.com/cl/arriendo-departamento-región-metropolitana/ñuñoa/181066; se lee igual
21:24:19 DEBUG   [houm] 1 avisos vía estado-embebido
21:24:19 DEBUG   [accesoinmobiliario] 15 avisos vía tarjetas
21:24:25 DEBUG   La red no quedó en silencio en https://www.enlaceinmobiliario.cl/; se lee igual
21:24:26 INFO      enlaceinmobiliario: 0 avisos en 8s
21:24:26 INFO    Barriendo Rentas.cl (rentas_cl)…
21:24:27 DEBUG   [rentas_cl] 1 avisos vía json-ld
21:24:27 INFO      rentas_cl: 1 avisos en 2s
21:24:27 INFO    Barriendo Arriendos.cl (arriendos_cl)…
21:24:28 DEBUG   [arriendos_cl] 3 avisos vía tarjetas
21:24:28 INFO      arriendos_cl: 3 avisos en 1s
21:24:28 INFO    Barriendo Propiedades.cl (propiedades_cl)…
21:24:29 DEBUG   [propiedades_cl] 6 avisos vía tarjetas
21:24:29 INFO      propiedades_cl: 6 avisos en 1s
21:24:29 INFO    Barriendo Clasificados.cl (clasificados_cl)…
21:24:30 DEBUG   La red no quedó en silencio en https://houm.com/cl/arriendo-departamento-región-metropolitana/lo-barnechea/74201; se lee igual
21:24:30 DEBUG   [houm] 1 avisos vía estado-embebido
21:24:32 DEBUG   [clasificados_cl] 1 avisos vía tarjetas
21:24:32 INFO      clasificados_cl: 1 avisos en 3s
21:24:38 DEBUG   [accesoinmobiliario] 1 avisos vía tarjetas
21:24:38 DEBUG   La red no quedó en silencio en https://houm.com/cl/arriendo-departamento-región-metropolitana/recoleta/178185; se lee igual
21:24:39 DEBUG   [houm] 1 avisos vía estado-embebido
21:24:40 DEBUG   [accesoinmobiliario] 1 avisos vía tarjetas
21:24:48 DEBUG   La red no quedó en silencio en https://houm.com/cl/arriendo-departamento-región-metropolitana/recoleta/176207; se lee igual
21:24:48 DEBUG   [houm] 1 avisos vía estado-embebido
21:24:50 DEBUG   [accesoinmobiliario] 1 avisos vía tarjetas
21:24:56 DEBUG   La red no quedó en silencio en https://houm.com/cl/arriendo-departamento-región-metropolitana/las-condes/177842; se lee igual
21:24:56 DEBUG   [houm] 1 avisos vía estado-embebido
21:24:59 DEBUG   [goplaceit] 30 avisos vía json-ld
21:25:05 DEBUG   La red no quedó en silencio en https://houm.com/cl/arriendo-departamento-región-metropolitana/recoleta/176958; se lee igual
21:25:06 DEBUG   [houm] 1 avisos vía estado-embebido
21:25:07 INFO      accesoinmobiliario: 18 avisos en 53s
21:25:15 DEBUG   La red no quedó en silencio en https://houm.com/cl/arriendo-departamento-región-metropolitana/recoleta/90462; se lee igual
21:25:15 DEBUG   [houm] 1 avisos vía estado-embebido
21:25:15 INFO      houm: 36 avisos en 90s
21:25:26 INFO      goplaceit: 90 avisos en 127s
21:25:26 INFO    Total crudo: 648 avisos
21:25:27 INFO    Después de deduplicar: 472
21:25:27 INFO    Pasaron los filtros: 57
21:25:53 DEBUG   Ficha de HW5MX sin candidato propio; no se fusiona
21:25:54 INFO    Enriquecido y descartado: PE5YV (36 años (construido en 1990), sobre el máximo de 30)
21:25:58 DEBUG   [toctoc] 1 avisos vía estado-embebido
21:25:59 DEBUG   [mitula] 3 avisos vía tarjetas
21:25:59 INFO    Enriquecido y descartado: HHBKZ (89 m² totales, no llega a más de 100 m²)
21:26:03 DEBUG   [toctoc] 1 avisos vía estado-embebido
21:26:06 DEBUG   [engelvoelkers] 1 avisos vía json-ld
21:26:07 DEBUG   [busconido] 10 avisos vía tarjetas
21:26:07 DEBUG   Ficha de WBE6R sin candidato propio; no se fusiona
21:26:09 DEBUG   [busconido] 11 avisos vía tarjetas
21:26:09 DEBUG   Ficha de PP7RP sin candidato propio; no se fusiona
21:26:11 DEBUG   [busconido] 11 avisos vía tarjetas
21:26:11 DEBUG   Ficha de MZT4M sin candidato propio; no se fusiona
21:26:15 INFO    Enriquecido y descartado: YAVJA (arriendo de $3.517.371 sobre el máximo negociable de $1.904.000)
21:26:19 DEBUG   Pin del mapa para RR676: -33.40632, -70.59601
21:26:19 DEBUG   [toctoc] 1 avisos vía estado-embebido
21:26:19 INFO    Enriquecido y descartado: KRW5G (33 años (construido en 1993), sobre el máximo de 30)
21:26:23 DEBUG   Pin del mapa para 6JZTZ: -33.40600, -70.59600
21:26:23 DEBUG   [toctoc] 1 avisos vía estado-embebido
21:26:23 INFO    Enriquecido y descartado: T3P3G (arriendo de $3.600.000 sobre el máximo negociable de $1.904.000)
21:26:29 DEBUG   Pin del mapa para TWM7T: -33.36900, -70.54400
21:26:29 DEBUG   [toctoc] 1 avisos vía estado-embebido
21:26:29 INFO    Enriquecido y descartado: VM5YC (arriendo de $3.907.439 sobre el máximo negociable de $1.904.000)
21:26:37 DEBUG   Pin del mapa para HQU2S: -33.40597, -70.59658
21:26:37 DEBUG   [toctoc] 1 avisos vía estado-embebido
21:26:37 INFO    Enriquecido y descartado: JJ52S (arriendo de $3.290.475 sobre el máximo negociable de $1.904.000)
21:26:45 INFO    Enriquecido y descartado: CC2AY (arriendo de $2.032.258 sobre el máximo negociable de $1.904.000)
21:26:46 DEBUG   [busconido] 11 avisos vía tarjetas
21:26:46 DEBUG   Ficha de 75TZH sin candidato propio; no se fusiona
21:26:46 DEBUG   Ficha de HMZCQ sin candidato propio; no se fusiona
21:26:46 WARNING robots.txt no permite https://www.nuroa.cl/adform/10342-912-101d5-1a0ff48-a45a-2e1434470692-7ad1?click_type=0&pos=7&searchType=1&page=2&section=1&t_sec=1&sectionType=1&pageViewId=4d95257e-ff81-40e7-8e63-4f6888f6ce38&t_pvid=4d95257e-ff81-40e7-8e63-4f6888f6ce38&userAgent=Mozilla%2F5.0+%28compatible%3B+radar-arriendos%2F1.0%3B+uso+personal%2C+busqueda+de+arriendo%3B+%2Bhttps%3A%2F%2Fgithub.com%2Falfonsoandona%2Farriendos-vitacura%29&browser=1&isHuman=true&userIp=20.102.103.116&what=vitacura+departamento&search_terms=vitacura+departamento&origin=1&t_or=1&splitTestId=0 — se omite
21:26:50 DEBUG   [toctoc] 1 avisos vía estado-embebido
21:26:59 DEBUG   [toctoc] 1 avisos vía estado-embebido
21:27:07 DEBUG   [engelvoelkers] 1 avisos vía json-ld
21:27:11 DEBUG   [toctoc] 1 avisos vía estado-embebido
21:27:15 DEBUG   [toctoc] 1 avisos vía estado-embebido
21:27:19 DEBUG   [toctoc] 1 avisos vía estado-embebido
21:27:27 DEBUG   [toctoc] 1 avisos vía estado-embebido
21:27:31 DEBUG   [toctoc] 1 avisos vía estado-embebido
21:27:35 DEBUG   [toctoc] 1 avisos vía estado-embebido
21:27:39 DEBUG   [toctoc] 1 avisos vía estado-embebido
21:27:43 DEBUG   [toctoc] 1 avisos vía estado-embebido
21:27:43 INFO    Enriquecido y descartado: MGX6E (arriendo de $2.385.595 sobre el máximo negociable de $1.904.000)
21:27:48 DEBUG   [toctoc] 1 avisos vía estado-embebido
21:27:48 INFO    Enriquecido y descartado: JX2H8 (arriendo de $3.701.785 sobre el máximo negociable de $1.904.000)
21:28:12 INFO    Enriquecido y descartado: 75BRH (arriendo de $2.149.504 sobre el máximo negociable de $1.904.000)
21:28:16 INFO    Enriquecido y descartado: 75BRH (arriendo de $1.954.095 sobre el máximo negociable de $1.904.000)
21:28:33 DEBUG   [toctoc] 1 avisos vía estado-embebido
21:28:38 WARNING robots.txt no permite https://www.nuroa.cl/adform/10342-912-3e9b-1a0e30e-bd4c-4f30fb45531b-7a22?click_type=0&pos=9&searchType=1&page=2&section=1&t_sec=1&sectionType=1&pageViewId=4d95257e-ff81-40e7-8e63-4f6888f6ce38&t_pvid=4d95257e-ff81-40e7-8e63-4f6888f6ce38&userAgent=Mozilla%2F5.0+%28compatible%3B+radar-arriendos%2F1.0%3B+uso+personal%2C+busqueda+de+arriendo%3B+%2Bhttps%3A%2F%2Fgithub.com%2Falfonsoandona%2Farriendos-vitacura%29&browser=1&isHuman=true&userIp=20.102.103.116&what=vitacura+departamento&search_terms=vitacura+departamento&origin=1&t_or=1&splitTestId=0 — se omite
21:28:38 WARNING robots.txt no permite https://www.nuroa.cl/adform/10342-912-e7f8-1a0a016-97e0-4460cb69457-7a3c?click_type=0&pos=12&searchType=1&page=4&section=1&t_sec=1&sectionType=1&pageViewId=ce0bfda9-b459-4c6b-9fa7-871bfef3384e&t_pvid=ce0bfda9-b459-4c6b-9fa7-871bfef3384e&userAgent=Mozilla%2F5.0+%28compatible%3B+radar-arriendos%2F1.0%3B+uso+personal%2C+busqueda+de+arriendo%3B+%2Bhttps%3A%2F%2Fgithub.com%2Falfonsoandona%2Farriendos-vitacura%29&browser=1&isHuman=true&userIp=20.102.103.116&what=vitacura+departamento&search_terms=vitacura+departamento&origin=1&t_or=1&splitTestId=0 — se omite
21:28:42 DEBUG   [toctoc] 1 avisos vía estado-embebido
21:28:46 DEBUG   [toctoc] 1 avisos vía estado-embebido
21:28:46 INFO    Enriquecido y descartado: WPEBD (arriendo de $2.262.202 sobre el máximo negociable de $1.904.000)
21:28:50 INFO    Enriquecido y descartado: 75BRH (arriendo de $4.299.009 sobre el máximo negociable de $1.904.000)
21:28:54 DEBUG   [toctoc] 1 avisos vía estado-embebido
21:28:54 INFO    Enriquecido y descartado: E366M (arriendo de $2.262.202 sobre el máximo negociable de $1.904.000)
21:28:58 INFO    Fichas leídas: 57 — 4 ganaron el año, 4 la dirección; 15 se descartaron al verlas (2 por viejos)
21:28:59 INFO    Listo: 0 avisados de 42 candidatos
