02:27:13 INFO    UF = $41.081.76 (API del día)
02:27:13 INFO    Barriendo TocToc (toctoc)…
02:27:13 INFO    Barriendo Chilepropiedades (chilepropiedades)…
02:27:13 INFO    Barriendo GoPlaceIt (goplaceit)…
02:27:13 INFO    Barriendo Yapo (yapo)…
02:27:13 WARNING https://www.yapo.cl/bienes-raices-alquiler-apartamentos/region-metropolitana-vitacura respondió 403
02:27:13 INFO    [yapo] https://www.yapo.cl/bienes-raices-alquiler-apartamentos/region-metropolitana-vitacura rebotó al GET; se reintenta con navegador
02:27:14 DEBUG   [chilepropiedades] 10 avisos vía tarjetas
02:27:16 DEBUG   [chilepropiedades] 10 avisos vía tarjetas
02:27:17 DEBUG   [chilepropiedades] 10 avisos vía tarjetas
02:27:18 INFO      chilepropiedades: 30 avisos en 4s
02:27:18 INFO    Barriendo BuscoNido (busconido)…
02:27:18 DEBUG   [busconido] 23 avisos vía tarjetas
02:27:18 INFO      busconido: 23 avisos en 1s
02:27:18 INFO    Barriendo BienesOnline (bienesonline)…
02:27:19 DEBUG   [bienesonline] 12 avisos vía tarjetas
02:27:19 INFO      bienesonline: 12 avisos en 1s
02:27:19 INFO    Barriendo Economicos (El Mercurio) (economicos)…
02:27:19 WARNING https://www.economicos.cl/search/propiedades/vitacura/arriendo/departamento/0 respondió 403
02:27:19 INFO    [economicos] https://www.economicos.cl/search/propiedades/vitacura/arriendo/departamento/0 rebotó al GET; se reintenta con navegador
02:27:20 DEBUG   La red no quedó en silencio en https://www.yapo.cl/bienes-raices-alquiler-apartamentos/region-metropolitana-vitacura; se lee igual
02:27:20 INFO      yapo: 0 avisos en 7s
02:27:20 INFO    Barriendo iCasas (icasas)…
02:27:21 DEBUG   La red no quedó en silencio en https://www.toctoc.com/arriendo/departamento/metropolitana/vitacura/3-dormitorios; se lee igual
02:27:21 DEBUG   [icasas] 15 avisos vía tarjetas
02:27:21 DEBUG   [toctoc] 20 avisos vía json-ld
02:27:22 INFO      economicos: 0 avisos en 3s
02:27:22 INFO    Barriendo Doomos (doomos)…
02:27:23 DEBUG   [icasas] 15 avisos vía tarjetas
02:27:23 INFO      icasas: 30 avisos en 3s
02:27:23 INFO    Barriendo Top Propiedades (toppropiedades)…
02:27:24 DEBUG   [goplaceit] 30 avisos vía json-ld
02:27:24 DEBUG   [doomos] 33 avisos vía tarjetas
02:27:24 INFO      doomos: 33 avisos en 2s
02:27:24 INFO    Barriendo Nuroa (nuroa)…
02:27:25 DEBUG   Encoding detection: ascii is most likely the one.
02:27:26 DEBUG   [nuroa] 25 avisos vía json-ld
02:27:26 DEBUG   [toppropiedades] 1 avisos vía json-ld
02:27:27 DEBUG   [nuroa] 25 avisos vía json-ld
02:27:28 DEBUG   [toppropiedades] 1 avisos vía json-ld
02:27:29 DEBUG   [toctoc] 20 avisos vía json-ld
02:27:30 DEBUG   [nuroa] 25 avisos vía json-ld
02:27:30 DEBUG   [toppropiedades] 1 avisos vía json-ld
02:27:31 DEBUG   [nuroa] 25 avisos vía json-ld
02:27:32 INFO      nuroa: 100 avisos en 8s
02:27:32 INFO    Barriendo Mitula (mitula)…
02:27:32 DEBUG   [toppropiedades] 1 avisos vía json-ld
02:27:33 DEBUG   [mitula] 30 avisos vía json-ld
02:27:34 DEBUG   [toppropiedades] 1 avisos vía json-ld
02:27:35 DEBUG   [mitula] 30 avisos vía json-ld
02:27:35 INFO      mitula: 60 avisos en 4s
02:27:35 INFO    Barriendo Houm (houm)…
02:27:36 DEBUG   [toppropiedades] 1 avisos vía json-ld
02:27:36 DEBUG   La red no quedó en silencio en https://www.toctoc.com/arriendo/departamento/metropolitana/vitacura/3-dormitorios?pagina=3; se lee igual
02:27:37 DEBUG   [toctoc] 13 avisos vía json-ld
02:27:38 DEBUG   [toppropiedades] 1 avisos vía json-ld
02:27:40 DEBUG   [toppropiedades] 1 avisos vía json-ld
02:27:40 INFO      toppropiedades: 8 avisos en 17s
02:27:40 INFO    Barriendo Hey! Homes (heyhomes)…
02:27:43 DEBUG   [heyhomes] 9 avisos vía tarjetas
02:27:43 INFO      heyhomes: 9 avisos en 3s
02:27:43 INFO    Barriendo Engel & Völkers (engelvoelkers)…
02:27:44 DEBUG   La red no quedó en silencio en https://houm.com/cl/arriendo-departamentos-region-metropolitana/vitacura/3-dormitorios; se lee igual
02:27:44 DEBUG   [houm] 28 avisos vía json-ld
02:27:46 DEBUG   La red no quedó en silencio en https://www.toctoc.com/arriendo/departamento/metropolitana/vitacura/4-dormitorios; se lee igual
02:27:46 WARNING [toctoc] https://www.toctoc.com/arriendo/departamento/metropolitana/vitacura/4-dormitorios falló: Page.content: Unable to retrieve content because the page is navigating and changing the content.
02:27:46 WARNING   toctoc: Page.content: Unable to retrieve content because the page is navigating and changing the content.
02:27:46 INFO      toctoc: 53 avisos en 33s
02:27:46 INFO    Barriendo RE/MAX Chile (remax)…
02:27:49 DEBUG   [engelvoelkers] 16 avisos vía tarjetas
02:27:49 INFO      engelvoelkers: 16 avisos en 6s
02:27:49 INFO    Barriendo Fuenzalida Propiedades (fuenzalida)…
02:27:52 INFO      remax: 0 avisos en 6s
02:27:52 INFO    Barriendo Century 21 Chile (century21)…
02:27:52 DEBUG   [fuenzalida] 16 avisos vía tarjetas
02:27:53 INFO      century21: 0 avisos en 1s
02:27:53 INFO    Barriendo Property Partners (propertypartners)…
02:27:53 DEBUG   [propertypartners] 1 avisos vía tarjetas
02:27:53 INFO      propertypartners: 1 avisos en 0s
02:27:53 INFO    Barriendo Acceso Inmobiliario (accesoinmobiliario)…
02:27:54 DEBUG   La red no quedó en silencio en https://houm.com/cl/arriendo-departamento-región-metropolitana/las-condes/170742; se lee igual
02:27:54 DEBUG   [houm] 1 avisos vía estado-embebido
02:27:56 DEBUG   [fuenzalida] 20 avisos vía tarjetas
02:27:57 DEBUG   [accesoinmobiliario] 15 avisos vía tarjetas
02:27:59 DEBUG   [fuenzalida] 20 avisos vía tarjetas
02:27:59 INFO      fuenzalida: 56 avisos en 9s
02:27:59 INFO    Barriendo Magnolia Property (magnoliaproperty)…
02:27:59 DEBUG   [magnoliaproperty] 6 avisos vía tarjetas
02:27:59 INFO      magnoliaproperty: 6 avisos en 1s
02:27:59 INFO    Barriendo Portilla Propiedades (portillapropiedades)…
02:28:00 DEBUG   [goplaceit] 30 avisos vía json-ld
02:28:00 DEBUG   [portillapropiedades] 2 avisos vía tarjetas
02:28:00 INFO      portillapropiedades: 2 avisos en 0s
02:28:00 INFO    Barriendo Nativo Propiedades (nativopropiedades)…
02:28:00 DEBUG   [nativopropiedades] 10 avisos vía tarjetas
02:28:00 INFO      nativopropiedades: 10 avisos en 1s
02:28:00 INFO    Barriendo Enlace Inmobiliario (enlaceinmobiliario)…
02:28:00 WARNING https://www.enlaceinmobiliario.cl/ respondió 403
02:28:00 INFO    [enlaceinmobiliario] https://www.enlaceinmobiliario.cl/ rebotó al GET; se reintenta con navegador
02:28:02 DEBUG   La red no quedó en silencio en https://houm.com/cl/arriendo-departamento-región-metropolitana/lo-barnechea/74201; se lee igual
02:28:02 DEBUG   [houm] 1 avisos vía estado-embebido
02:28:09 DEBUG   La red no quedó en silencio en https://www.enlaceinmobiliario.cl/; se lee igual
02:28:09 INFO      enlaceinmobiliario: 0 avisos en 9s
02:28:09 INFO    Barriendo Rentas.cl (rentas_cl)…
02:28:11 DEBUG   [rentas_cl] 1 avisos vía json-ld
02:28:11 INFO      rentas_cl: 1 avisos en 2s
02:28:11 INFO    Barriendo Arriendos.cl (arriendos_cl)…
02:28:12 INFO      arriendos_cl: 0 avisos en 1s
02:28:12 INFO    Barriendo Propiedades.cl (propiedades_cl)…
02:28:13 DEBUG   [propiedades_cl] 6 avisos vía tarjetas
02:28:13 INFO      propiedades_cl: 6 avisos en 1s
02:28:13 INFO    Barriendo Clasificados.cl (clasificados_cl)…
02:28:14 DEBUG   La red no quedó en silencio en https://houm.com/cl/arriendo-departamento-región-metropolitana/recoleta/179872; se lee igual
02:28:14 DEBUG   [houm] 1 avisos vía estado-embebido
02:28:15 DEBUG   [clasificados_cl] 1 avisos vía tarjetas
02:28:15 INFO      clasificados_cl: 1 avisos en 2s
02:28:22 DEBUG   La red no quedó en silencio en https://houm.com/cl/arriendo-departamento-región-metropolitana/recoleta/178185; se lee igual
02:28:22 DEBUG   [houm] 1 avisos vía estado-embebido
02:28:30 DEBUG   La red no quedó en silencio en https://houm.com/cl/arriendo-departamento-región-metropolitana/recoleta/176207; se lee igual
02:28:30 DEBUG   [houm] 1 avisos vía estado-embebido
02:28:30 DEBUG   [accesoinmobiliario] 1 avisos vía tarjetas
02:28:37 DEBUG   [accesoinmobiliario] 1 avisos vía tarjetas
02:28:38 DEBUG   La red no quedó en silencio en https://houm.com/cl/arriendo-departamento-región-metropolitana/las-condes/177842; se lee igual
02:28:38 DEBUG   [houm] 1 avisos vía estado-embebido
02:28:39 DEBUG   [accesoinmobiliario] 1 avisos vía tarjetas
02:28:39 INFO      accesoinmobiliario: 18 avisos en 46s
02:28:41 DEBUG   [goplaceit] 30 avisos vía json-ld
02:28:46 DEBUG   La red no quedó en silencio en https://houm.com/cl/arriendo-departamento-región-metropolitana/recoleta/176958; se lee igual
02:28:47 DEBUG   [houm] 1 avisos vía estado-embebido
02:28:54 DEBUG   La red no quedó en silencio en https://houm.com/cl/arriendo-departamento-región-metropolitana/recoleta/90462; se lee igual
02:28:54 DEBUG   [houm] 1 avisos vía estado-embebido
02:28:54 INFO      houm: 36 avisos en 79s
02:29:09 INFO      goplaceit: 90 avisos en 115s
02:29:09 INFO    Total crudo: 601 avisos
02:29:09 INFO    Después de deduplicar: 459
02:29:09 INFO    Pasaron los filtros: 51
02:29:27 DEBUG   [doomos] 18 avisos vía tarjetas
02:29:27 DEBUG   Ficha de YVT22 sin candidato propio; no se fusiona
02:29:28 DEBUG   Ficha de HW5MX sin candidato propio; no se fusiona
02:29:29 DEBUG   [doomos] 27 avisos vía tarjetas
02:29:29 DEBUG   Ficha de U44VT sin candidato propio; no se fusiona
02:29:31 DEBUG   [doomos] 27 avisos vía tarjetas
02:29:31 DEBUG   Ficha de KNAE9 sin candidato propio; no se fusiona
02:29:33 DEBUG   [doomos] 27 avisos vía tarjetas
02:29:33 DEBUG   Ficha de PR3QK sin candidato propio; no se fusiona
02:29:35 DEBUG   [doomos] 27 avisos vía tarjetas
02:29:35 DEBUG   Ficha de 2HWEW sin candidato propio; no se fusiona
02:29:37 DEBUG   [doomos] 27 avisos vía tarjetas
02:29:37 DEBUG   Ficha de ZWNAN sin candidato propio; no se fusiona
02:29:41 DEBUG   [toctoc] 1 avisos vía estado-embebido
02:29:41 DEBUG   [busconido] 10 avisos vía tarjetas
02:29:41 DEBUG   Ficha de P33NM sin candidato propio; no se fusiona
02:29:43 DEBUG   [busconido] 11 avisos vía tarjetas
02:29:43 DEBUG   Ficha de 73VAV sin candidato propio; no se fusiona
02:29:45 DEBUG   [doomos] 27 avisos vía tarjetas
02:29:45 DEBUG   Ficha de FQ6XQ sin candidato propio; no se fusiona
02:29:46 DEBUG   [busconido] 11 avisos vía tarjetas
02:29:46 DEBUG   Ficha de Q9JX8 sin candidato propio; no se fusiona
02:29:50 INFO    Enriquecido y descartado: YAVJA (arriendo de $3.517.371 sobre el máximo negociable de $1.904.000)
02:29:50 DEBUG   [busconido] 11 avisos vía tarjetas
02:29:50 DEBUG   Ficha de YF9WC sin candidato propio; no se fusiona
02:30:02 INFO    Enriquecido y descartado: CC2AY (arriendo de $2.032.258 sobre el máximo negociable de $1.904.000)
02:30:03 DEBUG   [busconido] 10 avisos vía tarjetas
02:30:03 DEBUG   Ficha de DBFNP sin candidato propio; no se fusiona
02:30:23 WARNING Error en https://www.doomos.cl/de/1465886_arriendo-departamento-en-av-kennedy-vitacura.html (intento 1/3): HTTPSConnectionPool(host='www.doomos.cl', port=443): Read timed out. (read timeout=20)
02:30:42 DEBUG   [doomos] 18 avisos vía tarjetas
02:30:42 DEBUG   Ficha de J5JN4 sin candidato propio; no se fusiona
02:30:42 WARNING robots.txt no permite https://www.nuroa.cl/adform/10342-912-101d5-1a0ff48-a45a-2e1434470692-7ad1?click_type=0&pos=15&searchType=1&page=1&section=1&t_sec=1&sectionType=1&pageViewId=1c9e6ef8-6cf7-4982-8011-a2ea443549f1&t_pvid=1c9e6ef8-6cf7-4982-8011-a2ea443549f1&userAgent=Mozilla%2F5.0+%28compatible%3B+radar-arriendos%2F1.0%3B+uso+personal%2C+busqueda+de+arriendo%3B+%2Bhttps%3A%2F%2Fgithub.com%2Falfonsoandona%2Farriendos-vitacura%29&browser=1&isHuman=true&userIp=172.214.156.86&what=vitacura+departamento&search_terms=vitacura+departamento&origin=1&t_or=1&splitTestId=0 — se omite
02:30:49 DEBUG   [engelvoelkers] 1 avisos vía json-ld
02:31:01 DEBUG   [doomos] 27 avisos vía tarjetas
02:31:01 DEBUG   Ficha de P8XMT sin candidato propio; no se fusiona
02:31:05 DEBUG   [toctoc] 1 avisos vía estado-embebido
02:31:08 DEBUG   [toctoc] 1 avisos vía estado-embebido
02:31:15 DEBUG   [toctoc] 1 avisos vía estado-embebido
02:31:19 DEBUG   [toctoc] 1 avisos vía estado-embebido
02:31:22 DEBUG   [toctoc] 1 avisos vía estado-embebido
02:31:43 INFO    Enriquecido y descartado: 75BRH (arriendo de $2.149.504 sobre el máximo negociable de $1.904.000)
02:31:46 INFO    Enriquecido y descartado: 75BRH (arriendo de $1.954.095 sobre el máximo negociable de $1.904.000)
02:32:01 DEBUG   [toctoc] 1 avisos vía estado-embebido
02:32:04 WARNING robots.txt no permite https://www.nuroa.cl/adform/10342-912-3e9b-1a0e30e-bd4c-4f30fb45531b-7a22?click_type=0&pos=21&searchType=1&page=1&section=1&t_sec=1&sectionType=1&pageViewId=1c9e6ef8-6cf7-4982-8011-a2ea443549f1&t_pvid=1c9e6ef8-6cf7-4982-8011-a2ea443549f1&userAgent=Mozilla%2F5.0+%28compatible%3B+radar-arriendos%2F1.0%3B+uso+personal%2C+busqueda+de+arriendo%3B+%2Bhttps%3A%2F%2Fgithub.com%2Falfonsoandona%2Farriendos-vitacura%29&browser=1&isHuman=true&userIp=172.214.156.86&what=vitacura+departamento&search_terms=vitacura+departamento&origin=1&t_or=1&splitTestId=0 — se omite
02:32:04 WARNING robots.txt no permite https://www.nuroa.cl/adform/10342-912-e7f8-1a0a016-97e0-4460cb69457-7a3c?click_type=0&pos=1&searchType=1&page=4&section=1&t_sec=1&sectionType=1&pageViewId=7fd982cd-4f46-401b-9b44-8ab8a26fe0b7&t_pvid=7fd982cd-4f46-401b-9b44-8ab8a26fe0b7&userAgent=Mozilla%2F5.0+%28compatible%3B+radar-arriendos%2F1.0%3B+uso+personal%2C+busqueda+de+arriendo%3B+%2Bhttps%3A%2F%2Fgithub.com%2Falfonsoandona%2Farriendos-vitacura%29&browser=1&isHuman=true&userIp=172.214.156.86&what=vitacura+departamento&search_terms=vitacura+departamento&origin=1&t_or=1&splitTestId=0 — se omite
02:32:05 DEBUG   [mitula] 3 avisos vía tarjetas
02:32:09 INFO    Enriquecido y descartado: 75BRH (arriendo de $4.299.009 sobre el máximo negociable de $1.904.000)
02:32:12 INFO    Fichas leídas: 51 — 0 ganaron el año, 0 la dirección; 5 se descartaron al verlas (0 por viejos)
02:32:13 INFO    Listo: 0 avisados de 46 candidatos
