16:52:35 INFO    UF = $40.883.00 (API del día)
16:52:35 INFO    Barriendo TocToc (toctoc)…
16:52:35 INFO    Barriendo Chilepropiedades (chilepropiedades)…
16:52:35 INFO    Barriendo GoPlaceIt (goplaceit)…
16:52:35 INFO    Barriendo Yapo (yapo)…
16:52:36 DEBUG   [chilepropiedades] 10 avisos vía tarjetas
16:52:37 DEBUG   [yapo] 30 avisos vía tarjetas
16:52:37 DEBUG   [chilepropiedades] 10 avisos vía tarjetas
16:52:38 DEBUG   [goplaceit] 30 avisos vía json-ld
16:52:39 DEBUG   [yapo] 30 avisos vía tarjetas
16:52:39 DEBUG   [chilepropiedades] 10 avisos vía tarjetas
16:52:40 INFO      chilepropiedades: 30 avisos en 5s
16:52:40 INFO    Barriendo BuscoNido (busconido)…
16:52:40 DEBUG   [busconido] 23 avisos vía tarjetas
16:52:40 INFO      busconido: 23 avisos en 1s
16:52:40 INFO    Barriendo BienesOnline (bienesonline)…
16:52:41 DEBUG   [yapo] 30 avisos vía tarjetas
16:52:41 INFO      yapo: 90 avisos en 6s
16:52:41 INFO    Barriendo Economicos (El Mercurio) (economicos)…
16:52:41 WARNING https://www.economicos.cl/search/propiedades/vitacura/arriendo/departamento/0 respondió 403
16:52:41 INFO    [economicos] https://www.economicos.cl/search/propiedades/vitacura/arriendo/departamento/0 rebotó al GET; se reintenta con navegador
16:52:42 DEBUG   [bienesonline] 13 avisos vía tarjetas
16:52:42 INFO      bienesonline: 13 avisos en 1s
16:52:42 INFO    Barriendo iCasas (icasas)…
16:52:42 DEBUG   [icasas] 15 avisos vía tarjetas
16:52:43 DEBUG   La red no quedó en silencio en https://www.toctoc.com/arriendo/departamento/metropolitana/vitacura/3-dormitorios; se lee igual
16:52:44 INFO      economicos: 0 avisos en 3s
16:52:44 INFO    Barriendo Doomos (doomos)…
16:52:44 DEBUG   [toctoc] 74 avisos vía json-ld
16:52:44 DEBUG   [icasas] 15 avisos vía tarjetas
16:52:44 INFO      icasas: 30 avisos en 3s
16:52:44 INFO    Barriendo Top Propiedades (toppropiedades)…
16:52:46 DEBUG   [doomos] 32 avisos vía tarjetas
16:52:46 INFO      doomos: 32 avisos en 2s
16:52:46 INFO    Barriendo Nuroa (nuroa)…
16:52:47 DEBUG   Encoding detection: ascii is most likely the one.
16:52:48 DEBUG   [nuroa] 25 avisos vía json-ld
16:52:48 DEBUG   [toppropiedades] 1 avisos vía json-ld
16:52:51 DEBUG   [nuroa] 25 avisos vía json-ld
16:52:51 DEBUG   [toppropiedades] 1 avisos vía json-ld
16:52:52 DEBUG   La red no quedó en silencio en https://www.toctoc.com/arriendo/departamento/metropolitana/vitacura/3-dormitorios?pagina=2; se lee igual
16:52:53 DEBUG   [toppropiedades] 1 avisos vía json-ld
16:52:53 DEBUG   [nuroa] 25 avisos vía json-ld
16:52:53 DEBUG   [toctoc] 20 avisos vía json-ld
16:52:55 DEBUG   [nuroa] 25 avisos vía json-ld
16:52:55 DEBUG   [toppropiedades] 1 avisos vía json-ld
16:52:55 INFO      nuroa: 100 avisos en 9s
16:52:55 INFO    Barriendo Mitula (mitula)…
16:52:56 WARNING https://casas.mitula.cl/casas/arriendo-departamentos-vitacura respondió 401
16:52:56 INFO    [mitula] https://casas.mitula.cl/casas/arriendo-departamentos-vitacura rebotó al GET; se reintenta con navegador
16:52:56 DEBUG   [toppropiedades] 1 avisos vía json-ld
16:52:58 INFO      mitula: 0 avisos en 3s
16:52:58 INFO    Barriendo Houm (houm)…
16:52:58 DEBUG   [toppropiedades] 1 avisos vía json-ld
16:53:01 DEBUG   [toppropiedades] 1 avisos vía json-ld
16:53:01 DEBUG   La red no quedó en silencio en https://www.toctoc.com/arriendo/departamento/metropolitana/vitacura/3-dormitorios?pagina=3; se lee igual
16:53:01 DEBUG   [toctoc] 20 avisos vía json-ld
16:53:02 DEBUG   [toppropiedades] 1 avisos vía json-ld
16:53:03 INFO      toppropiedades: 8 avisos en 18s
16:53:03 INFO    Barriendo Hey! Homes (heyhomes)…
16:53:05 DEBUG   [heyhomes] 9 avisos vía tarjetas
16:53:05 INFO      heyhomes: 9 avisos en 3s
16:53:05 INFO    Barriendo Engel & Völkers (engelvoelkers)…
16:53:09 DEBUG   La red no quedó en silencio en https://houm.com/cl/arriendo-departamentos-region-metropolitana/vitacura/3-dormitorios; se lee igual
16:53:09 DEBUG   [houm] 28 avisos vía json-ld
16:53:09 DEBUG   La red no quedó en silencio en https://www.toctoc.com/arriendo/departamento/metropolitana/vitacura/4-dormitorios; se lee igual
16:53:10 DEBUG   [toctoc] 20 avisos vía json-ld
16:53:14 DEBUG   [engelvoelkers] 15 avisos vía tarjetas
16:53:14 INFO      engelvoelkers: 15 avisos en 8s
16:53:14 INFO    Barriendo RE/MAX Chile (remax)…
16:53:21 DEBUG   La red no quedó en silencio en https://houm.com/cl/arriendo-departamento-región-metropolitana/las-condes/170742; se lee igual
16:53:21 DEBUG   [houm] 1 avisos vía estado-embebido
16:53:21 DEBUG   La red no quedó en silencio en https://www.toctoc.com/arriendo/departamento/metropolitana/vitacura/4-dormitorios?pagina=2; se lee igual
16:53:23 DEBUG   [toctoc] 43 avisos vía json-ld
16:53:25 DEBUG   [goplaceit] 30 avisos vía json-ld
16:53:30 DEBUG   La red no quedó en silencio en https://www.remax.cl/es-cl/busqueda/metropolitana-de-santiago/santiago/vitacura/residencial-departamento/arriendo/; se lee igual
16:53:30 DEBUG   [remax] 5 avisos vía tarjetas
16:53:32 DEBUG   La red no quedó en silencio en https://houm.com/cl/arriendo-departamento-región-metropolitana/las-condes/175757; se lee igual
16:53:32 DEBUG   [houm] 1 avisos vía estado-embebido
16:53:36 DEBUG   [toctoc] 3 avisos vía json-ld
16:53:36 INFO      toctoc: 180 avisos en 61s
16:53:36 INFO    Barriendo Fuenzalida Propiedades (fuenzalida)…
16:53:40 DEBUG   [fuenzalida] 16 avisos vía tarjetas
16:53:43 DEBUG   La red no quedó en silencio en https://www.remax.cl/es-cl/busqueda/metropolitana-de-santiago/santiago/vitacura/residencial-departamento/arriendo/?page=2; se lee igual
16:53:43 DEBUG   [fuenzalida] 20 avisos vía tarjetas
16:53:43 DEBUG   [remax] 5 avisos vía tarjetas
16:53:43 INFO      remax: 10 avisos en 29s
16:53:43 INFO    Barriendo Century 21 Chile (century21)…
16:53:44 INFO      century21: 0 avisos en 1s
16:53:44 INFO    Barriendo Property Partners (propertypartners)…
16:53:44 DEBUG   La red no quedó en silencio en https://houm.com/cl/arriendo-departamento-región-metropolitana/ñuñoa/164010; se lee igual
16:53:44 DEBUG   [houm] 1 avisos vía estado-embebido
16:53:45 DEBUG   [propertypartners] 1 avisos vía tarjetas
16:53:45 INFO      propertypartners: 1 avisos en 0s
16:53:45 INFO    Barriendo Acceso Inmobiliario (accesoinmobiliario)…
16:53:46 DEBUG   [fuenzalida] 20 avisos vía tarjetas
16:53:46 INFO      fuenzalida: 56 avisos en 10s
16:53:46 INFO    Barriendo Magnolia Property (magnoliaproperty)…
16:53:47 DEBUG   [magnoliaproperty] 6 avisos vía tarjetas
16:53:47 INFO      magnoliaproperty: 6 avisos en 0s
16:53:47 INFO    Barriendo Portilla Propiedades (portillapropiedades)…
16:53:47 DEBUG   [portillapropiedades] 2 avisos vía tarjetas
16:53:47 INFO      portillapropiedades: 2 avisos en 0s
16:53:47 INFO    Barriendo Nativo Propiedades (nativopropiedades)…
16:53:48 DEBUG   [nativopropiedades] 10 avisos vía tarjetas
16:53:48 INFO      nativopropiedades: 10 avisos en 1s
16:53:48 INFO    Barriendo Enlace Inmobiliario (enlaceinmobiliario)…
16:53:48 WARNING https://www.enlaceinmobiliario.cl/ respondió 403
16:53:48 INFO    [enlaceinmobiliario] https://www.enlaceinmobiliario.cl/ rebotó al GET; se reintenta con navegador
16:53:50 DEBUG   [accesoinmobiliario] 15 avisos vía tarjetas
16:53:52 DEBUG   La red no quedó en silencio en https://houm.com/cl/arriendo-departamento-región-metropolitana/ñuñoa/174379; se lee igual
16:53:52 DEBUG   [houm] 1 avisos vía estado-embebido
16:53:56 DEBUG   [accesoinmobiliario] 1 avisos vía tarjetas
16:53:59 INFO      enlaceinmobiliario: 0 avisos en 11s
16:53:59 INFO    Barriendo Rentas.cl (rentas_cl)…
16:54:01 DEBUG   [rentas_cl] 1 avisos vía json-ld
16:54:01 INFO      rentas_cl: 1 avisos en 2s
16:54:01 INFO    Barriendo Arriendos.cl (arriendos_cl)…
16:54:02 INFO      arriendos_cl: 0 avisos en 1s
16:54:02 INFO    Barriendo Propiedades.cl (propiedades_cl)…
16:54:03 DEBUG   [propiedades_cl] 6 avisos vía tarjetas
16:54:03 INFO      propiedades_cl: 6 avisos en 1s
16:54:03 INFO    Barriendo Clasificados.cl (clasificados_cl)…
16:54:04 DEBUG   La red no quedó en silencio en https://houm.com/cl/arriendo-departamento-región-metropolitana/recoleta/178185; se lee igual
16:54:04 DEBUG   [houm] 1 avisos vía estado-embebido
16:54:07 DEBUG   [clasificados_cl] 1 avisos vía tarjetas
16:54:07 INFO      clasificados_cl: 1 avisos en 4s
16:54:10 DEBUG   [accesoinmobiliario] 1 avisos vía tarjetas
16:54:13 DEBUG   La red no quedó en silencio en https://houm.com/cl/arriendo-departamento-región-metropolitana/las-condes/177842; se lee igual
16:54:13 DEBUG   [houm] 1 avisos vía estado-embebido
16:54:18 DEBUG   [goplaceit] 30 avisos vía json-ld
16:54:21 DEBUG   La red no quedó en silencio en https://houm.com/cl/arriendo-departamento-región-metropolitana/recoleta/176958; se lee igual
16:54:21 DEBUG   [houm] 1 avisos vía estado-embebido
16:54:21 DEBUG   [accesoinmobiliario] 1 avisos vía tarjetas
16:54:27 DEBUG   [accesoinmobiliario] 1 avisos vía tarjetas
16:54:27 INFO      accesoinmobiliario: 19 avisos en 42s
16:54:29 DEBUG   La red no quedó en silencio en https://houm.com/cl/arriendo-departamento-región-metropolitana/recoleta/90462; se lee igual
16:54:29 DEBUG   [houm] 1 avisos vía estado-embebido
16:54:29 INFO      houm: 36 avisos en 91s
16:54:45 INFO      goplaceit: 90 avisos en 130s
16:54:45 INFO    Total crudo: 768 avisos
16:54:46 INFO    Después de deduplicar: 426
16:54:46 INFO    Pasaron los filtros: 93
16:55:36 DEBUG   [doomos] 16 avisos vía tarjetas
16:55:36 DEBUG   Ficha de YVT22 sin candidato propio; no se fusiona
16:55:37 DEBUG   Ficha de HW5MX sin candidato propio; no se fusiona
16:55:38 DEBUG   Pin del mapa para YJMNH: -33.38881, -70.57189
16:55:38 DEBUG   [yapo] 1 avisos vía json-ld
16:55:48 DEBUG   [doomos] 25 avisos vía tarjetas
16:55:48 DEBUG   Ficha de U44VT sin candidato propio; no se fusiona
16:55:56 DEBUG   [doomos] 25 avisos vía tarjetas
16:55:56 DEBUG   Ficha de KNAE9 sin candidato propio; no se fusiona
16:55:58 DEBUG   [doomos] 25 avisos vía tarjetas
16:55:58 DEBUG   Ficha de PR3QK sin candidato propio; no se fusiona
16:56:02 DEBUG   [doomos] 25 avisos vía tarjetas
16:56:02 DEBUG   Ficha de 2HWEW sin candidato propio; no se fusiona
16:56:06 DEBUG   [doomos] 25 avisos vía tarjetas
16:56:06 DEBUG   Ficha de ZWNAN sin candidato propio; no se fusiona
16:56:08 DEBUG   [doomos] 25 avisos vía tarjetas
16:56:08 DEBUG   Ficha de FDXSM sin candidato propio; no se fusiona
16:56:14 DEBUG   Pin del mapa para XKNVZ: -33.40640, -70.59617
16:56:14 DEBUG   [toctoc] 1 avisos vía estado-embebido
16:56:14 INFO    Enriquecido y descartado: AUD4Y (100 m² totales, no llega a más de 100 m²)
16:56:19 DEBUG   Pin del mapa para 926YZ: -33.40410, -70.59081
16:56:19 DEBUG   [toctoc] 1 avisos vía estado-embebido
16:56:19 INFO    Enriquecido y descartado: P9HA4 (arriendo de $2.575.629 sobre el máximo negociable de $1.904.000)
16:56:25 DEBUG   Pin del mapa para 3DU7Q: -33.40490, -70.59654
16:56:25 DEBUG   [toctoc] 1 avisos vía estado-embebido
16:56:25 INFO    Enriquecido y descartado: K7URV (arriendo de $2.861.810 sobre el máximo negociable de $1.904.000)
16:56:31 DEBUG   Pin del mapa para CZ7B9: -33.40252, -70.59496
16:56:31 DEBUG   [toctoc] 1 avisos vía estado-embebido
16:56:31 INFO    Enriquecido y descartado: CZ7B9 (arriendo de $5.069.492 sobre el máximo negociable de $1.904.000)
16:56:37 DEBUG   [toctoc] 1 avisos vía estado-embebido
16:56:43 DEBUG   Pin del mapa para AZ5YE: -33.40537, -70.59387
16:56:43 DEBUG   [toctoc] 1 avisos vía estado-embebido
16:56:48 DEBUG   [toctoc] 1 avisos vía estado-embebido
16:56:48 INFO    Enriquecido y descartado: 42KXU (arriendo de $3.270.640 sobre el máximo negociable de $1.904.000)
16:56:49 DEBUG   [busconido] 11 avisos vía tarjetas
16:56:49 DEBUG   Ficha de SHVDB sin candidato propio; no se fusiona
16:56:53 INFO    Enriquecido y descartado: YAVJA (arriendo de $3.517.371 sobre el máximo negociable de $1.904.000)
16:57:00 DEBUG   La red no quedó en silencio en https://www.toctoc.com/arriendo/departamento/metropolitana/vitacura/b_096be4a3d92be930b250f5a0a291f7cd1bf63f70; se lee igual
16:57:00 DEBUG   Pin del mapa para 2CV94: -33.40143, -70.58206
16:57:00 DEBUG   [toctoc] 1 avisos vía estado-embebido
16:57:00 INFO    Enriquecido y descartado: NBFJR (arriendo de $3.066.225 sobre el máximo negociable de $1.904.000)
16:57:06 DEBUG   Pin del mapa para RR676: -33.40632, -70.59601
16:57:06 DEBUG   [toctoc] 1 avisos vía estado-embebido
16:57:06 INFO    Enriquecido y descartado: KRW5G (33 años (construido en 1993), sobre el máximo de 30)
16:57:13 DEBUG   La red no quedó en silencio en https://www.toctoc.com/arriendo/departamento/metropolitana/vitacura/b_f922600412a2de8d42ccc86e574c80c57e015eac; se lee igual
16:57:13 DEBUG   Pin del mapa para E4WAD: -33.39546, -70.59965
16:57:13 DEBUG   [toctoc] 1 avisos vía estado-embebido
16:57:13 INFO    Enriquecido y descartado: TVY5S (arriendo de $3.475.055 sobre el máximo negociable de $1.904.000)
16:57:20 DEBUG   Pin del mapa para 6JZTZ: -33.40602, -70.59617
16:57:20 DEBUG   [toctoc] 1 avisos vía estado-embebido
16:57:20 INFO    Enriquecido y descartado: T3P3G (arriendo de $3.600.000 sobre el máximo negociable de $1.904.000)
16:57:27 DEBUG   La red no quedó en silencio en https://www.toctoc.com/arriendo/departamento/metropolitana/vitacura/b_95d686741da2d1f0a43f7238bb9ce6b47bedb815; se lee igual
16:57:27 DEBUG   Pin del mapa para TWM7T: -33.36858, -70.54374
16:57:27 DEBUG   [toctoc] 1 avisos vía estado-embebido
16:57:27 INFO    Enriquecido y descartado: VM5YC (arriendo de $3.883.885 sobre el máximo negociable de $1.904.000)
16:57:34 DEBUG   La red no quedó en silencio en https://www.toctoc.com/arriendo/departamento/metropolitana/vitacura/b_a998c2fd5060e8ec46a7edccf860676663ba97ef; se lee igual
16:57:34 DEBUG   Pin del mapa para CSV7D: -33.40591, -70.59624
16:57:34 DEBUG   [toctoc] 1 avisos vía estado-embebido
16:57:34 INFO    Enriquecido y descartado: CHMX5 (arriendo de $2.700.000 sobre el máximo negociable de $1.904.000)
16:57:41 DEBUG   La red no quedó en silencio en https://www.toctoc.com/arriendo/departamento/metropolitana/vitacura/b_44ca08e176d22ab212b1fa6933a029ce0acb973c; se lee igual
16:57:41 DEBUG   Pin del mapa para QJRRW: -33.39747, -70.57429
16:57:41 DEBUG   [toctoc] 1 avisos vía estado-embebido
16:57:41 INFO    Enriquecido y descartado: 2E849 (arriendo de $3.066.225 sobre el máximo negociable de $1.904.000)
16:57:48 DEBUG   Pin del mapa para EAZDB: -33.40383, -70.59820
16:57:48 DEBUG   [toctoc] 1 avisos vía estado-embebido
16:57:48 INFO    Enriquecido y descartado: 358CJ (arriendo de $4.701.545 sobre el máximo negociable de $1.904.000)
16:57:54 DEBUG   Pin del mapa para GDEV4: -33.40522, -70.59529
16:57:54 DEBUG   [toctoc] 1 avisos vía estado-embebido
16:57:54 INFO    Enriquecido y descartado: URZMS (arriendo de $3.600.000 sobre el máximo negociable de $1.904.000)
16:58:00 DEBUG   Pin del mapa para VB9ST: -33.38575, -70.56115
16:58:00 DEBUG   [toctoc] 1 avisos vía estado-embebido
16:58:00 INFO    Enriquecido y descartado: VZXBC (arriendo de $3.475.055 sobre el máximo negociable de $1.904.000)
16:58:06 DEBUG   Pin del mapa para MVQQV: -33.40571, -70.59718
16:58:06 DEBUG   [toctoc] 1 avisos vía estado-embebido
16:58:06 INFO    Enriquecido y descartado: DZCSP (arriendo de $3.270.640 sobre el máximo negociable de $1.904.000)
16:58:12 DEBUG   Pin del mapa para HQU2S: -33.40597, -70.59658
16:58:12 DEBUG   [toctoc] 1 avisos vía estado-embebido
16:58:12 INFO    Enriquecido y descartado: JJ52S (arriendo de $3.270.640 sobre el máximo negociable de $1.904.000)
16:58:19 DEBUG   Pin del mapa para SNVMM: -33.40320, -70.59258
16:58:19 DEBUG   [toctoc] 1 avisos vía estado-embebido
16:58:19 INFO    Enriquecido y descartado: W3RD8 (arriendo de $3.066.225 sobre el máximo negociable de $1.904.000)
16:58:25 DEBUG   Pin del mapa para 9YQR3: -33.37213, -70.54192
16:58:25 DEBUG   [toctoc] 1 avisos vía estado-embebido
16:58:25 INFO    Enriquecido y descartado: E9R23 (arriendo de $4.497.130 sobre el máximo negociable de $1.904.000)
16:58:32 DEBUG   Pin del mapa para Y9Z68: -33.37737, -70.54849
16:58:32 DEBUG   [toctoc] 1 avisos vía estado-embebido
16:58:32 INFO    Enriquecido y descartado: Y9Z68 (arriendo de $2.248.565 sobre el máximo negociable de $1.904.000)
16:58:35 INFO    Enriquecido y descartado: CC2AY (arriendo de $2.032.258 sobre el máximo negociable de $1.904.000)
16:58:42 DEBUG   Pin del mapa para EJMU3: -33.39788, -70.58897
16:58:42 DEBUG   [toctoc] 1 avisos vía estado-embebido
16:58:42 INFO    Enriquecido y descartado: W6ATB (arriendo de $2.412.097 sobre el máximo negociable de $1.904.000)
16:58:49 DEBUG   Pin del mapa para HCBT4: -33.40571, -70.59352
16:58:49 DEBUG   [toctoc] 1 avisos vía estado-embebido
16:58:49 INFO    Enriquecido y descartado: XGTG5 (45 años (construido en 1981), sobre el máximo de 30)
16:58:56 DEBUG   La red no quedó en silencio en https://www.toctoc.com/arriendo/departamento/metropolitana/vitacura/b_fc2219819a4df24c7e844aa5cf0824972c0ea885; se lee igual
16:58:56 DEBUG   Pin del mapa para D2GPN: -33.39031, -70.59455
16:58:56 DEBUG   [toctoc] 1 avisos vía estado-embebido
16:58:56 INFO    Enriquecido y descartado: YNANX (arriendo de $3.270.640 sobre el máximo negociable de $1.904.000)
16:59:02 DEBUG   Pin del mapa para X3YFD: -33.40596, -70.59695
16:59:02 DEBUG   [toctoc] 1 avisos vía estado-embebido
16:59:02 INFO    Enriquecido y descartado: B5SVA (arriendo de $3.270.640 sobre el máximo negociable de $1.904.000)
16:59:09 DEBUG   Pin del mapa para JS3C5: -33.37683, -70.54385
16:59:09 DEBUG   [toctoc] 1 avisos vía estado-embebido
16:59:09 INFO    Enriquecido y descartado: 4JZ9G (arriendo de $1.962.384 sobre el máximo negociable de $1.904.000)
16:59:10 DEBUG   [busconido] 10 avisos vía tarjetas
16:59:10 DEBUG   Ficha de G8ADK sin candidato propio; no se fusiona
16:59:17 DEBUG   [toctoc] 1 avisos vía estado-embebido
16:59:17 INFO    Enriquecido y descartado: QTDYS (arriendo de $3.270.640 sobre el máximo negociable de $1.904.000)
16:59:23 DEBUG   [toctoc] 1 avisos vía estado-embebido
16:59:23 INFO    Enriquecido y descartado: XYCGS (arriendo de $2.412.097 sobre el máximo negociable de $1.904.000)
16:59:30 DEBUG   La red no quedó en silencio en https://www.toctoc.com/arriendo/departamento/metropolitana/vitacura/b_193d01d486dd17f7dae602bd11501fb28c6959b9; se lee igual
16:59:30 DEBUG   [toctoc] 1 avisos vía estado-embebido
16:59:30 INFO    Enriquecido y descartado: B2N6Q (arriendo de $3.270.640 sobre el máximo negociable de $1.904.000)
16:59:37 DEBUG   [toctoc] 1 avisos vía estado-embebido
16:59:37 INFO    Enriquecido y descartado: DNSPN (arriendo de $3.066.225 sobre el máximo negociable de $1.904.000)
16:59:42 DEBUG   [doomos] 16 avisos vía tarjetas
16:59:42 DEBUG   Ficha de J5JN4 sin candidato propio; no se fusiona
16:59:50 DEBUG   [doomos] 25 avisos vía tarjetas
16:59:50 DEBUG   Ficha de P8XMT sin candidato propio; no se fusiona
16:59:55 DEBUG   [engelvoelkers] 1 avisos vía json-ld
17:00:02 DEBUG   La red no quedó en silencio en https://www.toctoc.com/arriendo/departamento/metropolitana/vitacura/b_5a83ec5d9ddeec1014e84fbdea5c301beaad18d5; se lee igual
17:00:02 DEBUG   [toctoc] 1 avisos vía estado-embebido
17:00:12 DEBUG   [toctoc] 1 avisos vía estado-embebido
17:00:18 DEBUG   [toctoc] 1 avisos vía estado-embebido
17:00:18 INFO    Enriquecido y descartado: 2VPS4 (arriendo de $4.006.534 sobre el máximo negociable de $1.904.000)
17:00:24 DEBUG   [toctoc] 1 avisos vía estado-embebido
17:00:24 INFO    Enriquecido y descartado: QKSRR (arriendo de $3.475.055 sobre el máximo negociable de $1.904.000)
17:00:29 DEBUG   [toctoc] 1 avisos vía estado-embebido
17:00:29 INFO    Enriquecido y descartado: WPEBD (arriendo de $2.044.150 sobre el máximo negociable de $1.904.000)
17:00:33 INFO    Enriquecido y descartado: 75BRH (arriendo de $2.931.142 sobre el máximo negociable de $1.904.000)
17:00:38 DEBUG   [toctoc] 1 avisos vía estado-embebido
17:00:38 INFO    Enriquecido y descartado: THCTF (arriendo de $2.493.863 sobre el máximo negociable de $1.904.000)
17:00:44 DEBUG   [toctoc] 1 avisos vía estado-embebido
17:00:44 INFO    Enriquecido y descartado: MM5R4 (arriendo de $3.679.470 sobre el máximo negociable de $1.904.000)
17:00:51 DEBUG   La red no quedó en silencio en https://www.toctoc.com/arriendo/departamento/metropolitana/vitacura/b_3e3f917b0437c13db9c91622bfdd7bebbc589533; se lee igual
17:00:51 DEBUG   [toctoc] 1 avisos vía estado-embebido
17:00:52 INFO    Enriquecido y descartado: JX2H8 (arriendo de $3.679.470 sobre el máximo negociable de $1.904.000)
17:01:23 DEBUG   [toctoc] 1 avisos vía estado-embebido
17:01:27 INFO    Enriquecido y descartado: 75BRH (arriendo de $1.954.095 sobre el máximo negociable de $1.904.000)
17:01:36 DEBUG   [toctoc] 1 avisos vía estado-embebido
17:01:36 INFO    Enriquecido y descartado: 6KA2M (arriendo de $3.066.225 sobre el máximo negociable de $1.904.000)
17:01:49 DEBUG   [toctoc] 1 avisos vía estado-embebido
17:01:54 DEBUG   [toctoc] 1 avisos vía estado-embebido
17:01:54 INFO    Enriquecido y descartado: 4V73Z (arriendo de $4.701.545 sobre el máximo negociable de $1.904.000)
17:02:00 DEBUG   [toctoc] 1 avisos vía estado-embebido
17:02:00 INFO    Enriquecido y descartado: ZDZSQ (arriendo de $2.248.565 sobre el máximo negociable de $1.904.000)
17:02:05 DEBUG   [toctoc] 1 avisos vía estado-embebido
17:02:05 INFO    Enriquecido y descartado: 8YSPF (arriendo de $4.500.000 sobre el máximo negociable de $1.904.000)
17:02:10 DEBUG   [toctoc] 1 avisos vía estado-embebido
17:02:11 INFO    Enriquecido y descartado: 3N59D (arriendo de $3.066.225 sobre el máximo negociable de $1.904.000)
17:02:16 DEBUG   [toctoc] 1 avisos vía estado-embebido
17:02:16 INFO    Enriquecido y descartado: 4W5ZG (arriendo de $3.597.704 sobre el máximo negociable de $1.904.000)
17:02:21 DEBUG   [toctoc] 1 avisos vía estado-embebido
17:02:21 INFO    Enriquecido y descartado: JKM2T (arriendo de $2.289.448 sobre el máximo negociable de $1.904.000)
17:02:30 DEBUG   [toctoc] 1 avisos vía estado-embebido
17:02:30 INFO    Enriquecido y descartado: 9JAPA (arriendo de $2.452.980 sobre el máximo negociable de $1.904.000)
17:02:35 DEBUG   [toctoc] 1 avisos vía estado-embebido
17:02:41 DEBUG   [toctoc] 1 avisos vía estado-embebido
17:02:47 DEBUG   [toctoc] 1 avisos vía estado-embebido
17:02:47 INFO    Enriquecido y descartado: K7URV (arriendo de $3.475.055 sobre el máximo negociable de $1.904.000)
17:02:53 DEBUG   [toctoc] 1 avisos vía estado-embebido
17:02:59 DEBUG   [toctoc] 1 avisos vía estado-embebido
17:03:06 DEBUG   La red no quedó en silencio en https://www.toctoc.com/arriendo/departamento/metropolitana/vitacura/b_81160827e21945574de3036c9a6e70e4790b7427; se lee igual
17:03:22 DEBUG   [toctoc] 1 avisos vía estado-embebido
17:03:29 DEBUG   La red no quedó en silencio en https://www.toctoc.com/arriendo/departamento/metropolitana/vitacura/b_a980d8085ff1b8a8ad39918e8343fc77f14f4e9d; se lee igual
17:03:29 DEBUG   [toctoc] 1 avisos vía estado-embebido
17:03:32 INFO    Enriquecido y descartado: 75BRH (arriendo de $4.299.009 sobre el máximo negociable de $1.904.000)
17:03:39 DEBUG   La red no quedó en silencio en https://www.toctoc.com/arriendo/departamento/metropolitana/vitacura/b_164f467bf4966091d4ca5bb501b4f6255c3ebf86; se lee igual
17:03:39 DEBUG   [toctoc] 1 avisos vía estado-embebido
17:03:39 INFO    Enriquecido y descartado: 479XJ (arriendo de $3.393.289 sobre el máximo negociable de $1.904.000)
17:03:46 DEBUG   [toctoc] 1 avisos vía estado-embebido
17:03:50 INFO    Fichas leídas: 93 — 9 ganaron el año, 23 la dirección; 50 se descartaron al verlas (2 por viejos)
17:04:10 WARNING Error en https://www.yapo.cl/bienes-raices-alquiler-apartamentos/departamento-en-arriendo-de-4-dorm-en-vitacura/32951224 (intento 1/3): HTTPSConnectionPool(host='www.yapo.cl', port=443): Read timed out. (read timeout=20)
17:04:13 DEBUG   [yapo] 1 avisos vía json-ld
17:04:14 INFO    Listo: 1 avisados de 43 candidatos
