19:33:25 INFO    UF = $40.872.45 (API del día)
19:33:25 INFO    Barriendo TocToc (toctoc)…
19:33:25 INFO    Barriendo Chilepropiedades (chilepropiedades)…
19:33:25 INFO    Barriendo GoPlaceIt (goplaceit)…
19:33:25 INFO    Barriendo Yapo (yapo)…
19:33:25 DEBUG   [chilepropiedades] 10 avisos vía tarjetas
19:33:26 INFO      yapo: 0 avisos en 2s
19:33:26 INFO    Barriendo BuscoNido (busconido)…
19:33:27 DEBUG   [chilepropiedades] 10 avisos vía tarjetas
19:33:27 DEBUG   [busconido] 23 avisos vía tarjetas
19:33:27 INFO      busconido: 23 avisos en 1s
19:33:27 INFO    Barriendo BienesOnline (bienesonline)…
19:33:28 DEBUG   [bienesonline] 2 avisos vía tarjetas
19:33:28 INFO      bienesonline: 2 avisos en 1s
19:33:28 INFO    Barriendo Economicos (El Mercurio) (economicos)…
19:33:29 DEBUG   [goplaceit] 30 avisos vía json-ld
19:33:29 DEBUG   [economicos] 20 avisos vía tarjetas
19:33:29 DEBUG   [chilepropiedades] 10 avisos vía tarjetas
19:33:29 INFO      chilepropiedades: 30 avisos en 5s
19:33:29 INFO    Barriendo iCasas (icasas)…
19:33:30 DEBUG   [icasas] 15 avisos vía tarjetas
19:33:31 DEBUG   [economicos] 18 avisos vía tarjetas
19:33:31 DEBUG   [toctoc] 20 avisos vía json-ld
19:33:32 DEBUG   [icasas] 15 avisos vía tarjetas
19:33:32 INFO      icasas: 30 avisos en 3s
19:33:32 INFO    Barriendo Doomos (doomos)…
19:33:34 DEBUG   [doomos] 31 avisos vía tarjetas
19:33:34 INFO      doomos: 31 avisos en 2s
19:33:34 INFO    Barriendo Top Propiedades (toppropiedades)…
19:33:38 DEBUG   [economicos] 13 avisos vía tarjetas
19:33:38 INFO      economicos: 51 avisos en 9s
19:33:38 INFO    Barriendo Nuroa (nuroa)…
19:33:38 DEBUG   [toppropiedades] 1 avisos vía json-ld
19:33:38 DEBUG   Encoding detection: ascii is most likely the one.
19:33:38 DEBUG   [toctoc] 20 avisos vía json-ld
19:33:39 DEBUG   [nuroa] 25 avisos vía json-ld
19:33:40 DEBUG   [toppropiedades] 1 avisos vía json-ld
19:33:41 DEBUG   [nuroa] 25 avisos vía json-ld
19:33:42 DEBUG   [toppropiedades] 1 avisos vía json-ld
19:33:43 DEBUG   [nuroa] 25 avisos vía json-ld
19:33:44 DEBUG   [toppropiedades] 1 avisos vía json-ld
19:33:45 DEBUG   [nuroa] 25 avisos vía json-ld
19:33:46 INFO      nuroa: 100 avisos en 8s
19:33:46 INFO    Barriendo Mitula (mitula)…
19:33:46 DEBUG   [toctoc] 20 avisos vía json-ld
19:33:46 DEBUG   [toppropiedades] 1 avisos vía json-ld
19:33:47 DEBUG   [mitula] 30 avisos vía json-ld
19:33:48 DEBUG   [toppropiedades] 1 avisos vía json-ld
19:33:49 DEBUG   [mitula] 30 avisos vía json-ld
19:33:50 INFO      mitula: 60 avisos en 4s
19:33:50 INFO    Barriendo Houm (houm)…
19:33:50 DEBUG   [toppropiedades] 1 avisos vía json-ld
19:33:52 DEBUG   [toppropiedades] 1 avisos vía json-ld
19:33:52 INFO      toppropiedades: 8 avisos en 18s
19:33:52 INFO    Barriendo Hey! Homes (heyhomes)…
19:33:53 DEBUG   [toctoc] 20 avisos vía json-ld
19:33:55 DEBUG   [heyhomes] 9 avisos vía tarjetas
19:33:55 INFO      heyhomes: 9 avisos en 3s
19:33:55 INFO    Barriendo Engel & Völkers (engelvoelkers)…
19:33:56 DEBUG   [houm] 28 avisos vía json-ld
19:34:01 DEBUG   [engelvoelkers] 17 avisos vía tarjetas
19:34:01 INFO      engelvoelkers: 17 avisos en 6s
19:34:01 INFO    Barriendo RE/MAX Chile (remax)…
19:34:02 DEBUG   La red no quedó en silencio en https://www.toctoc.com/arriendo/departamento/metropolitana/vitacura/4-dormitorios?pagina=2; se lee igual
19:34:03 DEBUG   [toctoc] 20 avisos vía json-ld
19:34:06 DEBUG   [goplaceit] 30 avisos vía json-ld
19:34:08 DEBUG   La red no quedó en silencio en https://houm.com/cl/arriendo-departamento-región-metropolitana/las-condes/170742; se lee igual
19:34:08 DEBUG   [houm] 1 avisos vía estado-embebido
19:34:09 INFO      remax: 0 avisos en 8s
19:34:09 INFO    Barriendo Fuenzalida Propiedades (fuenzalida)…
19:34:12 DEBUG   [fuenzalida] 16 avisos vía tarjetas
19:34:14 DEBUG   [toctoc] 6 avisos vía json-ld
19:34:14 INFO      toctoc: 106 avisos en 50s
19:34:14 INFO    Barriendo Century 21 Chile (century21)…
19:34:15 DEBUG   [fuenzalida] 20 avisos vía tarjetas
19:34:16 INFO      century21: 0 avisos en 2s
19:34:16 INFO    Barriendo Property Partners (propertypartners)…
19:34:16 DEBUG   [propertypartners] 1 avisos vía tarjetas
19:34:16 INFO      propertypartners: 1 avisos en 0s
19:34:16 INFO    Barriendo Acceso Inmobiliario (accesoinmobiliario)…
19:34:18 DEBUG   [fuenzalida] 20 avisos vía tarjetas
19:34:18 INFO      fuenzalida: 56 avisos en 9s
19:34:18 INFO    Barriendo Magnolia Property (magnoliaproperty)…
19:34:19 DEBUG   [magnoliaproperty] 7 avisos vía tarjetas
19:34:19 INFO      magnoliaproperty: 7 avisos en 1s
19:34:19 INFO    Barriendo Portilla Propiedades (portillapropiedades)…
19:34:20 DEBUG   [portillapropiedades] 2 avisos vía tarjetas
19:34:20 INFO      portillapropiedades: 2 avisos en 1s
19:34:20 INFO    Barriendo Nativo Propiedades (nativopropiedades)…
19:34:20 DEBUG   [accesoinmobiliario] 16 avisos vía tarjetas
19:34:20 DEBUG   [nativopropiedades] 7 avisos vía tarjetas
19:34:20 INFO      nativopropiedades: 7 avisos en 1s
19:34:20 INFO    Barriendo Enlace Inmobiliario (enlaceinmobiliario)…
19:34:21 WARNING https://www.enlaceinmobiliario.cl/ respondió 403
19:34:21 INFO    [enlaceinmobiliario] https://www.enlaceinmobiliario.cl/ rebotó al GET; se reintenta con navegador
19:34:22 DEBUG   La red no quedó en silencio en https://houm.com/cl/arriendo-departamento-región-metropolitana/las-condes/175757; se lee igual
19:34:22 DEBUG   [houm] 1 avisos vía estado-embebido
19:34:24 DEBUG   [accesoinmobiliario] 1 avisos vía tarjetas
19:34:28 INFO      enlaceinmobiliario: 0 avisos en 8s
19:34:28 INFO    Barriendo Rentas.cl (rentas_cl)…
19:34:30 DEBUG   [accesoinmobiliario] 1 avisos vía tarjetas
19:34:30 DEBUG   [rentas_cl] 1 avisos vía json-ld
19:34:30 INFO      rentas_cl: 1 avisos en 2s
19:34:30 INFO    Barriendo Arriendos.cl (arriendos_cl)…
19:34:31 INFO      arriendos_cl: 0 avisos en 1s
19:34:31 INFO    Barriendo Propiedades.cl (propiedades_cl)…
19:34:32 DEBUG   La red no quedó en silencio en https://houm.com/cl/arriendo-departamento-región-metropolitana/ñuñoa/176912; se lee igual
19:34:32 DEBUG   [houm] 1 avisos vía estado-embebido
19:34:32 DEBUG   [propiedades_cl] 6 avisos vía tarjetas
19:34:32 INFO      propiedades_cl: 6 avisos en 1s
19:34:32 INFO    Barriendo Clasificados.cl (clasificados_cl)…
19:34:34 DEBUG   [accesoinmobiliario] 1 avisos vía tarjetas
19:34:35 DEBUG   [clasificados_cl] 1 avisos vía tarjetas
19:34:35 INFO      clasificados_cl: 1 avisos en 2s
19:34:41 DEBUG   La red no quedó en silencio en https://houm.com/cl/arriendo-departamento-región-metropolitana/ñuñoa/174379; se lee igual
19:34:41 DEBUG   [houm] 1 avisos vía estado-embebido
19:34:47 DEBUG   [accesoinmobiliario] 1 avisos vía tarjetas
19:34:49 DEBUG   La red no quedó en silencio en https://houm.com/cl/arriendo-departamento-región-metropolitana/recoleta/178185; se lee igual
19:34:50 DEBUG   [houm] 1 avisos vía estado-embebido
19:34:50 DEBUG   [goplaceit] 30 avisos vía json-ld
19:34:51 DEBUG   [accesoinmobiliario] 1 avisos vía tarjetas
19:34:51 INFO      accesoinmobiliario: 21 avisos en 35s
19:34:57 DEBUG   La red no quedó en silencio en https://houm.com/cl/arriendo-departamento-región-metropolitana/las-condes/177842; se lee igual
19:34:57 DEBUG   [houm] 1 avisos vía estado-embebido
19:35:05 DEBUG   La red no quedó en silencio en https://houm.com/cl/arriendo-departamento-región-metropolitana/recoleta/176958; se lee igual
19:35:05 DEBUG   [houm] 1 avisos vía estado-embebido
19:35:12 DEBUG   La red no quedó en silencio en https://houm.com/cl/arriendo-departamento-región-metropolitana/recoleta/90462; se lee igual
19:35:13 DEBUG   [houm] 1 avisos vía estado-embebido
19:35:13 INFO      houm: 36 avisos en 83s
19:35:17 INFO      goplaceit: 90 avisos en 112s
19:35:17 INFO    Total crudo: 695 avisos
19:35:17 INFO    Después de deduplicar: 480
19:35:18 INFO    Pasaron los filtros: 55
19:36:00 DEBUG   [economicos] 1 avisos vía tarjetas
19:36:01 DEBUG   [doomos] 18 avisos vía tarjetas
19:36:01 DEBUG   Ficha de YVT22 sin candidato propio; no se fusiona
19:36:01 DEBUG   Ficha de HW5MX sin candidato propio; no se fusiona
19:36:02 DEBUG   [economicos] 1 avisos vía tarjetas
19:36:04 DEBUG   [economicos] 1 avisos vía tarjetas
19:36:06 DEBUG   [economicos] 1 avisos vía tarjetas
19:36:08 DEBUG   [economicos] 1 avisos vía tarjetas
19:36:08 DEBUG   [doomos] 27 avisos vía tarjetas
19:36:08 DEBUG   Ficha de U44VT sin candidato propio; no se fusiona
19:36:10 DEBUG   [economicos] 1 avisos vía tarjetas
19:36:10 DEBUG   [doomos] 27 avisos vía tarjetas
19:36:10 DEBUG   Ficha de 2HWEW sin candidato propio; no se fusiona
19:36:13 DEBUG   [doomos] 27 avisos vía tarjetas
19:36:13 DEBUG   Ficha de ZWNAN sin candidato propio; no se fusiona
19:36:13 DEBUG   [economicos] 1 avisos vía tarjetas
19:36:15 DEBUG   [economicos] 1 avisos vía tarjetas
19:36:15 DEBUG   Ficha de XEC3Z sin candidato propio; no se fusiona
19:36:17 DEBUG   [economicos] 1 avisos vía tarjetas
19:36:18 WARNING Se pasó del tiempo al abrir http://GG.CC (Error); se lee lo que alcanzó a llegar
19:36:24 DEBUG   [toctoc] 1 avisos vía estado-embebido
19:36:24 DEBUG   [busconido] 11 avisos vía tarjetas
19:36:24 DEBUG   Ficha de UGFHW sin candidato propio; no se fusiona
19:36:24 DEBUG   [economicos] 1 avisos vía tarjetas
19:36:24 INFO    Enriquecido y descartado: S84GC (arriendo de $3.108.725 sobre el máximo negociable de $1.904.000)
19:36:26 DEBUG   [economicos] 1 avisos vía tarjetas
19:36:27 DEBUG   [busconido] 10 avisos vía tarjetas
19:36:27 DEBUG   Ficha de 53HWP sin candidato propio; no se fusiona
19:36:29 DEBUG   [busconido] 10 avisos vía tarjetas
19:36:29 DEBUG   Ficha de Y9C7X sin candidato propio; no se fusiona
19:36:30 DEBUG   [doomos] 18 avisos vía tarjetas
19:36:30 DEBUG   Ficha de J5JN4 sin candidato propio; no se fusiona
19:36:36 DEBUG   [toctoc] 1 avisos vía estado-embebido
19:36:42 DEBUG   [doomos] 27 avisos vía tarjetas
19:36:42 DEBUG   Ficha de P8XMT sin candidato propio; no se fusiona
19:36:43 DEBUG   [mitula] 3 avisos vía tarjetas
19:36:47 DEBUG   [engelvoelkers] 1 avisos vía json-ld
19:36:52 DEBUG   [toctoc] 1 avisos vía estado-embebido
19:36:56 DEBUG   [toctoc] 1 avisos vía estado-embebido
19:37:06 DEBUG   [toctoc] 1 avisos vía estado-embebido
19:37:13 DEBUG   La red no quedó en silencio en https://www.toctoc.com/arriendo/departamento/metropolitana/vitacura/b_5acaafcd00128d3e4cb605d4f6d3b2f9454c00a2; se lee igual
19:37:16 DEBUG   [chilepropiedades] 2 avisos vía json-ld
19:37:22 DEBUG   La red no quedó en silencio en https://www.toctoc.com/arriendo/departamento/metropolitana/vitacura/b_81160827e21945574de3036c9a6e70e4790b7427; se lee igual
19:37:28 DEBUG   [toctoc] 1 avisos vía estado-embebido
19:37:32 INFO    Enriquecido y descartado: 75BRH (arriendo de $2.931.142 sobre el máximo negociable de $1.904.000)
19:37:59 INFO    Enriquecido y descartado: 75BRH (arriendo de $2.149.504 sobre el máximo negociable de $1.904.000)
19:38:08 INFO    Enriquecido y descartado: 75BRH (arriendo de $1.954.095 sobre el máximo negociable de $1.904.000)
19:38:27 DEBUG   La red no quedó en silencio en https://www.toctoc.com/arriendo/departamento/metropolitana/vitacura/b_8d7cfebe1062033f05e1df1296cb8647a46a8d1b; se lee igual
19:38:27 DEBUG   [toctoc] 1 avisos vía estado-embebido
19:38:37 DEBUG   [toctoc] 1 avisos vía estado-embebido
19:38:41 DEBUG   [toctoc] 1 avisos vía estado-embebido
19:38:45 INFO    Enriquecido y descartado: 75BRH (arriendo de $4.299.009 sobre el máximo negociable de $1.904.000)
19:38:49 INFO    Fichas leídas: 55 — 0 ganaron el año, 1 la dirección; 5 se descartaron al verlas (0 por viejos)
19:38:51 INFO    Listo: 0 avisados de 50 candidatos
