01:14:23 INFO    UF = $40.926.41 (API del día)
01:14:23 INFO    Barriendo TocToc (toctoc)…
01:14:23 INFO    Barriendo Chilepropiedades (chilepropiedades)…
01:14:23 INFO    Barriendo GoPlaceIt (goplaceit)…
01:14:23 INFO    Barriendo Yapo (yapo)…
01:14:23 DEBUG   [chilepropiedades] 10 avisos vía tarjetas
01:14:25 DEBUG   [chilepropiedades] 10 avisos vía tarjetas
01:14:26 INFO      yapo: 0 avisos en 3s
01:14:26 INFO    Barriendo BuscoNido (busconido)…
01:14:26 DEBUG   [busconido] 23 avisos vía tarjetas
01:14:26 INFO      busconido: 23 avisos en 1s
01:14:26 INFO    Barriendo BienesOnline (bienesonline)…
01:14:27 DEBUG   [chilepropiedades] 10 avisos vía tarjetas
01:14:27 INFO      chilepropiedades: 30 avisos en 4s
01:14:27 INFO    Barriendo Economicos (El Mercurio) (economicos)…
01:14:27 DEBUG   [bienesonline] 12 avisos vía tarjetas
01:14:27 INFO      bienesonline: 12 avisos en 1s
01:14:27 INFO    Barriendo iCasas (icasas)…
01:14:27 DEBUG   [goplaceit] 30 avisos vía json-ld
01:14:28 WARNING https://www.economicos.cl/search/propiedades/vitacura/arriendo/departamento/0 respondió 403
01:14:28 INFO    [economicos] https://www.economicos.cl/search/propiedades/vitacura/arriendo/departamento/0 rebotó al GET; se reintenta con navegador
01:14:28 DEBUG   [icasas] 15 avisos vía tarjetas
01:14:30 DEBUG   [icasas] 15 avisos vía tarjetas
01:14:30 INFO      icasas: 30 avisos en 3s
01:14:30 INFO    Barriendo Doomos (doomos)…
01:14:31 DEBUG   La red no quedó en silencio en https://www.toctoc.com/arriendo/departamento/metropolitana/vitacura/3-dormitorios; se lee igual
01:14:31 DEBUG   [toctoc] 66 avisos vía json-ld
01:14:32 DEBUG   [doomos] 32 avisos vía tarjetas
01:14:32 INFO      doomos: 32 avisos en 2s
01:14:32 INFO    Barriendo Top Propiedades (toppropiedades)…
01:14:32 INFO      economicos: 0 avisos en 5s
01:14:32 INFO    Barriendo Nuroa (nuroa)…
01:14:33 DEBUG   Encoding detection: ascii is most likely the one.
01:14:34 DEBUG   [nuroa] 25 avisos vía json-ld
01:14:36 DEBUG   [toppropiedades] 1 avisos vía json-ld
01:14:36 DEBUG   [nuroa] 25 avisos vía json-ld
01:14:38 DEBUG   [toppropiedades] 1 avisos vía json-ld
01:14:38 DEBUG   [nuroa] 25 avisos vía json-ld
01:14:39 DEBUG   La red no quedó en silencio en https://www.toctoc.com/arriendo/departamento/metropolitana/vitacura/3-dormitorios?pagina=2; se lee igual
01:14:40 DEBUG   [toppropiedades] 1 avisos vía json-ld
01:14:40 DEBUG   [nuroa] 25 avisos vía json-ld
01:14:41 INFO      nuroa: 100 avisos en 9s
01:14:41 INFO    Barriendo Mitula (mitula)…
01:14:41 DEBUG   [toctoc] 20 avisos vía json-ld
01:14:42 WARNING https://casas.mitula.cl/casas/arriendo-departamentos-vitacura respondió 401
01:14:42 INFO    [mitula] https://casas.mitula.cl/casas/arriendo-departamentos-vitacura rebotó al GET; se reintenta con navegador
01:14:42 DEBUG   [toppropiedades] 1 avisos vía json-ld
01:14:44 DEBUG   [toppropiedades] 1 avisos vía json-ld
01:14:44 INFO      mitula: 0 avisos en 4s
01:14:44 INFO    Barriendo Houm (houm)…
01:14:46 DEBUG   [toppropiedades] 1 avisos vía json-ld
01:14:48 DEBUG   [toppropiedades] 1 avisos vía json-ld
01:14:49 DEBUG   La red no quedó en silencio en https://www.toctoc.com/arriendo/departamento/metropolitana/vitacura/3-dormitorios?pagina=3; se lee igual
01:14:50 DEBUG   [toctoc] 20 avisos vía json-ld
01:14:50 DEBUG   [toppropiedades] 1 avisos vía json-ld
01:14:50 INFO      toppropiedades: 8 avisos en 18s
01:14:50 INFO    Barriendo Hey! Homes (heyhomes)…
01:14:53 DEBUG   [heyhomes] 9 avisos vía tarjetas
01:14:53 INFO      heyhomes: 9 avisos en 3s
01:14:53 INFO    Barriendo Engel & Völkers (engelvoelkers)…
01:14:56 DEBUG   La red no quedó en silencio en https://houm.com/cl/arriendo-departamentos-region-metropolitana/vitacura/3-dormitorios; se lee igual
01:14:56 DEBUG   [houm] 28 avisos vía json-ld
01:15:00 DEBUG   [engelvoelkers] 16 avisos vía tarjetas
01:15:00 INFO      engelvoelkers: 16 avisos en 7s
01:15:00 INFO    Barriendo RE/MAX Chile (remax)…
01:15:00 DEBUG   La red no quedó en silencio en https://www.toctoc.com/arriendo/departamento/metropolitana/vitacura/4-dormitorios; se lee igual
01:15:01 DEBUG   [toctoc] 20 avisos vía json-ld
01:15:03 DEBUG   [goplaceit] 30 avisos vía json-ld
01:15:09 DEBUG   La red no quedó en silencio en https://houm.com/cl/arriendo-departamento-región-metropolitana/las-condes/170742; se lee igual
01:15:09 DEBUG   [houm] 1 avisos vía estado-embebido
01:15:10 INFO      remax: 0 avisos en 10s
01:15:10 INFO    Barriendo Fuenzalida Propiedades (fuenzalida)…
01:15:13 DEBUG   [fuenzalida] 16 avisos vía tarjetas
01:15:16 DEBUG   La red no quedó en silencio en https://www.toctoc.com/arriendo/departamento/metropolitana/vitacura/4-dormitorios?pagina=2; se lee igual
01:15:16 DEBUG   [fuenzalida] 20 avisos vía tarjetas
01:15:17 DEBUG   [toctoc] 20 avisos vía json-ld
01:15:19 DEBUG   [fuenzalida] 20 avisos vía tarjetas
01:15:19 INFO      fuenzalida: 56 avisos en 8s
01:15:19 INFO    Barriendo Century 21 Chile (century21)…
01:15:20 INFO      century21: 0 avisos en 1s
01:15:20 INFO    Barriendo Property Partners (propertypartners)…
01:15:20 DEBUG   [propertypartners] 1 avisos vía tarjetas
01:15:20 INFO      propertypartners: 1 avisos en 0s
01:15:20 INFO    Barriendo Acceso Inmobiliario (accesoinmobiliario)…
01:15:21 DEBUG   La red no quedó en silencio en https://houm.com/cl/arriendo-departamento-región-metropolitana/las-condes/175757; se lee igual
01:15:22 DEBUG   [houm] 1 avisos vía estado-embebido
01:15:24 DEBUG   [accesoinmobiliario] 15 avisos vía tarjetas
01:15:28 DEBUG   La red no quedó en silencio en https://www.toctoc.com/arriendo/departamento/metropolitana/vitacura/4-dormitorios?pagina=3; se lee igual
01:15:29 DEBUG   [toctoc] 20 avisos vía json-ld
01:15:29 INFO      toctoc: 166 avisos en 66s
01:15:29 INFO    Barriendo Magnolia Property (magnoliaproperty)…
01:15:30 DEBUG   [magnoliaproperty] 6 avisos vía tarjetas
01:15:30 INFO      magnoliaproperty: 6 avisos en 0s
01:15:30 INFO    Barriendo Portilla Propiedades (portillapropiedades)…
01:15:31 DEBUG   [portillapropiedades] 2 avisos vía tarjetas
01:15:31 INFO      portillapropiedades: 2 avisos en 2s
01:15:31 INFO    Barriendo Nativo Propiedades (nativopropiedades)…
01:15:32 DEBUG   [nativopropiedades] 10 avisos vía tarjetas
01:15:32 INFO      nativopropiedades: 10 avisos en 1s
01:15:32 INFO    Barriendo Enlace Inmobiliario (enlaceinmobiliario)…
01:15:32 WARNING https://www.enlaceinmobiliario.cl/ respondió 403
01:15:32 INFO    [enlaceinmobiliario] https://www.enlaceinmobiliario.cl/ rebotó al GET; se reintenta con navegador
01:15:36 DEBUG   La red no quedó en silencio en https://houm.com/cl/arriendo-departamento-región-metropolitana/lo-barnechea/74201; se lee igual
01:15:36 DEBUG   [houm] 1 avisos vía estado-embebido
01:15:38 INFO      enlaceinmobiliario: 0 avisos en 6s
01:15:39 INFO    Barriendo Rentas.cl (rentas_cl)…
01:15:41 DEBUG   [rentas_cl] 1 avisos vía json-ld
01:15:41 INFO      rentas_cl: 1 avisos en 2s
01:15:41 INFO    Barriendo Arriendos.cl (arriendos_cl)…
01:15:42 INFO      arriendos_cl: 0 avisos en 1s
01:15:42 INFO    Barriendo Propiedades.cl (propiedades_cl)…
01:15:43 DEBUG   [propiedades_cl] 6 avisos vía tarjetas
01:15:43 INFO      propiedades_cl: 6 avisos en 1s
01:15:43 INFO    Barriendo Clasificados.cl (clasificados_cl)…
01:15:44 DEBUG   [accesoinmobiliario] 1 avisos vía tarjetas
01:15:46 DEBUG   La red no quedó en silencio en https://houm.com/cl/arriendo-departamento-región-metropolitana/providencia/175947; se lee igual
01:15:46 DEBUG   [houm] 1 avisos vía estado-embebido
01:15:47 DEBUG   [clasificados_cl] 1 avisos vía tarjetas
01:15:47 INFO      clasificados_cl: 1 avisos en 4s
01:15:52 DEBUG   [goplaceit] 30 avisos vía json-ld
01:15:55 DEBUG   La red no quedó en silencio en https://houm.com/cl/arriendo-departamento-región-metropolitana/ñuñoa/174379; se lee igual
01:15:55 DEBUG   [houm] 1 avisos vía estado-embebido
01:15:58 INFO      accesoinmobiliario: 16 avisos en 38s
01:16:05 DEBUG   La red no quedó en silencio en https://houm.com/cl/arriendo-departamento-región-metropolitana/recoleta/179872; se lee igual
01:16:06 DEBUG   [houm] 1 avisos vía estado-embebido
01:16:13 DEBUG   La red no quedó en silencio en https://houm.com/cl/arriendo-departamento-región-metropolitana/recoleta/178185; se lee igual
01:16:13 DEBUG   [houm] 1 avisos vía estado-embebido
01:16:18 INFO      goplaceit: 90 avisos en 115s
01:16:21 DEBUG   La red no quedó en silencio en https://houm.com/cl/arriendo-departamento-región-metropolitana/las-condes/177842; se lee igual
01:16:21 DEBUG   [houm] 1 avisos vía estado-embebido
01:16:21 INFO      houm: 36 avisos en 97s
01:16:21 INFO    Total crudo: 651 avisos
01:16:22 INFO    Después de deduplicar: 369
01:16:22 INFO    Pasaron los filtros: 82
01:16:56 DEBUG   [doomos] 18 avisos vía tarjetas
01:16:56 DEBUG   Ficha de YVT22 sin candidato propio; no se fusiona
01:16:57 DEBUG   Ficha de HW5MX sin candidato propio; no se fusiona
01:16:59 DEBUG   [doomos] 27 avisos vía tarjetas
01:16:59 DEBUG   Ficha de U44VT sin candidato propio; no se fusiona
01:17:00 DEBUG   [doomos] 27 avisos vía tarjetas
01:17:00 DEBUG   Ficha de KNAE9 sin candidato propio; no se fusiona
01:17:02 DEBUG   [doomos] 27 avisos vía tarjetas
01:17:02 DEBUG   Ficha de PR3QK sin candidato propio; no se fusiona
01:17:05 DEBUG   [doomos] 27 avisos vía tarjetas
01:17:05 DEBUG   Ficha de 2HWEW sin candidato propio; no se fusiona
01:17:06 DEBUG   [doomos] 27 avisos vía tarjetas
01:17:06 DEBUG   Ficha de ZWNAN sin candidato propio; no se fusiona
01:17:08 DEBUG   [doomos] 27 avisos vía tarjetas
01:17:08 DEBUG   Ficha de FDXSM sin candidato propio; no se fusiona
01:17:13 DEBUG   Pin del mapa para XKNVZ: -33.40640, -70.59617
01:17:13 DEBUG   [toctoc] 1 avisos vía estado-embebido
01:17:13 INFO    Enriquecido y descartado: AUD4Y (100 m² totales, no llega a más de 100 m²)
01:17:19 DEBUG   Pin del mapa para SA9ZC: -33.40015, -70.58074
01:17:19 DEBUG   [toctoc] 1 avisos vía estado-embebido
01:17:19 INFO    Enriquecido y descartado: SA9ZC (arriendo de $2.373.732 sobre el máximo negociable de $1.904.000)
01:17:23 DEBUG   Pin del mapa para 3DU7Q: -33.40490, -70.59654
01:17:24 DEBUG   [toctoc] 1 avisos vía estado-embebido
01:17:24 INFO    Enriquecido y descartado: K7URV (arriendo de $2.864.849 sobre el máximo negociable de $1.904.000)
01:17:29 DEBUG   Pin del mapa para N72NA: -33.39786, -70.59190
01:17:29 DEBUG   [toctoc] 1 avisos vía estado-embebido
01:17:29 INFO    Enriquecido y descartado: J5A6C (arriendo de $3.478.745 sobre el máximo negociable de $1.904.000)
01:17:34 DEBUG   Pin del mapa para TBBHN: -33.40270, -70.58596
01:17:34 DEBUG   [toctoc] 1 avisos vía estado-embebido
01:17:34 INFO    Enriquecido y descartado: TBBHN (arriendo de $2.128.173 sobre el máximo negociable de $1.904.000)
01:17:35 DEBUG   [busconido] 10 avisos vía tarjetas
01:17:35 DEBUG   Ficha de TKTCZ sin candidato propio; no se fusiona
01:17:37 DEBUG   [doomos] 27 avisos vía tarjetas
01:17:37 DEBUG   Ficha de FQ6XQ sin candidato propio; no se fusiona
01:17:38 DEBUG   [busconido] 10 avisos vía tarjetas
01:17:38 DEBUG   Ficha de ZKWUC sin candidato propio; no se fusiona
01:17:40 DEBUG   [busconido] 10 avisos vía tarjetas
01:17:40 DEBUG   Ficha de X4AHM sin candidato propio; no se fusiona
01:17:43 INFO    Enriquecido y descartado: YAVJA (arriendo de $3.517.371 sobre el máximo negociable de $1.904.000)
01:17:49 DEBUG   Pin del mapa para EAZDB: -33.40383, -70.59820
01:17:49 DEBUG   [toctoc] 1 avisos vía estado-embebido
01:17:49 INFO    Enriquecido y descartado: 358CJ (arriendo de $4.706.537 sobre el máximo negociable de $1.904.000)
01:17:55 DEBUG   Pin del mapa para GDEV4: -33.40522, -70.59529
01:17:55 DEBUG   [toctoc] 1 avisos vía estado-embebido
01:17:55 INFO    Enriquecido y descartado: URZMS (arriendo de $3.600.000 sobre el máximo negociable de $1.904.000)
01:18:02 DEBUG   La red no quedó en silencio en https://www.toctoc.com/arriendo/departamento/metropolitana/vitacura/b_5af5df066a164be24e3a506aba26295126d968c4; se lee igual
01:18:08 DEBUG   Pin del mapa para MVQQV: -33.40571, -70.59718
01:18:08 DEBUG   [toctoc] 1 avisos vía estado-embebido
01:18:08 INFO    Enriquecido y descartado: DZCSP (arriendo de $3.274.113 sobre el máximo negociable de $1.904.000)
01:18:15 DEBUG   Pin del mapa para B8V89: -33.37497, -70.52501
01:18:15 DEBUG   [toctoc] 1 avisos vía estado-embebido
01:18:15 INFO    Enriquecido y descartado: 82VWD (arriendo de $2.373.732 sobre el máximo negociable de $1.904.000)
01:18:20 DEBUG   [toctoc] 1 avisos vía estado-embebido
01:18:20 INFO    Enriquecido y descartado: A3DAT (arriendo de $4.501.905 sobre el máximo negociable de $1.904.000)
01:18:25 DEBUG   Pin del mapa para SNVMM: -33.40320, -70.59258
01:18:25 DEBUG   [toctoc] 1 avisos vía estado-embebido
01:18:25 INFO    Enriquecido y descartado: W3RD8 (arriendo de $3.069.481 sobre el máximo negociable de $1.904.000)
01:18:32 DEBUG   Pin del mapa para 9YQR3: -33.37213, -70.54192
01:18:32 DEBUG   [toctoc] 1 avisos vía estado-embebido
01:18:32 INFO    Enriquecido y descartado: E9R23 (arriendo de $4.501.905 sobre el máximo negociable de $1.904.000)
01:18:38 DEBUG   Pin del mapa para HJ6CZ: -33.39494, -70.59139
01:18:38 DEBUG   [toctoc] 1 avisos vía estado-embebido
01:18:38 INFO    Enriquecido y descartado: HJ6CZ (arriendo de $2.005.394 sobre el máximo negociable de $1.904.000)
01:18:43 DEBUG   Pin del mapa para ERRDS: -33.40255, -70.59464
01:18:43 DEBUG   [toctoc] 1 avisos vía estado-embebido
01:18:43 INFO    Enriquecido y descartado: TT59B (arriendo de $5.074.875 sobre el máximo negociable de $1.904.000)
01:18:47 INFO    Enriquecido y descartado: CC2AY (arriendo de $2.032.258 sobre el máximo negociable de $1.904.000)
01:18:52 DEBUG   Pin del mapa para HCBT4: -33.40571, -70.59352
01:18:52 DEBUG   [toctoc] 1 avisos vía estado-embebido
01:18:52 INFO    Enriquecido y descartado: XGTG5 (45 años (construido en 1981), sobre el máximo de 30)
01:18:59 DEBUG   La red no quedó en silencio en https://www.toctoc.com/arriendo/departamento/metropolitana/vitacura/b_fc2219819a4df24c7e844aa5cf0824972c0ea885; se lee igual
01:19:00 DEBUG   Pin del mapa para D2GPN: -33.39031, -70.59455
01:19:00 DEBUG   [toctoc] 1 avisos vía estado-embebido
01:19:00 INFO    Enriquecido y descartado: YNANX (arriendo de $3.274.113 sobre el máximo negociable de $1.904.000)
01:19:06 DEBUG   Pin del mapa para X3YFD: -33.40596, -70.59695
01:19:06 DEBUG   [toctoc] 1 avisos vía estado-embebido
01:19:06 INFO    Enriquecido y descartado: B5SVA (arriendo de $3.274.113 sobre el máximo negociable de $1.904.000)
01:19:11 DEBUG   Pin del mapa para JS3C5: -33.37683, -70.54385
01:19:11 DEBUG   [toctoc] 1 avisos vía estado-embebido
01:19:12 INFO    Enriquecido y descartado: 4JZ9G (arriendo de $1.964.468 sobre el máximo negociable de $1.904.000)
01:19:17 DEBUG   Pin del mapa para QGS6J: -33.38895, -70.55647
01:19:17 DEBUG   [toctoc] 1 avisos vía estado-embebido
01:19:17 INFO    Enriquecido y descartado: JUGWX (arriendo de $2.169.100 sobre el máximo negociable de $1.904.000)
01:19:22 DEBUG   [toctoc] 1 avisos vía estado-embebido
01:19:22 INFO    Enriquecido y descartado: QTDYS (arriendo de $3.274.113 sobre el máximo negociable de $1.904.000)
01:19:29 DEBUG   La red no quedó en silencio en https://www.toctoc.com/arriendo/departamento/metropolitana/vitacura/b_7aa8f9db435ad9690c0d3f19fb4cca64146756f7; se lee igual
01:19:42 DEBUG   La red no quedó en silencio en https://www.toctoc.com/arriendo/departamento/metropolitana/vitacura/b_193d01d486dd17f7dae602bd11501fb28c6959b9; se lee igual
01:19:42 DEBUG   [toctoc] 1 avisos vía estado-embebido
01:19:42 INFO    Enriquecido y descartado: B2N6Q (arriendo de $3.274.113 sobre el máximo negociable de $1.904.000)
01:19:48 DEBUG   [toctoc] 1 avisos vía estado-embebido
01:19:48 INFO    Enriquecido y descartado: DNSPN (arriendo de $3.069.481 sobre el máximo negociable de $1.904.000)
01:19:50 DEBUG   [doomos] 18 avisos vía tarjetas
01:19:50 DEBUG   Ficha de J5JN4 sin candidato propio; no se fusiona
01:19:58 DEBUG   [doomos] 27 avisos vía tarjetas
01:19:58 DEBUG   Ficha de P8XMT sin candidato propio; no se fusiona
01:20:08 DEBUG   La red no quedó en silencio en https://www.toctoc.com/arriendo/departamento/metropolitana/vitacura/b_bac4e00f3f8fbaaa186a9e419a8f56ded4737558; se lee igual
01:20:08 DEBUG   [toctoc] 1 avisos vía estado-embebido
01:20:13 DEBUG   [toctoc] 1 avisos vía estado-embebido
01:20:13 INFO    Enriquecido y descartado: 2VPS4 (arriendo de $4.010.788 sobre el máximo negociable de $1.904.000)
01:20:17 INFO    Enriquecido y descartado: 75BRH (arriendo de $2.931.142 sobre el máximo negociable de $1.904.000)
01:20:22 DEBUG   [toctoc] 1 avisos vía estado-embebido
01:20:23 INFO    Enriquecido y descartado: THCTF (arriendo de $2.496.511 sobre el máximo negociable de $1.904.000)
01:20:45 INFO    Enriquecido y descartado: 75BRH (arriendo de $2.149.504 sobre el máximo negociable de $1.904.000)
01:20:48 INFO    Enriquecido y descartado: 75BRH (arriendo de $1.954.095 sobre el máximo negociable de $1.904.000)
01:20:58 DEBUG   [toctoc] 1 avisos vía estado-embebido
01:20:58 INFO    Enriquecido y descartado: 6KA2M (arriendo de $3.069.481 sobre el máximo negociable de $1.904.000)
01:21:11 DEBUG   [toctoc] 1 avisos vía estado-embebido
01:21:16 DEBUG   [toctoc] 1 avisos vía estado-embebido
01:21:16 INFO    Enriquecido y descartado: 4V73Z (arriendo de $4.706.537 sobre el máximo negociable de $1.904.000)
01:21:23 DEBUG   La red no quedó en silencio en https://www.toctoc.com/arriendo/departamento/metropolitana/vitacura/b_446aee56f49e756ab4415718cfe0a160581f25c1; se lee igual
01:21:23 DEBUG   [toctoc] 1 avisos vía estado-embebido
01:21:23 INFO    Enriquecido y descartado: AGWHG (arriendo de $5.729.697 sobre el máximo negociable de $1.904.000)
01:21:28 DEBUG   [toctoc] 1 avisos vía estado-embebido
01:21:29 INFO    Enriquecido y descartado: 8YSPF (arriendo de $4.500.000 sobre el máximo negociable de $1.904.000)
01:21:35 DEBUG   [toctoc] 1 avisos vía estado-embebido
01:21:35 INFO    Enriquecido y descartado: JKM2T (arriendo de $2.291.879 sobre el máximo negociable de $1.904.000)
01:21:45 DEBUG   La red no quedó en silencio en https://www.toctoc.com/arriendo/departamento/metropolitana/vitacura/b_4bc544611a5e0bd2ed0afb5dc04c208bcb7e955f; se lee igual
01:21:46 DEBUG   [toctoc] 1 avisos vía estado-embebido
01:21:46 INFO    Enriquecido y descartado: 9JAPA (arriendo de $2.455.585 sobre el máximo negociable de $1.904.000)
01:21:51 DEBUG   [toctoc] 1 avisos vía estado-embebido
01:21:51 INFO    Enriquecido y descartado: KWC9W (arriendo de $3.082.000 sobre el máximo negociable de $1.904.000)
01:21:51 WARNING robots.txt no permite https://www.nuroa.cl/adform/10342-912-e7f8-1a0a016-97e0-4460cb69457-7a3c?click_type=0&pos=2&searchType=1&page=1&section=1&t_sec=1&sectionType=1&pageViewId=5df4e7e9-1004-4d23-b8ca-a1f147a75dbc&t_pvid=5df4e7e9-1004-4d23-b8ca-a1f147a75dbc&userAgent=Mozilla%2F5.0+%28compatible%3B+radar-arriendos%2F1.0%3B+uso+personal%2C+busqueda+de+arriendo%3B+%2Bhttps%3A%2F%2Fgithub.com%2Falfonsoandona%2Farriendos-vitacura%29&browser=1&isHuman=true&userIp=52.161.60.227&what=vitacura+departamento&search_terms=vitacura+departamento&origin=1&t_or=1&splitTestId=0 — se omite
01:21:56 DEBUG   [toctoc] 1 avisos vía estado-embebido
01:22:02 DEBUG   [toctoc] 1 avisos vía estado-embebido
01:22:07 DEBUG   [toctoc] 1 avisos vía estado-embebido
01:22:07 INFO    Enriquecido y descartado: Z4JHZ (arriendo de $5.074.875 sobre el máximo negociable de $1.904.000)
01:22:12 DEBUG   [toctoc] 1 avisos vía estado-embebido
01:22:17 DEBUG   [toctoc] 1 avisos vía estado-embebido
01:22:17 INFO    Enriquecido y descartado: K7URV (arriendo de $3.478.745 sobre el máximo negociable de $1.904.000)
01:22:23 DEBUG   [toctoc] 1 avisos vía estado-embebido
01:22:28 DEBUG   [toctoc] 1 avisos vía estado-embebido
01:22:34 DEBUG   [toctoc] 1 avisos vía estado-embebido
01:22:39 DEBUG   [toctoc] 1 avisos vía estado-embebido
01:22:43 DEBUG   [toctoc] 1 avisos vía estado-embebido
01:22:49 DEBUG   [toctoc] 1 avisos vía estado-embebido
01:22:52 INFO    Enriquecido y descartado: 75BRH (arriendo de $4.299.009 sobre el máximo negociable de $1.904.000)
01:23:02 DEBUG   [toctoc] 1 avisos vía estado-embebido
01:23:03 INFO    Fichas leídas: 82 — 8 ganaron el año, 16 la dirección; 39 se descartaron al verlas (1 por viejos)
01:23:04 INFO    Listo: 0 avisados de 43 candidatos
