21:41:47 INFO    UF = $40.873.77 (API del día)
21:41:47 INFO    Barriendo TocToc (toctoc)…
21:41:47 INFO    Barriendo Chilepropiedades (chilepropiedades)…
21:41:47 INFO    Barriendo GoPlaceIt (goplaceit)…
21:41:47 INFO    Barriendo Yapo (yapo)…
21:41:48 DEBUG   [chilepropiedades] 10 avisos vía tarjetas
21:41:49 DEBUG   [yapo] 30 avisos vía tarjetas
21:41:50 DEBUG   [chilepropiedades] 10 avisos vía tarjetas
21:41:51 DEBUG   [goplaceit] 30 avisos vía json-ld
21:41:52 DEBUG   [yapo] 30 avisos vía tarjetas
21:41:52 DEBUG   [chilepropiedades] 10 avisos vía tarjetas
21:41:52 INFO      chilepropiedades: 30 avisos en 5s
21:41:52 INFO    Barriendo BuscoNido (busconido)…
21:41:53 DEBUG   [busconido] 23 avisos vía tarjetas
21:41:53 INFO      busconido: 23 avisos en 1s
21:41:53 INFO    Barriendo BienesOnline (bienesonline)…
21:41:53 DEBUG   [yapo] 30 avisos vía tarjetas
21:41:53 INFO      yapo: 90 avisos en 6s
21:41:53 INFO    Barriendo Economicos (El Mercurio) (economicos)…
21:41:53 DEBUG   [toctoc] 20 avisos vía json-ld
21:41:54 DEBUG   [bienesonline] 4 avisos vía tarjetas
21:41:54 INFO      bienesonline: 4 avisos en 1s
21:41:54 INFO    Barriendo iCasas (icasas)…
21:41:55 DEBUG   [icasas] 15 avisos vía tarjetas
21:41:57 DEBUG   [icasas] 15 avisos vía tarjetas
21:41:57 INFO      icasas: 30 avisos en 3s
21:41:57 INFO    Barriendo Doomos (doomos)…
21:41:59 DEBUG   [doomos] 31 avisos vía tarjetas
21:41:59 INFO      doomos: 31 avisos en 2s
21:41:59 INFO    Barriendo Top Propiedades (toppropiedades)…
21:41:59 DEBUG   [economicos] 20 avisos vía tarjetas
21:41:59 DEBUG   [toctoc] 20 avisos vía json-ld
21:42:02 DEBUG   [toppropiedades] 1 avisos vía json-ld
21:42:04 DEBUG   [economicos] 18 avisos vía tarjetas
21:42:04 DEBUG   [economicos] 13 avisos vía tarjetas
21:42:04 INFO      economicos: 51 avisos en 11s
21:42:04 INFO    Barriendo Nuroa (nuroa)…
21:42:04 DEBUG   [toppropiedades] 1 avisos vía json-ld
21:42:05 DEBUG   Encoding detection: ascii is most likely the one.
21:42:06 DEBUG   [nuroa] 25 avisos vía json-ld
21:42:06 DEBUG   [toppropiedades] 1 avisos vía json-ld
21:42:06 DEBUG   [toctoc] 20 avisos vía json-ld
21:42:08 DEBUG   [nuroa] 25 avisos vía json-ld
21:42:08 DEBUG   [toppropiedades] 1 avisos vía json-ld
21:42:10 DEBUG   [nuroa] 25 avisos vía json-ld
21:42:10 DEBUG   [toppropiedades] 1 avisos vía json-ld
21:42:12 DEBUG   [nuroa] 25 avisos vía json-ld
21:42:12 INFO      nuroa: 100 avisos en 8s
21:42:12 INFO    Barriendo Mitula (mitula)…
21:42:12 DEBUG   [toppropiedades] 1 avisos vía json-ld
21:42:13 DEBUG   La red no quedó en silencio en https://www.toctoc.com/arriendo/departamento/metropolitana/vitacura/4-dormitorios; se lee igual
21:42:14 DEBUG   [mitula] 30 avisos vía json-ld
21:42:14 DEBUG   [toppropiedades] 1 avisos vía json-ld
21:42:15 DEBUG   [toctoc] 20 avisos vía json-ld
21:42:16 DEBUG   [mitula] 30 avisos vía json-ld
21:42:16 INFO      mitula: 60 avisos en 4s
21:42:16 INFO    Barriendo Houm (houm)…
21:42:16 DEBUG   [toppropiedades] 1 avisos vía json-ld
21:42:16 INFO      toppropiedades: 8 avisos en 18s
21:42:16 INFO    Barriendo Hey! Homes (heyhomes)…
21:42:19 DEBUG   [heyhomes] 9 avisos vía tarjetas
21:42:19 INFO      heyhomes: 9 avisos en 3s
21:42:19 INFO    Barriendo Engel & Völkers (engelvoelkers)…
21:42:22 DEBUG   La red no quedó en silencio en https://www.toctoc.com/arriendo/departamento/metropolitana/vitacura/4-dormitorios?pagina=2; se lee igual
21:42:22 DEBUG   [toctoc] 47 avisos vía json-ld
21:42:24 DEBUG   La red no quedó en silencio en https://houm.com/cl/arriendo-departamentos-region-metropolitana/vitacura/3-dormitorios; se lee igual
21:42:25 DEBUG   [houm] 28 avisos vía json-ld
21:42:25 DEBUG   [goplaceit] 30 avisos vía json-ld
21:42:28 DEBUG   [engelvoelkers] 15 avisos vía tarjetas
21:42:28 INFO      engelvoelkers: 15 avisos en 9s
21:42:28 INFO    Barriendo RE/MAX Chile (remax)…
21:42:31 DEBUG   [toctoc] 7 avisos vía json-ld
21:42:31 INFO      toctoc: 134 avisos en 43s
21:42:31 INFO    Barriendo Fuenzalida Propiedades (fuenzalida)…
21:42:34 DEBUG   [fuenzalida] 16 avisos vía tarjetas
21:42:36 DEBUG   La red no quedó en silencio en https://houm.com/cl/arriendo-departamento-región-metropolitana/las-condes/170742; se lee igual
21:42:36 DEBUG   [houm] 1 avisos vía estado-embebido
21:42:37 DEBUG   [fuenzalida] 20 avisos vía tarjetas
21:42:40 DEBUG   [fuenzalida] 20 avisos vía tarjetas
21:42:40 INFO      fuenzalida: 56 avisos en 9s
21:42:40 INFO    Barriendo Century 21 Chile (century21)…
21:42:41 DEBUG   La red no quedó en silencio en https://www.remax.cl/es-cl/busqueda/metropolitana-de-santiago/santiago/vitacura/residencial-departamento/arriendo/; se lee igual
21:42:42 INFO      century21: 0 avisos en 2s
21:42:42 INFO    Barriendo Property Partners (propertypartners)…
21:42:42 DEBUG   [remax] 4 avisos vía tarjetas
21:42:42 DEBUG   [propertypartners] 1 avisos vía tarjetas
21:42:42 INFO      propertypartners: 1 avisos en 0s
21:42:42 INFO    Barriendo Acceso Inmobiliario (accesoinmobiliario)…
21:42:47 DEBUG   La red no quedó en silencio en https://houm.com/cl/arriendo-departamento-región-metropolitana/las-condes/175757; se lee igual
21:42:48 DEBUG   [houm] 1 avisos vía estado-embebido
21:42:49 INFO      remax: 4 avisos en 21s
21:42:49 INFO    Barriendo Magnolia Property (magnoliaproperty)…
21:42:49 DEBUG   [accesoinmobiliario] 16 avisos vía tarjetas
21:42:50 DEBUG   [magnoliaproperty] 7 avisos vía tarjetas
21:42:50 INFO      magnoliaproperty: 7 avisos en 1s
21:42:50 INFO    Barriendo Portilla Propiedades (portillapropiedades)…
21:42:51 DEBUG   [portillapropiedades] 2 avisos vía tarjetas
21:42:51 INFO      portillapropiedades: 2 avisos en 1s
21:42:51 INFO    Barriendo Nativo Propiedades (nativopropiedades)…
21:42:52 DEBUG   [nativopropiedades] 7 avisos vía tarjetas
21:42:52 INFO      nativopropiedades: 7 avisos en 1s
21:42:52 INFO    Barriendo Enlace Inmobiliario (enlaceinmobiliario)…
21:42:52 WARNING https://www.enlaceinmobiliario.cl/ respondió 403
21:42:52 INFO    [enlaceinmobiliario] https://www.enlaceinmobiliario.cl/ rebotó al GET; se reintenta con navegador
21:42:55 DEBUG   [accesoinmobiliario] 1 avisos vía tarjetas
21:42:57 DEBUG   La red no quedó en silencio en https://houm.com/cl/arriendo-departamento-región-metropolitana/ñuñoa/176912; se lee igual
21:42:57 INFO      enlaceinmobiliario: 0 avisos en 5s
21:42:57 INFO    Barriendo Rentas.cl (rentas_cl)…
21:42:57 DEBUG   [houm] 1 avisos vía estado-embebido
21:42:59 DEBUG   [accesoinmobiliario] 1 avisos vía tarjetas
21:42:59 DEBUG   [rentas_cl] 1 avisos vía json-ld
21:42:59 INFO      rentas_cl: 1 avisos en 2s
21:42:59 INFO    Barriendo Arriendos.cl (arriendos_cl)…
21:43:00 INFO      arriendos_cl: 0 avisos en 1s
21:43:00 INFO    Barriendo Propiedades.cl (propiedades_cl)…
21:43:01 DEBUG   [propiedades_cl] 6 avisos vía tarjetas
21:43:01 INFO      propiedades_cl: 6 avisos en 1s
21:43:01 INFO    Barriendo Clasificados.cl (clasificados_cl)…
21:43:04 DEBUG   [clasificados_cl] 1 avisos vía tarjetas
21:43:04 INFO      clasificados_cl: 1 avisos en 2s
21:43:06 DEBUG   [accesoinmobiliario] 1 avisos vía tarjetas
21:43:06 DEBUG   La red no quedó en silencio en https://houm.com/cl/arriendo-departamento-región-metropolitana/ñuñoa/174379; se lee igual
21:43:06 DEBUG   [houm] 1 avisos vía estado-embebido
21:43:12 INFO      accesoinmobiliario: 19 avisos en 30s
21:43:15 DEBUG   La red no quedó en silencio en https://houm.com/cl/arriendo-departamento-región-metropolitana/recoleta/178185; se lee igual
21:43:16 DEBUG   [houm] 1 avisos vía estado-embebido
21:43:16 DEBUG   [goplaceit] 30 avisos vía json-ld
21:43:23 DEBUG   La red no quedó en silencio en https://houm.com/cl/arriendo-departamento-región-metropolitana/las-condes/177842; se lee igual
21:43:23 DEBUG   [houm] 1 avisos vía estado-embebido
21:43:30 DEBUG   La red no quedó en silencio en https://houm.com/cl/arriendo-departamento-región-metropolitana/recoleta/176958; se lee igual
21:43:31 DEBUG   [houm] 1 avisos vía estado-embebido
21:43:38 DEBUG   La red no quedó en silencio en https://houm.com/cl/arriendo-departamento-región-metropolitana/recoleta/90462; se lee igual
21:43:38 DEBUG   [houm] 1 avisos vía estado-embebido
21:43:38 INFO      houm: 36 avisos en 82s
21:43:44 INFO      goplaceit: 90 avisos en 116s
21:43:44 INFO    Total crudo: 815 avisos
21:43:44 INFO    Después de deduplicar: 514
21:43:44 INFO    Pasaron los filtros: 72
21:44:19 DEBUG   [economicos] 1 avisos vía tarjetas
21:44:20 DEBUG   [doomos] 18 avisos vía tarjetas
21:44:20 DEBUG   Ficha de YVT22 sin candidato propio; no se fusiona
21:44:22 DEBUG   Ficha de HW5MX sin candidato propio; no se fusiona
21:44:22 DEBUG   [economicos] 1 avisos vía tarjetas
21:44:24 DEBUG   [economicos] 1 avisos vía tarjetas
21:44:26 DEBUG   [economicos] 1 avisos vía tarjetas
21:44:28 DEBUG   [economicos] 1 avisos vía tarjetas
21:44:29 DEBUG   [doomos] 27 avisos vía tarjetas
21:44:29 DEBUG   Ficha de U44VT sin candidato propio; no se fusiona
21:44:30 DEBUG   [economicos] 1 avisos vía tarjetas
21:44:32 DEBUG   [doomos] 27 avisos vía tarjetas
21:44:32 DEBUG   Ficha de 2HWEW sin candidato propio; no se fusiona
21:44:33 DEBUG   [doomos] 27 avisos vía tarjetas
21:44:33 DEBUG   Ficha de ZWNAN sin candidato propio; no se fusiona
21:44:33 DEBUG   [economicos] 1 avisos vía tarjetas
21:44:35 DEBUG   [economicos] 1 avisos vía tarjetas
21:44:35 DEBUG   Ficha de XEC3Z sin candidato propio; no se fusiona
21:44:37 DEBUG   [economicos] 1 avisos vía tarjetas
21:44:42 DEBUG   [toctoc] 1 avisos vía estado-embebido
21:44:42 DEBUG   [busconido] 10 avisos vía tarjetas
21:44:42 DEBUG   Ficha de G3TB7 sin candidato propio; no se fusiona
21:44:42 DEBUG   [economicos] 1 avisos vía tarjetas
21:44:42 INFO    Enriquecido y descartado: S84GC (arriendo de $3.108.725 sobre el máximo negociable de $1.904.000)
21:44:46 DEBUG   [toctoc] 1 avisos vía estado-embebido
21:44:46 INFO    Enriquecido y descartado: E366M (arriendo de $2.000.000 sobre el máximo negociable de $1.904.000)
21:44:47 DEBUG   [busconido] 11 avisos vía tarjetas
21:44:47 DEBUG   Ficha de KFNP8 sin candidato propio; no se fusiona
21:44:49 DEBUG   [busconido] 11 avisos vía tarjetas
21:44:49 DEBUG   Ficha de SNSSE sin candidato propio; no se fusiona
21:44:53 DEBUG   Pin del mapa para 2CV94: -33.40143, -70.58206
21:44:53 DEBUG   [toctoc] 1 avisos vía estado-embebido
21:44:53 INFO    Enriquecido y descartado: NBFJR (arriendo de $3.065.533 sobre el máximo negociable de $1.904.000)
21:44:58 DEBUG   Pin del mapa para 7DDFW: -33.39704, -70.58926
21:44:58 DEBUG   [toctoc] 1 avisos vía estado-embebido
21:44:58 INFO    Enriquecido y descartado: XX76M (arriendo de $3.678.639 sobre el máximo negociable de $1.904.000)
21:45:03 DEBUG   Pin del mapa para RR676: -33.40632, -70.59601
21:45:03 DEBUG   [toctoc] 1 avisos vía estado-embebido
21:45:03 INFO    Enriquecido y descartado: KRW5G (33 años (construido en 1993), sobre el máximo de 30)
21:45:07 DEBUG   Pin del mapa para E4WAD: -33.39546, -70.59965
21:45:07 DEBUG   [toctoc] 1 avisos vía estado-embebido
21:45:07 INFO    Enriquecido y descartado: TVY5S (arriendo de $3.474.270 sobre el máximo negociable de $1.904.000)
21:45:11 DEBUG   Pin del mapa para 6JZTZ: -33.40602, -70.59617
21:45:11 DEBUG   [toctoc] 1 avisos vía estado-embebido
21:45:11 INFO    Enriquecido y descartado: T3P3G (arriendo de $3.600.000 sobre el máximo negociable de $1.904.000)
21:45:16 DEBUG   Pin del mapa para TWM7T: -33.36858, -70.54374
21:45:16 DEBUG   [toctoc] 1 avisos vía estado-embebido
21:45:16 INFO    Enriquecido y descartado: VM5YC (arriendo de $3.883.008 sobre el máximo negociable de $1.904.000)
21:45:16 DEBUG   [economicos] 1 avisos vía tarjetas
21:45:20 DEBUG   Pin del mapa para 4CECN: -33.40143, -70.58206
21:45:20 DEBUG   [toctoc] 1 avisos vía estado-embebido
21:45:20 INFO    Enriquecido y descartado: M6CQA (34 años (construido en 1992), sobre el máximo de 30)
21:45:24 DEBUG   Pin del mapa para CSV7D: -33.40591, -70.59624
21:45:24 DEBUG   [toctoc] 1 avisos vía estado-embebido
21:45:24 INFO    Enriquecido y descartado: CHMX5 (arriendo de $2.900.000 sobre el máximo negociable de $1.904.000)
21:45:29 DEBUG   Pin del mapa para QJRRW: -33.39747, -70.57429
21:45:29 DEBUG   [toctoc] 1 avisos vía estado-embebido
21:45:30 INFO    Enriquecido y descartado: 2E849 (arriendo de $3.065.533 sobre el máximo negociable de $1.904.000)
21:45:30 DEBUG   [busconido] 11 avisos vía tarjetas
21:45:30 DEBUG   Ficha de TBZHC sin candidato propio; no se fusiona
21:45:32 DEBUG   [busconido] 11 avisos vía tarjetas
21:45:32 DEBUG   Ficha de PMUN4 sin candidato propio; no se fusiona
21:45:34 DEBUG   [busconido] 11 avisos vía tarjetas
21:45:34 DEBUG   Ficha de H6FN7 sin candidato propio; no se fusiona
21:45:35 DEBUG   [doomos] 18 avisos vía tarjetas
21:45:35 DEBUG   Ficha de J5JN4 sin candidato propio; no se fusiona
21:45:39 DEBUG   [toctoc] 1 avisos vía estado-embebido
21:45:47 DEBUG   [doomos] 27 avisos vía tarjetas
21:45:47 DEBUG   Ficha de P8XMT sin candidato propio; no se fusiona
21:45:51 DEBUG   [engelvoelkers] 1 avisos vía json-ld
21:45:52 DEBUG   [mitula] 3 avisos vía tarjetas
21:45:59 DEBUG   La red no quedó en silencio en https://www.toctoc.com/arriendo/departamento/metropolitana/vitacura/b_8e6e657f30127209018991e0ad1aa3be0153aa48; se lee igual
21:45:59 DEBUG   [toctoc] 1 avisos vía estado-embebido
21:46:03 DEBUG   [toctoc] 1 avisos vía estado-embebido
21:46:11 DEBUG   [toctoc] 1 avisos vía estado-embebido
21:46:12 DEBUG   [chilepropiedades] 2 avisos vía json-ld
21:46:17 DEBUG   [toctoc] 1 avisos vía estado-embebido
21:46:22 DEBUG   [toctoc] 1 avisos vía estado-embebido
21:46:26 INFO    Enriquecido y descartado: 75BRH (arriendo de $2.931.142 sobre el máximo negociable de $1.904.000)
21:46:31 DEBUG   [toctoc] 1 avisos vía estado-embebido
21:46:31 INFO    Enriquecido y descartado: MM5R4 (arriendo de $3.678.639 sobre el máximo negociable de $1.904.000)
21:46:57 INFO    Enriquecido y descartado: 75BRH (arriendo de $2.149.504 sobre el máximo negociable de $1.904.000)
21:47:05 DEBUG   [toctoc] 1 avisos vía estado-embebido
21:47:09 INFO    Enriquecido y descartado: 75BRH (arriendo de $1.954.095 sobre el máximo negociable de $1.904.000)
21:47:25 DEBUG   [toctoc] 1 avisos vía estado-embebido
21:47:29 DEBUG   [toctoc] 1 avisos vía estado-embebido
21:47:29 INFO    Enriquecido y descartado: Y3JDK (arriendo de $3.678.639 sobre el máximo negociable de $1.904.000)
21:47:38 DEBUG   [toctoc] 1 avisos vía estado-embebido
21:47:42 DEBUG   [toctoc] 1 avisos vía estado-embebido
21:47:46 INFO    Enriquecido y descartado: 75BRH (arriendo de $4.299.009 sobre el máximo negociable de $1.904.000)
21:47:50 DEBUG   [toctoc] 1 avisos vía estado-embebido
21:47:50 INFO    Enriquecido y descartado: 479XJ (arriendo de $3.392.523 sobre el máximo negociable de $1.904.000)
21:47:55 DEBUG   [toctoc] 1 avisos vía estado-embebido
21:48:03 DEBUG   [toctoc] 1 avisos vía estado-embebido
21:48:03 INFO    Enriquecido y descartado: C7YR9 (arriendo de $2.125.436 sobre el máximo negociable de $1.904.000)
21:48:03 INFO    Fichas leídas: 72 — 2 ganaron el año, 10 la dirección; 19 se descartaron al verlas (2 por viejos)
21:48:04 INFO    Listo: 0 avisados de 53 candidatos
