16:11:05 INFO    UF = $41.089.96 (API del día)
16:11:05 INFO    Barriendo TocToc (toctoc)…
16:11:05 INFO    Barriendo Chilepropiedades (chilepropiedades)…
16:11:05 INFO    Barriendo GoPlaceIt (goplaceit)…
16:11:05 INFO    Barriendo Yapo (yapo)…
16:11:05 WARNING https://www.yapo.cl/bienes-raices-alquiler-apartamentos/region-metropolitana-vitacura respondió 403
16:11:05 INFO    [yapo] https://www.yapo.cl/bienes-raices-alquiler-apartamentos/region-metropolitana-vitacura rebotó al GET; se reintenta con navegador
16:11:05 DEBUG   [chilepropiedades] 10 avisos vía tarjetas
16:11:07 DEBUG   [chilepropiedades] 10 avisos vía tarjetas
16:11:08 DEBUG   [goplaceit] 30 avisos vía json-ld
16:11:09 DEBUG   [chilepropiedades] 10 avisos vía tarjetas
16:11:09 INFO      chilepropiedades: 30 avisos en 4s
16:11:09 INFO    Barriendo BuscoNido (busconido)…
16:11:10 DEBUG   [busconido] 23 avisos vía tarjetas
16:11:10 INFO      busconido: 23 avisos en 1s
16:11:10 INFO    Barriendo BienesOnline (bienesonline)…
16:11:11 DEBUG   [toctoc] 20 avisos vía json-ld
16:11:11 DEBUG   [bienesonline] 12 avisos vía tarjetas
16:11:11 INFO      bienesonline: 12 avisos en 1s
16:11:11 INFO    Barriendo Economicos (El Mercurio) (economicos)…
16:11:11 WARNING https://www.economicos.cl/search/propiedades/vitacura/arriendo/departamento/0 respondió 403
16:11:11 INFO    [economicos] https://www.economicos.cl/search/propiedades/vitacura/arriendo/departamento/0 rebotó al GET; se reintenta con navegador
16:11:15 DEBUG   La red no quedó en silencio en https://www.yapo.cl/bienes-raices-alquiler-apartamentos/region-metropolitana-vitacura; se lee igual
16:11:15 INFO      yapo: 0 avisos en 10s
16:11:15 INFO    Barriendo iCasas (icasas)…
16:11:15 DEBUG   [icasas] 15 avisos vía tarjetas
16:11:16 INFO      economicos: 0 avisos en 5s
16:11:16 INFO    Barriendo Doomos (doomos)…
16:11:17 DEBUG   [icasas] 15 avisos vía tarjetas
16:11:17 INFO      icasas: 30 avisos en 3s
16:11:17 INFO    Barriendo Top Propiedades (toppropiedades)…
16:11:17 DEBUG   [doomos] 33 avisos vía tarjetas
16:11:17 INFO      doomos: 33 avisos en 2s
16:11:17 INFO    Barriendo Nuroa (nuroa)…
16:11:18 DEBUG   Encoding detection: ascii is most likely the one.
16:11:19 DEBUG   [nuroa] 25 avisos vía json-ld
16:11:21 DEBUG   [nuroa] 25 avisos vía json-ld
16:11:21 DEBUG   [toppropiedades] 1 avisos vía json-ld
16:11:21 DEBUG   La red no quedó en silencio en https://www.toctoc.com/arriendo/departamento/metropolitana/vitacura/3-dormitorios?pagina=2; se lee igual
16:11:22 DEBUG   [toctoc] 20 avisos vía json-ld
16:11:23 DEBUG   [nuroa] 25 avisos vía json-ld
16:11:23 DEBUG   [toppropiedades] 1 avisos vía json-ld
16:11:25 DEBUG   [nuroa] 25 avisos vía json-ld
16:11:25 DEBUG   [toppropiedades] 1 avisos vía json-ld
16:11:25 INFO      nuroa: 100 avisos en 8s
16:11:25 INFO    Barriendo Mitula (mitula)…
16:11:26 WARNING https://casas.mitula.cl/casas/arriendo-departamentos-vitacura respondió 401
16:11:26 INFO    [mitula] https://casas.mitula.cl/casas/arriendo-departamentos-vitacura rebotó al GET; se reintenta con navegador
16:11:27 DEBUG   [toppropiedades] 1 avisos vía json-ld
16:11:27 DEBUG   [toctoc] 13 avisos vía json-ld
16:11:28 INFO      mitula: 0 avisos en 3s
16:11:28 INFO    Barriendo Houm (houm)…
16:11:29 DEBUG   [toppropiedades] 1 avisos vía json-ld
16:11:31 DEBUG   [toppropiedades] 1 avisos vía json-ld
16:11:33 DEBUG   [toppropiedades] 1 avisos vía json-ld
16:11:35 DEBUG   La red no quedó en silencio en https://www.toctoc.com/arriendo/departamento/metropolitana/vitacura/4-dormitorios; se lee igual
16:11:35 DEBUG   [toppropiedades] 1 avisos vía json-ld
16:11:35 INFO      toppropiedades: 8 avisos en 18s
16:11:35 INFO    Barriendo Hey! Homes (heyhomes)…
16:11:35 DEBUG   [toctoc] 20 avisos vía json-ld
16:11:37 DEBUG   La red no quedó en silencio en https://houm.com/cl/arriendo-departamentos-region-metropolitana/vitacura/3-dormitorios; se lee igual
16:11:37 DEBUG   [houm] 28 avisos vía json-ld
16:11:38 DEBUG   [heyhomes] 9 avisos vía tarjetas
16:11:38 INFO      heyhomes: 9 avisos en 3s
16:11:38 INFO    Barriendo Engel & Völkers (engelvoelkers)…
16:11:43 DEBUG   [toctoc] 16 avisos vía json-ld
16:11:46 DEBUG   [engelvoelkers] 16 avisos vía tarjetas
16:11:46 INFO      engelvoelkers: 16 avisos en 8s
16:11:46 INFO    Barriendo RE/MAX Chile (remax)…
16:11:46 DEBUG   La red no quedó en silencio en https://houm.com/cl/arriendo-departamento-región-metropolitana/las-condes/170742; se lee igual
16:11:46 DEBUG   [houm] 1 avisos vía estado-embebido
16:11:48 DEBUG   [goplaceit] 30 avisos vía json-ld
16:11:51 INFO      remax: 0 avisos en 5s
16:11:51 INFO    Barriendo Fuenzalida Propiedades (fuenzalida)…
16:11:51 DEBUG   [toctoc] 20 avisos vía json-ld
16:11:51 INFO      toctoc: 109 avisos en 47s
16:11:51 INFO    Barriendo Century 21 Chile (century21)…
16:11:53 INFO      century21: 0 avisos en 1s
16:11:53 INFO    Barriendo Property Partners (propertypartners)…
16:11:53 DEBUG   [propertypartners] 1 avisos vía tarjetas
16:11:53 INFO      propertypartners: 1 avisos en 0s
16:11:53 INFO    Barriendo Acceso Inmobiliario (accesoinmobiliario)…
16:11:54 DEBUG   [fuenzalida] 16 avisos vía tarjetas
16:11:57 DEBUG   [fuenzalida] 20 avisos vía tarjetas
16:11:57 DEBUG   [accesoinmobiliario] 16 avisos vía tarjetas
16:11:59 DEBUG   La red no quedó en silencio en https://houm.com/cl/arriendo-departamento-región-metropolitana/lo-barnechea/74201; se lee igual
16:11:59 DEBUG   [houm] 1 avisos vía estado-embebido
16:12:00 DEBUG   [accesoinmobiliario] 1 avisos vía tarjetas
16:12:01 DEBUG   [fuenzalida] 20 avisos vía tarjetas
16:12:01 INFO      fuenzalida: 56 avisos en 10s
16:12:01 INFO    Barriendo Magnolia Property (magnoliaproperty)…
16:12:02 DEBUG   [magnoliaproperty] 6 avisos vía tarjetas
16:12:02 INFO      magnoliaproperty: 6 avisos en 1s
16:12:02 INFO    Barriendo Portilla Propiedades (portillapropiedades)…
16:12:02 DEBUG   [portillapropiedades] 2 avisos vía tarjetas
16:12:02 INFO      portillapropiedades: 2 avisos en 1s
16:12:02 INFO    Barriendo Nativo Propiedades (nativopropiedades)…
16:12:03 DEBUG   [nativopropiedades] 10 avisos vía tarjetas
16:12:03 INFO      nativopropiedades: 10 avisos en 1s
16:12:03 INFO    Barriendo Enlace Inmobiliario (enlaceinmobiliario)…
16:12:03 WARNING https://www.enlaceinmobiliario.cl/ respondió 403
16:12:03 INFO    [enlaceinmobiliario] https://www.enlaceinmobiliario.cl/ rebotó al GET; se reintenta con navegador
16:12:07 DEBUG   La red no quedó en silencio en https://houm.com/cl/arriendo-departamento-región-metropolitana/recoleta/179872; se lee igual
16:12:08 DEBUG   [houm] 1 avisos vía estado-embebido
16:12:14 DEBUG   La red no quedó en silencio en https://www.enlaceinmobiliario.cl/; se lee igual
16:12:14 INFO      enlaceinmobiliario: 0 avisos en 11s
16:12:14 INFO    Barriendo Rentas.cl (rentas_cl)…
16:12:16 DEBUG   [rentas_cl] 1 avisos vía json-ld
16:12:16 INFO      rentas_cl: 1 avisos en 2s
16:12:16 INFO    Barriendo Arriendos.cl (arriendos_cl)…
16:12:17 INFO      arriendos_cl: 0 avisos en 1s
16:12:17 INFO    Barriendo Propiedades.cl (propiedades_cl)…
16:12:18 DEBUG   [propiedades_cl] 6 avisos vía tarjetas
16:12:18 INFO      propiedades_cl: 6 avisos en 1s
16:12:18 INFO    Barriendo Clasificados.cl (clasificados_cl)…
16:12:19 DEBUG   La red no quedó en silencio en https://houm.com/cl/arriendo-departamento-región-metropolitana/recoleta/178185; se lee igual
16:12:19 DEBUG   [houm] 1 avisos vía estado-embebido
16:12:21 DEBUG   [clasificados_cl] 1 avisos vía tarjetas
16:12:21 INFO      clasificados_cl: 1 avisos en 4s
16:12:26 DEBUG   La red no quedó en silencio en https://houm.com/cl/arriendo-departamento-región-metropolitana/recoleta/176207; se lee igual
16:12:26 DEBUG   [houm] 1 avisos vía estado-embebido
16:12:29 DEBUG   [goplaceit] 30 avisos vía json-ld
16:12:31 DEBUG   [accesoinmobiliario] 1 avisos vía tarjetas
16:12:34 DEBUG   La red no quedó en silencio en https://houm.com/cl/arriendo-departamento-región-metropolitana/las-condes/177842; se lee igual
16:12:34 DEBUG   [houm] 1 avisos vía estado-embebido
16:12:36 DEBUG   [accesoinmobiliario] 1 avisos vía tarjetas
16:12:36 INFO      accesoinmobiliario: 19 avisos en 43s
16:12:41 DEBUG   La red no quedó en silencio en https://houm.com/cl/arriendo-departamento-región-metropolitana/recoleta/176958; se lee igual
16:12:41 DEBUG   [houm] 1 avisos vía estado-embebido
16:12:48 DEBUG   La red no quedó en silencio en https://houm.com/cl/arriendo-departamento-región-metropolitana/recoleta/90462; se lee igual
16:12:49 DEBUG   [houm] 1 avisos vía estado-embebido
16:12:49 INFO      houm: 36 avisos en 80s
16:12:53 INFO      goplaceit: 90 avisos en 108s
16:12:53 INFO    Total crudo: 598 avisos
16:12:53 INFO    Después de deduplicar: 444
16:12:53 INFO    Pasaron los filtros: 57
16:13:09 DEBUG   [doomos] 18 avisos vía tarjetas
16:13:09 DEBUG   Ficha de YVT22 sin candidato propio; no se fusiona
16:13:10 DEBUG   Ficha de HW5MX sin candidato propio; no se fusiona
16:13:12 DEBUG   [doomos] 27 avisos vía tarjetas
16:13:12 DEBUG   Ficha de U44VT sin candidato propio; no se fusiona
16:13:14 DEBUG   [doomos] 27 avisos vía tarjetas
16:13:14 DEBUG   Ficha de KNAE9 sin candidato propio; no se fusiona
16:13:15 DEBUG   [doomos] 27 avisos vía tarjetas
16:13:15 DEBUG   Ficha de PR3QK sin candidato propio; no se fusiona
16:13:17 DEBUG   [doomos] 27 avisos vía tarjetas
16:13:17 DEBUG   Ficha de 2HWEW sin candidato propio; no se fusiona
16:13:19 DEBUG   [doomos] 27 avisos vía tarjetas
16:13:19 DEBUG   Ficha de ZWNAN sin candidato propio; no se fusiona
16:13:23 DEBUG   [toctoc] 1 avisos vía estado-embebido
16:13:23 DEBUG   [busconido] 10 avisos vía tarjetas
16:13:23 DEBUG   Ficha de 6669H sin candidato propio; no se fusiona
16:13:25 DEBUG   [doomos] 27 avisos vía tarjetas
16:13:25 DEBUG   Ficha de FQ6XQ sin candidato propio; no se fusiona
16:13:30 DEBUG   [toctoc] 1 avisos vía estado-embebido
16:13:30 DEBUG   [busconido] 10 avisos vía tarjetas
16:13:30 DEBUG   Ficha de 4TBZ6 sin candidato propio; no se fusiona
16:13:32 DEBUG   [busconido] 10 avisos vía tarjetas
16:13:32 DEBUG   Ficha de HAZYC sin candidato propio; no se fusiona
16:13:37 DEBUG   [toctoc] 1 avisos vía estado-embebido
16:13:38 DEBUG   [busconido] 11 avisos vía tarjetas
16:13:38 DEBUG   Ficha de RBUTV sin candidato propio; no se fusiona
16:13:42 INFO    Enriquecido y descartado: YAVJA (arriendo de $3.517.371 sobre el máximo negociable de $1.904.000)
16:13:42 DEBUG   [busconido] 10 avisos vía tarjetas
16:13:42 DEBUG   Ficha de Q4F5D sin candidato propio; no se fusiona
16:13:52 INFO    Enriquecido y descartado: CC2AY (arriendo de $2.032.258 sobre el máximo negociable de $1.904.000)
16:13:55 DEBUG   [doomos] 18 avisos vía tarjetas
16:13:55 DEBUG   Ficha de J5JN4 sin candidato propio; no se fusiona
16:13:55 WARNING robots.txt no permite https://www.nuroa.cl/adform/10342-912-101d5-1a0ff48-a45a-2e1434470692-7ad1?click_type=0&pos=15&searchType=1&page=1&section=1&t_sec=1&sectionType=1&pageViewId=a033609d-246d-45aa-8736-60f3dfba80d6&t_pvid=a033609d-246d-45aa-8736-60f3dfba80d6&userAgent=Mozilla%2F5.0+%28compatible%3B+radar-arriendos%2F1.0%3B+uso+personal%2C+busqueda+de+arriendo%3B+%2Bhttps%3A%2F%2Fgithub.com%2Falfonsoandona%2Farriendos-vitacura%29&browser=1&isHuman=true&userIp=52.173.221.41&what=vitacura+departamento&search_terms=vitacura+departamento&origin=1&t_or=1&splitTestId=0 — se omite
16:13:58 DEBUG   [toctoc] 1 avisos vía estado-embebido
16:14:05 DEBUG   [engelvoelkers] 1 avisos vía json-ld
16:14:11 DEBUG   [doomos] 27 avisos vía tarjetas
16:14:11 DEBUG   Ficha de P8XMT sin candidato propio; no se fusiona
16:14:15 DEBUG   [toctoc] 1 avisos vía estado-embebido
16:14:18 DEBUG   [toctoc] 1 avisos vía estado-embebido
16:14:22 DEBUG   [toctoc] 1 avisos vía estado-embebido
16:14:26 DEBUG   [toctoc] 1 avisos vía estado-embebido
16:14:33 DEBUG   [toctoc] 1 avisos vía estado-embebido
16:14:33 WARNING robots.txt no permite https://www.nuroa.cl/adform/10342-912-4d50-1a0e30c-9b06-5d5e6067edc0-77f6?click_type=0&pos=17&searchType=2&page=1&section=1&t_sec=1&sectionType=1&pageViewId=a033609d-246d-45aa-8736-60f3dfba80d6&t_pvid=a033609d-246d-45aa-8736-60f3dfba80d6&userAgent=Mozilla%2F5.0+%28compatible%3B+radar-arriendos%2F1.0%3B+uso+personal%2C+busqueda+de+arriendo%3B+%2Bhttps%3A%2F%2Fgithub.com%2Falfonsoandona%2Farriendos-vitacura%29&browser=1&isHuman=true&userIp=52.173.221.41&what=vitacura+departamento&search_terms=vitacura+departamento&origin=1&t_or=1&splitTestId=0 — se omite
16:14:37 DEBUG   [toctoc] 1 avisos vía estado-embebido
16:14:40 DEBUG   [toctoc] 1 avisos vía estado-embebido
16:14:43 DEBUG   [toctoc] 1 avisos vía estado-embebido
16:15:04 INFO    Enriquecido y descartado: 75BRH (arriendo de $2.149.504 sobre el máximo negociable de $1.904.000)
16:15:08 INFO    Enriquecido y descartado: 75BRH (arriendo de $1.954.095 sobre el máximo negociable de $1.904.000)
16:15:21 DEBUG   [toctoc] 1 avisos vía estado-embebido
16:15:31 DEBUG   [toctoc] 1 avisos vía estado-embebido
16:15:31 WARNING robots.txt no permite https://www.nuroa.cl/adform/10342-912-3e9b-1a0e30e-bd4c-4f30fb45531b-7a22?click_type=0&pos=21&searchType=1&page=1&section=1&t_sec=1&sectionType=1&pageViewId=a033609d-246d-45aa-8736-60f3dfba80d6&t_pvid=a033609d-246d-45aa-8736-60f3dfba80d6&userAgent=Mozilla%2F5.0+%28compatible%3B+radar-arriendos%2F1.0%3B+uso+personal%2C+busqueda+de+arriendo%3B+%2Bhttps%3A%2F%2Fgithub.com%2Falfonsoandona%2Farriendos-vitacura%29&browser=1&isHuman=true&userIp=52.173.221.41&what=vitacura+departamento&search_terms=vitacura+departamento&origin=1&t_or=1&splitTestId=0 — se omite
16:15:31 WARNING robots.txt no permite https://www.nuroa.cl/adform/10342-912-e7f8-1a0a016-97e0-4460cb69457-7a3c?click_type=0&pos=1&searchType=1&page=4&section=1&t_sec=1&sectionType=1&pageViewId=7c87c7ff-19f4-4fe9-91bc-5f38c54ddcac&t_pvid=7c87c7ff-19f4-4fe9-91bc-5f38c54ddcac&userAgent=Mozilla%2F5.0+%28compatible%3B+radar-arriendos%2F1.0%3B+uso+personal%2C+busqueda+de+arriendo%3B+%2Bhttps%3A%2F%2Fgithub.com%2Falfonsoandona%2Farriendos-vitacura%29&browser=1&isHuman=true&userIp=52.173.221.41&what=vitacura+departamento&search_terms=vitacura+departamento&origin=1&t_or=1&splitTestId=0 — se omite
16:15:35 DEBUG   [toctoc] 1 avisos vía estado-embebido
16:15:38 INFO    Enriquecido y descartado: 75BRH (arriendo de $4.299.009 sobre el máximo negociable de $1.904.000)
16:15:41 INFO    Fichas leídas: 57 — 0 ganaron el año, 0 la dirección; 5 se descartaron al verlas (0 por viejos)
16:15:42 INFO    Listo: 0 avisados de 52 candidatos
