01:12:38 INFO    UF = $40.868.50 (API del día)
01:12:38 INFO    Barriendo TocToc (toctoc)…
01:12:38 INFO    Barriendo Chilepropiedades (chilepropiedades)…
01:12:38 INFO    Barriendo GoPlaceIt (goplaceit)…
01:12:38 INFO    Barriendo Yapo (yapo)…
01:12:39 DEBUG   [chilepropiedades] 10 avisos vía tarjetas
01:12:40 DEBUG   [yapo] 30 avisos vía tarjetas
01:12:41 DEBUG   [chilepropiedades] 10 avisos vía tarjetas
01:12:42 DEBUG   [yapo] 30 avisos vía tarjetas
01:12:43 DEBUG   [goplaceit] 30 avisos vía json-ld
01:12:43 DEBUG   [chilepropiedades] 10 avisos vía tarjetas
01:12:43 INFO      chilepropiedades: 30 avisos en 5s
01:12:43 INFO    Barriendo BuscoNido (busconido)…
01:12:44 DEBUG   [busconido] 23 avisos vía tarjetas
01:12:44 INFO      busconido: 23 avisos en 1s
01:12:44 INFO    Barriendo BienesOnline (bienesonline)…
01:12:45 DEBUG   [yapo] 30 avisos vía tarjetas
01:12:45 INFO      yapo: 90 avisos en 7s
01:12:45 INFO    Barriendo Economicos (El Mercurio) (economicos)…
01:12:46 DEBUG   [bienesonline] 17 avisos vía tarjetas
01:12:46 INFO      bienesonline: 17 avisos en 2s
01:12:46 INFO    Barriendo iCasas (icasas)…
01:12:46 DEBUG   [icasas] 15 avisos vía tarjetas
01:12:47 DEBUG   [toctoc] 20 avisos vía json-ld
01:12:48 DEBUG   [icasas] 15 avisos vía tarjetas
01:12:48 INFO      icasas: 30 avisos en 3s
01:12:48 INFO    Barriendo Doomos (doomos)…
01:12:50 DEBUG   [doomos] 30 avisos vía tarjetas
01:12:50 INFO      doomos: 30 avisos en 2s
01:12:50 INFO    Barriendo Top Propiedades (toppropiedades)…
01:12:54 DEBUG   [toppropiedades] 1 avisos vía json-ld
01:12:54 DEBUG   La red no quedó en silencio en https://www.toctoc.com/arriendo/departamento/metropolitana/vitacura/3-dormitorios?pagina=2; se lee igual
01:12:55 DEBUG   [toctoc] 69 avisos vía json-ld
01:12:56 DEBUG   [toppropiedades] 1 avisos vía json-ld
01:12:58 DEBUG   [toppropiedades] 1 avisos vía json-ld
01:13:00 DEBUG   [toppropiedades] 1 avisos vía json-ld
01:13:02 DEBUG   La red no quedó en silencio en https://www.toctoc.com/arriendo/departamento/metropolitana/vitacura/3-dormitorios?pagina=3; se lee igual
01:13:02 DEBUG   [toppropiedades] 1 avisos vía json-ld
01:13:02 DEBUG   [toctoc] 20 avisos vía json-ld
01:13:04 DEBUG   [toppropiedades] 1 avisos vía json-ld
01:13:06 DEBUG   [toppropiedades] 1 avisos vía json-ld
01:13:08 DEBUG   [toppropiedades] 1 avisos vía json-ld
01:13:08 INFO      toppropiedades: 8 avisos en 18s
01:13:08 INFO    Barriendo Nuroa (nuroa)…
01:13:09 DEBUG   [toctoc] 20 avisos vía json-ld
01:13:09 DEBUG   Encoding detection: ascii is most likely the one.
01:13:10 DEBUG   [nuroa] 25 avisos vía json-ld
01:13:11 DEBUG   [goplaceit] 30 avisos vía json-ld
01:13:13 DEBUG   [nuroa] 25 avisos vía json-ld
01:13:15 DEBUG   [nuroa] 25 avisos vía json-ld
01:13:15 WARNING Error en https://www.economicos.cl/search/propiedades/vitacura/arriendo/departamento/0 (intento 1/3): HTTPSConnectionPool(host='www.economicos.cl', port=443): Max retries exceeded with url: /search/propiedades/vitacura/arriendo/departamento/0 (Caused by ConnectTimeoutError(<HTTPSConnection(host='www.economicos.cl', port=443) at 0x7fb19b8c6930>, 'Connection to www.economicos.cl timed out. (connect timeout=20)'))
01:13:17 DEBUG   [nuroa] 25 avisos vía json-ld
01:13:17 INFO      nuroa: 100 avisos en 8s
01:13:17 INFO    Barriendo Mitula (mitula)…
01:13:17 DEBUG   La red no quedó en silencio en https://www.toctoc.com/arriendo/departamento/metropolitana/vitacura/4-dormitorios?pagina=2; se lee igual
01:13:17 DEBUG   [toctoc] 20 avisos vía json-ld
01:13:19 DEBUG   [mitula] 30 avisos vía json-ld
01:13:21 DEBUG   [mitula] 30 avisos vía json-ld
01:13:22 INFO      mitula: 60 avisos en 5s
01:13:22 INFO    Barriendo Houm (houm)…
01:13:25 DEBUG   [toctoc] 10 avisos vía json-ld
01:13:25 INFO      toctoc: 159 avisos en 47s
01:13:25 INFO    Barriendo Hey! Homes (heyhomes)…
01:13:28 DEBUG   [heyhomes] 9 avisos vía tarjetas
01:13:28 INFO      heyhomes: 9 avisos en 3s
01:13:28 INFO    Barriendo Engel & Völkers (engelvoelkers)…
01:13:30 DEBUG   La red no quedó en silencio en https://houm.com/cl/arriendo-departamentos-region-metropolitana/vitacura/3-dormitorios; se lee igual
01:13:31 DEBUG   [houm] 28 avisos vía json-ld
01:13:34 DEBUG   [engelvoelkers] 17 avisos vía tarjetas
01:13:34 INFO      engelvoelkers: 17 avisos en 6s
01:13:34 INFO    Barriendo RE/MAX Chile (remax)…
01:13:37 WARNING Error en https://www.economicos.cl/search/propiedades/vitacura/arriendo/departamento/0 (intento 2/3): HTTPSConnectionPool(host='www.economicos.cl', port=443): Max retries exceeded with url: /search/propiedades/vitacura/arriendo/departamento/0 (Caused by ConnectTimeoutError(<HTTPSConnection(host='www.economicos.cl', port=443) at 0x7fb19b35b9b0>, 'Connection to www.economicos.cl timed out. (connect timeout=20)'))
01:13:40 INFO      remax: 0 avisos en 6s
01:13:40 INFO    Barriendo Fuenzalida Propiedades (fuenzalida)…
01:13:41 DEBUG   La red no quedó en silencio en https://houm.com/cl/arriendo-departamento-región-metropolitana/las-condes/170742; se lee igual
01:13:41 DEBUG   [houm] 1 avisos vía estado-embebido
01:13:43 DEBUG   [fuenzalida] 16 avisos vía tarjetas
01:13:46 DEBUG   [fuenzalida] 20 avisos vía tarjetas
01:13:47 DEBUG   [goplaceit] 30 avisos vía json-ld
01:13:48 DEBUG   La red no quedó en silencio en https://houm.com/cl/arriendo-departamento-región-metropolitana/las-condes/175757; se lee igual
01:13:49 DEBUG   [fuenzalida] 20 avisos vía tarjetas
01:13:49 INFO      fuenzalida: 56 avisos en 9s
01:13:49 INFO    Barriendo Century 21 Chile (century21)…
01:13:49 DEBUG   [houm] 1 avisos vía estado-embebido
01:13:49 INFO      century21: 0 avisos en 1s
01:13:49 INFO    Barriendo Property Partners (propertypartners)…
01:13:50 DEBUG   [propertypartners] 1 avisos vía tarjetas
01:13:50 INFO      propertypartners: 1 avisos en 1s
01:13:50 INFO    Barriendo Acceso Inmobiliario (accesoinmobiliario)…
01:13:54 DEBUG   [accesoinmobiliario] 16 avisos vía tarjetas
01:13:56 DEBUG   La red no quedó en silencio en https://houm.com/cl/arriendo-departamento-región-metropolitana/ñuñoa/176912; se lee igual
01:13:56 DEBUG   [houm] 1 avisos vía estado-embebido
01:13:59 DEBUG   [accesoinmobiliario] 1 avisos vía tarjetas
01:14:01 WARNING Error en https://www.economicos.cl/search/propiedades/vitacura/arriendo/departamento/0 (intento 3/3): HTTPSConnectionPool(host='www.economicos.cl', port=443): Max retries exceeded with url: /search/propiedades/vitacura/arriendo/departamento/0 (Caused by ConnectTimeoutError(<HTTPSConnection(host='www.economicos.cl', port=443) at 0x7fb19adc3ef0>, 'Connection to www.economicos.cl timed out. (connect timeout=20)'))
01:14:01 WARNING   economicos: el sitio no respondió a tiempo
01:14:01 INFO      economicos: 0 avisos en 77s
01:14:01 INFO    Barriendo Magnolia Property (magnoliaproperty)…
01:14:02 DEBUG   [magnoliaproperty] 6 avisos vía tarjetas
01:14:02 INFO      magnoliaproperty: 6 avisos en 1s
01:14:02 INFO    Barriendo Portilla Propiedades (portillapropiedades)…
01:14:03 DEBUG   [portillapropiedades] 2 avisos vía tarjetas
01:14:03 INFO      portillapropiedades: 2 avisos en 1s
01:14:03 INFO    Barriendo Nativo Propiedades (nativopropiedades)…
01:14:04 DEBUG   [nativopropiedades] 7 avisos vía tarjetas
01:14:04 INFO      nativopropiedades: 7 avisos en 1s
01:14:04 INFO    Barriendo Enlace Inmobiliario (enlaceinmobiliario)…
01:14:04 WARNING https://www.enlaceinmobiliario.cl/ respondió 403
01:14:04 INFO    [enlaceinmobiliario] https://www.enlaceinmobiliario.cl/ rebotó al GET; se reintenta con navegador
01:14:05 DEBUG   [accesoinmobiliario] 1 avisos vía tarjetas
01:14:05 DEBUG   La red no quedó en silencio en https://houm.com/cl/arriendo-departamento-región-metropolitana/ñuñoa/174379; se lee igual
01:14:05 DEBUG   [houm] 1 avisos vía estado-embebido
01:14:10 INFO      enlaceinmobiliario: 0 avisos en 7s
01:14:10 INFO    Barriendo Rentas.cl (rentas_cl)…
01:14:11 DEBUG   [accesoinmobiliario] 1 avisos vía tarjetas
01:14:13 DEBUG   [rentas_cl] 1 avisos vía json-ld
01:14:13 INFO      rentas_cl: 1 avisos en 2s
01:14:13 INFO    Barriendo Arriendos.cl (arriendos_cl)…
01:14:14 INFO      arriendos_cl: 0 avisos en 1s
01:14:14 INFO    Barriendo Propiedades.cl (propiedades_cl)…
01:14:15 DEBUG   [propiedades_cl] 6 avisos vía tarjetas
01:14:15 INFO      propiedades_cl: 6 avisos en 1s
01:14:15 INFO    Barriendo Clasificados.cl (clasificados_cl)…
01:14:18 DEBUG   [accesoinmobiliario] 1 avisos vía tarjetas
01:14:18 DEBUG   La red no quedó en silencio en https://houm.com/cl/arriendo-departamento-región-metropolitana/recoleta/178185; se lee igual
01:14:18 DEBUG   [houm] 1 avisos vía estado-embebido
01:14:18 DEBUG   [clasificados_cl] 1 avisos vía tarjetas
01:14:18 INFO      clasificados_cl: 1 avisos en 4s
01:14:22 INFO      goplaceit: 90 avisos en 103s
01:14:24 DEBUG   [accesoinmobiliario] 1 avisos vía tarjetas
01:14:26 DEBUG   [accesoinmobiliario] 1 avisos vía tarjetas
01:14:28 DEBUG   La red no quedó en silencio en https://houm.com/cl/arriendo-departamento-región-metropolitana/recoleta/176958; se lee igual
01:14:28 DEBUG   [houm] 1 avisos vía estado-embebido
01:14:29 INFO      accesoinmobiliario: 22 avisos en 39s
01:14:35 DEBUG   La red no quedó en silencio en https://houm.com/cl/arriendo-departamento-región-metropolitana/recoleta/90462; se lee igual
01:14:35 DEBUG   [houm] 1 avisos vía estado-embebido
01:14:42 DEBUG   La red no quedó en silencio en https://houm.com/cl/arriendo-departamento-región-metropolitana/ñuñoa/178435; se lee igual
01:14:43 DEBUG   [houm] 1 avisos vía estado-embebido
01:14:43 INFO      houm: 36 avisos en 81s
01:14:43 INFO    Total crudo: 801 avisos
01:14:43 INFO    Después de deduplicar: 488
01:14:43 INFO    Pasaron los filtros: 78
01:15:37 DEBUG   [doomos] 18 avisos vía tarjetas
01:15:37 DEBUG   Ficha de YVT22 sin candidato propio; no se fusiona
01:15:38 DEBUG   Ficha de HW5MX sin candidato propio; no se fusiona
01:15:39 DEBUG   [doomos] 27 avisos vía tarjetas
01:15:39 DEBUG   Ficha de U44VT sin candidato propio; no se fusiona
01:15:42 DEBUG   [doomos] 27 avisos vía tarjetas
01:15:42 DEBUG   Ficha de 2HWEW sin candidato propio; no se fusiona
01:15:44 DEBUG   [doomos] 27 avisos vía tarjetas
01:15:44 DEBUG   Ficha de ZWNAN sin candidato propio; no se fusiona
01:15:45 WARNING Se pasó del tiempo al abrir http://GG.CC (Error); se lee lo que alcanzó a llegar
01:15:46 DEBUG   Ficha de KM3V2 sin candidato propio; no se fusiona
01:15:47 DEBUG   [busconido] 11 avisos vía tarjetas
01:15:47 DEBUG   Ficha de 8EPNP sin candidato propio; no se fusiona
01:15:49 DEBUG   [busconido] 11 avisos vía tarjetas
01:15:49 DEBUG   Ficha de BPSJW sin candidato propio; no se fusiona
01:15:51 DEBUG   [busconido] 10 avisos vía tarjetas
01:15:51 DEBUG   Ficha de VWVRP sin candidato propio; no se fusiona
01:15:53 DEBUG   [busconido] 11 avisos vía tarjetas
01:15:53 DEBUG   Ficha de YYHED sin candidato propio; no se fusiona
01:15:55 DEBUG   [busconido] 10 avisos vía tarjetas
01:15:55 DEBUG   Ficha de K7G85 sin candidato propio; no se fusiona
01:15:57 DEBUG   [busconido] 11 avisos vía tarjetas
01:15:57 DEBUG   Ficha de AK7SS sin candidato propio; no se fusiona
01:15:58 DEBUG   [busconido] 11 avisos vía tarjetas
01:15:58 DEBUG   Ficha de W7NQZ sin candidato propio; no se fusiona
01:16:01 DEBUG   [busconido] 11 avisos vía tarjetas
01:16:01 DEBUG   Ficha de 2ACBK sin candidato propio; no se fusiona
01:16:03 DEBUG   [busconido] 10 avisos vía tarjetas
01:16:03 DEBUG   Ficha de SMCCK sin candidato propio; no se fusiona
01:16:05 DEBUG   [busconido] 10 avisos vía tarjetas
01:16:05 DEBUG   Ficha de BE893 sin candidato propio; no se fusiona
01:16:10 DEBUG   [toctoc] 1 avisos vía estado-embebido
01:16:11 DEBUG   [busconido] 10 avisos vía tarjetas
01:16:11 DEBUG   Ficha de UVQY7 sin candidato propio; no se fusiona
01:16:16 DEBUG   Pin del mapa para GDEV4: -33.40522, -70.59529
01:16:16 DEBUG   [toctoc] 1 avisos vía estado-embebido
01:16:16 INFO    Enriquecido y descartado: URZMS (arriendo de $3.600.000 sobre el máximo negociable de $1.904.000)
01:16:21 DEBUG   Pin del mapa para VB9ST: -33.38575, -70.56115
01:16:21 DEBUG   [toctoc] 1 avisos vía estado-embebido
01:16:21 INFO    Enriquecido y descartado: VZXBC (arriendo de $3.473.822 sobre el máximo negociable de $1.904.000)
01:16:28 DEBUG   Pin del mapa para CH4B8: -33.40473, -70.59547
01:16:28 DEBUG   [toctoc] 1 avisos vía estado-embebido
01:16:28 INFO    Enriquecido y descartado: UEND8 (32 años (construido en 1994), sobre el máximo de 30)
01:16:34 DEBUG   Pin del mapa para MVQQV: -33.40571, -70.59718
01:16:34 DEBUG   [toctoc] 1 avisos vía estado-embebido
01:16:34 INFO    Enriquecido y descartado: DZCSP (arriendo de $3.269.480 sobre el máximo negociable de $1.904.000)
01:16:39 DEBUG   Pin del mapa para V5UYC: -33.39926, -70.59316
01:16:39 DEBUG   [toctoc] 1 avisos vía estado-embebido
01:16:39 INFO    Enriquecido y descartado: 8BFJD (arriendo de $4.699.878 sobre el máximo negociable de $1.904.000)
01:16:46 DEBUG   La red no quedó en silencio en https://www.toctoc.com/arriendo/departamento/metropolitana/vitacura/b_188bfae550f91640c61dc60eab41e829297dc4a6; se lee igual
01:16:46 DEBUG   Pin del mapa para 9YQR3: -33.37213, -70.54192
01:16:46 DEBUG   [toctoc] 1 avisos vía estado-embebido
01:16:46 INFO    Enriquecido y descartado: E9R23 (arriendo de $4.699.878 sobre el máximo negociable de $1.904.000)
01:16:51 DEBUG   Pin del mapa para HCBT4: -33.40571, -70.59352
01:16:51 DEBUG   [toctoc] 1 avisos vía estado-embebido
01:16:51 INFO    Enriquecido y descartado: XGTG5 (45 años (construido en 1981), sobre el máximo de 30)
01:16:58 DEBUG   La red no quedó en silencio en https://www.toctoc.com/arriendo/departamento/metropolitana/vitacura/b_cb4f3892be878d5f5d5f71b811a6f8c135f3484d; se lee igual
01:16:58 DEBUG   Pin del mapa para EJMU3: -33.39788, -70.58897
01:16:58 DEBUG   [toctoc] 1 avisos vía estado-embebido
01:16:58 INFO    Enriquecido y descartado: W6ATB (arriendo de $2.411.242 sobre el máximo negociable de $1.904.000)
01:17:05 DEBUG   La red no quedó en silencio en https://www.toctoc.com/arriendo/departamento/metropolitana/vitacura/b_fc2219819a4df24c7e844aa5cf0824972c0ea885; se lee igual
01:17:05 DEBUG   Pin del mapa para D2GPN: -33.39031, -70.59455
01:17:05 DEBUG   [toctoc] 1 avisos vía estado-embebido
01:17:05 INFO    Enriquecido y descartado: YNANX (arriendo de $3.269.480 sobre el máximo negociable de $1.904.000)
01:17:11 DEBUG   Pin del mapa para X3YFD: -33.40596, -70.59695
01:17:11 DEBUG   [toctoc] 1 avisos vía estado-embebido
01:17:11 INFO    Enriquecido y descartado: B5SVA (arriendo de $3.269.480 sobre el máximo negociable de $1.904.000)
01:17:18 DEBUG   La red no quedó en silencio en https://www.toctoc.com/arriendo/departamento/metropolitana/vitacura/b_007de3f1d82c80f0238fc443187071057b1c9f2d; se lee igual
01:17:19 DEBUG   [toctoc] 1 avisos vía estado-embebido
01:17:19 INFO    Enriquecido y descartado: TY4NP (arriendo de $1.961.688 sobre el máximo negociable de $1.904.000)
01:17:26 DEBUG   La red no quedó en silencio en https://www.toctoc.com/arriendo/departamento/metropolitana/vitacura/b_6d00a7e0a805358dbb9031bac265454f2841381a; se lee igual
01:17:26 DEBUG   Pin del mapa para JS3C5: -33.37683, -70.54385
01:17:26 DEBUG   [toctoc] 1 avisos vía estado-embebido
01:17:26 INFO    Enriquecido y descartado: 4JZ9G (arriendo de $1.961.688 sobre el máximo negociable de $1.904.000)
01:17:31 DEBUG   [toctoc] 1 avisos vía estado-embebido
01:17:31 INFO    Enriquecido y descartado: XYCGS (arriendo de $2.411.242 sobre el máximo negociable de $1.904.000)
01:17:36 DEBUG   Pin del mapa para E3MMP: -33.40595, -70.59914
01:17:36 DEBUG   [toctoc] 1 avisos vía estado-embebido
01:17:36 INFO    Enriquecido y descartado: GBWGF (arriendo de $3.100.000 sobre el máximo negociable de $1.904.000)
01:17:37 WARNING https://www.bienesonline.cl/es/chile/hualpen/propiedad/125450-se-arrienda-departamento-altos-de-hualpen respondió 404
01:17:40 DEBUG   [doomos] 18 avisos vía tarjetas
01:17:40 DEBUG   Ficha de J5JN4 sin candidato propio; no se fusiona
01:17:47 DEBUG   La red no quedó en silencio en https://www.toctoc.com/arriendo/departamento/metropolitana/vitacura/b_80d89b760414ef5f413f602f2cbc1e3a9b9cf25f; se lee igual
01:17:47 DEBUG   [toctoc] 1 avisos vía estado-embebido
01:17:55 DEBUG   [doomos] 27 avisos vía tarjetas
01:17:55 DEBUG   Ficha de P8XMT sin candidato propio; no se fusiona
01:17:56 DEBUG   [mitula] 3 avisos vía tarjetas
01:18:00 DEBUG   [engelvoelkers] 1 avisos vía json-ld
01:18:07 DEBUG   La red no quedó en silencio en https://www.toctoc.com/arriendo/departamento/metropolitana/vitacura/b_a3f11e3da22b023d55153cd78c67bf4d8e101cb9; se lee igual
01:18:07 DEBUG   [toctoc] 1 avisos vía estado-embebido
01:18:18 DEBUG   La red no quedó en silencio en https://www.toctoc.com/arriendo/departamento/metropolitana/vitacura/b_62313db937b2eb47fc03dd6bc00d3af11b5bf811; se lee igual
01:18:18 DEBUG   [toctoc] 1 avisos vía estado-embebido
01:18:25 DEBUG   La red no quedó en silencio en https://www.toctoc.com/arriendo/departamento/metropolitana/vitacura/b_81160827e21945574de3036c9a6e70e4790b7427; se lee igual
01:18:25 DEBUG   [toctoc] 1 avisos vía estado-embebido
01:18:31 DEBUG   [toctoc] 1 avisos vía estado-embebido
01:18:36 DEBUG   [toctoc] 1 avisos vía estado-embebido
01:18:36 INFO    Enriquecido y descartado: QKSRR (arriendo de $3.473.822 sobre el máximo negociable de $1.904.000)
01:18:39 INFO    Enriquecido y descartado: 75BRH (arriendo de $2.931.142 sobre el máximo negociable de $1.904.000)
01:19:01 INFO    Enriquecido y descartado: 75BRH (arriendo de $2.149.504 sobre el máximo negociable de $1.904.000)
01:19:08 INFO    Enriquecido y descartado: 75BRH (arriendo de $1.954.095 sobre el máximo negociable de $1.904.000)
01:19:19 DEBUG   La red no quedó en silencio en https://www.toctoc.com/arriendo/departamento/metropolitana/vitacura/b_159bc6cbd69eae8855da1126b91cb4e2d0208879; se lee igual
01:19:19 DEBUG   [toctoc] 1 avisos vía estado-embebido
01:19:19 INFO    Enriquecido y descartado: 8UTV5 (arriendo de $2.452.110 sobre el máximo negociable de $1.904.000)
01:19:33 DEBUG   La red no quedó en silencio en https://www.toctoc.com/arriendo/departamento/metropolitana/vitacura/o_df04db165e1187404afb1d84a67b898773cdbf14; se lee igual
01:19:33 DEBUG   [toctoc] 1 avisos vía estado-embebido
01:19:40 DEBUG   La red no quedó en silencio en https://www.toctoc.com/arriendo/departamento/metropolitana/vitacura/b_3599595eb74b1ccd4c4e3e7f485eb32dee7e0f88; se lee igual
01:19:41 DEBUG   [toctoc] 1 avisos vía estado-embebido
01:19:41 INFO    Enriquecido y descartado: 4V73Z (arriendo de $4.699.878 sobre el máximo negociable de $1.904.000)
01:19:46 DEBUG   [toctoc] 1 avisos vía estado-embebido
01:19:46 INFO    Enriquecido y descartado: 3N59D (arriendo de $3.065.138 sobre el máximo negociable de $1.904.000)
01:19:53 DEBUG   La red no quedó en silencio en https://www.toctoc.com/arriendo/departamento/metropolitana/vitacura/b_7fa134b9a7261bc3bdafd256cd9cda62293987ed; se lee igual
01:19:53 DEBUG   [toctoc] 1 avisos vía estado-embebido
01:19:53 INFO    Enriquecido y descartado: 4W5ZG (arriendo de $3.596.428 sobre el máximo negociable de $1.904.000)
01:20:00 DEBUG   La red no quedó en silencio en https://www.toctoc.com/arriendo/departamento/metropolitana/vitacura/b_f1833020bc5ec239390c9be467e6bcf7a2648821; se lee igual
01:20:00 DEBUG   [toctoc] 1 avisos vía estado-embebido
01:20:00 INFO    Enriquecido y descartado: JKM2T (arriendo de $2.574.716 sobre el máximo negociable de $1.904.000)
01:20:07 DEBUG   La red no quedó en silencio en https://www.toctoc.com/arriendo/departamento/metropolitana/vitacura/b_363f96310dd66719f49f1774ad87845a28f7e8eb; se lee igual
01:20:07 DEBUG   [toctoc] 1 avisos vía estado-embebido
01:20:07 INFO    Enriquecido y descartado: 8QS4E (arriendo de $3.269.480 sobre el máximo negociable de $1.904.000)
01:20:16 DEBUG   [toctoc] 1 avisos vía estado-embebido
01:20:16 INFO    Enriquecido y descartado: 9JAPA (arriendo de $2.452.110 sobre el máximo negociable de $1.904.000)
01:20:22 DEBUG   [toctoc] 1 avisos vía estado-embebido
01:20:29 DEBUG   La red no quedó en silencio en https://www.toctoc.com/arriendo/departamento/metropolitana/vitacura/o_8e1fe6e00d197403a401ae5bbd160793bac49116; se lee igual
01:20:29 DEBUG   [toctoc] 1 avisos vía estado-embebido
01:20:34 DEBUG   [toctoc] 1 avisos vía estado-embebido
01:20:41 DEBUG   La red no quedó en silencio en https://www.toctoc.com/arriendo/departamento/metropolitana/vitacura/b_5a37b5df7f9d79c4bd1ab716a6babbded3d95b42; se lee igual
01:20:42 DEBUG   [toctoc] 1 avisos vía estado-embebido
01:20:48 DEBUG   La red no quedó en silencio en https://www.toctoc.com/arriendo/departamento/metropolitana/vitacura/b_c64be9920cb0f7dbdcbdce638ad9d953d48fa8ff; se lee igual
01:20:49 DEBUG   [toctoc] 1 avisos vía estado-embebido
01:20:52 INFO    Enriquecido y descartado: 75BRH (arriendo de $4.611.664 sobre el máximo negociable de $1.904.000)
01:21:03 DEBUG   La red no quedó en silencio en https://www.toctoc.com/arriendo/departamento/metropolitana/vitacura/b_f17732a1e9cad696686f7414c52f0b7f5b01b937; se lee igual
01:21:03 DEBUG   [toctoc] 1 avisos vía estado-embebido
01:21:03 INFO    Enriquecido y descartado: XT334 (arriendo de $1.961.688 sobre el máximo negociable de $1.904.000)
01:21:03 INFO    Fichas leídas: 78 — 7 ganaron el año, 12 la dirección; 27 se descartaron al verlas (2 por viejos)
01:21:04 INFO    Listo: 0 avisados de 51 candidatos
