01:52:55 INFO    UF = $41.049.01 (API del día)
01:52:55 INFO    Barriendo TocToc (toctoc)…
01:52:55 INFO    Barriendo Chilepropiedades (chilepropiedades)…
01:52:55 INFO    Barriendo GoPlaceIt (goplaceit)…
01:52:55 INFO    Barriendo Yapo (yapo)…
01:52:55 WARNING https://www.yapo.cl/bienes-raices-alquiler-apartamentos/region-metropolitana-vitacura respondió 403
01:52:55 INFO    [yapo] https://www.yapo.cl/bienes-raices-alquiler-apartamentos/region-metropolitana-vitacura rebotó al GET; se reintenta con navegador
01:52:56 DEBUG   [chilepropiedades] 10 avisos vía tarjetas
01:52:58 DEBUG   [chilepropiedades] 10 avisos vía tarjetas
01:53:00 DEBUG   [chilepropiedades] 10 avisos vía tarjetas
01:53:00 INFO      chilepropiedades: 30 avisos en 5s
01:53:00 INFO    Barriendo BuscoNido (busconido)…
01:53:01 DEBUG   [busconido] 23 avisos vía tarjetas
01:53:01 INFO      busconido: 23 avisos en 1s
01:53:01 INFO    Barriendo BienesOnline (bienesonline)…
01:53:02 DEBUG   [bienesonline] 15 avisos vía tarjetas
01:53:02 INFO      bienesonline: 15 avisos en 1s
01:53:02 INFO    Barriendo Economicos (El Mercurio) (economicos)…
01:53:02 WARNING https://www.economicos.cl/search/propiedades/vitacura/arriendo/departamento/0 respondió 403
01:53:02 INFO    [economicos] https://www.economicos.cl/search/propiedades/vitacura/arriendo/departamento/0 rebotó al GET; se reintenta con navegador
01:53:02 DEBUG   La red no quedó en silencio en https://www.yapo.cl/bienes-raices-alquiler-apartamentos/region-metropolitana-vitacura; se lee igual
01:53:02 INFO      yapo: 0 avisos en 7s
01:53:02 INFO    Barriendo iCasas (icasas)…
01:53:03 DEBUG   La red no quedó en silencio en https://www.toctoc.com/arriendo/departamento/metropolitana/vitacura/3-dormitorios; se lee igual
01:53:03 DEBUG   [toctoc] 20 avisos vía json-ld
01:53:04 DEBUG   [icasas] 15 avisos vía tarjetas
01:53:04 INFO      economicos: 0 avisos en 2s
01:53:04 INFO    Barriendo Doomos (doomos)…
01:53:05 DEBUG   [icasas] 15 avisos vía tarjetas
01:53:05 INFO      icasas: 30 avisos en 3s
01:53:05 INFO    Barriendo Top Propiedades (toppropiedades)…
01:53:06 DEBUG   [goplaceit] 30 avisos vía json-ld
01:53:08 DEBUG   [doomos] 33 avisos vía tarjetas
01:53:08 INFO      doomos: 33 avisos en 4s
01:53:08 INFO    Barriendo Nuroa (nuroa)…
01:53:09 DEBUG   [toppropiedades] 1 avisos vía json-ld
01:53:09 DEBUG   Encoding detection: ascii is most likely the one.
01:53:10 DEBUG   [nuroa] 25 avisos vía json-ld
01:53:11 DEBUG   [toppropiedades] 1 avisos vía json-ld
01:53:11 DEBUG   La red no quedó en silencio en https://www.toctoc.com/arriendo/departamento/metropolitana/vitacura/3-dormitorios?pagina=2; se lee igual
01:53:12 DEBUG   [nuroa] 25 avisos vía json-ld
01:53:12 DEBUG   [toctoc] 20 avisos vía json-ld
01:53:13 DEBUG   [toppropiedades] 1 avisos vía json-ld
01:53:13 DEBUG   [nuroa] 25 avisos vía json-ld
01:53:15 DEBUG   [toppropiedades] 1 avisos vía json-ld
01:53:15 DEBUG   [nuroa] 25 avisos vía json-ld
01:53:16 INFO      nuroa: 100 avisos en 8s
01:53:16 INFO    Barriendo Mitula (mitula)…
01:53:17 DEBUG   [toppropiedades] 1 avisos vía json-ld
01:53:18 DEBUG   [mitula] 30 avisos vía json-ld
01:53:19 DEBUG   [toppropiedades] 1 avisos vía json-ld
01:53:19 DEBUG   La red no quedó en silencio en https://www.toctoc.com/arriendo/departamento/metropolitana/vitacura/3-dormitorios?pagina=3; se lee igual
01:53:20 DEBUG   [mitula] 30 avisos vía json-ld
01:53:20 INFO      mitula: 60 avisos en 4s
01:53:20 INFO    Barriendo Houm (houm)…
01:53:20 DEBUG   [toctoc] 20 avisos vía json-ld
01:53:21 DEBUG   [toppropiedades] 1 avisos vía json-ld
01:53:23 DEBUG   [toppropiedades] 1 avisos vía json-ld
01:53:23 INFO      toppropiedades: 8 avisos en 17s
01:53:23 INFO    Barriendo Hey! Homes (heyhomes)…
01:53:25 DEBUG   [heyhomes] 9 avisos vía tarjetas
01:53:25 INFO      heyhomes: 9 avisos en 3s
01:53:25 INFO    Barriendo Engel & Völkers (engelvoelkers)…
01:53:27 DEBUG   La red no quedó en silencio en https://houm.com/cl/arriendo-departamentos-region-metropolitana/vitacura/3-dormitorios; se lee igual
01:53:28 DEBUG   [houm] 28 avisos vía json-ld
01:53:30 DEBUG   La red no quedó en silencio en https://www.toctoc.com/arriendo/departamento/metropolitana/vitacura/4-dormitorios; se lee igual
01:53:31 DEBUG   [toctoc] 20 avisos vía json-ld
01:53:34 DEBUG   [engelvoelkers] 16 avisos vía tarjetas
01:53:34 INFO      engelvoelkers: 16 avisos en 9s
01:53:34 INFO    Barriendo RE/MAX Chile (remax)…
01:53:39 DEBUG   La red no quedó en silencio en https://houm.com/cl/arriendo-departamento-región-metropolitana/las-condes/170742; se lee igual
01:53:39 DEBUG   [houm] 1 avisos vía estado-embebido
01:53:40 DEBUG   [toctoc] 15 avisos vía json-ld
01:53:43 INFO      remax: 0 avisos en 9s
01:53:43 INFO    Barriendo Fuenzalida Propiedades (fuenzalida)…
01:53:46 DEBUG   [fuenzalida] 16 avisos vía tarjetas
01:53:49 DEBUG   [fuenzalida] 20 avisos vía tarjetas
01:53:50 DEBUG   La red no quedó en silencio en https://www.toctoc.com/arriendo/departamento/metropolitana/vitacura/4-dormitorios?pagina=3; se lee igual
01:53:50 DEBUG   La red no quedó en silencio en https://houm.com/cl/arriendo-departamento-región-metropolitana/lo-barnechea/74201; se lee igual
01:53:51 DEBUG   [houm] 1 avisos vía estado-embebido
01:53:51 DEBUG   [toctoc] 20 avisos vía json-ld
01:53:51 INFO      toctoc: 115 avisos en 55s
01:53:51 INFO    Barriendo Century 21 Chile (century21)…
01:53:52 INFO      century21: 0 avisos en 2s
01:53:52 INFO    Barriendo Property Partners (propertypartners)…
01:53:53 DEBUG   [fuenzalida] 20 avisos vía tarjetas
01:53:53 INFO      fuenzalida: 56 avisos en 10s
01:53:53 INFO    Barriendo Acceso Inmobiliario (accesoinmobiliario)…
01:53:53 DEBUG   [propertypartners] 1 avisos vía tarjetas
01:53:53 INFO      propertypartners: 1 avisos en 1s
01:53:53 INFO    Barriendo Magnolia Property (magnoliaproperty)…
01:53:54 DEBUG   [magnoliaproperty] 6 avisos vía tarjetas
01:53:54 INFO      magnoliaproperty: 6 avisos en 1s
01:53:54 INFO    Barriendo Portilla Propiedades (portillapropiedades)…
01:53:54 DEBUG   [goplaceit] 30 avisos vía json-ld
01:53:54 DEBUG   [portillapropiedades] 2 avisos vía tarjetas
01:53:54 INFO      portillapropiedades: 2 avisos en 1s
01:53:54 INFO    Barriendo Nativo Propiedades (nativopropiedades)…
01:53:55 DEBUG   [nativopropiedades] 10 avisos vía tarjetas
01:53:55 INFO      nativopropiedades: 10 avisos en 1s
01:53:55 INFO    Barriendo Enlace Inmobiliario (enlaceinmobiliario)…
01:53:55 WARNING https://www.enlaceinmobiliario.cl/ respondió 403
01:53:55 INFO    [enlaceinmobiliario] https://www.enlaceinmobiliario.cl/ rebotó al GET; se reintenta con navegador
01:53:56 DEBUG   [accesoinmobiliario] 16 avisos vía tarjetas
01:53:58 DEBUG   La red no quedó en silencio en https://houm.com/cl/arriendo-departamento-región-metropolitana/recoleta/179872; se lee igual
01:53:58 DEBUG   [houm] 1 avisos vía estado-embebido
01:54:02 DEBUG   [accesoinmobiliario] 1 avisos vía tarjetas
01:54:05 DEBUG   La red no quedó en silencio en https://www.enlaceinmobiliario.cl/; se lee igual
01:54:05 INFO      enlaceinmobiliario: 0 avisos en 10s
01:54:05 INFO    Barriendo Rentas.cl (rentas_cl)…
01:54:07 DEBUG   [rentas_cl] 1 avisos vía json-ld
01:54:07 INFO      rentas_cl: 1 avisos en 2s
01:54:07 INFO    Barriendo Arriendos.cl (arriendos_cl)…
01:54:08 INFO      arriendos_cl: 0 avisos en 1s
01:54:08 INFO    Barriendo Propiedades.cl (propiedades_cl)…
01:54:09 DEBUG   [propiedades_cl] 6 avisos vía tarjetas
01:54:09 INFO      propiedades_cl: 6 avisos en 1s
01:54:09 INFO    Barriendo Clasificados.cl (clasificados_cl)…
01:54:09 DEBUG   La red no quedó en silencio en https://houm.com/cl/arriendo-departamento-región-metropolitana/recoleta/178185; se lee igual
01:54:09 DEBUG   [houm] 1 avisos vía estado-embebido
01:54:11 DEBUG   [accesoinmobiliario] 1 avisos vía tarjetas
01:54:12 DEBUG   [clasificados_cl] 1 avisos vía tarjetas
01:54:12 INFO      clasificados_cl: 1 avisos en 3s
01:54:15 DEBUG   [accesoinmobiliario] 1 avisos vía tarjetas
01:54:18 DEBUG   La red no quedó en silencio en https://houm.com/cl/arriendo-departamento-región-metropolitana/recoleta/176207; se lee igual
01:54:18 DEBUG   [houm] 1 avisos vía estado-embebido
01:54:26 DEBUG   [accesoinmobiliario] 1 avisos vía tarjetas
01:54:27 DEBUG   La red no quedó en silencio en https://houm.com/cl/arriendo-departamento-región-metropolitana/las-condes/177842; se lee igual
01:54:27 DEBUG   [houm] 1 avisos vía estado-embebido
01:54:34 DEBUG   [goplaceit] 30 avisos vía json-ld
01:54:36 DEBUG   La red no quedó en silencio en https://houm.com/cl/arriendo-departamento-región-metropolitana/recoleta/176958; se lee igual
01:54:37 DEBUG   [houm] 1 avisos vía estado-embebido
01:54:42 DEBUG   [accesoinmobiliario] 1 avisos vía tarjetas
01:54:42 INFO      accesoinmobiliario: 21 avisos en 49s
01:54:46 DEBUG   La red no quedó en silencio en https://houm.com/cl/arriendo-departamento-región-metropolitana/recoleta/90462; se lee igual
01:54:46 DEBUG   [houm] 1 avisos vía estado-embebido
01:54:46 INFO      houm: 36 avisos en 86s
01:55:02 INFO      goplaceit: 90 avisos en 127s
01:55:02 INFO    Total crudo: 669 avisos
01:55:03 INFO    Después de deduplicar: 483
01:55:03 DEBUG   Libreta: santa berta 2977 se construyó en 2025 (accesoinmobiliario)
01:55:03 INFO    Pasaron los filtros: 51
01:55:34 DEBUG   [doomos] 18 avisos vía tarjetas
01:55:34 DEBUG   Ficha de YVT22 sin candidato propio; no se fusiona
01:55:35 DEBUG   Ficha de HW5MX sin candidato propio; no se fusiona
01:55:51 DEBUG   [doomos] 27 avisos vía tarjetas
01:55:51 DEBUG   Ficha de U44VT sin candidato propio; no se fusiona
01:56:11 WARNING Error en https://www.doomos.cl/de/1379469_vitacura-depto-amoblado-3-dorm-2-banos-ser-y-estar.html (intento 1/3): HTTPSConnectionPool(host='www.doomos.cl', port=443): Read timed out. (read timeout=20)
01:56:21 DEBUG   [doomos] 27 avisos vía tarjetas
01:56:21 DEBUG   Ficha de KNAE9 sin candidato propio; no se fusiona
01:56:31 DEBUG   [doomos] 27 avisos vía tarjetas
01:56:31 DEBUG   Ficha de PR3QK sin candidato propio; no se fusiona
01:56:51 WARNING Error en https://www.doomos.cl/de/3060819_arriendo-departamento-2hab-2ba-vitacura.html (intento 1/3): HTTPSConnectionPool(host='www.doomos.cl', port=443): Read timed out. (read timeout=20)
01:57:04 DEBUG   [doomos] 27 avisos vía tarjetas
01:57:04 DEBUG   Ficha de 2HWEW sin candidato propio; no se fusiona
01:57:24 WARNING Error en https://www.doomos.cl/de/2168989_estupendo-depto-excelente-ubicacion-vitacura.html (intento 1/3): HTTPSConnectionPool(host='www.doomos.cl', port=443): Read timed out. (read timeout=20)
01:57:46 WARNING Error en https://www.doomos.cl/de/2168989_estupendo-depto-excelente-ubicacion-vitacura.html (intento 2/3): HTTPSConnectionPool(host='www.doomos.cl', port=443): Read timed out. (read timeout=20)
01:58:08 DEBUG   [doomos] 27 avisos vía tarjetas
01:58:08 DEBUG   Ficha de ZWNAN sin candidato propio; no se fusiona
01:58:12 DEBUG   [toctoc] 1 avisos vía estado-embebido
01:58:13 DEBUG   [busconido] 10 avisos vía tarjetas
01:58:13 DEBUG   Ficha de AX2GP sin candidato propio; no se fusiona
01:58:14 DEBUG   [busconido] 11 avisos vía tarjetas
01:58:14 DEBUG   Ficha de D9VJG sin candidato propio; no se fusiona
01:58:34 WARNING Error en https://www.doomos.cl/de/3070749_arriendo-departamento-3hab-3ba-vitacura.html (intento 1/3): HTTPSConnectionPool(host='www.doomos.cl', port=443): Read timed out. (read timeout=20)
01:58:49 DEBUG   [doomos] 27 avisos vía tarjetas
01:58:49 DEBUG   Ficha de FQ6XQ sin candidato propio; no se fusiona
01:58:50 DEBUG   [busconido] 10 avisos vía tarjetas
01:58:50 DEBUG   Ficha de AKRWX sin candidato propio; no se fusiona
01:58:52 DEBUG   [busconido] 10 avisos vía tarjetas
01:58:52 DEBUG   Ficha de KWJ7Y sin candidato propio; no se fusiona
01:58:55 INFO    Enriquecido y descartado: YAVJA (arriendo de $3.517.371 sobre el máximo negociable de $1.904.000)
01:59:03 INFO    Enriquecido y descartado: CC2AY (arriendo de $2.032.258 sobre el máximo negociable de $1.904.000)
01:59:07 INFO    Enriquecido y descartado: 7DKB3 (arriendo de $2.266.750 sobre el máximo negociable de $1.904.000)
01:59:08 DEBUG   [busconido] 11 avisos vía tarjetas
01:59:08 DEBUG   Ficha de 56YFN sin candidato propio; no se fusiona
01:59:18 DEBUG   [doomos] 18 avisos vía tarjetas
01:59:18 DEBUG   Ficha de J5JN4 sin candidato propio; no se fusiona
01:59:22 DEBUG   [toctoc] 1 avisos vía estado-embebido
01:59:29 DEBUG   [engelvoelkers] 1 avisos vía json-ld
01:59:36 DEBUG   [doomos] 27 avisos vía tarjetas
01:59:36 DEBUG   Ficha de P8XMT sin candidato propio; no se fusiona
01:59:40 DEBUG   [toctoc] 1 avisos vía estado-embebido
01:59:44 DEBUG   [toctoc] 1 avisos vía estado-embebido
01:59:51 DEBUG   [toctoc] 1 avisos vía estado-embebido
01:59:51 WARNING robots.txt no permite https://www.nuroa.cl/adform/10342-912-b45c-1a0ce6e-984c-ada286d9a1f6-77e4?click_type=0&pos=2&searchType=2&page=2&section=1&t_sec=1&sectionType=1&pageViewId=1687375a-49d2-428b-bc3c-2649e6f8d8fc&t_pvid=1687375a-49d2-428b-bc3c-2649e6f8d8fc&userAgent=Mozilla%2F5.0+%28compatible%3B+radar-arriendos%2F1.0%3B+uso+personal%2C+busqueda+de+arriendo%3B+%2Bhttps%3A%2F%2Fgithub.com%2Falfonsoandona%2Farriendos-vitacura%29&browser=1&isHuman=true&userIp=172.178.117.210&what=vitacura+departamento&search_terms=vitacura+departamento&origin=1&t_or=1&splitTestId=0 — se omite
01:59:55 DEBUG   [toctoc] 1 avisos vía estado-embebido
02:00:18 INFO    Enriquecido y descartado: 75BRH (arriendo de $2.149.504 sobre el máximo negociable de $1.904.000)
02:00:22 INFO    Enriquecido y descartado: 75BRH (arriendo de $1.954.095 sobre el máximo negociable de $1.904.000)
02:00:37 DEBUG   [toctoc] 1 avisos vía estado-embebido
02:00:41 WARNING robots.txt no permite https://www.nuroa.cl/adform/10342-912-3e9b-1a0e30e-bd4c-4f30fb45531b-7a22?click_type=0&pos=10&searchType=1&page=1&section=1&t_sec=1&sectionType=1&pageViewId=089caab7-2bdf-4a57-b667-f9fe03a47d85&t_pvid=089caab7-2bdf-4a57-b667-f9fe03a47d85&userAgent=Mozilla%2F5.0+%28compatible%3B+radar-arriendos%2F1.0%3B+uso+personal%2C+busqueda+de+arriendo%3B+%2Bhttps%3A%2F%2Fgithub.com%2Falfonsoandona%2Farriendos-vitacura%29&browser=1&isHuman=true&userIp=172.178.117.210&what=vitacura+departamento&search_terms=vitacura+departamento&origin=1&t_or=1&splitTestId=0 — se omite
02:00:41 WARNING robots.txt no permite https://www.nuroa.cl/adform/10342-912-e7f8-1a0a016-97e0-4460cb69457-7a3c?click_type=0&pos=16&searchType=1&page=3&section=1&t_sec=1&sectionType=1&pageViewId=3f9d0964-356a-4564-b19f-8f216d6770cd&t_pvid=3f9d0964-356a-4564-b19f-8f216d6770cd&userAgent=Mozilla%2F5.0+%28compatible%3B+radar-arriendos%2F1.0%3B+uso+personal%2C+busqueda+de+arriendo%3B+%2Bhttps%3A%2F%2Fgithub.com%2Falfonsoandona%2Farriendos-vitacura%29&browser=1&isHuman=true&userIp=172.178.117.210&what=vitacura+departamento&search_terms=vitacura+departamento&origin=1&t_or=1&splitTestId=0 — se omite
02:00:41 DEBUG   [bienesonline] 2 avisos vía json-ld
02:00:45 DEBUG   [toctoc] 1 avisos vía estado-embebido
02:00:49 INFO    Enriquecido y descartado: 75BRH (arriendo de $4.299.009 sobre el máximo negociable de $1.904.000)
02:00:53 INFO    Fichas leídas: 51 — 0 ganaron el año, 0 la dirección; 6 se descartaron al verlas (0 por viejos)
02:00:53 INFO    Listo: 0 avisados de 45 candidatos
