19:41:10 INFO    UF = $40.875.09 (API del día)
19:41:10 INFO    Barriendo TocToc (toctoc)…
19:41:10 INFO    Barriendo Chilepropiedades (chilepropiedades)…
19:41:10 INFO    Barriendo GoPlaceIt (goplaceit)…
19:41:10 INFO    Barriendo Yapo (yapo)…
19:41:11 DEBUG   [chilepropiedades] 10 avisos vía tarjetas
19:41:13 DEBUG   [chilepropiedades] 10 avisos vía tarjetas
19:41:13 DEBUG   [yapo] 30 avisos vía tarjetas
19:41:15 DEBUG   [yapo] 30 avisos vía tarjetas
19:41:15 DEBUG   [chilepropiedades] 10 avisos vía tarjetas
19:41:15 INFO      chilepropiedades: 30 avisos en 5s
19:41:15 INFO    Barriendo BuscoNido (busconido)…
19:41:16 DEBUG   [busconido] 23 avisos vía tarjetas
19:41:16 INFO      busconido: 23 avisos en 1s
19:41:16 INFO    Barriendo BienesOnline (bienesonline)…
19:41:16 DEBUG   [goplaceit] 30 avisos vía json-ld
19:41:17 DEBUG   [yapo] 30 avisos vía tarjetas
19:41:18 INFO      yapo: 90 avisos en 7s
19:41:18 INFO    Barriendo Economicos (El Mercurio) (economicos)…
19:41:18 DEBUG   [bienesonline] 18 avisos vía tarjetas
19:41:18 INFO      bienesonline: 18 avisos en 2s
19:41:18 INFO    Barriendo iCasas (icasas)…
19:41:18 WARNING https://www.economicos.cl/search/propiedades/vitacura/arriendo/departamento/0 respondió 403
19:41:18 INFO    [economicos] https://www.economicos.cl/search/propiedades/vitacura/arriendo/departamento/0 rebotó al GET; se reintenta con navegador
19:41:19 DEBUG   [icasas] 15 avisos vía tarjetas
19:41:19 DEBUG   La red no quedó en silencio en https://www.toctoc.com/arriendo/departamento/metropolitana/vitacura/3-dormitorios; se lee igual
19:41:20 DEBUG   [toctoc] 20 avisos vía json-ld
19:41:21 DEBUG   [icasas] 15 avisos vía tarjetas
19:41:21 INFO      icasas: 30 avisos en 3s
19:41:21 INFO    Barriendo Doomos (doomos)…
19:41:21 INFO      economicos: 0 avisos en 3s
19:41:21 INFO    Barriendo Top Propiedades (toppropiedades)…
19:41:24 DEBUG   [doomos] 31 avisos vía tarjetas
19:41:24 INFO      doomos: 31 avisos en 3s
19:41:24 INFO    Barriendo Nuroa (nuroa)…
19:41:24 DEBUG   [toppropiedades] 1 avisos vía json-ld
19:41:25 DEBUG   Encoding detection: ascii is most likely the one.
19:41:26 DEBUG   [nuroa] 25 avisos vía json-ld
19:41:26 DEBUG   [toppropiedades] 1 avisos vía json-ld
19:41:28 DEBUG   La red no quedó en silencio en https://www.toctoc.com/arriendo/departamento/metropolitana/vitacura/3-dormitorios?pagina=2; se lee igual
19:41:28 DEBUG   [nuroa] 25 avisos vía json-ld
19:41:28 DEBUG   [toppropiedades] 1 avisos vía json-ld
19:41:29 DEBUG   [toctoc] 20 avisos vía json-ld
19:41:30 DEBUG   [nuroa] 25 avisos vía json-ld
19:41:30 DEBUG   [toppropiedades] 1 avisos vía json-ld
19:41:32 DEBUG   [nuroa] 25 avisos vía json-ld
19:41:32 INFO      nuroa: 100 avisos en 8s
19:41:32 INFO    Barriendo Mitula (mitula)…
19:41:32 DEBUG   [toppropiedades] 1 avisos vía json-ld
19:41:33 WARNING https://casas.mitula.cl/casas/arriendo-departamentos-vitacura respondió 401
19:41:33 INFO    [mitula] https://casas.mitula.cl/casas/arriendo-departamentos-vitacura rebotó al GET; se reintenta con navegador
19:41:34 DEBUG   [toppropiedades] 1 avisos vía json-ld
19:41:36 DEBUG   La red no quedó en silencio en https://www.toctoc.com/arriendo/departamento/metropolitana/vitacura/3-dormitorios?pagina=3; se lee igual
19:41:36 DEBUG   [toctoc] 20 avisos vía json-ld
19:41:36 DEBUG   [toppropiedades] 1 avisos vía json-ld
19:41:37 INFO      mitula: 0 avisos en 5s
19:41:37 INFO    Barriendo Houm (houm)…
19:41:38 DEBUG   [toppropiedades] 1 avisos vía json-ld
19:41:38 INFO      toppropiedades: 8 avisos en 18s
19:41:38 INFO    Barriendo Hey! Homes (heyhomes)…
19:41:42 DEBUG   [heyhomes] 9 avisos vía tarjetas
19:41:42 INFO      heyhomes: 9 avisos en 3s
19:41:42 INFO    Barriendo Engel & Völkers (engelvoelkers)…
19:41:44 DEBUG   La red no quedó en silencio en https://www.toctoc.com/arriendo/departamento/metropolitana/vitacura/4-dormitorios; se lee igual
19:41:45 DEBUG   [toctoc] 48 avisos vía json-ld
19:41:48 DEBUG   La red no quedó en silencio en https://houm.com/cl/arriendo-departamentos-region-metropolitana/vitacura/3-dormitorios; se lee igual
19:41:48 DEBUG   [houm] 28 avisos vía json-ld
19:41:52 DEBUG   [engelvoelkers] 14 avisos vía tarjetas
19:41:52 INFO      engelvoelkers: 14 avisos en 10s
19:41:52 INFO    Barriendo RE/MAX Chile (remax)…
19:41:58 DEBUG   [toctoc] 20 avisos vía json-ld
19:41:59 DEBUG   La red no quedó en silencio en https://houm.com/cl/arriendo-departamento-región-metropolitana/las-condes/170742; se lee igual
19:41:59 DEBUG   [houm] 1 avisos vía estado-embebido
19:42:01 DEBUG   [goplaceit] 30 avisos vía json-ld
19:42:06 DEBUG   [toctoc] 8 avisos vía json-ld
19:42:07 INFO      toctoc: 136 avisos en 56s
19:42:07 INFO    Barriendo Fuenzalida Propiedades (fuenzalida)…
19:42:07 DEBUG   La red no quedó en silencio en https://www.remax.cl/es-cl/busqueda/metropolitana-de-santiago/santiago/vitacura/residencial-departamento/arriendo/; se lee igual
19:42:08 DEBUG   [remax] 4 avisos vía tarjetas
19:42:10 DEBUG   [fuenzalida] 16 avisos vía tarjetas
19:42:12 DEBUG   [fuenzalida] 20 avisos vía tarjetas
19:42:14 DEBUG   La red no quedó en silencio en https://houm.com/cl/arriendo-departamento-región-metropolitana/las-condes/175757; se lee igual
19:42:14 DEBUG   [houm] 1 avisos vía estado-embebido
19:42:15 DEBUG   [fuenzalida] 20 avisos vía tarjetas
19:42:15 INFO      fuenzalida: 56 avisos en 9s
19:42:15 INFO    Barriendo Century 21 Chile (century21)…
19:42:17 INFO      century21: 0 avisos en 2s
19:42:17 INFO    Barriendo Property Partners (propertypartners)…
19:42:17 DEBUG   [propertypartners] 1 avisos vía tarjetas
19:42:17 INFO      propertypartners: 1 avisos en 0s
19:42:17 INFO    Barriendo Acceso Inmobiliario (accesoinmobiliario)…
19:42:20 DEBUG   La red no quedó en silencio en https://www.remax.cl/es-cl/busqueda/metropolitana-de-santiago/santiago/vitacura/residencial-departamento/arriendo/?page=2; se lee igual
19:42:20 INFO      remax: 4 avisos en 28s
19:42:20 INFO    Barriendo Magnolia Property (magnoliaproperty)…
19:42:21 DEBUG   [magnoliaproperty] 7 avisos vía tarjetas
19:42:21 INFO      magnoliaproperty: 7 avisos en 1s
19:42:21 INFO    Barriendo Portilla Propiedades (portillapropiedades)…
19:42:21 DEBUG   [portillapropiedades] 2 avisos vía tarjetas
19:42:21 INFO      portillapropiedades: 2 avisos en 1s
19:42:21 INFO    Barriendo Nativo Propiedades (nativopropiedades)…
19:42:22 DEBUG   [nativopropiedades] 7 avisos vía tarjetas
19:42:22 INFO      nativopropiedades: 7 avisos en 1s
19:42:22 INFO    Barriendo Enlace Inmobiliario (enlaceinmobiliario)…
19:42:22 WARNING https://www.enlaceinmobiliario.cl/ respondió 403
19:42:22 INFO    [enlaceinmobiliario] https://www.enlaceinmobiliario.cl/ rebotó al GET; se reintenta con navegador
19:42:23 DEBUG   [accesoinmobiliario] 15 avisos vía tarjetas
19:42:25 DEBUG   La red no quedó en silencio en https://houm.com/cl/arriendo-departamento-región-metropolitana/ñuñoa/176912; se lee igual
19:42:25 DEBUG   [houm] 1 avisos vía estado-embebido
19:42:30 INFO      enlaceinmobiliario: 0 avisos en 8s
19:42:30 INFO    Barriendo Rentas.cl (rentas_cl)…
19:42:32 DEBUG   [rentas_cl] 1 avisos vía json-ld
19:42:32 INFO      rentas_cl: 1 avisos en 2s
19:42:32 INFO    Barriendo Arriendos.cl (arriendos_cl)…
19:42:33 INFO      arriendos_cl: 0 avisos en 1s
19:42:33 INFO    Barriendo Propiedades.cl (propiedades_cl)…
19:42:34 DEBUG   [propiedades_cl] 6 avisos vía tarjetas
19:42:34 INFO      propiedades_cl: 6 avisos en 1s
19:42:34 INFO    Barriendo Clasificados.cl (clasificados_cl)…
19:42:36 DEBUG   [clasificados_cl] 1 avisos vía tarjetas
19:42:36 INFO      clasificados_cl: 1 avisos en 3s
19:42:37 DEBUG   [accesoinmobiliario] 1 avisos vía tarjetas
19:42:37 DEBUG   La red no quedó en silencio en https://houm.com/cl/arriendo-departamento-región-metropolitana/ñuñoa/174379; se lee igual
19:42:37 DEBUG   [houm] 1 avisos vía estado-embebido
19:42:40 DEBUG   [accesoinmobiliario] 1 avisos vía tarjetas
19:42:47 DEBUG   La red no quedó en silencio en https://houm.com/cl/arriendo-departamento-región-metropolitana/recoleta/178185; se lee igual
19:42:47 DEBUG   [houm] 1 avisos vía estado-embebido
19:42:51 DEBUG   [goplaceit] 30 avisos vía json-ld
19:42:51 DEBUG   [accesoinmobiliario] 1 avisos vía tarjetas
19:42:58 DEBUG   La red no quedó en silencio en https://houm.com/cl/arriendo-departamento-región-metropolitana/las-condes/177842; se lee igual
19:42:58 DEBUG   [houm] 1 avisos vía estado-embebido
19:42:59 DEBUG   [accesoinmobiliario] 1 avisos vía tarjetas
19:42:59 INFO      accesoinmobiliario: 19 avisos en 42s
19:43:06 DEBUG   La red no quedó en silencio en https://houm.com/cl/arriendo-departamento-región-metropolitana/recoleta/176958; se lee igual
19:43:06 DEBUG   [houm] 1 avisos vía estado-embebido
19:43:14 DEBUG   La red no quedó en silencio en https://houm.com/cl/arriendo-departamento-región-metropolitana/recoleta/90462; se lee igual
19:43:14 DEBUG   [houm] 1 avisos vía estado-embebido
19:43:14 INFO      houm: 36 avisos en 97s
19:43:19 INFO      goplaceit: 90 avisos en 128s
19:43:19 INFO    Total crudo: 719 avisos
19:43:19 INFO    Después de deduplicar: 388
19:43:19 INFO    Libreta: 1 entradas de un extractor viejo se olvidan
19:43:19 DEBUG   Libreta: n de la casa 1973 se construyó en 2016 (accesoinmobiliario)
19:43:19 INFO    Pasaron los filtros: 58
19:43:53 DEBUG   [doomos] 18 avisos vía tarjetas
19:43:53 DEBUG   Ficha de YVT22 sin candidato propio; no se fusiona
19:43:55 DEBUG   Ficha de HW5MX sin candidato propio; no se fusiona
19:43:56 DEBUG   [doomos] 27 avisos vía tarjetas
19:43:56 DEBUG   Ficha de U44VT sin candidato propio; no se fusiona
19:43:58 DEBUG   [doomos] 27 avisos vía tarjetas
19:43:58 DEBUG   Ficha de 2HWEW sin candidato propio; no se fusiona
19:44:01 DEBUG   [doomos] 27 avisos vía tarjetas
19:44:01 DEBUG   Ficha de ZWNAN sin candidato propio; no se fusiona
19:44:07 DEBUG   Pin del mapa para 6XS87: -33.39999, -70.58619
19:44:07 DEBUG   [toctoc] 1 avisos vía estado-embebido
19:44:07 INFO    Enriquecido y descartado: C6984 (arriendo de $3.883.008 sobre el máximo negociable de $1.904.000)
19:44:12 DEBUG   Pin del mapa para JBGCJ: -33.39289, -70.55517
19:44:12 DEBUG   [toctoc] 1 avisos vía estado-embebido
19:44:12 INFO    Enriquecido y descartado: QGAQW (arriendo de $2.200.000 sobre el máximo negociable de $1.904.000)
19:44:17 DEBUG   Pin del mapa para RSJ4J: -33.37644, -70.54469
19:44:17 DEBUG   [toctoc] 1 avisos vía estado-embebido
19:44:17 INFO    Enriquecido y descartado: HN6TF (arriendo de $2.248.057 sobre el máximo negociable de $1.904.000)
19:44:17 DEBUG   [yapo] 1 avisos vía json-ld
19:44:24 DEBUG   La red no quedó en silencio en https://www.toctoc.com/arriendo/departamento/metropolitana/vitacura/b_b2d0571b1f5c4a6770515b2000a90d8fb56b731e; se lee igual
19:44:25 DEBUG   [toctoc] 1 avisos vía estado-embebido
19:44:30 DEBUG   [toctoc] 1 avisos vía estado-embebido
19:44:30 DEBUG   [busconido] 10 avisos vía tarjetas
19:44:30 DEBUG   Ficha de XFEWE sin candidato propio; no se fusiona
19:44:32 DEBUG   [busconido] 11 avisos vía tarjetas
19:44:32 DEBUG   Ficha de 5QYB8 sin candidato propio; no se fusiona
19:44:34 DEBUG   [busconido] 10 avisos vía tarjetas
19:44:34 DEBUG   Ficha de B6374 sin candidato propio; no se fusiona
19:44:36 DEBUG   [busconido] 11 avisos vía tarjetas
19:44:36 DEBUG   Ficha de X84C9 sin candidato propio; no se fusiona
19:44:42 DEBUG   [toctoc] 1 avisos vía estado-embebido
19:44:42 INFO    Enriquecido y descartado: E366M (arriendo de $2.000.000 sobre el máximo negociable de $1.904.000)
19:44:46 DEBUG   [toctoc] 1 avisos vía estado-embebido
19:44:46 INFO    Enriquecido y descartado: E366M (arriendo de $2.400.000 sobre el máximo negociable de $1.904.000)
19:44:53 DEBUG   Pin del mapa para 2CV94: -33.40143, -70.58206
19:44:53 DEBUG   [toctoc] 1 avisos vía estado-embebido
19:44:53 INFO    Enriquecido y descartado: NBFJR (arriendo de $3.065.533 sobre el máximo negociable de $1.904.000)
19:44:57 DEBUG   Pin del mapa para EZBJT: -33.38398, -70.57917
19:44:57 DEBUG   [toctoc] 1 avisos vía estado-embebido
19:44:57 INFO    Enriquecido y descartado: TW5PD (arriendo de $2.370.679 sobre el máximo negociable de $1.904.000)
19:45:02 DEBUG   Pin del mapa para B75VV: -33.39701, -70.60083
19:45:02 DEBUG   [toctoc] 1 avisos vía estado-embebido
19:45:02 INFO    Enriquecido y descartado: Y6EXK (arriendo de $2.452.426 sobre el máximo negociable de $1.904.000)
19:45:07 DEBUG   [toctoc] 1 avisos vía estado-embebido
19:45:07 INFO    Enriquecido y descartado: T4CNN (arriendo de $2.084.562 sobre el máximo negociable de $1.904.000)
19:45:12 DEBUG   Pin del mapa para XD7F3: -33.39312, -70.57912
19:45:12 DEBUG   [toctoc] 1 avisos vía estado-embebido
19:45:12 INFO    Enriquecido y descartado: X7TC5 (arriendo de $3.678.639 sobre el máximo negociable de $1.904.000)
19:45:17 DEBUG   Pin del mapa para U9ZYC: -33.39732, -70.58448
19:45:17 DEBUG   [toctoc] 1 avisos vía estado-embebido
19:45:17 INFO    Enriquecido y descartado: 3NKR8 (arriendo de $2.250.000 sobre el máximo negociable de $1.904.000)
19:45:22 INFO    Enriquecido y descartado: 7DKB3 (arriendo de $2.266.750 sobre el máximo negociable de $1.904.000)
19:45:22 DEBUG   [busconido] 11 avisos vía tarjetas
19:45:22 DEBUG   Ficha de H6FN7 sin candidato propio; no se fusiona
19:45:24 DEBUG   [doomos] 18 avisos vía tarjetas
19:45:24 DEBUG   Ficha de J5JN4 sin candidato propio; no se fusiona
19:45:24 DEBUG   [chilepropiedades] 2 avisos vía json-ld
19:45:31 DEBUG   [doomos] 27 avisos vía tarjetas
19:45:31 DEBUG   Ficha de P8XMT sin candidato propio; no se fusiona
19:45:35 DEBUG   [engelvoelkers] 1 avisos vía json-ld
19:45:46 DEBUG   [toctoc] 1 avisos vía estado-embebido
19:45:46 DEBUG   [chilepropiedades] 2 avisos vía json-ld
19:45:51 DEBUG   [toctoc] 1 avisos vía estado-embebido
19:45:55 INFO    Enriquecido y descartado: 75BRH (arriendo de $2.931.142 sobre el máximo negociable de $1.904.000)
19:46:02 DEBUG   La red no quedó en silencio en https://www.toctoc.com/arriendo/departamento/metropolitana/vitacura/b_80d89b760414ef5f413f602f2cbc1e3a9b9cf25f; se lee igual
19:46:02 DEBUG   [toctoc] 1 avisos vía estado-embebido
19:46:26 INFO    Enriquecido y descartado: 75BRH (arriendo de $2.149.504 sobre el máximo negociable de $1.904.000)
19:46:34 INFO    Enriquecido y descartado: 75BRH (arriendo de $1.954.095 sobre el máximo negociable de $1.904.000)
19:46:51 DEBUG   [toctoc] 1 avisos vía estado-embebido
19:46:51 INFO    Enriquecido y descartado: Y3JDK (arriendo de $3.678.639 sobre el máximo negociable de $1.904.000)
19:47:00 DEBUG   [toctoc] 1 avisos vía estado-embebido
19:47:00 INFO    Enriquecido y descartado: NRS3G (arriendo de $3.883.008 sobre el máximo negociable de $1.904.000)
19:47:07 DEBUG   [toctoc] 1 avisos vía estado-embebido
19:47:07 INFO    Enriquecido y descartado: WPEBD (arriendo de $2.248.057 sobre el máximo negociable de $1.904.000)
19:47:11 INFO    Enriquecido y descartado: 75BRH (arriendo de $4.299.009 sobre el máximo negociable de $1.904.000)
19:47:16 DEBUG   [toctoc] 1 avisos vía estado-embebido
19:47:16 INFO    Enriquecido y descartado: WPEBD (arriendo de $2.248.057 sobre el máximo negociable de $1.904.000)
19:47:21 DEBUG   [toctoc] 1 avisos vía estado-embebido
19:47:26 DEBUG   [toctoc] 1 avisos vía estado-embebido
19:47:26 INFO    Enriquecido y descartado: E366M (arriendo de $2.248.057 sobre el máximo negociable de $1.904.000)
19:47:30 INFO    Fichas leídas: 58 — 3 ganaron el año, 8 la dirección; 21 se descartaron al verlas (0 por viejos)
19:47:31 INFO    Listo: 0 avisados de 37 candidatos
