17:11:38 INFO    UF = $40.863.23 (API del día)
17:11:38 INFO    Barriendo TocToc (toctoc)…
17:11:38 INFO    Barriendo Chilepropiedades (chilepropiedades)…
17:11:38 INFO    Barriendo GoPlaceIt (goplaceit)…
17:11:38 INFO    Barriendo Yapo (yapo)…
17:11:39 DEBUG   [chilepropiedades] 10 avisos vía tarjetas
17:11:40 DEBUG   [yapo] 30 avisos vía tarjetas
17:11:41 DEBUG   [chilepropiedades] 10 avisos vía tarjetas
17:11:42 DEBUG   [yapo] 30 avisos vía tarjetas
17:11:42 DEBUG   [goplaceit] 30 avisos vía json-ld
17:11:43 DEBUG   [chilepropiedades] 10 avisos vía tarjetas
17:11:43 INFO      chilepropiedades: 30 avisos en 5s
17:11:43 INFO    Barriendo BuscoNido (busconido)…
17:11:44 DEBUG   [busconido] 23 avisos vía tarjetas
17:11:44 INFO      busconido: 23 avisos en 1s
17:11:44 INFO    Barriendo BienesOnline (bienesonline)…
17:11:44 DEBUG   [yapo] 30 avisos vía tarjetas
17:11:44 INFO      yapo: 90 avisos en 6s
17:11:44 INFO    Barriendo Economicos (El Mercurio) (economicos)…
17:11:44 DEBUG   [economicos] 20 avisos vía tarjetas
17:11:44 DEBUG   [bienesonline] 15 avisos vía tarjetas
17:11:44 INFO      bienesonline: 15 avisos en 1s
17:11:44 INFO    Barriendo iCasas (icasas)…
17:11:45 DEBUG   [icasas] 15 avisos vía tarjetas
17:11:46 DEBUG   [economicos] 18 avisos vía tarjetas
17:11:47 DEBUG   [icasas] 15 avisos vía tarjetas
17:11:47 INFO      icasas: 30 avisos en 3s
17:11:47 INFO    Barriendo Doomos (doomos)…
17:11:48 DEBUG   [economicos] 13 avisos vía tarjetas
17:11:48 INFO      economicos: 51 avisos en 4s
17:11:48 INFO    Barriendo Top Propiedades (toppropiedades)…
17:11:49 DEBUG   [doomos] 31 avisos vía tarjetas
17:11:49 INFO      doomos: 31 avisos en 2s
17:11:49 INFO    Barriendo Nuroa (nuroa)…
17:11:50 DEBUG   Encoding detection: ascii is most likely the one.
17:11:51 DEBUG   [nuroa] 25 avisos vía json-ld
17:11:53 DEBUG   [toppropiedades] 1 avisos vía json-ld
17:11:53 DEBUG   [toctoc] 148 avisos vía estado-embebido
17:11:54 DEBUG   [nuroa] 25 avisos vía json-ld
17:11:54 DEBUG   [toppropiedades] 1 avisos vía json-ld
17:11:55 DEBUG   [nuroa] 25 avisos vía json-ld
17:11:56 DEBUG   [toppropiedades] 1 avisos vía json-ld
17:11:57 DEBUG   [nuroa] 25 avisos vía json-ld
17:11:58 INFO      nuroa: 100 avisos en 8s
17:11:58 INFO    Barriendo Mitula (mitula)…
17:11:59 DEBUG   [toppropiedades] 1 avisos vía json-ld
17:11:59 DEBUG   [toctoc] 148 avisos vía estado-embebido
17:12:00 DEBUG   [mitula] 30 avisos vía json-ld
17:12:00 DEBUG   [toppropiedades] 1 avisos vía json-ld
17:12:02 DEBUG   [mitula] 30 avisos vía json-ld
17:12:02 INFO      mitula: 60 avisos en 4s
17:12:02 INFO    Barriendo Houm (houm)…
17:12:02 DEBUG   [toppropiedades] 1 avisos vía json-ld
17:12:04 DEBUG   [toppropiedades] 1 avisos vía json-ld
17:12:06 DEBUG   [toppropiedades] 1 avisos vía json-ld
17:12:06 INFO      toppropiedades: 8 avisos en 18s
17:12:06 INFO    Barriendo Hey! Homes (heyhomes)…
17:12:09 DEBUG   [toctoc] 148 avisos vía estado-embebido
17:12:09 DEBUG   [heyhomes] 9 avisos vía tarjetas
17:12:09 INFO      heyhomes: 9 avisos en 3s
17:12:09 INFO    Barriendo AssetPlan (assetplan)…
17:12:13 DEBUG   La red no quedó en silencio en https://houm.com/cl/arriendo-departamentos-region-metropolitana/vitacura/3-dormitorios; se lee igual
17:12:13 DEBUG   [houm] 28 avisos vía json-ld
17:12:18 DEBUG   [toctoc] 53 avisos vía json-ld
17:12:21 DEBUG   [goplaceit] 30 avisos vía json-ld
17:12:22 INFO      assetplan: 0 avisos en 13s
17:12:22 INFO    Barriendo Engel & Völkers (engelvoelkers)…
17:12:28 DEBUG   La red no quedó en silencio en https://houm.com/cl/arriendo-departamento-región-metropolitana/las-condes/170742; se lee igual
17:12:29 DEBUG   [houm] 1 avisos vía estado-embebido
17:12:31 DEBUG   [toctoc] 106 avisos vía estado-embebido
17:12:36 DEBUG   [engelvoelkers] 17 avisos vía tarjetas
17:12:37 INFO      engelvoelkers: 17 avisos en 14s
17:12:37 INFO    Barriendo RE/MAX Chile (remax)…
17:12:40 DEBUG   La red no quedó en silencio en https://houm.com/cl/arriendo-departamento-región-metropolitana/las-condes/175757; se lee igual
17:12:40 DEBUG   [houm] 1 avisos vía estado-embebido
17:12:47 DEBUG   [toctoc] 106 avisos vía estado-embebido
17:12:47 INFO      toctoc: 709 avisos en 69s
17:12:47 INFO    Barriendo Fuenzalida Propiedades (fuenzalida)…
17:12:48 INFO      remax: 0 avisos en 12s
17:12:48 INFO    Barriendo Century 21 Chile (century21)…
17:12:50 INFO      century21: 0 avisos en 2s
17:12:50 INFO    Barriendo Property Partners (propertypartners)…
17:12:50 DEBUG   [fuenzalida] 12 avisos vía tarjetas
17:12:50 DEBUG   [propertypartners] 1 avisos vía tarjetas
17:12:50 INFO      propertypartners: 1 avisos en 0s
17:12:50 INFO    Barriendo Acceso Inmobiliario (accesoinmobiliario)…
17:12:53 DEBUG   [fuenzalida] 20 avisos vía tarjetas
17:12:53 DEBUG   La red no quedó en silencio en https://houm.com/cl/arriendo-departamento-región-metropolitana/ñuñoa/176912; se lee igual
17:12:53 DEBUG   [houm] 1 avisos vía estado-embebido
17:12:54 DEBUG   [accesoinmobiliario] 13 avisos vía tarjetas
17:12:55 DEBUG   [fuenzalida] 20 avisos vía tarjetas
17:12:55 INFO      fuenzalida: 52 avisos en 8s
17:12:55 INFO    Barriendo Magnolia Property (magnoliaproperty)…
17:12:57 DEBUG   [magnoliaproperty] 6 avisos vía tarjetas
17:12:57 INFO      magnoliaproperty: 6 avisos en 1s
17:12:57 INFO    Barriendo Portilla Propiedades (portillapropiedades)…
17:12:57 DEBUG   [portillapropiedades] 2 avisos vía tarjetas
17:12:57 INFO      portillapropiedades: 2 avisos en 1s
17:12:57 INFO    Barriendo Nativo Propiedades (nativopropiedades)…
17:12:58 DEBUG   [nativopropiedades] 7 avisos vía tarjetas
17:12:58 INFO      nativopropiedades: 7 avisos en 1s
17:12:58 INFO    Barriendo Enlace Inmobiliario (enlaceinmobiliario)…
17:12:58 WARNING https://www.enlaceinmobiliario.cl/ respondió 403
17:12:58 INFO    [enlaceinmobiliario] https://www.enlaceinmobiliario.cl/ rebotó al GET; se reintenta con navegador
17:13:00 DEBUG   [accesoinmobiliario] 1 avisos vía tarjetas
17:13:01 DEBUG   La red no quedó en silencio en https://houm.com/cl/arriendo-departamento-región-metropolitana/ñuñoa/174379; se lee igual
17:13:02 DEBUG   [houm] 1 avisos vía estado-embebido
17:13:04 INFO      enlaceinmobiliario: 0 avisos en 6s
17:13:04 INFO    Barriendo Rentas.cl (rentas_cl)…
17:13:06 DEBUG   [rentas_cl] 1 avisos vía json-ld
17:13:06 INFO      rentas_cl: 1 avisos en 2s
17:13:06 INFO    Barriendo Arriendos.cl (arriendos_cl)…
17:13:07 DEBUG   [accesoinmobiliario] 1 avisos vía tarjetas
17:13:07 INFO      arriendos_cl: 0 avisos en 1s
17:13:07 INFO    Barriendo Propiedades.cl (propiedades_cl)…
17:13:08 DEBUG   [propiedades_cl] 6 avisos vía tarjetas
17:13:08 INFO      propiedades_cl: 6 avisos en 1s
17:13:08 INFO    Barriendo Clasificados.cl (clasificados_cl)…
17:13:09 INFO      clasificados_cl: 0 avisos en 1s
17:13:12 DEBUG   La red no quedó en silencio en https://houm.com/cl/arriendo-departamento-región-metropolitana/recoleta/176958; se lee igual
17:13:12 DEBUG   [houm] 1 avisos vía estado-embebido
17:13:15 DEBUG   [goplaceit] 30 avisos vía json-ld
17:13:20 DEBUG   La red no quedó en silencio en https://houm.com/cl/arriendo-departamento-región-metropolitana/recoleta/90462; se lee igual
17:13:21 DEBUG   [houm] 1 avisos vía estado-embebido
17:13:22 INFO      accesoinmobiliario: 15 avisos en 32s
17:13:29 DEBUG   La red no quedó en silencio en https://houm.com/cl/arriendo-departamento-región-metropolitana/recoleta/177459; se lee igual
17:13:29 DEBUG   [houm] 1 avisos vía estado-embebido
17:13:36 DEBUG   La red no quedó en silencio en https://houm.com/cl/arriendo-departamento-región-metropolitana/independencia/167934; se lee igual
17:13:36 DEBUG   [houm] 1 avisos vía estado-embebido
17:13:36 INFO      houm: 36 avisos en 95s
17:13:44 INFO      goplaceit: 90 avisos en 126s
17:13:44 INFO    Total crudo: 1389 avisos
17:13:44 INFO    Después de deduplicar: 537
17:13:45 INFO    Pasaron los filtros: 88
17:14:31 DEBUG   [economicos] 1 avisos vía tarjetas
17:14:32 DEBUG   [doomos] 18 avisos vía tarjetas
17:14:32 DEBUG   Ficha de YVT22 sin candidato propio; no se fusiona
17:14:32 DEBUG   Ficha de BYN6Z sin candidato propio; no se fusiona
17:14:33 DEBUG   [economicos] 1 avisos vía tarjetas
17:14:35 DEBUG   [economicos] 1 avisos vía tarjetas
17:14:37 DEBUG   [economicos] 1 avisos vía tarjetas
17:14:39 DEBUG   [economicos] 1 avisos vía tarjetas
17:14:40 DEBUG   [doomos] 26 avisos vía tarjetas
17:14:40 DEBUG   Ficha de U44VT sin candidato propio; no se fusiona
17:14:41 DEBUG   [economicos] 1 avisos vía tarjetas
17:14:43 DEBUG   [doomos] 27 avisos vía tarjetas
17:14:43 DEBUG   Ficha de ZWNAN sin candidato propio; no se fusiona
17:14:44 DEBUG   [doomos] 27 avisos vía tarjetas
17:14:44 DEBUG   Ficha de 2HWEW sin candidato propio; no se fusiona
17:14:44 DEBUG   [economicos] 1 avisos vía tarjetas
17:14:46 DEBUG   [economicos] 1 avisos vía tarjetas
17:14:46 DEBUG   Ficha de XEC3Z sin candidato propio; no se fusiona
17:14:48 DEBUG   [economicos] 1 avisos vía tarjetas
17:14:49 DEBUG   Ficha de KM3V2 sin candidato propio; no se fusiona
17:14:51 DEBUG   Pin del mapa para KED8H: -33.40157, -70.58144
17:14:51 DEBUG   [yapo] 1 avisos vía json-ld
17:14:51 INFO    Enriquecido y descartado: KED8H (35 años (construido en 1991), sobre el máximo de 30)
17:14:51 DEBUG   [busconido] 11 avisos vía tarjetas
17:14:51 DEBUG   Ficha de 68G63 sin candidato propio; no se fusiona
17:14:53 DEBUG   [busconido] 11 avisos vía tarjetas
17:14:53 DEBUG   Ficha de BFHTK sin candidato propio; no se fusiona
17:14:55 DEBUG   [busconido] 10 avisos vía tarjetas
17:14:55 DEBUG   Ficha de VWVRP sin candidato propio; no se fusiona
17:14:57 DEBUG   [busconido] 10 avisos vía tarjetas
17:14:57 DEBUG   Ficha de 364V9 sin candidato propio; no se fusiona
17:14:59 DEBUG   [busconido] 11 avisos vía tarjetas
17:14:59 DEBUG   Ficha de 96SA3 sin candidato propio; no se fusiona
17:15:04 DEBUG   [toctoc] 1 avisos vía estado-embebido
17:15:05 DEBUG   [busconido] 10 avisos vía tarjetas
17:15:05 DEBUG   Ficha de W5QA3 sin candidato propio; no se fusiona
17:15:07 DEBUG   [busconido] 10 avisos vía tarjetas
17:15:07 DEBUG   Ficha de 577CB sin candidato propio; no se fusiona
17:15:08 DEBUG   [busconido] 10 avisos vía tarjetas
17:15:08 DEBUG   Ficha de EPBN5 sin candidato propio; no se fusiona
17:15:10 DEBUG   [busconido] 10 avisos vía tarjetas
17:15:10 DEBUG   Ficha de BRYAZ sin candidato propio; no se fusiona
17:15:12 DEBUG   [busconido] 11 avisos vía tarjetas
17:15:12 DEBUG   Ficha de HA828 sin candidato propio; no se fusiona
17:15:14 DEBUG   [busconido] 11 avisos vía tarjetas
17:15:14 DEBUG   Ficha de 52DAF sin candidato propio; no se fusiona
17:15:16 DEBUG   [busconido] 10 avisos vía tarjetas
17:15:16 DEBUG   Ficha de 3VW8K sin candidato propio; no se fusiona
17:15:19 DEBUG   [busconido] 11 avisos vía tarjetas
17:15:19 DEBUG   Ficha de E6M6E sin candidato propio; no se fusiona
17:15:20 DEBUG   [busconido] 11 avisos vía tarjetas
17:15:20 DEBUG   Ficha de YH67R sin candidato propio; no se fusiona
17:15:26 DEBUG   [toctoc] 1 avisos vía estado-embebido
17:15:26 INFO    Enriquecido y descartado: SHUZJ (arriendo de $2.200.000 sobre el máximo negociable de $1.904.000)
17:15:26 DEBUG   [economicos] 1 avisos vía tarjetas
17:15:26 INFO    Enriquecido y descartado: S84GC (arriendo de $3.108.725 sobre el máximo negociable de $1.904.000)
17:15:31 DEBUG   [toctoc] 1 avisos vía estado-embebido
17:15:31 INFO    Enriquecido y descartado: E366M (arriendo de $2.000.000 sobre el máximo negociable de $1.904.000)
17:15:37 DEBUG   [toctoc] 1 avisos vía estado-embebido
17:15:37 INFO    Enriquecido y descartado: E366M (arriendo de $2.400.000 sobre el máximo negociable de $1.904.000)
17:15:37 DEBUG   [economicos] 1 avisos vía tarjetas
17:15:41 DEBUG   [busconido] 10 avisos vía tarjetas
17:15:41 DEBUG   Ficha de UVQY7 sin candidato propio; no se fusiona
17:15:48 DEBUG   La red no quedó en silencio en https://www.toctoc.com/propiedades/arriendocorredorasr/departamento/vitacura/arriendo-vitacura-disponible-01-noviembre/1b41014d1c0b712addc22cdde893c750ceebabab; se lee igual
17:15:48 DEBUG   [toctoc] 1 avisos vía estado-embebido
17:15:48 INFO    Enriquecido y descartado: 36245 (arriendo de $3.882.007 sobre el máximo negociable de $1.904.000)
17:15:53 DEBUG   [toctoc] 1 avisos vía estado-embebido
17:15:53 INFO    Enriquecido y descartado: 36245 (arriendo de $3.882.007 sobre el máximo negociable de $1.904.000)
17:15:53 WARNING https://www.bienesonline.cl/es/chile/llanquihue/propiedad/42585-campo-917-ha-valle-cochamo-x-region respondió 404
17:15:55 DEBUG   [doomos] 18 avisos vía tarjetas
17:15:55 DEBUG   Ficha de J5JN4 sin candidato propio; no se fusiona
17:16:00 DEBUG   [toctoc] 1 avisos vía estado-embebido
17:16:05 DEBUG   [toctoc] 1 avisos vía estado-embebido
17:16:10 DEBUG   [doomos] 27 avisos vía tarjetas
17:16:10 DEBUG   Ficha de P8XMT sin candidato propio; no se fusiona
17:16:11 DEBUG   [chilepropiedades] 2 avisos vía json-ld
17:16:11 DEBUG   [economicos] 1 avisos vía tarjetas
17:16:16 DEBUG   [toctoc] 1 avisos vía estado-embebido
17:16:20 DEBUG   [toctoc] 1 avisos vía estado-embebido
17:16:25 DEBUG   [toctoc] 1 avisos vía estado-embebido
17:16:34 DEBUG   [toctoc] 1 avisos vía estado-embebido
17:16:38 DEBUG   [toctoc] 1 avisos vía estado-embebido
17:16:38 INFO    Enriquecido y descartado: 5ZREX (39 años (construido en 1987), sobre el máximo de 30)
17:16:38 WARNING robots.txt no permite https://www.nuroa.cl/adform/10342-912-5f3d-19e92d3-bae6-98ff4d8aca01-7f27?click_type=0&pos=18&searchType=1&page=1&section=1&t_sec=1&sectionType=1&pageViewId=85471f10-fee1-406f-823c-96a5c89a9f54&t_pvid=85471f10-fee1-406f-823c-96a5c89a9f54&userAgent=Mozilla%2F5.0+%28compatible%3B+radar-arriendos%2F1.0%3B+uso+personal%2C+busqueda+de+arriendo%3B+%2Bhttps%3A%2F%2Fgithub.com%2Falfonsoandona%2Farriendos-vitacura%29&browser=1&isHuman=true&userIp=57.151.125.212&what=vitacura+departamento&search_terms=vitacura+departamento&origin=1&t_or=1&splitTestId=0 — se omite
17:16:42 DEBUG   [engelvoelkers] 1 avisos vía json-ld
17:16:46 INFO    Enriquecido y descartado: 75BRH (arriendo de $2.931.142 sobre el máximo negociable de $1.904.000)
17:17:11 INFO    Enriquecido y descartado: 75BRH (arriendo de $2.149.504 sobre el máximo negociable de $1.904.000)
17:17:19 INFO    Enriquecido y descartado: 75BRH (arriendo de $1.954.095 sobre el máximo negociable de $1.904.000)
17:17:24 DEBUG   [toctoc] 1 avisos vía estado-embebido
17:17:24 INFO    Enriquecido y descartado: NBFJR (arriendo de $3.064.742 sobre el máximo negociable de $1.904.000)
17:17:40 DEBUG   [toctoc] 1 avisos vía estado-embebido
17:17:44 DEBUG   [toctoc] 1 avisos vía estado-embebido
17:17:49 DEBUG   [toctoc] 1 avisos vía estado-embebido
17:17:49 INFO    Enriquecido y descartado: NBFJR (arriendo de $3.064.742 sobre el máximo negociable de $1.904.000)
17:17:49 WARNING robots.txt no permite https://www.nuroa.cl/adform/10342-912-ee27-1a01d7c-a7bc-2ba3aed54f3e-81d8?click_type=0&pos=14&searchType=1&page=1&section=1&t_sec=1&sectionType=1&pageViewId=85471f10-fee1-406f-823c-96a5c89a9f54&t_pvid=85471f10-fee1-406f-823c-96a5c89a9f54&userAgent=Mozilla%2F5.0+%28compatible%3B+radar-arriendos%2F1.0%3B+uso+personal%2C+busqueda+de+arriendo%3B+%2Bhttps%3A%2F%2Fgithub.com%2Falfonsoandona%2Farriendos-vitacura%29&browser=1&isHuman=true&userIp=57.151.125.212&what=vitacura+departamento&search_terms=vitacura+departamento&origin=1&t_or=1&splitTestId=0 — se omite
17:17:59 DEBUG   [toctoc] 1 avisos vía estado-embebido
17:17:59 INFO    Enriquecido y descartado: 28Y8R (arriendo de $1.950.000 sobre el máximo negociable de $1.904.000)
17:18:04 DEBUG   [toctoc] 1 avisos vía estado-embebido
17:18:04 INFO    Enriquecido y descartado: KAPJ2 (arriendo de $4.699.271 sobre el máximo negociable de $1.904.000)
17:18:10 DEBUG   [toctoc] 1 avisos vía estado-embebido
17:18:10 INFO    Enriquecido y descartado: HTE8X (33 años (construido en 1993), sobre el máximo de 30)
17:18:15 DEBUG   [toctoc] 1 avisos vía estado-embebido
17:18:15 INFO    Enriquecido y descartado: C7YR9 (arriendo de $2.124.888 sobre el máximo negociable de $1.904.000)
17:18:15 DEBUG   [mitula] 3 avisos vía tarjetas
17:18:20 DEBUG   [toctoc] 1 avisos vía estado-embebido
17:18:24 INFO    Enriquecido y descartado: 75BRH (arriendo de $4.611.664 sobre el máximo negociable de $1.904.000)
17:18:31 DEBUG   La red no quedó en silencio en https://www.toctoc.com/propiedades/arriendocorredorasr/departamento/vitacura/top-dpto-de-lujo-con-rooftop-en-santa-teresa/4197089; se lee igual
17:18:31 DEBUG   [toctoc] 1 avisos vía estado-embebido
17:18:31 INFO    Enriquecido y descartado: 4V73Z (arriendo de $4.903.588 sobre el máximo negociable de $1.904.000)
17:18:36 DEBUG   [mitula] 3 avisos vía tarjetas
17:18:36 INFO    Fichas leídas: 88 — 5 ganaron el año, 1 la dirección; 19 se descartaron al verlas (3 por viejos)
17:18:37 INFO    Listo: 0 avisados de 69 candidatos
