18:58:39 INFO    UF = $41.040.82 (API del día)
18:58:39 INFO    Barriendo TocToc (toctoc)…
18:58:39 INFO    Barriendo Chilepropiedades (chilepropiedades)…
18:58:39 INFO    Barriendo GoPlaceIt (goplaceit)…
18:58:39 INFO    Barriendo Yapo (yapo)…
18:58:39 WARNING https://www.yapo.cl/bienes-raices-alquiler-apartamentos/region-metropolitana-vitacura respondió 403
18:58:39 INFO    [yapo] https://www.yapo.cl/bienes-raices-alquiler-apartamentos/region-metropolitana-vitacura rebotó al GET; se reintenta con navegador
18:58:39 DEBUG   [chilepropiedades] 10 avisos vía tarjetas
18:58:41 DEBUG   [chilepropiedades] 10 avisos vía tarjetas
18:58:43 DEBUG   [chilepropiedades] 10 avisos vía tarjetas
18:58:43 INFO      chilepropiedades: 30 avisos en 4s
18:58:43 INFO    Barriendo BuscoNido (busconido)…
18:58:44 DEBUG   [busconido] 23 avisos vía tarjetas
18:58:44 INFO      busconido: 23 avisos en 1s
18:58:44 INFO    Barriendo BienesOnline (bienesonline)…
18:58:45 DEBUG   [bienesonline] 11 avisos vía tarjetas
18:58:45 INFO      bienesonline: 11 avisos en 1s
18:58:45 INFO    Barriendo Economicos (El Mercurio) (economicos)…
18:58:45 DEBUG   [toctoc] 20 avisos vía json-ld
18:58:46 DEBUG   [economicos] 20 avisos vía tarjetas
18:58:47 DEBUG   La red no quedó en silencio en https://www.yapo.cl/bienes-raices-alquiler-apartamentos/region-metropolitana-vitacura; se lee igual
18:58:47 INFO      yapo: 0 avisos en 8s
18:58:47 INFO    Barriendo iCasas (icasas)…
18:58:47 DEBUG   [icasas] 15 avisos vía tarjetas
18:58:48 DEBUG   [economicos] 18 avisos vía tarjetas
18:58:48 DEBUG   [goplaceit] 30 avisos vía json-ld
18:58:49 DEBUG   [icasas] 15 avisos vía tarjetas
18:58:49 INFO      icasas: 30 avisos en 3s
18:58:49 INFO    Barriendo Doomos (doomos)…
18:58:50 DEBUG   [economicos] 13 avisos vía tarjetas
18:58:50 INFO      economicos: 51 avisos en 4s
18:58:50 INFO    Barriendo Top Propiedades (toppropiedades)…
18:58:53 DEBUG   [doomos] 33 avisos vía tarjetas
18:58:53 INFO      doomos: 33 avisos en 3s
18:58:53 INFO    Barriendo Nuroa (nuroa)…
18:58:53 DEBUG   [toppropiedades] 1 avisos vía json-ld
18:58:53 DEBUG   Encoding detection: ascii is most likely the one.
18:58:54 DEBUG   La red no quedó en silencio en https://www.toctoc.com/arriendo/departamento/metropolitana/vitacura/3-dormitorios?pagina=2; se lee igual
18:58:54 DEBUG   [toctoc] 20 avisos vía json-ld
18:58:54 DEBUG   [nuroa] 25 avisos vía json-ld
18:58:55 DEBUG   [toppropiedades] 1 avisos vía json-ld
18:58:56 DEBUG   [nuroa] 25 avisos vía json-ld
18:58:57 DEBUG   [toppropiedades] 1 avisos vía json-ld
18:58:58 DEBUG   [nuroa] 25 avisos vía json-ld
18:58:59 DEBUG   [toppropiedades] 1 avisos vía json-ld
18:59:00 DEBUG   [nuroa] 25 avisos vía json-ld
18:59:00 INFO      nuroa: 100 avisos en 8s
18:59:00 INFO    Barriendo Mitula (mitula)…
18:59:01 DEBUG   [toppropiedades] 1 avisos vía json-ld
18:59:01 DEBUG   [toctoc] 20 avisos vía json-ld
18:59:02 DEBUG   [mitula] 30 avisos vía json-ld
18:59:03 DEBUG   [toppropiedades] 1 avisos vía json-ld
18:59:04 DEBUG   [mitula] 30 avisos vía json-ld
18:59:04 INFO      mitula: 60 avisos en 4s
18:59:04 INFO    Barriendo Houm (houm)…
18:59:05 DEBUG   [toppropiedades] 1 avisos vía json-ld
18:59:07 DEBUG   [toppropiedades] 1 avisos vía json-ld
18:59:07 INFO      toppropiedades: 8 avisos en 17s
18:59:07 INFO    Barriendo Hey! Homes (heyhomes)…
18:59:08 DEBUG   La red no quedó en silencio en https://www.toctoc.com/arriendo/departamento/metropolitana/vitacura/4-dormitorios; se lee igual
18:59:09 WARNING [toctoc] https://www.toctoc.com/arriendo/departamento/metropolitana/vitacura/4-dormitorios falló: Page.content: Unable to retrieve content because the page is navigating and changing the content.
18:59:09 WARNING   toctoc: Page.content: Unable to retrieve content because the page is navigating and changing the content.
18:59:09 INFO      toctoc: 60 avisos en 30s
18:59:09 INFO    Barriendo Engel & Völkers (engelvoelkers)…
18:59:10 DEBUG   [heyhomes] 9 avisos vía tarjetas
18:59:10 INFO      heyhomes: 9 avisos en 3s
18:59:10 INFO    Barriendo RE/MAX Chile (remax)…
18:59:15 DEBUG   La red no quedó en silencio en https://houm.com/cl/arriendo-departamentos-region-metropolitana/vitacura/3-dormitorios; se lee igual
18:59:15 DEBUG   [houm] 28 avisos vía json-ld
18:59:16 DEBUG   [engelvoelkers] 17 avisos vía tarjetas
18:59:16 INFO      engelvoelkers: 17 avisos en 7s
18:59:16 INFO    Barriendo Fuenzalida Propiedades (fuenzalida)…
18:59:19 DEBUG   [goplaceit] 30 avisos vía json-ld
18:59:19 DEBUG   [fuenzalida] 16 avisos vía tarjetas
18:59:19 INFO      remax: 0 avisos en 9s
18:59:19 INFO    Barriendo Century 21 Chile (century21)…
18:59:20 INFO      century21: 0 avisos en 1s
18:59:20 INFO    Barriendo Property Partners (propertypartners)…
18:59:21 DEBUG   [propertypartners] 1 avisos vía tarjetas
18:59:21 INFO      propertypartners: 1 avisos en 0s
18:59:21 INFO    Barriendo Acceso Inmobiliario (accesoinmobiliario)…
18:59:22 DEBUG   [fuenzalida] 20 avisos vía tarjetas
18:59:24 DEBUG   [fuenzalida] 20 avisos vía tarjetas
18:59:24 INFO      fuenzalida: 56 avisos en 8s
18:59:24 INFO    Barriendo Magnolia Property (magnoliaproperty)…
18:59:25 DEBUG   [magnoliaproperty] 6 avisos vía tarjetas
18:59:25 INFO      magnoliaproperty: 6 avisos en 1s
18:59:25 INFO    Barriendo Portilla Propiedades (portillapropiedades)…
18:59:25 DEBUG   [accesoinmobiliario] 16 avisos vía tarjetas
18:59:25 DEBUG   [portillapropiedades] 2 avisos vía tarjetas
18:59:25 INFO      portillapropiedades: 2 avisos en 1s
18:59:25 INFO    Barriendo Nativo Propiedades (nativopropiedades)…
18:59:26 DEBUG   [nativopropiedades] 10 avisos vía tarjetas
18:59:26 DEBUG   La red no quedó en silencio en https://houm.com/cl/arriendo-departamento-región-metropolitana/las-condes/170742; se lee igual
18:59:26 INFO      nativopropiedades: 10 avisos en 1s
18:59:26 INFO    Barriendo Enlace Inmobiliario (enlaceinmobiliario)…
18:59:26 DEBUG   [houm] 1 avisos vía estado-embebido
18:59:26 WARNING https://www.enlaceinmobiliario.cl/ respondió 403
18:59:26 INFO    [enlaceinmobiliario] https://www.enlaceinmobiliario.cl/ rebotó al GET; se reintenta con navegador
18:59:35 DEBUG   La red no quedó en silencio en https://www.enlaceinmobiliario.cl/; se lee igual
18:59:35 INFO      enlaceinmobiliario: 0 avisos en 9s
18:59:35 INFO    Barriendo Rentas.cl (rentas_cl)…
18:59:35 DEBUG   La red no quedó en silencio en https://houm.com/cl/arriendo-departamento-región-metropolitana/lo-barnechea/74201; se lee igual
18:59:35 DEBUG   [houm] 1 avisos vía estado-embebido
18:59:37 DEBUG   [rentas_cl] 1 avisos vía json-ld
18:59:37 INFO      rentas_cl: 1 avisos en 2s
18:59:37 INFO    Barriendo Arriendos.cl (arriendos_cl)…
18:59:37 DEBUG   [accesoinmobiliario] 1 avisos vía tarjetas
18:59:38 INFO      arriendos_cl: 0 avisos en 1s
18:59:38 INFO    Barriendo Propiedades.cl (propiedades_cl)…
18:59:39 DEBUG   [propiedades_cl] 6 avisos vía tarjetas
18:59:39 INFO      propiedades_cl: 6 avisos en 1s
18:59:39 INFO    Barriendo Clasificados.cl (clasificados_cl)…
18:59:41 DEBUG   [accesoinmobiliario] 1 avisos vía tarjetas
18:59:42 DEBUG   [clasificados_cl] 1 avisos vía tarjetas
18:59:42 INFO      clasificados_cl: 1 avisos en 2s
18:59:44 DEBUG   La red no quedó en silencio en https://houm.com/cl/arriendo-departamento-región-metropolitana/recoleta/179872; se lee igual
18:59:44 DEBUG   [houm] 1 avisos vía estado-embebido
18:59:46 DEBUG   [accesoinmobiliario] 1 avisos vía tarjetas
18:59:52 DEBUG   La red no quedó en silencio en https://houm.com/cl/arriendo-departamento-región-metropolitana/recoleta/178185; se lee igual
18:59:52 DEBUG   [houm] 1 avisos vía estado-embebido
18:59:59 DEBUG   La red no quedó en silencio en https://houm.com/cl/arriendo-departamento-región-metropolitana/recoleta/176207; se lee igual
18:59:59 DEBUG   [houm] 1 avisos vía estado-embebido
18:59:59 DEBUG   [goplaceit] 30 avisos vía json-ld
19:00:07 DEBUG   La red no quedó en silencio en https://houm.com/cl/arriendo-departamento-región-metropolitana/las-condes/177842; se lee igual
19:00:07 DEBUG   [houm] 1 avisos vía estado-embebido
19:00:13 DEBUG   [accesoinmobiliario] 1 avisos vía tarjetas
19:00:14 DEBUG   La red no quedó en silencio en https://houm.com/cl/arriendo-departamento-región-metropolitana/recoleta/176958; se lee igual
19:00:15 DEBUG   [houm] 1 avisos vía estado-embebido
19:00:17 INFO      accesoinmobiliario: 20 avisos en 56s
19:00:23 DEBUG   La red no quedó en silencio en https://houm.com/cl/arriendo-departamento-región-metropolitana/recoleta/90462; se lee igual
19:00:24 DEBUG   [houm] 1 avisos vía estado-embebido
19:00:24 INFO      houm: 36 avisos en 80s
19:00:28 INFO      goplaceit: 90 avisos en 109s
19:00:28 INFO    Total crudo: 661 avisos
19:00:28 INFO    Después de deduplicar: 522
19:00:29 INFO    Pasaron los filtros: 65
19:00:44 DEBUG   [economicos] 1 avisos vía tarjetas
19:00:46 DEBUG   [doomos] 18 avisos vía tarjetas
19:00:46 DEBUG   Ficha de YVT22 sin candidato propio; no se fusiona
19:00:47 DEBUG   Ficha de HW5MX sin candidato propio; no se fusiona
19:00:47 DEBUG   [economicos] 1 avisos vía tarjetas
19:00:49 DEBUG   [economicos] 1 avisos vía tarjetas
19:00:51 DEBUG   [economicos] 1 avisos vía tarjetas
19:00:53 DEBUG   [economicos] 1 avisos vía tarjetas
19:00:55 DEBUG   [economicos] 1 avisos vía tarjetas
19:00:57 DEBUG   [economicos] 1 avisos vía tarjetas
19:00:59 DEBUG   [doomos] 27 avisos vía tarjetas
19:00:59 DEBUG   Ficha de U44VT sin candidato propio; no se fusiona
19:01:00 DEBUG   [doomos] 27 avisos vía tarjetas
19:01:00 DEBUG   Ficha de KNAE9 sin candidato propio; no se fusiona
19:01:02 DEBUG   [doomos] 27 avisos vía tarjetas
19:01:02 DEBUG   Ficha de PR3QK sin candidato propio; no se fusiona
19:01:05 DEBUG   [doomos] 27 avisos vía tarjetas
19:01:05 DEBUG   Ficha de 2HWEW sin candidato propio; no se fusiona
19:01:05 DEBUG   [economicos] 1 avisos vía tarjetas
19:01:06 DEBUG   [doomos] 27 avisos vía tarjetas
19:01:06 DEBUG   Ficha de ZWNAN sin candidato propio; no se fusiona
19:01:07 DEBUG   [economicos] 1 avisos vía tarjetas
19:01:09 DEBUG   [economicos] 1 avisos vía tarjetas
19:01:09 DEBUG   Ficha de XEC3Z sin candidato propio; no se fusiona
19:01:11 DEBUG   [economicos] 1 avisos vía tarjetas
19:01:16 DEBUG   [toctoc] 1 avisos vía estado-embebido
19:01:16 DEBUG   [busconido] 10 avisos vía tarjetas
19:01:16 DEBUG   Ficha de VHW97 sin candidato propio; no se fusiona
19:01:18 DEBUG   [busconido] 11 avisos vía tarjetas
19:01:18 DEBUG   Ficha de 5G5TS sin candidato propio; no se fusiona
19:01:20 DEBUG   [busconido] 11 avisos vía tarjetas
19:01:20 DEBUG   Ficha de FYAVK sin candidato propio; no se fusiona
19:01:22 DEBUG   [busconido] 10 avisos vía tarjetas
19:01:22 DEBUG   Ficha de Y69M8 sin candidato propio; no se fusiona
19:01:30 DEBUG   [doomos] 27 avisos vía tarjetas
19:01:30 DEBUG   Ficha de FQ6XQ sin candidato propio; no se fusiona
19:01:30 DEBUG   [busconido] 10 avisos vía tarjetas
19:01:30 DEBUG   Ficha de 3SSBS sin candidato propio; no se fusiona
19:01:32 DEBUG   [busconido] 10 avisos vía tarjetas
19:01:32 DEBUG   Ficha de KWJ7Y sin candidato propio; no se fusiona
19:01:36 DEBUG   [engelvoelkers] 1 avisos vía json-ld
19:01:36 DEBUG   [economicos] 1 avisos vía tarjetas
19:01:36 INFO    Enriquecido y descartado: S84GC (arriendo de $3.108.725 sobre el máximo negociable de $1.904.000)
19:01:40 INFO    Enriquecido y descartado: YAVJA (arriendo de $3.517.371 sobre el máximo negociable de $1.904.000)
19:01:40 DEBUG   [economicos] 1 avisos vía tarjetas
19:01:46 INFO    Enriquecido y descartado: CC2AY (arriendo de $2.032.258 sobre el máximo negociable de $1.904.000)
19:01:46 WARNING robots.txt no permite https://placehold.co/1920x1080.mp4 — se omite
19:01:49 DEBUG   [doomos] 18 avisos vía tarjetas
19:01:49 DEBUG   Ficha de J5JN4 sin candidato propio; no se fusiona
19:01:50 DEBUG   [mitula] 3 avisos vía tarjetas
19:01:59 DEBUG   [doomos] 27 avisos vía tarjetas
19:01:59 DEBUG   Ficha de P8XMT sin candidato propio; no se fusiona
19:02:05 DEBUG   [toctoc] 1 avisos vía estado-embebido
19:02:09 DEBUG   [toctoc] 1 avisos vía estado-embebido
19:02:16 DEBUG   [toctoc] 1 avisos vía estado-embebido
19:02:21 DEBUG   [toctoc] 1 avisos vía estado-embebido
19:02:26 DEBUG   [toctoc] 1 avisos vía estado-embebido
19:02:26 WARNING robots.txt no permite https://www.nuroa.cl/adform/10342-912-b45c-1a0ce6e-984c-ada286d9a1f6-77e4?click_type=0&pos=23&searchType=2&page=1&section=1&t_sec=1&sectionType=1&pageViewId=1c328f47-7410-44b5-8584-71e2889aa080&t_pvid=1c328f47-7410-44b5-8584-71e2889aa080&userAgent=Mozilla%2F5.0+%28compatible%3B+radar-arriendos%2F1.0%3B+uso+personal%2C+busqueda+de+arriendo%3B+%2Bhttps%3A%2F%2Fgithub.com%2Falfonsoandona%2Farriendos-vitacura%29&browser=1&isHuman=true&userIp=130.131.202.3&what=vitacura+departamento&search_terms=vitacura+departamento&origin=1&t_or=1&splitTestId=0 — se omite
19:02:31 INFO    Enriquecido y descartado: 75BRH (arriendo de $2.931.142 sobre el máximo negociable de $1.904.000)
19:02:52 INFO    Enriquecido y descartado: 75BRH (arriendo de $2.149.504 sobre el máximo negociable de $1.904.000)
19:02:55 INFO    Enriquecido y descartado: 75BRH (arriendo de $1.954.095 sobre el máximo negociable de $1.904.000)
19:03:10 DEBUG   [toctoc] 1 avisos vía estado-embebido
19:03:14 DEBUG   [toctoc] 1 avisos vía estado-embebido
19:03:17 WARNING robots.txt no permite https://www.nuroa.cl/adform/10342-912-3e9b-1a0e30e-bd4c-4f30fb45531b-7a22?click_type=0&pos=6&searchType=1&page=1&section=1&t_sec=1&sectionType=1&pageViewId=1c328f47-7410-44b5-8584-71e2889aa080&t_pvid=1c328f47-7410-44b5-8584-71e2889aa080&userAgent=Mozilla%2F5.0+%28compatible%3B+radar-arriendos%2F1.0%3B+uso+personal%2C+busqueda+de+arriendo%3B+%2Bhttps%3A%2F%2Fgithub.com%2Falfonsoandona%2Farriendos-vitacura%29&browser=1&isHuman=true&userIp=130.131.202.3&what=vitacura+departamento&search_terms=vitacura+departamento&origin=1&t_or=1&splitTestId=0 — se omite
19:03:17 WARNING robots.txt no permite https://www.nuroa.cl/adform/10342-912-e7f8-1a0a016-97e0-4460cb69457-7a3c?click_type=0&pos=13&searchType=1&page=3&section=1&t_sec=1&sectionType=1&pageViewId=026f3aa3-b0ac-4250-868e-4a5483bde601&t_pvid=026f3aa3-b0ac-4250-868e-4a5483bde601&userAgent=Mozilla%2F5.0+%28compatible%3B+radar-arriendos%2F1.0%3B+uso+personal%2C+busqueda+de+arriendo%3B+%2Bhttps%3A%2F%2Fgithub.com%2Falfonsoandona%2Farriendos-vitacura%29&browser=1&isHuman=true&userIp=130.131.202.3&what=vitacura+departamento&search_terms=vitacura+departamento&origin=1&t_or=1&splitTestId=0 — se omite
19:03:21 INFO    Enriquecido y descartado: 75BRH (arriendo de $4.299.009 sobre el máximo negociable de $1.904.000)
19:03:24 INFO    Fichas leídas: 65 — 1 ganaron el año, 1 la dirección; 7 se descartaron al verlas (0 por viejos)
19:03:27 DEBUG   [engelvoelkers] 1 avisos vía json-ld
19:03:27 WARNING robots.txt no permite https://placehold.co/1920x1080.mp4 — se omite
19:03:29 INFO    Listo: 2 avisados de 58 candidatos
