15:26:25 INFO    UF = $41.081.76 (API del día)
15:26:25 INFO    Barriendo TocToc (toctoc)…
15:26:25 INFO    Barriendo Chilepropiedades (chilepropiedades)…
15:26:25 INFO    Barriendo GoPlaceIt (goplaceit)…
15:26:25 INFO    Barriendo Yapo (yapo)…
15:26:26 WARNING https://www.yapo.cl/bienes-raices-alquiler-apartamentos/region-metropolitana-vitacura respondió 403
15:26:26 INFO    [yapo] https://www.yapo.cl/bienes-raices-alquiler-apartamentos/region-metropolitana-vitacura rebotó al GET; se reintenta con navegador
15:26:26 DEBUG   [chilepropiedades] 10 avisos vía tarjetas
15:26:28 DEBUG   [chilepropiedades] 10 avisos vía tarjetas
15:26:30 DEBUG   [chilepropiedades] 10 avisos vía tarjetas
15:26:30 INFO      chilepropiedades: 30 avisos en 5s
15:26:30 INFO    Barriendo BuscoNido (busconido)…
15:26:30 DEBUG   [busconido] 23 avisos vía tarjetas
15:26:30 INFO      busconido: 23 avisos en 0s
15:26:30 INFO    Barriendo BienesOnline (bienesonline)…
15:26:31 DEBUG   [bienesonline] 11 avisos vía tarjetas
15:26:31 INFO      bienesonline: 11 avisos en 1s
15:26:31 INFO    Barriendo Economicos (El Mercurio) (economicos)…
15:26:32 WARNING https://www.economicos.cl/search/propiedades/vitacura/arriendo/departamento/0 respondió 403
15:26:32 INFO    [economicos] https://www.economicos.cl/search/propiedades/vitacura/arriendo/departamento/0 rebotó al GET; se reintenta con navegador
15:26:35 DEBUG   La red no quedó en silencio en https://www.goplaceit.com/cl/departamento/arriendo/comuna/306-vitacura; se lee igual
15:26:35 INFO      goplaceit: 0 avisos en 9s
15:26:35 INFO    Barriendo iCasas (icasas)…
15:26:35 DEBUG   La red no quedó en silencio en https://www.toctoc.com/arriendo/departamento/metropolitana/vitacura/3-dormitorios; se lee igual
15:26:35 DEBUG   [icasas] 15 avisos vía tarjetas
15:26:36 DEBUG   [toctoc] 20 avisos vía json-ld
15:26:37 INFO      economicos: 0 avisos en 5s
15:26:37 INFO    Barriendo Doomos (doomos)…
15:26:37 DEBUG   [icasas] 15 avisos vía tarjetas
15:26:37 INFO      icasas: 30 avisos en 3s
15:26:37 INFO    Barriendo Top Propiedades (toppropiedades)…
15:26:39 DEBUG   [doomos] 33 avisos vía tarjetas
15:26:39 INFO      doomos: 33 avisos en 2s
15:26:39 INFO    Barriendo Nuroa (nuroa)…
15:26:40 DEBUG   Encoding detection: ascii is most likely the one.
15:26:41 DEBUG   [nuroa] 25 avisos vía json-ld
15:26:42 DEBUG   La red no quedó en silencio en https://www.yapo.cl/bienes-raices-alquiler-apartamentos/region-metropolitana-vitacura; se lee igual
15:26:42 INFO      yapo: 0 avisos en 16s
15:26:42 INFO    Barriendo Mitula (mitula)…
15:26:42 WARNING https://casas.mitula.cl/casas/arriendo-departamentos-vitacura respondió 401
15:26:42 INFO    [mitula] https://casas.mitula.cl/casas/arriendo-departamentos-vitacura rebotó al GET; se reintenta con navegador
15:26:42 DEBUG   [toppropiedades] 1 avisos vía json-ld
15:26:43 DEBUG   [nuroa] 25 avisos vía json-ld
15:26:44 INFO      mitula: 0 avisos en 2s
15:26:44 INFO    Barriendo Houm (houm)…
15:26:44 DEBUG   La red no quedó en silencio en https://www.toctoc.com/arriendo/departamento/metropolitana/vitacura/3-dormitorios?pagina=2; se lee igual
15:26:44 DEBUG   [toppropiedades] 1 avisos vía json-ld
15:26:45 DEBUG   [nuroa] 25 avisos vía json-ld
15:26:46 DEBUG   [toctoc] 20 avisos vía json-ld
15:26:46 DEBUG   [toppropiedades] 1 avisos vía json-ld
15:26:47 DEBUG   [nuroa] 25 avisos vía json-ld
15:26:47 INFO      nuroa: 100 avisos en 8s
15:26:47 INFO    Barriendo Hey! Homes (heyhomes)…
15:26:48 DEBUG   [toppropiedades] 1 avisos vía json-ld
15:26:50 DEBUG   [heyhomes] 9 avisos vía tarjetas
15:26:50 INFO      heyhomes: 9 avisos en 3s
15:26:50 INFO    Barriendo Engel & Völkers (engelvoelkers)…
15:26:50 DEBUG   [toppropiedades] 1 avisos vía json-ld
15:26:52 DEBUG   La red no quedó en silencio en https://houm.com/cl/arriendo-departamentos-region-metropolitana/vitacura/3-dormitorios; se lee igual
15:26:52 DEBUG   [houm] 28 avisos vía json-ld
15:26:52 DEBUG   [toppropiedades] 1 avisos vía json-ld
15:26:53 DEBUG   [toctoc] 12 avisos vía json-ld
15:26:54 DEBUG   [toppropiedades] 1 avisos vía json-ld
15:26:55 DEBUG   [engelvoelkers] 16 avisos vía tarjetas
15:26:55 INFO      engelvoelkers: 16 avisos en 4s
15:26:55 INFO    Barriendo RE/MAX Chile (remax)…
15:26:56 DEBUG   [toppropiedades] 1 avisos vía json-ld
15:26:56 INFO      toppropiedades: 8 avisos en 19s
15:26:56 INFO    Barriendo Fuenzalida Propiedades (fuenzalida)…
15:27:00 DEBUG   [fuenzalida] 16 avisos vía tarjetas
15:27:01 DEBUG   La red no quedó en silencio en https://houm.com/cl/arriendo-departamento-región-metropolitana/las-condes/170742; se lee igual
15:27:01 DEBUG   [houm] 1 avisos vía estado-embebido
15:27:01 DEBUG   [toctoc] 20 avisos vía json-ld
15:27:04 DEBUG   [fuenzalida] 20 avisos vía tarjetas
15:27:04 INFO      remax: 0 avisos en 9s
15:27:04 INFO    Barriendo Century 21 Chile (century21)…
15:27:05 INFO      century21: 0 avisos en 1s
15:27:05 INFO    Barriendo Property Partners (propertypartners)…
15:27:06 DEBUG   [propertypartners] 1 avisos vía tarjetas
15:27:06 INFO      propertypartners: 1 avisos en 0s
15:27:06 INFO    Barriendo Acceso Inmobiliario (accesoinmobiliario)…
15:27:07 DEBUG   [fuenzalida] 20 avisos vía tarjetas
15:27:07 INFO      fuenzalida: 56 avisos en 10s
15:27:07 INFO    Barriendo Magnolia Property (magnoliaproperty)…
15:27:07 DEBUG   [magnoliaproperty] 7 avisos vía tarjetas
15:27:07 INFO      magnoliaproperty: 7 avisos en 0s
15:27:07 INFO    Barriendo Portilla Propiedades (portillapropiedades)…
15:27:08 DEBUG   [portillapropiedades] 2 avisos vía tarjetas
15:27:08 INFO      portillapropiedades: 2 avisos en 1s
15:27:08 INFO    Barriendo Nativo Propiedades (nativopropiedades)…
15:27:08 DEBUG   [nativopropiedades] 10 avisos vía tarjetas
15:27:08 INFO      nativopropiedades: 10 avisos en 1s
15:27:08 INFO    Barriendo Enlace Inmobiliario (enlaceinmobiliario)…
15:27:09 DEBUG   La red no quedó en silencio en https://houm.com/cl/arriendo-departamento-región-metropolitana/lo-barnechea/74201; se lee igual
15:27:09 DEBUG   [houm] 1 avisos vía estado-embebido
15:27:09 WARNING https://www.enlaceinmobiliario.cl/ respondió 403
15:27:09 INFO    [enlaceinmobiliario] https://www.enlaceinmobiliario.cl/ rebotó al GET; se reintenta con navegador
15:27:11 DEBUG   La red no quedó en silencio en https://www.toctoc.com/arriendo/departamento/metropolitana/vitacura/4-dormitorios?pagina=2; se lee igual
15:27:12 DEBUG   [accesoinmobiliario] 15 avisos vía tarjetas
15:27:12 DEBUG   [toctoc] 20 avisos vía json-ld
15:27:19 DEBUG   La red no quedó en silencio en https://www.enlaceinmobiliario.cl/; se lee igual
15:27:19 DEBUG   La red no quedó en silencio en https://houm.com/cl/arriendo-departamento-región-metropolitana/recoleta/179872; se lee igual
15:27:19 INFO      enlaceinmobiliario: 0 avisos en 11s
15:27:19 INFO    Barriendo Rentas.cl (rentas_cl)…
15:27:19 DEBUG   [houm] 1 avisos vía estado-embebido
15:27:22 DEBUG   [rentas_cl] 1 avisos vía json-ld
15:27:22 INFO      rentas_cl: 1 avisos en 3s
15:27:22 INFO    Barriendo Arriendos.cl (arriendos_cl)…
15:27:23 INFO      arriendos_cl: 0 avisos en 2s
15:27:23 INFO    Barriendo Propiedades.cl (propiedades_cl)…
15:27:24 DEBUG   [propiedades_cl] 6 avisos vía tarjetas
15:27:24 INFO      propiedades_cl: 6 avisos en 1s
15:27:24 INFO    Barriendo Clasificados.cl (clasificados_cl)…
15:27:26 DEBUG   La red no quedó en silencio en https://www.toctoc.com/arriendo/departamento/metropolitana/vitacura/4-dormitorios?pagina=3; se lee igual
15:27:26 DEBUG   [clasificados_cl] 1 avisos vía tarjetas
15:27:26 INFO      clasificados_cl: 1 avisos en 2s
15:27:27 DEBUG   [toctoc] 20 avisos vía json-ld
15:27:27 INFO      toctoc: 112 avisos en 61s
15:27:29 DEBUG   [accesoinmobiliario] 1 avisos vía tarjetas
15:27:29 DEBUG   La red no quedó en silencio en https://houm.com/cl/arriendo-departamento-región-metropolitana/recoleta/178185; se lee igual
15:27:29 DEBUG   [houm] 1 avisos vía estado-embebido
15:27:31 DEBUG   [accesoinmobiliario] 1 avisos vía tarjetas
15:27:34 DEBUG   [accesoinmobiliario] 1 avisos vía tarjetas
15:27:36 DEBUG   [accesoinmobiliario] 1 avisos vía tarjetas
15:27:37 DEBUG   La red no quedó en silencio en https://houm.com/cl/arriendo-departamento-región-metropolitana/recoleta/176207; se lee igual
15:27:37 DEBUG   [houm] 1 avisos vía estado-embebido
15:27:38 DEBUG   [accesoinmobiliario] 1 avisos vía tarjetas
15:27:41 DEBUG   [accesoinmobiliario] 1 avisos vía tarjetas
15:27:41 INFO      accesoinmobiliario: 21 avisos en 35s
15:27:44 DEBUG   La red no quedó en silencio en https://houm.com/cl/arriendo-departamento-región-metropolitana/las-condes/177842; se lee igual
15:27:44 DEBUG   [houm] 1 avisos vía estado-embebido
15:27:51 DEBUG   La red no quedó en silencio en https://houm.com/cl/arriendo-departamento-región-metropolitana/recoleta/176958; se lee igual
15:27:51 DEBUG   [houm] 1 avisos vía estado-embebido
15:27:58 DEBUG   La red no quedó en silencio en https://houm.com/cl/arriendo-departamento-región-metropolitana/recoleta/90462; se lee igual
15:27:59 DEBUG   [houm] 1 avisos vía estado-embebido
15:27:59 INFO      houm: 36 avisos en 75s
15:27:59 INFO    Total crudo: 513 avisos
15:27:59 INFO    Después de deduplicar: 385
15:27:59 INFO    Pasaron los filtros: 30
15:28:11 DEBUG   [doomos] 18 avisos vía tarjetas
15:28:11 DEBUG   Ficha de YVT22 sin candidato propio; no se fusiona
15:28:13 DEBUG   Ficha de HW5MX sin candidato propio; no se fusiona
15:28:14 DEBUG   [doomos] 27 avisos vía tarjetas
15:28:14 DEBUG   Ficha de U44VT sin candidato propio; no se fusiona
15:28:16 DEBUG   [doomos] 27 avisos vía tarjetas
15:28:16 DEBUG   Ficha de KNAE9 sin candidato propio; no se fusiona
15:28:21 DEBUG   Pin del mapa para PRCX6: -33.39818, -70.59065
15:28:21 DEBUG   [toctoc] 1 avisos vía estado-embebido
15:28:23 DEBUG   [doomos] 27 avisos vía tarjetas
15:28:23 DEBUG   Ficha de PR3QK sin candidato propio; no se fusiona
15:28:25 DEBUG   [doomos] 27 avisos vía tarjetas
15:28:25 DEBUG   Ficha de 2HWEW sin candidato propio; no se fusiona
15:28:27 DEBUG   [doomos] 27 avisos vía tarjetas
15:28:27 DEBUG   Ficha de ZWNAN sin candidato propio; no se fusiona
15:28:28 DEBUG   [busconido] 10 avisos vía tarjetas
15:28:28 DEBUG   Ficha de P33NM sin candidato propio; no se fusiona
15:28:30 DEBUG   [busconido] 11 avisos vía tarjetas
15:28:30 DEBUG   Ficha de 73VAV sin candidato propio; no se fusiona
15:28:33 DEBUG   [doomos] 27 avisos vía tarjetas
15:28:33 DEBUG   Ficha de FQ6XQ sin candidato propio; no se fusiona
15:28:33 DEBUG   [busconido] 11 avisos vía tarjetas
15:28:33 DEBUG   Ficha de Q9JX8 sin candidato propio; no se fusiona
15:28:35 DEBUG   [busconido] 11 avisos vía tarjetas
15:28:35 DEBUG   Ficha de YF9WC sin candidato propio; no se fusiona
15:28:37 DEBUG   [busconido] 10 avisos vía tarjetas
15:28:37 DEBUG   Ficha de DBFNP sin candidato propio; no se fusiona
15:28:38 DEBUG   [doomos] 18 avisos vía tarjetas
15:28:38 DEBUG   Ficha de J5JN4 sin candidato propio; no se fusiona
15:28:38 WARNING robots.txt no permite https://www.nuroa.cl/adform/10342-912-101d5-1a0ff48-a45a-2e1434470692-7ad1?click_type=0&pos=15&searchType=1&page=1&section=1&t_sec=1&sectionType=1&pageViewId=c1c18fbe-2923-4c04-888a-f85b11d0ca8e&t_pvid=c1c18fbe-2923-4c04-888a-f85b11d0ca8e&userAgent=Mozilla%2F5.0+%28compatible%3B+radar-arriendos%2F1.0%3B+uso+personal%2C+busqueda+de+arriendo%3B+%2Bhttps%3A%2F%2Fgithub.com%2Falfonsoandona%2Farriendos-vitacura%29&browser=1&isHuman=true&userIp=52.159.161.226&what=vitacura+departamento&search_terms=vitacura+departamento&origin=1&t_or=1&splitTestId=0 — se omite
15:28:42 DEBUG   [engelvoelkers] 1 avisos vía json-ld
15:28:45 DEBUG   [doomos] 27 avisos vía tarjetas
15:28:45 DEBUG   Ficha de P8XMT sin candidato propio; no se fusiona
15:28:50 DEBUG   [toctoc] 1 avisos vía estado-embebido
15:28:56 DEBUG   [toctoc] 1 avisos vía estado-embebido
15:28:56 WARNING robots.txt no permite https://www.nuroa.cl/adform/10342-912-bb8f-1a0f9f6-abb2-77f6c1d45b3f-7ce9?click_type=0&pos=21&searchType=2&page=1&section=1&t_sec=1&sectionType=1&pageViewId=c1c18fbe-2923-4c04-888a-f85b11d0ca8e&t_pvid=c1c18fbe-2923-4c04-888a-f85b11d0ca8e&userAgent=Mozilla%2F5.0+%28compatible%3B+radar-arriendos%2F1.0%3B+uso+personal%2C+busqueda+de+arriendo%3B+%2Bhttps%3A%2F%2Fgithub.com%2Falfonsoandona%2Farriendos-vitacura%29&browser=1&isHuman=true&userIp=52.159.161.226&what=vitacura+departamento&search_terms=vitacura+departamento&origin=1&t_or=1&splitTestId=0 — se omite
15:28:56 WARNING robots.txt no permite https://www.nuroa.cl/adform/10342-912-4d50-1a0e30c-9b06-5d5e6067edc0-77f6?click_type=0&pos=18&searchType=2&page=1&section=1&t_sec=1&sectionType=1&pageViewId=c1c18fbe-2923-4c04-888a-f85b11d0ca8e&t_pvid=c1c18fbe-2923-4c04-888a-f85b11d0ca8e&userAgent=Mozilla%2F5.0+%28compatible%3B+radar-arriendos%2F1.0%3B+uso+personal%2C+busqueda+de+arriendo%3B+%2Bhttps%3A%2F%2Fgithub.com%2Falfonsoandona%2Farriendos-vitacura%29&browser=1&isHuman=true&userIp=52.159.161.226&what=vitacura+departamento&search_terms=vitacura+departamento&origin=1&t_or=1&splitTestId=0 — se omite
15:29:01 DEBUG   [toctoc] 1 avisos vía estado-embebido
15:29:06 DEBUG   [toctoc] 1 avisos vía estado-embebido
15:29:11 DEBUG   [toctoc] 1 avisos vía estado-embebido
15:29:11 WARNING robots.txt no permite https://www.nuroa.cl/adform/10342-912-3e9b-1a0e30e-bd4c-4f30fb45531b-7a22?click_type=0&pos=22&searchType=1&page=1&section=1&t_sec=1&sectionType=1&pageViewId=c1c18fbe-2923-4c04-888a-f85b11d0ca8e&t_pvid=c1c18fbe-2923-4c04-888a-f85b11d0ca8e&userAgent=Mozilla%2F5.0+%28compatible%3B+radar-arriendos%2F1.0%3B+uso+personal%2C+busqueda+de+arriendo%3B+%2Bhttps%3A%2F%2Fgithub.com%2Falfonsoandona%2Farriendos-vitacura%29&browser=1&isHuman=true&userIp=52.159.161.226&what=vitacura+departamento&search_terms=vitacura+departamento&origin=1&t_or=1&splitTestId=0 — se omite
15:29:11 WARNING robots.txt no permite https://www.nuroa.cl/adform/10342-912-e7f8-1a0a016-97e0-4460cb69457-7a3c?click_type=0&pos=2&searchType=1&page=4&section=1&t_sec=1&sectionType=1&pageViewId=fbc252bb-56fa-454e-8d77-e7606f90f6f6&t_pvid=fbc252bb-56fa-454e-8d77-e7606f90f6f6&userAgent=Mozilla%2F5.0+%28compatible%3B+radar-arriendos%2F1.0%3B+uso+personal%2C+busqueda+de+arriendo%3B+%2Bhttps%3A%2F%2Fgithub.com%2Falfonsoandona%2Farriendos-vitacura%29&browser=1&isHuman=true&userIp=52.159.161.226&what=vitacura+departamento&search_terms=vitacura+departamento&origin=1&t_or=1&splitTestId=0 — se omite
15:29:16 DEBUG   [toctoc] 1 avisos vía estado-embebido
15:29:16 INFO    Fichas leídas: 30 — 0 ganaron el año, 1 la dirección; 0 se descartaron al verlas (0 por viejos)
15:29:16 INFO    Listo: 0 avisados de 30 candidatos
