12:20:13 INFO    UF = $40.861.91 (API del día)
12:20:13 INFO    Barriendo TocToc (toctoc)…
12:20:13 INFO    Barriendo Chilepropiedades (chilepropiedades)…
12:20:13 INFO    Barriendo GoPlaceIt (goplaceit)…
12:20:13 INFO    Barriendo Yapo (yapo)…
12:20:14 DEBUG   [chilepropiedades] 10 avisos vía tarjetas
12:20:15 DEBUG   [yapo] 30 avisos vía tarjetas
12:20:16 DEBUG   [chilepropiedades] 10 avisos vía tarjetas
12:20:17 DEBUG   [goplaceit] 30 avisos vía json-ld
12:20:18 DEBUG   [yapo] 30 avisos vía tarjetas
12:20:18 DEBUG   [chilepropiedades] 10 avisos vía tarjetas
12:20:18 INFO      chilepropiedades: 30 avisos en 5s
12:20:18 INFO    Barriendo BuscoNido (busconido)…
12:20:19 DEBUG   [busconido] 23 avisos vía tarjetas
12:20:19 INFO      busconido: 23 avisos en 1s
12:20:19 INFO    Barriendo BienesOnline (bienesonline)…
12:20:20 DEBUG   [yapo] 30 avisos vía tarjetas
12:20:20 INFO      yapo: 90 avisos en 6s
12:20:20 INFO    Barriendo Economicos (El Mercurio) (economicos)…
12:20:20 DEBUG   [bienesonline] 15 avisos vía tarjetas
12:20:20 INFO      bienesonline: 15 avisos en 1s
12:20:20 INFO    Barriendo iCasas (icasas)…
12:20:20 DEBUG   [economicos] 20 avisos vía tarjetas
12:20:21 DEBUG   [icasas] 15 avisos vía tarjetas
12:20:22 DEBUG   [economicos] 18 avisos vía tarjetas
12:20:22 DEBUG   [icasas] 15 avisos vía tarjetas
12:20:22 INFO      icasas: 30 avisos en 3s
12:20:22 INFO    Barriendo Doomos (doomos)…
12:20:24 DEBUG   [toctoc] 148 avisos vía estado-embebido
12:20:24 DEBUG   [economicos] 13 avisos vía tarjetas
12:20:24 INFO      economicos: 51 avisos en 5s
12:20:24 INFO    Barriendo Top Propiedades (toppropiedades)…
12:20:28 DEBUG   [toppropiedades] 1 avisos vía json-ld
12:20:30 DEBUG   [toppropiedades] 1 avisos vía json-ld
12:20:31 DEBUG   [toctoc] 148 avisos vía estado-embebido
12:20:32 DEBUG   [toppropiedades] 1 avisos vía json-ld
12:20:34 DEBUG   [toppropiedades] 1 avisos vía json-ld
12:20:36 DEBUG   [toppropiedades] 1 avisos vía json-ld
12:20:37 DEBUG   [toctoc] 148 avisos vía estado-embebido
12:20:38 DEBUG   [toppropiedades] 1 avisos vía json-ld
12:20:40 DEBUG   [toppropiedades] 1 avisos vía json-ld
12:20:42 DEBUG   [toppropiedades] 1 avisos vía json-ld
12:20:42 INFO      toppropiedades: 8 avisos en 18s
12:20:42 INFO    Barriendo Nuroa (nuroa)…
12:20:43 DEBUG   Encoding detection: ascii is most likely the one.
12:20:44 DEBUG   [nuroa] 25 avisos vía json-ld
12:20:44 DEBUG   [goplaceit] 30 avisos vía json-ld
12:20:46 DEBUG   [toctoc] 106 avisos vía estado-embebido
12:20:46 DEBUG   [nuroa] 25 avisos vía json-ld
12:20:48 DEBUG   [nuroa] 25 avisos vía json-ld
12:20:50 DEBUG   [nuroa] 25 avisos vía json-ld
12:20:50 INFO      nuroa: 100 avisos en 8s
12:20:50 INFO    Barriendo Mitula (mitula)…
12:20:52 DEBUG   [toctoc] 106 avisos vía estado-embebido
12:20:52 DEBUG   [mitula] 30 avisos vía json-ld
12:20:53 WARNING Error en https://www.doomos.cl/departamentos-vitacura-arriendo (intento 1/3): HTTPSConnectionPool(host='www.doomos.cl', port=443): Read timed out. (read timeout=20)
12:20:54 DEBUG   [mitula] 30 avisos vía json-ld
12:20:54 INFO      mitula: 60 avisos en 4s
12:20:54 INFO    Barriendo Houm (houm)…
12:21:12 DEBUG   [toctoc] 106 avisos vía estado-embebido
12:21:12 INFO      toctoc: 762 avisos en 58s
12:21:12 INFO    Barriendo Hey! Homes (heyhomes)…
12:21:15 DEBUG   [heyhomes] 9 avisos vía tarjetas
12:21:15 INFO      heyhomes: 9 avisos en 3s
12:21:15 INFO    Barriendo AssetPlan (assetplan)…
12:21:15 WARNING Error en https://www.doomos.cl/departamentos-vitacura-arriendo (intento 2/3): HTTPSConnectionPool(host='www.doomos.cl', port=443): Read timed out. (read timeout=20)
12:21:26 INFO      assetplan: 0 avisos en 11s
12:21:26 INFO    Barriendo Engel & Völkers (engelvoelkers)…
12:21:33 DEBUG   [engelvoelkers] 17 avisos vía tarjetas
12:21:33 INFO      engelvoelkers: 17 avisos en 7s
12:21:33 INFO    Barriendo RE/MAX Chile (remax)…
12:21:36 DEBUG   [goplaceit] 30 avisos vía json-ld
12:21:39 WARNING Error en https://www.doomos.cl/departamentos-vitacura-arriendo (intento 3/3): HTTPSConnectionPool(host='www.doomos.cl', port=443): Read timed out. (read timeout=20)
12:21:39 WARNING   doomos: el sitio no respondió a tiempo
12:21:39 INFO      doomos: 0 avisos en 76s
12:21:39 INFO    Barriendo Fuenzalida Propiedades (fuenzalida)…
12:21:41 WARNING Se pasó del tiempo al abrir https://houm.com/cl/arriendo-departamentos-region-metropolitana/vitacura/3-dormitorios (TimeoutError); se lee lo que alcanzó a llegar
12:21:41 INFO      houm: 0 avisos en 47s
12:21:41 INFO    Barriendo Century 21 Chile (century21)…
12:21:42 INFO      remax: 0 avisos en 8s
12:21:42 INFO    Barriendo Property Partners (propertypartners)…
12:21:42 DEBUG   [fuenzalida] 12 avisos vía tarjetas
12:21:42 DEBUG   [propertypartners] 1 avisos vía tarjetas
12:21:42 INFO      propertypartners: 1 avisos en 0s
12:21:42 INFO    Barriendo Acceso Inmobiliario (accesoinmobiliario)…
12:21:42 INFO      century21: 0 avisos en 1s
12:21:42 INFO    Barriendo Magnolia Property (magnoliaproperty)…
12:21:43 DEBUG   [magnoliaproperty] 7 avisos vía tarjetas
12:21:43 INFO      magnoliaproperty: 7 avisos en 1s
12:21:43 INFO    Barriendo Portilla Propiedades (portillapropiedades)…
12:21:44 DEBUG   [portillapropiedades] 2 avisos vía tarjetas
12:21:44 INFO      portillapropiedades: 2 avisos en 0s
12:21:44 INFO    Barriendo Nativo Propiedades (nativopropiedades)…
12:21:44 DEBUG   [nativopropiedades] 7 avisos vía tarjetas
12:21:44 INFO      nativopropiedades: 7 avisos en 1s
12:21:44 INFO    Barriendo Enlace Inmobiliario (enlaceinmobiliario)…
12:21:45 WARNING https://www.enlaceinmobiliario.cl/ respondió 403
12:21:45 INFO    [enlaceinmobiliario] https://www.enlaceinmobiliario.cl/ rebotó al GET; se reintenta con navegador
12:21:45 DEBUG   [fuenzalida] 20 avisos vía tarjetas
12:21:46 DEBUG   [accesoinmobiliario] 13 avisos vía tarjetas
12:21:48 DEBUG   [fuenzalida] 20 avisos vía tarjetas
12:21:48 INFO      fuenzalida: 52 avisos en 9s
12:21:48 INFO    Barriendo Rentas.cl (rentas_cl)…
12:21:48 DEBUG   [accesoinmobiliario] 1 avisos vía tarjetas
12:21:50 DEBUG   [rentas_cl] 1 avisos vía json-ld
12:21:50 INFO      rentas_cl: 1 avisos en 2s
12:21:50 INFO    Barriendo Arriendos.cl (arriendos_cl)…
12:21:50 INFO      enlaceinmobiliario: 0 avisos en 6s
12:21:50 INFO    Barriendo Propiedades.cl (propiedades_cl)…
12:21:51 INFO      arriendos_cl: 0 avisos en 1s
12:21:51 INFO    Barriendo Clasificados.cl (clasificados_cl)…
12:21:51 DEBUG   [propiedades_cl] 6 avisos vía tarjetas
12:21:51 INFO      propiedades_cl: 6 avisos en 1s
12:21:52 DEBUG   [clasificados_cl] 1 avisos vía tarjetas
12:21:52 INFO      clasificados_cl: 1 avisos en 1s
12:21:53 DEBUG   [accesoinmobiliario] 1 avisos vía tarjetas
12:21:59 INFO      accesoinmobiliario: 15 avisos en 17s
12:22:08 INFO      goplaceit: 90 avisos en 115s
12:22:08 INFO    Total crudo: 1377 avisos
12:22:08 INFO    Después de deduplicar: 480
12:22:09 INFO    Pasaron los filtros: 65
12:22:39 DEBUG   [economicos] 1 avisos vía tarjetas
12:22:39 DEBUG   Ficha de BYN6Z sin candidato propio; no se fusiona
12:22:41 DEBUG   [economicos] 1 avisos vía tarjetas
12:22:43 DEBUG   [economicos] 1 avisos vía tarjetas
12:22:45 DEBUG   [economicos] 1 avisos vía tarjetas
12:22:47 DEBUG   [economicos] 1 avisos vía tarjetas
12:22:49 DEBUG   [economicos] 1 avisos vía tarjetas
12:22:52 DEBUG   [economicos] 1 avisos vía tarjetas
12:22:54 DEBUG   [economicos] 1 avisos vía tarjetas
12:22:54 DEBUG   Ficha de XEC3Z sin candidato propio; no se fusiona
12:22:56 DEBUG   [economicos] 1 avisos vía tarjetas
12:22:57 DEBUG   Pin del mapa para PFWNZ: -33.40583, -70.59765
12:22:57 DEBUG   Ficha de PFWNZ sin candidato propio; no se fusiona
12:23:03 DEBUG   [toctoc] 1 avisos vía estado-embebido
12:23:03 DEBUG   [busconido] 10 avisos vía tarjetas
12:23:03 DEBUG   Ficha de M5BBA sin candidato propio; no se fusiona
12:23:05 DEBUG   [busconido] 10 avisos vía tarjetas
12:23:05 DEBUG   Ficha de 9YJZ7 sin candidato propio; no se fusiona
12:23:07 DEBUG   [busconido] 11 avisos vía tarjetas
12:23:07 DEBUG   Ficha de 6MYB2 sin candidato propio; no se fusiona
12:23:09 DEBUG   [busconido] 11 avisos vía tarjetas
12:23:09 DEBUG   Ficha de RHUPZ sin candidato propio; no se fusiona
12:23:11 DEBUG   [busconido] 11 avisos vía tarjetas
12:23:11 DEBUG   Ficha de FBWKD sin candidato propio; no se fusiona
12:23:13 DEBUG   [busconido] 10 avisos vía tarjetas
12:23:13 DEBUG   Ficha de 6XJWK sin candidato propio; no se fusiona
12:23:15 DEBUG   [busconido] 11 avisos vía tarjetas
12:23:15 DEBUG   Ficha de ZXWT6 sin candidato propio; no se fusiona
12:23:17 DEBUG   [busconido] 11 avisos vía tarjetas
12:23:17 DEBUG   Ficha de 8RHX9 sin candidato propio; no se fusiona
12:23:19 DEBUG   [busconido] 11 avisos vía tarjetas
12:23:19 DEBUG   Ficha de 9WCGW sin candidato propio; no se fusiona
12:23:19 DEBUG   [economicos] 1 avisos vía tarjetas
12:23:19 INFO    Enriquecido y descartado: S84GC (arriendo de $3.108.725 sobre el máximo negociable de $1.904.000)
12:23:21 DEBUG   [busconido] 10 avisos vía tarjetas
12:23:21 DEBUG   Ficha de TNZW5 sin candidato propio; no se fusiona
12:23:21 DEBUG   [economicos] 1 avisos vía tarjetas
12:23:25 DEBUG   [engelvoelkers] 1 avisos vía tarjetas
12:23:25 INFO    Enriquecido y descartado: JS3SY (2 dormitorios, bajo el mínimo de 3)
12:23:25 WARNING https://www.bienesonline.cl/es/chile/llanquihue/propiedad/42585-campo-917-ha-valle-cochamo-x-region respondió 404
12:23:32 DEBUG   [toctoc] 1 avisos vía estado-embebido
12:23:37 DEBUG   [toctoc] 1 avisos vía estado-embebido
12:23:41 DEBUG   [chilepropiedades] 2 avisos vía json-ld
12:23:41 DEBUG   [economicos] 1 avisos vía tarjetas
12:23:48 DEBUG   [toctoc] 1 avisos vía estado-embebido
12:23:53 DEBUG   [toctoc] 1 avisos vía estado-embebido
12:24:00 DEBUG   La red no quedó en silencio en https://www.toctoc.com/propiedades/arriendocorredorasr/departamento/vitacura/moderno-depto-con-vista-panoramica/a3f11e3da22b023d55153cd78c67bf4d8e101cb9; se lee igual
12:24:07 DEBUG   [toctoc] 1 avisos vía estado-embebido
12:24:15 DEBUG   [toctoc] 1 avisos vía estado-embebido
12:24:20 DEBUG   [engelvoelkers] 1 avisos vía json-ld
12:24:25 DEBUG   [toctoc] 1 avisos vía estado-embebido
12:24:25 INFO    Enriquecido y descartado: 5ZREX (39 años (construido en 1987), sobre el máximo de 30)
12:24:25 WARNING robots.txt no permite https://www.nuroa.cl/adform/10342-912-5f3d-19e92d3-bae6-98ff4d8aca01-7f27?click_type=0&pos=14&searchType=1&page=1&section=1&t_sec=1&sectionType=1&pageViewId=53ffa4d2-1ba2-4abe-a273-b86743d8cdb1&t_pvid=53ffa4d2-1ba2-4abe-a273-b86743d8cdb1&userAgent=Mozilla%2F5.0+%28compatible%3B+radar-arriendos%2F1.0%3B+uso+personal%2C+busqueda+de+arriendo%3B+%2Bhttps%3A%2F%2Fgithub.com%2Falfonsoandona%2Farriendos-vitacura%29&browser=1&isHuman=true&userIp=57.151.128.195&what=vitacura+departamento&search_terms=vitacura+departamento&origin=1&t_or=1&splitTestId=0 — se omite
12:24:29 INFO    Enriquecido y descartado: 75BRH (arriendo de $2.931.142 sobre el máximo negociable de $1.904.000)
12:24:51 INFO    Enriquecido y descartado: 75BRH (arriendo de $2.149.504 sobre el máximo negociable de $1.904.000)
12:24:59 INFO    Enriquecido y descartado: 75BRH (arriendo de $1.954.095 sobre el máximo negociable de $1.904.000)
12:25:14 DEBUG   [toctoc] 1 avisos vía estado-embebido
12:25:20 DEBUG   [toctoc] 1 avisos vía estado-embebido
12:25:20 WARNING robots.txt no permite https://www.nuroa.cl/adform/10342-912-ee27-1a01d7c-a7bc-2ba3aed54f3e-81d8?click_type=0&pos=10&searchType=1&page=1&section=1&t_sec=1&sectionType=1&pageViewId=53ffa4d2-1ba2-4abe-a273-b86743d8cdb1&t_pvid=53ffa4d2-1ba2-4abe-a273-b86743d8cdb1&userAgent=Mozilla%2F5.0+%28compatible%3B+radar-arriendos%2F1.0%3B+uso+personal%2C+busqueda+de+arriendo%3B+%2Bhttps%3A%2F%2Fgithub.com%2Falfonsoandona%2Farriendos-vitacura%29&browser=1&isHuman=true&userIp=57.151.128.195&what=vitacura+departamento&search_terms=vitacura+departamento&origin=1&t_or=1&splitTestId=0 — se omite
12:25:29 DEBUG   [toctoc] 1 avisos vía estado-embebido
12:25:33 INFO    Enriquecido y descartado: 75BRH (arriendo de $4.611.664 sobre el máximo negociable de $1.904.000)
12:25:38 DEBUG   [mitula] 3 avisos vía tarjetas
12:25:38 INFO    Fichas leídas: 65 — 1 ganaron el año, 1 la dirección; 7 se descartaron al verlas (1 por viejos)
12:25:39 INFO    Listo: 0 avisados de 58 candidatos
