15:33:18 INFO    No se pudo traer la UF del día (ReadTimeout); se usa el respaldo
15:33:18 INFO    UF = $40.893.78 (caché de hace 0 día(s) — la API no respondió)
15:33:18 INFO    Barriendo TocToc (toctoc)…
15:33:18 INFO    Barriendo Chilepropiedades (chilepropiedades)…
15:33:18 INFO    Barriendo GoPlaceIt (goplaceit)…
15:33:18 INFO    Barriendo Yapo (yapo)…
15:33:18 DEBUG   [chilepropiedades] 10 avisos vía tarjetas
15:33:20 DEBUG   [chilepropiedades] 10 avisos vía tarjetas
15:33:22 INFO      yapo: 0 avisos en 4s
15:33:22 INFO    Barriendo BuscoNido (busconido)…
15:33:22 DEBUG   [chilepropiedades] 10 avisos vía tarjetas
15:33:22 INFO      chilepropiedades: 30 avisos en 4s
15:33:22 INFO    Barriendo BienesOnline (bienesonline)…
15:33:22 DEBUG   [goplaceit] 30 avisos vía json-ld
15:33:22 DEBUG   [busconido] 23 avisos vía tarjetas
15:33:22 INFO      busconido: 23 avisos en 1s
15:33:22 INFO    Barriendo Economicos (El Mercurio) (economicos)…
15:33:23 DEBUG   [economicos] 20 avisos vía tarjetas
15:33:23 DEBUG   [bienesonline] 10 avisos vía tarjetas
15:33:23 INFO      bienesonline: 10 avisos en 1s
15:33:23 INFO    Barriendo iCasas (icasas)…
15:33:24 DEBUG   [icasas] 15 avisos vía tarjetas
15:33:25 DEBUG   [economicos] 18 avisos vía tarjetas
15:33:26 DEBUG   [icasas] 15 avisos vía tarjetas
15:33:26 INFO      icasas: 30 avisos en 3s
15:33:26 INFO    Barriendo Doomos (doomos)…
15:33:26 DEBUG   La red no quedó en silencio en https://www.toctoc.com/arriendo/departamento/metropolitana/vitacura/3-dormitorios; se lee igual
15:33:27 DEBUG   [toctoc] 20 avisos vía json-ld
15:33:27 DEBUG   [economicos] 12 avisos vía tarjetas
15:33:27 INFO      economicos: 50 avisos en 5s
15:33:27 INFO    Barriendo Top Propiedades (toppropiedades)…
15:33:31 DEBUG   [toppropiedades] 1 avisos vía json-ld
15:33:33 DEBUG   [toppropiedades] 1 avisos vía json-ld
15:33:33 DEBUG   [doomos] 31 avisos vía tarjetas
15:33:33 INFO      doomos: 31 avisos en 8s
15:33:33 INFO    Barriendo Nuroa (nuroa)…
15:33:34 DEBUG   [toctoc] 20 avisos vía json-ld
15:33:34 DEBUG   Encoding detection: ascii is most likely the one.
15:33:35 DEBUG   [toppropiedades] 1 avisos vía json-ld
15:33:35 DEBUG   [nuroa] 25 avisos vía json-ld
15:33:37 DEBUG   [toppropiedades] 1 avisos vía json-ld
15:33:37 DEBUG   [nuroa] 25 avisos vía json-ld
15:33:39 DEBUG   [toppropiedades] 1 avisos vía json-ld
15:33:39 DEBUG   [nuroa] 25 avisos vía json-ld
15:33:41 DEBUG   La red no quedó en silencio en https://www.toctoc.com/arriendo/departamento/metropolitana/vitacura/3-dormitorios?pagina=3; se lee igual
15:33:41 DEBUG   [toppropiedades] 1 avisos vía json-ld
15:33:41 DEBUG   [toctoc] 20 avisos vía json-ld
15:33:41 DEBUG   [nuroa] 25 avisos vía json-ld
15:33:42 INFO      nuroa: 100 avisos en 8s
15:33:42 INFO    Barriendo Mitula (mitula)…
15:33:43 DEBUG   [toppropiedades] 1 avisos vía json-ld
15:33:43 DEBUG   [mitula] 30 avisos vía json-ld
15:33:45 DEBUG   [toppropiedades] 1 avisos vía json-ld
15:33:45 INFO      toppropiedades: 8 avisos en 18s
15:33:45 INFO    Barriendo Houm (houm)…
15:33:46 DEBUG   [mitula] 30 avisos vía json-ld
15:33:46 INFO      mitula: 60 avisos en 4s
15:33:46 INFO    Barriendo Hey! Homes (heyhomes)…
15:33:48 DEBUG   [toctoc] 20 avisos vía json-ld
15:33:49 DEBUG   [heyhomes] 9 avisos vía tarjetas
15:33:49 INFO      heyhomes: 9 avisos en 3s
15:33:49 INFO    Barriendo Engel & Völkers (engelvoelkers)…
15:33:51 DEBUG   [goplaceit] 30 avisos vía json-ld
15:33:55 DEBUG   La red no quedó en silencio en https://houm.com/cl/arriendo-departamentos-region-metropolitana/vitacura/3-dormitorios; se lee igual
15:33:55 DEBUG   [houm] 28 avisos vía json-ld
15:33:58 DEBUG   La red no quedó en silencio en https://www.toctoc.com/arriendo/departamento/metropolitana/vitacura/4-dormitorios?pagina=2; se lee igual
15:33:59 DEBUG   [toctoc] 20 avisos vía json-ld
15:33:59 DEBUG   [engelvoelkers] 17 avisos vía tarjetas
15:33:59 INFO      engelvoelkers: 17 avisos en 11s
15:33:59 INFO    Barriendo RE/MAX Chile (remax)…
15:34:07 DEBUG   La red no quedó en silencio en https://houm.com/cl/arriendo-departamento-región-metropolitana/las-condes/170742; se lee igual
15:34:07 DEBUG   [toctoc] 2 avisos vía json-ld
15:34:07 DEBUG   [houm] 1 avisos vía estado-embebido
15:34:07 INFO      toctoc: 102 avisos en 50s
15:34:07 INFO    Barriendo Fuenzalida Propiedades (fuenzalida)…
15:34:14 DEBUG   La red no quedó en silencio en https://www.remax.cl/es-cl/busqueda/metropolitana-de-santiago/santiago/vitacura/residencial-departamento/arriendo/; se lee igual
15:34:14 DEBUG   [remax] 5 avisos vía tarjetas
15:34:15 DEBUG   [fuenzalida] 16 avisos vía tarjetas
15:34:18 DEBUG   La red no quedó en silencio en https://houm.com/cl/arriendo-departamento-región-metropolitana/las-condes/175757; se lee igual
15:34:19 DEBUG   [houm] 1 avisos vía estado-embebido
15:34:23 DEBUG   [fuenzalida] 20 avisos vía tarjetas
15:34:25 DEBUG   La red no quedó en silencio en https://www.remax.cl/es-cl/busqueda/metropolitana-de-santiago/santiago/vitacura/residencial-departamento/arriendo/?page=2; se lee igual
15:34:26 DEBUG   [remax] 5 avisos vía tarjetas
15:34:26 INFO      remax: 10 avisos en 26s
15:34:26 INFO    Barriendo Century 21 Chile (century21)…
15:34:27 INFO      century21: 0 avisos en 1s
15:34:27 INFO    Barriendo Property Partners (propertypartners)…
15:34:27 DEBUG   [propertypartners] 1 avisos vía tarjetas
15:34:27 INFO      propertypartners: 1 avisos en 0s
15:34:27 INFO    Barriendo Acceso Inmobiliario (accesoinmobiliario)…
15:34:28 DEBUG   [fuenzalida] 20 avisos vía tarjetas
15:34:28 INFO      fuenzalida: 56 avisos en 21s
15:34:28 INFO    Barriendo Magnolia Property (magnoliaproperty)…
15:34:29 DEBUG   [magnoliaproperty] 7 avisos vía tarjetas
15:34:29 INFO      magnoliaproperty: 7 avisos en 1s
15:34:29 INFO    Barriendo Portilla Propiedades (portillapropiedades)…
15:34:29 DEBUG   [portillapropiedades] 2 avisos vía tarjetas
15:34:29 INFO      portillapropiedades: 2 avisos en 1s
15:34:29 INFO    Barriendo Nativo Propiedades (nativopropiedades)…
15:34:29 DEBUG   La red no quedó en silencio en https://houm.com/cl/arriendo-departamento-región-metropolitana/ñuñoa/164010; se lee igual
15:34:30 DEBUG   [houm] 1 avisos vía estado-embebido
15:34:30 DEBUG   [nativopropiedades] 10 avisos vía tarjetas
15:34:30 INFO      nativopropiedades: 10 avisos en 1s
15:34:30 INFO    Barriendo Enlace Inmobiliario (enlaceinmobiliario)…
15:34:30 WARNING https://www.enlaceinmobiliario.cl/ respondió 403
15:34:30 INFO    [enlaceinmobiliario] https://www.enlaceinmobiliario.cl/ rebotó al GET; se reintenta con navegador
15:34:32 DEBUG   [accesoinmobiliario] 16 avisos vía tarjetas
15:34:38 INFO      enlaceinmobiliario: 0 avisos en 8s
15:34:38 INFO    Barriendo Rentas.cl (rentas_cl)…
15:34:39 DEBUG   La red no quedó en silencio en https://houm.com/cl/arriendo-departamento-región-metropolitana/lo-barnechea/74201; se lee igual
15:34:40 DEBUG   [houm] 1 avisos vía estado-embebido
15:34:40 DEBUG   [rentas_cl] 1 avisos vía json-ld
15:34:40 INFO      rentas_cl: 1 avisos en 2s
15:34:40 INFO    Barriendo Arriendos.cl (arriendos_cl)…
15:34:40 DEBUG   [accesoinmobiliario] 1 avisos vía tarjetas
15:34:41 INFO      arriendos_cl: 0 avisos en 1s
15:34:41 INFO    Barriendo Propiedades.cl (propiedades_cl)…
15:34:42 DEBUG   [goplaceit] 30 avisos vía json-ld
15:34:43 DEBUG   [propiedades_cl] 6 avisos vía tarjetas
15:34:43 INFO      propiedades_cl: 6 avisos en 1s
15:34:43 INFO    Barriendo Clasificados.cl (clasificados_cl)…
15:34:46 DEBUG   [clasificados_cl] 1 avisos vía tarjetas
15:34:46 INFO      clasificados_cl: 1 avisos en 4s
15:34:48 DEBUG   La red no quedó en silencio en https://houm.com/cl/arriendo-departamento-región-metropolitana/providencia/175947; se lee igual
15:34:48 DEBUG   [houm] 1 avisos vía estado-embebido
15:34:56 DEBUG   La red no quedó en silencio en https://houm.com/cl/arriendo-departamento-región-metropolitana/ñuñoa/174379; se lee igual
15:34:56 DEBUG   [houm] 1 avisos vía estado-embebido
15:34:56 DEBUG   [accesoinmobiliario] 1 avisos vía tarjetas
15:35:03 DEBUG   [accesoinmobiliario] 1 avisos vía tarjetas
15:35:04 DEBUG   La red no quedó en silencio en https://houm.com/cl/arriendo-departamento-región-metropolitana/recoleta/178185; se lee igual
15:35:04 DEBUG   [houm] 1 avisos vía estado-embebido
15:35:07 DEBUG   [accesoinmobiliario] 1 avisos vía tarjetas
15:35:13 DEBUG   [accesoinmobiliario] 1 avisos vía tarjetas
15:35:14 DEBUG   La red no quedó en silencio en https://houm.com/cl/arriendo-departamento-región-metropolitana/las-condes/177842; se lee igual
15:35:14 DEBUG   [houm] 1 avisos vía estado-embebido
15:35:14 INFO      houm: 36 avisos en 90s
15:35:17 INFO      goplaceit: 90 avisos en 119s
15:35:17 INFO      accesoinmobiliario: 21 avisos en 49s
15:35:17 INFO    Total crudo: 711 avisos
15:35:17 INFO    Después de deduplicar: 457
15:35:17 INFO    Pasaron los filtros: 57
15:35:33 DEBUG   [economicos] 1 avisos vía tarjetas
15:35:53 WARNING Error en https://www.doomos.cl/de/1465886_arriendo-departamento-en-av-kennedy-vitacura.html (intento 1/3): HTTPSConnectionPool(host='www.doomos.cl', port=443): Read timed out. (read timeout=20)
15:36:15 WARNING Error en https://www.doomos.cl/de/1465886_arriendo-departamento-en-av-kennedy-vitacura.html (intento 2/3): HTTPSConnectionPool(host='www.doomos.cl', port=443): Read timed out. (read timeout=20)
15:36:34 DEBUG   [doomos] 18 avisos vía tarjetas
15:36:34 DEBUG   Ficha de YVT22 sin candidato propio; no se fusiona
15:36:35 DEBUG   Ficha de HW5MX sin candidato propio; no se fusiona
15:36:35 DEBUG   [economicos] 1 avisos vía tarjetas
15:36:37 DEBUG   [economicos] 1 avisos vía tarjetas
15:36:39 DEBUG   [economicos] 1 avisos vía tarjetas
15:36:41 DEBUG   [economicos] 1 avisos vía tarjetas
15:36:51 DEBUG   [doomos] 27 avisos vía tarjetas
15:36:51 DEBUG   Ficha de U44VT sin candidato propio; no se fusiona
15:37:02 DEBUG   [doomos] 27 avisos vía tarjetas
15:37:02 DEBUG   Ficha de KNAE9 sin candidato propio; no se fusiona
15:37:12 DEBUG   [doomos] 27 avisos vía tarjetas
15:37:12 DEBUG   Ficha de PR3QK sin candidato propio; no se fusiona
15:37:20 DEBUG   [doomos] 27 avisos vía tarjetas
15:37:20 DEBUG   Ficha de 2HWEW sin candidato propio; no se fusiona
15:37:20 DEBUG   [economicos] 1 avisos vía tarjetas
15:37:29 DEBUG   [doomos] 27 avisos vía tarjetas
15:37:29 DEBUG   Ficha de ZWNAN sin candidato propio; no se fusiona
15:37:29 DEBUG   [economicos] 1 avisos vía tarjetas
15:37:31 DEBUG   [economicos] 1 avisos vía tarjetas
15:37:31 DEBUG   Ficha de XEC3Z sin candidato propio; no se fusiona
15:37:33 DEBUG   [economicos] 1 avisos vía tarjetas
15:37:34 DEBUG   [magnoliaproperty] 2 avisos vía tarjetas
15:37:34 DEBUG   Ficha de 3PPPA sin candidato propio; no se fusiona
15:37:39 DEBUG   [toctoc] 1 avisos vía estado-embebido
15:37:40 DEBUG   [busconido] 10 avisos vía tarjetas
15:37:40 DEBUG   Ficha de TKTCZ sin candidato propio; no se fusiona
15:37:41 DEBUG   [doomos] 27 avisos vía tarjetas
15:37:41 DEBUG   Ficha de FQ6XQ sin candidato propio; no se fusiona
15:37:46 DEBUG   [engelvoelkers] 1 avisos vía json-ld
15:37:46 INFO    Enriquecido y descartado: 6F9PH (96 m² totales, no llega a más de 100 m²)
15:37:46 DEBUG   [busconido] 10 avisos vía tarjetas
15:37:46 DEBUG   Ficha de ZKWUC sin candidato propio; no se fusiona
15:37:48 DEBUG   [busconido] 10 avisos vía tarjetas
15:37:48 DEBUG   Ficha de X4AHM sin candidato propio; no se fusiona
15:37:48 DEBUG   [economicos] 1 avisos vía tarjetas
15:37:48 INFO    Enriquecido y descartado: S84GC (arriendo de $3.108.725 sobre el máximo negociable de $1.904.000)
15:37:50 DEBUG   [busconido] 11 avisos vía tarjetas
15:37:50 DEBUG   Ficha de B7P2V sin candidato propio; no se fusiona
15:37:54 INFO    Enriquecido y descartado: YAVJA (arriendo de $3.517.371 sobre el máximo negociable de $1.904.000)
15:37:54 DEBUG   [economicos] 1 avisos vía tarjetas
15:37:58 INFO    Enriquecido y descartado: CC2AY (arriendo de $2.032.258 sobre el máximo negociable de $1.904.000)
15:37:58 DEBUG   [busconido] 10 avisos vía tarjetas
15:37:58 DEBUG   Ficha de MV9WV sin candidato propio; no se fusiona
15:38:00 DEBUG   [doomos] 18 avisos vía tarjetas
15:38:00 DEBUG   Ficha de J5JN4 sin candidato propio; no se fusiona
15:38:12 DEBUG   [engelvoelkers] 1 avisos vía json-ld
15:38:14 DEBUG   [doomos] 27 avisos vía tarjetas
15:38:14 DEBUG   Ficha de P8XMT sin candidato propio; no se fusiona
15:38:19 DEBUG   [toctoc] 1 avisos vía estado-embebido
15:38:28 DEBUG   [toctoc] 1 avisos vía estado-embebido
15:38:28 DEBUG   [chilepropiedades] 2 avisos vía json-ld
15:38:35 DEBUG   La red no quedó en silencio en https://www.toctoc.com/arriendo/departamento/metropolitana/vitacura/b_dd470a6196689e0d8f0f051c723f233fb535a000; se lee igual
15:38:36 DEBUG   [toctoc] 1 avisos vía estado-embebido
15:38:40 INFO    Enriquecido y descartado: 75BRH (arriendo de $2.931.142 sobre el máximo negociable de $1.904.000)
15:39:03 INFO    Enriquecido y descartado: 75BRH (arriendo de $2.149.504 sobre el máximo negociable de $1.904.000)
15:39:06 INFO    Enriquecido y descartado: 75BRH (arriendo de $1.954.095 sobre el máximo negociable de $1.904.000)
15:39:23 DEBUG   [toctoc] 1 avisos vía estado-embebido
15:39:32 DEBUG   [toctoc] 1 avisos vía estado-embebido
15:39:36 INFO    Enriquecido y descartado: 75BRH (arriendo de $4.299.009 sobre el máximo negociable de $1.904.000)
15:39:41 INFO    Fichas leídas: 57 — 0 ganaron el año, 1 la dirección; 8 se descartaron al verlas (0 por viejos)
15:39:42 INFO    Listo: 0 avisados de 49 candidatos
