19:30:07 INFO    No se pudo traer la UF del día (ReadTimeout); se usa el respaldo
19:30:07 INFO    UF = $40.876.41 (caché de hace 0 día(s) — la API no respondió)
19:30:07 INFO    Barriendo TocToc (toctoc)…
19:30:07 INFO    Barriendo Chilepropiedades (chilepropiedades)…
19:30:07 INFO    Barriendo GoPlaceIt (goplaceit)…
19:30:07 INFO    Barriendo Yapo (yapo)…
19:30:07 DEBUG   [chilepropiedades] 10 avisos vía tarjetas
19:30:09 INFO      yapo: 0 avisos en 2s
19:30:09 INFO    Barriendo BuscoNido (busconido)…
19:30:09 DEBUG   [chilepropiedades] 10 avisos vía tarjetas
19:30:09 DEBUG   [busconido] 23 avisos vía tarjetas
19:30:09 INFO      busconido: 23 avisos en 0s
19:30:09 INFO    Barriendo BienesOnline (bienesonline)…
19:30:11 DEBUG   [bienesonline] 17 avisos vía tarjetas
19:30:11 INFO      bienesonline: 17 avisos en 1s
19:30:11 INFO    Barriendo Economicos (El Mercurio) (economicos)…
19:30:11 DEBUG   [chilepropiedades] 10 avisos vía tarjetas
19:30:11 INFO      chilepropiedades: 30 avisos en 5s
19:30:11 INFO    Barriendo iCasas (icasas)…
19:30:11 DEBUG   [goplaceit] 30 avisos vía json-ld
19:30:11 WARNING https://www.economicos.cl/search/propiedades/vitacura/arriendo/departamento/0 respondió 403
19:30:11 INFO    [economicos] https://www.economicos.cl/search/propiedades/vitacura/arriendo/departamento/0 rebotó al GET; se reintenta con navegador
19:30:12 DEBUG   [icasas] 15 avisos vía tarjetas
19:30:13 INFO      economicos: 0 avisos en 2s
19:30:13 INFO    Barriendo Doomos (doomos)…
19:30:13 WARNING https://www.doomos.cl/departamentos-vitacura-arriendo respondió 403
19:30:13 INFO    [doomos] https://www.doomos.cl/departamentos-vitacura-arriendo rebotó al GET; se reintenta con navegador
19:30:14 DEBUG   [icasas] 15 avisos vía tarjetas
19:30:14 INFO      icasas: 30 avisos en 2s
19:30:14 INFO    Barriendo Top Propiedades (toppropiedades)…
19:30:16 DEBUG   La red no quedó en silencio en https://www.toctoc.com/arriendo/departamento/metropolitana/vitacura/3-dormitorios; se lee igual
19:30:17 DEBUG   [toctoc] 20 avisos vía json-ld
19:30:18 DEBUG   [toppropiedades] 1 avisos vía json-ld
19:30:18 INFO      doomos: 0 avisos en 5s
19:30:18 INFO    Barriendo Nuroa (nuroa)…
19:30:19 DEBUG   Encoding detection: ascii is most likely the one.
19:30:20 DEBUG   [nuroa] 25 avisos vía json-ld
19:30:20 DEBUG   [toppropiedades] 1 avisos vía json-ld
19:30:22 DEBUG   [toppropiedades] 1 avisos vía json-ld
19:30:22 DEBUG   [nuroa] 25 avisos vía json-ld
19:30:24 DEBUG   [nuroa] 25 avisos vía json-ld
19:30:24 DEBUG   [toppropiedades] 1 avisos vía json-ld
19:30:25 DEBUG   La red no quedó en silencio en https://www.toctoc.com/arriendo/departamento/metropolitana/vitacura/3-dormitorios?pagina=2; se lee igual
19:30:26 DEBUG   [toppropiedades] 1 avisos vía json-ld
19:30:26 DEBUG   [nuroa] 25 avisos vía json-ld
19:30:27 INFO      nuroa: 100 avisos en 9s
19:30:27 INFO    Barriendo Mitula (mitula)…
19:30:27 DEBUG   [toctoc] 68 avisos vía json-ld
19:30:27 WARNING https://casas.mitula.cl/casas/arriendo-departamentos-vitacura respondió 401
19:30:27 INFO    [mitula] https://casas.mitula.cl/casas/arriendo-departamentos-vitacura rebotó al GET; se reintenta con navegador
19:30:28 DEBUG   [toppropiedades] 1 avisos vía json-ld
19:30:30 DEBUG   [toppropiedades] 1 avisos vía json-ld
19:30:31 INFO      mitula: 0 avisos en 4s
19:30:31 INFO    Barriendo Houm (houm)…
19:30:32 DEBUG   [toppropiedades] 1 avisos vía json-ld
19:30:32 INFO      toppropiedades: 8 avisos en 18s
19:30:32 INFO    Barriendo Hey! Homes (heyhomes)…
19:30:35 DEBUG   [heyhomes] 9 avisos vía tarjetas
19:30:35 INFO      heyhomes: 9 avisos en 3s
19:30:35 INFO    Barriendo Engel & Völkers (engelvoelkers)…
19:30:35 DEBUG   La red no quedó en silencio en https://www.toctoc.com/arriendo/departamento/metropolitana/vitacura/3-dormitorios?pagina=3; se lee igual
19:30:38 WARNING [toctoc] https://www.toctoc.com/arriendo/departamento/metropolitana/vitacura/3-dormitorios?pagina=3 falló: Page.content: Unable to retrieve content because the page is navigating and changing the content.
19:30:41 DEBUG   La red no quedó en silencio en https://houm.com/cl/arriendo-departamentos-region-metropolitana/vitacura/3-dormitorios; se lee igual
19:30:42 DEBUG   [houm] 28 avisos vía json-ld
19:30:44 DEBUG   [toctoc] 20 avisos vía json-ld
19:30:46 DEBUG   [engelvoelkers] 14 avisos vía tarjetas
19:30:46 INFO      engelvoelkers: 14 avisos en 12s
19:30:46 INFO    Barriendo RE/MAX Chile (remax)…
19:30:53 DEBUG   La red no quedó en silencio en https://houm.com/cl/arriendo-departamento-región-metropolitana/las-condes/170742; se lee igual
19:30:54 DEBUG   [houm] 1 avisos vía estado-embebido
19:30:56 DEBUG   La red no quedó en silencio en https://www.toctoc.com/arriendo/departamento/metropolitana/vitacura/4-dormitorios?pagina=2; se lee igual
19:30:56 DEBUG   [toctoc] 44 avisos vía json-ld
19:30:59 DEBUG   [goplaceit] 30 avisos vía json-ld
19:30:59 INFO      remax: 0 avisos en 13s
19:30:59 INFO    Barriendo Fuenzalida Propiedades (fuenzalida)…
19:31:03 DEBUG   [fuenzalida] 16 avisos vía tarjetas
19:31:06 DEBUG   [fuenzalida] 20 avisos vía tarjetas
19:31:06 DEBUG   [toctoc] 4 avisos vía json-ld
19:31:06 WARNING   toctoc: Page.content: Unable to retrieve content because the page is navigating and changing the content.
19:31:06 INFO      toctoc: 156 avisos en 59s
19:31:06 INFO    Barriendo Century 21 Chile (century21)…
19:31:06 DEBUG   La red no quedó en silencio en https://houm.com/cl/arriendo-departamento-región-metropolitana/las-condes/175757; se lee igual
19:31:07 DEBUG   [houm] 1 avisos vía estado-embebido
19:31:07 INFO      century21: 0 avisos en 1s
19:31:07 INFO    Barriendo Property Partners (propertypartners)…
19:31:08 DEBUG   [propertypartners] 1 avisos vía tarjetas
19:31:08 INFO      propertypartners: 1 avisos en 1s
19:31:08 INFO    Barriendo Acceso Inmobiliario (accesoinmobiliario)…
19:31:09 DEBUG   [fuenzalida] 20 avisos vía tarjetas
19:31:09 INFO      fuenzalida: 56 avisos en 9s
19:31:09 INFO    Barriendo Magnolia Property (magnoliaproperty)…
19:31:09 DEBUG   [magnoliaproperty] 7 avisos vía tarjetas
19:31:09 INFO      magnoliaproperty: 7 avisos en 0s
19:31:09 INFO    Barriendo Portilla Propiedades (portillapropiedades)…
19:31:10 DEBUG   [portillapropiedades] 2 avisos vía tarjetas
19:31:10 INFO      portillapropiedades: 2 avisos en 1s
19:31:10 INFO    Barriendo Nativo Propiedades (nativopropiedades)…
19:31:11 DEBUG   [nativopropiedades] 7 avisos vía tarjetas
19:31:11 INFO      nativopropiedades: 7 avisos en 1s
19:31:11 INFO    Barriendo Enlace Inmobiliario (enlaceinmobiliario)…
19:31:11 WARNING https://www.enlaceinmobiliario.cl/ respondió 403
19:31:11 INFO    [enlaceinmobiliario] https://www.enlaceinmobiliario.cl/ rebotó al GET; se reintenta con navegador
19:31:13 DEBUG   [accesoinmobiliario] 15 avisos vía tarjetas
19:31:14 DEBUG   La red no quedó en silencio en https://houm.com/cl/arriendo-departamento-región-metropolitana/ñuñoa/174379; se lee igual
19:31:15 DEBUG   [houm] 1 avisos vía estado-embebido
19:31:18 INFO      enlaceinmobiliario: 0 avisos en 7s
19:31:18 INFO    Barriendo Rentas.cl (rentas_cl)…
19:31:21 DEBUG   [rentas_cl] 1 avisos vía json-ld
19:31:21 DEBUG   [accesoinmobiliario] 1 avisos vía tarjetas
19:31:21 INFO      rentas_cl: 1 avisos en 2s
19:31:21 INFO    Barriendo Arriendos.cl (arriendos_cl)…
19:31:22 INFO      arriendos_cl: 0 avisos en 1s
19:31:22 INFO    Barriendo Propiedades.cl (propiedades_cl)…
19:31:22 DEBUG   [propiedades_cl] 6 avisos vía tarjetas
19:31:22 INFO      propiedades_cl: 6 avisos en 1s
19:31:22 INFO    Barriendo Clasificados.cl (clasificados_cl)…
19:31:25 DEBUG   [clasificados_cl] 1 avisos vía tarjetas
19:31:25 INFO      clasificados_cl: 1 avisos en 3s
19:31:25 DEBUG   La red no quedó en silencio en https://houm.com/cl/arriendo-departamento-región-metropolitana/recoleta/178185; se lee igual
19:31:26 DEBUG   [houm] 1 avisos vía estado-embebido
19:31:34 DEBUG   La red no quedó en silencio en https://houm.com/cl/arriendo-departamento-región-metropolitana/las-condes/177842; se lee igual
19:31:35 DEBUG   [houm] 1 avisos vía estado-embebido
19:31:43 DEBUG   La red no quedó en silencio en https://houm.com/cl/arriendo-departamento-región-metropolitana/recoleta/176958; se lee igual
19:31:43 DEBUG   [houm] 1 avisos vía estado-embebido
19:31:45 DEBUG   [accesoinmobiliario] 1 avisos vía tarjetas
19:31:45 INFO      accesoinmobiliario: 17 avisos en 37s
19:31:46 DEBUG   [goplaceit] 30 avisos vía json-ld
19:31:52 DEBUG   La red no quedó en silencio en https://houm.com/cl/arriendo-departamento-región-metropolitana/recoleta/90462; se lee igual
19:31:53 DEBUG   [houm] 1 avisos vía estado-embebido
19:32:00 DEBUG   La red no quedó en silencio en https://houm.com/cl/arriendo-departamento-región-metropolitana/ñuñoa/178435; se lee igual
19:32:00 DEBUG   [houm] 1 avisos vía estado-embebido
19:32:00 INFO      houm: 36 avisos en 89s
19:32:09 INFO      goplaceit: 90 avisos en 122s
19:32:09 INFO    Total crudo: 611 avisos
19:32:09 INFO    Después de deduplicar: 363
19:32:09 INFO    Libreta: 1 entradas de un extractor viejo se olvidan
19:32:09 DEBUG   Libreta: cantidad maxima de habitantes 5555 se construyó en 2011 (accesoinmobiliario)
19:32:09 DEBUG   Libreta: n de la casa 133 se construyó en 2020 (accesoinmobiliario)
19:32:09 INFO    Pasaron los filtros: 94
19:32:50 DEBUG   Ficha de HW5MX sin candidato propio; no se fusiona
19:32:55 DEBUG   Pin del mapa para 926YZ: -33.40410, -70.59081
19:32:55 DEBUG   [toctoc] 1 avisos vía estado-embebido
19:32:55 INFO    Enriquecido y descartado: P9HA4 (arriendo de $2.575.297 sobre el máximo negociable de $1.904.000)
19:33:01 DEBUG   Pin del mapa para 6KA2M: -33.39825, -70.57415
19:33:01 DEBUG   [toctoc] 1 avisos vía estado-embebido
19:33:01 INFO    Enriquecido y descartado: 6KA2M (arriendo de $3.065.830 sobre el máximo negociable de $1.904.000)
19:33:06 DEBUG   Pin del mapa para WUDC7: -33.40513, -70.59400
19:33:06 DEBUG   [toctoc] 1 avisos vía estado-embebido
19:33:06 INFO    Enriquecido y descartado: BYPVE (100 m² totales, no llega a más de 100 m²)
19:33:13 DEBUG   La red no quedó en silencio en https://www.toctoc.com/arriendo/departamento/metropolitana/vitacura/b_27306c12598b6f7418e61e917a711b6e2042dee5; se lee igual
19:33:13 DEBUG   Pin del mapa para A3DAT: -33.37213, -70.54192
19:33:13 DEBUG   [toctoc] 1 avisos vía estado-embebido
19:33:13 INFO    Enriquecido y descartado: A3DAT (arriendo de $4.496.550 sobre el máximo negociable de $1.904.000)
19:33:19 DEBUG   Pin del mapa para 7NBMB: -33.39741, -70.58910
19:33:19 DEBUG   [toctoc] 1 avisos vía estado-embebido
19:33:19 INFO    Enriquecido y descartado: 7NBMB (arriendo de $2.411.786 sobre el máximo negociable de $1.904.000)
19:33:25 DEBUG   [toctoc] 1 avisos vía estado-embebido
19:33:26 DEBUG   [busconido] 10 avisos vía tarjetas
19:33:26 DEBUG   Ficha de XFEWE sin candidato propio; no se fusiona
19:33:28 DEBUG   [busconido] 11 avisos vía tarjetas
19:33:28 DEBUG   Ficha de CSRGJ sin candidato propio; no se fusiona
19:33:30 DEBUG   [busconido] 10 avisos vía tarjetas
19:33:30 DEBUG   Ficha de KTFQD sin candidato propio; no se fusiona
19:33:32 DEBUG   [busconido] 11 avisos vía tarjetas
19:33:32 DEBUG   Ficha de 46TGY sin candidato propio; no se fusiona
19:33:34 DEBUG   [busconido] 11 avisos vía tarjetas
19:33:34 DEBUG   Ficha de EQH7P sin candidato propio; no se fusiona
19:33:39 DEBUG   [toctoc] 1 avisos vía estado-embebido
19:33:39 INFO    Enriquecido y descartado: 42KXU (arriendo de $3.270.218 sobre el máximo negociable de $1.904.000)
19:33:43 INFO    Enriquecido y descartado: YAVJA (arriendo de $3.517.371 sobre el máximo negociable de $1.904.000)
19:33:49 DEBUG   Pin del mapa para 2CV94: -33.40143, -70.58206
19:33:49 DEBUG   [toctoc] 1 avisos vía estado-embebido
19:33:49 INFO    Enriquecido y descartado: NBFJR (arriendo de $3.065.830 sobre el máximo negociable de $1.904.000)
19:33:54 DEBUG   Pin del mapa para 7DDFW: -33.39704, -70.58926
19:33:54 DEBUG   [toctoc] 1 avisos vía estado-embebido
19:33:54 INFO    Enriquecido y descartado: XX76M (arriendo de $3.678.996 sobre el máximo negociable de $1.904.000)
19:34:00 DEBUG   Pin del mapa para RR676: -33.40632, -70.59601
19:34:00 DEBUG   [toctoc] 1 avisos vía estado-embebido
19:34:00 INFO    Enriquecido y descartado: KRW5G (33 años (construido en 1993), sobre el máximo de 30)
19:34:05 DEBUG   Pin del mapa para JX2H8: -33.37100, -70.54310
19:34:05 DEBUG   [toctoc] 1 avisos vía estado-embebido
19:34:05 INFO    Enriquecido y descartado: JX2H8 (arriendo de $3.678.996 sobre el máximo negociable de $1.904.000)
19:34:12 DEBUG   La red no quedó en silencio en https://www.toctoc.com/arriendo/departamento/metropolitana/vitacura/b_f922600412a2de8d42ccc86e574c80c57e015eac; se lee igual
19:34:12 DEBUG   Pin del mapa para E4WAD: -33.39546, -70.59965
19:34:12 DEBUG   [toctoc] 1 avisos vía estado-embebido
19:34:12 INFO    Enriquecido y descartado: TVY5S (arriendo de $3.474.607 sobre el máximo negociable de $1.904.000)
19:34:19 DEBUG   Pin del mapa para 6JZTZ: -33.40602, -70.59617
19:34:19 DEBUG   [toctoc] 1 avisos vía estado-embebido
19:34:19 INFO    Enriquecido y descartado: T3P3G (arriendo de $3.600.000 sobre el máximo negociable de $1.904.000)
19:34:26 DEBUG   Pin del mapa para TWM7T: -33.36858, -70.54374
19:34:26 DEBUG   [toctoc] 1 avisos vía estado-embebido
19:34:26 INFO    Enriquecido y descartado: VM5YC (arriendo de $3.883.384 sobre el máximo negociable de $1.904.000)
19:34:31 DEBUG   Pin del mapa para CSV7D: -33.40591, -70.59624
19:34:31 DEBUG   [toctoc] 1 avisos vía estado-embebido
19:34:31 INFO    Enriquecido y descartado: CHMX5 (arriendo de $2.700.000 sobre el máximo negociable de $1.904.000)
19:34:38 DEBUG   Pin del mapa para QJRRW: -33.39747, -70.57429
19:34:38 DEBUG   [toctoc] 1 avisos vía estado-embebido
19:34:38 INFO    Enriquecido y descartado: 2E849 (arriendo de $3.065.830 sobre el máximo negociable de $1.904.000)
19:34:44 DEBUG   Pin del mapa para GDEV4: -33.40522, -70.59529
19:34:44 DEBUG   [toctoc] 1 avisos vía estado-embebido
19:34:44 INFO    Enriquecido y descartado: URZMS (arriendo de $3.600.000 sobre el máximo negociable de $1.904.000)
19:34:49 DEBUG   Pin del mapa para VB9ST: -33.38575, -70.56115
19:34:49 DEBUG   [toctoc] 1 avisos vía estado-embebido
19:34:49 INFO    Enriquecido y descartado: VZXBC (arriendo de $3.474.607 sobre el máximo negociable de $1.904.000)
19:34:56 DEBUG   La red no quedó en silencio en https://www.toctoc.com/arriendo/departamento/metropolitana/vitacura/b_fdb4b03bf40a845a9531de6e18e3c2511bbd30ad; se lee igual
19:34:56 DEBUG   Pin del mapa para MVQQV: -33.40571, -70.59718
19:34:56 DEBUG   [toctoc] 1 avisos vía estado-embebido
19:34:56 INFO    Enriquecido y descartado: DZCSP (arriendo de $3.270.218 sobre el máximo negociable de $1.904.000)
19:35:02 DEBUG   Pin del mapa para B8V89: -33.37497, -70.52501
19:35:02 DEBUG   [toctoc] 1 avisos vía estado-embebido
19:35:02 INFO    Enriquecido y descartado: 82VWD (arriendo de $2.370.908 sobre el máximo negociable de $1.904.000)
19:35:08 DEBUG   Pin del mapa para 9YQR3: -33.37213, -70.54192
19:35:08 DEBUG   [toctoc] 1 avisos vía estado-embebido
19:35:08 INFO    Enriquecido y descartado: E9R23 (arriendo de $4.496.550 sobre el máximo negociable de $1.904.000)
19:35:12 DEBUG   Pin del mapa para ERRDS: -33.40255, -70.59464
19:35:12 DEBUG   [toctoc] 1 avisos vía estado-embebido
19:35:12 INFO    Enriquecido y descartado: TT59B (arriendo de $5.068.839 sobre el máximo negociable de $1.904.000)
19:35:19 DEBUG   La red no quedó en silencio en https://www.toctoc.com/arriendo/departamento/metropolitana/vitacura/b_cf231cc4be5d52cee72df353527c953380f1969c; se lee igual
19:35:20 DEBUG   Pin del mapa para H9DEU: -33.39311, -70.58799
19:35:20 DEBUG   [toctoc] 1 avisos vía estado-embebido
19:35:20 INFO    Enriquecido y descartado: H9DEU (arriendo de $1.962.131 sobre el máximo negociable de $1.904.000)
19:35:23 INFO    Enriquecido y descartado: CC2AY (arriendo de $2.032.258 sobre el máximo negociable de $1.904.000)
19:35:28 DEBUG   Pin del mapa para EJMU3: -33.39788, -70.58897
19:35:28 DEBUG   [toctoc] 1 avisos vía estado-embebido
19:35:28 INFO    Enriquecido y descartado: W6ATB (arriendo de $2.411.786 sobre el máximo negociable de $1.904.000)
19:35:34 DEBUG   Pin del mapa para HCBT4: -33.40571, -70.59352
19:35:34 DEBUG   [toctoc] 1 avisos vía estado-embebido
19:35:34 INFO    Enriquecido y descartado: XGTG5 (45 años (construido en 1981), sobre el máximo de 30)
19:35:39 DEBUG   Pin del mapa para M4AFN: -33.39652, -70.58803
19:35:39 DEBUG   [toctoc] 1 avisos vía estado-embebido
19:35:39 INFO    Enriquecido y descartado: M4AFN (arriendo de $5.722.882 sobre el máximo negociable de $1.904.000)
19:35:46 DEBUG   [toctoc] 1 avisos vía estado-embebido
19:35:46 INFO    Enriquecido y descartado: BXBRK (arriendo de $3.065.830 sobre el máximo negociable de $1.904.000)
19:35:53 DEBUG   La red no quedó en silencio en https://www.toctoc.com/arriendo/departamento/metropolitana/vitacura/b_60c896dc7ea4d0e24d546307b9894f437f2f800f; se lee igual
19:35:53 DEBUG   [toctoc] 1 avisos vía estado-embebido
19:35:53 INFO    Enriquecido y descartado: 4PNXC (arriendo de $3.065.830 sobre el máximo negociable de $1.904.000)
19:35:58 DEBUG   Pin del mapa para D2GPN: -33.39031, -70.59455
19:35:58 DEBUG   [toctoc] 1 avisos vía estado-embebido
19:35:58 INFO    Enriquecido y descartado: YNANX (arriendo de $3.270.218 sobre el máximo negociable de $1.904.000)
19:36:04 DEBUG   Pin del mapa para X3YFD: -33.40596, -70.59695
19:36:04 DEBUG   [toctoc] 1 avisos vía estado-embebido
19:36:04 INFO    Enriquecido y descartado: B5SVA (arriendo de $3.270.218 sobre el máximo negociable de $1.904.000)
19:36:09 DEBUG   Pin del mapa para JS3C5: -33.37683, -70.54385
19:36:09 DEBUG   [toctoc] 1 avisos vía estado-embebido
19:36:09 INFO    Enriquecido y descartado: 4JZ9G (arriendo de $1.962.131 sobre el máximo negociable de $1.904.000)
19:36:16 DEBUG   La red no quedó en silencio en https://www.toctoc.com/arriendo/departamento/metropolitana/vitacura/b_19b6cbf407996bb9cc8f03a492457c793e75ffea; se lee igual
19:36:41 DEBUG   [toctoc] 1 avisos vía estado-embebido
19:36:41 INFO    Enriquecido y descartado: QTDYS (arriendo de $3.270.218 sobre el máximo negociable de $1.904.000)
19:36:46 DEBUG   [toctoc] 1 avisos vía estado-embebido
19:36:46 INFO    Enriquecido y descartado: XYCGS (arriendo de $2.411.786 sobre el máximo negociable de $1.904.000)
19:36:52 DEBUG   [toctoc] 1 avisos vía estado-embebido
19:36:52 INFO    Enriquecido y descartado: B2N6Q (arriendo de $3.270.218 sobre el máximo negociable de $1.904.000)
19:36:52 DEBUG   [busconido] 10 avisos vía tarjetas
19:36:52 DEBUG   Ficha de 93APS sin candidato propio; no se fusiona
19:36:54 DEBUG   [busconido] 10 avisos vía tarjetas
19:36:54 DEBUG   Ficha de 45SXZ sin candidato propio; no se fusiona
19:37:00 DEBUG   [toctoc] 1 avisos vía estado-embebido
19:37:08 DEBUG   [engelvoelkers] 1 avisos vía json-ld
19:37:14 DEBUG   [toctoc] 1 avisos vía estado-embebido
19:37:18 DEBUG   [chilepropiedades] 2 avisos vía json-ld
19:37:23 DEBUG   [toctoc] 1 avisos vía estado-embebido
19:37:30 DEBUG   [toctoc] 1 avisos vía estado-embebido
19:37:30 INFO    Enriquecido y descartado: 2VPS4 (arriendo de $4.006.018 sobre el máximo negociable de $1.904.000)
19:37:36 DEBUG   [toctoc] 1 avisos vía estado-embebido
19:37:36 INFO    Enriquecido y descartado: QKSRR (arriendo de $3.474.607 sobre el máximo negociable de $1.904.000)
19:37:41 DEBUG   [toctoc] 1 avisos vía estado-embebido
19:37:41 INFO    Enriquecido y descartado: WPEBD (arriendo de $2.043.887 sobre el máximo negociable de $1.904.000)
19:37:45 INFO    Enriquecido y descartado: 75BRH (arriendo de $2.931.142 sobre el máximo negociable de $1.904.000)
19:37:50 DEBUG   [toctoc] 1 avisos vía estado-embebido
19:37:50 INFO    Enriquecido y descartado: THCTF (arriendo de $2.493.542 sobre el máximo negociable de $1.904.000)
19:37:57 DEBUG   La red no quedó en silencio en https://www.toctoc.com/arriendo/departamento/metropolitana/vitacura/b_4bb544c817b4855f15a4edd487ffe91619b2ea4c; se lee igual
19:37:57 DEBUG   [toctoc] 1 avisos vía estado-embebido
19:37:57 INFO    Enriquecido y descartado: MM5R4 (arriendo de $3.678.996 sobre el máximo negociable de $1.904.000)
19:38:24 DEBUG   [toctoc] 1 avisos vía estado-embebido
19:38:24 INFO    Enriquecido y descartado: 373NR (arriendo de $3.638.118 sobre el máximo negociable de $1.904.000)
19:38:30 DEBUG   [toctoc] 1 avisos vía estado-embebido
19:38:33 INFO    Enriquecido y descartado: 75BRH (arriendo de $1.954.095 sobre el máximo negociable de $1.904.000)
19:38:50 DEBUG   [toctoc] 1 avisos vía estado-embebido
19:38:55 DEBUG   [toctoc] 1 avisos vía estado-embebido
19:38:55 INFO    Enriquecido y descartado: 4V73Z (arriendo de $4.700.939 sobre el máximo negociable de $1.904.000)
19:39:01 DEBUG   [toctoc] 1 avisos vía estado-embebido
19:39:01 INFO    Enriquecido y descartado: ZDZSQ (arriendo de $2.248.275 sobre el máximo negociable de $1.904.000)
19:39:08 DEBUG   La red no quedó en silencio en https://www.toctoc.com/arriendo/departamento/metropolitana/vitacura/b_70250cafe96b0cfb65091be7ab43dd8275930762; se lee igual
19:39:08 DEBUG   [toctoc] 1 avisos vía estado-embebido
19:39:08 INFO    Enriquecido y descartado: 8YSPF (arriendo de $4.500.000 sobre el máximo negociable de $1.904.000)
19:39:15 DEBUG   La red no quedó en silencio en https://www.toctoc.com/arriendo/departamento/metropolitana/vitacura/b_d0b41f84a990505cbf3360992a0f55bee303881a; se lee igual
19:39:15 DEBUG   [toctoc] 1 avisos vía estado-embebido
19:39:15 INFO    Enriquecido y descartado: 3N59D (arriendo de $3.065.830 sobre el máximo negociable de $1.904.000)
19:39:21 DEBUG   [toctoc] 1 avisos vía estado-embebido
19:39:21 INFO    Enriquecido y descartado: 4W5ZG (arriendo de $3.597.240 sobre el máximo negociable de $1.904.000)
19:39:26 DEBUG   [toctoc] 1 avisos vía estado-embebido
19:39:26 INFO    Enriquecido y descartado: JKM2T (arriendo de $2.289.153 sobre el máximo negociable de $1.904.000)
19:39:37 DEBUG   La red no quedó en silencio en https://www.toctoc.com/arriendo/departamento/metropolitana/vitacura/b_4bc544611a5e0bd2ed0afb5dc04c208bcb7e955f; se lee igual
19:39:47 DEBUG   La red no quedó en silencio en https://www.toctoc.com/arriendo/departamento/metropolitana/vitacura/b_d71a7ddb30f6f1640c63c4c765ff48caf0b22f55; se lee igual
19:39:47 DEBUG   [toctoc] 1 avisos vía estado-embebido
19:39:47 INFO    Enriquecido y descartado: KWC9W (arriendo de $3.082.000 sobre el máximo negociable de $1.904.000)
19:39:55 DEBUG   [toctoc] 1 avisos vía estado-embebido
19:40:01 DEBUG   La red no quedó en silencio en https://www.toctoc.com/arriendo/departamento/metropolitana/vitacura/b_5a83ec5d9ddeec1014e84fbdea5c301beaad18d5; se lee igual
19:40:02 DEBUG   [toctoc] 1 avisos vía estado-embebido
19:40:09 DEBUG   La red no quedó en silencio en https://www.toctoc.com/arriendo/departamento/metropolitana/vitacura/b_a3f11e3da22b023d55153cd78c67bf4d8e101cb9; se lee igual
19:40:09 DEBUG   [toctoc] 1 avisos vía estado-embebido
19:40:15 DEBUG   [toctoc] 1 avisos vía estado-embebido
19:40:20 DEBUG   [toctoc] 1 avisos vía estado-embebido
19:40:26 DEBUG   [toctoc] 1 avisos vía estado-embebido
19:40:32 DEBUG   [toctoc] 1 avisos vía estado-embebido
19:40:36 INFO    Enriquecido y descartado: 75BRH (arriendo de $4.299.009 sobre el máximo negociable de $1.904.000)
19:40:42 DEBUG   [toctoc] 1 avisos vía estado-embebido
19:40:42 INFO    Enriquecido y descartado: 479XJ (arriendo de $3.392.852 sobre el máximo negociable de $1.904.000)
19:40:48 DEBUG   [toctoc] 1 avisos vía estado-embebido
19:40:56 DEBUG   [toctoc] 1 avisos vía estado-embebido
19:40:56 INFO    Enriquecido y descartado: C7YR9 (arriendo de $2.125.642 sobre el máximo negociable de $1.904.000)
19:40:56 INFO    Fichas leídas: 94 — 7 ganaron el año, 24 la dirección; 53 se descartaron al verlas (2 por viejos)
19:40:58 INFO    Listo: 0 avisados de 41 candidatos
