12:29:16 INFO    No se pudo traer la UF del día (ReadTimeout); se usa el respaldo
12:29:16 INFO    UF = $40.863.23 (caché de hace 1 día(s) — la API no respondió)
12:29:16 INFO    Barriendo TocToc (toctoc)…
12:29:16 INFO    Barriendo Chilepropiedades (chilepropiedades)…
12:29:16 INFO    Barriendo GoPlaceIt (goplaceit)…
12:29:16 INFO    Barriendo Yapo (yapo)…
12:29:16 DEBUG   [chilepropiedades] 10 avisos vía tarjetas
12:29:18 INFO      yapo: 0 avisos en 2s
12:29:18 INFO    Barriendo BuscoNido (busconido)…
12:29:18 DEBUG   [chilepropiedades] 10 avisos vía tarjetas
12:29:18 DEBUG   [busconido] 23 avisos vía tarjetas
12:29:18 INFO      busconido: 23 avisos en 1s
12:29:18 INFO    Barriendo BienesOnline (bienesonline)…
12:29:19 DEBUG   [bienesonline] 15 avisos vía tarjetas
12:29:19 INFO      bienesonline: 15 avisos en 1s
12:29:19 INFO    Barriendo Economicos (El Mercurio) (economicos)…
12:29:20 WARNING https://www.economicos.cl/search/propiedades/vitacura/arriendo/departamento/0 respondió 403
12:29:20 INFO    [economicos] https://www.economicos.cl/search/propiedades/vitacura/arriendo/departamento/0 rebotó al GET; se reintenta con navegador
12:29:20 DEBUG   [chilepropiedades] 10 avisos vía tarjetas
12:29:20 INFO      chilepropiedades: 30 avisos en 4s
12:29:20 INFO    Barriendo iCasas (icasas)…
12:29:21 DEBUG   [icasas] 15 avisos vía tarjetas
12:29:22 DEBUG   [goplaceit] 30 avisos vía json-ld
12:29:23 DEBUG   [icasas] 15 avisos vía tarjetas
12:29:23 INFO      icasas: 30 avisos en 3s
12:29:23 INFO    Barriendo Doomos (doomos)…
12:29:23 INFO      economicos: 0 avisos en 4s
12:29:23 INFO    Barriendo Top Propiedades (toppropiedades)…
12:29:25 DEBUG   [doomos] 31 avisos vía tarjetas
12:29:25 INFO      doomos: 31 avisos en 2s
12:29:25 INFO    Barriendo Nuroa (nuroa)…
12:29:26 DEBUG   Encoding detection: ascii is most likely the one.
12:29:26 DEBUG   [nuroa] 25 avisos vía json-ld
12:29:27 DEBUG   [toppropiedades] 1 avisos vía json-ld
12:29:29 DEBUG   [toppropiedades] 1 avisos vía json-ld
12:29:29 DEBUG   [nuroa] 25 avisos vía json-ld
12:29:31 DEBUG   [nuroa] 25 avisos vía json-ld
12:29:31 DEBUG   [toppropiedades] 1 avisos vía json-ld
12:29:32 DEBUG   [toctoc] 148 avisos vía estado-embebido
12:29:33 DEBUG   [nuroa] 25 avisos vía json-ld
12:29:33 INFO      nuroa: 100 avisos en 8s
12:29:33 INFO    Barriendo Mitula (mitula)…
12:29:33 DEBUG   [toppropiedades] 1 avisos vía json-ld
12:29:33 WARNING https://casas.mitula.cl/casas/arriendo-departamentos-vitacura respondió 401
12:29:33 INFO    [mitula] https://casas.mitula.cl/casas/arriendo-departamentos-vitacura rebotó al GET; se reintenta con navegador
12:29:35 DEBUG   [toppropiedades] 1 avisos vía json-ld
12:29:36 INFO      mitula: 0 avisos en 3s
12:29:36 INFO    Barriendo Houm (houm)…
12:29:37 DEBUG   [toppropiedades] 1 avisos vía json-ld
12:29:38 DEBUG   [toctoc] 148 avisos vía estado-embebido
12:29:39 DEBUG   [toppropiedades] 1 avisos vía json-ld
12:29:41 DEBUG   [toppropiedades] 1 avisos vía json-ld
12:29:41 INFO      toppropiedades: 8 avisos en 18s
12:29:41 INFO    Barriendo Hey! Homes (heyhomes)…
12:29:43 DEBUG   [heyhomes] 9 avisos vía tarjetas
12:29:43 INFO      heyhomes: 9 avisos en 3s
12:29:43 INFO    Barriendo AssetPlan (assetplan)…
12:29:45 DEBUG   La red no quedó en silencio en https://houm.com/cl/arriendo-departamentos-region-metropolitana/vitacura/3-dormitorios; se lee igual
12:29:45 DEBUG   [houm] 28 avisos vía json-ld
12:29:46 DEBUG   [toctoc] 148 avisos vía estado-embebido
12:29:55 INFO      assetplan: 0 avisos en 11s
12:29:55 INFO    Barriendo Engel & Völkers (engelvoelkers)…
12:29:56 DEBUG   La red no quedó en silencio en https://houm.com/cl/arriendo-departamento-región-metropolitana/las-condes/170742; se lee igual
12:29:56 DEBUG   [houm] 1 avisos vía estado-embebido
12:30:03 DEBUG   [engelvoelkers] 17 avisos vía tarjetas
12:30:03 INFO      engelvoelkers: 17 avisos en 8s
12:30:03 INFO    Barriendo RE/MAX Chile (remax)…
12:30:04 DEBUG   La red no quedó en silencio en https://www.toctoc.com/arriendo/departamento/metropolitana/vitacura/4-dormitorios; se lee igual
12:30:05 DEBUG   [toctoc] 108 avisos vía estado-embebido
12:30:07 DEBUG   [goplaceit] 30 avisos vía json-ld
12:30:10 DEBUG   La red no quedó en silencio en https://houm.com/cl/arriendo-departamento-región-metropolitana/las-condes/175757; se lee igual
12:30:10 DEBUG   [houm] 1 avisos vía estado-embebido
12:30:14 DEBUG   La red no quedó en silencio en https://www.remax.cl/es-cl/busqueda/metropolitana-de-santiago/santiago/vitacura/residencial-departamento/arriendo/; se lee igual
12:30:14 DEBUG   [remax] 6 avisos vía tarjetas
12:30:16 DEBUG   [toctoc] 108 avisos vía estado-embebido
12:30:23 DEBUG   La red no quedó en silencio en https://houm.com/cl/arriendo-departamento-región-metropolitana/ñuñoa/176912; se lee igual
12:30:23 DEBUG   [houm] 1 avisos vía estado-embebido
12:30:25 DEBUG   La red no quedó en silencio en https://www.remax.cl/es-cl/busqueda/metropolitana-de-santiago/santiago/vitacura/residencial-departamento/arriendo/?page=2; se lee igual
12:30:25 DEBUG   [remax] 6 avisos vía tarjetas
12:30:25 INFO      remax: 12 avisos en 23s
12:30:25 INFO    Barriendo Fuenzalida Propiedades (fuenzalida)…
12:30:27 DEBUG   [toctoc] 108 avisos vía estado-embebido
12:30:27 INFO      toctoc: 768 avisos en 71s
12:30:27 INFO    Barriendo Century 21 Chile (century21)…
12:30:29 INFO      century21: 0 avisos en 2s
12:30:29 INFO    Barriendo Property Partners (propertypartners)…
12:30:29 DEBUG   [fuenzalida] 12 avisos vía tarjetas
12:30:30 DEBUG   [propertypartners] 1 avisos vía tarjetas
12:30:30 INFO      propertypartners: 1 avisos en 1s
12:30:30 INFO    Barriendo Acceso Inmobiliario (accesoinmobiliario)…
12:30:33 DEBUG   [fuenzalida] 20 avisos vía tarjetas
12:30:34 DEBUG   La red no quedó en silencio en https://houm.com/cl/arriendo-departamento-región-metropolitana/ñuñoa/174379; se lee igual
12:30:34 DEBUG   [houm] 1 avisos vía estado-embebido
12:30:36 DEBUG   [accesoinmobiliario] 13 avisos vía tarjetas
12:30:37 DEBUG   [fuenzalida] 20 avisos vía tarjetas
12:30:37 INFO      fuenzalida: 52 avisos en 11s
12:30:37 INFO    Barriendo Magnolia Property (magnoliaproperty)…
12:30:38 DEBUG   [magnoliaproperty] 6 avisos vía tarjetas
12:30:38 INFO      magnoliaproperty: 6 avisos en 1s
12:30:38 INFO    Barriendo Portilla Propiedades (portillapropiedades)…
12:30:38 DEBUG   [portillapropiedades] 2 avisos vía tarjetas
12:30:38 INFO      portillapropiedades: 2 avisos en 1s
12:30:38 INFO    Barriendo Nativo Propiedades (nativopropiedades)…
12:30:39 DEBUG   [nativopropiedades] 7 avisos vía tarjetas
12:30:39 INFO      nativopropiedades: 7 avisos en 1s
12:30:39 INFO    Barriendo Enlace Inmobiliario (enlaceinmobiliario)…
12:30:39 WARNING https://www.enlaceinmobiliario.cl/ respondió 403
12:30:39 INFO    [enlaceinmobiliario] https://www.enlaceinmobiliario.cl/ rebotó al GET; se reintenta con navegador
12:30:40 DEBUG   [accesoinmobiliario] 1 avisos vía tarjetas
12:30:43 DEBUG   La red no quedó en silencio en https://houm.com/cl/arriendo-departamento-región-metropolitana/recoleta/176958; se lee igual
12:30:43 DEBUG   [houm] 1 avisos vía estado-embebido
12:30:45 DEBUG   [accesoinmobiliario] 1 avisos vía tarjetas
12:30:47 INFO      enlaceinmobiliario: 0 avisos en 8s
12:30:47 INFO    Barriendo Rentas.cl (rentas_cl)…
12:30:49 DEBUG   [rentas_cl] 1 avisos vía json-ld
12:30:49 INFO      rentas_cl: 1 avisos en 2s
12:30:49 INFO    Barriendo Arriendos.cl (arriendos_cl)…
12:30:50 INFO      arriendos_cl: 0 avisos en 1s
12:30:50 INFO    Barriendo Propiedades.cl (propiedades_cl)…
12:30:51 DEBUG   [propiedades_cl] 6 avisos vía tarjetas
12:30:51 INFO      propiedades_cl: 6 avisos en 1s
12:30:51 INFO    Barriendo Clasificados.cl (clasificados_cl)…
12:30:53 DEBUG   La red no quedó en silencio en https://houm.com/cl/arriendo-departamento-región-metropolitana/recoleta/90462; se lee igual
12:30:53 DEBUG   [houm] 1 avisos vía estado-embebido
12:30:53 DEBUG   [accesoinmobiliario] 1 avisos vía tarjetas
12:30:55 DEBUG   [clasificados_cl] 1 avisos vía tarjetas
12:30:55 INFO      clasificados_cl: 1 avisos en 4s
12:30:56 DEBUG   [goplaceit] 30 avisos vía json-ld
12:31:00 DEBUG   La red no quedó en silencio en https://houm.com/cl/arriendo-departamento-región-metropolitana/recoleta/177459; se lee igual
12:31:00 DEBUG   [houm] 1 avisos vía estado-embebido
12:31:03 INFO      accesoinmobiliario: 16 avisos en 34s
12:31:09 DEBUG   La red no quedó en silencio en https://houm.com/cl/arriendo-departamento-región-metropolitana/independencia/167934; se lee igual
12:31:09 DEBUG   [houm] 1 avisos vía estado-embebido
12:31:09 INFO      houm: 36 avisos en 93s
12:31:22 INFO      goplaceit: 90 avisos en 126s
12:31:22 INFO    Total crudo: 1261 avisos
12:31:22 INFO    Después de deduplicar: 418
12:31:22 INFO    Pasaron los filtros: 61
12:31:43 DEBUG   [doomos] 18 avisos vía tarjetas
12:31:43 DEBUG   Ficha de YVT22 sin candidato propio; no se fusiona
12:31:43 DEBUG   Ficha de BYN6Z sin candidato propio; no se fusiona
12:31:45 DEBUG   [doomos] 26 avisos vía tarjetas
12:31:45 DEBUG   Ficha de U44VT sin candidato propio; no se fusiona
12:31:47 DEBUG   [doomos] 27 avisos vía tarjetas
12:31:47 DEBUG   Ficha de ZWNAN sin candidato propio; no se fusiona
12:31:49 DEBUG   [doomos] 27 avisos vía tarjetas
12:31:49 DEBUG   Ficha de 2HWEW sin candidato propio; no se fusiona
12:31:50 DEBUG   [busconido] 11 avisos vía tarjetas
12:31:50 DEBUG   Ficha de 6M7Z8 sin candidato propio; no se fusiona
12:31:52 DEBUG   [busconido] 11 avisos vía tarjetas
12:31:52 DEBUG   Ficha de BFHTK sin candidato propio; no se fusiona
12:31:54 DEBUG   [busconido] 10 avisos vía tarjetas
12:31:54 DEBUG   Ficha de VWVRP sin candidato propio; no se fusiona
12:31:56 DEBUG   [busconido] 10 avisos vía tarjetas
12:31:56 DEBUG   Ficha de 364V9 sin candidato propio; no se fusiona
12:31:58 DEBUG   [busconido] 11 avisos vía tarjetas
12:31:58 DEBUG   Ficha de 96SA3 sin candidato propio; no se fusiona
12:32:04 DEBUG   [toctoc] 1 avisos vía estado-embebido
12:32:04 DEBUG   [busconido] 10 avisos vía tarjetas
12:32:04 DEBUG   Ficha de FUZK5 sin candidato propio; no se fusiona
12:32:06 DEBUG   [busconido] 10 avisos vía tarjetas
12:32:06 DEBUG   Ficha de 577CB sin candidato propio; no se fusiona
12:32:08 DEBUG   [busconido] 10 avisos vía tarjetas
12:32:08 DEBUG   Ficha de DV3NN sin candidato propio; no se fusiona
12:32:10 DEBUG   [busconido] 10 avisos vía tarjetas
12:32:10 DEBUG   Ficha de WGGPF sin candidato propio; no se fusiona
12:32:12 DEBUG   [busconido] 11 avisos vía tarjetas
12:32:12 DEBUG   Ficha de X2JYT sin candidato propio; no se fusiona
12:32:14 DEBUG   [busconido] 11 avisos vía tarjetas
12:32:14 DEBUG   Ficha de 6FNE3 sin candidato propio; no se fusiona
12:32:16 DEBUG   [busconido] 10 avisos vía tarjetas
12:32:16 DEBUG   Ficha de 3VW8K sin candidato propio; no se fusiona
12:32:18 DEBUG   [busconido] 11 avisos vía tarjetas
12:32:18 DEBUG   Ficha de P2FKE sin candidato propio; no se fusiona
12:32:20 DEBUG   [busconido] 11 avisos vía tarjetas
12:32:20 DEBUG   Ficha de ENWMY sin candidato propio; no se fusiona
12:32:25 DEBUG   [busconido] 10 avisos vía tarjetas
12:32:25 DEBUG   Ficha de UVQY7 sin candidato propio; no se fusiona
12:32:25 WARNING https://www.bienesonline.cl/es/chile/llanquihue/propiedad/42585-campo-917-ha-valle-cochamo-x-region respondió 404
12:32:26 DEBUG   [doomos] 18 avisos vía tarjetas
12:32:26 DEBUG   Ficha de J5JN4 sin candidato propio; no se fusiona
12:32:31 DEBUG   [toctoc] 1 avisos vía estado-embebido
12:32:36 DEBUG   [toctoc] 1 avisos vía estado-embebido
12:32:42 DEBUG   [doomos] 27 avisos vía tarjetas
12:32:42 DEBUG   Ficha de P8XMT sin candidato propio; no se fusiona
12:32:42 DEBUG   [chilepropiedades] 2 avisos vía json-ld
12:32:49 DEBUG   La red no quedó en silencio en https://www.toctoc.com/propiedades/arriendocorredorasr/departamento/vitacura/comodo-dpto-3d-2b-2e-1b---gran-conectividad/a53cae6c0d28506642016de8e1d7585a855b6c6c; se lee igual
12:32:49 DEBUG   [toctoc] 1 avisos vía estado-embebido
12:32:55 DEBUG   [toctoc] 1 avisos vía estado-embebido
12:32:59 DEBUG   [toctoc] 1 avisos vía estado-embebido
12:33:06 DEBUG   La red no quedó en silencio en https://www.toctoc.com/propiedades/arriendocorredorasr/departamento/vitacura/departamento-en-arriendo-amoblado-3-dorm-vitacura/5a83ec5d9ddeec1014e84fbdea5c301beaad18d5; se lee igual
12:33:06 DEBUG   [toctoc] 1 avisos vía estado-embebido
12:33:12 DEBUG   [toctoc] 1 avisos vía estado-embebido
12:33:19 DEBUG   [toctoc] 1 avisos vía estado-embebido
12:33:23 DEBUG   [toctoc] 1 avisos vía estado-embebido
12:33:23 INFO    Enriquecido y descartado: 5ZREX (39 años (construido en 1987), sobre el máximo de 30)
12:33:23 WARNING robots.txt no permite https://www.nuroa.cl/adform/10342-912-5f3d-19e92d3-bae6-98ff4d8aca01-7f27?click_type=0&pos=19&searchType=1&page=1&section=1&t_sec=1&sectionType=1&pageViewId=69da0ecd-c134-494b-ba2a-94495e4b9e2c&t_pvid=69da0ecd-c134-494b-ba2a-94495e4b9e2c&userAgent=Mozilla%2F5.0+%28compatible%3B+radar-arriendos%2F1.0%3B+uso+personal%2C+busqueda+de+arriendo%3B+%2Bhttps%3A%2F%2Fgithub.com%2Falfonsoandona%2Farriendos-vitacura%29&browser=1&isHuman=true&userIp=52.173.164.20&what=vitacura+departamento&search_terms=vitacura+departamento&origin=1&t_or=1&splitTestId=0 — se omite
12:33:27 DEBUG   [engelvoelkers] 1 avisos vía json-ld
12:33:31 INFO    Enriquecido y descartado: 75BRH (arriendo de $2.931.142 sobre el máximo negociable de $1.904.000)
12:33:52 INFO    Enriquecido y descartado: 75BRH (arriendo de $2.149.504 sobre el máximo negociable de $1.904.000)
12:34:00 INFO    Enriquecido y descartado: 75BRH (arriendo de $1.954.095 sobre el máximo negociable de $1.904.000)
12:34:15 DEBUG   [toctoc] 1 avisos vía estado-embebido
12:34:20 DEBUG   [toctoc] 1 avisos vía estado-embebido
12:34:20 WARNING robots.txt no permite https://www.nuroa.cl/adform/10342-912-ee27-1a01d7c-a7bc-2ba3aed54f3e-81d8?click_type=0&pos=15&searchType=1&page=1&section=1&t_sec=1&sectionType=1&pageViewId=69da0ecd-c134-494b-ba2a-94495e4b9e2c&t_pvid=69da0ecd-c134-494b-ba2a-94495e4b9e2c&userAgent=Mozilla%2F5.0+%28compatible%3B+radar-arriendos%2F1.0%3B+uso+personal%2C+busqueda+de+arriendo%3B+%2Bhttps%3A%2F%2Fgithub.com%2Falfonsoandona%2Farriendos-vitacura%29&browser=1&isHuman=true&userIp=52.173.164.20&what=vitacura+departamento&search_terms=vitacura+departamento&origin=1&t_or=1&splitTestId=0 — se omite
12:34:28 DEBUG   [toctoc] 1 avisos vía estado-embebido
12:34:32 INFO    Enriquecido y descartado: 75BRH (arriendo de $4.611.664 sobre el máximo negociable de $1.904.000)
12:34:35 INFO    Fichas leídas: 61 — 1 ganaron el año, 0 la dirección; 5 se descartaron al verlas (1 por viejos)
12:34:36 INFO    Listo: 0 avisados de 56 candidatos
