17:11:21 INFO    UF = $40.861.91 (API del día)
17:11:21 INFO    Barriendo TocToc (toctoc)…
17:11:21 INFO    Barriendo Chilepropiedades (chilepropiedades)…
17:11:21 INFO    Barriendo GoPlaceIt (goplaceit)…
17:11:21 INFO    Barriendo Yapo (yapo)…
17:11:21 DEBUG   [chilepropiedades] 10 avisos vía tarjetas
17:11:23 DEBUG   [yapo] 30 avisos vía tarjetas
17:11:23 DEBUG   [chilepropiedades] 10 avisos vía tarjetas
17:11:24 DEBUG   [goplaceit] 30 avisos vía json-ld
17:11:25 DEBUG   [yapo] 30 avisos vía tarjetas
17:11:25 DEBUG   [chilepropiedades] 10 avisos vía tarjetas
17:11:25 INFO      chilepropiedades: 30 avisos en 5s
17:11:25 INFO    Barriendo BuscoNido (busconido)…
17:11:26 DEBUG   [busconido] 23 avisos vía tarjetas
17:11:26 INFO      busconido: 23 avisos en 1s
17:11:26 INFO    Barriendo BienesOnline (bienesonline)…
17:11:27 DEBUG   [yapo] 30 avisos vía tarjetas
17:11:27 INFO      yapo: 90 avisos en 6s
17:11:27 INFO    Barriendo Economicos (El Mercurio) (economicos)…
17:11:27 DEBUG   [toctoc] 74 avisos vía json-ld
17:11:27 WARNING https://www.economicos.cl/search/propiedades/vitacura/arriendo/departamento/0 respondió 403
17:11:27 INFO    [economicos] https://www.economicos.cl/search/propiedades/vitacura/arriendo/departamento/0 rebotó al GET; se reintenta con navegador
17:11:27 DEBUG   [bienesonline] 15 avisos vía tarjetas
17:11:27 INFO      bienesonline: 15 avisos en 1s
17:11:27 INFO    Barriendo iCasas (icasas)…
17:11:28 DEBUG   [icasas] 15 avisos vía tarjetas
17:11:30 INFO      economicos: 0 avisos en 3s
17:11:30 INFO    Barriendo Doomos (doomos)…
17:11:30 DEBUG   [icasas] 15 avisos vía tarjetas
17:11:30 INFO      icasas: 30 avisos en 3s
17:11:30 INFO    Barriendo Top Propiedades (toppropiedades)…
17:11:31 DEBUG   [doomos] 31 avisos vía tarjetas
17:11:31 INFO      doomos: 31 avisos en 2s
17:11:31 INFO    Barriendo Nuroa (nuroa)…
17:11:32 DEBUG   Encoding detection: ascii is most likely the one.
17:11:33 DEBUG   [nuroa] 25 avisos vía json-ld
17:11:34 DEBUG   [toppropiedades] 1 avisos vía json-ld
17:11:35 DEBUG   [nuroa] 25 avisos vía json-ld
17:11:36 DEBUG   [toppropiedades] 1 avisos vía json-ld
17:11:37 DEBUG   [nuroa] 25 avisos vía json-ld
17:11:38 DEBUG   [toppropiedades] 1 avisos vía json-ld
17:11:40 DEBUG   [toctoc] 148 avisos vía estado-embebido
17:11:40 DEBUG   [nuroa] 25 avisos vía json-ld
17:11:40 DEBUG   [toppropiedades] 1 avisos vía json-ld
17:11:40 INFO      nuroa: 100 avisos en 9s
17:11:40 INFO    Barriendo Mitula (mitula)…
17:11:42 DEBUG   [toppropiedades] 1 avisos vía json-ld
17:11:42 DEBUG   [mitula] 30 avisos vía json-ld
17:11:44 DEBUG   [toppropiedades] 1 avisos vía json-ld
17:11:44 DEBUG   [mitula] 30 avisos vía json-ld
17:11:44 INFO      mitula: 60 avisos en 4s
17:11:44 INFO    Barriendo Houm (houm)…
17:11:46 DEBUG   [toppropiedades] 1 avisos vía json-ld
17:11:48 DEBUG   [toppropiedades] 1 avisos vía json-ld
17:11:48 INFO      toppropiedades: 8 avisos en 18s
17:11:48 INFO    Barriendo Hey! Homes (heyhomes)…
17:11:51 DEBUG   [heyhomes] 9 avisos vía tarjetas
17:11:51 INFO      heyhomes: 9 avisos en 3s
17:11:51 INFO    Barriendo AssetPlan (assetplan)…
17:11:52 DEBUG   [toctoc] 148 avisos vía estado-embebido
17:11:53 DEBUG   La red no quedó en silencio en https://houm.com/cl/arriendo-departamentos-region-metropolitana/vitacura/3-dormitorios; se lee igual
17:11:54 DEBUG   [houm] 28 avisos vía json-ld
17:12:03 DEBUG   [toctoc] 106 avisos vía estado-embebido
17:12:03 INFO      assetplan: 0 avisos en 13s
17:12:03 INFO    Barriendo Engel & Völkers (engelvoelkers)…
17:12:06 DEBUG   [goplaceit] 30 avisos vía json-ld
17:12:09 DEBUG   La red no quedó en silencio en https://houm.com/cl/arriendo-departamento-región-metropolitana/las-condes/170742; se lee igual
17:12:09 DEBUG   [houm] 1 avisos vía estado-embebido
17:12:13 DEBUG   [engelvoelkers] 17 avisos vía tarjetas
17:12:13 INFO      engelvoelkers: 17 avisos en 10s
17:12:13 INFO    Barriendo RE/MAX Chile (remax)…
17:12:15 DEBUG   [toctoc] 106 avisos vía estado-embebido
17:12:21 INFO      remax: 0 avisos en 8s
17:12:21 INFO    Barriendo Fuenzalida Propiedades (fuenzalida)…
17:12:21 DEBUG   La red no quedó en silencio en https://houm.com/cl/arriendo-departamento-región-metropolitana/las-condes/175757; se lee igual
17:12:22 DEBUG   [houm] 1 avisos vía estado-embebido
17:12:24 DEBUG   [fuenzalida] 12 avisos vía tarjetas
17:12:27 DEBUG   [fuenzalida] 20 avisos vía tarjetas
17:12:28 DEBUG   La red no quedó en silencio en https://www.toctoc.com/arriendo/departamento/metropolitana/vitacura/4-dormitorios?pagina=3; se lee igual
17:12:30 DEBUG   [toctoc] 106 avisos vía estado-embebido
17:12:30 INFO      toctoc: 688 avisos en 69s
17:12:30 INFO    Barriendo Century 21 Chile (century21)…
17:12:30 DEBUG   [fuenzalida] 20 avisos vía tarjetas
17:12:30 INFO      fuenzalida: 52 avisos en 9s
17:12:30 INFO    Barriendo Property Partners (propertypartners)…
17:12:31 DEBUG   [propertypartners] 1 avisos vía tarjetas
17:12:31 INFO      propertypartners: 1 avisos en 0s
17:12:31 INFO    Barriendo Acceso Inmobiliario (accesoinmobiliario)…
17:12:31 INFO      century21: 0 avisos en 1s
17:12:31 INFO    Barriendo Magnolia Property (magnoliaproperty)…
17:12:32 DEBUG   [magnoliaproperty] 7 avisos vía tarjetas
17:12:32 INFO      magnoliaproperty: 7 avisos en 1s
17:12:32 INFO    Barriendo Portilla Propiedades (portillapropiedades)…
17:12:32 DEBUG   [portillapropiedades] 2 avisos vía tarjetas
17:12:32 INFO      portillapropiedades: 2 avisos en 0s
17:12:32 INFO    Barriendo Nativo Propiedades (nativopropiedades)…
17:12:33 DEBUG   [nativopropiedades] 7 avisos vía tarjetas
17:12:33 INFO      nativopropiedades: 7 avisos en 1s
17:12:33 INFO    Barriendo Enlace Inmobiliario (enlaceinmobiliario)…
17:12:33 DEBUG   La red no quedó en silencio en https://houm.com/cl/arriendo-departamento-región-metropolitana/ñuñoa/176912; se lee igual
17:12:33 WARNING https://www.enlaceinmobiliario.cl/ respondió 403
17:12:33 INFO    [enlaceinmobiliario] https://www.enlaceinmobiliario.cl/ rebotó al GET; se reintenta con navegador
17:12:33 DEBUG   [houm] 1 avisos vía estado-embebido
17:12:35 DEBUG   [accesoinmobiliario] 13 avisos vía tarjetas
17:12:38 INFO      enlaceinmobiliario: 0 avisos en 6s
17:12:38 INFO    Barriendo Rentas.cl (rentas_cl)…
17:12:40 DEBUG   [rentas_cl] 1 avisos vía json-ld
17:12:40 INFO      rentas_cl: 1 avisos en 2s
17:12:40 INFO    Barriendo Arriendos.cl (arriendos_cl)…
17:12:41 DEBUG   [accesoinmobiliario] 1 avisos vía tarjetas
17:12:42 INFO      arriendos_cl: 0 avisos en 1s
17:12:42 INFO    Barriendo Propiedades.cl (propiedades_cl)…
17:12:42 DEBUG   [propiedades_cl] 6 avisos vía tarjetas
17:12:42 INFO      propiedades_cl: 6 avisos en 1s
17:12:42 INFO    Barriendo Clasificados.cl (clasificados_cl)…
17:12:45 INFO      clasificados_cl: 0 avisos en 2s
17:12:45 DEBUG   La red no quedó en silencio en https://houm.com/cl/arriendo-departamento-región-metropolitana/ñuñoa/174379; se lee igual
17:12:45 DEBUG   [houm] 1 avisos vía estado-embebido
17:12:47 DEBUG   [accesoinmobiliario] 1 avisos vía tarjetas
17:12:54 DEBUG   [goplaceit] 30 avisos vía json-ld
17:12:54 DEBUG   La red no quedó en silencio en https://houm.com/cl/arriendo-departamento-región-metropolitana/recoleta/176958; se lee igual
17:12:54 DEBUG   [houm] 1 avisos vía estado-embebido
17:13:01 INFO      accesoinmobiliario: 15 avisos en 30s
17:13:03 DEBUG   La red no quedó en silencio en https://houm.com/cl/arriendo-departamento-región-metropolitana/recoleta/90462; se lee igual
17:13:03 DEBUG   [houm] 1 avisos vía estado-embebido
17:13:11 DEBUG   La red no quedó en silencio en https://houm.com/cl/arriendo-departamento-región-metropolitana/recoleta/177459; se lee igual
17:13:11 DEBUG   [houm] 1 avisos vía estado-embebido
17:13:18 DEBUG   La red no quedó en silencio en https://houm.com/cl/arriendo-departamento-región-metropolitana/independencia/167934; se lee igual
17:13:18 DEBUG   [houm] 1 avisos vía estado-embebido
17:13:18 INFO      houm: 36 avisos en 94s
17:13:21 INFO      goplaceit: 90 avisos en 120s
17:13:21 INFO    Total crudo: 1318 avisos
17:13:21 INFO    Después de deduplicar: 487
17:13:21 INFO    Pasaron los filtros: 66
17:13:56 DEBUG   [doomos] 18 avisos vía tarjetas
17:13:56 DEBUG   Ficha de YVT22 sin candidato propio; no se fusiona
17:13:56 DEBUG   Ficha de BYN6Z sin candidato propio; no se fusiona
17:14:02 DEBUG   [doomos] 26 avisos vía tarjetas
17:14:02 DEBUG   Ficha de U44VT sin candidato propio; no se fusiona
17:14:02 DEBUG   [doomos] 27 avisos vía tarjetas
17:14:02 DEBUG   Ficha de ZWNAN sin candidato propio; no se fusiona
17:14:05 DEBUG   [doomos] 27 avisos vía tarjetas
17:14:05 DEBUG   Ficha de 2HWEW sin candidato propio; no se fusiona
17:14:11 DEBUG   [toctoc] 1 avisos vía estado-embebido
17:14:11 DEBUG   [busconido] 10 avisos vía tarjetas
17:14:11 DEBUG   Ficha de M5BBA sin candidato propio; no se fusiona
17:14:13 DEBUG   [busconido] 10 avisos vía tarjetas
17:14:13 DEBUG   Ficha de 9YJZ7 sin candidato propio; no se fusiona
17:14:15 DEBUG   [busconido] 11 avisos vía tarjetas
17:14:15 DEBUG   Ficha de 6MYB2 sin candidato propio; no se fusiona
17:14:17 DEBUG   [busconido] 11 avisos vía tarjetas
17:14:17 DEBUG   Ficha de RHUPZ sin candidato propio; no se fusiona
17:14:19 DEBUG   [busconido] 11 avisos vía tarjetas
17:14:19 DEBUG   Ficha de FBWKD sin candidato propio; no se fusiona
17:14:21 DEBUG   [busconido] 10 avisos vía tarjetas
17:14:21 DEBUG   Ficha de 6XJWK sin candidato propio; no se fusiona
17:14:23 DEBUG   [busconido] 11 avisos vía tarjetas
17:14:23 DEBUG   Ficha de ZXWT6 sin candidato propio; no se fusiona
17:14:25 DEBUG   [busconido] 11 avisos vía tarjetas
17:14:25 DEBUG   Ficha de 8RHX9 sin candidato propio; no se fusiona
17:14:27 DEBUG   [busconido] 11 avisos vía tarjetas
17:14:27 DEBUG   Ficha de 9WCGW sin candidato propio; no se fusiona
17:14:29 DEBUG   [busconido] 10 avisos vía tarjetas
17:14:29 DEBUG   Ficha de TNZW5 sin candidato propio; no se fusiona
17:14:37 DEBUG   [toctoc] 1 avisos vía estado-embebido
17:14:37 INFO    Enriquecido y descartado: DNSPN (arriendo de $3.064.643 sobre el máximo negociable de $1.904.000)
17:14:38 WARNING https://www.bienesonline.cl/es/chile/llanquihue/propiedad/42585-campo-917-ha-valle-cochamo-x-region respondió 404
17:14:38 DEBUG   [doomos] 18 avisos vía tarjetas
17:14:38 DEBUG   Ficha de J5JN4 sin candidato propio; no se fusiona
17:14:43 DEBUG   [toctoc] 1 avisos vía estado-embebido
17:14:48 DEBUG   [toctoc] 1 avisos vía estado-embebido
17:14:52 DEBUG   [doomos] 27 avisos vía tarjetas
17:14:52 DEBUG   Ficha de P8XMT sin candidato propio; no se fusiona
17:14:53 DEBUG   [chilepropiedades] 2 avisos vía json-ld
17:14:57 DEBUG   [toctoc] 1 avisos vía estado-embebido
17:15:02 DEBUG   [toctoc] 1 avisos vía estado-embebido
17:15:07 DEBUG   [toctoc] 1 avisos vía estado-embebido
17:15:17 DEBUG   [toctoc] 1 avisos vía estado-embebido
17:15:23 DEBUG   [toctoc] 1 avisos vía estado-embebido
17:15:23 INFO    Enriquecido y descartado: 5ZREX (39 años (construido en 1987), sobre el máximo de 30)
17:15:23 DEBUG   Ficha de FMDKM sin candidato propio; no se fusiona
17:15:23 WARNING robots.txt no permite https://www.nuroa.cl/adform/10342-912-5f3d-19e92d3-bae6-98ff4d8aca01-7f27?click_type=0&pos=14&searchType=1&page=1&section=1&t_sec=1&sectionType=1&pageViewId=646ec322-db44-45fc-85bf-482ada9c0043&t_pvid=646ec322-db44-45fc-85bf-482ada9c0043&userAgent=Mozilla%2F5.0+%28compatible%3B+radar-arriendos%2F1.0%3B+uso+personal%2C+busqueda+de+arriendo%3B+%2Bhttps%3A%2F%2Fgithub.com%2Falfonsoandona%2Farriendos-vitacura%29&browser=1&isHuman=true&userIp=132.196.6.70&what=vitacura+departamento&search_terms=vitacura+departamento&origin=1&t_or=1&splitTestId=0 — se omite
17:15:27 DEBUG   [engelvoelkers] 1 avisos vía json-ld
17:15:33 DEBUG   [toctoc] 1 avisos vía estado-embebido
17:15:33 INFO    Enriquecido y descartado: Q4UD4 (arriendo de $3.473.262 sobre el máximo negociable de $1.904.000)
17:15:37 INFO    Enriquecido y descartado: 75BRH (arriendo de $2.931.142 sobre el máximo negociable de $1.904.000)
17:15:42 DEBUG   [toctoc] 1 avisos vía estado-embebido
17:15:42 INFO    Enriquecido y descartado: GKU6J (arriendo de $2.656.024 sobre el máximo negociable de $1.904.000)
17:16:05 INFO    Enriquecido y descartado: 75BRH (arriendo de $2.149.504 sobre el máximo negociable de $1.904.000)
17:16:12 INFO    Enriquecido y descartado: 75BRH (arriendo de $1.954.095 sobre el máximo negociable de $1.904.000)
17:16:28 DEBUG   [toctoc] 1 avisos vía estado-embebido
17:16:33 DEBUG   [toctoc] 1 avisos vía estado-embebido
17:16:33 INFO    Enriquecido y descartado: E366M (arriendo de $1.961.372 sobre el máximo negociable de $1.904.000)
17:16:39 DEBUG   La red no quedó en silencio en https://www.toctoc.com/propiedades/arriendocorredorasr/departamento/vitacura/departamento-de-lujo-completamente-amoblado-con-e/4132125; se lee igual
17:16:52 DEBUG   La red no quedó en silencio en https://www.toctoc.com/propiedades/arriendocorredorasr/departamento/vitacura/departamento-remodelado-en-sector-exclusivo/47254c47c8a017ef7b42df950f69e55e39e8de68; se lee igual
17:16:52 DEBUG   [toctoc] 1 avisos vía estado-embebido
17:16:52 INFO    Enriquecido y descartado: F5ADT (48 años (construido en 1978), sobre el máximo de 30)
17:16:52 WARNING robots.txt no permite https://www.nuroa.cl/adform/10342-912-ee27-1a01d7c-a7bc-2ba3aed54f3e-81d8?click_type=0&pos=10&searchType=1&page=1&section=1&t_sec=1&sectionType=1&pageViewId=646ec322-db44-45fc-85bf-482ada9c0043&t_pvid=646ec322-db44-45fc-85bf-482ada9c0043&userAgent=Mozilla%2F5.0+%28compatible%3B+radar-arriendos%2F1.0%3B+uso+personal%2C+busqueda+de+arriendo%3B+%2Bhttps%3A%2F%2Fgithub.com%2Falfonsoandona%2Farriendos-vitacura%29&browser=1&isHuman=true&userIp=132.196.6.70&what=vitacura+departamento&search_terms=vitacura+departamento&origin=1&t_or=1&splitTestId=0 — se omite
17:16:57 DEBUG   [toctoc] 1 avisos vía estado-embebido
17:16:58 INFO    Enriquecido y descartado: JKM2T (arriendo de $2.737.748 sobre el máximo negociable de $1.904.000)
17:17:07 DEBUG   [toctoc] 1 avisos vía estado-embebido
17:17:07 INFO    Enriquecido y descartado: T3P3G (arriendo de $3.082.000 sobre el máximo negociable de $1.904.000)
17:17:12 DEBUG   [toctoc] 1 avisos vía estado-embebido
17:17:18 DEBUG   La red no quedó en silencio en https://www.toctoc.com/propiedades/arriendocorredorasr/departamento/vitacura/departamento-en-arriendo-de-3-dorm-en-vitacura/8d7cfebe1062033f05e1df1296cb8647a46a8d1b; se lee igual
17:17:18 DEBUG   [toctoc] 1 avisos vía estado-embebido
17:17:23 DEBUG   [toctoc] 1 avisos vía estado-embebido
17:17:27 INFO    Enriquecido y descartado: 75BRH (arriendo de $4.611.664 sobre el máximo negociable de $1.904.000)
17:17:32 DEBUG   [mitula] 3 avisos vía tarjetas
17:17:32 INFO    Fichas leídas: 66 — 3 ganaron el año, 0 la dirección; 12 se descartaron al verlas (2 por viejos)
17:17:33 INFO    Listo: 0 avisados de 54 candidatos
