12:29:31 INFO    UF = $40.865.87 (API del día)
12:29:31 INFO    Barriendo TocToc (toctoc)…
12:29:31 INFO    Barriendo Chilepropiedades (chilepropiedades)…
12:29:31 INFO    Barriendo GoPlaceIt (goplaceit)…
12:29:31 INFO    Barriendo Yapo (yapo)…
12:29:31 DEBUG   [chilepropiedades] 10 avisos vía tarjetas
12:29:32 INFO      yapo: 0 avisos en 2s
12:29:32 INFO    Barriendo BuscoNido (busconido)…
12:29:33 DEBUG   [busconido] 23 avisos vía tarjetas
12:29:33 INFO      busconido: 23 avisos en 0s
12:29:33 INFO    Barriendo BienesOnline (bienesonline)…
12:29:33 DEBUG   [chilepropiedades] 10 avisos vía tarjetas
12:29:34 DEBUG   [bienesonline] 17 avisos vía tarjetas
12:29:34 INFO      bienesonline: 17 avisos en 1s
12:29:34 INFO    Barriendo Economicos (El Mercurio) (economicos)…
12:29:35 WARNING https://www.economicos.cl/search/propiedades/vitacura/arriendo/departamento/0 respondió 403
12:29:35 INFO    [economicos] https://www.economicos.cl/search/propiedades/vitacura/arriendo/departamento/0 rebotó al GET; se reintenta con navegador
12:29:35 DEBUG   [chilepropiedades] 10 avisos vía tarjetas
12:29:35 INFO      chilepropiedades: 30 avisos en 5s
12:29:35 INFO    Barriendo iCasas (icasas)…
12:29:36 DEBUG   [icasas] 15 avisos vía tarjetas
12:29:36 DEBUG   [goplaceit] 30 avisos vía json-ld
12:29:37 INFO      economicos: 0 avisos en 3s
12:29:37 INFO    Barriendo Doomos (doomos)…
12:29:38 DEBUG   [icasas] 15 avisos vía tarjetas
12:29:38 INFO      icasas: 30 avisos en 2s
12:29:38 INFO    Barriendo Top Propiedades (toppropiedades)…
12:29:41 DEBUG   [toctoc] 142 avisos vía estado-embebido
12:29:41 DEBUG   [doomos] 31 avisos vía tarjetas
12:29:41 INFO      doomos: 31 avisos en 4s
12:29:41 INFO    Barriendo Nuroa (nuroa)…
12:29:41 DEBUG   [toppropiedades] 1 avisos vía json-ld
12:29:42 DEBUG   Encoding detection: ascii is most likely the one.
12:29:43 DEBUG   [toppropiedades] 1 avisos vía json-ld
12:29:43 DEBUG   [nuroa] 25 avisos vía json-ld
12:29:45 DEBUG   [toppropiedades] 1 avisos vía json-ld
12:29:45 DEBUG   [nuroa] 25 avisos vía json-ld
12:29:47 DEBUG   [toppropiedades] 1 avisos vía json-ld
12:29:48 DEBUG   [nuroa] 25 avisos vía json-ld
12:29:50 DEBUG   [toppropiedades] 1 avisos vía json-ld
12:29:50 DEBUG   [toctoc] 140 avisos vía estado-embebido
12:29:50 DEBUG   [nuroa] 25 avisos vía json-ld
12:29:51 INFO      nuroa: 100 avisos en 10s
12:29:51 INFO    Barriendo Mitula (mitula)…
12:29:51 DEBUG   [toppropiedades] 1 avisos vía json-ld
12:29:51 WARNING https://casas.mitula.cl/casas/arriendo-departamentos-vitacura respondió 401
12:29:51 INFO    [mitula] https://casas.mitula.cl/casas/arriendo-departamentos-vitacura rebotó al GET; se reintenta con navegador
12:29:53 DEBUG   [toppropiedades] 1 avisos vía json-ld
12:29:55 DEBUG   [toppropiedades] 1 avisos vía json-ld
12:29:55 INFO      toppropiedades: 8 avisos en 17s
12:29:55 INFO    Barriendo Houm (houm)…
12:29:56 INFO      mitula: 0 avisos en 6s
12:29:56 INFO    Barriendo Hey! Homes (heyhomes)…
12:30:00 DEBUG   [heyhomes] 9 avisos vía tarjetas
12:30:00 INFO      heyhomes: 9 avisos en 3s
12:30:00 INFO    Barriendo Engel & Völkers (engelvoelkers)…
12:30:00 DEBUG   [toctoc] 140 avisos vía estado-embebido
12:30:06 DEBUG   [engelvoelkers] 17 avisos vía tarjetas
12:30:06 INFO      engelvoelkers: 17 avisos en 6s
12:30:06 INFO    Barriendo RE/MAX Chile (remax)…
12:30:06 DEBUG   La red no quedó en silencio en https://houm.com/cl/arriendo-departamentos-region-metropolitana/vitacura/3-dormitorios; se lee igual
12:30:06 DEBUG   [houm] 28 avisos vía json-ld
12:30:13 DEBUG   [toctoc] 104 avisos vía estado-embebido
12:30:18 DEBUG   La red no quedó en silencio en https://houm.com/cl/arriendo-departamento-región-metropolitana/las-condes/170742; se lee igual
12:30:18 DEBUG   [houm] 1 avisos vía estado-embebido
12:30:19 DEBUG   La red no quedó en silencio en https://www.remax.cl/es-cl/busqueda/metropolitana-de-santiago/santiago/vitacura/residencial-departamento/arriendo/; se lee igual
12:30:19 DEBUG   [remax] 6 avisos vía tarjetas
12:30:21 DEBUG   [goplaceit] 30 avisos vía json-ld
12:30:26 DEBUG   [toctoc] 104 avisos vía estado-embebido
12:30:29 DEBUG   La red no quedó en silencio en https://houm.com/cl/arriendo-departamento-región-metropolitana/las-condes/175757; se lee igual
12:30:29 DEBUG   [houm] 1 avisos vía estado-embebido
12:30:32 DEBUG   La red no quedó en silencio en https://www.remax.cl/es-cl/busqueda/metropolitana-de-santiago/santiago/vitacura/residencial-departamento/arriendo/?page=2; se lee igual
12:30:32 DEBUG   [remax] 6 avisos vía tarjetas
12:30:32 INFO      remax: 12 avisos en 27s
12:30:32 INFO    Barriendo Fuenzalida Propiedades (fuenzalida)…
12:30:37 DEBUG   [fuenzalida] 16 avisos vía tarjetas
12:30:40 DEBUG   [toctoc] 104 avisos vía estado-embebido
12:30:40 INFO      toctoc: 734 avisos en 69s
12:30:40 INFO    Barriendo Century 21 Chile (century21)…
12:30:40 DEBUG   La red no quedó en silencio en https://houm.com/cl/arriendo-departamento-región-metropolitana/ñuñoa/176912; se lee igual
12:30:41 DEBUG   [houm] 1 avisos vía estado-embebido
12:30:41 INFO      century21: 0 avisos en 1s
12:30:41 INFO    Barriendo Property Partners (propertypartners)…
12:30:42 DEBUG   [fuenzalida] 20 avisos vía tarjetas
12:30:42 DEBUG   [propertypartners] 1 avisos vía tarjetas
12:30:42 INFO      propertypartners: 1 avisos en 1s
12:30:42 INFO    Barriendo Acceso Inmobiliario (accesoinmobiliario)…
12:30:45 DEBUG   [fuenzalida] 20 avisos vía tarjetas
12:30:45 INFO      fuenzalida: 56 avisos en 13s
12:30:45 INFO    Barriendo Magnolia Property (magnoliaproperty)…
12:30:46 DEBUG   [magnoliaproperty] 7 avisos vía tarjetas
12:30:46 INFO      magnoliaproperty: 7 avisos en 0s
12:30:46 INFO    Barriendo Portilla Propiedades (portillapropiedades)…
12:30:46 DEBUG   [accesoinmobiliario] 14 avisos vía tarjetas
12:30:46 DEBUG   [portillapropiedades] 2 avisos vía tarjetas
12:30:46 INFO      portillapropiedades: 2 avisos en 1s
12:30:46 INFO    Barriendo Nativo Propiedades (nativopropiedades)…
12:30:47 DEBUG   [nativopropiedades] 7 avisos vía tarjetas
12:30:47 INFO      nativopropiedades: 7 avisos en 1s
12:30:47 INFO    Barriendo Enlace Inmobiliario (enlaceinmobiliario)…
12:30:47 WARNING https://www.enlaceinmobiliario.cl/ respondió 403
12:30:47 INFO    [enlaceinmobiliario] https://www.enlaceinmobiliario.cl/ rebotó al GET; se reintenta con navegador
12:30:48 DEBUG   La red no quedó en silencio en https://houm.com/cl/arriendo-departamento-región-metropolitana/ñuñoa/174379; se lee igual
12:30:49 DEBUG   [houm] 1 avisos vía estado-embebido
12:30:55 INFO      enlaceinmobiliario: 0 avisos en 8s
12:30:55 INFO    Barriendo Rentas.cl (rentas_cl)…
12:30:57 DEBUG   [rentas_cl] 1 avisos vía json-ld
12:30:57 INFO      rentas_cl: 1 avisos en 2s
12:30:57 INFO    Barriendo Arriendos.cl (arriendos_cl)…
12:30:58 INFO      arriendos_cl: 0 avisos en 1s
12:30:58 INFO    Barriendo Propiedades.cl (propiedades_cl)…
12:30:59 DEBUG   La red no quedó en silencio en https://houm.com/cl/arriendo-departamento-región-metropolitana/recoleta/176958; se lee igual
12:30:59 DEBUG   [houm] 1 avisos vía estado-embebido
12:30:59 DEBUG   [propiedades_cl] 6 avisos vía tarjetas
12:30:59 INFO      propiedades_cl: 6 avisos en 0s
12:30:59 INFO    Barriendo Clasificados.cl (clasificados_cl)…
12:31:02 DEBUG   [clasificados_cl] 1 avisos vía tarjetas
12:31:02 INFO      clasificados_cl: 1 avisos en 3s
12:31:08 DEBUG   La red no quedó en silencio en https://houm.com/cl/arriendo-departamento-región-metropolitana/recoleta/90462; se lee igual
12:31:08 DEBUG   [houm] 1 avisos vía estado-embebido
12:31:14 DEBUG   [accesoinmobiliario] 1 avisos vía tarjetas
12:31:14 INFO      accesoinmobiliario: 15 avisos en 32s
12:31:16 DEBUG   [goplaceit] 30 avisos vía json-ld
12:31:18 DEBUG   La red no quedó en silencio en https://houm.com/cl/arriendo-departamento-región-metropolitana/recoleta/177459; se lee igual
12:31:18 DEBUG   [houm] 1 avisos vía estado-embebido
12:31:26 DEBUG   La red no quedó en silencio en https://houm.com/cl/arriendo-departamento-región-metropolitana/independencia/167934; se lee igual
12:31:26 DEBUG   [houm] 1 avisos vía estado-embebido
12:31:26 INFO      houm: 36 avisos en 91s
12:31:40 INFO      goplaceit: 90 avisos en 129s
12:31:40 INFO    Total crudo: 1233 avisos
12:31:40 INFO    Después de deduplicar: 423
12:31:40 INFO    Pasaron los filtros: 57
12:32:16 DEBUG   [doomos] 18 avisos vía tarjetas
12:32:16 DEBUG   Ficha de YVT22 sin candidato propio; no se fusiona
12:32:18 DEBUG   Ficha de HW5MX sin candidato propio; no se fusiona
12:32:19 DEBUG   [doomos] 26 avisos vía tarjetas
12:32:19 DEBUG   Ficha de U44VT sin candidato propio; no se fusiona
12:32:21 DEBUG   [doomos] 27 avisos vía tarjetas
12:32:21 DEBUG   Ficha de ZWNAN sin candidato propio; no se fusiona
12:32:25 DEBUG   [doomos] 27 avisos vía tarjetas
12:32:25 DEBUG   Ficha de 2HWEW sin candidato propio; no se fusiona
12:32:25 DEBUG   [busconido] 11 avisos vía tarjetas
12:32:25 DEBUG   Ficha de 3VJF2 sin candidato propio; no se fusiona
12:32:27 DEBUG   [busconido] 11 avisos vía tarjetas
12:32:27 DEBUG   Ficha de BFHTK sin candidato propio; no se fusiona
12:32:29 DEBUG   [busconido] 10 avisos vía tarjetas
12:32:29 DEBUG   Ficha de VWVRP sin candidato propio; no se fusiona
12:32:31 DEBUG   [busconido] 11 avisos vía tarjetas
12:32:31 DEBUG   Ficha de 96SA3 sin candidato propio; no se fusiona
12:32:33 DEBUG   [busconido] 10 avisos vía tarjetas
12:32:33 DEBUG   Ficha de YKJ8M sin candidato propio; no se fusiona
12:32:35 DEBUG   [busconido] 11 avisos vía tarjetas
12:32:35 DEBUG   Ficha de W7NQZ sin candidato propio; no se fusiona
12:32:37 DEBUG   [busconido] 10 avisos vía tarjetas
12:32:37 DEBUG   Ficha de GYN8J sin candidato propio; no se fusiona
12:32:39 DEBUG   [busconido] 10 avisos vía tarjetas
12:32:39 DEBUG   Ficha de H7M57 sin candidato propio; no se fusiona
12:32:41 DEBUG   [busconido] 11 avisos vía tarjetas
12:32:41 DEBUG   Ficha de NEJGD sin candidato propio; no se fusiona
12:32:43 DEBUG   [busconido] 11 avisos vía tarjetas
12:32:43 DEBUG   Ficha de Y69X8 sin candidato propio; no se fusiona
12:32:45 DEBUG   [busconido] 10 avisos vía tarjetas
12:32:45 DEBUG   Ficha de 3VW8K sin candidato propio; no se fusiona
12:32:47 DEBUG   [busconido] 11 avisos vía tarjetas
12:32:47 DEBUG   Ficha de Z7C3K sin candidato propio; no se fusiona
12:32:49 DEBUG   [busconido] 11 avisos vía tarjetas
12:32:49 DEBUG   Ficha de 3SYQT sin candidato propio; no se fusiona
12:32:51 DEBUG   [busconido] 10 avisos vía tarjetas
12:32:51 DEBUG   Ficha de UVQY7 sin candidato propio; no se fusiona
12:32:53 DEBUG   [doomos] 18 avisos vía tarjetas
12:32:53 DEBUG   Ficha de J5JN4 sin candidato propio; no se fusiona
12:32:58 DEBUG   [toctoc] 1 avisos vía estado-embebido
12:33:03 DEBUG   [toctoc] 1 avisos vía estado-embebido
12:33:11 DEBUG   [doomos] 27 avisos vía tarjetas
12:33:11 DEBUG   Ficha de P8XMT sin candidato propio; no se fusiona
12:33:16 DEBUG   [toctoc] 1 avisos vía estado-embebido
12:33:21 DEBUG   [toctoc] 1 avisos vía estado-embebido
12:33:26 DEBUG   [toctoc] 1 avisos vía estado-embebido
12:33:32 DEBUG   [toctoc] 1 avisos vía estado-embebido
12:33:38 DEBUG   [toctoc] 1 avisos vía estado-embebido
12:33:48 DEBUG   [toctoc] 1 avisos vía estado-embebido
12:33:53 DEBUG   [toctoc] 1 avisos vía estado-embebido
12:33:59 DEBUG   [toctoc] 1 avisos vía estado-embebido
12:33:59 INFO    Enriquecido y descartado: 5ZREX (39 años (construido en 1987), sobre el máximo de 30)
12:33:59 WARNING robots.txt no permite https://www.nuroa.cl/adform/10342-912-5f3d-19e92d3-bae6-98ff4d8aca01-7f27?click_type=0&pos=23&searchType=1&page=1&section=1&t_sec=1&sectionType=1&pageViewId=2c7ba797-8fb6-4f1a-aa23-459415521e37&t_pvid=2c7ba797-8fb6-4f1a-aa23-459415521e37&userAgent=Mozilla%2F5.0+%28compatible%3B+radar-arriendos%2F1.0%3B+uso+personal%2C+busqueda+de+arriendo%3B+%2Bhttps%3A%2F%2Fgithub.com%2Falfonsoandona%2Farriendos-vitacura%29&browser=1&isHuman=true&userIp=52.159.140.53&what=vitacura+departamento&search_terms=vitacura+departamento&origin=1&t_or=1&splitTestId=0 — se omite
12:34:03 DEBUG   [engelvoelkers] 1 avisos vía json-ld
12:34:07 INFO    Enriquecido y descartado: 75BRH (arriendo de $2.931.142 sobre el máximo negociable de $1.904.000)
12:34:29 INFO    Enriquecido y descartado: 75BRH (arriendo de $2.149.504 sobre el máximo negociable de $1.904.000)
12:34:37 INFO    Enriquecido y descartado: 75BRH (arriendo de $1.954.095 sobre el máximo negociable de $1.904.000)
12:34:52 DEBUG   [toctoc] 1 avisos vía estado-embebido
12:34:58 DEBUG   [toctoc] 1 avisos vía estado-embebido
12:35:04 DEBUG   [toctoc] 1 avisos vía estado-embebido
12:35:04 WARNING robots.txt no permite https://www.nuroa.cl/adform/10342-912-ee27-1a01d7c-a7bc-2ba3aed54f3e-81d8?click_type=0&pos=19&searchType=1&page=1&section=1&t_sec=1&sectionType=1&pageViewId=2c7ba797-8fb6-4f1a-aa23-459415521e37&t_pvid=2c7ba797-8fb6-4f1a-aa23-459415521e37&userAgent=Mozilla%2F5.0+%28compatible%3B+radar-arriendos%2F1.0%3B+uso+personal%2C+busqueda+de+arriendo%3B+%2Bhttps%3A%2F%2Fgithub.com%2Falfonsoandona%2Farriendos-vitacura%29&browser=1&isHuman=true&userIp=52.159.140.53&what=vitacura+departamento&search_terms=vitacura+departamento&origin=1&t_or=1&splitTestId=0 — se omite
12:35:15 DEBUG   [toctoc] 1 avisos vía estado-embebido
12:35:18 INFO    Enriquecido y descartado: 75BRH (arriendo de $4.611.664 sobre el máximo negociable de $1.904.000)
12:35:22 INFO    Fichas leídas: 57 — 1 ganaron el año, 0 la dirección; 5 se descartaron al verlas (1 por viejos)
12:35:23 INFO    Listo: 0 avisados de 52 candidatos
