01:05:51 INFO    UF = $40.950.90 (API del día)
01:05:51 INFO    Barriendo TocToc (toctoc)…
01:05:51 INFO    Barriendo Chilepropiedades (chilepropiedades)…
01:05:51 INFO    Barriendo GoPlaceIt (goplaceit)…
01:05:51 INFO    Barriendo Yapo (yapo)…
01:05:51 DEBUG   [chilepropiedades] 10 avisos vía tarjetas
01:05:52 INFO      yapo: 0 avisos en 2s
01:05:52 INFO    Barriendo BuscoNido (busconido)…
01:05:53 DEBUG   [busconido] 23 avisos vía tarjetas
01:05:53 INFO      busconido: 23 avisos en 1s
01:05:53 INFO    Barriendo BienesOnline (bienesonline)…
01:05:53 DEBUG   [chilepropiedades] 10 avisos vía tarjetas
01:05:54 DEBUG   [bienesonline] 16 avisos vía tarjetas
01:05:54 INFO      bienesonline: 16 avisos en 1s
01:05:54 INFO    Barriendo Economicos (El Mercurio) (economicos)…
01:05:54 DEBUG   [goplaceit] 30 avisos vía json-ld
01:05:54 WARNING https://www.economicos.cl/search/propiedades/vitacura/arriendo/departamento/0 respondió 403
01:05:54 INFO    [economicos] https://www.economicos.cl/search/propiedades/vitacura/arriendo/departamento/0 rebotó al GET; se reintenta con navegador
01:05:55 DEBUG   [chilepropiedades] 10 avisos vía tarjetas
01:05:55 INFO      chilepropiedades: 30 avisos en 5s
01:05:55 INFO    Barriendo iCasas (icasas)…
01:05:56 DEBUG   [icasas] 15 avisos vía tarjetas
01:05:58 DEBUG   [icasas] 15 avisos vía tarjetas
01:05:58 INFO      icasas: 30 avisos en 3s
01:05:58 INFO    Barriendo Doomos (doomos)…
01:05:58 DEBUG   La red no quedó en silencio en https://www.toctoc.com/arriendo/departamento/metropolitana/vitacura/3-dormitorios; se lee igual
01:05:59 DEBUG   [toctoc] 20 avisos vía json-ld
01:05:59 DEBUG   [doomos] 31 avisos vía tarjetas
01:05:59 INFO      doomos: 31 avisos en 2s
01:05:59 INFO    Barriendo Top Propiedades (toppropiedades)…
01:06:00 INFO      economicos: 0 avisos en 6s
01:06:00 INFO    Barriendo Nuroa (nuroa)…
01:06:00 DEBUG   Encoding detection: ascii is most likely the one.
01:06:01 DEBUG   [nuroa] 25 avisos vía json-ld
01:06:03 DEBUG   [toppropiedades] 1 avisos vía json-ld
01:06:03 DEBUG   [nuroa] 25 avisos vía json-ld
01:06:05 DEBUG   [toppropiedades] 1 avisos vía json-ld
01:06:05 DEBUG   [nuroa] 25 avisos vía json-ld
01:06:06 DEBUG   La red no quedó en silencio en https://www.toctoc.com/arriendo/departamento/metropolitana/vitacura/3-dormitorios?pagina=2; se lee igual
01:06:07 DEBUG   [toppropiedades] 1 avisos vía json-ld
01:06:07 DEBUG   [nuroa] 25 avisos vía json-ld
01:06:08 INFO      nuroa: 100 avisos en 8s
01:06:08 INFO    Barriendo Mitula (mitula)…
01:06:08 DEBUG   [toctoc] 20 avisos vía json-ld
01:06:09 DEBUG   [toppropiedades] 1 avisos vía json-ld
01:06:10 DEBUG   [mitula] 30 avisos vía json-ld
01:06:11 DEBUG   [toppropiedades] 1 avisos vía json-ld
01:06:12 DEBUG   [mitula] 30 avisos vía json-ld
01:06:12 INFO      mitula: 60 avisos en 4s
01:06:12 INFO    Barriendo Houm (houm)…
01:06:13 DEBUG   [toppropiedades] 1 avisos vía json-ld
01:06:14 DEBUG   [toctoc] 20 avisos vía json-ld
01:06:15 DEBUG   [toppropiedades] 1 avisos vía json-ld
01:06:17 DEBUG   [toppropiedades] 1 avisos vía json-ld
01:06:17 INFO      toppropiedades: 8 avisos en 18s
01:06:17 INFO    Barriendo Hey! Homes (heyhomes)…
01:06:20 DEBUG   [heyhomes] 9 avisos vía tarjetas
01:06:20 INFO      heyhomes: 9 avisos en 3s
01:06:20 INFO    Barriendo Engel & Völkers (engelvoelkers)…
01:06:22 DEBUG   La red no quedó en silencio en https://houm.com/cl/arriendo-departamentos-region-metropolitana/vitacura/3-dormitorios; se lee igual
01:06:23 DEBUG   [houm] 28 avisos vía json-ld
01:06:26 DEBUG   [goplaceit] 30 avisos vía json-ld
01:06:26 DEBUG   La red no quedó en silencio en https://www.toctoc.com/arriendo/departamento/metropolitana/vitacura/4-dormitorios; se lee igual
01:06:26 DEBUG   [toctoc] 20 avisos vía json-ld
01:06:30 DEBUG   [engelvoelkers] 16 avisos vía tarjetas
01:06:30 INFO      engelvoelkers: 16 avisos en 10s
01:06:30 INFO    Barriendo RE/MAX Chile (remax)…
01:06:34 DEBUG   La red no quedó en silencio en https://houm.com/cl/arriendo-departamento-región-metropolitana/las-condes/170742; se lee igual
01:06:34 DEBUG   [houm] 1 avisos vía estado-embebido
01:06:37 INFO      remax: 0 avisos en 7s
01:06:37 INFO    Barriendo Fuenzalida Propiedades (fuenzalida)…
01:06:40 DEBUG   [fuenzalida] 16 avisos vía tarjetas
01:06:40 DEBUG   La red no quedó en silencio en https://www.toctoc.com/arriendo/departamento/metropolitana/vitacura/4-dormitorios?pagina=2; se lee igual
01:06:40 DEBUG   [toctoc] 20 avisos vía json-ld
01:06:43 DEBUG   [fuenzalida] 20 avisos vía tarjetas
01:06:46 DEBUG   [fuenzalida] 20 avisos vía tarjetas
01:06:46 INFO      fuenzalida: 56 avisos en 9s
01:06:46 INFO    Barriendo Century 21 Chile (century21)…
01:06:47 INFO      century21: 0 avisos en 1s
01:06:47 INFO    Barriendo Property Partners (propertypartners)…
01:06:48 DEBUG   La red no quedó en silencio en https://houm.com/cl/arriendo-departamento-región-metropolitana/las-condes/175757; se lee igual
01:06:48 DEBUG   [houm] 1 avisos vía estado-embebido
01:06:48 DEBUG   [propertypartners] 1 avisos vía tarjetas
01:06:48 INFO      propertypartners: 1 avisos en 0s
01:06:48 INFO    Barriendo Acceso Inmobiliario (accesoinmobiliario)…
01:06:48 DEBUG   La red no quedó en silencio en https://www.toctoc.com/arriendo/departamento/metropolitana/vitacura/4-dormitorios?pagina=3; se lee igual
01:06:49 WARNING [toctoc] https://www.toctoc.com/arriendo/departamento/metropolitana/vitacura/4-dormitorios?pagina=3 falló: Page.content: Unable to retrieve content because the page is navigating and changing the content.
01:06:49 WARNING   toctoc: Page.content: Unable to retrieve content because the page is navigating and changing the content.
01:06:49 INFO      toctoc: 100 avisos en 58s
01:06:49 INFO    Barriendo Magnolia Property (magnoliaproperty)…
01:06:49 DEBUG   [magnoliaproperty] 7 avisos vía tarjetas
01:06:49 INFO      magnoliaproperty: 7 avisos en 1s
01:06:49 INFO    Barriendo Portilla Propiedades (portillapropiedades)…
01:06:50 DEBUG   [portillapropiedades] 2 avisos vía tarjetas
01:06:50 INFO      portillapropiedades: 2 avisos en 1s
01:06:50 INFO    Barriendo Nativo Propiedades (nativopropiedades)…
01:06:51 DEBUG   [nativopropiedades] 10 avisos vía tarjetas
01:06:51 INFO      nativopropiedades: 10 avisos en 1s
01:06:51 INFO    Barriendo Enlace Inmobiliario (enlaceinmobiliario)…
01:06:51 WARNING https://www.enlaceinmobiliario.cl/ respondió 403
01:06:51 INFO    [enlaceinmobiliario] https://www.enlaceinmobiliario.cl/ rebotó al GET; se reintenta con navegador
01:06:55 DEBUG   [accesoinmobiliario] 16 avisos vía tarjetas
01:06:56 DEBUG   La red no quedó en silencio en https://houm.com/cl/arriendo-departamento-región-metropolitana/lo-barnechea/74201; se lee igual
01:06:57 DEBUG   [houm] 1 avisos vía estado-embebido
01:07:01 DEBUG   La red no quedó en silencio en https://www.enlaceinmobiliario.cl/; se lee igual
01:07:01 INFO      enlaceinmobiliario: 0 avisos en 11s
01:07:01 INFO    Barriendo Rentas.cl (rentas_cl)…
01:07:03 DEBUG   [rentas_cl] 1 avisos vía json-ld
01:07:03 INFO      rentas_cl: 1 avisos en 2s
01:07:03 INFO    Barriendo Arriendos.cl (arriendos_cl)…
01:07:04 INFO      arriendos_cl: 0 avisos en 1s
01:07:04 INFO    Barriendo Propiedades.cl (propiedades_cl)…
01:07:06 DEBUG   [propiedades_cl] 6 avisos vía tarjetas
01:07:06 INFO      propiedades_cl: 6 avisos en 1s
01:07:06 INFO    Barriendo Clasificados.cl (clasificados_cl)…
01:07:07 DEBUG   [accesoinmobiliario] 1 avisos vía tarjetas
01:07:09 DEBUG   La red no quedó en silencio en https://houm.com/cl/arriendo-departamento-región-metropolitana/providencia/175947; se lee igual
01:07:09 DEBUG   [houm] 1 avisos vía estado-embebido
01:07:10 INFO      clasificados_cl: 0 avisos en 5s
01:07:11 DEBUG   [accesoinmobiliario] 1 avisos vía tarjetas
01:07:13 DEBUG   [accesoinmobiliario] 1 avisos vía tarjetas
01:07:16 DEBUG   [goplaceit] 30 avisos vía json-ld
01:07:18 DEBUG   La red no quedó en silencio en https://houm.com/cl/arriendo-departamento-región-metropolitana/ñuñoa/174379; se lee igual
01:07:19 DEBUG   [houm] 1 avisos vía estado-embebido
01:07:28 DEBUG   La red no quedó en silencio en https://houm.com/cl/arriendo-departamento-región-metropolitana/recoleta/179872; se lee igual
01:07:28 DEBUG   [houm] 1 avisos vía estado-embebido
01:07:34 DEBUG   [accesoinmobiliario] 1 avisos vía tarjetas
01:07:34 INFO      accesoinmobiliario: 20 avisos en 46s
01:07:36 DEBUG   La red no quedó en silencio en https://houm.com/cl/arriendo-departamento-región-metropolitana/recoleta/178185; se lee igual
01:07:36 DEBUG   [houm] 1 avisos vía estado-embebido
01:07:44 DEBUG   La red no quedó en silencio en https://houm.com/cl/arriendo-departamento-región-metropolitana/las-condes/177842; se lee igual
01:07:44 DEBUG   [houm] 1 avisos vía estado-embebido
01:07:44 INFO      houm: 36 avisos en 92s
01:07:45 INFO      goplaceit: 90 avisos en 115s
01:07:45 INFO    Total crudo: 652 avisos
01:07:46 INFO    Después de deduplicar: 405
01:07:46 INFO    Pasaron los filtros: 44
01:08:02 DEBUG   [doomos] 18 avisos vía tarjetas
01:08:02 DEBUG   Ficha de YVT22 sin candidato propio; no se fusiona
01:08:03 DEBUG   Ficha de HW5MX sin candidato propio; no se fusiona
01:08:05 DEBUG   [doomos] 27 avisos vía tarjetas
01:08:05 DEBUG   Ficha de U44VT sin candidato propio; no se fusiona
01:08:08 DEBUG   [doomos] 27 avisos vía tarjetas
01:08:08 DEBUG   Ficha de KNAE9 sin candidato propio; no se fusiona
01:08:09 DEBUG   [doomos] 27 avisos vía tarjetas
01:08:09 DEBUG   Ficha de PR3QK sin candidato propio; no se fusiona
01:08:12 DEBUG   [doomos] 27 avisos vía tarjetas
01:08:12 DEBUG   Ficha de 2HWEW sin candidato propio; no se fusiona
01:08:13 DEBUG   [doomos] 27 avisos vía tarjetas
01:08:13 DEBUG   Ficha de ZWNAN sin candidato propio; no se fusiona
01:08:15 DEBUG   [doomos] 27 avisos vía tarjetas
01:08:15 DEBUG   Ficha de FDXSM sin candidato propio; no se fusiona
01:08:16 DEBUG   [busconido] 10 avisos vía tarjetas
01:08:16 DEBUG   Ficha de TFTUJ sin candidato propio; no se fusiona
01:08:18 DEBUG   [busconido] 10 avisos vía tarjetas
01:08:18 DEBUG   Ficha de SPFRV sin candidato propio; no se fusiona
01:08:20 DEBUG   [busconido] 10 avisos vía tarjetas
01:08:20 DEBUG   Ficha de 225XZ sin candidato propio; no se fusiona
01:08:21 DEBUG   [doomos] 27 avisos vía tarjetas
01:08:21 DEBUG   Ficha de FQ6XQ sin candidato propio; no se fusiona
01:08:22 DEBUG   [busconido] 10 avisos vía tarjetas
01:08:22 DEBUG   Ficha de 59KSN sin candidato propio; no se fusiona
01:08:24 DEBUG   [busconido] 10 avisos vía tarjetas
01:08:24 DEBUG   Ficha de PAH4E sin candidato propio; no se fusiona
01:08:26 DEBUG   [busconido] 10 avisos vía tarjetas
01:08:26 DEBUG   Ficha de VFFCW sin candidato propio; no se fusiona
01:08:30 INFO    Enriquecido y descartado: YAVJA (arriendo de $3.517.371 sobre el máximo negociable de $1.904.000)
01:08:34 INFO    Enriquecido y descartado: CC2AY (arriendo de $2.032.258 sobre el máximo negociable de $1.904.000)
01:08:34 DEBUG   [doomos] 18 avisos vía tarjetas
01:08:34 DEBUG   Ficha de J5JN4 sin candidato propio; no se fusiona
01:08:35 DEBUG   [mitula] 3 avisos vía tarjetas
01:08:44 DEBUG   [doomos] 27 avisos vía tarjetas
01:08:44 DEBUG   Ficha de P8XMT sin candidato propio; no se fusiona
01:08:52 DEBUG   [toctoc] 1 avisos vía estado-embebido
01:08:58 DEBUG   La red no quedó en silencio en https://www.toctoc.com/arriendo/departamento/metropolitana/vitacura/b_fdaeaea80544bc1bd42b35482c12994145198f76; se lee igual
01:08:59 DEBUG   [toctoc] 1 avisos vía estado-embebido
01:09:02 INFO    Enriquecido y descartado: 75BRH (arriendo de $2.931.142 sobre el máximo negociable de $1.904.000)
01:09:25 INFO    Enriquecido y descartado: 75BRH (arriendo de $2.149.504 sobre el máximo negociable de $1.904.000)
01:09:29 INFO    Enriquecido y descartado: 75BRH (arriendo de $1.954.095 sobre el máximo negociable de $1.904.000)
01:09:32 DEBUG   Ficha de 75BRH sin candidato propio; no se fusiona
01:09:36 DEBUG   Ficha de 75BRH sin candidato propio; no se fusiona
01:09:39 DEBUG   Ficha de 75BRH sin candidato propio; no se fusiona
01:09:43 DEBUG   Ficha de 75BRH sin candidato propio; no se fusiona
01:09:49 DEBUG   [toctoc] 1 avisos vía estado-embebido
01:09:54 DEBUG   [toctoc] 1 avisos vía estado-embebido
01:09:58 DEBUG   Ficha de 75BRH sin candidato propio; no se fusiona
01:10:01 DEBUG   Ficha de 75BRH sin candidato propio; no se fusiona
01:10:01 INFO    Fichas leídas: 44 — 1 ganaron el año, 0 la dirección; 5 se descartaron al verlas (0 por viejos)
01:10:03 INFO    Listo: 1 avisados de 39 candidatos
