01:09:08 INFO    UF = $40.872.45 (API del día)
01:09:08 INFO    Barriendo TocToc (toctoc)…
01:09:08 INFO    Barriendo Chilepropiedades (chilepropiedades)…
01:09:08 INFO    Barriendo GoPlaceIt (goplaceit)…
01:09:08 INFO    Barriendo Yapo (yapo)…
01:09:09 DEBUG   [chilepropiedades] 10 avisos vía tarjetas
01:09:10 DEBUG   [yapo] 30 avisos vía tarjetas
01:09:11 DEBUG   [chilepropiedades] 10 avisos vía tarjetas
01:09:12 DEBUG   [yapo] 30 avisos vía tarjetas
01:09:13 DEBUG   [goplaceit] 30 avisos vía json-ld
01:09:13 DEBUG   [chilepropiedades] 10 avisos vía tarjetas
01:09:13 INFO      chilepropiedades: 30 avisos en 5s
01:09:13 INFO    Barriendo BuscoNido (busconido)…
01:09:14 DEBUG   [busconido] 23 avisos vía tarjetas
01:09:14 INFO      busconido: 23 avisos en 1s
01:09:14 INFO    Barriendo BienesOnline (bienesonline)…
01:09:15 DEBUG   [yapo] 30 avisos vía tarjetas
01:09:15 INFO      yapo: 90 avisos en 6s
01:09:15 INFO    Barriendo Economicos (El Mercurio) (economicos)…
01:09:15 WARNING https://www.economicos.cl/search/propiedades/vitacura/arriendo/departamento/0 respondió 403
01:09:15 INFO    [economicos] https://www.economicos.cl/search/propiedades/vitacura/arriendo/departamento/0 rebotó al GET; se reintenta con navegador
01:09:15 DEBUG   [bienesonline] 2 avisos vía tarjetas
01:09:15 INFO      bienesonline: 2 avisos en 1s
01:09:15 INFO    Barriendo iCasas (icasas)…
01:09:16 DEBUG   [icasas] 15 avisos vía tarjetas
01:09:17 DEBUG   La red no quedó en silencio en https://www.toctoc.com/arriendo/departamento/metropolitana/vitacura/3-dormitorios; se lee igual
01:09:17 DEBUG   [toctoc] 20 avisos vía json-ld
01:09:18 DEBUG   [icasas] 15 avisos vía tarjetas
01:09:18 INFO      icasas: 30 avisos en 3s
01:09:18 INFO    Barriendo Doomos (doomos)…
01:09:18 INFO      economicos: 0 avisos en 3s
01:09:18 INFO    Barriendo Top Propiedades (toppropiedades)…
01:09:21 DEBUG   [doomos] 31 avisos vía tarjetas
01:09:21 INFO      doomos: 31 avisos en 3s
01:09:21 INFO    Barriendo Nuroa (nuroa)…
01:09:22 DEBUG   Encoding detection: ascii is most likely the one.
01:09:22 DEBUG   [toppropiedades] 1 avisos vía json-ld
01:09:23 DEBUG   [nuroa] 25 avisos vía json-ld
01:09:24 DEBUG   [toppropiedades] 1 avisos vía json-ld
01:09:24 DEBUG   La red no quedó en silencio en https://www.toctoc.com/arriendo/departamento/metropolitana/vitacura/3-dormitorios?pagina=2; se lee igual
01:09:24 WARNING [toctoc] https://www.toctoc.com/arriendo/departamento/metropolitana/vitacura/3-dormitorios?pagina=2 falló: Page.content: Unable to retrieve content because the page is navigating and changing the content.
01:09:25 DEBUG   [nuroa] 25 avisos vía json-ld
01:09:26 DEBUG   [toppropiedades] 1 avisos vía json-ld
01:09:27 DEBUG   [nuroa] 25 avisos vía json-ld
01:09:28 DEBUG   [toppropiedades] 1 avisos vía json-ld
01:09:29 DEBUG   [nuroa] 25 avisos vía json-ld
01:09:29 INFO      nuroa: 100 avisos en 8s
01:09:29 INFO    Barriendo Mitula (mitula)…
01:09:30 DEBUG   [toppropiedades] 1 avisos vía json-ld
01:09:30 WARNING https://casas.mitula.cl/casas/arriendo-departamentos-vitacura respondió 401
01:09:30 INFO    [mitula] https://casas.mitula.cl/casas/arriendo-departamentos-vitacura rebotó al GET; se reintenta con navegador
01:09:31 DEBUG   La red no quedó en silencio en https://www.toctoc.com/arriendo/departamento/metropolitana/vitacura/4-dormitorios; se lee igual
01:09:32 DEBUG   [toctoc] 20 avisos vía json-ld
01:09:32 DEBUG   [toppropiedades] 1 avisos vía json-ld
01:09:33 INFO      mitula: 0 avisos en 4s
01:09:33 INFO    Barriendo Houm (houm)…
01:09:34 DEBUG   [toppropiedades] 1 avisos vía json-ld
01:09:36 DEBUG   [toppropiedades] 1 avisos vía json-ld
01:09:36 INFO      toppropiedades: 8 avisos en 18s
01:09:36 INFO    Barriendo Hey! Homes (heyhomes)…
01:09:39 DEBUG   [heyhomes] 9 avisos vía tarjetas
01:09:39 INFO      heyhomes: 9 avisos en 3s
01:09:39 INFO    Barriendo Engel & Völkers (engelvoelkers)…
01:09:39 DEBUG   [toctoc] 20 avisos vía json-ld
01:09:43 DEBUG   La red no quedó en silencio en https://houm.com/cl/arriendo-departamentos-region-metropolitana/vitacura/3-dormitorios; se lee igual
01:09:44 DEBUG   [houm] 28 avisos vía json-ld
01:09:47 DEBUG   [engelvoelkers] 17 avisos vía tarjetas
01:09:47 INFO      engelvoelkers: 17 avisos en 8s
01:09:47 INFO    Barriendo RE/MAX Chile (remax)…
01:09:51 DEBUG   La red no quedó en silencio en https://www.toctoc.com/arriendo/departamento/metropolitana/vitacura/4-dormitorios?pagina=3; se lee igual
01:09:52 DEBUG   [toctoc] 20 avisos vía json-ld
01:09:52 WARNING   toctoc: Page.content: Unable to retrieve content because the page is navigating and changing the content.
01:09:52 INFO      toctoc: 80 avisos en 44s
01:09:52 INFO    Barriendo Fuenzalida Propiedades (fuenzalida)…
01:09:54 DEBUG   La red no quedó en silencio en https://houm.com/cl/arriendo-departamento-región-metropolitana/las-condes/170742; se lee igual
01:09:54 DEBUG   [houm] 1 avisos vía estado-embebido
01:09:55 DEBUG   [goplaceit] 30 avisos vía json-ld
01:09:55 DEBUG   [fuenzalida] 16 avisos vía tarjetas
01:09:57 INFO      remax: 0 avisos en 10s
01:09:57 INFO    Barriendo Century 21 Chile (century21)…
01:09:58 DEBUG   [fuenzalida] 20 avisos vía tarjetas
01:09:58 WARNING Error en https://www.century21.cl/ (intento 1/3): ('Connection aborted.', RemoteDisconnected('Remote end closed connection without response'))
01:10:01 DEBUG   [fuenzalida] 20 avisos vía tarjetas
01:10:01 INFO      fuenzalida: 56 avisos en 9s
01:10:01 INFO    Barriendo Property Partners (propertypartners)…
01:10:01 DEBUG   [propertypartners] 1 avisos vía tarjetas
01:10:01 INFO      propertypartners: 1 avisos en 0s
01:10:01 INFO    Barriendo Acceso Inmobiliario (accesoinmobiliario)…
01:10:01 INFO      century21: 0 avisos en 4s
01:10:01 INFO    Barriendo Magnolia Property (magnoliaproperty)…
01:10:02 DEBUG   La red no quedó en silencio en https://houm.com/cl/arriendo-departamento-región-metropolitana/las-condes/175757; se lee igual
01:10:02 DEBUG   [magnoliaproperty] 7 avisos vía tarjetas
01:10:02 INFO      magnoliaproperty: 7 avisos en 1s
01:10:02 INFO    Barriendo Portilla Propiedades (portillapropiedades)…
01:10:02 DEBUG   [houm] 1 avisos vía estado-embebido
01:10:03 DEBUG   [portillapropiedades] 2 avisos vía tarjetas
01:10:03 INFO      portillapropiedades: 2 avisos en 1s
01:10:03 INFO    Barriendo Nativo Propiedades (nativopropiedades)…
01:10:04 DEBUG   [nativopropiedades] 7 avisos vía tarjetas
01:10:04 INFO      nativopropiedades: 7 avisos en 1s
01:10:04 INFO    Barriendo Enlace Inmobiliario (enlaceinmobiliario)…
01:10:04 WARNING https://www.enlaceinmobiliario.cl/ respondió 403
01:10:04 INFO    [enlaceinmobiliario] https://www.enlaceinmobiliario.cl/ rebotó al GET; se reintenta con navegador
01:10:04 DEBUG   [accesoinmobiliario] 16 avisos vía tarjetas
01:10:09 INFO      enlaceinmobiliario: 0 avisos en 6s
01:10:09 INFO    Barriendo Rentas.cl (rentas_cl)…
01:10:11 DEBUG   [accesoinmobiliario] 1 avisos vía tarjetas
01:10:11 DEBUG   La red no quedó en silencio en https://houm.com/cl/arriendo-departamento-región-metropolitana/ñuñoa/176912; se lee igual
01:10:12 DEBUG   [rentas_cl] 1 avisos vía json-ld
01:10:12 INFO      rentas_cl: 1 avisos en 2s
01:10:12 INFO    Barriendo Arriendos.cl (arriendos_cl)…
01:10:12 DEBUG   [houm] 1 avisos vía estado-embebido
01:10:13 INFO      arriendos_cl: 0 avisos en 1s
01:10:13 INFO    Barriendo Propiedades.cl (propiedades_cl)…
01:10:13 DEBUG   [accesoinmobiliario] 1 avisos vía tarjetas
01:10:14 DEBUG   [propiedades_cl] 5 avisos vía tarjetas
01:10:14 INFO      propiedades_cl: 5 avisos en 1s
01:10:14 INFO    Barriendo Clasificados.cl (clasificados_cl)…
01:10:17 DEBUG   [clasificados_cl] 1 avisos vía tarjetas
01:10:17 INFO      clasificados_cl: 1 avisos en 3s
01:10:17 DEBUG   [accesoinmobiliario] 1 avisos vía tarjetas
01:10:21 DEBUG   La red no quedó en silencio en https://houm.com/cl/arriendo-departamento-región-metropolitana/ñuñoa/174379; se lee igual
01:10:21 DEBUG   [houm] 1 avisos vía estado-embebido
01:10:29 DEBUG   La red no quedó en silencio en https://houm.com/cl/arriendo-departamento-región-metropolitana/recoleta/178185; se lee igual
01:10:29 DEBUG   [houm] 1 avisos vía estado-embebido
01:10:31 DEBUG   [accesoinmobiliario] 1 avisos vía tarjetas
01:10:35 DEBUG   [accesoinmobiliario] 1 avisos vía tarjetas
01:10:35 INFO      accesoinmobiliario: 21 avisos en 33s
01:10:38 DEBUG   [goplaceit] 30 avisos vía json-ld
01:10:38 DEBUG   La red no quedó en silencio en https://houm.com/cl/arriendo-departamento-región-metropolitana/las-condes/177842; se lee igual
01:10:39 DEBUG   [houm] 1 avisos vía estado-embebido
01:10:46 DEBUG   La red no quedó en silencio en https://houm.com/cl/arriendo-departamento-región-metropolitana/recoleta/176958; se lee igual
01:10:46 DEBUG   [houm] 1 avisos vía estado-embebido
01:10:54 DEBUG   La red no quedó en silencio en https://houm.com/cl/arriendo-departamento-región-metropolitana/recoleta/90462; se lee igual
01:10:54 DEBUG   [houm] 1 avisos vía estado-embebido
01:10:54 INFO      houm: 36 avisos en 81s
01:11:03 INFO      goplaceit: 90 avisos en 115s
01:11:03 INFO    Total crudo: 647 avisos
01:11:03 INFO    Después de deduplicar: 364
01:11:03 INFO    Pasaron los filtros: 38
01:11:37 DEBUG   [doomos] 18 avisos vía tarjetas
01:11:37 DEBUG   Ficha de YVT22 sin candidato propio; no se fusiona
01:11:38 DEBUG   Ficha de HW5MX sin candidato propio; no se fusiona
01:11:39 DEBUG   [doomos] 27 avisos vía tarjetas
01:11:39 DEBUG   Ficha de U44VT sin candidato propio; no se fusiona
01:11:41 DEBUG   [doomos] 27 avisos vía tarjetas
01:11:41 DEBUG   Ficha de 2HWEW sin candidato propio; no se fusiona
01:11:44 DEBUG   [doomos] 27 avisos vía tarjetas
01:11:44 DEBUG   Ficha de ZWNAN sin candidato propio; no se fusiona
01:11:45 WARNING Se pasó del tiempo al abrir http://GG.CC (Error); se lee lo que alcanzó a llegar
01:11:49 DEBUG   [toctoc] 1 avisos vía estado-embebido
01:11:50 DEBUG   [busconido] 11 avisos vía tarjetas
01:11:50 DEBUG   Ficha de UGFHW sin candidato propio; no se fusiona
01:11:51 DEBUG   [busconido] 10 avisos vía tarjetas
01:11:51 DEBUG   Ficha de 53HWP sin candidato propio; no se fusiona
01:11:53 DEBUG   [busconido] 10 avisos vía tarjetas
01:11:53 DEBUG   Ficha de Y9C7X sin candidato propio; no se fusiona
01:11:55 DEBUG   [doomos] 18 avisos vía tarjetas
01:11:55 DEBUG   Ficha de J5JN4 sin candidato propio; no se fusiona
01:12:02 DEBUG   [toctoc] 1 avisos vía estado-embebido
01:12:08 DEBUG   [doomos] 27 avisos vía tarjetas
01:12:08 DEBUG   Ficha de P8XMT sin candidato propio; no se fusiona
01:12:12 DEBUG   [engelvoelkers] 1 avisos vía json-ld
01:12:20 DEBUG   [toctoc] 1 avisos vía estado-embebido
01:12:21 DEBUG   [chilepropiedades] 2 avisos vía json-ld
01:12:26 DEBUG   [toctoc] 1 avisos vía estado-embebido
01:12:30 INFO    Enriquecido y descartado: 75BRH (arriendo de $2.931.142 sobre el máximo negociable de $1.904.000)
01:12:55 INFO    Enriquecido y descartado: 75BRH (arriendo de $2.149.504 sobre el máximo negociable de $1.904.000)
01:13:04 INFO    Enriquecido y descartado: 75BRH (arriendo de $1.954.095 sobre el máximo negociable de $1.904.000)
01:13:25 DEBUG   [toctoc] 1 avisos vía estado-embebido
01:13:26 DEBUG   [yapo] 1 avisos vía json-ld
01:13:30 INFO    Enriquecido y descartado: 75BRH (arriendo de $4.299.009 sobre el máximo negociable de $1.904.000)
01:13:34 INFO    Fichas leídas: 38 — 0 ganaron el año, 0 la dirección; 4 se descartaron al verlas (0 por viejos)
01:13:34 INFO    Listo: 0 avisados de 34 candidatos
