19:39:40 INFO    UF = $40.884.32 (API del día)
19:39:40 INFO    Barriendo TocToc (toctoc)…
19:39:40 INFO    Barriendo Chilepropiedades (chilepropiedades)…
19:39:40 INFO    Barriendo GoPlaceIt (goplaceit)…
19:39:40 INFO    Barriendo Yapo (yapo)…
19:39:41 DEBUG   [chilepropiedades] 10 avisos vía tarjetas
19:39:42 INFO      yapo: 0 avisos en 2s
19:39:42 INFO    Barriendo BuscoNido (busconido)…
19:39:43 DEBUG   [chilepropiedades] 10 avisos vía tarjetas
19:39:43 DEBUG   [busconido] 23 avisos vía tarjetas
19:39:43 INFO      busconido: 23 avisos en 1s
19:39:43 INFO    Barriendo BienesOnline (bienesonline)…
19:39:44 INFO      bienesonline: 0 avisos en 0s
19:39:44 INFO    Barriendo Economicos (El Mercurio) (economicos)…
19:39:44 WARNING https://www.economicos.cl/search/propiedades/vitacura/arriendo/departamento/0 respondió 403
19:39:44 INFO    [economicos] https://www.economicos.cl/search/propiedades/vitacura/arriendo/departamento/0 rebotó al GET; se reintenta con navegador
19:39:45 DEBUG   [chilepropiedades] 10 avisos vía tarjetas
19:39:45 INFO      chilepropiedades: 30 avisos en 4s
19:39:45 INFO    Barriendo iCasas (icasas)…
19:39:45 DEBUG   [icasas] 15 avisos vía tarjetas
19:39:47 DEBUG   [icasas] 15 avisos vía tarjetas
19:39:47 INFO      icasas: 30 avisos en 3s
19:39:47 INFO    Barriendo Doomos (doomos)…
19:39:49 DEBUG   [goplaceit] 30 avisos vía json-ld
19:39:50 DEBUG   [doomos] 33 avisos vía tarjetas
19:39:50 INFO      doomos: 33 avisos en 2s
19:39:50 INFO    Barriendo Top Propiedades (toppropiedades)…
19:39:50 INFO      economicos: 0 avisos en 6s
19:39:50 INFO    Barriendo Nuroa (nuroa)…
19:39:51 DEBUG   Encoding detection: ascii is most likely the one.
19:39:52 DEBUG   [nuroa] 25 avisos vía json-ld
19:39:52 DEBUG   La red no quedó en silencio en https://www.toctoc.com/arriendo/departamento/metropolitana/vitacura/3-dormitorios; se lee igual
19:39:53 DEBUG   [toctoc] 20 avisos vía json-ld
19:39:53 DEBUG   [toppropiedades] 1 avisos vía json-ld
19:39:54 DEBUG   [nuroa] 25 avisos vía json-ld
19:39:55 DEBUG   [toppropiedades] 1 avisos vía json-ld
19:39:56 DEBUG   [nuroa] 25 avisos vía json-ld
19:39:57 DEBUG   [toppropiedades] 1 avisos vía json-ld
19:39:58 DEBUG   [nuroa] 25 avisos vía json-ld
19:39:58 INFO      nuroa: 100 avisos en 8s
19:39:58 INFO    Barriendo Mitula (mitula)…
19:39:59 DEBUG   [toppropiedades] 1 avisos vía json-ld
19:40:00 DEBUG   [mitula] 30 avisos vía json-ld
19:40:00 DEBUG   [toctoc] 20 avisos vía json-ld
19:40:01 DEBUG   [toppropiedades] 1 avisos vía json-ld
19:40:02 DEBUG   [mitula] 30 avisos vía json-ld
19:40:02 INFO      mitula: 60 avisos en 4s
19:40:02 INFO    Barriendo Houm (houm)…
19:40:03 DEBUG   [toppropiedades] 1 avisos vía json-ld
19:40:05 DEBUG   [toppropiedades] 1 avisos vía json-ld
19:40:07 DEBUG   [toppropiedades] 1 avisos vía json-ld
19:40:07 INFO      toppropiedades: 8 avisos en 18s
19:40:07 INFO    Barriendo Hey! Homes (heyhomes)…
19:40:08 DEBUG   [toctoc] 20 avisos vía json-ld
19:40:10 DEBUG   [heyhomes] 9 avisos vía tarjetas
19:40:10 INFO      heyhomes: 9 avisos en 3s
19:40:10 INFO    Barriendo Engel & Völkers (engelvoelkers)…
19:40:14 DEBUG   La red no quedó en silencio en https://houm.com/cl/arriendo-departamentos-region-metropolitana/vitacura/3-dormitorios; se lee igual
19:40:14 DEBUG   [houm] 28 avisos vía json-ld
19:40:18 DEBUG   [engelvoelkers] 16 avisos vía tarjetas
19:40:18 INFO      engelvoelkers: 16 avisos en 8s
19:40:18 INFO    Barriendo RE/MAX Chile (remax)…
19:40:18 DEBUG   [toctoc] 20 avisos vía json-ld
19:40:25 INFO      remax: 0 avisos en 7s
19:40:25 INFO    Barriendo Fuenzalida Propiedades (fuenzalida)…
19:40:26 DEBUG   La red no quedó en silencio en https://houm.com/cl/arriendo-departamento-región-metropolitana/las-condes/170742; se lee igual
19:40:26 DEBUG   [houm] 1 avisos vía estado-embebido
19:40:29 DEBUG   [fuenzalida] 16 avisos vía tarjetas
19:40:29 DEBUG   [goplaceit] 30 avisos vía json-ld
19:40:31 DEBUG   [fuenzalida] 20 avisos vía tarjetas
19:40:32 DEBUG   [toctoc] 20 avisos vía json-ld
19:40:34 DEBUG   [fuenzalida] 20 avisos vía tarjetas
19:40:34 INFO      fuenzalida: 56 avisos en 9s
19:40:34 INFO    Barriendo Century 21 Chile (century21)…
19:40:36 INFO      century21: 0 avisos en 2s
19:40:36 INFO    Barriendo Property Partners (propertypartners)…
19:40:36 DEBUG   [propertypartners] 1 avisos vía tarjetas
19:40:36 INFO      propertypartners: 1 avisos en 0s
19:40:36 INFO    Barriendo Acceso Inmobiliario (accesoinmobiliario)…
19:40:37 DEBUG   La red no quedó en silencio en https://houm.com/cl/arriendo-departamento-región-metropolitana/las-condes/175757; se lee igual
19:40:37 DEBUG   [houm] 1 avisos vía estado-embebido
19:40:43 DEBUG   [toctoc] 4 avisos vía json-ld
19:40:43 INFO      toctoc: 104 avisos en 62s
19:40:43 INFO    Barriendo Magnolia Property (magnoliaproperty)…
19:40:43 DEBUG   [magnoliaproperty] 7 avisos vía tarjetas
19:40:43 INFO      magnoliaproperty: 7 avisos en 1s
19:40:43 INFO    Barriendo Portilla Propiedades (portillapropiedades)…
19:40:44 DEBUG   [portillapropiedades] 2 avisos vía tarjetas
19:40:44 INFO      portillapropiedades: 2 avisos en 1s
19:40:44 INFO    Barriendo Nativo Propiedades (nativopropiedades)…
19:40:45 DEBUG   [nativopropiedades] 10 avisos vía tarjetas
19:40:45 INFO      nativopropiedades: 10 avisos en 1s
19:40:45 INFO    Barriendo Enlace Inmobiliario (enlaceinmobiliario)…
19:40:45 WARNING https://www.enlaceinmobiliario.cl/ respondió 403
19:40:45 INFO    [enlaceinmobiliario] https://www.enlaceinmobiliario.cl/ rebotó al GET; se reintenta con navegador
19:40:45 DEBUG   [accesoinmobiliario] 14 avisos vía tarjetas
19:40:48 DEBUG   La red no quedó en silencio en https://houm.com/cl/arriendo-departamento-región-metropolitana/ñuñoa/164010; se lee igual
19:40:48 DEBUG   [houm] 1 avisos vía estado-embebido
19:40:52 DEBUG   [accesoinmobiliario] 1 avisos vía tarjetas
19:40:57 INFO      enlaceinmobiliario: 0 avisos en 12s
19:40:57 INFO    Barriendo Rentas.cl (rentas_cl)…
19:40:59 DEBUG   [rentas_cl] 1 avisos vía json-ld
19:40:59 INFO      rentas_cl: 1 avisos en 2s
19:40:59 INFO    Barriendo Arriendos.cl (arriendos_cl)…
19:40:59 DEBUG   La red no quedó en silencio en https://houm.com/cl/arriendo-departamento-región-metropolitana/ñuñoa/174379; se lee igual
19:41:00 DEBUG   [houm] 1 avisos vía estado-embebido
19:41:00 INFO      arriendos_cl: 0 avisos en 1s
19:41:00 INFO    Barriendo Propiedades.cl (propiedades_cl)…
19:41:01 DEBUG   [propiedades_cl] 6 avisos vía tarjetas
19:41:01 INFO      propiedades_cl: 6 avisos en 1s
19:41:01 INFO    Barriendo Clasificados.cl (clasificados_cl)…
19:41:03 DEBUG   [accesoinmobiliario] 1 avisos vía tarjetas
19:41:08 DEBUG   La red no quedó en silencio en https://houm.com/cl/arriendo-departamento-región-metropolitana/recoleta/178185; se lee igual
19:41:08 DEBUG   [houm] 1 avisos vía estado-embebido
19:41:09 DEBUG   [accesoinmobiliario] 1 avisos vía tarjetas
19:41:16 DEBUG   La red no quedó en silencio en https://houm.com/cl/arriendo-departamento-región-metropolitana/las-condes/177842; se lee igual
19:41:17 DEBUG   [houm] 1 avisos vía estado-embebido
19:41:17 DEBUG   [goplaceit] 30 avisos vía json-ld
19:41:18 DEBUG   [accesoinmobiliario] 1 avisos vía tarjetas
19:41:24 DEBUG   La red no quedó en silencio en https://houm.com/cl/arriendo-departamento-región-metropolitana/recoleta/176958; se lee igual
19:41:24 DEBUG   [houm] 1 avisos vía estado-embebido
19:41:26 DEBUG   [accesoinmobiliario] 1 avisos vía tarjetas
19:41:26 INFO      accesoinmobiliario: 19 avisos en 49s
19:41:32 WARNING Error en https://www.clasificados.cl/ (intento 1/3): HTTPSConnectionPool(host='www.clasificados.cl', port=443): Max retries exceeded with url: / (Caused by ConnectTimeoutError(<HTTPSConnection(host='www.clasificados.cl', port=443) at 0x7f3bd5130f20>, 'Connection to www.clasificados.cl timed out. (connect timeout=20)'))
19:41:33 DEBUG   La red no quedó en silencio en https://houm.com/cl/arriendo-departamento-región-metropolitana/recoleta/90462; se lee igual
19:41:34 DEBUG   [houm] 1 avisos vía estado-embebido
19:41:34 INFO      houm: 36 avisos en 91s
19:41:35 DEBUG   [clasificados_cl] 1 avisos vía tarjetas
19:41:35 INFO      clasificados_cl: 1 avisos en 34s
19:41:44 INFO      goplaceit: 90 avisos en 124s
19:41:44 INFO    Total crudo: 642 avisos
19:41:44 INFO    Después de deduplicar: 421
19:41:44 DEBUG   Libreta: matucana 700 se construyó en 2016 (accesoinmobiliario)
19:41:45 INFO    Pasaron los filtros: 47
19:42:10 DEBUG   [doomos] 16 avisos vía tarjetas
19:42:10 DEBUG   Ficha de YVT22 sin candidato propio; no se fusiona
19:42:12 DEBUG   Ficha de HW5MX sin candidato propio; no se fusiona
19:42:13 DEBUG   [doomos] 25 avisos vía tarjetas
19:42:13 DEBUG   Ficha de U44VT sin candidato propio; no se fusiona
19:42:15 DEBUG   [doomos] 25 avisos vía tarjetas
19:42:15 DEBUG   Ficha de KNAE9 sin candidato propio; no se fusiona
19:42:17 DEBUG   [doomos] 25 avisos vía tarjetas
19:42:17 DEBUG   Ficha de PR3QK sin candidato propio; no se fusiona
19:42:19 DEBUG   [doomos] 25 avisos vía tarjetas
19:42:19 DEBUG   Ficha de 2HWEW sin candidato propio; no se fusiona
19:42:21 DEBUG   [doomos] 25 avisos vía tarjetas
19:42:21 DEBUG   Ficha de ZWNAN sin candidato propio; no se fusiona
19:42:23 DEBUG   [doomos] 25 avisos vía tarjetas
19:42:23 DEBUG   Ficha de FDXSM sin candidato propio; no se fusiona
19:42:28 DEBUG   [toctoc] 1 avisos vía estado-embebido
19:42:29 DEBUG   [busconido] 11 avisos vía tarjetas
19:42:29 DEBUG   Ficha de H5C3P sin candidato propio; no se fusiona
19:42:33 INFO    Enriquecido y descartado: YAVJA (arriendo de $3.517.371 sobre el máximo negociable de $1.904.000)
19:42:37 INFO    Enriquecido y descartado: CC2AY (arriendo de $2.032.258 sobre el máximo negociable de $1.904.000)
19:42:37 DEBUG   [busconido] 10 avisos vía tarjetas
19:42:37 DEBUG   Ficha de J5MJ3 sin candidato propio; no se fusiona
19:42:40 DEBUG   [doomos] 16 avisos vía tarjetas
19:42:40 DEBUG   Ficha de J5JN4 sin candidato propio; no se fusiona
19:42:44 DEBUG   [toctoc] 1 avisos vía estado-embebido
19:42:52 DEBUG   [engelvoelkers] 1 avisos vía json-ld
19:42:54 DEBUG   [doomos] 25 avisos vía tarjetas
19:42:54 DEBUG   Ficha de P8XMT sin candidato propio; no se fusiona
19:42:59 DEBUG   [toctoc] 1 avisos vía estado-embebido
19:43:04 DEBUG   [toctoc] 1 avisos vía estado-embebido
19:43:14 DEBUG   [toctoc] 1 avisos vía estado-embebido
19:43:19 DEBUG   [toctoc] 1 avisos vía estado-embebido
19:43:23 DEBUG   [toctoc] 1 avisos vía estado-embebido
19:43:29 DEBUG   [toctoc] 1 avisos vía estado-embebido
19:43:34 DEBUG   [toctoc] 1 avisos vía estado-embebido
19:43:38 INFO    Enriquecido y descartado: 75BRH (arriendo de $2.931.142 sobre el máximo negociable de $1.904.000)
19:44:00 INFO    Enriquecido y descartado: 75BRH (arriendo de $2.149.504 sobre el máximo negociable de $1.904.000)
19:44:07 INFO    Enriquecido y descartado: 75BRH (arriendo de $1.954.095 sobre el máximo negociable de $1.904.000)
19:44:18 DEBUG   Ficha de 75BRH sin candidato propio; no se fusiona
19:44:23 DEBUG   [toctoc] 1 avisos vía estado-embebido
19:44:27 DEBUG   Ficha de 75BRH sin candidato propio; no se fusiona
19:44:31 DEBUG   [toctoc] 1 avisos vía estado-embebido
19:44:37 DEBUG   [toctoc] 1 avisos vía estado-embebido
19:44:40 DEBUG   Ficha de 75BRH sin candidato propio; no se fusiona
19:44:43 DEBUG   Ficha de 75BRH sin candidato propio; no se fusiona
19:44:43 INFO    Fichas leídas: 47 — 0 ganaron el año, 0 la dirección; 5 se descartaron al verlas (0 por viejos)
19:44:44 INFO    Listo: 0 avisados de 42 candidatos
