00:59:50 INFO    UF = $40.876.41 (API del día)
00:59:50 INFO    Barriendo TocToc (toctoc)…
00:59:50 INFO    Barriendo Chilepropiedades (chilepropiedades)…
00:59:50 INFO    Barriendo GoPlaceIt (goplaceit)…
00:59:50 INFO    Barriendo Yapo (yapo)…
00:59:50 DEBUG   [chilepropiedades] 10 avisos vía tarjetas
00:59:52 DEBUG   [yapo] 30 avisos vía tarjetas
00:59:52 DEBUG   [chilepropiedades] 10 avisos vía tarjetas
00:59:54 DEBUG   [yapo] 30 avisos vía tarjetas
00:59:54 DEBUG   [chilepropiedades] 10 avisos vía tarjetas
00:59:54 INFO      chilepropiedades: 30 avisos en 5s
00:59:54 INFO    Barriendo BuscoNido (busconido)…
00:59:55 DEBUG   [goplaceit] 30 avisos vía json-ld
00:59:55 DEBUG   [busconido] 23 avisos vía tarjetas
00:59:55 INFO      busconido: 23 avisos en 1s
00:59:55 INFO    Barriendo BienesOnline (bienesonline)…
00:59:56 DEBUG   [yapo] 30 avisos vía tarjetas
00:59:56 INFO      yapo: 90 avisos en 7s
00:59:56 INFO    Barriendo Economicos (El Mercurio) (economicos)…
00:59:56 WARNING https://www.economicos.cl/search/propiedades/vitacura/arriendo/departamento/0 respondió 403
00:59:56 INFO    [economicos] https://www.economicos.cl/search/propiedades/vitacura/arriendo/departamento/0 rebotó al GET; se reintenta con navegador
00:59:57 DEBUG   [bienesonline] 17 avisos vía tarjetas
00:59:57 INFO      bienesonline: 17 avisos en 1s
00:59:57 INFO    Barriendo iCasas (icasas)…
00:59:57 DEBUG   [toctoc] 20 avisos vía json-ld
00:59:58 DEBUG   [icasas] 15 avisos vía tarjetas
00:59:58 INFO      economicos: 0 avisos en 2s
00:59:58 INFO    Barriendo Doomos (doomos)…
00:59:59 DEBUG   [icasas] 15 avisos vía tarjetas
00:59:59 INFO      icasas: 30 avisos en 3s
00:59:59 INFO    Barriendo Top Propiedades (toppropiedades)…
01:00:00 DEBUG   [doomos] 32 avisos vía tarjetas
01:00:00 INFO      doomos: 32 avisos en 2s
01:00:00 INFO    Barriendo Nuroa (nuroa)…
01:00:01 DEBUG   Encoding detection: ascii is most likely the one.
01:00:02 DEBUG   [nuroa] 25 avisos vía json-ld
01:00:03 DEBUG   [toppropiedades] 1 avisos vía json-ld
01:00:04 DEBUG   [nuroa] 25 avisos vía json-ld
01:00:05 DEBUG   [toppropiedades] 1 avisos vía json-ld
01:00:05 DEBUG   La red no quedó en silencio en https://www.toctoc.com/arriendo/departamento/metropolitana/vitacura/3-dormitorios?pagina=2; se lee igual
01:00:06 DEBUG   [nuroa] 25 avisos vía json-ld
01:00:06 DEBUG   [toctoc] 20 avisos vía json-ld
01:00:07 DEBUG   [toppropiedades] 1 avisos vía json-ld
01:00:08 DEBUG   [nuroa] 25 avisos vía json-ld
01:00:08 INFO      nuroa: 100 avisos en 8s
01:00:08 INFO    Barriendo Mitula (mitula)…
01:00:09 DEBUG   [toppropiedades] 1 avisos vía json-ld
01:00:09 DEBUG   [mitula] 30 avisos vía json-ld
01:00:11 DEBUG   [toppropiedades] 1 avisos vía json-ld
01:00:11 DEBUG   [mitula] 30 avisos vía json-ld
01:00:12 INFO      mitula: 60 avisos en 4s
01:00:12 INFO    Barriendo Houm (houm)…
01:00:13 DEBUG   [toppropiedades] 1 avisos vía json-ld
01:00:13 DEBUG   La red no quedó en silencio en https://www.toctoc.com/arriendo/departamento/metropolitana/vitacura/3-dormitorios?pagina=3; se lee igual
01:00:14 DEBUG   [toctoc] 20 avisos vía json-ld
01:00:15 DEBUG   [toppropiedades] 1 avisos vía json-ld
01:00:17 DEBUG   [toppropiedades] 1 avisos vía json-ld
01:00:17 INFO      toppropiedades: 8 avisos en 18s
01:00:17 INFO    Barriendo Hey! Homes (heyhomes)…
01:00:20 DEBUG   [heyhomes] 9 avisos vía tarjetas
01:00:20 INFO      heyhomes: 9 avisos en 3s
01:00:20 INFO    Barriendo Engel & Völkers (engelvoelkers)…
01:00:20 DEBUG   La red no quedó en silencio en https://houm.com/cl/arriendo-departamentos-region-metropolitana/vitacura/3-dormitorios; se lee igual
01:00:21 DEBUG   [houm] 28 avisos vía json-ld
01:00:24 DEBUG   [toctoc] 20 avisos vía json-ld
01:00:29 DEBUG   [engelvoelkers] 14 avisos vía tarjetas
01:00:29 INFO      engelvoelkers: 14 avisos en 9s
01:00:29 INFO    Barriendo RE/MAX Chile (remax)…
01:00:33 DEBUG   La red no quedó en silencio en https://houm.com/cl/arriendo-departamento-región-metropolitana/las-condes/170742; se lee igual
01:00:33 DEBUG   [houm] 1 avisos vía estado-embebido
01:00:35 DEBUG   La red no quedó en silencio en https://www.toctoc.com/arriendo/departamento/metropolitana/vitacura/4-dormitorios?pagina=2; se lee igual
01:00:36 DEBUG   [toctoc] 20 avisos vía json-ld
01:00:36 DEBUG   [goplaceit] 30 avisos vía json-ld
01:00:40 INFO      remax: 0 avisos en 11s
01:00:40 INFO    Barriendo Fuenzalida Propiedades (fuenzalida)…
01:00:43 DEBUG   [fuenzalida] 16 avisos vía tarjetas
01:00:43 DEBUG   La red no quedó en silencio en https://houm.com/cl/arriendo-departamento-región-metropolitana/las-condes/175757; se lee igual
01:00:44 DEBUG   [houm] 1 avisos vía estado-embebido
01:00:44 DEBUG   [toctoc] 9 avisos vía json-ld
01:00:44 INFO      toctoc: 109 avisos en 55s
01:00:44 INFO    Barriendo Century 21 Chile (century21)…
01:00:46 INFO      century21: 0 avisos en 1s
01:00:46 INFO    Barriendo Property Partners (propertypartners)…
01:00:46 DEBUG   [propertypartners] 1 avisos vía tarjetas
01:00:46 INFO      propertypartners: 1 avisos en 0s
01:00:46 INFO    Barriendo Acceso Inmobiliario (accesoinmobiliario)…
01:00:47 DEBUG   [fuenzalida] 20 avisos vía tarjetas
01:00:51 DEBUG   [accesoinmobiliario] 16 avisos vía tarjetas
01:00:52 DEBUG   La red no quedó en silencio en https://houm.com/cl/arriendo-departamento-región-metropolitana/ñuñoa/174379; se lee igual
01:00:52 DEBUG   [houm] 1 avisos vía estado-embebido
01:00:52 DEBUG   [fuenzalida] 20 avisos vía tarjetas
01:00:52 INFO      fuenzalida: 56 avisos en 12s
01:00:52 INFO    Barriendo Magnolia Property (magnoliaproperty)…
01:00:53 DEBUG   [magnoliaproperty] 7 avisos vía tarjetas
01:00:53 INFO      magnoliaproperty: 7 avisos en 1s
01:00:53 INFO    Barriendo Portilla Propiedades (portillapropiedades)…
01:00:53 DEBUG   [portillapropiedades] 2 avisos vía tarjetas
01:00:53 INFO      portillapropiedades: 2 avisos en 1s
01:00:53 INFO    Barriendo Nativo Propiedades (nativopropiedades)…
01:00:54 DEBUG   [nativopropiedades] 7 avisos vía tarjetas
01:00:54 INFO      nativopropiedades: 7 avisos en 1s
01:00:54 INFO    Barriendo Enlace Inmobiliario (enlaceinmobiliario)…
01:00:54 WARNING https://www.enlaceinmobiliario.cl/ respondió 403
01:00:54 INFO    [enlaceinmobiliario] https://www.enlaceinmobiliario.cl/ rebotó al GET; se reintenta con navegador
01:00:55 DEBUG   [accesoinmobiliario] 1 avisos vía tarjetas
01:01:00 INFO      enlaceinmobiliario: 0 avisos en 6s
01:01:00 INFO    Barriendo Rentas.cl (rentas_cl)…
01:01:02 DEBUG   La red no quedó en silencio en https://houm.com/cl/arriendo-departamento-región-metropolitana/recoleta/178185; se lee igual
01:01:02 DEBUG   [rentas_cl] 1 avisos vía json-ld
01:01:02 INFO      rentas_cl: 1 avisos en 2s
01:01:02 INFO    Barriendo Arriendos.cl (arriendos_cl)…
01:01:02 DEBUG   [houm] 1 avisos vía estado-embebido
01:01:03 INFO      arriendos_cl: 0 avisos en 1s
01:01:03 INFO    Barriendo Propiedades.cl (propiedades_cl)…
01:01:04 DEBUG   [propiedades_cl] 6 avisos vía tarjetas
01:01:04 INFO      propiedades_cl: 6 avisos en 1s
01:01:04 INFO    Barriendo Clasificados.cl (clasificados_cl)…
01:01:07 DEBUG   [clasificados_cl] 1 avisos vía tarjetas
01:01:07 INFO      clasificados_cl: 1 avisos en 3s
01:01:08 DEBUG   [accesoinmobiliario] 1 avisos vía tarjetas
01:01:10 DEBUG   La red no quedó en silencio en https://houm.com/cl/arriendo-departamento-región-metropolitana/las-condes/177842; se lee igual
01:01:10 DEBUG   [houm] 1 avisos vía estado-embebido
01:01:19 DEBUG   La red no quedó en silencio en https://houm.com/cl/arriendo-departamento-región-metropolitana/recoleta/176958; se lee igual
01:01:19 DEBUG   [houm] 1 avisos vía estado-embebido
01:01:20 DEBUG   [accesoinmobiliario] 1 avisos vía tarjetas
01:01:20 INFO      accesoinmobiliario: 19 avisos en 34s
01:01:26 DEBUG   [goplaceit] 30 avisos vía json-ld
01:01:27 DEBUG   La red no quedó en silencio en https://houm.com/cl/arriendo-departamento-región-metropolitana/recoleta/90462; se lee igual
01:01:27 DEBUG   [houm] 1 avisos vía estado-embebido
01:01:35 DEBUG   La red no quedó en silencio en https://houm.com/cl/arriendo-departamento-región-metropolitana/ñuñoa/148216; se lee igual
01:01:35 DEBUG   [houm] 1 avisos vía estado-embebido
01:01:35 INFO      houm: 36 avisos en 83s
01:01:50 INFO      goplaceit: 90 avisos en 120s
01:01:50 INFO    Total crudo: 748 avisos
01:01:50 INFO    Después de deduplicar: 453
01:01:50 INFO    Libreta: 1 entradas de un extractor viejo se olvidan
01:01:50 DEBUG   Libreta: n de la casa 133 se construyó en 2020 (accesoinmobiliario)
01:01:50 INFO    Pasaron los filtros: 47
01:02:13 DEBUG   [doomos] 18 avisos vía tarjetas
01:02:13 DEBUG   Ficha de YVT22 sin candidato propio; no se fusiona
01:02:14 DEBUG   Ficha de HW5MX sin candidato propio; no se fusiona
01:02:15 DEBUG   [doomos] 27 avisos vía tarjetas
01:02:15 DEBUG   Ficha de U44VT sin candidato propio; no se fusiona
01:02:19 DEBUG   [doomos] 27 avisos vía tarjetas
01:02:19 DEBUG   Ficha de KNAE9 sin candidato propio; no se fusiona
01:02:23 DEBUG   [doomos] 27 avisos vía tarjetas
01:02:23 DEBUG   Ficha de PR3QK sin candidato propio; no se fusiona
01:02:26 DEBUG   [doomos] 27 avisos vía tarjetas
01:02:26 DEBUG   Ficha de 2HWEW sin candidato propio; no se fusiona
01:02:28 DEBUG   [doomos] 27 avisos vía tarjetas
01:02:28 DEBUG   Ficha de ZWNAN sin candidato propio; no se fusiona
01:02:30 DEBUG   [yapo] 1 avisos vía json-ld
01:02:34 DEBUG   [toctoc] 1 avisos vía estado-embebido
01:02:38 DEBUG   [toctoc] 1 avisos vía estado-embebido
01:02:39 DEBUG   [busconido] 11 avisos vía tarjetas
01:02:39 DEBUG   Ficha de 9ZGUH sin candidato propio; no se fusiona
01:02:41 DEBUG   [busconido] 10 avisos vía tarjetas
01:02:41 DEBUG   Ficha de KTFQD sin candidato propio; no se fusiona
01:02:43 DEBUG   [busconido] 11 avisos vía tarjetas
01:02:43 DEBUG   Ficha de YW4YH sin candidato propio; no se fusiona
01:02:47 INFO    Enriquecido y descartado: 7DKB3 (arriendo de $2.266.750 sobre el máximo negociable de $1.904.000)
01:02:47 DEBUG   [busconido] 10 avisos vía tarjetas
01:02:47 DEBUG   Ficha de 45SXZ sin candidato propio; no se fusiona
01:02:48 DEBUG   [doomos] 18 avisos vía tarjetas
01:02:48 DEBUG   Ficha de J5JN4 sin candidato propio; no se fusiona
01:02:48 DEBUG   [chilepropiedades] 2 avisos vía json-ld
01:02:52 DEBUG   [toctoc] 1 avisos vía estado-embebido
01:02:57 DEBUG   [doomos] 27 avisos vía tarjetas
01:02:57 DEBUG   Ficha de P8XMT sin candidato propio; no se fusiona
01:03:00 DEBUG   [engelvoelkers] 1 avisos vía json-ld
01:03:01 DEBUG   [mitula] 3 avisos vía tarjetas
01:03:09 DEBUG   [toctoc] 1 avisos vía estado-embebido
01:03:09 DEBUG   [chilepropiedades] 2 avisos vía json-ld
01:03:14 DEBUG   [toctoc] 1 avisos vía estado-embebido
01:03:20 DEBUG   [toctoc] 1 avisos vía estado-embebido
01:03:24 INFO    Enriquecido y descartado: 75BRH (arriendo de $2.931.142 sobre el máximo negociable de $1.904.000)
01:03:47 INFO    Enriquecido y descartado: 75BRH (arriendo de $2.149.504 sobre el máximo negociable de $1.904.000)
01:03:54 INFO    Enriquecido y descartado: 75BRH (arriendo de $1.954.095 sobre el máximo negociable de $1.904.000)
01:04:15 DEBUG   [toctoc] 1 avisos vía estado-embebido
01:04:18 DEBUG   [toctoc] 1 avisos vía estado-embebido
01:04:22 INFO    Enriquecido y descartado: 75BRH (arriendo de $4.299.009 sobre el máximo negociable de $1.904.000)
01:04:27 INFO    Fichas leídas: 47 — 0 ganaron el año, 0 la dirección; 5 se descartaron al verlas (0 por viejos)
01:04:28 INFO    Listo: 0 avisados de 42 candidatos
