20:41:55 INFO    UF = $40.983.58 (API del día)
20:41:55 INFO    Barriendo TocToc (toctoc)…
20:41:55 INFO    Barriendo Chilepropiedades (chilepropiedades)…
20:41:55 INFO    Barriendo GoPlaceIt (goplaceit)…
20:41:55 INFO    Barriendo Yapo (yapo)…
20:41:55 DEBUG   [chilepropiedades] 10 avisos vía tarjetas
20:41:57 INFO      yapo: 0 avisos en 2s
20:41:57 INFO    Barriendo BuscoNido (busconido)…
20:41:57 DEBUG   [busconido] 23 avisos vía tarjetas
20:41:57 INFO      busconido: 23 avisos en 1s
20:41:57 INFO    Barriendo BienesOnline (bienesonline)…
20:41:57 DEBUG   [chilepropiedades] 10 avisos vía tarjetas
20:41:58 DEBUG   [bienesonline] 17 avisos vía tarjetas
20:41:58 INFO      bienesonline: 17 avisos en 1s
20:41:58 INFO    Barriendo Economicos (El Mercurio) (economicos)…
20:41:58 WARNING https://www.economicos.cl/search/propiedades/vitacura/arriendo/departamento/0 respondió 403
20:41:58 INFO    [economicos] https://www.economicos.cl/search/propiedades/vitacura/arriendo/departamento/0 rebotó al GET; se reintenta con navegador
20:41:59 DEBUG   [chilepropiedades] 10 avisos vía tarjetas
20:42:00 INFO      chilepropiedades: 30 avisos en 5s
20:42:00 INFO    Barriendo iCasas (icasas)…
20:42:00 DEBUG   [goplaceit] 30 avisos vía json-ld
20:42:01 DEBUG   [icasas] 15 avisos vía tarjetas
20:42:02 INFO      economicos: 0 avisos en 4s
20:42:02 INFO    Barriendo Doomos (doomos)…
20:42:02 WARNING https://www.doomos.cl/departamentos-vitacura-arriendo respondió 403
20:42:02 INFO    [doomos] https://www.doomos.cl/departamentos-vitacura-arriendo rebotó al GET; se reintenta con navegador
20:42:03 DEBUG   [icasas] 15 avisos vía tarjetas
20:42:03 INFO      icasas: 30 avisos en 3s
20:42:03 INFO    Barriendo Top Propiedades (toppropiedades)…
20:42:04 DEBUG   La red no quedó en silencio en https://www.toctoc.com/arriendo/departamento/metropolitana/vitacura/3-dormitorios; se lee igual
20:42:05 DEBUG   [toctoc] 20 avisos vía json-ld
20:42:06 INFO      doomos: 0 avisos en 4s
20:42:06 INFO    Barriendo Nuroa (nuroa)…
20:42:06 DEBUG   Encoding detection: ascii is most likely the one.
20:42:07 DEBUG   [toppropiedades] 1 avisos vía json-ld
20:42:07 DEBUG   [nuroa] 25 avisos vía json-ld
20:42:09 DEBUG   [toppropiedades] 1 avisos vía json-ld
20:42:10 DEBUG   [nuroa] 25 avisos vía json-ld
20:42:11 DEBUG   [toppropiedades] 1 avisos vía json-ld
20:42:12 DEBUG   [nuroa] 25 avisos vía json-ld
20:42:13 DEBUG   La red no quedó en silencio en https://www.toctoc.com/arriendo/departamento/metropolitana/vitacura/3-dormitorios?pagina=2; se lee igual
20:42:13 DEBUG   [toppropiedades] 1 avisos vía json-ld
20:42:13 DEBUG   [toctoc] 20 avisos vía json-ld
20:42:14 DEBUG   [nuroa] 25 avisos vía json-ld
20:42:14 INFO      nuroa: 100 avisos en 8s
20:42:14 INFO    Barriendo Mitula (mitula)…
20:42:15 DEBUG   [toppropiedades] 1 avisos vía json-ld
20:42:16 DEBUG   [mitula] 30 avisos vía json-ld
20:42:17 DEBUG   [toppropiedades] 1 avisos vía json-ld
20:42:18 DEBUG   [mitula] 30 avisos vía json-ld
20:42:18 INFO      mitula: 60 avisos en 4s
20:42:18 INFO    Barriendo Houm (houm)…
20:42:19 DEBUG   [toppropiedades] 1 avisos vía json-ld
20:42:21 DEBUG   [toctoc] 20 avisos vía json-ld
20:42:21 DEBUG   [toppropiedades] 1 avisos vía json-ld
20:42:21 INFO      toppropiedades: 8 avisos en 18s
20:42:21 INFO    Barriendo Hey! Homes (heyhomes)…
20:42:24 DEBUG   [heyhomes] 9 avisos vía tarjetas
20:42:24 INFO      heyhomes: 9 avisos en 3s
20:42:24 INFO    Barriendo Engel & Völkers (engelvoelkers)…
20:42:28 DEBUG   La red no quedó en silencio en https://houm.com/cl/arriendo-departamentos-region-metropolitana/vitacura/3-dormitorios; se lee igual
20:42:28 DEBUG   [houm] 28 avisos vía json-ld
20:42:31 DEBUG   [engelvoelkers] 17 avisos vía tarjetas
20:42:31 INFO      engelvoelkers: 17 avisos en 7s
20:42:31 INFO    Barriendo RE/MAX Chile (remax)…
20:42:32 DEBUG   La red no quedó en silencio en https://www.toctoc.com/arriendo/departamento/metropolitana/vitacura/4-dormitorios; se lee igual
20:42:33 DEBUG   [toctoc] 20 avisos vía json-ld
20:42:38 INFO      remax: 0 avisos en 7s
20:42:38 INFO    Barriendo Fuenzalida Propiedades (fuenzalida)…
20:42:40 DEBUG   La red no quedó en silencio en https://houm.com/cl/arriendo-departamento-región-metropolitana/las-condes/170742; se lee igual
20:42:41 DEBUG   [houm] 1 avisos vía estado-embebido
20:42:41 DEBUG   [fuenzalida] 16 avisos vía tarjetas
20:42:44 DEBUG   [goplaceit] 30 avisos vía json-ld
20:42:45 DEBUG   [fuenzalida] 20 avisos vía tarjetas
20:42:45 DEBUG   [toctoc] 14 avisos vía json-ld
20:42:47 DEBUG   [fuenzalida] 20 avisos vía tarjetas
20:42:47 INFO      fuenzalida: 56 avisos en 9s
20:42:47 INFO    Barriendo Century 21 Chile (century21)…
20:42:49 INFO      century21: 0 avisos en 2s
20:42:49 INFO    Barriendo Property Partners (propertypartners)…
20:42:50 DEBUG   [propertypartners] 1 avisos vía tarjetas
20:42:50 INFO      propertypartners: 1 avisos en 0s
20:42:50 INFO    Barriendo Acceso Inmobiliario (accesoinmobiliario)…
20:42:51 DEBUG   La red no quedó en silencio en https://houm.com/cl/arriendo-departamento-región-metropolitana/lo-barnechea/74201; se lee igual
20:42:51 DEBUG   [houm] 1 avisos vía estado-embebido
20:42:56 DEBUG   [toctoc] 20 avisos vía json-ld
20:42:56 INFO      toctoc: 114 avisos en 61s
20:42:56 INFO    Barriendo Magnolia Property (magnoliaproperty)…
20:42:57 DEBUG   [magnoliaproperty] 6 avisos vía tarjetas
20:42:57 INFO      magnoliaproperty: 6 avisos en 1s
20:42:57 INFO    Barriendo Portilla Propiedades (portillapropiedades)…
20:42:57 DEBUG   [portillapropiedades] 2 avisos vía tarjetas
20:42:57 INFO      portillapropiedades: 2 avisos en 1s
20:42:57 INFO    Barriendo Nativo Propiedades (nativopropiedades)…
20:42:58 DEBUG   [accesoinmobiliario] 16 avisos vía tarjetas
20:42:58 DEBUG   [nativopropiedades] 10 avisos vía tarjetas
20:42:58 INFO      nativopropiedades: 10 avisos en 1s
20:42:58 INFO    Barriendo Enlace Inmobiliario (enlaceinmobiliario)…
20:42:58 WARNING https://www.enlaceinmobiliario.cl/ respondió 403
20:42:58 INFO    [enlaceinmobiliario] https://www.enlaceinmobiliario.cl/ rebotó al GET; se reintenta con navegador
20:43:03 DEBUG   La red no quedó en silencio en https://houm.com/cl/arriendo-departamento-región-metropolitana/providencia/175947; se lee igual
20:43:03 DEBUG   [houm] 1 avisos vía estado-embebido
20:43:04 DEBUG   [accesoinmobiliario] 1 avisos vía tarjetas
20:43:10 DEBUG   La red no quedó en silencio en https://www.enlaceinmobiliario.cl/; se lee igual
20:43:10 INFO      enlaceinmobiliario: 0 avisos en 12s
20:43:10 INFO    Barriendo Rentas.cl (rentas_cl)…
20:43:12 DEBUG   [rentas_cl] 1 avisos vía json-ld
20:43:12 INFO      rentas_cl: 1 avisos en 2s
20:43:12 INFO    Barriendo Arriendos.cl (arriendos_cl)…
20:43:13 INFO      arriendos_cl: 0 avisos en 1s
20:43:13 INFO    Barriendo Propiedades.cl (propiedades_cl)…
20:43:14 DEBUG   [propiedades_cl] 6 avisos vía tarjetas
20:43:14 INFO      propiedades_cl: 6 avisos en 1s
20:43:14 INFO    Barriendo Clasificados.cl (clasificados_cl)…
20:43:16 DEBUG   La red no quedó en silencio en https://houm.com/cl/arriendo-departamento-región-metropolitana/ñuñoa/174379; se lee igual
20:43:16 DEBUG   [houm] 1 avisos vía estado-embebido
20:43:17 DEBUG   [clasificados_cl] 1 avisos vía tarjetas
20:43:17 INFO      clasificados_cl: 1 avisos en 3s
20:43:24 DEBUG   [accesoinmobiliario] 1 avisos vía tarjetas
20:43:24 DEBUG   La red no quedó en silencio en https://houm.com/cl/arriendo-departamento-región-metropolitana/recoleta/179872; se lee igual
20:43:24 DEBUG   [houm] 1 avisos vía estado-embebido
20:43:26 DEBUG   [accesoinmobiliario] 1 avisos vía tarjetas
20:43:27 DEBUG   [goplaceit] 30 avisos vía json-ld
20:43:28 DEBUG   [accesoinmobiliario] 1 avisos vía tarjetas
20:43:33 DEBUG   La red no quedó en silencio en https://houm.com/cl/arriendo-departamento-región-metropolitana/recoleta/178185; se lee igual
20:43:34 DEBUG   [houm] 1 avisos vía estado-embebido
20:43:42 DEBUG   La red no quedó en silencio en https://houm.com/cl/arriendo-departamento-región-metropolitana/las-condes/177842; se lee igual
20:43:42 DEBUG   [houm] 1 avisos vía estado-embebido
20:43:50 INFO      accesoinmobiliario: 20 avisos en 60s
20:43:51 DEBUG   La red no quedó en silencio en https://houm.com/cl/arriendo-departamento-región-metropolitana/recoleta/176958; se lee igual
20:43:51 DEBUG   [houm] 1 avisos vía estado-embebido
20:43:51 INFO      houm: 36 avisos en 93s
20:43:58 INFO      goplaceit: 90 avisos en 123s
20:43:58 INFO    Total crudo: 637 avisos
20:43:59 INFO    Después de deduplicar: 408
20:43:59 INFO    Pasaron los filtros: 38
20:44:18 DEBUG   Ficha de HW5MX sin candidato propio; no se fusiona
20:44:19 DEBUG   [busconido] 10 avisos vía tarjetas
20:44:19 DEBUG   Ficha de RKUK4 sin candidato propio; no se fusiona
20:44:21 DEBUG   [busconido] 10 avisos vía tarjetas
20:44:21 DEBUG   Ficha de DWAVU sin candidato propio; no se fusiona
20:44:23 DEBUG   [busconido] 10 avisos vía tarjetas
20:44:23 DEBUG   Ficha de 3QCA2 sin candidato propio; no se fusiona
20:44:28 DEBUG   [toctoc] 1 avisos vía estado-embebido
20:44:29 DEBUG   [busconido] 10 avisos vía tarjetas
20:44:29 DEBUG   Ficha de 8ST9E sin candidato propio; no se fusiona
20:44:31 DEBUG   [busconido] 10 avisos vía tarjetas
20:44:31 DEBUG   Ficha de 3R9E8 sin candidato propio; no se fusiona
20:44:35 INFO    Enriquecido y descartado: YAVJA (arriendo de $3.517.371 sobre el máximo negociable de $1.904.000)
20:44:35 DEBUG   [busconido] 10 avisos vía tarjetas
20:44:35 DEBUG   Ficha de 2SEPC sin candidato propio; no se fusiona
20:44:40 INFO    Enriquecido y descartado: CC2AY (arriendo de $2.032.258 sobre el máximo negociable de $1.904.000)
20:44:45 DEBUG   [toctoc] 1 avisos vía estado-embebido
20:44:51 DEBUG   [engelvoelkers] 1 avisos vía json-ld
20:45:01 DEBUG   [toctoc] 1 avisos vía estado-embebido
20:45:06 DEBUG   [toctoc] 1 avisos vía estado-embebido
20:45:14 DEBUG   [toctoc] 1 avisos vía estado-embebido
20:45:19 DEBUG   [toctoc] 1 avisos vía estado-embebido
20:45:24 DEBUG   [toctoc] 1 avisos vía estado-embebido
20:45:28 INFO    Enriquecido y descartado: 75BRH (arriendo de $2.931.142 sobre el máximo negociable de $1.904.000)
20:45:51 INFO    Enriquecido y descartado: 75BRH (arriendo de $2.149.504 sobre el máximo negociable de $1.904.000)
20:45:55 INFO    Enriquecido y descartado: 75BRH (arriendo de $1.954.095 sobre el máximo negociable de $1.904.000)
20:46:11 DEBUG   [toctoc] 1 avisos vía estado-embebido
20:46:20 DEBUG   [toctoc] 1 avisos vía estado-embebido
20:46:24 INFO    Enriquecido y descartado: 75BRH (arriendo de $4.299.009 sobre el máximo negociable de $1.904.000)
20:46:28 INFO    Fichas leídas: 38 — 0 ganaron el año, 0 la dirección; 6 se descartaron al verlas (0 por viejos)
20:46:30 INFO    Listo: 0 avisados de 32 candidatos
