19:33:34 INFO    UF = $40.885.63 (API del día)
19:33:34 INFO    Barriendo TocToc (toctoc)…
19:33:34 INFO    Barriendo Chilepropiedades (chilepropiedades)…
19:33:34 INFO    Barriendo GoPlaceIt (goplaceit)…
19:33:34 INFO    Barriendo Yapo (yapo)…
19:33:34 DEBUG   [chilepropiedades] 10 avisos vía tarjetas
19:33:35 INFO      yapo: 0 avisos en 2s
19:33:35 INFO    Barriendo BuscoNido (busconido)…
19:33:36 DEBUG   [busconido] 23 avisos vía tarjetas
19:33:36 INFO      busconido: 23 avisos en 0s
19:33:36 INFO    Barriendo BienesOnline (bienesonline)…
19:33:36 DEBUG   [chilepropiedades] 10 avisos vía tarjetas
19:33:37 INFO      bienesonline: 0 avisos en 1s
19:33:37 INFO    Barriendo Economicos (El Mercurio) (economicos)…
19:33:37 WARNING https://www.economicos.cl/search/propiedades/vitacura/arriendo/departamento/0 respondió 403
19:33:37 INFO    [economicos] https://www.economicos.cl/search/propiedades/vitacura/arriendo/departamento/0 rebotó al GET; se reintenta con navegador
19:33:38 DEBUG   [chilepropiedades] 10 avisos vía tarjetas
19:33:38 INFO      chilepropiedades: 30 avisos en 5s
19:33:38 INFO    Barriendo iCasas (icasas)…
19:33:39 DEBUG   [goplaceit] 30 avisos vía json-ld
19:33:39 DEBUG   [icasas] 15 avisos vía tarjetas
19:33:40 INFO      economicos: 0 avisos en 3s
19:33:40 INFO    Barriendo Doomos (doomos)…
19:33:41 DEBUG   [icasas] 15 avisos vía tarjetas
19:33:41 INFO      icasas: 30 avisos en 3s
19:33:41 INFO    Barriendo Top Propiedades (toppropiedades)…
19:33:42 DEBUG   [doomos] 31 avisos vía tarjetas
19:33:42 INFO      doomos: 31 avisos en 2s
19:33:42 INFO    Barriendo Nuroa (nuroa)…
19:33:42 DEBUG   [toctoc] 20 avisos vía json-ld
19:33:43 DEBUG   Encoding detection: ascii is most likely the one.
19:33:44 DEBUG   [nuroa] 25 avisos vía json-ld
19:33:45 DEBUG   [toppropiedades] 1 avisos vía json-ld
19:33:46 DEBUG   [nuroa] 25 avisos vía json-ld
19:33:47 DEBUG   [toppropiedades] 1 avisos vía json-ld
19:33:48 DEBUG   [nuroa] 25 avisos vía json-ld
19:33:49 DEBUG   [toppropiedades] 1 avisos vía json-ld
19:33:50 DEBUG   [nuroa] 25 avisos vía json-ld
19:33:50 INFO      nuroa: 100 avisos en 8s
19:33:50 INFO    Barriendo Mitula (mitula)…
19:33:50 DEBUG   [toctoc] 20 avisos vía json-ld
19:33:51 DEBUG   [toppropiedades] 1 avisos vía json-ld
19:33:52 DEBUG   [mitula] 30 avisos vía json-ld
19:33:53 DEBUG   [toppropiedades] 1 avisos vía json-ld
19:33:55 DEBUG   [mitula] 30 avisos vía json-ld
19:33:55 DEBUG   [toppropiedades] 1 avisos vía json-ld
19:33:55 INFO      mitula: 60 avisos en 5s
19:33:55 INFO    Barriendo Houm (houm)…
19:33:57 DEBUG   [toppropiedades] 1 avisos vía json-ld
19:33:58 DEBUG   La red no quedó en silencio en https://www.toctoc.com/arriendo/departamento/metropolitana/vitacura/3-dormitorios?pagina=3; se lee igual
19:33:58 DEBUG   [toctoc] 20 avisos vía json-ld
19:33:59 DEBUG   [toppropiedades] 1 avisos vía json-ld
19:33:59 INFO      toppropiedades: 8 avisos en 18s
19:33:59 INFO    Barriendo Hey! Homes (heyhomes)…
19:34:02 DEBUG   [heyhomes] 9 avisos vía tarjetas
19:34:02 INFO      heyhomes: 9 avisos en 3s
19:34:02 INFO    Barriendo Engel & Völkers (engelvoelkers)…
19:34:05 DEBUG   La red no quedó en silencio en https://houm.com/cl/arriendo-departamentos-region-metropolitana/vitacura/3-dormitorios; se lee igual
19:34:05 DEBUG   [houm] 28 avisos vía json-ld
19:34:09 DEBUG   [toctoc] 20 avisos vía json-ld
19:34:10 DEBUG   [engelvoelkers] 17 avisos vía tarjetas
19:34:10 INFO      engelvoelkers: 17 avisos en 8s
19:34:10 INFO    Barriendo RE/MAX Chile (remax)…
19:34:18 DEBUG   La red no quedó en silencio en https://houm.com/cl/arriendo-departamento-región-metropolitana/las-condes/170742; se lee igual
19:34:18 DEBUG   [houm] 1 avisos vía estado-embebido
19:34:20 DEBUG   [toctoc] 20 avisos vía json-ld
19:34:23 DEBUG   [goplaceit] 30 avisos vía json-ld
19:34:23 INFO      remax: 0 avisos en 13s
19:34:23 INFO    Barriendo Fuenzalida Propiedades (fuenzalida)…
19:34:26 DEBUG   [fuenzalida] 16 avisos vía tarjetas
19:34:29 DEBUG   [fuenzalida] 20 avisos vía tarjetas
19:34:29 DEBUG   [toctoc] 3 avisos vía json-ld
19:34:29 INFO      toctoc: 103 avisos en 56s
19:34:29 INFO    Barriendo Century 21 Chile (century21)…
19:34:30 DEBUG   La red no quedó en silencio en https://houm.com/cl/arriendo-departamento-región-metropolitana/las-condes/175757; se lee igual
19:34:30 DEBUG   [houm] 1 avisos vía estado-embebido
19:34:30 INFO      century21: 0 avisos en 1s
19:34:30 INFO    Barriendo Property Partners (propertypartners)…
19:34:31 DEBUG   [propertypartners] 1 avisos vía tarjetas
19:34:31 INFO      propertypartners: 1 avisos en 1s
19:34:31 INFO    Barriendo Acceso Inmobiliario (accesoinmobiliario)…
19:34:32 DEBUG   [fuenzalida] 20 avisos vía tarjetas
19:34:32 INFO      fuenzalida: 56 avisos en 9s
19:34:32 INFO    Barriendo Magnolia Property (magnoliaproperty)…
19:34:32 DEBUG   [magnoliaproperty] 6 avisos vía tarjetas
19:34:32 INFO      magnoliaproperty: 6 avisos en 0s
19:34:32 INFO    Barriendo Portilla Propiedades (portillapropiedades)…
19:34:33 DEBUG   [portillapropiedades] 2 avisos vía tarjetas
19:34:33 INFO      portillapropiedades: 2 avisos en 1s
19:34:33 INFO    Barriendo Nativo Propiedades (nativopropiedades)…
19:34:33 DEBUG   [nativopropiedades] 10 avisos vía tarjetas
19:34:33 INFO      nativopropiedades: 10 avisos en 1s
19:34:33 INFO    Barriendo Enlace Inmobiliario (enlaceinmobiliario)…
19:34:34 WARNING https://www.enlaceinmobiliario.cl/ respondió 403
19:34:34 INFO    [enlaceinmobiliario] https://www.enlaceinmobiliario.cl/ rebotó al GET; se reintenta con navegador
19:34:37 DEBUG   [accesoinmobiliario] 14 avisos vía tarjetas
19:34:38 DEBUG   La red no quedó en silencio en https://houm.com/cl/arriendo-departamento-región-metropolitana/ñuñoa/164010; se lee igual
19:34:38 DEBUG   [houm] 1 avisos vía estado-embebido
19:34:44 INFO      enlaceinmobiliario: 0 avisos en 10s
19:34:44 INFO    Barriendo Rentas.cl (rentas_cl)…
19:34:46 DEBUG   [rentas_cl] 1 avisos vía json-ld
19:34:46 INFO      rentas_cl: 1 avisos en 2s
19:34:46 INFO    Barriendo Arriendos.cl (arriendos_cl)…
19:34:47 INFO      arriendos_cl: 0 avisos en 1s
19:34:47 INFO    Barriendo Propiedades.cl (propiedades_cl)…
19:34:48 DEBUG   [propiedades_cl] 6 avisos vía tarjetas
19:34:48 INFO      propiedades_cl: 6 avisos en 1s
19:34:48 INFO    Barriendo Clasificados.cl (clasificados_cl)…
19:34:50 DEBUG   [clasificados_cl] 1 avisos vía tarjetas
19:34:50 INFO      clasificados_cl: 1 avisos en 2s
19:34:50 DEBUG   La red no quedó en silencio en https://houm.com/cl/arriendo-departamento-región-metropolitana/providencia/175947; se lee igual
19:34:50 DEBUG   [houm] 1 avisos vía estado-embebido
19:34:58 DEBUG   La red no quedó en silencio en https://houm.com/cl/arriendo-departamento-región-metropolitana/ñuñoa/174379; se lee igual
19:34:58 DEBUG   [houm] 1 avisos vía estado-embebido
19:35:01 INFO      accesoinmobiliario: 14 avisos en 30s
19:35:08 DEBUG   La red no quedó en silencio en https://houm.com/cl/arriendo-departamento-región-metropolitana/recoleta/178185; se lee igual
19:35:08 DEBUG   [goplaceit] 30 avisos vía json-ld
19:35:08 DEBUG   [houm] 1 avisos vía estado-embebido
19:35:15 DEBUG   La red no quedó en silencio en https://houm.com/cl/arriendo-departamento-región-metropolitana/las-condes/177842; se lee igual
19:35:16 DEBUG   [houm] 1 avisos vía estado-embebido
19:35:24 DEBUG   La red no quedó en silencio en https://houm.com/cl/arriendo-departamento-región-metropolitana/recoleta/176958; se lee igual
19:35:24 DEBUG   [houm] 1 avisos vía estado-embebido
19:35:24 INFO      houm: 36 avisos en 89s
19:35:30 INFO      goplaceit: 90 avisos en 117s
19:35:30 INFO    Total crudo: 634 avisos
19:35:30 INFO    Después de deduplicar: 414
19:35:31 INFO    Pasaron los filtros: 46
19:35:53 DEBUG   [doomos] 16 avisos vía tarjetas
19:35:53 DEBUG   Ficha de YVT22 sin candidato propio; no se fusiona
19:35:54 DEBUG   Ficha de HW5MX sin candidato propio; no se fusiona
19:35:56 DEBUG   [doomos] 25 avisos vía tarjetas
19:35:56 DEBUG   Ficha de U44VT sin candidato propio; no se fusiona
19:35:58 DEBUG   [doomos] 25 avisos vía tarjetas
19:35:58 DEBUG   Ficha de KNAE9 sin candidato propio; no se fusiona
19:35:59 DEBUG   [doomos] 25 avisos vía tarjetas
19:35:59 DEBUG   Ficha de PR3QK sin candidato propio; no se fusiona
19:36:09 DEBUG   [doomos] 25 avisos vía tarjetas
19:36:09 DEBUG   Ficha de 2HWEW sin candidato propio; no se fusiona
19:36:24 DEBUG   [doomos] 25 avisos vía tarjetas
19:36:24 DEBUG   Ficha de ZWNAN sin candidato propio; no se fusiona
19:36:29 DEBUG   [doomos] 25 avisos vía tarjetas
19:36:29 DEBUG   Ficha de FDXSM sin candidato propio; no se fusiona
19:36:35 DEBUG   [toctoc] 1 avisos vía estado-embebido
19:36:35 DEBUG   [busconido] 10 avisos vía tarjetas
19:36:35 DEBUG   Ficha de R5TRQ sin candidato propio; no se fusiona
19:36:37 DEBUG   [busconido] 11 avisos vía tarjetas
19:36:37 DEBUG   Ficha de YXYA8 sin candidato propio; no se fusiona
19:36:41 INFO    Enriquecido y descartado: YAVJA (arriendo de $3.517.371 sobre el máximo negociable de $1.904.000)
19:36:44 INFO    Enriquecido y descartado: CC2AY (arriendo de $2.032.258 sobre el máximo negociable de $1.904.000)
19:36:45 DEBUG   [busconido] 10 avisos vía tarjetas
19:36:45 DEBUG   Ficha de 5EFJD sin candidato propio; no se fusiona
19:36:47 DEBUG   [doomos] 16 avisos vía tarjetas
19:36:47 DEBUG   Ficha de J5JN4 sin candidato propio; no se fusiona
19:36:52 DEBUG   [toctoc] 1 avisos vía estado-embebido
19:37:00 DEBUG   [engelvoelkers] 1 avisos vía json-ld
19:37:02 DEBUG   [doomos] 25 avisos vía tarjetas
19:37:02 DEBUG   Ficha de P8XMT sin candidato propio; no se fusiona
19:37:07 DEBUG   [toctoc] 1 avisos vía estado-embebido
19:37:14 DEBUG   La red no quedó en silencio en https://www.toctoc.com/arriendo/departamento/metropolitana/vitacura/b_a3f11e3da22b023d55153cd78c67bf4d8e101cb9; se lee igual
19:37:24 DEBUG   [toctoc] 1 avisos vía estado-embebido
19:37:31 DEBUG   [toctoc] 1 avisos vía estado-embebido
19:37:37 DEBUG   [toctoc] 1 avisos vía estado-embebido
19:37:42 DEBUG   [toctoc] 1 avisos vía estado-embebido
19:37:49 DEBUG   [toctoc] 1 avisos vía estado-embebido
19:37:52 INFO    Enriquecido y descartado: 75BRH (arriendo de $2.931.142 sobre el máximo negociable de $1.904.000)
19:38:19 INFO    Enriquecido y descartado: 75BRH (arriendo de $1.954.095 sobre el máximo negociable de $1.904.000)
19:38:37 DEBUG   [toctoc] 1 avisos vía estado-embebido
19:38:47 DEBUG   [toctoc] 1 avisos vía estado-embebido
19:38:53 DEBUG   [toctoc] 1 avisos vía estado-embebido
19:38:56 INFO    Enriquecido y descartado: 75BRH (arriendo de $4.299.009 sobre el máximo negociable de $1.904.000)
19:39:00 INFO    Fichas leídas: 46 — 0 ganaron el año, 0 la dirección; 5 se descartaron al verlas (0 por viejos)
19:39:01 INFO    Listo: 0 avisados de 41 candidatos
