00:51:57 INFO    UF = $40.893.78 (API del día)
00:51:57 INFO    Barriendo TocToc (toctoc)…
00:51:57 INFO    Barriendo Chilepropiedades (chilepropiedades)…
00:51:57 INFO    Barriendo GoPlaceIt (goplaceit)…
00:51:57 INFO    Barriendo Yapo (yapo)…
00:51:58 DEBUG   [chilepropiedades] 10 avisos vía tarjetas
00:52:00 DEBUG   [chilepropiedades] 10 avisos vía tarjetas
00:52:01 DEBUG   [goplaceit] 30 avisos vía json-ld
00:52:02 DEBUG   [chilepropiedades] 10 avisos vía tarjetas
00:52:02 INFO      chilepropiedades: 30 avisos en 5s
00:52:02 INFO    Barriendo BuscoNido (busconido)…
00:52:02 INFO      yapo: 0 avisos en 5s
00:52:02 INFO    Barriendo BienesOnline (bienesonline)…
00:52:02 DEBUG   [busconido] 23 avisos vía tarjetas
00:52:02 INFO      busconido: 23 avisos en 1s
00:52:02 INFO    Barriendo Economicos (El Mercurio) (economicos)…
00:52:03 WARNING https://www.economicos.cl/search/propiedades/vitacura/arriendo/departamento/0 respondió 403
00:52:03 INFO    [economicos] https://www.economicos.cl/search/propiedades/vitacura/arriendo/departamento/0 rebotó al GET; se reintenta con navegador
00:52:03 DEBUG   [bienesonline] 10 avisos vía tarjetas
00:52:03 INFO      bienesonline: 10 avisos en 1s
00:52:03 INFO    Barriendo iCasas (icasas)…
00:52:04 DEBUG   [icasas] 15 avisos vía tarjetas
00:52:04 DEBUG   [toctoc] 20 avisos vía json-ld
00:52:05 INFO      economicos: 0 avisos en 3s
00:52:05 INFO    Barriendo Doomos (doomos)…
00:52:06 DEBUG   [icasas] 15 avisos vía tarjetas
00:52:06 INFO      icasas: 30 avisos en 3s
00:52:06 INFO    Barriendo Top Propiedades (toppropiedades)…
00:52:10 DEBUG   [toppropiedades] 1 avisos vía json-ld
00:52:10 DEBUG   [toctoc] 20 avisos vía json-ld
00:52:12 DEBUG   [toppropiedades] 1 avisos vía json-ld
00:52:14 DEBUG   [toppropiedades] 1 avisos vía json-ld
00:52:16 DEBUG   [toppropiedades] 1 avisos vía json-ld
00:52:17 DEBUG   [toctoc] 20 avisos vía json-ld
00:52:18 DEBUG   [toppropiedades] 1 avisos vía json-ld
00:52:20 DEBUG   [toppropiedades] 1 avisos vía json-ld
00:52:22 DEBUG   [toppropiedades] 1 avisos vía json-ld
00:52:24 DEBUG   [toppropiedades] 1 avisos vía json-ld
00:52:24 INFO      toppropiedades: 8 avisos en 18s
00:52:24 INFO    Barriendo Nuroa (nuroa)…
00:52:24 DEBUG   [toctoc] 20 avisos vía json-ld
00:52:24 DEBUG   Encoding detection: ascii is most likely the one.
00:52:25 DEBUG   [nuroa] 25 avisos vía json-ld
00:52:27 DEBUG   [goplaceit] 30 avisos vía json-ld
00:52:27 DEBUG   [nuroa] 25 avisos vía json-ld
00:52:29 DEBUG   [nuroa] 25 avisos vía json-ld
00:52:31 DEBUG   [toctoc] 20 avisos vía json-ld
00:52:32 DEBUG   [nuroa] 25 avisos vía json-ld
00:52:32 INFO      nuroa: 100 avisos en 8s
00:52:32 INFO    Barriendo Mitula (mitula)…
00:52:33 DEBUG   [mitula] 30 avisos vía json-ld
00:52:35 DEBUG   [mitula] 30 avisos vía json-ld
00:52:36 WARNING Error en https://www.doomos.cl/departamentos-vitacura-arriendo (intento 1/3): HTTPSConnectionPool(host='www.doomos.cl', port=443): Read timed out. (read timeout=20)
00:52:36 INFO      mitula: 60 avisos en 4s
00:52:36 INFO    Barriendo Houm (houm)…
00:52:37 DEBUG   [toctoc] 40 avisos vía estado-embebido
00:52:37 INFO      toctoc: 140 avisos en 40s
00:52:37 INFO    Barriendo Hey! Homes (heyhomes)…
00:52:40 DEBUG   [heyhomes] 9 avisos vía tarjetas
00:52:40 INFO      heyhomes: 9 avisos en 3s
00:52:40 INFO    Barriendo Engel & Völkers (engelvoelkers)…
00:52:44 DEBUG   La red no quedó en silencio en https://houm.com/cl/arriendo-departamentos-region-metropolitana/vitacura/3-dormitorios; se lee igual
00:52:44 DEBUG   [houm] 28 avisos vía json-ld
00:52:46 DEBUG   [engelvoelkers] 16 avisos vía tarjetas
00:52:46 INFO      engelvoelkers: 16 avisos en 6s
00:52:46 INFO    Barriendo RE/MAX Chile (remax)…
00:52:54 INFO      remax: 0 avisos en 7s
00:52:54 INFO    Barriendo Fuenzalida Propiedades (fuenzalida)…
00:52:54 DEBUG   La red no quedó en silencio en https://houm.com/cl/arriendo-departamento-región-metropolitana/las-condes/170742; se lee igual
00:52:54 DEBUG   [houm] 1 avisos vía estado-embebido
00:52:57 DEBUG   [fuenzalida] 16 avisos vía tarjetas
00:52:58 WARNING Error en https://www.doomos.cl/departamentos-vitacura-arriendo (intento 2/3): HTTPSConnectionPool(host='www.doomos.cl', port=443): Read timed out. (read timeout=20)
00:53:00 DEBUG   [goplaceit] 30 avisos vía json-ld
00:53:01 DEBUG   [fuenzalida] 20 avisos vía tarjetas
00:53:01 DEBUG   La red no quedó en silencio en https://houm.com/cl/arriendo-departamento-región-metropolitana/las-condes/175757; se lee igual
00:53:01 DEBUG   [houm] 1 avisos vía estado-embebido
00:53:05 DEBUG   [fuenzalida] 20 avisos vía tarjetas
00:53:05 INFO      fuenzalida: 56 avisos en 11s
00:53:05 INFO    Barriendo Century 21 Chile (century21)…
00:53:06 INFO      century21: 0 avisos en 1s
00:53:06 INFO    Barriendo Property Partners (propertypartners)…
00:53:07 DEBUG   [propertypartners] 1 avisos vía tarjetas
00:53:07 INFO      propertypartners: 1 avisos en 1s
00:53:07 INFO    Barriendo Acceso Inmobiliario (accesoinmobiliario)…
00:53:09 DEBUG   La red no quedó en silencio en https://houm.com/cl/arriendo-departamento-región-metropolitana/ñuñoa/164010; se lee igual
00:53:09 DEBUG   [houm] 1 avisos vía estado-embebido
00:53:12 DEBUG   [accesoinmobiliario] 16 avisos vía tarjetas
00:53:17 DEBUG   La red no quedó en silencio en https://houm.com/cl/arriendo-departamento-región-metropolitana/lo-barnechea/74201; se lee igual
00:53:18 DEBUG   [houm] 1 avisos vía estado-embebido
00:53:18 DEBUG   [accesoinmobiliario] 1 avisos vía tarjetas
00:53:19 DEBUG   [doomos] 30 avisos vía tarjetas
00:53:19 INFO      doomos: 30 avisos en 74s
00:53:19 INFO    Barriendo Magnolia Property (magnoliaproperty)…
00:53:20 DEBUG   [magnoliaproperty] 7 avisos vía tarjetas
00:53:20 INFO      magnoliaproperty: 7 avisos en 1s
00:53:20 INFO    Barriendo Portilla Propiedades (portillapropiedades)…
00:53:20 DEBUG   [portillapropiedades] 2 avisos vía tarjetas
00:53:20 INFO      portillapropiedades: 2 avisos en 1s
00:53:20 INFO    Barriendo Nativo Propiedades (nativopropiedades)…
00:53:21 DEBUG   [nativopropiedades] 10 avisos vía tarjetas
00:53:21 INFO      nativopropiedades: 10 avisos en 1s
00:53:21 INFO    Barriendo Enlace Inmobiliario (enlaceinmobiliario)…
00:53:21 WARNING https://www.enlaceinmobiliario.cl/ respondió 403
00:53:21 INFO    [enlaceinmobiliario] https://www.enlaceinmobiliario.cl/ rebotó al GET; se reintenta con navegador
00:53:25 DEBUG   La red no quedó en silencio en https://houm.com/cl/arriendo-departamento-región-metropolitana/providencia/175947; se lee igual
00:53:25 DEBUG   [houm] 1 avisos vía estado-embebido
00:53:26 INFO      goplaceit: 90 avisos en 89s
00:53:26 INFO    Barriendo Rentas.cl (rentas_cl)…
00:53:28 DEBUG   [rentas_cl] 1 avisos vía json-ld
00:53:28 INFO      rentas_cl: 1 avisos en 2s
00:53:28 INFO    Barriendo Arriendos.cl (arriendos_cl)…
00:53:29 INFO      arriendos_cl: 0 avisos en 1s
00:53:29 INFO    Barriendo Propiedades.cl (propiedades_cl)…
00:53:30 INFO      enlaceinmobiliario: 0 avisos en 9s
00:53:30 INFO    Barriendo Clasificados.cl (clasificados_cl)…
00:53:30 DEBUG   [propiedades_cl] 6 avisos vía tarjetas
00:53:30 INFO      propiedades_cl: 6 avisos en 1s
00:53:32 DEBUG   [accesoinmobiliario] 1 avisos vía tarjetas
00:53:34 DEBUG   [accesoinmobiliario] 1 avisos vía tarjetas
00:53:35 DEBUG   [clasificados_cl] 1 avisos vía tarjetas
00:53:35 INFO      clasificados_cl: 1 avisos en 4s
00:53:36 DEBUG   La red no quedó en silencio en https://houm.com/cl/arriendo-departamento-región-metropolitana/ñuñoa/174379; se lee igual
00:53:36 DEBUG   [houm] 1 avisos vía estado-embebido
00:53:37 DEBUG   [accesoinmobiliario] 1 avisos vía tarjetas
00:53:39 DEBUG   [accesoinmobiliario] 1 avisos vía tarjetas
00:53:41 DEBUG   [accesoinmobiliario] 1 avisos vía tarjetas
00:53:41 INFO      accesoinmobiliario: 22 avisos en 35s
00:53:43 DEBUG   La red no quedó en silencio en https://houm.com/cl/arriendo-departamento-región-metropolitana/recoleta/178185; se lee igual
00:53:43 DEBUG   [houm] 1 avisos vía estado-embebido
00:53:50 DEBUG   La red no quedó en silencio en https://houm.com/cl/arriendo-departamento-región-metropolitana/las-condes/177842; se lee igual
00:53:51 DEBUG   [houm] 1 avisos vía estado-embebido
00:53:51 INFO      houm: 36 avisos en 75s
00:53:51 INFO    Total crudo: 688 avisos
00:53:51 INFO    Después de deduplicar: 437
00:53:51 INFO    Libreta: independencia 801 en disputa (accesoinmobiliario dice 2016, accesoinmobiliario decía 2018); se anula
00:53:51 INFO    Pasaron los filtros: 46
00:54:11 DEBUG   [doomos] 16 avisos vía tarjetas
00:54:11 DEBUG   Ficha de YVT22 sin candidato propio; no se fusiona
00:54:12 DEBUG   Ficha de HW5MX sin candidato propio; no se fusiona
00:54:18 DEBUG   [doomos] 25 avisos vía tarjetas
00:54:18 DEBUG   Ficha de U44VT sin candidato propio; no se fusiona
00:54:21 DEBUG   [doomos] 25 avisos vía tarjetas
00:54:21 DEBUG   Ficha de KNAE9 sin candidato propio; no se fusiona
00:54:26 DEBUG   [doomos] 25 avisos vía tarjetas
00:54:26 DEBUG   Ficha de PR3QK sin candidato propio; no se fusiona
00:54:29 DEBUG   [doomos] 25 avisos vía tarjetas
00:54:29 DEBUG   Ficha de 2HWEW sin candidato propio; no se fusiona
00:54:33 DEBUG   [doomos] 25 avisos vía tarjetas
00:54:33 DEBUG   Ficha de ZWNAN sin candidato propio; no se fusiona
00:54:38 DEBUG   [toctoc] 1 avisos vía estado-embebido
00:54:41 DEBUG   [doomos] 25 avisos vía tarjetas
00:54:41 DEBUG   Ficha de FQ6XQ sin candidato propio; no se fusiona
00:54:41 DEBUG   [busconido] 10 avisos vía tarjetas
00:54:41 DEBUG   Ficha de ZKWUC sin candidato propio; no se fusiona
00:54:43 DEBUG   [busconido] 11 avisos vía tarjetas
00:54:43 DEBUG   Ficha de 42MXJ sin candidato propio; no se fusiona
00:54:46 INFO    Enriquecido y descartado: YAVJA (arriendo de $3.517.371 sobre el máximo negociable de $1.904.000)
00:54:50 INFO    Enriquecido y descartado: CC2AY (arriendo de $2.032.258 sobre el máximo negociable de $1.904.000)
00:54:50 DEBUG   [busconido] 10 avisos vía tarjetas
00:54:50 DEBUG   Ficha de QS3TR sin candidato propio; no se fusiona
00:54:53 DEBUG   [doomos] 16 avisos vía tarjetas
00:54:53 DEBUG   Ficha de J5JN4 sin candidato propio; no se fusiona
00:54:59 DEBUG   [toctoc] 1 avisos vía estado-embebido
00:55:12 DEBUG   [engelvoelkers] 1 avisos vía json-ld
00:55:13 DEBUG   [doomos] 25 avisos vía tarjetas
00:55:13 DEBUG   Ficha de P8XMT sin candidato propio; no se fusiona
00:55:20 DEBUG   La red no quedó en silencio en https://www.toctoc.com/arriendo/departamento/metropolitana/vitacura/b_62313db937b2eb47fc03dd6bc00d3af11b5bf811; se lee igual
00:55:20 DEBUG   [toctoc] 1 avisos vía estado-embebido
00:55:24 DEBUG   [toctoc] 1 avisos vía estado-embebido
00:55:33 DEBUG   [toctoc] 1 avisos vía estado-embebido
00:55:40 DEBUG   La red no quedó en silencio en https://www.toctoc.com/arriendo/departamento/metropolitana/vitacura/b_8c9ee4012cd3abae9a346f5c20131ca3ab90095d; se lee igual
00:55:40 DEBUG   [toctoc] 1 avisos vía estado-embebido
00:55:45 DEBUG   [toctoc] 1 avisos vía estado-embebido
00:55:52 DEBUG   La red no quedó en silencio en https://www.toctoc.com/arriendo/departamento/metropolitana/vitacura/b_dd470a6196689e0d8f0f051c723f233fb535a000; se lee igual
00:55:56 INFO    Enriquecido y descartado: 75BRH (arriendo de $2.931.142 sobre el máximo negociable de $1.904.000)
00:56:16 INFO    Enriquecido y descartado: 75BRH (arriendo de $2.149.504 sobre el máximo negociable de $1.904.000)
00:56:19 INFO    Enriquecido y descartado: 75BRH (arriendo de $1.954.095 sobre el máximo negociable de $1.904.000)
00:56:35 DEBUG   [toctoc] 1 avisos vía estado-embebido
00:56:43 DEBUG   [toctoc] 1 avisos vía estado-embebido
00:56:48 DEBUG   [toctoc] 1 avisos vía estado-embebido
00:56:51 INFO    Enriquecido y descartado: 75BRH (arriendo de $4.299.009 sobre el máximo negociable de $1.904.000)
00:56:55 INFO    Fichas leídas: 46 — 0 ganaron el año, 0 la dirección; 6 se descartaron al verlas (0 por viejos)
00:56:56 INFO    Listo: 0 avisados de 40 candidatos
