01:18:35 INFO    UF = $40.991.75 (API del día)
01:18:35 INFO    Barriendo TocToc (toctoc)…
01:18:35 INFO    Barriendo Chilepropiedades (chilepropiedades)…
01:18:35 INFO    Barriendo GoPlaceIt (goplaceit)…
01:18:35 INFO    Barriendo Yapo (yapo)…
01:18:35 DEBUG   [chilepropiedades] 10 avisos vía tarjetas
01:18:35 WARNING https://www.yapo.cl/bienes-raices-alquiler-apartamentos/region-metropolitana-vitacura respondió 403
01:18:35 INFO    [yapo] https://www.yapo.cl/bienes-raices-alquiler-apartamentos/region-metropolitana-vitacura rebotó al GET; se reintenta con navegador
01:18:37 DEBUG   [chilepropiedades] 10 avisos vía tarjetas
01:18:39 DEBUG   [goplaceit] 30 avisos vía json-ld
01:18:39 DEBUG   [chilepropiedades] 10 avisos vía tarjetas
01:18:39 INFO      chilepropiedades: 30 avisos en 5s
01:18:39 INFO    Barriendo BuscoNido (busconido)…
01:18:40 DEBUG   [busconido] 23 avisos vía tarjetas
01:18:40 INFO      busconido: 23 avisos en 1s
01:18:40 INFO    Barriendo BienesOnline (bienesonline)…
01:18:41 INFO      bienesonline: 0 avisos en 1s
01:18:41 INFO    Barriendo Economicos (El Mercurio) (economicos)…
01:18:41 WARNING https://www.economicos.cl/search/propiedades/vitacura/arriendo/departamento/0 respondió 403
01:18:41 INFO    [economicos] https://www.economicos.cl/search/propiedades/vitacura/arriendo/departamento/0 rebotó al GET; se reintenta con navegador
01:18:42 DEBUG   [toctoc] 20 avisos vía json-ld
01:18:45 DEBUG   La red no quedó en silencio en https://www.yapo.cl/bienes-raices-alquiler-apartamentos/region-metropolitana-vitacura; se lee igual
01:18:46 INFO      yapo: 0 avisos en 11s
01:18:46 INFO    Barriendo iCasas (icasas)…
01:18:46 DEBUG   [icasas] 15 avisos vía tarjetas
01:18:46 INFO      economicos: 0 avisos en 5s
01:18:46 INFO    Barriendo Doomos (doomos)…
01:18:47 WARNING https://www.doomos.cl/departamentos-vitacura-arriendo respondió 403
01:18:47 INFO    [doomos] https://www.doomos.cl/departamentos-vitacura-arriendo rebotó al GET; se reintenta con navegador
01:18:48 DEBUG   [icasas] 15 avisos vía tarjetas
01:18:48 INFO      icasas: 30 avisos en 3s
01:18:48 INFO    Barriendo Top Propiedades (toppropiedades)…
01:18:51 INFO      doomos: 0 avisos en 4s
01:18:51 INFO    Barriendo Nuroa (nuroa)…
01:18:52 DEBUG   Encoding detection: ascii is most likely the one.
01:18:52 DEBUG   [toppropiedades] 1 avisos vía json-ld
01:18:52 DEBUG   La red no quedó en silencio en https://www.toctoc.com/arriendo/departamento/metropolitana/vitacura/3-dormitorios?pagina=2; se lee igual
01:18:52 DEBUG   [nuroa] 25 avisos vía json-ld
01:18:54 DEBUG   [toppropiedades] 1 avisos vía json-ld
01:18:54 WARNING [toctoc] https://www.toctoc.com/arriendo/departamento/metropolitana/vitacura/3-dormitorios?pagina=2 falló: Page.content: Unable to retrieve content because the page is navigating and changing the content.
01:18:54 DEBUG   [nuroa] 25 avisos vía json-ld
01:18:56 DEBUG   [toppropiedades] 1 avisos vía json-ld
01:18:57 DEBUG   [nuroa] 25 avisos vía json-ld
01:18:58 DEBUG   [toppropiedades] 1 avisos vía json-ld
01:18:58 DEBUG   [nuroa] 25 avisos vía json-ld
01:18:59 INFO      nuroa: 100 avisos en 8s
01:18:59 INFO    Barriendo Mitula (mitula)…
01:18:59 DEBUG   [toctoc] 20 avisos vía json-ld
01:19:00 DEBUG   [toppropiedades] 1 avisos vía json-ld
01:19:00 DEBUG   [mitula] 30 avisos vía json-ld
01:19:02 DEBUG   [toppropiedades] 1 avisos vía json-ld
01:19:02 DEBUG   [mitula] 30 avisos vía json-ld
01:19:02 INFO      mitula: 60 avisos en 4s
01:19:02 INFO    Barriendo Houm (houm)…
01:19:04 DEBUG   [toppropiedades] 1 avisos vía json-ld
01:19:04 DEBUG   [toctoc] 18 avisos vía json-ld
01:19:06 DEBUG   [toppropiedades] 1 avisos vía json-ld
01:19:06 INFO      toppropiedades: 8 avisos en 18s
01:19:06 INFO    Barriendo Hey! Homes (heyhomes)…
01:19:09 DEBUG   [heyhomes] 9 avisos vía tarjetas
01:19:09 INFO      heyhomes: 9 avisos en 3s
01:19:09 INFO    Barriendo Engel & Völkers (engelvoelkers)…
01:19:11 DEBUG   La red no quedó en silencio en https://houm.com/cl/arriendo-departamentos-region-metropolitana/vitacura/3-dormitorios; se lee igual
01:19:12 DEBUG   [houm] 28 avisos vía json-ld
01:19:13 DEBUG   La red no quedó en silencio en https://www.toctoc.com/arriendo/departamento/metropolitana/vitacura/4-dormitorios?pagina=3; se lee igual
01:19:13 DEBUG   [toctoc] 20 avisos vía json-ld
01:19:13 WARNING   toctoc: Page.content: Unable to retrieve content because the page is navigating and changing the content.
01:19:13 INFO      toctoc: 78 avisos en 38s
01:19:13 INFO    Barriendo RE/MAX Chile (remax)…
01:19:14 DEBUG   [goplaceit] 30 avisos vía json-ld
01:19:16 DEBUG   [engelvoelkers] 17 avisos vía tarjetas
01:19:16 INFO      engelvoelkers: 17 avisos en 7s
01:19:16 INFO    Barriendo Fuenzalida Propiedades (fuenzalida)…
01:19:19 DEBUG   [fuenzalida] 16 avisos vía tarjetas
01:19:19 INFO      remax: 0 avisos en 6s
01:19:19 INFO    Barriendo Century 21 Chile (century21)…
01:19:21 INFO      century21: 0 avisos en 1s
01:19:21 INFO    Barriendo Property Partners (propertypartners)…
01:19:21 DEBUG   [propertypartners] 1 avisos vía tarjetas
01:19:21 INFO      propertypartners: 1 avisos en 0s
01:19:21 INFO    Barriendo Acceso Inmobiliario (accesoinmobiliario)…
01:19:21 DEBUG   La red no quedó en silencio en https://houm.com/cl/arriendo-departamento-región-metropolitana/las-condes/170742; se lee igual
01:19:21 DEBUG   [houm] 1 avisos vía estado-embebido
01:19:23 DEBUG   [fuenzalida] 20 avisos vía tarjetas
01:19:26 DEBUG   [accesoinmobiliario] 15 avisos vía tarjetas
01:19:27 DEBUG   [fuenzalida] 20 avisos vía tarjetas
01:19:27 INFO      fuenzalida: 56 avisos en 11s
01:19:27 INFO    Barriendo Magnolia Property (magnoliaproperty)…
01:19:28 DEBUG   [magnoliaproperty] 7 avisos vía tarjetas
01:19:28 INFO      magnoliaproperty: 7 avisos en 1s
01:19:28 INFO    Barriendo Portilla Propiedades (portillapropiedades)…
01:19:28 DEBUG   [portillapropiedades] 2 avisos vía tarjetas
01:19:28 INFO      portillapropiedades: 2 avisos en 0s
01:19:28 INFO    Barriendo Nativo Propiedades (nativopropiedades)…
01:19:28 DEBUG   La red no quedó en silencio en https://houm.com/cl/arriendo-departamento-región-metropolitana/lo-barnechea/74201; se lee igual
01:19:29 DEBUG   [houm] 1 avisos vía estado-embebido
01:19:29 DEBUG   [nativopropiedades] 10 avisos vía tarjetas
01:19:29 INFO      nativopropiedades: 10 avisos en 1s
01:19:29 INFO    Barriendo Enlace Inmobiliario (enlaceinmobiliario)…
01:19:29 WARNING https://www.enlaceinmobiliario.cl/ respondió 403
01:19:29 INFO    [enlaceinmobiliario] https://www.enlaceinmobiliario.cl/ rebotó al GET; se reintenta con navegador
01:19:36 DEBUG   La red no quedó en silencio en https://houm.com/cl/arriendo-departamento-región-metropolitana/providencia/175947; se lee igual
01:19:36 DEBUG   [houm] 1 avisos vía estado-embebido
01:19:41 DEBUG   La red no quedó en silencio en https://www.enlaceinmobiliario.cl/; se lee igual
01:19:41 INFO      enlaceinmobiliario: 0 avisos en 12s
01:19:41 INFO    Barriendo Rentas.cl (rentas_cl)…
01:19:43 DEBUG   [rentas_cl] 1 avisos vía json-ld
01:19:43 INFO      rentas_cl: 1 avisos en 2s
01:19:43 INFO    Barriendo Arriendos.cl (arriendos_cl)…
01:19:44 INFO      arriendos_cl: 0 avisos en 1s
01:19:44 INFO    Barriendo Propiedades.cl (propiedades_cl)…
01:19:45 DEBUG   [propiedades_cl] 6 avisos vía tarjetas
01:19:45 INFO      propiedades_cl: 6 avisos en 1s
01:19:45 INFO    Barriendo Clasificados.cl (clasificados_cl)…
01:19:48 DEBUG   La red no quedó en silencio en https://houm.com/cl/arriendo-departamento-región-metropolitana/ñuñoa/174379; se lee igual
01:19:48 DEBUG   [houm] 1 avisos vía estado-embebido
01:19:49 DEBUG   [clasificados_cl] 1 avisos vía tarjetas
01:19:49 INFO      clasificados_cl: 1 avisos en 4s
01:19:53 DEBUG   [accesoinmobiliario] 1 avisos vía tarjetas
01:19:55 DEBUG   [goplaceit] 30 avisos vía json-ld
01:19:56 DEBUG   La red no quedó en silencio en https://houm.com/cl/arriendo-departamento-región-metropolitana/recoleta/179872; se lee igual
01:19:56 DEBUG   [houm] 1 avisos vía estado-embebido
01:20:01 DEBUG   [accesoinmobiliario] 1 avisos vía tarjetas
01:20:04 DEBUG   La red no quedó en silencio en https://houm.com/cl/arriendo-departamento-región-metropolitana/recoleta/178185; se lee igual
01:20:05 DEBUG   [houm] 1 avisos vía estado-embebido
01:20:12 DEBUG   La red no quedó en silencio en https://houm.com/cl/arriendo-departamento-región-metropolitana/las-condes/177842; se lee igual
01:20:12 DEBUG   [houm] 1 avisos vía estado-embebido
01:20:12 DEBUG   [accesoinmobiliario] 1 avisos vía tarjetas
01:20:18 DEBUG   [accesoinmobiliario] 1 avisos vía tarjetas
01:20:18 INFO      accesoinmobiliario: 19 avisos en 57s
01:20:19 DEBUG   La red no quedó en silencio en https://houm.com/cl/arriendo-departamento-región-metropolitana/recoleta/176958; se lee igual
01:20:20 DEBUG   [houm] 1 avisos vía estado-embebido
01:20:20 INFO      houm: 36 avisos en 77s
01:20:25 INFO      goplaceit: 90 avisos en 110s
01:20:25 INFO    Total crudo: 584 avisos
01:20:25 INFO    Después de deduplicar: 352
01:20:25 INFO    Pasaron los filtros: 33
01:20:36 DEBUG   Ficha de HW5MX sin candidato propio; no se fusiona
01:20:38 DEBUG   [busconido] 11 avisos vía tarjetas
01:20:38 DEBUG   Ficha de FSGHR sin candidato propio; no se fusiona
01:20:40 DEBUG   [busconido] 10 avisos vía tarjetas
01:20:40 DEBUG   Ficha de 7TE33 sin candidato propio; no se fusiona
01:20:43 INFO    Enriquecido y descartado: YAVJA (arriendo de $3.517.371 sobre el máximo negociable de $1.904.000)
01:20:47 INFO    Enriquecido y descartado: CC2AY (arriendo de $2.032.258 sobre el máximo negociable de $1.904.000)
01:20:47 WARNING robots.txt no permite https://placehold.co/1920x1080.mp4 — se omite
01:20:52 DEBUG   [toctoc] 1 avisos vía estado-embebido
01:20:58 DEBUG   [engelvoelkers] 1 avisos vía json-ld
01:21:05 DEBUG   [toctoc] 1 avisos vía estado-embebido
01:21:09 DEBUG   [chilepropiedades] 2 avisos vía json-ld
01:21:09 WARNING robots.txt no permite https://www.nuroa.cl/adform/10342-912-b45c-1a0ce6e-984c-ada286d9a1f6-77e4?click_type=0&pos=4&searchType=2&page=1&section=1&t_sec=1&sectionType=1&pageViewId=74a5fb1f-9dd0-4d80-9763-2cde1c20244c&t_pvid=74a5fb1f-9dd0-4d80-9763-2cde1c20244c&userAgent=Mozilla%2F5.0+%28compatible%3B+radar-arriendos%2F1.0%3B+uso+personal%2C+busqueda+de+arriendo%3B+%2Bhttps%3A%2F%2Fgithub.com%2Falfonsoandona%2Farriendos-vitacura%29&browser=1&isHuman=true&userIp=20.80.86.193&what=vitacura+departamento&search_terms=vitacura+departamento&origin=1&t_or=1&splitTestId=0 — se omite
01:21:13 DEBUG   [toctoc] 1 avisos vía estado-embebido
01:21:16 INFO    Enriquecido y descartado: 75BRH (arriendo de $2.931.142 sobre el máximo negociable de $1.904.000)
01:21:37 INFO    Enriquecido y descartado: 75BRH (arriendo de $2.149.504 sobre el máximo negociable de $1.904.000)
01:21:41 INFO    Enriquecido y descartado: 75BRH (arriendo de $1.954.095 sobre el máximo negociable de $1.904.000)
01:21:56 DEBUG   [toctoc] 1 avisos vía estado-embebido
01:22:05 DEBUG   [toctoc] 1 avisos vía estado-embebido
01:22:08 INFO    Enriquecido y descartado: 75BRH (arriendo de $4.299.009 sobre el máximo negociable de $1.904.000)
01:22:12 INFO    Fichas leídas: 33 — 0 ganaron el año, 0 la dirección; 6 se descartaron al verlas (0 por viejos)
01:22:13 INFO    Listo: 0 avisados de 27 candidatos
