20:15:02 INFO    No se pudo traer la UF del día (ReadTimeout); se usa el respaldo
20:15:02 INFO    UF = $40.883.00 (caché de hace 0 día(s) — la API no respondió)
20:15:02 INFO    Barriendo TocToc (toctoc)…
20:15:02 INFO    Barriendo Chilepropiedades (chilepropiedades)…
20:15:02 INFO    Barriendo GoPlaceIt (goplaceit)…
20:15:02 INFO    Barriendo Yapo (yapo)…
20:15:03 DEBUG   [chilepropiedades] 10 avisos vía tarjetas
20:15:04 INFO      yapo: 0 avisos en 2s
20:15:04 INFO    Barriendo BuscoNido (busconido)…
20:15:05 DEBUG   [busconido] 23 avisos vía tarjetas
20:15:05 INFO      busconido: 23 avisos en 1s
20:15:05 INFO    Barriendo BienesOnline (bienesonline)…
20:15:05 DEBUG   [chilepropiedades] 10 avisos vía tarjetas
20:15:05 DEBUG   [bienesonline] 13 avisos vía tarjetas
20:15:05 INFO      bienesonline: 13 avisos en 1s
20:15:05 INFO    Barriendo Economicos (El Mercurio) (economicos)…
20:15:05 DEBUG   [goplaceit] 30 avisos vía json-ld
20:15:06 DEBUG   [economicos] 20 avisos vía tarjetas
20:15:07 DEBUG   [chilepropiedades] 10 avisos vía tarjetas
20:15:07 INFO      chilepropiedades: 30 avisos en 5s
20:15:07 INFO    Barriendo iCasas (icasas)…
20:15:08 DEBUG   [economicos] 18 avisos vía tarjetas
20:15:08 DEBUG   [icasas] 15 avisos vía tarjetas
20:15:09 DEBUG   La red no quedó en silencio en https://www.toctoc.com/arriendo/departamento/metropolitana/vitacura/3-dormitorios; se lee igual
20:15:10 DEBUG   [icasas] 15 avisos vía tarjetas
20:15:10 INFO      icasas: 30 avisos en 3s
20:15:10 INFO    Barriendo Doomos (doomos)…
20:15:10 DEBUG   [economicos] 13 avisos vía tarjetas
20:15:10 INFO      economicos: 51 avisos en 4s
20:15:10 INFO    Barriendo Top Propiedades (toppropiedades)…
20:15:10 WARNING [toctoc] https://www.toctoc.com/arriendo/departamento/metropolitana/vitacura/3-dormitorios falló: Page.content: Unable to retrieve content because the page is navigating and changing the content.
20:15:12 DEBUG   [doomos] 32 avisos vía tarjetas
20:15:12 INFO      doomos: 32 avisos en 2s
20:15:12 INFO    Barriendo Nuroa (nuroa)…
20:15:12 DEBUG   Encoding detection: ascii is most likely the one.
20:15:13 DEBUG   [nuroa] 25 avisos vía json-ld
20:15:13 DEBUG   [toppropiedades] 1 avisos vía json-ld
20:15:15 DEBUG   [toppropiedades] 1 avisos vía json-ld
20:15:16 DEBUG   [nuroa] 25 avisos vía json-ld
20:15:16 DEBUG   La red no quedó en silencio en https://www.toctoc.com/arriendo/departamento/metropolitana/vitacura/4-dormitorios; se lee igual
20:15:17 DEBUG   [toppropiedades] 1 avisos vía json-ld
20:15:17 DEBUG   [nuroa] 25 avisos vía json-ld
20:15:18 DEBUG   [toctoc] 20 avisos vía json-ld
20:15:19 DEBUG   [toppropiedades] 1 avisos vía json-ld
20:15:19 DEBUG   [nuroa] 25 avisos vía json-ld
20:15:20 INFO      nuroa: 100 avisos en 8s
20:15:20 INFO    Barriendo Mitula (mitula)…
20:15:21 DEBUG   [mitula] 30 avisos vía json-ld
20:15:21 DEBUG   [toppropiedades] 1 avisos vía json-ld
20:15:23 DEBUG   [toppropiedades] 1 avisos vía json-ld
20:15:23 DEBUG   [mitula] 30 avisos vía json-ld
20:15:24 INFO      mitula: 60 avisos en 4s
20:15:24 INFO    Barriendo Houm (houm)…
20:15:24 DEBUG   La red no quedó en silencio en https://www.toctoc.com/arriendo/departamento/metropolitana/vitacura/4-dormitorios?pagina=2; se lee igual
20:15:25 DEBUG   [toppropiedades] 1 avisos vía json-ld
20:15:25 DEBUG   [toctoc] 20 avisos vía json-ld
20:15:27 DEBUG   [toppropiedades] 1 avisos vía json-ld
20:15:27 INFO      toppropiedades: 8 avisos en 18s
20:15:27 INFO    Barriendo Hey! Homes (heyhomes)…
20:15:29 DEBUG   [houm] 28 avisos vía json-ld
20:15:30 DEBUG   [heyhomes] 9 avisos vía tarjetas
20:15:30 INFO      heyhomes: 9 avisos en 3s
20:15:30 INFO    Barriendo Engel & Völkers (engelvoelkers)…
20:15:35 DEBUG   [toctoc] 4 avisos vía json-ld
20:15:36 WARNING   toctoc: Page.content: Unable to retrieve content because the page is navigating and changing the content.
20:15:36 INFO      toctoc: 44 avisos en 33s
20:15:36 INFO    Barriendo RE/MAX Chile (remax)…
20:15:37 DEBUG   La red no quedó en silencio en https://houm.com/cl/arriendo-departamento-región-metropolitana/las-condes/170742; se lee igual
20:15:37 DEBUG   [houm] 1 avisos vía estado-embebido
20:15:38 DEBUG   [goplaceit] 30 avisos vía json-ld
20:15:40 DEBUG   [engelvoelkers] 15 avisos vía tarjetas
20:15:40 INFO      engelvoelkers: 15 avisos en 10s
20:15:40 INFO    Barriendo Fuenzalida Propiedades (fuenzalida)…
20:15:42 INFO      remax: 0 avisos en 7s
20:15:42 INFO    Barriendo Century 21 Chile (century21)…
20:15:44 DEBUG   [fuenzalida] 16 avisos vía tarjetas
20:15:44 INFO      century21: 0 avisos en 2s
20:15:44 INFO    Barriendo Property Partners (propertypartners)…
20:15:44 DEBUG   [propertypartners] 1 avisos vía tarjetas
20:15:44 INFO      propertypartners: 1 avisos en 0s
20:15:44 INFO    Barriendo Acceso Inmobiliario (accesoinmobiliario)…
20:15:46 DEBUG   [fuenzalida] 20 avisos vía tarjetas
20:15:47 DEBUG   La red no quedó en silencio en https://houm.com/cl/arriendo-departamento-región-metropolitana/las-condes/175757; se lee igual
20:15:47 DEBUG   [houm] 1 avisos vía estado-embebido
20:15:49 DEBUG   [accesoinmobiliario] 15 avisos vía tarjetas
20:15:49 DEBUG   [fuenzalida] 20 avisos vía tarjetas
20:15:49 INFO      fuenzalida: 56 avisos en 9s
20:15:49 INFO    Barriendo Magnolia Property (magnoliaproperty)…
20:15:50 DEBUG   [magnoliaproperty] 7 avisos vía tarjetas
20:15:50 INFO      magnoliaproperty: 7 avisos en 1s
20:15:50 INFO    Barriendo Portilla Propiedades (portillapropiedades)…
20:15:50 DEBUG   [portillapropiedades] 2 avisos vía tarjetas
20:15:50 INFO      portillapropiedades: 2 avisos en 1s
20:15:50 INFO    Barriendo Nativo Propiedades (nativopropiedades)…
20:15:51 DEBUG   [nativopropiedades] 10 avisos vía tarjetas
20:15:51 INFO      nativopropiedades: 10 avisos en 1s
20:15:51 INFO    Barriendo Enlace Inmobiliario (enlaceinmobiliario)…
20:15:51 WARNING https://www.enlaceinmobiliario.cl/ respondió 403
20:15:51 INFO    [enlaceinmobiliario] https://www.enlaceinmobiliario.cl/ rebotó al GET; se reintenta con navegador
20:15:53 DEBUG   [accesoinmobiliario] 1 avisos vía tarjetas
20:15:56 DEBUG   La red no quedó en silencio en https://houm.com/cl/arriendo-departamento-región-metropolitana/ñuñoa/164010; se lee igual
20:15:56 DEBUG   [houm] 1 avisos vía estado-embebido
20:15:57 INFO      enlaceinmobiliario: 0 avisos en 6s
20:15:57 INFO    Barriendo Rentas.cl (rentas_cl)…
20:15:59 DEBUG   [accesoinmobiliario] 1 avisos vía tarjetas
20:15:59 DEBUG   [rentas_cl] 1 avisos vía json-ld
20:15:59 INFO      rentas_cl: 1 avisos en 2s
20:15:59 INFO    Barriendo Arriendos.cl (arriendos_cl)…
20:16:00 INFO      arriendos_cl: 0 avisos en 1s
20:16:00 INFO    Barriendo Propiedades.cl (propiedades_cl)…
20:16:02 DEBUG   [propiedades_cl] 6 avisos vía tarjetas
20:16:02 INFO      propiedades_cl: 6 avisos en 1s
20:16:02 INFO    Barriendo Clasificados.cl (clasificados_cl)…
20:16:04 DEBUG   [clasificados_cl] 1 avisos vía tarjetas
20:16:04 INFO      clasificados_cl: 1 avisos en 2s
20:16:06 DEBUG   La red no quedó en silencio en https://houm.com/cl/arriendo-departamento-región-metropolitana/ñuñoa/174379; se lee igual
20:16:06 DEBUG   [houm] 1 avisos vía estado-embebido
20:16:08 DEBUG   [accesoinmobiliario] 1 avisos vía tarjetas
20:16:14 DEBUG   La red no quedó en silencio en https://houm.com/cl/arriendo-departamento-región-metropolitana/recoleta/178185; se lee igual
20:16:14 DEBUG   [houm] 1 avisos vía estado-embebido
20:16:20 DEBUG   [accesoinmobiliario] 1 avisos vía tarjetas
20:16:20 INFO      accesoinmobiliario: 19 avisos en 35s
20:16:22 DEBUG   La red no quedó en silencio en https://houm.com/cl/arriendo-departamento-región-metropolitana/las-condes/177842; se lee igual
20:16:22 DEBUG   [houm] 1 avisos vía estado-embebido
20:16:22 DEBUG   [goplaceit] 30 avisos vía json-ld
20:16:29 DEBUG   La red no quedó en silencio en https://houm.com/cl/arriendo-departamento-región-metropolitana/recoleta/176958; se lee igual
20:16:29 DEBUG   [houm] 1 avisos vía estado-embebido
20:16:37 DEBUG   La red no quedó en silencio en https://houm.com/cl/arriendo-departamento-región-metropolitana/recoleta/90462; se lee igual
20:16:37 DEBUG   [houm] 1 avisos vía estado-embebido
20:16:37 INFO      houm: 36 avisos en 73s
20:16:47 INFO      goplaceit: 90 avisos en 105s
20:16:47 INFO    Total crudo: 644 avisos
20:16:47 INFO    Después de deduplicar: 415
20:16:47 INFO    Pasaron los filtros: 45
20:17:00 DEBUG   [economicos] 1 avisos vía tarjetas
20:17:07 DEBUG   [doomos] 16 avisos vía tarjetas
20:17:07 DEBUG   Ficha de YVT22 sin candidato propio; no se fusiona
20:17:08 DEBUG   Ficha de HW5MX sin candidato propio; no se fusiona
20:17:08 DEBUG   [economicos] 1 avisos vía tarjetas
20:17:10 DEBUG   [economicos] 1 avisos vía tarjetas
20:17:12 DEBUG   [economicos] 1 avisos vía tarjetas
20:17:14 DEBUG   [economicos] 1 avisos vía tarjetas
20:17:16 DEBUG   [economicos] 1 avisos vía tarjetas
20:17:20 DEBUG   [doomos] 25 avisos vía tarjetas
20:17:20 DEBUG   Ficha de U44VT sin candidato propio; no se fusiona
20:17:24 DEBUG   [doomos] 25 avisos vía tarjetas
20:17:24 DEBUG   Ficha de KNAE9 sin candidato propio; no se fusiona
20:17:29 DEBUG   [doomos] 25 avisos vía tarjetas
20:17:29 DEBUG   Ficha de PR3QK sin candidato propio; no se fusiona
20:17:32 DEBUG   [doomos] 25 avisos vía tarjetas
20:17:32 DEBUG   Ficha de 2HWEW sin candidato propio; no se fusiona
20:17:32 DEBUG   [economicos] 1 avisos vía tarjetas
20:17:33 DEBUG   [doomos] 25 avisos vía tarjetas
20:17:33 DEBUG   Ficha de ZWNAN sin candidato propio; no se fusiona
20:17:36 DEBUG   [doomos] 25 avisos vía tarjetas
20:17:36 DEBUG   Ficha de FDXSM sin candidato propio; no se fusiona
20:17:36 DEBUG   [economicos] 1 avisos vía tarjetas
20:17:38 DEBUG   [economicos] 1 avisos vía tarjetas
20:17:38 DEBUG   Ficha de XEC3Z sin candidato propio; no se fusiona
20:17:40 DEBUG   [economicos] 1 avisos vía tarjetas
20:17:42 DEBUG   [economicos] 1 avisos vía tarjetas
20:17:42 INFO    Enriquecido y descartado: S84GC (arriendo de $3.108.725 sobre el máximo negociable de $1.904.000)
20:17:43 DEBUG   [busconido] 11 avisos vía tarjetas
20:17:43 DEBUG   Ficha de SHVDB sin candidato propio; no se fusiona
20:17:47 INFO    Enriquecido y descartado: YAVJA (arriendo de $3.517.371 sobre el máximo negociable de $1.904.000)
20:17:47 DEBUG   [economicos] 1 avisos vía tarjetas
20:17:52 INFO    Enriquecido y descartado: CC2AY (arriendo de $2.032.258 sobre el máximo negociable de $1.904.000)
20:17:52 DEBUG   [busconido] 10 avisos vía tarjetas
20:17:52 DEBUG   Ficha de G8ADK sin candidato propio; no se fusiona
20:17:53 DEBUG   [doomos] 16 avisos vía tarjetas
20:17:53 DEBUG   Ficha de J5JN4 sin candidato propio; no se fusiona
20:17:58 DEBUG   [doomos] 25 avisos vía tarjetas
20:17:58 DEBUG   Ficha de P8XMT sin candidato propio; no se fusiona
20:18:02 DEBUG   [engelvoelkers] 1 avisos vía json-ld
20:18:07 DEBUG   [toctoc] 1 avisos vía estado-embebido
20:18:15 INFO    Enriquecido y descartado: 75BRH (arriendo de $2.931.142 sobre el máximo negociable de $1.904.000)
20:18:43 INFO    Enriquecido y descartado: 75BRH (arriendo de $1.954.095 sobre el máximo negociable de $1.904.000)
20:18:47 DEBUG   Ficha de 75BRH sin candidato propio; no se fusiona
20:18:50 DEBUG   Ficha de 75BRH sin candidato propio; no se fusiona
20:18:54 DEBUG   Ficha de 75BRH sin candidato propio; no se fusiona
20:18:58 DEBUG   Ficha de 75BRH sin candidato propio; no se fusiona
20:19:02 DEBUG   Ficha de 75BRH sin candidato propio; no se fusiona
20:19:05 DEBUG   Ficha de 75BRH sin candidato propio; no se fusiona
20:19:05 INFO    Fichas leídas: 45 — 0 ganaron el año, 1 la dirección; 5 se descartaron al verlas (0 por viejos)
20:19:06 INFO    Listo: 0 avisados de 40 candidatos
