19:54:52 INFO    No se pudo traer la UF del día (ReadTimeout); se usa el respaldo
19:54:52 INFO    UF = $40.934.58 (caché de hace 0 día(s) — la API no respondió)
19:54:52 INFO    Barriendo TocToc (toctoc)…
19:54:52 INFO    Barriendo Chilepropiedades (chilepropiedades)…
19:54:52 INFO    Barriendo GoPlaceIt (goplaceit)…
19:54:52 INFO    Barriendo Yapo (yapo)…
19:54:52 DEBUG   [chilepropiedades] 10 avisos vía tarjetas
19:54:55 DEBUG   [chilepropiedades] 10 avisos vía tarjetas
19:54:55 DEBUG   [goplaceit] 30 avisos vía json-ld
19:54:57 DEBUG   [chilepropiedades] 10 avisos vía tarjetas
19:54:57 INFO      chilepropiedades: 30 avisos en 5s
19:54:57 INFO    Barriendo BuscoNido (busconido)…
19:54:58 DEBUG   [busconido] 23 avisos vía tarjetas
19:54:58 INFO      busconido: 23 avisos en 1s
19:54:58 INFO    Barriendo BienesOnline (bienesonline)…
19:54:59 DEBUG   [bienesonline] 12 avisos vía tarjetas
19:54:59 INFO      bienesonline: 12 avisos en 1s
19:54:59 INFO    Barriendo Economicos (El Mercurio) (economicos)…
19:54:59 WARNING https://www.economicos.cl/search/propiedades/vitacura/arriendo/departamento/0 respondió 403
19:54:59 INFO    [economicos] https://www.economicos.cl/search/propiedades/vitacura/arriendo/departamento/0 rebotó al GET; se reintenta con navegador
19:54:59 DEBUG   La red no quedó en silencio en https://www.toctoc.com/arriendo/departamento/metropolitana/vitacura/3-dormitorios; se lee igual
19:55:00 INFO      economicos: 0 avisos en 2s
19:55:00 INFO    Barriendo iCasas (icasas)…
19:55:01 DEBUG   [icasas] 15 avisos vía tarjetas
19:55:03 DEBUG   [icasas] 15 avisos vía tarjetas
19:55:03 INFO      icasas: 30 avisos en 3s
19:55:03 INFO    Barriendo Doomos (doomos)…
19:55:03 INFO      yapo: 0 avisos en 12s
19:55:03 INFO    Barriendo Top Propiedades (toppropiedades)…
19:55:05 DEBUG   [doomos] 32 avisos vía tarjetas
19:55:05 INFO      doomos: 32 avisos en 2s
19:55:05 INFO    Barriendo Nuroa (nuroa)…
19:55:06 DEBUG   Encoding detection: ascii is most likely the one.
19:55:06 DEBUG   [nuroa] 25 avisos vía json-ld
19:55:07 DEBUG   [toppropiedades] 1 avisos vía json-ld
19:55:09 DEBUG   [nuroa] 25 avisos vía json-ld
19:55:09 DEBUG   [toppropiedades] 1 avisos vía json-ld
19:55:11 DEBUG   [nuroa] 25 avisos vía json-ld
19:55:11 DEBUG   [toppropiedades] 1 avisos vía json-ld
19:55:13 DEBUG   [nuroa] 25 avisos vía json-ld
19:55:13 INFO      nuroa: 100 avisos en 8s
19:55:13 INFO    Barriendo Mitula (mitula)…
19:55:13 DEBUG   [toppropiedades] 1 avisos vía json-ld
19:55:14 DEBUG   [mitula] 30 avisos vía json-ld
19:55:15 DEBUG   [toppropiedades] 1 avisos vía json-ld
19:55:16 DEBUG   [mitula] 30 avisos vía json-ld
19:55:17 INFO      mitula: 60 avisos en 4s
19:55:17 INFO    Barriendo Houm (houm)…
19:55:17 DEBUG   [toppropiedades] 1 avisos vía json-ld
19:55:19 DEBUG   [toppropiedades] 1 avisos vía json-ld
19:55:21 DEBUG   [toppropiedades] 1 avisos vía json-ld
19:55:21 INFO      toppropiedades: 8 avisos en 18s
19:55:21 INFO    Barriendo Hey! Homes (heyhomes)…
19:55:24 DEBUG   [heyhomes] 9 avisos vía tarjetas
19:55:24 INFO      heyhomes: 9 avisos en 3s
19:55:24 INFO    Barriendo Engel & Völkers (engelvoelkers)…
19:55:26 DEBUG   La red no quedó en silencio en https://houm.com/cl/arriendo-departamentos-region-metropolitana/vitacura/3-dormitorios; se lee igual
19:55:26 DEBUG   [houm] 28 avisos vía json-ld
19:55:29 DEBUG   [goplaceit] 30 avisos vía json-ld
19:55:29 WARNING [toctoc] https://www.toctoc.com/arriendo/departamento/metropolitana/vitacura/3-dormitorios falló: Page.content: Unable to retrieve content because the page is navigating and changing the content.
19:55:35 DEBUG   [engelvoelkers] 16 avisos vía tarjetas
19:55:35 INFO      engelvoelkers: 16 avisos en 11s
19:55:35 INFO    Barriendo RE/MAX Chile (remax)…
19:55:36 DEBUG   La red no quedó en silencio en https://www.toctoc.com/arriendo/departamento/metropolitana/vitacura/4-dormitorios; se lee igual
19:55:37 DEBUG   [toctoc] 20 avisos vía json-ld
19:55:43 INFO      remax: 0 avisos en 8s
19:55:43 INFO    Barriendo Fuenzalida Propiedades (fuenzalida)…
19:55:44 DEBUG   La red no quedó en silencio en https://houm.com/cl/arriendo-departamento-región-metropolitana/las-condes/170742; se lee igual
19:55:44 DEBUG   [houm] 1 avisos vía estado-embebido
19:55:49 DEBUG   [fuenzalida] 16 avisos vía tarjetas
19:55:49 DEBUG   La red no quedó en silencio en https://www.toctoc.com/arriendo/departamento/metropolitana/vitacura/4-dormitorios?pagina=2; se lee igual
19:55:51 WARNING [toctoc] https://www.toctoc.com/arriendo/departamento/metropolitana/vitacura/4-dormitorios?pagina=2 falló: Page.content: Unable to retrieve content because the page is navigating and changing the content.
19:55:51 WARNING   toctoc: Page.content: Unable to retrieve content because the page is navigating and changing the content.
19:55:51 INFO      toctoc: 20 avisos en 59s
19:55:51 INFO    Barriendo Century 21 Chile (century21)…
19:55:53 INFO      century21: 0 avisos en 2s
19:55:53 INFO    Barriendo Property Partners (propertypartners)…
19:55:53 DEBUG   [propertypartners] 1 avisos vía tarjetas
19:55:53 INFO      propertypartners: 1 avisos en 0s
19:55:53 INFO    Barriendo Acceso Inmobiliario (accesoinmobiliario)…
19:55:54 DEBUG   [fuenzalida] 20 avisos vía tarjetas
19:55:55 DEBUG   La red no quedó en silencio en https://houm.com/cl/arriendo-departamento-región-metropolitana/las-condes/175757; se lee igual
19:55:55 DEBUG   [houm] 1 avisos vía estado-embebido
19:55:58 DEBUG   [accesoinmobiliario] 14 avisos vía tarjetas
19:55:58 DEBUG   [fuenzalida] 20 avisos vía tarjetas
19:55:58 INFO      fuenzalida: 56 avisos en 15s
19:55:58 INFO    Barriendo Magnolia Property (magnoliaproperty)…
19:55:59 DEBUG   [magnoliaproperty] 6 avisos vía tarjetas
19:55:59 INFO      magnoliaproperty: 6 avisos en 1s
19:55:59 INFO    Barriendo Portilla Propiedades (portillapropiedades)…
19:56:00 DEBUG   [portillapropiedades] 2 avisos vía tarjetas
19:56:00 INFO      portillapropiedades: 2 avisos en 1s
19:56:00 INFO    Barriendo Nativo Propiedades (nativopropiedades)…
19:56:01 DEBUG   [nativopropiedades] 10 avisos vía tarjetas
19:56:01 INFO      nativopropiedades: 10 avisos en 1s
19:56:01 INFO    Barriendo Enlace Inmobiliario (enlaceinmobiliario)…
19:56:01 WARNING https://www.enlaceinmobiliario.cl/ respondió 403
19:56:01 INFO    [enlaceinmobiliario] https://www.enlaceinmobiliario.cl/ rebotó al GET; se reintenta con navegador
19:56:03 DEBUG   La red no quedó en silencio en https://houm.com/cl/arriendo-departamento-región-metropolitana/lo-barnechea/74201; se lee igual
19:56:03 DEBUG   [houm] 1 avisos vía estado-embebido
19:56:04 DEBUG   [accesoinmobiliario] 1 avisos vía tarjetas
19:56:06 INFO      enlaceinmobiliario: 0 avisos en 5s
19:56:06 INFO    Barriendo Rentas.cl (rentas_cl)…
19:56:08 DEBUG   [rentas_cl] 1 avisos vía json-ld
19:56:08 INFO      rentas_cl: 1 avisos en 2s
19:56:08 INFO    Barriendo Arriendos.cl (arriendos_cl)…
19:56:09 INFO      arriendos_cl: 0 avisos en 1s
19:56:09 INFO    Barriendo Propiedades.cl (propiedades_cl)…
19:56:10 DEBUG   [propiedades_cl] 6 avisos vía tarjetas
19:56:10 INFO      propiedades_cl: 6 avisos en 1s
19:56:10 INFO    Barriendo Clasificados.cl (clasificados_cl)…
19:56:12 DEBUG   [clasificados_cl] 1 avisos vía tarjetas
19:56:12 INFO      clasificados_cl: 1 avisos en 2s
19:56:13 DEBUG   La red no quedó en silencio en https://houm.com/cl/arriendo-departamento-región-metropolitana/providencia/175947; se lee igual
19:56:13 DEBUG   [houm] 1 avisos vía estado-embebido
19:56:18 DEBUG   [goplaceit] 30 avisos vía json-ld
19:56:21 DEBUG   La red no quedó en silencio en https://houm.com/cl/arriendo-departamento-región-metropolitana/ñuñoa/174379; se lee igual
19:56:22 DEBUG   [houm] 1 avisos vía estado-embebido
19:56:31 DEBUG   La red no quedó en silencio en https://houm.com/cl/arriendo-departamento-región-metropolitana/recoleta/179872; se lee igual
19:56:31 DEBUG   [houm] 1 avisos vía estado-embebido
19:56:39 DEBUG   [accesoinmobiliario] 1 avisos vía tarjetas
19:56:40 DEBUG   La red no quedó en silencio en https://houm.com/cl/arriendo-departamento-región-metropolitana/recoleta/178185; se lee igual
19:56:40 DEBUG   [houm] 1 avisos vía estado-embebido
19:56:42 INFO      accesoinmobiliario: 16 avisos en 49s
19:56:49 DEBUG   La red no quedó en silencio en https://houm.com/cl/arriendo-departamento-región-metropolitana/las-condes/177842; se lee igual
19:56:49 DEBUG   [houm] 1 avisos vía estado-embebido
19:56:49 INFO      houm: 36 avisos en 93s
19:56:51 INFO      goplaceit: 90 avisos en 120s
19:56:51 INFO    Total crudo: 565 avisos
19:56:52 INFO    Después de deduplicar: 362
19:56:52 INFO    Pasaron los filtros: 40
19:57:08 DEBUG   [doomos] 18 avisos vía tarjetas
19:57:08 DEBUG   Ficha de YVT22 sin candidato propio; no se fusiona
19:57:09 DEBUG   Ficha de HW5MX sin candidato propio; no se fusiona
19:57:10 DEBUG   [doomos] 27 avisos vía tarjetas
19:57:10 DEBUG   Ficha de U44VT sin candidato propio; no se fusiona
19:57:15 DEBUG   [doomos] 27 avisos vía tarjetas
19:57:15 DEBUG   Ficha de KNAE9 sin candidato propio; no se fusiona
19:57:23 DEBUG   [doomos] 27 avisos vía tarjetas
19:57:23 DEBUG   Ficha de PR3QK sin candidato propio; no se fusiona
19:57:26 DEBUG   [doomos] 27 avisos vía tarjetas
19:57:26 DEBUG   Ficha de 2HWEW sin candidato propio; no se fusiona
19:57:28 DEBUG   [doomos] 27 avisos vía tarjetas
19:57:28 DEBUG   Ficha de ZWNAN sin candidato propio; no se fusiona
19:57:31 DEBUG   [doomos] 27 avisos vía tarjetas
19:57:31 DEBUG   Ficha de FDXSM sin candidato propio; no se fusiona
19:57:31 DEBUG   [busconido] 10 avisos vía tarjetas
19:57:31 DEBUG   Ficha de TKTCZ sin candidato propio; no se fusiona
19:57:33 DEBUG   [busconido] 10 avisos vía tarjetas
19:57:33 DEBUG   Ficha de 225XZ sin candidato propio; no se fusiona
19:57:35 DEBUG   [doomos] 27 avisos vía tarjetas
19:57:35 DEBUG   Ficha de FQ6XQ sin candidato propio; no se fusiona
19:57:35 DEBUG   [busconido] 10 avisos vía tarjetas
19:57:35 DEBUG   Ficha de APHTA sin candidato propio; no se fusiona
19:57:37 DEBUG   [busconido] 10 avisos vía tarjetas
19:57:37 DEBUG   Ficha de ZKWUC sin candidato propio; no se fusiona
19:57:39 DEBUG   [busconido] 10 avisos vía tarjetas
19:57:39 DEBUG   Ficha de X4AHM sin candidato propio; no se fusiona
19:57:43 INFO    Enriquecido y descartado: YAVJA (arriendo de $3.517.371 sobre el máximo negociable de $1.904.000)
19:57:47 INFO    Enriquecido y descartado: CC2AY (arriendo de $2.032.258 sobre el máximo negociable de $1.904.000)
19:57:51 INFO    Enriquecido y descartado: 7DKB3 (arriendo de $2.266.750 sobre el máximo negociable de $1.904.000)
19:58:01 DEBUG   [doomos] 18 avisos vía tarjetas
19:58:01 DEBUG   Ficha de J5JN4 sin candidato propio; no se fusiona
19:58:10 DEBUG   [doomos] 27 avisos vía tarjetas
19:58:10 DEBUG   Ficha de P8XMT sin candidato propio; no se fusiona
19:58:20 DEBUG   La red no quedó en silencio en https://www.toctoc.com/arriendo/departamento/metropolitana/vitacura/b_bac4e00f3f8fbaaa186a9e419a8f56ded4737558; se lee igual
19:58:20 DEBUG   [toctoc] 1 avisos vía estado-embebido
19:58:24 INFO    Enriquecido y descartado: 75BRH (arriendo de $2.931.142 sobre el máximo negociable de $1.904.000)
19:58:47 INFO    Enriquecido y descartado: 75BRH (arriendo de $2.149.504 sobre el máximo negociable de $1.904.000)
19:58:51 INFO    Enriquecido y descartado: 75BRH (arriendo de $1.954.095 sobre el máximo negociable de $1.904.000)
19:59:07 WARNING robots.txt no permite https://www.nuroa.cl/adform/10342-912-e7f8-1a0a016-97e0-4460cb69457-7a3c?click_type=0&pos=2&searchType=1&page=1&section=1&t_sec=1&sectionType=1&pageViewId=3ab7b24a-2805-4dd6-a849-516d45b4dd66&t_pvid=3ab7b24a-2805-4dd6-a849-516d45b4dd66&userAgent=Mozilla%2F5.0+%28compatible%3B+radar-arriendos%2F1.0%3B+uso+personal%2C+busqueda+de+arriendo%3B+%2Bhttps%3A%2F%2Fgithub.com%2Falfonsoandona%2Farriendos-vitacura%29&browser=1&isHuman=true&userIp=20.55.213.193&what=vitacura+departamento&search_terms=vitacura+departamento&origin=1&t_or=1&splitTestId=0 — se omite
19:59:12 DEBUG   [toctoc] 1 avisos vía estado-embebido
19:59:15 INFO    Enriquecido y descartado: 75BRH (arriendo de $4.299.009 sobre el máximo negociable de $1.904.000)
19:59:21 INFO    Fichas leídas: 40 — 0 ganaron el año, 0 la dirección; 7 se descartaron al verlas (0 por viejos)
19:59:22 INFO    Listo: 0 avisados de 33 candidatos
