15:48:02 INFO    No se pudo traer la UF del día (ReadTimeout); se usa el respaldo
15:48:02 INFO    UF = $40.934.58 (caché de hace 1 día(s) — la API no respondió)
15:48:02 INFO    Barriendo TocToc (toctoc)…
15:48:02 INFO    Barriendo Chilepropiedades (chilepropiedades)…
15:48:02 INFO    Barriendo GoPlaceIt (goplaceit)…
15:48:02 INFO    Barriendo Yapo (yapo)…
15:48:03 DEBUG   [chilepropiedades] 10 avisos vía tarjetas
15:48:04 INFO      yapo: 0 avisos en 2s
15:48:04 INFO    Barriendo BuscoNido (busconido)…
15:48:05 DEBUG   [chilepropiedades] 10 avisos vía tarjetas
15:48:05 DEBUG   [goplaceit] 30 avisos vía json-ld
15:48:06 DEBUG   [busconido] 23 avisos vía tarjetas
15:48:06 INFO      busconido: 23 avisos en 2s
15:48:06 INFO    Barriendo BienesOnline (bienesonline)…
15:48:06 DEBUG   [bienesonline] 18 avisos vía tarjetas
15:48:06 INFO      bienesonline: 18 avisos en 1s
15:48:06 INFO    Barriendo Economicos (El Mercurio) (economicos)…
15:48:07 DEBUG   [economicos] 20 avisos vía tarjetas
15:48:07 DEBUG   [chilepropiedades] 10 avisos vía tarjetas
15:48:07 INFO      chilepropiedades: 30 avisos en 5s
15:48:07 INFO    Barriendo iCasas (icasas)…
15:48:08 DEBUG   [icasas] 15 avisos vía tarjetas
15:48:09 DEBUG   [economicos] 18 avisos vía tarjetas
15:48:09 DEBUG   La red no quedó en silencio en https://www.toctoc.com/arriendo/departamento/metropolitana/vitacura/3-dormitorios; se lee igual
15:48:10 DEBUG   [icasas] 15 avisos vía tarjetas
15:48:10 INFO      icasas: 30 avisos en 3s
15:48:10 INFO    Barriendo Doomos (doomos)…
15:48:10 DEBUG   [toctoc] 20 avisos vía json-ld
15:48:11 DEBUG   [economicos] 11 avisos vía tarjetas
15:48:11 INFO      economicos: 49 avisos en 4s
15:48:11 INFO    Barriendo Top Propiedades (toppropiedades)…
15:48:11 DEBUG   [doomos] 31 avisos vía tarjetas
15:48:11 INFO      doomos: 31 avisos en 2s
15:48:11 INFO    Barriendo Nuroa (nuroa)…
15:48:12 DEBUG   Encoding detection: ascii is most likely the one.
15:48:13 DEBUG   [nuroa] 25 avisos vía json-ld
15:48:15 DEBUG   [toppropiedades] 1 avisos vía json-ld
15:48:15 DEBUG   [nuroa] 25 avisos vía json-ld
15:48:17 DEBUG   [toppropiedades] 1 avisos vía json-ld
15:48:17 DEBUG   La red no quedó en silencio en https://www.toctoc.com/arriendo/departamento/metropolitana/vitacura/3-dormitorios?pagina=2; se lee igual
15:48:17 DEBUG   [nuroa] 25 avisos vía json-ld
15:48:19 DEBUG   [toppropiedades] 1 avisos vía json-ld
15:48:19 DEBUG   [nuroa] 25 avisos vía json-ld
15:48:20 INFO      nuroa: 100 avisos en 8s
15:48:20 INFO    Barriendo Mitula (mitula)…
15:48:21 DEBUG   [toppropiedades] 1 avisos vía json-ld
15:48:21 DEBUG   [mitula] 30 avisos vía json-ld
15:48:22 WARNING [toctoc] https://www.toctoc.com/arriendo/departamento/metropolitana/vitacura/3-dormitorios?pagina=2 falló: Page.content: Unable to retrieve content because the page is navigating and changing the content.
15:48:23 DEBUG   [toppropiedades] 1 avisos vía json-ld
15:48:23 DEBUG   [mitula] 30 avisos vía json-ld
15:48:23 INFO      mitula: 60 avisos en 4s
15:48:23 INFO    Barriendo Houm (houm)…
15:48:25 DEBUG   [toppropiedades] 1 avisos vía json-ld
15:48:27 DEBUG   [toppropiedades] 1 avisos vía json-ld
15:48:28 DEBUG   La red no quedó en silencio en https://www.toctoc.com/arriendo/departamento/metropolitana/vitacura/4-dormitorios; se lee igual
15:48:29 DEBUG   [toppropiedades] 1 avisos vía json-ld
15:48:29 INFO      toppropiedades: 8 avisos en 18s
15:48:29 INFO    Barriendo Hey! Homes (heyhomes)…
15:48:30 WARNING [toctoc] https://www.toctoc.com/arriendo/departamento/metropolitana/vitacura/4-dormitorios falló: Page.content: Unable to retrieve content because the page is navigating and changing the content.
15:48:30 WARNING   toctoc: Page.content: Unable to retrieve content because the page is navigating and changing the content.
15:48:30 INFO      toctoc: 20 avisos en 28s
15:48:30 INFO    Barriendo Engel & Völkers (engelvoelkers)…
15:48:31 DEBUG   [heyhomes] 9 avisos vía tarjetas
15:48:31 INFO      heyhomes: 9 avisos en 3s
15:48:31 INFO    Barriendo RE/MAX Chile (remax)…
15:48:38 DEBUG   [engelvoelkers] 16 avisos vía tarjetas
15:48:38 INFO      engelvoelkers: 16 avisos en 8s
15:48:38 INFO    Barriendo Fuenzalida Propiedades (fuenzalida)…
15:48:41 DEBUG   [fuenzalida] 16 avisos vía tarjetas
15:48:41 INFO      remax: 0 avisos en 10s
15:48:41 INFO    Barriendo Century 21 Chile (century21)…
15:48:44 DEBUG   [fuenzalida] 20 avisos vía tarjetas
15:48:44 INFO      century21: 0 avisos en 3s
15:48:44 INFO    Barriendo Property Partners (propertypartners)…
15:48:44 DEBUG   [goplaceit] 30 avisos vía json-ld
15:48:44 DEBUG   [propertypartners] 1 avisos vía tarjetas
15:48:44 INFO      propertypartners: 1 avisos en 0s
15:48:44 INFO    Barriendo Acceso Inmobiliario (accesoinmobiliario)…
15:48:46 DEBUG   [fuenzalida] 20 avisos vía tarjetas
15:48:46 INFO      fuenzalida: 56 avisos en 9s
15:48:46 INFO    Barriendo Magnolia Property (magnoliaproperty)…
15:48:48 DEBUG   [magnoliaproperty] 8 avisos vía tarjetas
15:48:48 INFO      magnoliaproperty: 8 avisos en 1s
15:48:48 INFO    Barriendo Portilla Propiedades (portillapropiedades)…
15:48:48 DEBUG   [portillapropiedades] 2 avisos vía tarjetas
15:48:48 INFO      portillapropiedades: 2 avisos en 1s
15:48:48 INFO    Barriendo Nativo Propiedades (nativopropiedades)…
15:48:49 DEBUG   [nativopropiedades] 10 avisos vía tarjetas
15:48:49 INFO      nativopropiedades: 10 avisos en 1s
15:48:49 INFO    Barriendo Enlace Inmobiliario (enlaceinmobiliario)…
15:48:49 WARNING https://www.enlaceinmobiliario.cl/ respondió 403
15:48:49 INFO    [enlaceinmobiliario] https://www.enlaceinmobiliario.cl/ rebotó al GET; se reintenta con navegador
15:48:51 DEBUG   [accesoinmobiliario] 15 avisos vía tarjetas
15:48:52 DEBUG   La red no quedó en silencio en https://houm.com/cl/arriendo-departamentos-region-metropolitana/vitacura/3-dormitorios; se lee igual
15:48:52 DEBUG   [houm] 28 avisos vía json-ld
15:48:58 DEBUG   La red no quedó en silencio en https://www.enlaceinmobiliario.cl/; se lee igual
15:48:59 INFO      enlaceinmobiliario: 0 avisos en 9s
15:48:59 INFO    Barriendo Rentas.cl (rentas_cl)…
15:49:01 DEBUG   [rentas_cl] 1 avisos vía json-ld
15:49:01 INFO      rentas_cl: 1 avisos en 2s
15:49:01 INFO    Barriendo Arriendos.cl (arriendos_cl)…
15:49:02 INFO      arriendos_cl: 0 avisos en 1s
15:49:02 INFO    Barriendo Propiedades.cl (propiedades_cl)…
15:49:03 DEBUG   [propiedades_cl] 6 avisos vía tarjetas
15:49:03 INFO      propiedades_cl: 6 avisos en 1s
15:49:03 INFO    Barriendo Clasificados.cl (clasificados_cl)…
15:49:04 DEBUG   La red no quedó en silencio en https://houm.com/cl/arriendo-departamento-región-metropolitana/las-condes/170742; se lee igual
15:49:04 DEBUG   [houm] 1 avisos vía estado-embebido
15:49:04 DEBUG   [clasificados_cl] 1 avisos vía tarjetas
15:49:04 INFO      clasificados_cl: 1 avisos en 1s
15:49:04 DEBUG   [accesoinmobiliario] 1 avisos vía tarjetas
15:49:12 DEBUG   La red no quedó en silencio en https://houm.com/cl/arriendo-departamento-región-metropolitana/las-condes/175757; se lee igual
15:49:12 DEBUG   [houm] 1 avisos vía estado-embebido
15:49:21 DEBUG   La red no quedó en silencio en https://houm.com/cl/arriendo-departamento-región-metropolitana/lo-barnechea/74201; se lee igual
15:49:21 DEBUG   [houm] 1 avisos vía estado-embebido
15:49:22 DEBUG   [goplaceit] 30 avisos vía json-ld
15:49:23 INFO      accesoinmobiliario: 16 avisos en 39s
15:49:29 DEBUG   La red no quedó en silencio en https://houm.com/cl/arriendo-departamento-región-metropolitana/providencia/175947; se lee igual
15:49:29 DEBUG   [houm] 1 avisos vía estado-embebido
15:49:37 DEBUG   La red no quedó en silencio en https://houm.com/cl/arriendo-departamento-región-metropolitana/ñuñoa/174379; se lee igual
15:49:37 DEBUG   [houm] 1 avisos vía estado-embebido
15:49:44 DEBUG   La red no quedó en silencio en https://houm.com/cl/arriendo-departamento-región-metropolitana/recoleta/179872; se lee igual
15:49:44 DEBUG   [houm] 1 avisos vía estado-embebido
15:49:46 INFO      goplaceit: 90 avisos en 104s
15:49:52 DEBUG   La red no quedó en silencio en https://houm.com/cl/arriendo-departamento-región-metropolitana/recoleta/178185; se lee igual
15:49:52 DEBUG   [houm] 1 avisos vía estado-embebido
15:49:59 DEBUG   La red no quedó en silencio en https://houm.com/cl/arriendo-departamento-región-metropolitana/las-condes/177842; se lee igual
15:49:59 DEBUG   [houm] 1 avisos vía estado-embebido
15:49:59 INFO      houm: 36 avisos en 96s
15:49:59 INFO    Total crudo: 621 avisos
15:50:00 INFO    Después de deduplicar: 418
15:50:00 INFO    Pasaron los filtros: 54
15:50:15 DEBUG   [economicos] 1 avisos vía tarjetas
15:50:17 DEBUG   [doomos] 18 avisos vía tarjetas
15:50:17 DEBUG   Ficha de YVT22 sin candidato propio; no se fusiona
15:50:18 DEBUG   Ficha de HW5MX sin candidato propio; no se fusiona
15:50:18 DEBUG   [economicos] 1 avisos vía tarjetas
15:50:20 DEBUG   [economicos] 1 avisos vía tarjetas
15:50:22 DEBUG   [economicos] 1 avisos vía tarjetas
15:50:24 DEBUG   [economicos] 1 avisos vía tarjetas
15:50:25 DEBUG   [doomos] 27 avisos vía tarjetas
15:50:25 DEBUG   Ficha de U44VT sin candidato propio; no se fusiona
15:50:27 DEBUG   [doomos] 27 avisos vía tarjetas
15:50:27 DEBUG   Ficha de KNAE9 sin candidato propio; no se fusiona
15:50:29 DEBUG   [doomos] 27 avisos vía tarjetas
15:50:29 DEBUG   Ficha de PR3QK sin candidato propio; no se fusiona
15:50:31 DEBUG   [doomos] 27 avisos vía tarjetas
15:50:31 DEBUG   Ficha de 2HWEW sin candidato propio; no se fusiona
15:50:31 DEBUG   [economicos] 1 avisos vía tarjetas
15:50:34 DEBUG   [doomos] 27 avisos vía tarjetas
15:50:34 DEBUG   Ficha de ZWNAN sin candidato propio; no se fusiona
15:50:34 DEBUG   [economicos] 1 avisos vía tarjetas
15:50:38 DEBUG   [doomos] 27 avisos vía tarjetas
15:50:38 DEBUG   Ficha de FDXSM sin candidato propio; no se fusiona
15:50:38 DEBUG   [economicos] 1 avisos vía tarjetas
15:50:38 DEBUG   Ficha de XEC3Z sin candidato propio; no se fusiona
15:50:40 DEBUG   [economicos] 1 avisos vía tarjetas
15:50:40 DEBUG   [magnoliaproperty] 2 avisos vía tarjetas
15:50:40 DEBUG   Ficha de G4H4N sin candidato propio; no se fusiona
15:50:41 DEBUG   [busconido] 10 avisos vía tarjetas
15:50:41 DEBUG   Ficha de WH9QR sin candidato propio; no se fusiona
15:50:43 DEBUG   [busconido] 10 avisos vía tarjetas
15:50:43 DEBUG   Ficha de TKTCZ sin candidato propio; no se fusiona
15:50:45 DEBUG   [busconido] 10 avisos vía tarjetas
15:50:45 DEBUG   Ficha de 225XZ sin candidato propio; no se fusiona
15:50:46 DEBUG   [doomos] 27 avisos vía tarjetas
15:50:46 DEBUG   Ficha de FQ6XQ sin candidato propio; no se fusiona
15:50:47 DEBUG   [busconido] 10 avisos vía tarjetas
15:50:47 DEBUG   Ficha de APHTA sin candidato propio; no se fusiona
15:50:49 DEBUG   [busconido] 10 avisos vía tarjetas
15:50:49 DEBUG   Ficha de ZKWUC sin candidato propio; no se fusiona
15:50:51 DEBUG   [busconido] 10 avisos vía tarjetas
15:50:51 DEBUG   Ficha de 4B2WW sin candidato propio; no se fusiona
15:50:53 DEBUG   [busconido] 10 avisos vía tarjetas
15:50:53 DEBUG   Ficha de X4AHM sin candidato propio; no se fusiona
15:50:53 DEBUG   [economicos] 1 avisos vía tarjetas
15:50:53 INFO    Enriquecido y descartado: S84GC (arriendo de $3.108.725 sobre el máximo negociable de $1.904.000)
15:50:57 INFO    Enriquecido y descartado: YAVJA (arriendo de $3.517.371 sobre el máximo negociable de $1.904.000)
15:50:57 DEBUG   [economicos] 1 avisos vía tarjetas
15:51:02 INFO    Enriquecido y descartado: CC2AY (arriendo de $2.032.258 sobre el máximo negociable de $1.904.000)
15:51:03 DEBUG   [doomos] 18 avisos vía tarjetas
15:51:03 DEBUG   Ficha de J5JN4 sin candidato propio; no se fusiona
15:51:11 DEBUG   [doomos] 27 avisos vía tarjetas
15:51:11 DEBUG   Ficha de P8XMT sin candidato propio; no se fusiona
15:51:19 DEBUG   [toctoc] 1 avisos vía estado-embebido
15:51:23 INFO    Enriquecido y descartado: 75BRH (arriendo de $2.931.142 sobre el máximo negociable de $1.904.000)
15:51:47 INFO    Enriquecido y descartado: 75BRH (arriendo de $2.149.504 sobre el máximo negociable de $1.904.000)
15:51:50 INFO    Enriquecido y descartado: 75BRH (arriendo de $1.954.095 sobre el máximo negociable de $1.904.000)
15:52:05 WARNING robots.txt no permite https://www.nuroa.cl/adform/10342-912-e7f8-1a0a016-97e0-4460cb69457-7a3c?click_type=0&pos=5&searchType=1&page=1&section=1&t_sec=1&sectionType=1&pageViewId=cb977609-7f70-40d3-89a9-50f653af18f8&t_pvid=cb977609-7f70-40d3-89a9-50f653af18f8&userAgent=Mozilla%2F5.0+%28compatible%3B+radar-arriendos%2F1.0%3B+uso+personal%2C+busqueda+de+arriendo%3B+%2Bhttps%3A%2F%2Fgithub.com%2Falfonsoandona%2Farriendos-vitacura%29&browser=1&isHuman=true&userIp=74.235.79.36&what=vitacura+departamento&search_terms=vitacura+departamento&origin=1&t_or=1&splitTestId=0 — se omite
15:52:09 DEBUG   [toctoc] 1 avisos vía estado-embebido
15:52:13 INFO    Enriquecido y descartado: 75BRH (arriendo de $4.299.009 sobre el máximo negociable de $1.904.000)
15:52:17 INFO    Fichas leídas: 54 — 0 ganaron el año, 1 la dirección; 7 se descartaron al verlas (0 por viejos)
15:52:18 INFO    Listo: 0 avisados de 47 candidatos
