00:45:32 INFO    UF = $40.967.24 (API del día)
00:45:32 INFO    Barriendo TocToc (toctoc)…
00:45:32 INFO    Barriendo Chilepropiedades (chilepropiedades)…
00:45:32 INFO    Barriendo GoPlaceIt (goplaceit)…
00:45:32 INFO    Barriendo Yapo (yapo)…
00:45:33 DEBUG   [chilepropiedades] 10 avisos vía tarjetas
00:45:34 INFO      yapo: 0 avisos en 2s
00:45:34 INFO    Barriendo BuscoNido (busconido)…
00:45:34 DEBUG   [chilepropiedades] 10 avisos vía tarjetas
00:45:35 DEBUG   [busconido] 23 avisos vía tarjetas
00:45:35 INFO      busconido: 23 avisos en 1s
00:45:35 INFO    Barriendo BienesOnline (bienesonline)…
00:45:36 DEBUG   [goplaceit] 30 avisos vía json-ld
00:45:36 DEBUG   [bienesonline] 15 avisos vía tarjetas
00:45:36 INFO      bienesonline: 15 avisos en 2s
00:45:36 INFO    Barriendo Economicos (El Mercurio) (economicos)…
00:45:37 DEBUG   [chilepropiedades] 10 avisos vía tarjetas
00:45:37 INFO      chilepropiedades: 30 avisos en 5s
00:45:37 INFO    Barriendo iCasas (icasas)…
00:45:37 WARNING https://www.economicos.cl/search/propiedades/vitacura/arriendo/departamento/0 respondió 403
00:45:37 INFO    [economicos] https://www.economicos.cl/search/propiedades/vitacura/arriendo/departamento/0 rebotó al GET; se reintenta con navegador
00:45:37 DEBUG   [icasas] 15 avisos vía tarjetas
00:45:39 DEBUG   [icasas] 15 avisos vía tarjetas
00:45:39 INFO      icasas: 30 avisos en 2s
00:45:39 INFO    Barriendo Doomos (doomos)…
00:45:40 DEBUG   [toctoc] 20 avisos vía json-ld
00:45:41 INFO      economicos: 0 avisos en 5s
00:45:41 INFO    Barriendo Top Propiedades (toppropiedades)…
00:45:42 DEBUG   [doomos] 31 avisos vía tarjetas
00:45:42 INFO      doomos: 31 avisos en 3s
00:45:42 INFO    Barriendo Nuroa (nuroa)…
00:45:42 DEBUG   Encoding detection: ascii is most likely the one.
00:45:43 DEBUG   [nuroa] 25 avisos vía json-ld
00:45:45 DEBUG   [toppropiedades] 1 avisos vía json-ld
00:45:46 DEBUG   [nuroa] 25 avisos vía json-ld
00:45:47 DEBUG   [toppropiedades] 1 avisos vía json-ld
00:45:48 DEBUG   [nuroa] 25 avisos vía json-ld
00:45:48 DEBUG   La red no quedó en silencio en https://www.toctoc.com/arriendo/departamento/metropolitana/vitacura/3-dormitorios?pagina=2; se lee igual
00:45:49 DEBUG   [toctoc] 20 avisos vía json-ld
00:45:49 DEBUG   [toppropiedades] 1 avisos vía json-ld
00:45:50 DEBUG   [nuroa] 25 avisos vía json-ld
00:45:50 INFO      nuroa: 100 avisos en 9s
00:45:50 INFO    Barriendo Mitula (mitula)…
00:45:51 DEBUG   [toppropiedades] 1 avisos vía json-ld
00:45:53 DEBUG   [mitula] 30 avisos vía json-ld
00:45:53 DEBUG   [toppropiedades] 1 avisos vía json-ld
00:45:55 DEBUG   [toppropiedades] 1 avisos vía json-ld
00:45:55 DEBUG   [mitula] 30 avisos vía json-ld
00:45:56 INFO      mitula: 60 avisos en 5s
00:45:56 INFO    Barriendo Houm (houm)…
00:45:57 DEBUG   [toppropiedades] 1 avisos vía json-ld
00:45:57 DEBUG   La red no quedó en silencio en https://www.toctoc.com/arriendo/departamento/metropolitana/vitacura/3-dormitorios?pagina=3; se lee igual
00:45:57 DEBUG   [toctoc] 20 avisos vía json-ld
00:45:59 DEBUG   [toppropiedades] 1 avisos vía json-ld
00:45:59 INFO      toppropiedades: 8 avisos en 18s
00:45:59 INFO    Barriendo Hey! Homes (heyhomes)…
00:46:02 DEBUG   [heyhomes] 9 avisos vía tarjetas
00:46:02 INFO      heyhomes: 9 avisos en 3s
00:46:02 INFO    Barriendo Engel & Völkers (engelvoelkers)…
00:46:05 DEBUG   La red no quedó en silencio en https://houm.com/cl/arriendo-departamentos-region-metropolitana/vitacura/3-dormitorios; se lee igual
00:46:05 DEBUG   [toctoc] 20 avisos vía json-ld
00:46:05 DEBUG   [houm] 28 avisos vía json-ld
00:46:09 DEBUG   [engelvoelkers] 16 avisos vía tarjetas
00:46:09 INFO      engelvoelkers: 16 avisos en 7s
00:46:09 INFO    Barriendo RE/MAX Chile (remax)…
00:46:16 DEBUG   La red no quedó en silencio en https://www.toctoc.com/arriendo/departamento/metropolitana/vitacura/4-dormitorios?pagina=2; se lee igual
00:46:16 DEBUG   [toctoc] 20 avisos vía json-ld
00:46:16 DEBUG   La red no quedó en silencio en https://houm.com/cl/arriendo-departamento-región-metropolitana/las-condes/170742; se lee igual
00:46:17 DEBUG   [houm] 1 avisos vía estado-embebido
00:46:19 DEBUG   [goplaceit] 30 avisos vía json-ld
00:46:20 INFO      remax: 0 avisos en 11s
00:46:20 INFO    Barriendo Fuenzalida Propiedades (fuenzalida)…
00:46:24 DEBUG   [fuenzalida] 16 avisos vía tarjetas
00:46:26 DEBUG   La red no quedó en silencio en https://www.toctoc.com/arriendo/departamento/metropolitana/vitacura/4-dormitorios?pagina=3; se lee igual
00:46:26 DEBUG   [toctoc] 20 avisos vía json-ld
00:46:26 INFO      toctoc: 120 avisos en 55s
00:46:26 INFO    Barriendo Century 21 Chile (century21)…
00:46:27 DEBUG   La red no quedó en silencio en https://houm.com/cl/arriendo-departamento-región-metropolitana/las-condes/175757; se lee igual
00:46:27 INFO      century21: 0 avisos en 1s
00:46:27 INFO    Barriendo Property Partners (propertypartners)…
00:46:27 DEBUG   [houm] 1 avisos vía estado-embebido
00:46:28 DEBUG   [propertypartners] 1 avisos vía tarjetas
00:46:28 INFO      propertypartners: 1 avisos en 0s
00:46:28 INFO    Barriendo Acceso Inmobiliario (accesoinmobiliario)…
00:46:29 DEBUG   [fuenzalida] 20 avisos vía tarjetas
00:46:32 DEBUG   [accesoinmobiliario] 16 avisos vía tarjetas
00:46:35 DEBUG   [fuenzalida] 20 avisos vía tarjetas
00:46:35 INFO      fuenzalida: 56 avisos en 15s
00:46:35 INFO    Barriendo Magnolia Property (magnoliaproperty)…
00:46:35 DEBUG   La red no quedó en silencio en https://houm.com/cl/arriendo-departamento-región-metropolitana/lo-barnechea/74201; se lee igual
00:46:35 DEBUG   [magnoliaproperty] 8 avisos vía tarjetas
00:46:35 INFO      magnoliaproperty: 8 avisos en 0s
00:46:35 INFO    Barriendo Portilla Propiedades (portillapropiedades)…
00:46:35 DEBUG   [houm] 1 avisos vía estado-embebido
00:46:36 DEBUG   [portillapropiedades] 2 avisos vía tarjetas
00:46:36 INFO      portillapropiedades: 2 avisos en 1s
00:46:36 INFO    Barriendo Nativo Propiedades (nativopropiedades)…
00:46:36 DEBUG   [nativopropiedades] 10 avisos vía tarjetas
00:46:36 INFO      nativopropiedades: 10 avisos en 1s
00:46:36 INFO    Barriendo Enlace Inmobiliario (enlaceinmobiliario)…
00:46:37 WARNING https://www.enlaceinmobiliario.cl/ respondió 403
00:46:37 INFO    [enlaceinmobiliario] https://www.enlaceinmobiliario.cl/ rebotó al GET; se reintenta con navegador
00:46:43 DEBUG   La red no quedó en silencio en https://houm.com/cl/arriendo-departamento-región-metropolitana/providencia/175947; se lee igual
00:46:44 DEBUG   [houm] 1 avisos vía estado-embebido
00:46:48 DEBUG   La red no quedó en silencio en https://www.enlaceinmobiliario.cl/; se lee igual
00:46:48 INFO      enlaceinmobiliario: 0 avisos en 12s
00:46:48 INFO    Barriendo Rentas.cl (rentas_cl)…
00:46:50 DEBUG   [rentas_cl] 1 avisos vía json-ld
00:46:50 INFO      rentas_cl: 1 avisos en 2s
00:46:50 INFO    Barriendo Arriendos.cl (arriendos_cl)…
00:46:51 INFO      arriendos_cl: 0 avisos en 1s
00:46:51 INFO    Barriendo Propiedades.cl (propiedades_cl)…
00:46:52 DEBUG   [propiedades_cl] 6 avisos vía tarjetas
00:46:52 INFO      propiedades_cl: 6 avisos en 0s
00:46:52 INFO    Barriendo Clasificados.cl (clasificados_cl)…
00:46:52 DEBUG   [accesoinmobiliario] 1 avisos vía tarjetas
00:46:54 DEBUG   [clasificados_cl] 1 avisos vía tarjetas
00:46:54 INFO      clasificados_cl: 1 avisos en 2s
00:46:55 DEBUG   La red no quedó en silencio en https://houm.com/cl/arriendo-departamento-región-metropolitana/ñuñoa/174379; se lee igual
00:46:55 DEBUG   [houm] 1 avisos vía estado-embebido
00:46:58 DEBUG   [accesoinmobiliario] 1 avisos vía tarjetas
00:47:03 DEBUG   La red no quedó en silencio en https://houm.com/cl/arriendo-departamento-región-metropolitana/recoleta/179872; se lee igual
00:47:03 DEBUG   [houm] 1 avisos vía estado-embebido
00:47:04 DEBUG   [accesoinmobiliario] 1 avisos vía tarjetas
00:47:06 DEBUG   [goplaceit] 30 avisos vía json-ld
00:47:11 DEBUG   La red no quedó en silencio en https://houm.com/cl/arriendo-departamento-región-metropolitana/recoleta/178185; se lee igual
00:47:12 DEBUG   [houm] 1 avisos vía estado-embebido
00:47:19 DEBUG   La red no quedó en silencio en https://houm.com/cl/arriendo-departamento-región-metropolitana/las-condes/177842; se lee igual
00:47:19 DEBUG   [houm] 1 avisos vía estado-embebido
00:47:19 INFO      houm: 36 avisos en 84s
00:47:22 INFO      accesoinmobiliario: 19 avisos en 54s
00:47:33 INFO      goplaceit: 90 avisos en 121s
00:47:33 INFO    Total crudo: 672 avisos
00:47:34 INFO    Después de deduplicar: 425
00:47:34 INFO    Pasaron los filtros: 41
00:47:52 DEBUG   [doomos] 18 avisos vía tarjetas
00:47:52 DEBUG   Ficha de YVT22 sin candidato propio; no se fusiona
00:47:53 DEBUG   Ficha de HW5MX sin candidato propio; no se fusiona
00:47:55 DEBUG   [doomos] 27 avisos vía tarjetas
00:47:55 DEBUG   Ficha de U44VT sin candidato propio; no se fusiona
00:47:56 DEBUG   [doomos] 27 avisos vía tarjetas
00:47:56 DEBUG   Ficha de KNAE9 sin candidato propio; no se fusiona
00:47:58 DEBUG   [doomos] 27 avisos vía tarjetas
00:47:58 DEBUG   Ficha de PR3QK sin candidato propio; no se fusiona
00:48:00 DEBUG   [doomos] 27 avisos vía tarjetas
00:48:00 DEBUG   Ficha de 2HWEW sin candidato propio; no se fusiona
00:48:03 DEBUG   [doomos] 27 avisos vía tarjetas
00:48:03 DEBUG   Ficha de ZWNAN sin candidato propio; no se fusiona
00:48:06 DEBUG   [doomos] 27 avisos vía tarjetas
00:48:06 DEBUG   Ficha de FDXSM sin candidato propio; no se fusiona
00:48:06 DEBUG   [busconido] 11 avisos vía tarjetas
00:48:06 DEBUG   Ficha de S6ZJR sin candidato propio; no se fusiona
00:48:07 DEBUG   [doomos] 27 avisos vía tarjetas
00:48:07 DEBUG   Ficha de FQ6XQ sin candidato propio; no se fusiona
00:48:08 DEBUG   [busconido] 11 avisos vía tarjetas
00:48:08 DEBUG   Ficha de FUBZE sin candidato propio; no se fusiona
00:48:10 DEBUG   [busconido] 10 avisos vía tarjetas
00:48:10 DEBUG   Ficha de FNP3V sin candidato propio; no se fusiona
00:48:12 DEBUG   [busconido] 10 avisos vía tarjetas
00:48:12 DEBUG   Ficha de QR4FC sin candidato propio; no se fusiona
00:48:15 INFO    Enriquecido y descartado: YAVJA (arriendo de $3.517.371 sobre el máximo negociable de $1.904.000)
00:48:19 INFO    Enriquecido y descartado: CC2AY (arriendo de $2.032.258 sobre el máximo negociable de $1.904.000)
00:48:20 DEBUG   [doomos] 18 avisos vía tarjetas
00:48:20 DEBUG   Ficha de J5JN4 sin candidato propio; no se fusiona
00:48:28 DEBUG   [doomos] 27 avisos vía tarjetas
00:48:28 DEBUG   Ficha de P8XMT sin candidato propio; no se fusiona
00:48:35 DEBUG   [toctoc] 1 avisos vía estado-embebido
00:48:44 DEBUG   [toctoc] 1 avisos vía estado-embebido
00:48:50 DEBUG   [toctoc] 1 avisos vía estado-embebido
00:48:53 INFO    Enriquecido y descartado: 75BRH (arriendo de $2.931.142 sobre el máximo negociable de $1.904.000)
00:49:14 INFO    Enriquecido y descartado: 75BRH (arriendo de $2.149.504 sobre el máximo negociable de $1.904.000)
00:49:18 INFO    Enriquecido y descartado: 75BRH (arriendo de $1.954.095 sobre el máximo negociable de $1.904.000)
00:49:34 DEBUG   [toctoc] 1 avisos vía estado-embebido
00:49:45 DEBUG   La red no quedó en silencio en https://www.toctoc.com/arriendo/departamento/metropolitana/vitacura/b_5a37b5df7f9d79c4bd1ab716a6babbded3d95b42; se lee igual
00:49:45 DEBUG   [toctoc] 1 avisos vía estado-embebido
00:49:49 INFO    Enriquecido y descartado: 75BRH (arriendo de $4.299.009 sobre el máximo negociable de $1.904.000)
00:49:52 INFO    Fichas leídas: 41 — 0 ganaron el año, 0 la dirección; 6 se descartaron al verlas (0 por viejos)
00:49:54 INFO    Listo: 0 avisados de 35 candidatos
