15:40:23 INFO    No se pudo traer la UF del día (ReadTimeout); se usa el respaldo
15:40:23 INFO    UF = $40.875.09 (caché de hace 0 día(s) — la API no respondió)
15:40:23 INFO    Barriendo TocToc (toctoc)…
15:40:23 INFO    Barriendo Chilepropiedades (chilepropiedades)…
15:40:23 INFO    Barriendo GoPlaceIt (goplaceit)…
15:40:23 INFO    Barriendo Yapo (yapo)…
15:40:24 DEBUG   [chilepropiedades] 10 avisos vía tarjetas
15:40:26 DEBUG   [yapo] 30 avisos vía tarjetas
15:40:26 DEBUG   [chilepropiedades] 10 avisos vía tarjetas
15:40:27 DEBUG   [goplaceit] 30 avisos vía json-ld
15:40:28 DEBUG   [yapo] 30 avisos vía tarjetas
15:40:28 DEBUG   [chilepropiedades] 10 avisos vía tarjetas
15:40:28 INFO      chilepropiedades: 30 avisos en 5s
15:40:28 INFO    Barriendo BuscoNido (busconido)…
15:40:29 DEBUG   [busconido] 23 avisos vía tarjetas
15:40:29 INFO      busconido: 23 avisos en 1s
15:40:29 INFO    Barriendo BienesOnline (bienesonline)…
15:40:30 DEBUG   [yapo] 30 avisos vía tarjetas
15:40:30 INFO      yapo: 90 avisos en 7s
15:40:30 INFO    Barriendo Economicos (El Mercurio) (economicos)…
15:40:30 DEBUG   [bienesonline] 18 avisos vía tarjetas
15:40:30 INFO      bienesonline: 18 avisos en 2s
15:40:30 INFO    Barriendo iCasas (icasas)…
15:40:31 WARNING https://www.economicos.cl/search/propiedades/vitacura/arriendo/departamento/0 respondió 403
15:40:31 INFO    [economicos] https://www.economicos.cl/search/propiedades/vitacura/arriendo/departamento/0 rebotó al GET; se reintenta con navegador
15:40:31 DEBUG   [icasas] 15 avisos vía tarjetas
15:40:31 DEBUG   La red no quedó en silencio en https://www.toctoc.com/arriendo/departamento/metropolitana/vitacura/3-dormitorios; se lee igual
15:40:32 DEBUG   [toctoc] 20 avisos vía json-ld
15:40:32 INFO      economicos: 0 avisos en 2s
15:40:32 INFO    Barriendo Doomos (doomos)…
15:40:33 DEBUG   [icasas] 15 avisos vía tarjetas
15:40:33 INFO      icasas: 30 avisos en 3s
15:40:33 INFO    Barriendo Top Propiedades (toppropiedades)…
15:40:37 DEBUG   [toppropiedades] 1 avisos vía json-ld
15:40:38 DEBUG   [doomos] 32 avisos vía tarjetas
15:40:38 INFO      doomos: 32 avisos en 6s
15:40:38 INFO    Barriendo Nuroa (nuroa)…
15:40:39 DEBUG   [toppropiedades] 1 avisos vía json-ld
15:40:39 DEBUG   Encoding detection: ascii is most likely the one.
15:40:39 DEBUG   La red no quedó en silencio en https://www.toctoc.com/arriendo/departamento/metropolitana/vitacura/3-dormitorios?pagina=2; se lee igual
15:40:40 DEBUG   [toctoc] 20 avisos vía json-ld
15:40:41 DEBUG   [nuroa] 25 avisos vía json-ld
15:40:41 DEBUG   [toppropiedades] 1 avisos vía json-ld
15:40:43 DEBUG   [nuroa] 25 avisos vía json-ld
15:40:43 DEBUG   [toppropiedades] 1 avisos vía json-ld
15:40:45 DEBUG   [nuroa] 25 avisos vía json-ld
15:40:45 DEBUG   [toppropiedades] 1 avisos vía json-ld
15:40:47 DEBUG   [nuroa] 25 avisos vía json-ld
15:40:47 DEBUG   [toppropiedades] 1 avisos vía json-ld
15:40:47 INFO      nuroa: 100 avisos en 9s
15:40:47 INFO    Barriendo Mitula (mitula)…
15:40:48 DEBUG   La red no quedó en silencio en https://www.toctoc.com/arriendo/departamento/metropolitana/vitacura/3-dormitorios?pagina=3; se lee igual
15:40:49 DEBUG   [mitula] 30 avisos vía json-ld
15:40:49 DEBUG   [toppropiedades] 1 avisos vía json-ld
15:40:50 DEBUG   [toctoc] 20 avisos vía json-ld
15:40:51 DEBUG   [mitula] 30 avisos vía json-ld
15:40:51 DEBUG   [toppropiedades] 1 avisos vía json-ld
15:40:51 INFO      toppropiedades: 8 avisos en 18s
15:40:51 INFO    Barriendo Houm (houm)…
15:40:51 INFO      mitula: 60 avisos en 4s
15:40:51 INFO    Barriendo Hey! Homes (heyhomes)…
15:40:54 DEBUG   [heyhomes] 9 avisos vía tarjetas
15:40:54 INFO      heyhomes: 9 avisos en 3s
15:40:54 INFO    Barriendo Engel & Völkers (engelvoelkers)…
15:40:57 DEBUG   La red no quedó en silencio en https://www.toctoc.com/arriendo/departamento/metropolitana/vitacura/4-dormitorios; se lee igual
15:40:57 DEBUG   [toctoc] 48 avisos vía json-ld
15:40:59 DEBUG   La red no quedó en silencio en https://houm.com/cl/arriendo-departamentos-region-metropolitana/vitacura/3-dormitorios; se lee igual
15:40:59 DEBUG   [houm] 28 avisos vía json-ld
15:41:00 DEBUG   [goplaceit] 30 avisos vía json-ld
15:41:03 DEBUG   [engelvoelkers] 14 avisos vía tarjetas
15:41:03 INFO      engelvoelkers: 14 avisos en 9s
15:41:03 INFO    Barriendo RE/MAX Chile (remax)…
15:41:07 DEBUG   La red no quedó en silencio en https://www.toctoc.com/arriendo/departamento/metropolitana/vitacura/4-dormitorios?pagina=2; se lee igual
15:41:08 DEBUG   [toctoc] 48 avisos vía json-ld
15:41:10 DEBUG   La red no quedó en silencio en https://houm.com/cl/arriendo-departamento-región-metropolitana/las-condes/170742; se lee igual
15:41:10 DEBUG   [houm] 1 avisos vía estado-embebido
15:41:18 DEBUG   La red no quedó en silencio en https://www.remax.cl/es-cl/busqueda/metropolitana-de-santiago/santiago/vitacura/residencial-departamento/arriendo/; se lee igual
15:41:18 DEBUG   [toctoc] 8 avisos vía json-ld
15:41:18 INFO      toctoc: 164 avisos en 55s
15:41:18 INFO    Barriendo Fuenzalida Propiedades (fuenzalida)…
15:41:18 DEBUG   [remax] 4 avisos vía tarjetas
15:41:22 DEBUG   [fuenzalida] 16 avisos vía tarjetas
15:41:24 DEBUG   [fuenzalida] 20 avisos vía tarjetas
15:41:26 DEBUG   La red no quedó en silencio en https://houm.com/cl/arriendo-departamento-región-metropolitana/las-condes/175757; se lee igual
15:41:26 DEBUG   [houm] 1 avisos vía estado-embebido
15:41:27 DEBUG   [fuenzalida] 20 avisos vía tarjetas
15:41:27 INFO      fuenzalida: 56 avisos en 9s
15:41:27 INFO    Barriendo Century 21 Chile (century21)…
15:41:28 INFO      century21: 0 avisos en 1s
15:41:28 INFO    Barriendo Property Partners (propertypartners)…
15:41:29 DEBUG   La red no quedó en silencio en https://www.remax.cl/es-cl/busqueda/metropolitana-de-santiago/santiago/vitacura/residencial-departamento/arriendo/?page=2; se lee igual
15:41:29 DEBUG   [propertypartners] 1 avisos vía tarjetas
15:41:29 INFO      propertypartners: 1 avisos en 1s
15:41:29 INFO    Barriendo Acceso Inmobiliario (accesoinmobiliario)…
15:41:29 DEBUG   [remax] 4 avisos vía tarjetas
15:41:29 INFO      remax: 8 avisos en 26s
15:41:29 INFO    Barriendo Magnolia Property (magnoliaproperty)…
15:41:29 DEBUG   [magnoliaproperty] 6 avisos vía tarjetas
15:41:29 INFO      magnoliaproperty: 6 avisos en 0s
15:41:29 INFO    Barriendo Portilla Propiedades (portillapropiedades)…
15:41:30 DEBUG   [portillapropiedades] 2 avisos vía tarjetas
15:41:30 INFO      portillapropiedades: 2 avisos en 1s
15:41:30 INFO    Barriendo Nativo Propiedades (nativopropiedades)…
15:41:31 DEBUG   [nativopropiedades] 7 avisos vía tarjetas
15:41:31 INFO      nativopropiedades: 7 avisos en 1s
15:41:31 INFO    Barriendo Enlace Inmobiliario (enlaceinmobiliario)…
15:41:31 WARNING https://www.enlaceinmobiliario.cl/ respondió 403
15:41:31 INFO    [enlaceinmobiliario] https://www.enlaceinmobiliario.cl/ rebotó al GET; se reintenta con navegador
15:41:33 DEBUG   [accesoinmobiliario] 15 avisos vía tarjetas
15:41:36 DEBUG   La red no quedó en silencio en https://houm.com/cl/arriendo-departamento-región-metropolitana/ñuñoa/174379; se lee igual
15:41:37 DEBUG   [houm] 1 avisos vía estado-embebido
15:41:39 DEBUG   [accesoinmobiliario] 1 avisos vía tarjetas
15:41:42 INFO      enlaceinmobiliario: 0 avisos en 11s
15:41:42 INFO    Barriendo Rentas.cl (rentas_cl)…
15:41:44 DEBUG   [rentas_cl] 1 avisos vía json-ld
15:41:44 INFO      rentas_cl: 1 avisos en 2s
15:41:44 INFO    Barriendo Arriendos.cl (arriendos_cl)…
15:41:45 INFO      arriendos_cl: 0 avisos en 1s
15:41:45 INFO    Barriendo Propiedades.cl (propiedades_cl)…
15:41:46 DEBUG   [propiedades_cl] 6 avisos vía tarjetas
15:41:46 INFO      propiedades_cl: 6 avisos en 0s
15:41:46 INFO    Barriendo Clasificados.cl (clasificados_cl)…
15:41:48 DEBUG   [clasificados_cl] 1 avisos vía tarjetas
15:41:48 INFO      clasificados_cl: 1 avisos en 3s
15:41:49 DEBUG   La red no quedó en silencio en https://houm.com/cl/arriendo-departamento-región-metropolitana/recoleta/178185; se lee igual
15:41:49 DEBUG   [houm] 1 avisos vía estado-embebido
15:41:55 DEBUG   [goplaceit] 30 avisos vía json-ld
15:41:57 DEBUG   [accesoinmobiliario] 1 avisos vía tarjetas
15:41:57 DEBUG   La red no quedó en silencio en https://houm.com/cl/arriendo-departamento-región-metropolitana/las-condes/177842; se lee igual
15:41:58 DEBUG   [houm] 1 avisos vía estado-embebido
15:42:04 DEBUG   [accesoinmobiliario] 1 avisos vía tarjetas
15:42:07 DEBUG   La red no quedó en silencio en https://houm.com/cl/arriendo-departamento-región-metropolitana/recoleta/176958; se lee igual
15:42:08 DEBUG   [houm] 1 avisos vía estado-embebido
15:42:10 DEBUG   [accesoinmobiliario] 1 avisos vía tarjetas
15:42:14 INFO      accesoinmobiliario: 19 avisos en 45s
15:42:17 DEBUG   La red no quedó en silencio en https://houm.com/cl/arriendo-departamento-región-metropolitana/recoleta/90462; se lee igual
15:42:17 DEBUG   [houm] 1 avisos vía estado-embebido
15:42:25 DEBUG   La red no quedó en silencio en https://houm.com/cl/arriendo-departamento-región-metropolitana/ñuñoa/148216; se lee igual
15:42:25 DEBUG   [houm] 1 avisos vía estado-embebido
15:42:25 INFO      houm: 36 avisos en 94s
15:42:25 INFO      goplaceit: 90 avisos en 122s
15:42:25 INFO    Total crudo: 811 avisos
15:42:26 INFO    Después de deduplicar: 445
15:42:26 INFO    Libreta: 1 entradas de un extractor viejo se olvidan
15:42:26 DEBUG   Libreta: n de la casa 133 se construyó en 2020 (accesoinmobiliario)
15:42:26 DEBUG   Libreta: n de la casa 1973 se construyó en 2016 (accesoinmobiliario)
15:42:26 INFO    Pasaron los filtros: 74
15:43:08 DEBUG   [doomos] 18 avisos vía tarjetas
15:43:08 DEBUG   Ficha de YVT22 sin candidato propio; no se fusiona
15:43:09 DEBUG   Ficha de HW5MX sin candidato propio; no se fusiona
15:43:09 DEBUG   [doomos] 27 avisos vía tarjetas
15:43:09 DEBUG   Ficha de U44VT sin candidato propio; no se fusiona
15:43:15 DEBUG   [doomos] 27 avisos vía tarjetas
15:43:15 DEBUG   Ficha de KNAE9 sin candidato propio; no se fusiona
15:43:17 DEBUG   [doomos] 27 avisos vía tarjetas
15:43:17 DEBUG   Ficha de PR3QK sin candidato propio; no se fusiona
15:43:17 DEBUG   Pin del mapa para 2RH3J: -33.38683, -70.57545
15:43:17 DEBUG   [yapo] 1 avisos vía json-ld
15:43:17 INFO    Enriquecido y descartado: 2RH3J (2 dormitorios, bajo el mínimo de 3)
15:43:19 DEBUG   [doomos] 27 avisos vía tarjetas
15:43:19 DEBUG   Ficha de 2HWEW sin candidato propio; no se fusiona
15:43:22 DEBUG   [doomos] 27 avisos vía tarjetas
15:43:22 DEBUG   Ficha de ZWNAN sin candidato propio; no se fusiona
15:43:27 DEBUG   Pin del mapa para 6XS87: -33.39999, -70.58619
15:43:27 DEBUG   [toctoc] 1 avisos vía estado-embebido
15:43:27 INFO    Enriquecido y descartado: C6984 (arriendo de $3.883.259 sobre el máximo negociable de $1.904.000)
15:43:34 DEBUG   La red no quedó en silencio en https://www.toctoc.com/arriendo/departamento/metropolitana/vitacura/b_bf6d287e14ecadb81e3e833c9266d2a4db2ec43d; se lee igual
15:43:34 DEBUG   Pin del mapa para JBGCJ: -33.39289, -70.55517
15:43:34 DEBUG   [toctoc] 1 avisos vía estado-embebido
15:43:34 INFO    Enriquecido y descartado: QGAQW (arriendo de $2.200.000 sobre el máximo negociable de $1.904.000)
15:43:40 DEBUG   Pin del mapa para RSJ4J: -33.37644, -70.54469
15:43:40 DEBUG   [toctoc] 1 avisos vía estado-embebido
15:43:40 INFO    Enriquecido y descartado: HN6TF (arriendo de $2.248.203 sobre el máximo negociable de $1.904.000)
15:43:43 DEBUG   Pin del mapa para 2NG3Q: -33.38397, -71.68828
15:43:43 INFO    Enriquecido y descartado: 2NG3Q (a 104.6 km del ancla, demasiado lejos para estar en la zona (y el aviso no dice la comuna))
15:43:44 DEBUG   [yapo] 1 avisos vía json-ld
15:43:49 DEBUG   [toctoc] 1 avisos vía estado-embebido
15:43:50 DEBUG   [busconido] 11 avisos vía tarjetas
15:43:50 DEBUG   Ficha de 9ZGUH sin candidato propio; no se fusiona
15:43:51 DEBUG   [busconido] 10 avisos vía tarjetas
15:43:51 DEBUG   Ficha de KTFQD sin candidato propio; no se fusiona
15:43:58 DEBUG   [toctoc] 1 avisos vía estado-embebido
15:43:59 DEBUG   [busconido] 11 avisos vía tarjetas
15:43:59 DEBUG   Ficha de YW4YH sin candidato propio; no se fusiona
15:44:05 DEBUG   [toctoc] 1 avisos vía estado-embebido
15:44:05 INFO    Enriquecido y descartado: E366M (arriendo de $2.000.000 sobre el máximo negociable de $1.904.000)
15:44:10 DEBUG   [toctoc] 1 avisos vía estado-embebido
15:44:10 INFO    Enriquecido y descartado: E366M (arriendo de $2.400.000 sobre el máximo negociable de $1.904.000)
15:44:16 DEBUG   Pin del mapa para 2CV94: -33.40143, -70.58206
15:44:16 DEBUG   [toctoc] 1 avisos vía estado-embebido
15:44:16 INFO    Enriquecido y descartado: NBFJR (arriendo de $3.065.731 sobre el máximo negociable de $1.904.000)
15:44:21 DEBUG   Pin del mapa para EZBJT: -33.38398, -70.57917
15:44:22 DEBUG   [toctoc] 1 avisos vía estado-embebido
15:44:22 INFO    Enriquecido y descartado: TW5PD (arriendo de $2.370.832 sobre el máximo negociable de $1.904.000)
15:44:26 DEBUG   Pin del mapa para 7DDFW: -33.39704, -70.58926
15:44:27 DEBUG   [toctoc] 1 avisos vía estado-embebido
15:44:27 INFO    Enriquecido y descartado: XX76M (arriendo de $3.678.877 sobre el máximo negociable de $1.904.000)
15:44:31 DEBUG   Pin del mapa para RR676: -33.40632, -70.59601
15:44:31 DEBUG   [toctoc] 1 avisos vía estado-embebido
15:44:32 INFO    Enriquecido y descartado: KRW5G (33 años (construido en 1993), sobre el máximo de 30)
15:44:37 DEBUG   Pin del mapa para 4CECN: -33.40143, -70.58206
15:44:37 DEBUG   [toctoc] 1 avisos vía estado-embebido
15:44:37 INFO    Enriquecido y descartado: M6CQA (34 años (construido en 1992), sobre el máximo de 30)
15:44:42 DEBUG   Pin del mapa para CSV7D: -33.40591, -70.59624
15:44:42 DEBUG   [toctoc] 1 avisos vía estado-embebido
15:44:42 INFO    Enriquecido y descartado: CHMX5 (arriendo de $2.900.000 sobre el máximo negociable de $1.904.000)
15:44:46 DEBUG   Pin del mapa para QJRRW: -33.39747, -70.57429
15:44:46 DEBUG   [toctoc] 1 avisos vía estado-embebido
15:44:46 INFO    Enriquecido y descartado: 2E849 (arriendo de $3.065.533 sobre el máximo negociable de $1.904.000)
15:44:53 DEBUG   Pin del mapa para B75VV: -33.39701, -70.60083
15:44:53 DEBUG   [toctoc] 1 avisos vía estado-embebido
15:44:53 INFO    Enriquecido y descartado: Y6EXK (arriendo de $2.452.585 sobre el máximo negociable de $1.904.000)
15:45:00 DEBUG   La red no quedó en silencio en https://www.toctoc.com/arriendo/departamento/metropolitana/vitacura/b_999136413d713432ae69dcc04a3c5754a34fb481; se lee igual
15:45:00 DEBUG   [toctoc] 1 avisos vía estado-embebido
15:45:00 INFO    Enriquecido y descartado: T4CNN (arriendo de $2.084.697 sobre el máximo negociable de $1.904.000)
15:45:07 DEBUG   La red no quedó en silencio en https://www.toctoc.com/arriendo/departamento/metropolitana/vitacura/b_6f04602e709c0e87393ad6e91aa30e868fd91d97; se lee igual
15:45:07 DEBUG   Pin del mapa para XD7F3: -33.39312, -70.57912
15:45:08 DEBUG   [toctoc] 1 avisos vía estado-embebido
15:45:08 INFO    Enriquecido y descartado: X7TC5 (arriendo de $3.678.877 sobre el máximo negociable de $1.904.000)
15:45:15 DEBUG   La red no quedó en silencio en https://www.toctoc.com/arriendo/departamento/metropolitana/vitacura/b_19195288fec1d0d0e4a18506bea61d43af617d0e; se lee igual
15:45:15 DEBUG   Pin del mapa para U9ZYC: -33.39732, -70.58448
15:45:15 DEBUG   [toctoc] 1 avisos vía estado-embebido
15:45:15 INFO    Enriquecido y descartado: 3NKR8 (arriendo de $2.250.000 sobre el máximo negociable de $1.904.000)
15:45:19 INFO    Enriquecido y descartado: 7DKB3 (arriendo de $2.266.750 sobre el máximo negociable de $1.904.000)
15:45:19 DEBUG   [busconido] 10 avisos vía tarjetas
15:45:19 DEBUG   Ficha de 45SXZ sin candidato propio; no se fusiona
15:45:21 DEBUG   [doomos] 18 avisos vía tarjetas
15:45:21 DEBUG   Ficha de J5JN4 sin candidato propio; no se fusiona
15:45:21 DEBUG   [chilepropiedades] 2 avisos vía json-ld
15:45:26 DEBUG   [doomos] 27 avisos vía tarjetas
15:45:26 DEBUG   Ficha de P8XMT sin candidato propio; no se fusiona
15:45:30 DEBUG   [engelvoelkers] 1 avisos vía json-ld
15:45:31 DEBUG   [mitula] 3 avisos vía tarjetas
15:45:35 DEBUG   [chilepropiedades] 2 avisos vía json-ld
15:45:42 DEBUG   La red no quedó en silencio en https://www.toctoc.com/arriendo/departamento/metropolitana/vitacura/b_dd470a6196689e0d8f0f051c723f233fb535a000; se lee igual
15:45:42 DEBUG   [toctoc] 1 avisos vía estado-embebido
15:45:49 DEBUG   La red no quedó en silencio en https://www.toctoc.com/arriendo/departamento/metropolitana/vitacura/b_5d68553d7be186ff09f7dc1afc4c42aec3436686; se lee igual
15:45:49 DEBUG   [toctoc] 1 avisos vía estado-embebido
15:45:49 INFO    Enriquecido y descartado: XCHN6 (arriendo de $3.433.618 sobre el máximo negociable de $1.904.000)
15:45:52 INFO    Enriquecido y descartado: 75BRH (arriendo de $2.931.142 sobre el máximo negociable de $1.904.000)
15:45:59 DEBUG   [toctoc] 1 avisos vía estado-embebido
15:46:04 DEBUG   [toctoc] 1 avisos vía estado-embebido
15:46:04 INFO    Enriquecido y descartado: MM5R4 (arriendo de $3.678.877 sobre el máximo negociable de $1.904.000)
15:46:25 INFO    Enriquecido y descartado: 75BRH (arriendo de $2.149.504 sobre el máximo negociable de $1.904.000)
15:46:36 DEBUG   [toctoc] 1 avisos vía estado-embebido
15:46:39 INFO    Enriquecido y descartado: 75BRH (arriendo de $1.954.095 sobre el máximo negociable de $1.904.000)
15:46:56 DEBUG   [toctoc] 1 avisos vía estado-embebido
15:46:56 INFO    Enriquecido y descartado: Y3JDK (arriendo de $3.678.877 sobre el máximo negociable de $1.904.000)
15:47:01 DEBUG   [mitula] 3 avisos vía tarjetas
15:47:06 DEBUG   [toctoc] 1 avisos vía estado-embebido
15:47:11 DEBUG   [toctoc] 1 avisos vía estado-embebido
15:47:11 INFO    Enriquecido y descartado: NRS3G (arriendo de $3.883.259 sobre el máximo negociable de $1.904.000)
15:47:16 DEBUG   [toctoc] 1 avisos vía estado-embebido
15:47:16 INFO    Enriquecido y descartado: WPEBD (arriendo de $2.248.203 sobre el máximo negociable de $1.904.000)
15:47:20 INFO    Enriquecido y descartado: 75BRH (arriendo de $4.299.009 sobre el máximo negociable de $1.904.000)
15:47:25 DEBUG   [toctoc] 1 avisos vía estado-embebido
15:47:25 INFO    Enriquecido y descartado: WPEBD (arriendo de $2.248.203 sobre el máximo negociable de $1.904.000)
15:47:31 DEBUG   [toctoc] 1 avisos vía estado-embebido
15:47:31 INFO    Enriquecido y descartado: 479XJ (arriendo de $3.392.742 sobre el máximo negociable de $1.904.000)
15:47:38 DEBUG   La red no quedó en silencio en https://www.toctoc.com/arriendo/departamento/metropolitana/vitacura/b_5a37b5df7f9d79c4bd1ab716a6babbded3d95b42; se lee igual
15:47:38 DEBUG   [toctoc] 1 avisos vía estado-embebido
15:47:43 DEBUG   [toctoc] 1 avisos vía estado-embebido
15:47:43 INFO    Enriquecido y descartado: E366M (arriendo de $2.248.203 sobre el máximo negociable de $1.904.000)
15:47:51 DEBUG   [toctoc] 1 avisos vía estado-embebido
15:47:51 INFO    Enriquecido y descartado: C7YR9 (arriendo de $2.125.573 sobre el máximo negociable de $1.904.000)
15:47:51 INFO    Fichas leídas: 74 — 7 ganaron el año, 13 la dirección; 32 se descartaron al verlas (2 por viejos)
15:47:53 INFO    Listo: 0 avisados de 42 candidatos
