19:20:25 INFO    UF = $40.893.78 (API del día)
19:20:25 INFO    Barriendo TocToc (toctoc)…
19:20:25 INFO    Barriendo Chilepropiedades (chilepropiedades)…
19:20:25 INFO    Barriendo GoPlaceIt (goplaceit)…
19:20:25 INFO    Barriendo Yapo (yapo)…
19:20:25 DEBUG   [chilepropiedades] 10 avisos vía tarjetas
19:20:27 DEBUG   [chilepropiedades] 10 avisos vía tarjetas
19:20:29 INFO      yapo: 0 avisos en 4s
19:20:29 INFO    Barriendo BuscoNido (busconido)…
19:20:29 DEBUG   [chilepropiedades] 10 avisos vía tarjetas
19:20:29 INFO      chilepropiedades: 30 avisos en 4s
19:20:29 INFO    Barriendo BienesOnline (bienesonline)…
19:20:29 DEBUG   [goplaceit] 30 avisos vía json-ld
19:20:30 DEBUG   [busconido] 23 avisos vía tarjetas
19:20:30 INFO      busconido: 23 avisos en 1s
19:20:30 INFO    Barriendo Economicos (El Mercurio) (economicos)…
19:20:30 WARNING https://www.economicos.cl/search/propiedades/vitacura/arriendo/departamento/0 respondió 403
19:20:30 INFO    [economicos] https://www.economicos.cl/search/propiedades/vitacura/arriendo/departamento/0 rebotó al GET; se reintenta con navegador
19:20:30 DEBUG   [bienesonline] 10 avisos vía tarjetas
19:20:30 INFO      bienesonline: 10 avisos en 1s
19:20:30 INFO    Barriendo iCasas (icasas)…
19:20:31 DEBUG   [icasas] 15 avisos vía tarjetas
19:20:33 DEBUG   [icasas] 15 avisos vía tarjetas
19:20:33 INFO      icasas: 30 avisos en 3s
19:20:33 INFO    Barriendo Doomos (doomos)…
19:20:33 WARNING https://www.doomos.cl/departamentos-vitacura-arriendo respondió 403
19:20:33 INFO    [doomos] https://www.doomos.cl/departamentos-vitacura-arriendo rebotó al GET; se reintenta con navegador
19:20:34 DEBUG   La red no quedó en silencio en https://www.toctoc.com/arriendo/departamento/metropolitana/vitacura/3-dormitorios; se lee igual
19:20:34 DEBUG   [toctoc] 20 avisos vía json-ld
19:20:35 INFO      economicos: 0 avisos en 5s
19:20:35 INFO    Barriendo Top Propiedades (toppropiedades)…
19:20:35 INFO      doomos: 0 avisos en 2s
19:20:35 INFO    Barriendo Nuroa (nuroa)…
19:20:36 DEBUG   Encoding detection: ascii is most likely the one.
19:20:36 DEBUG   [nuroa] 25 avisos vía json-ld
19:20:38 DEBUG   [toppropiedades] 1 avisos vía json-ld
19:20:39 DEBUG   [nuroa] 25 avisos vía json-ld
19:20:40 DEBUG   [toppropiedades] 1 avisos vía json-ld
19:20:41 DEBUG   [nuroa] 25 avisos vía json-ld
19:20:41 DEBUG   La red no quedó en silencio en https://www.toctoc.com/arriendo/departamento/metropolitana/vitacura/3-dormitorios?pagina=2; se lee igual
19:20:42 DEBUG   [toctoc] 20 avisos vía json-ld
19:20:42 DEBUG   [toppropiedades] 1 avisos vía json-ld
19:20:43 DEBUG   [nuroa] 25 avisos vía json-ld
19:20:43 INFO      nuroa: 100 avisos en 8s
19:20:43 INFO    Barriendo Mitula (mitula)…
19:20:44 DEBUG   [toppropiedades] 1 avisos vía json-ld
19:20:46 DEBUG   [mitula] 30 avisos vía json-ld
19:20:46 DEBUG   [toppropiedades] 1 avisos vía json-ld
19:20:47 DEBUG   [mitula] 30 avisos vía json-ld
19:20:47 INFO      mitula: 60 avisos en 4s
19:20:47 INFO    Barriendo Houm (houm)…
19:20:48 DEBUG   [toppropiedades] 1 avisos vía json-ld
19:20:48 DEBUG   La red no quedó en silencio en https://www.toctoc.com/arriendo/departamento/metropolitana/vitacura/3-dormitorios?pagina=3; se lee igual
19:20:49 DEBUG   [toctoc] 20 avisos vía json-ld
19:20:50 DEBUG   [toppropiedades] 1 avisos vía json-ld
19:20:52 DEBUG   [toppropiedades] 1 avisos vía json-ld
19:20:52 INFO      toppropiedades: 8 avisos en 18s
19:20:52 INFO    Barriendo Hey! Homes (heyhomes)…
19:20:55 DEBUG   [heyhomes] 9 avisos vía tarjetas
19:20:55 INFO      heyhomes: 9 avisos en 3s
19:20:55 INFO    Barriendo Engel & Völkers (engelvoelkers)…
19:20:56 DEBUG   La red no quedó en silencio en https://houm.com/cl/arriendo-departamentos-region-metropolitana/vitacura/3-dormitorios; se lee igual
19:20:56 DEBUG   [houm] 28 avisos vía json-ld
19:20:58 DEBUG   La red no quedó en silencio en https://www.toctoc.com/arriendo/departamento/metropolitana/vitacura/4-dormitorios; se lee igual
19:20:58 DEBUG   [toctoc] 20 avisos vía json-ld
19:21:04 DEBUG   [engelvoelkers] 16 avisos vía tarjetas
19:21:04 INFO      engelvoelkers: 16 avisos en 9s
19:21:04 INFO    Barriendo RE/MAX Chile (remax)…
19:21:07 DEBUG   La red no quedó en silencio en https://houm.com/cl/arriendo-departamento-región-metropolitana/las-condes/170742; se lee igual
19:21:07 DEBUG   [houm] 1 avisos vía estado-embebido
19:21:10 DEBUG   [goplaceit] 30 avisos vía json-ld
19:21:11 DEBUG   La red no quedó en silencio en https://www.toctoc.com/arriendo/departamento/metropolitana/vitacura/4-dormitorios?pagina=2; se lee igual
19:21:11 DEBUG   [toctoc] 20 avisos vía json-ld
19:21:16 DEBUG   La red no quedó en silencio en https://www.remax.cl/es-cl/busqueda/metropolitana-de-santiago/santiago/vitacura/residencial-departamento/arriendo/; se lee igual
19:21:16 DEBUG   [remax] 5 avisos vía tarjetas
19:21:18 DEBUG   La red no quedó en silencio en https://houm.com/cl/arriendo-departamento-región-metropolitana/las-condes/175757; se lee igual
19:21:18 DEBUG   [houm] 1 avisos vía estado-embebido
19:21:24 DEBUG   La red no quedó en silencio en https://www.toctoc.com/arriendo/departamento/metropolitana/vitacura/4-dormitorios?pagina=3; se lee igual
19:21:25 DEBUG   [toctoc] 1 avisos vía json-ld
19:21:25 INFO      toctoc: 101 avisos en 60s
19:21:25 INFO    Barriendo Fuenzalida Propiedades (fuenzalida)…
19:21:27 DEBUG   La red no quedó en silencio en https://www.remax.cl/es-cl/busqueda/metropolitana-de-santiago/santiago/vitacura/residencial-departamento/arriendo/?page=2; se lee igual
19:21:27 DEBUG   [remax] 5 avisos vía tarjetas
19:21:27 INFO      remax: 10 avisos en 23s
19:21:27 INFO    Barriendo Century 21 Chile (century21)…
19:21:30 INFO      century21: 0 avisos en 3s
19:21:30 INFO    Barriendo Property Partners (propertypartners)…
19:21:30 DEBUG   [fuenzalida] 16 avisos vía tarjetas
19:21:30 DEBUG   [propertypartners] 1 avisos vía tarjetas
19:21:30 INFO      propertypartners: 1 avisos en 0s
19:21:30 INFO    Barriendo Acceso Inmobiliario (accesoinmobiliario)…
19:21:32 DEBUG   La red no quedó en silencio en https://houm.com/cl/arriendo-departamento-región-metropolitana/ñuñoa/164010; se lee igual
19:21:32 DEBUG   [houm] 1 avisos vía estado-embebido
19:21:33 DEBUG   [accesoinmobiliario] 16 avisos vía tarjetas
19:21:33 DEBUG   [fuenzalida] 20 avisos vía tarjetas
19:21:36 DEBUG   [fuenzalida] 20 avisos vía tarjetas
19:21:36 INFO      fuenzalida: 56 avisos en 12s
19:21:36 INFO    Barriendo Magnolia Property (magnoliaproperty)…
19:21:37 DEBUG   [magnoliaproperty] 6 avisos vía tarjetas
19:21:37 INFO      magnoliaproperty: 6 avisos en 1s
19:21:37 INFO    Barriendo Portilla Propiedades (portillapropiedades)…
19:21:38 DEBUG   [portillapropiedades] 2 avisos vía tarjetas
19:21:38 INFO      portillapropiedades: 2 avisos en 1s
19:21:38 INFO    Barriendo Nativo Propiedades (nativopropiedades)…
19:21:38 DEBUG   [nativopropiedades] 10 avisos vía tarjetas
19:21:38 INFO      nativopropiedades: 10 avisos en 1s
19:21:38 INFO    Barriendo Enlace Inmobiliario (enlaceinmobiliario)…
19:21:39 WARNING https://www.enlaceinmobiliario.cl/ respondió 403
19:21:39 INFO    [enlaceinmobiliario] https://www.enlaceinmobiliario.cl/ rebotó al GET; se reintenta con navegador
19:21:40 DEBUG   La red no quedó en silencio en https://houm.com/cl/arriendo-departamento-región-metropolitana/lo-barnechea/74201; se lee igual
19:21:40 DEBUG   [houm] 1 avisos vía estado-embebido
19:21:43 INFO      enlaceinmobiliario: 0 avisos en 4s
19:21:43 INFO    Barriendo Rentas.cl (rentas_cl)…
19:21:45 DEBUG   [rentas_cl] 1 avisos vía json-ld
19:21:45 INFO      rentas_cl: 1 avisos en 2s
19:21:45 INFO    Barriendo Arriendos.cl (arriendos_cl)…
19:21:46 INFO      arriendos_cl: 0 avisos en 1s
19:21:46 INFO    Barriendo Propiedades.cl (propiedades_cl)…
19:21:46 DEBUG   [propiedades_cl] 6 avisos vía tarjetas
19:21:46 INFO      propiedades_cl: 6 avisos en 1s
19:21:46 INFO    Barriendo Clasificados.cl (clasificados_cl)…
19:21:47 DEBUG   [accesoinmobiliario] 1 avisos vía tarjetas
19:21:49 DEBUG   [clasificados_cl] 1 avisos vía tarjetas
19:21:49 INFO      clasificados_cl: 1 avisos en 2s
19:21:49 DEBUG   La red no quedó en silencio en https://houm.com/cl/arriendo-departamento-región-metropolitana/providencia/175947; se lee igual
19:21:49 DEBUG   [houm] 1 avisos vía estado-embebido
19:21:51 DEBUG   [accesoinmobiliario] 1 avisos vía tarjetas
19:21:53 DEBUG   [accesoinmobiliario] 1 avisos vía tarjetas
19:21:55 DEBUG   [goplaceit] 30 avisos vía json-ld
19:21:57 DEBUG   [accesoinmobiliario] 1 avisos vía tarjetas
19:21:58 DEBUG   La red no quedó en silencio en https://houm.com/cl/arriendo-departamento-región-metropolitana/ñuñoa/174379; se lee igual
19:21:58 DEBUG   [houm] 1 avisos vía estado-embebido
19:22:01 DEBUG   [accesoinmobiliario] 1 avisos vía tarjetas
19:22:07 DEBUG   La red no quedó en silencio en https://houm.com/cl/arriendo-departamento-región-metropolitana/recoleta/178185; se lee igual
19:22:07 DEBUG   [houm] 1 avisos vía estado-embebido
19:22:13 INFO      accesoinmobiliario: 21 avisos en 43s
19:22:15 DEBUG   La red no quedó en silencio en https://houm.com/cl/arriendo-departamento-región-metropolitana/las-condes/177842; se lee igual
19:22:15 DEBUG   [houm] 1 avisos vía estado-embebido
19:22:15 INFO      houm: 36 avisos en 88s
19:22:24 INFO      goplaceit: 90 avisos en 120s
19:22:24 INFO    Total crudo: 627 avisos
19:22:25 INFO    Después de deduplicar: 400
19:22:25 INFO    Pasaron los filtros: 38
19:22:40 DEBUG   Ficha de HW5MX sin candidato propio; no se fusiona
19:22:47 DEBUG   La red no quedó en silencio en https://www.toctoc.com/arriendo/departamento/metropolitana/vitacura/b_fcce67f64655e74722493467e0943e3acb167be3; se lee igual
19:22:47 DEBUG   [toctoc] 1 avisos vía estado-embebido
19:22:48 DEBUG   [busconido] 10 avisos vía tarjetas
19:22:48 DEBUG   Ficha de ZKWUC sin candidato propio; no se fusiona
19:22:49 DEBUG   [busconido] 11 avisos vía tarjetas
19:22:49 DEBUG   Ficha de 42MXJ sin candidato propio; no se fusiona
19:22:53 INFO    Enriquecido y descartado: YAVJA (arriendo de $3.517.371 sobre el máximo negociable de $1.904.000)
19:22:57 INFO    Enriquecido y descartado: CC2AY (arriendo de $2.032.258 sobre el máximo negociable de $1.904.000)
19:22:58 DEBUG   [busconido] 10 avisos vía tarjetas
19:22:58 DEBUG   Ficha de QS3TR sin candidato propio; no se fusiona
19:23:04 DEBUG   La red no quedó en silencio en https://www.toctoc.com/arriendo/departamento/metropolitana/vitacura/b_ac8626fbaf17f6797538373e1135be54043ecbc1; se lee igual
19:23:05 DEBUG   [toctoc] 1 avisos vía estado-embebido
19:23:16 DEBUG   [engelvoelkers] 1 avisos vía json-ld
19:23:22 DEBUG   La red no quedó en silencio en https://www.toctoc.com/arriendo/departamento/metropolitana/vitacura/b_8e6e657f30127209018991e0ad1aa3be0153aa48; se lee igual
19:23:23 DEBUG   [toctoc] 1 avisos vía estado-embebido
19:23:29 DEBUG   La red no quedó en silencio en https://www.toctoc.com/arriendo/departamento/metropolitana/vitacura/b_a3f11e3da22b023d55153cd78c67bf4d8e101cb9; se lee igual
19:23:29 DEBUG   [toctoc] 1 avisos vía estado-embebido
19:23:39 DEBUG   La red no quedó en silencio en https://www.toctoc.com/arriendo/departamento/metropolitana/vitacura/b_62313db937b2eb47fc03dd6bc00d3af11b5bf811; se lee igual
19:23:39 DEBUG   [toctoc] 1 avisos vía estado-embebido
19:23:46 DEBUG   La red no quedó en silencio en https://www.toctoc.com/arriendo/departamento/metropolitana/vitacura/b_5acaafcd00128d3e4cb605d4f6d3b2f9454c00a2; se lee igual
19:23:46 DEBUG   [toctoc] 1 avisos vía estado-embebido
19:23:53 DEBUG   La red no quedó en silencio en https://www.toctoc.com/arriendo/departamento/metropolitana/vitacura/b_8c9ee4012cd3abae9a346f5c20131ca3ab90095d; se lee igual
19:23:53 DEBUG   [toctoc] 1 avisos vía estado-embebido
19:23:59 DEBUG   La red no quedó en silencio en https://www.toctoc.com/arriendo/departamento/metropolitana/vitacura/b_81160827e21945574de3036c9a6e70e4790b7427; se lee igual
19:23:59 DEBUG   [toctoc] 1 avisos vía estado-embebido
19:24:06 DEBUG   La red no quedó en silencio en https://www.toctoc.com/arriendo/departamento/metropolitana/vitacura/b_dd470a6196689e0d8f0f051c723f233fb535a000; se lee igual
19:24:06 DEBUG   [toctoc] 1 avisos vía estado-embebido
19:24:10 INFO    Enriquecido y descartado: 75BRH (arriendo de $2.931.142 sobre el máximo negociable de $1.904.000)
19:24:32 INFO    Enriquecido y descartado: 75BRH (arriendo de $2.149.504 sobre el máximo negociable de $1.904.000)
19:24:36 INFO    Enriquecido y descartado: 75BRH (arriendo de $1.954.095 sobre el máximo negociable de $1.904.000)
19:24:40 DEBUG   Ficha de 75BRH sin candidato propio; no se fusiona
19:24:43 DEBUG   Ficha de 75BRH sin candidato propio; no se fusiona
19:24:47 DEBUG   Ficha de 75BRH sin candidato propio; no se fusiona
19:24:53 DEBUG   La red no quedó en silencio en https://www.toctoc.com/arriendo/departamento/metropolitana/vitacura/b_8d7cfebe1062033f05e1df1296cb8647a46a8d1b; se lee igual
19:24:53 DEBUG   [toctoc] 1 avisos vía estado-embebido
19:24:57 DEBUG   Ficha de 75BRH sin candidato propio; no se fusiona
19:25:03 DEBUG   La red no quedó en silencio en https://www.toctoc.com/arriendo/departamento/metropolitana/vitacura/b_5a37b5df7f9d79c4bd1ab716a6babbded3d95b42; se lee igual
19:25:03 DEBUG   [toctoc] 1 avisos vía estado-embebido
19:25:10 DEBUG   La red no quedó en silencio en https://www.toctoc.com/arriendo/departamento/metropolitana/vitacura/b_a980d8085ff1b8a8ad39918e8343fc77f14f4e9d; se lee igual
19:25:10 DEBUG   [toctoc] 1 avisos vía estado-embebido
19:25:13 DEBUG   Ficha de 75BRH sin candidato propio; no se fusiona
19:25:17 DEBUG   Ficha de 75BRH sin candidato propio; no se fusiona
19:25:17 INFO    Fichas leídas: 38 — 0 ganaron el año, 0 la dirección; 5 se descartaron al verlas (0 por viejos)
19:25:18 INFO    Listo: 0 avisados de 33 candidatos
