15:44:10 INFO    UF = $40.872.45 (API del día)
15:44:10 INFO    Barriendo TocToc (toctoc)…
15:44:10 INFO    Barriendo Chilepropiedades (chilepropiedades)…
15:44:10 INFO    Barriendo GoPlaceIt (goplaceit)…
15:44:10 INFO    Barriendo Yapo (yapo)…
15:44:11 DEBUG   [chilepropiedades] 10 avisos vía tarjetas
15:44:12 DEBUG   [yapo] 30 avisos vía tarjetas
15:44:13 DEBUG   [chilepropiedades] 10 avisos vía tarjetas
15:44:13 DEBUG   [goplaceit] 30 avisos vía json-ld
15:44:14 DEBUG   [yapo] 30 avisos vía tarjetas
15:44:15 DEBUG   [chilepropiedades] 10 avisos vía tarjetas
15:44:15 INFO      chilepropiedades: 30 avisos en 5s
15:44:15 INFO    Barriendo BuscoNido (busconido)…
15:44:15 DEBUG   [busconido] 23 avisos vía tarjetas
15:44:15 INFO      busconido: 23 avisos en 0s
15:44:15 INFO    Barriendo BienesOnline (bienesonline)…
15:44:16 DEBUG   [yapo] 30 avisos vía tarjetas
15:44:16 INFO      yapo: 90 avisos en 6s
15:44:16 INFO    Barriendo Economicos (El Mercurio) (economicos)…
15:44:17 DEBUG   [bienesonline] 2 avisos vía tarjetas
15:44:17 INFO      bienesonline: 2 avisos en 2s
15:44:17 INFO    Barriendo iCasas (icasas)…
15:44:17 WARNING https://www.economicos.cl/search/propiedades/vitacura/arriendo/departamento/0 respondió 403
15:44:17 INFO    [economicos] https://www.economicos.cl/search/propiedades/vitacura/arriendo/departamento/0 rebotó al GET; se reintenta con navegador
15:44:17 DEBUG   [icasas] 15 avisos vía tarjetas
15:44:18 DEBUG   La red no quedó en silencio en https://www.toctoc.com/arriendo/departamento/metropolitana/vitacura/3-dormitorios; se lee igual
15:44:19 DEBUG   [toctoc] 65 avisos vía json-ld
15:44:19 INFO      economicos: 0 avisos en 3s
15:44:19 INFO    Barriendo Doomos (doomos)…
15:44:19 WARNING https://www.doomos.cl/departamentos-vitacura-arriendo respondió 403
15:44:19 INFO    [doomos] https://www.doomos.cl/departamentos-vitacura-arriendo rebotó al GET; se reintenta con navegador
15:44:19 DEBUG   [icasas] 15 avisos vía tarjetas
15:44:19 INFO      icasas: 30 avisos en 3s
15:44:19 INFO    Barriendo Top Propiedades (toppropiedades)…
15:44:23 DEBUG   [toppropiedades] 1 avisos vía json-ld
15:44:24 INFO      doomos: 0 avisos en 5s
15:44:24 INFO    Barriendo Nuroa (nuroa)…
15:44:25 DEBUG   [toppropiedades] 1 avisos vía json-ld
15:44:25 DEBUG   Encoding detection: ascii is most likely the one.
15:44:27 DEBUG   [nuroa] 25 avisos vía json-ld
15:44:27 DEBUG   La red no quedó en silencio en https://www.toctoc.com/arriendo/departamento/metropolitana/vitacura/3-dormitorios?pagina=2; se lee igual
15:44:27 DEBUG   [toppropiedades] 1 avisos vía json-ld
15:44:28 DEBUG   [toctoc] 20 avisos vía json-ld
15:44:28 DEBUG   [nuroa] 25 avisos vía json-ld
15:44:29 DEBUG   [toppropiedades] 1 avisos vía json-ld
15:44:31 DEBUG   [nuroa] 25 avisos vía json-ld
15:44:31 DEBUG   [toppropiedades] 1 avisos vía json-ld
15:44:32 DEBUG   [nuroa] 25 avisos vía json-ld
15:44:33 INFO      nuroa: 100 avisos en 8s
15:44:33 INFO    Barriendo Mitula (mitula)…
15:44:33 DEBUG   [toppropiedades] 1 avisos vía json-ld
15:44:33 WARNING https://casas.mitula.cl/casas/arriendo-departamentos-vitacura respondió 401
15:44:33 INFO    [mitula] https://casas.mitula.cl/casas/arriendo-departamentos-vitacura rebotó al GET; se reintenta con navegador
15:44:35 DEBUG   [toppropiedades] 1 avisos vía json-ld
15:44:35 DEBUG   La red no quedó en silencio en https://www.toctoc.com/arriendo/departamento/metropolitana/vitacura/3-dormitorios?pagina=3; se lee igual
15:44:37 DEBUG   [toctoc] 65 avisos vía json-ld
15:44:37 DEBUG   [toppropiedades] 1 avisos vía json-ld
15:44:37 INFO      toppropiedades: 8 avisos en 18s
15:44:37 INFO    Barriendo Houm (houm)…
15:44:38 INFO      mitula: 0 avisos en 5s
15:44:38 INFO    Barriendo Hey! Homes (heyhomes)…
15:44:41 DEBUG   [heyhomes] 9 avisos vía tarjetas
15:44:41 INFO      heyhomes: 9 avisos en 3s
15:44:41 INFO    Barriendo Engel & Völkers (engelvoelkers)…
15:44:44 DEBUG   La red no quedó en silencio en https://www.toctoc.com/arriendo/departamento/metropolitana/vitacura/4-dormitorios; se lee igual
15:44:45 DEBUG   [toctoc] 46 avisos vía json-ld
15:44:45 DEBUG   La red no quedó en silencio en https://houm.com/cl/arriendo-departamentos-region-metropolitana/vitacura/3-dormitorios; se lee igual
15:44:45 DEBUG   [houm] 28 avisos vía json-ld
15:44:50 DEBUG   [engelvoelkers] 17 avisos vía tarjetas
15:44:50 INFO      engelvoelkers: 17 avisos en 9s
15:44:50 INFO    Barriendo RE/MAX Chile (remax)…
15:44:55 DEBUG   La red no quedó en silencio en https://www.toctoc.com/arriendo/departamento/metropolitana/vitacura/4-dormitorios?pagina=2; se lee igual
15:44:56 DEBUG   [toctoc] 20 avisos vía json-ld
15:44:57 DEBUG   La red no quedó en silencio en https://houm.com/cl/arriendo-departamento-región-metropolitana/las-condes/170742; se lee igual
15:44:57 DEBUG   [houm] 1 avisos vía estado-embebido
15:44:58 DEBUG   [goplaceit] 30 avisos vía json-ld
15:45:01 INFO      remax: 0 avisos en 11s
15:45:01 INFO    Barriendo Fuenzalida Propiedades (fuenzalida)…
15:45:04 DEBUG   [fuenzalida] 16 avisos vía tarjetas
15:45:05 DEBUG   La red no quedó en silencio en https://www.toctoc.com/arriendo/departamento/metropolitana/vitacura/4-dormitorios?pagina=3; se lee igual
15:45:06 DEBUG   [toctoc] 46 avisos vía json-ld
15:45:06 INFO      toctoc: 262 avisos en 56s
15:45:06 INFO    Barriendo Century 21 Chile (century21)…
15:45:07 DEBUG   [fuenzalida] 20 avisos vía tarjetas
15:45:07 INFO      century21: 0 avisos en 1s
15:45:07 INFO    Barriendo Property Partners (propertypartners)…
15:45:08 DEBUG   [propertypartners] 1 avisos vía tarjetas
15:45:08 INFO      propertypartners: 1 avisos en 1s
15:45:08 INFO    Barriendo Acceso Inmobiliario (accesoinmobiliario)…
15:45:08 DEBUG   La red no quedó en silencio en https://houm.com/cl/arriendo-departamento-región-metropolitana/las-condes/175757; se lee igual
15:45:08 DEBUG   [houm] 1 avisos vía estado-embebido
15:45:10 DEBUG   [fuenzalida] 20 avisos vía tarjetas
15:45:10 INFO      fuenzalida: 56 avisos en 9s
15:45:10 INFO    Barriendo Magnolia Property (magnoliaproperty)…
15:45:10 DEBUG   [magnoliaproperty] 7 avisos vía tarjetas
15:45:10 INFO      magnoliaproperty: 7 avisos en 0s
15:45:10 INFO    Barriendo Portilla Propiedades (portillapropiedades)…
15:45:11 DEBUG   [portillapropiedades] 2 avisos vía tarjetas
15:45:11 INFO      portillapropiedades: 2 avisos en 1s
15:45:11 INFO    Barriendo Nativo Propiedades (nativopropiedades)…
15:45:11 DEBUG   [accesoinmobiliario] 16 avisos vía tarjetas
15:45:11 DEBUG   [nativopropiedades] 7 avisos vía tarjetas
15:45:11 INFO      nativopropiedades: 7 avisos en 1s
15:45:11 INFO    Barriendo Enlace Inmobiliario (enlaceinmobiliario)…
15:45:12 WARNING https://www.enlaceinmobiliario.cl/ respondió 403
15:45:12 INFO    [enlaceinmobiliario] https://www.enlaceinmobiliario.cl/ rebotó al GET; se reintenta con navegador
15:45:17 DEBUG   La red no quedó en silencio en https://houm.com/cl/arriendo-departamento-región-metropolitana/ñuñoa/176912; se lee igual
15:45:17 DEBUG   [houm] 1 avisos vía estado-embebido
15:45:18 DEBUG   [accesoinmobiliario] 1 avisos vía tarjetas
15:45:20 INFO      enlaceinmobiliario: 0 avisos en 9s
15:45:20 INFO    Barriendo Rentas.cl (rentas_cl)…
15:45:23 DEBUG   [rentas_cl] 1 avisos vía json-ld
15:45:23 INFO      rentas_cl: 1 avisos en 2s
15:45:23 INFO    Barriendo Arriendos.cl (arriendos_cl)…
15:45:24 INFO      arriendos_cl: 0 avisos en 1s
15:45:24 INFO    Barriendo Propiedades.cl (propiedades_cl)…
15:45:24 DEBUG   [propiedades_cl] 6 avisos vía tarjetas
15:45:24 INFO      propiedades_cl: 6 avisos en 0s
15:45:24 INFO    Barriendo Clasificados.cl (clasificados_cl)…
15:45:25 DEBUG   [accesoinmobiliario] 1 avisos vía tarjetas
15:45:26 DEBUG   [clasificados_cl] 1 avisos vía tarjetas
15:45:26 INFO      clasificados_cl: 1 avisos en 2s
15:45:28 DEBUG   La red no quedó en silencio en https://houm.com/cl/arriendo-departamento-región-metropolitana/ñuñoa/174379; se lee igual
15:45:28 DEBUG   [houm] 1 avisos vía estado-embebido
15:45:31 DEBUG   [accesoinmobiliario] 1 avisos vía tarjetas
15:45:36 DEBUG   La red no quedó en silencio en https://houm.com/cl/arriendo-departamento-región-metropolitana/recoleta/178185; se lee igual
15:45:36 DEBUG   [houm] 1 avisos vía estado-embebido
15:45:44 DEBUG   La red no quedó en silencio en https://houm.com/cl/arriendo-departamento-región-metropolitana/las-condes/177842; se lee igual
15:45:45 DEBUG   [houm] 1 avisos vía estado-embebido
15:45:46 DEBUG   [goplaceit] 30 avisos vía json-ld
15:45:48 DEBUG   [accesoinmobiliario] 1 avisos vía tarjetas
15:45:53 DEBUG   La red no quedó en silencio en https://houm.com/cl/arriendo-departamento-región-metropolitana/recoleta/176958; se lee igual
15:45:54 DEBUG   [houm] 1 avisos vía estado-embebido
15:45:54 DEBUG   [accesoinmobiliario] 1 avisos vía tarjetas
15:45:54 INFO      accesoinmobiliario: 21 avisos en 46s
15:46:02 DEBUG   La red no quedó en silencio en https://houm.com/cl/arriendo-departamento-región-metropolitana/recoleta/90462; se lee igual
15:46:02 DEBUG   [houm] 1 avisos vía estado-embebido
15:46:02 INFO      houm: 36 avisos en 85s
15:46:12 INFO      goplaceit: 90 avisos en 121s
15:46:12 INFO    Total crudo: 799 avisos
15:46:12 INFO    Después de deduplicar: 382
15:46:12 INFO    Pasaron los filtros: 98
15:47:27 DEBUG   Ficha de HW5MX sin candidato propio; no se fusiona
15:47:34 DEBUG   Pin del mapa para 6XS87: -33.39999, -70.58619
15:47:34 DEBUG   [toctoc] 1 avisos vía estado-embebido
15:47:34 INFO    Enriquecido y descartado: C6984 (arriendo de $3.882.883 sobre el máximo negociable de $1.904.000)
15:47:40 DEBUG   Pin del mapa para XSVR4: -33.38303, -70.56962
15:47:40 DEBUG   [toctoc] 1 avisos vía estado-embebido
15:47:40 INFO    Enriquecido y descartado: XSVR4 (arriendo de $2.500.168 sobre el máximo negociable de $1.904.000)
15:47:48 DEBUG   La red no quedó en silencio en https://www.toctoc.com/arriendo/departamento/metropolitana/vitacura/b_bf6d287e14ecadb81e3e833c9266d2a4db2ec43d; se lee igual
15:47:48 DEBUG   Pin del mapa para JBGCJ: -33.39289, -70.55517
15:47:48 DEBUG   [toctoc] 1 avisos vía estado-embebido
15:47:48 INFO    Enriquecido y descartado: QGAQW (arriendo de $2.200.000 sobre el máximo negociable de $1.904.000)
15:47:54 DEBUG   Pin del mapa para GD62Z: -33.40430, -70.58868
15:47:54 DEBUG   [toctoc] 1 avisos vía estado-embebido
15:47:54 INFO    Enriquecido y descartado: RMMSY (arriendo de $4.087.245 sobre el máximo negociable de $1.904.000)
15:47:59 DEBUG   Pin del mapa para RSJ4J: -33.37644, -70.54469
15:47:59 DEBUG   [toctoc] 1 avisos vía estado-embebido
15:47:59 INFO    Enriquecido y descartado: HN6TF (arriendo de $2.247.985 sobre el máximo negociable de $1.904.000)
15:48:00 WARNING Se pasó del tiempo al abrir http://GG.CC (Error); se lee lo que alcanzó a llegar
15:48:07 DEBUG   La red no quedó en silencio en https://www.toctoc.com/arriendo/departamento/metropolitana/vitacura/b_fcce67f64655e74722493467e0943e3acb167be3; se lee igual
15:48:07 DEBUG   [toctoc] 1 avisos vía estado-embebido
15:48:07 DEBUG   Pin del mapa para TQDHF: -33.40588, -70.59576
15:48:07 DEBUG   [yapo] 1 avisos vía json-ld
15:48:08 INFO    Enriquecido y descartado: TQDHF (34 años (construido en 1992), sobre el máximo de 30)
15:48:08 DEBUG   [busconido] 11 avisos vía tarjetas
15:48:08 DEBUG   Ficha de UGFHW sin candidato propio; no se fusiona
15:48:15 DEBUG   [toctoc] 1 avisos vía estado-embebido
15:48:15 INFO    Enriquecido y descartado: 42KXU (arriendo de $3.269.796 sobre el máximo negociable de $1.904.000)
15:48:20 DEBUG   [toctoc] 1 avisos vía estado-embebido
15:48:21 INFO    Enriquecido y descartado: E366M (arriendo de $2.400.000 sobre el máximo negociable de $1.904.000)
15:48:27 DEBUG   Pin del mapa para 2CV94: -33.40143, -70.58206
15:48:27 DEBUG   [toctoc] 1 avisos vía estado-embebido
15:48:27 INFO    Enriquecido y descartado: NBFJR (arriendo de $3.065.434 sobre el máximo negociable de $1.904.000)
15:48:33 DEBUG   Pin del mapa para EZBJT: -33.38398, -70.57917
15:48:33 DEBUG   [toctoc] 1 avisos vía estado-embebido
15:48:33 INFO    Enriquecido y descartado: TW5PD (arriendo de $2.370.602 sobre el máximo negociable de $1.904.000)
15:48:40 DEBUG   La red no quedó en silencio en https://www.toctoc.com/arriendo/departamento/metropolitana/vitacura/b_f922600412a2de8d42ccc86e574c80c57e015eac; se lee igual
15:48:40 DEBUG   Pin del mapa para E4WAD: -33.39546, -70.59965
15:48:40 DEBUG   [toctoc] 1 avisos vía estado-embebido
15:48:40 INFO    Enriquecido y descartado: TVY5S (arriendo de $3.474.158 sobre el máximo negociable de $1.904.000)
15:48:45 DEBUG   Pin del mapa para 6JZTZ: -33.40602, -70.59617
15:48:45 DEBUG   [toctoc] 1 avisos vía estado-embebido
15:48:45 INFO    Enriquecido y descartado: T3P3G (arriendo de $3.600.000 sobre el máximo negociable de $1.904.000)
15:48:51 DEBUG   Pin del mapa para TWM7T: -33.36858, -70.54374
15:48:51 DEBUG   [toctoc] 1 avisos vía estado-embebido
15:48:51 INFO    Enriquecido y descartado: VM5YC (arriendo de $3.882.883 sobre el máximo negociable de $1.904.000)
15:48:56 DEBUG   Pin del mapa para V2D2G: -33.40143, -70.58206
15:48:56 DEBUG   [toctoc] 1 avisos vía estado-embebido
15:48:56 INFO    Enriquecido y descartado: NBFJR (arriendo de $3.065.434 sobre el máximo negociable de $1.904.000)
15:49:02 DEBUG   Pin del mapa para EAZDB: -33.40383, -70.59820
15:49:02 DEBUG   [toctoc] 1 avisos vía estado-embebido
15:49:02 INFO    Enriquecido y descartado: 358CJ (arriendo de $4.700.332 sobre el máximo negociable de $1.904.000)
15:49:07 DEBUG   Pin del mapa para GDEV4: -33.40522, -70.59529
15:49:07 DEBUG   [toctoc] 1 avisos vía estado-embebido
15:49:07 INFO    Enriquecido y descartado: URZMS (arriendo de $3.600.000 sobre el máximo negociable de $1.904.000)
15:49:14 DEBUG   La red no quedó en silencio en https://www.toctoc.com/arriendo/departamento/metropolitana/vitacura/b_5af5df066a164be24e3a506aba26295126d968c4; se lee igual
15:49:14 DEBUG   Pin del mapa para VB9ST: -33.38575, -70.56115
15:49:15 DEBUG   [toctoc] 1 avisos vía estado-embebido
15:49:15 INFO    Enriquecido y descartado: VZXBC (arriendo de $3.474.158 sobre el máximo negociable de $1.904.000)
15:49:22 DEBUG   La red no quedó en silencio en https://www.toctoc.com/arriendo/departamento/metropolitana/vitacura/b_07371a484d38769f591e0676b8d948d6574c5b7d; se lee igual
15:49:22 DEBUG   Pin del mapa para CH4B8: -33.40473, -70.59547
15:49:22 DEBUG   [toctoc] 1 avisos vía estado-embebido
15:49:22 INFO    Enriquecido y descartado: UEND8 (32 años (construido en 1994), sobre el máximo de 30)
15:49:27 DEBUG   Pin del mapa para 2VPS4: -33.37806, -70.55754
15:49:27 DEBUG   [toctoc] 1 avisos vía estado-embebido
15:49:27 INFO    Enriquecido y descartado: 2VPS4 (arriendo de $4.005.500 sobre el máximo negociable de $1.904.000)
15:49:34 DEBUG   La red no quedó en silencio en https://www.toctoc.com/arriendo/departamento/metropolitana/vitacura/b_fdb4b03bf40a845a9531de6e18e3c2511bbd30ad; se lee igual
15:49:34 DEBUG   Pin del mapa para MVQQV: -33.40571, -70.59718
15:49:34 DEBUG   [toctoc] 1 avisos vía estado-embebido
15:49:34 INFO    Enriquecido y descartado: DZCSP (arriendo de $3.269.796 sobre el máximo negociable de $1.904.000)
15:49:40 DEBUG   Pin del mapa para B8V89: -33.37497, -70.52501
15:49:40 DEBUG   [toctoc] 1 avisos vía estado-embebido
15:49:40 INFO    Enriquecido y descartado: 82VWD (arriendo de $2.370.602 sobre el máximo negociable de $1.904.000)
15:49:45 DEBUG   Pin del mapa para B75VV: -33.39701, -70.60083
15:49:45 DEBUG   [toctoc] 1 avisos vía estado-embebido
15:49:45 INFO    Enriquecido y descartado: Y6EXK (arriendo de $2.452.347 sobre el máximo negociable de $1.904.000)
15:49:51 DEBUG   [toctoc] 1 avisos vía estado-embebido
15:49:51 INFO    Enriquecido y descartado: T4CNN (arriendo de $2.084.495 sobre el máximo negociable de $1.904.000)
15:49:58 DEBUG   La red no quedó en silencio en https://www.toctoc.com/arriendo/departamento/metropolitana/vitacura/b_dbb221698b970441018e72769a23887c47f09081; se lee igual
15:49:58 DEBUG   Pin del mapa para SNVMM: -33.40320, -70.59258
15:49:58 DEBUG   [toctoc] 1 avisos vía estado-embebido
15:49:58 INFO    Enriquecido y descartado: W3RD8 (arriendo de $3.065.434 sobre el máximo negociable de $1.904.000)
15:50:03 DEBUG   Pin del mapa para V5UYC: -33.39926, -70.59316
15:50:03 DEBUG   [toctoc] 1 avisos vía estado-embebido
15:50:03 INFO    Enriquecido y descartado: 8BFJD (arriendo de $4.700.332 sobre el máximo negociable de $1.904.000)
15:50:08 DEBUG   Pin del mapa para 9YQR3: -33.37213, -70.54192
15:50:08 DEBUG   [toctoc] 1 avisos vía estado-embebido
15:50:08 INFO    Enriquecido y descartado: E9R23 (arriendo de $4.495.970 sobre el máximo negociable de $1.904.000)
15:50:14 DEBUG   Pin del mapa para ERRDS: -33.40255, -70.59464
15:50:14 DEBUG   [toctoc] 1 avisos vía estado-embebido
15:50:14 INFO    Enriquecido y descartado: TT59B (arriendo de $5.068.184 sobre el máximo negociable de $1.904.000)
15:50:21 DEBUG   La red no quedó en silencio en https://www.toctoc.com/arriendo/departamento/metropolitana/vitacura/b_6f04602e709c0e87393ad6e91aa30e868fd91d97; se lee igual
15:50:21 DEBUG   Pin del mapa para XD7F3: -33.39312, -70.57912
15:50:21 DEBUG   [toctoc] 1 avisos vía estado-embebido
15:50:21 INFO    Enriquecido y descartado: X7TC5 (arriendo de $3.678.520 sobre el máximo negociable de $1.904.000)
15:50:27 DEBUG   Pin del mapa para U9ZYC: -33.39732, -70.58448
15:50:27 DEBUG   [toctoc] 1 avisos vía estado-embebido
15:50:27 INFO    Enriquecido y descartado: 3NKR8 (arriendo de $2.250.000 sobre el máximo negociable de $1.904.000)
15:50:33 DEBUG   Pin del mapa para HCBT4: -33.40571, -70.59352
15:50:33 DEBUG   [toctoc] 1 avisos vía estado-embebido
15:50:33 INFO    Enriquecido y descartado: XGTG5 (45 años (construido en 1981), sobre el máximo de 30)
15:50:40 DEBUG   Pin del mapa para EJMU3: -33.39788, -70.58897
15:50:40 DEBUG   [toctoc] 1 avisos vía estado-embebido
15:50:40 INFO    Enriquecido y descartado: W6ATB (arriendo de $2.411.475 sobre el máximo negociable de $1.904.000)
15:50:47 DEBUG   La red no quedó en silencio en https://www.toctoc.com/arriendo/departamento/metropolitana/vitacura/b_7a308ad9a47757837a6bbcd570c11c543af71b8c; se lee igual
15:50:47 DEBUG   [toctoc] 1 avisos vía estado-embebido
15:50:47 INFO    Enriquecido y descartado: BXBRK (arriendo de $3.065.434 sobre el máximo negociable de $1.904.000)
15:50:52 DEBUG   [toctoc] 1 avisos vía estado-embebido
15:50:52 INFO    Enriquecido y descartado: 4PNXC (arriendo de $3.065.434 sobre el máximo negociable de $1.904.000)
15:50:57 DEBUG   Pin del mapa para D2GPN: -33.39031, -70.59455
15:50:57 DEBUG   [toctoc] 1 avisos vía estado-embebido
15:50:57 INFO    Enriquecido y descartado: YNANX (arriendo de $3.269.796 sobre el máximo negociable de $1.904.000)
15:51:03 DEBUG   Pin del mapa para X3YFD: -33.40596, -70.59695
15:51:03 DEBUG   [toctoc] 1 avisos vía estado-embebido
15:51:03 INFO    Enriquecido y descartado: B5SVA (arriendo de $3.269.796 sobre el máximo negociable de $1.904.000)
15:51:10 DEBUG   La red no quedó en silencio en https://www.toctoc.com/arriendo/departamento/metropolitana/vitacura/b_6d00a7e0a805358dbb9031bac265454f2841381a; se lee igual
15:51:10 DEBUG   Pin del mapa para JS3C5: -33.37683, -70.54385
15:51:10 DEBUG   [toctoc] 1 avisos vía estado-embebido
15:51:10 INFO    Enriquecido y descartado: 4JZ9G (arriendo de $1.961.878 sobre el máximo negociable de $1.904.000)
15:51:11 DEBUG   [busconido] 10 avisos vía tarjetas
15:51:11 DEBUG   Ficha de 53HWP sin candidato propio; no se fusiona
15:51:16 DEBUG   [toctoc] 1 avisos vía estado-embebido
15:51:17 INFO    Enriquecido y descartado: QTDYS (arriendo de $3.269.796 sobre el máximo negociable de $1.904.000)
15:51:17 DEBUG   [busconido] 10 avisos vía tarjetas
15:51:17 DEBUG   Ficha de Y9C7X sin candidato propio; no se fusiona
15:51:23 DEBUG   [toctoc] 1 avisos vía estado-embebido
15:51:23 INFO    Enriquecido y descartado: XYCGS (arriendo de $2.411.475 sobre el máximo negociable de $1.904.000)
15:51:28 DEBUG   [toctoc] 1 avisos vía estado-embebido
15:51:29 INFO    Enriquecido y descartado: DNSPN (arriendo de $3.065.434 sobre el máximo negociable de $1.904.000)
15:51:38 DEBUG   [engelvoelkers] 1 avisos vía json-ld
15:51:49 DEBUG   La red no quedó en silencio en https://www.toctoc.com/arriendo/departamento/metropolitana/vitacura/b_62313db937b2eb47fc03dd6bc00d3af11b5bf811; se lee igual
15:51:49 DEBUG   [toctoc] 1 avisos vía estado-embebido
15:51:50 DEBUG   [chilepropiedades] 2 avisos vía json-ld
15:51:55 DEBUG   [toctoc] 1 avisos vía estado-embebido
15:52:01 DEBUG   [toctoc] 1 avisos vía estado-embebido
15:52:01 INFO    Enriquecido y descartado: QKSRR (arriendo de $3.474.158 sobre el máximo negociable de $1.904.000)
15:52:07 DEBUG   [toctoc] 1 avisos vía estado-embebido
15:52:07 INFO    Enriquecido y descartado: WPEBD (arriendo de $2.043.622 sobre el máximo negociable de $1.904.000)
15:52:11 INFO    Enriquecido y descartado: 75BRH (arriendo de $2.931.142 sobre el máximo negociable de $1.904.000)
15:52:16 DEBUG   [toctoc] 1 avisos vía estado-embebido
15:52:39 INFO    Enriquecido y descartado: 75BRH (arriendo de $2.149.504 sobre el máximo negociable de $1.904.000)
15:52:47 INFO    Enriquecido y descartado: 75BRH (arriendo de $1.954.095 sobre el máximo negociable de $1.904.000)
15:52:57 DEBUG   [toctoc] 1 avisos vía estado-embebido
15:52:57 INFO    Enriquecido y descartado: 8UTV5 (arriendo de $2.452.347 sobre el máximo negociable de $1.904.000)
15:53:11 DEBUG   La red no quedó en silencio en https://www.toctoc.com/arriendo/departamento/metropolitana/vitacura/o_df04db165e1187404afb1d84a67b898773cdbf14; se lee igual
15:53:11 DEBUG   [toctoc] 1 avisos vía estado-embebido
15:53:18 DEBUG   [toctoc] 1 avisos vía estado-embebido
15:53:18 INFO    Enriquecido y descartado: 4V73Z (arriendo de $4.700.332 sobre el máximo negociable de $1.904.000)
15:53:25 DEBUG   La red no quedó en silencio en https://www.toctoc.com/arriendo/departamento/metropolitana/vitacura/b_cd078d1f413118637c0700bf4c847dea7d58a88d; se lee igual
15:53:25 DEBUG   [toctoc] 1 avisos vía estado-embebido
15:53:25 INFO    Enriquecido y descartado: ZDZSQ (arriendo de $2.247.985 sobre el máximo negociable de $1.904.000)
15:53:30 DEBUG   [toctoc] 1 avisos vía estado-embebido
15:53:30 INFO    Enriquecido y descartado: 8YSPF (arriendo de $4.500.000 sobre el máximo negociable de $1.904.000)
15:53:37 DEBUG   [toctoc] 1 avisos vía estado-embebido
15:53:37 INFO    Enriquecido y descartado: JUGWX (arriendo de $2.166.240 sobre el máximo negociable de $1.904.000)
15:53:42 DEBUG   [toctoc] 1 avisos vía estado-embebido
15:53:42 INFO    Enriquecido y descartado: 3N59D (arriendo de $3.065.434 sobre el máximo negociable de $1.904.000)
15:53:49 DEBUG   [toctoc] 1 avisos vía estado-embebido
15:53:49 INFO    Enriquecido y descartado: 4W5ZG (arriendo de $3.596.776 sobre el máximo negociable de $1.904.000)
15:53:56 DEBUG   La red no quedó en silencio en https://www.toctoc.com/arriendo/departamento/metropolitana/vitacura/b_f1833020bc5ec239390c9be467e6bcf7a2648821; se lee igual
15:53:56 DEBUG   [toctoc] 1 avisos vía estado-embebido
15:53:56 INFO    Enriquecido y descartado: JKM2T (arriendo de $2.574.964 sobre el máximo negociable de $1.904.000)
15:54:03 DEBUG   La red no quedó en silencio en https://www.toctoc.com/arriendo/departamento/metropolitana/vitacura/b_363f96310dd66719f49f1774ad87845a28f7e8eb; se lee igual
15:54:03 DEBUG   [toctoc] 1 avisos vía estado-embebido
15:54:04 INFO    Enriquecido y descartado: 8QS4E (arriendo de $3.269.796 sobre el máximo negociable de $1.904.000)
15:54:12 DEBUG   [toctoc] 1 avisos vía estado-embebido
15:54:12 INFO    Enriquecido y descartado: Y77D2 (arriendo de $2.002.750 sobre el máximo negociable de $1.904.000)
15:54:18 DEBUG   [toctoc] 1 avisos vía estado-embebido
15:54:18 INFO    Enriquecido y descartado: 9JAPA (arriendo de $2.452.347 sobre el máximo negociable de $1.904.000)
15:54:23 DEBUG   [toctoc] 1 avisos vía estado-embebido
15:54:23 INFO    Enriquecido y descartado: KWC9W (arriendo de $3.082.000 sobre el máximo negociable de $1.904.000)
15:54:30 DEBUG   La red no quedó en silencio en https://www.toctoc.com/arriendo/departamento/metropolitana/vitacura/b_8d7cfebe1062033f05e1df1296cb8647a46a8d1b; se lee igual
15:54:30 DEBUG   [toctoc] 1 avisos vía estado-embebido
15:54:37 DEBUG   La red no quedó en silencio en https://www.toctoc.com/arriendo/departamento/metropolitana/vitacura/b_5a83ec5d9ddeec1014e84fbdea5c301beaad18d5; se lee igual
15:54:52 DEBUG   La red no quedó en silencio en https://www.toctoc.com/arriendo/departamento/metropolitana/vitacura/b_8e6e657f30127209018991e0ad1aa3be0153aa48; se lee igual
15:54:52 DEBUG   [toctoc] 1 avisos vía estado-embebido
15:54:57 DEBUG   [toctoc] 1 avisos vía estado-embebido
15:55:03 DEBUG   [toctoc] 1 avisos vía estado-embebido
15:55:08 DEBUG   [toctoc] 1 avisos vía estado-embebido
15:55:15 DEBUG   La red no quedó en silencio en https://www.toctoc.com/arriendo/departamento/metropolitana/vitacura/b_81160827e21945574de3036c9a6e70e4790b7427; se lee igual
15:55:15 DEBUG   [toctoc] 1 avisos vía estado-embebido
15:55:22 DEBUG   La red no quedó en silencio en https://www.toctoc.com/arriendo/departamento/metropolitana/vitacura/b_5a37b5df7f9d79c4bd1ab716a6babbded3d95b42; se lee igual
15:55:23 DEBUG   [toctoc] 1 avisos vía estado-embebido
15:55:29 DEBUG   [yapo] 1 avisos vía json-ld
15:55:35 DEBUG   [toctoc] 1 avisos vía estado-embebido
15:55:35 INFO    Enriquecido y descartado: NRS3G (arriendo de $3.882.883 sobre el máximo negociable de $1.904.000)
15:55:40 DEBUG   [toctoc] 1 avisos vía estado-embebido
15:55:40 INFO    Enriquecido y descartado: WPEBD (arriendo de $2.247.985 sobre el máximo negociable de $1.904.000)
15:55:44 INFO    Enriquecido y descartado: 75BRH (arriendo de $4.299.009 sobre el máximo negociable de $1.904.000)
15:55:51 DEBUG   La red no quedó en silencio en https://www.toctoc.com/arriendo/departamento/metropolitana/vitacura/b_869635156686cdde08b2c929758b8e9f536a43d0; se lee igual
15:55:52 DEBUG   [toctoc] 1 avisos vía estado-embebido
15:55:52 INFO    Enriquecido y descartado: WPEBD (arriendo de $2.247.985 sobre el máximo negociable de $1.904.000)
15:55:57 DEBUG   [toctoc] 1 avisos vía estado-embebido
15:55:57 INFO    Enriquecido y descartado: E366M (arriendo de $2.247.985 sobre el máximo negociable de $1.904.000)
15:56:06 DEBUG   [toctoc] 1 avisos vía estado-embebido
15:56:06 INFO    Fichas leídas: 98 — 13 ganaron el año, 30 la dirección; 61 se descartaron al verlas (3 por viejos)
15:56:07 INFO    Listo: 0 avisados de 37 candidatos
