04:03:47 INFO    UF = $40.864.55 (API del día)
04:03:47 INFO    Barriendo TocToc (toctoc)…
04:03:47 INFO    Barriendo Chilepropiedades (chilepropiedades)…
04:03:47 INFO    Barriendo GoPlaceIt (goplaceit)…
04:03:47 INFO    Barriendo Yapo (yapo)…
04:03:47 DEBUG   [chilepropiedades] 10 avisos vía tarjetas
04:03:49 DEBUG   [yapo] 30 avisos vía tarjetas
04:03:49 DEBUG   [chilepropiedades] 10 avisos vía tarjetas
04:03:51 DEBUG   [yapo] 30 avisos vía tarjetas
04:03:51 DEBUG   [chilepropiedades] 10 avisos vía tarjetas
04:03:51 INFO      chilepropiedades: 30 avisos en 5s
04:03:51 INFO    Barriendo BuscoNido (busconido)…
04:03:51 DEBUG   [goplaceit] 30 avisos vía json-ld
04:03:52 DEBUG   [busconido] 23 avisos vía tarjetas
04:03:52 INFO      busconido: 23 avisos en 1s
04:03:52 INFO    Barriendo BienesOnline (bienesonline)…
04:03:53 DEBUG   [yapo] 30 avisos vía tarjetas
04:03:53 INFO      yapo: 90 avisos en 6s
04:03:53 INFO    Barriendo Economicos (El Mercurio) (economicos)…
04:03:53 WARNING https://www.economicos.cl/search/propiedades/vitacura/arriendo/departamento/0 respondió 403
04:03:53 INFO    [economicos] https://www.economicos.cl/search/propiedades/vitacura/arriendo/departamento/0 rebotó al GET; se reintenta con navegador
04:03:53 DEBUG   [bienesonline] 17 avisos vía tarjetas
04:03:53 INFO      bienesonline: 17 avisos en 1s
04:03:53 INFO    Barriendo iCasas (icasas)…
04:03:54 DEBUG   [icasas] 15 avisos vía tarjetas
04:03:55 INFO      economicos: 0 avisos en 2s
04:03:55 INFO    Barriendo Doomos (doomos)…
04:03:55 DEBUG   [toctoc] 142 avisos vía estado-embebido
04:03:55 WARNING https://www.doomos.cl/departamentos-vitacura-arriendo respondió 403
04:03:55 INFO    [doomos] https://www.doomos.cl/departamentos-vitacura-arriendo rebotó al GET; se reintenta con navegador
04:03:56 DEBUG   [icasas] 15 avisos vía tarjetas
04:03:56 INFO      icasas: 30 avisos en 3s
04:03:56 INFO    Barriendo Top Propiedades (toppropiedades)…
04:03:57 INFO      doomos: 0 avisos en 2s
04:03:57 INFO    Barriendo Nuroa (nuroa)…
04:03:58 DEBUG   Encoding detection: ascii is most likely the one.
04:03:59 DEBUG   [nuroa] 25 avisos vía json-ld
04:03:59 DEBUG   [toppropiedades] 1 avisos vía json-ld
04:04:01 DEBUG   [nuroa] 25 avisos vía json-ld
04:04:01 DEBUG   [toppropiedades] 1 avisos vía json-ld
04:04:03 DEBUG   [nuroa] 25 avisos vía json-ld
04:04:03 DEBUG   [toppropiedades] 1 avisos vía json-ld
04:04:05 DEBUG   [toctoc] 144 avisos vía estado-embebido
04:04:06 DEBUG   [nuroa] 25 avisos vía json-ld
04:04:06 DEBUG   [toppropiedades] 1 avisos vía json-ld
04:04:06 INFO      nuroa: 100 avisos en 9s
04:04:06 INFO    Barriendo Mitula (mitula)…
04:04:07 DEBUG   [toppropiedades] 1 avisos vía json-ld
04:04:08 DEBUG   [mitula] 30 avisos vía json-ld
04:04:09 DEBUG   [toctoc] 72 avisos vía json-ld
04:04:10 DEBUG   [toppropiedades] 1 avisos vía json-ld
04:04:10 DEBUG   [mitula] 30 avisos vía json-ld
04:04:10 INFO      mitula: 60 avisos en 5s
04:04:10 INFO    Barriendo Houm (houm)…
04:04:11 DEBUG   [toppropiedades] 1 avisos vía json-ld
04:04:13 DEBUG   [toctoc] 52 avisos vía json-ld
04:04:14 DEBUG   [toppropiedades] 1 avisos vía json-ld
04:04:14 INFO      toppropiedades: 8 avisos en 18s
04:04:14 INFO    Barriendo Hey! Homes (heyhomes)…
04:04:17 DEBUG   [heyhomes] 9 avisos vía tarjetas
04:04:17 INFO      heyhomes: 9 avisos en 3s
04:04:17 INFO    Barriendo Engel & Völkers (engelvoelkers)…
04:04:19 DEBUG   [houm] 28 avisos vía json-ld
04:04:22 DEBUG   [toctoc] 104 avisos vía estado-embebido
04:04:25 DEBUG   [engelvoelkers] 17 avisos vía tarjetas
04:04:25 INFO      engelvoelkers: 17 avisos en 9s
04:04:25 INFO    Barriendo RE/MAX Chile (remax)…
04:04:31 DEBUG   La red no quedó en silencio en https://houm.com/cl/arriendo-departamento-región-metropolitana/las-condes/170742; se lee igual
04:04:31 DEBUG   [houm] 1 avisos vía estado-embebido
04:04:33 DEBUG   [toctoc] 104 avisos vía estado-embebido
04:04:33 INFO      toctoc: 618 avisos en 46s
04:04:33 INFO    Barriendo Fuenzalida Propiedades (fuenzalida)…
04:04:34 DEBUG   [goplaceit] 30 avisos vía json-ld
04:04:35 INFO      remax: 0 avisos en 10s
04:04:35 INFO    Barriendo Century 21 Chile (century21)…
04:04:36 DEBUG   [fuenzalida] 16 avisos vía tarjetas
04:04:37 INFO      century21: 0 avisos en 2s
04:04:37 INFO    Barriendo Property Partners (propertypartners)…
04:04:37 DEBUG   [propertypartners] 1 avisos vía tarjetas
04:04:37 INFO      propertypartners: 1 avisos en 0s
04:04:37 INFO    Barriendo Acceso Inmobiliario (accesoinmobiliario)…
04:04:40 DEBUG   [fuenzalida] 20 avisos vía tarjetas
04:04:41 DEBUG   La red no quedó en silencio en https://houm.com/cl/arriendo-departamento-región-metropolitana/las-condes/175757; se lee igual
04:04:41 DEBUG   [houm] 1 avisos vía estado-embebido
04:04:42 DEBUG   [accesoinmobiliario] 14 avisos vía tarjetas
04:04:43 DEBUG   [fuenzalida] 20 avisos vía tarjetas
04:04:43 INFO      fuenzalida: 56 avisos en 11s
04:04:43 INFO    Barriendo Magnolia Property (magnoliaproperty)…
04:04:44 DEBUG   [magnoliaproperty] 7 avisos vía tarjetas
04:04:44 INFO      magnoliaproperty: 7 avisos en 1s
04:04:44 INFO    Barriendo Portilla Propiedades (portillapropiedades)…
04:04:45 DEBUG   [portillapropiedades] 2 avisos vía tarjetas
04:04:45 INFO      portillapropiedades: 2 avisos en 1s
04:04:45 INFO    Barriendo Nativo Propiedades (nativopropiedades)…
04:04:46 DEBUG   [nativopropiedades] 7 avisos vía tarjetas
04:04:46 INFO      nativopropiedades: 7 avisos en 2s
04:04:46 INFO    Barriendo Enlace Inmobiliario (enlaceinmobiliario)…
04:04:46 WARNING https://www.enlaceinmobiliario.cl/ respondió 403
04:04:46 INFO    [enlaceinmobiliario] https://www.enlaceinmobiliario.cl/ rebotó al GET; se reintenta con navegador
04:04:50 DEBUG   La red no quedó en silencio en https://houm.com/cl/arriendo-departamento-región-metropolitana/ñuñoa/176912; se lee igual
04:04:50 DEBUG   [houm] 1 avisos vía estado-embebido
04:04:54 INFO      enlaceinmobiliario: 0 avisos en 8s
04:04:54 INFO    Barriendo Rentas.cl (rentas_cl)…
04:04:56 DEBUG   [rentas_cl] 1 avisos vía json-ld
04:04:56 INFO      rentas_cl: 1 avisos en 2s
04:04:56 INFO    Barriendo Arriendos.cl (arriendos_cl)…
04:04:57 INFO      arriendos_cl: 0 avisos en 1s
04:04:57 INFO    Barriendo Propiedades.cl (propiedades_cl)…
04:04:58 DEBUG   [propiedades_cl] 6 avisos vía tarjetas
04:04:58 INFO      propiedades_cl: 6 avisos en 1s
04:04:58 INFO    Barriendo Clasificados.cl (clasificados_cl)…
04:05:00 DEBUG   [clasificados_cl] 1 avisos vía tarjetas
04:05:00 INFO      clasificados_cl: 1 avisos en 2s
04:05:01 DEBUG   La red no quedó en silencio en https://houm.com/cl/arriendo-departamento-región-metropolitana/ñuñoa/174379; se lee igual
04:05:01 DEBUG   [houm] 1 avisos vía estado-embebido
04:05:06 DEBUG   [accesoinmobiliario] 1 avisos vía tarjetas
04:05:06 INFO      accesoinmobiliario: 15 avisos en 29s
04:05:11 DEBUG   La red no quedó en silencio en https://houm.com/cl/arriendo-departamento-región-metropolitana/recoleta/176958; se lee igual
04:05:11 DEBUG   [houm] 1 avisos vía estado-embebido
04:05:13 DEBUG   [goplaceit] 30 avisos vía json-ld
04:05:19 DEBUG   La red no quedó en silencio en https://houm.com/cl/arriendo-departamento-región-metropolitana/recoleta/90462; se lee igual
04:05:19 DEBUG   [houm] 1 avisos vía estado-embebido
04:05:26 DEBUG   La red no quedó en silencio en https://houm.com/cl/arriendo-departamento-región-metropolitana/recoleta/177459; se lee igual
04:05:26 DEBUG   [houm] 1 avisos vía estado-embebido
04:05:34 DEBUG   La red no quedó en silencio en https://houm.com/cl/arriendo-departamento-región-metropolitana/independencia/167934; se lee igual
04:05:34 DEBUG   [houm] 1 avisos vía estado-embebido
04:05:34 INFO      houm: 36 avisos en 84s
04:05:39 INFO      goplaceit: 90 avisos en 112s
04:05:39 INFO    Total crudo: 1224 avisos
04:05:39 INFO    Después de deduplicar: 460
04:05:39 DEBUG   Libreta: paul claudel 1114 se construyó en 1993 (mitula)
04:05:39 INFO    Pasaron los filtros: 68
04:05:41 INFO    Ubicados en el mapa: 1 (con 2 consultas nuevas)
04:06:26 DEBUG   Ficha de BYN6Z sin candidato propio; no se fusiona
04:06:31 DEBUG   [toctoc] 1 avisos vía estado-embebido
04:06:32 DEBUG   [busconido] 11 avisos vía tarjetas
04:06:32 DEBUG   Ficha de 6M7Z8 sin candidato propio; no se fusiona
04:06:34 DEBUG   [busconido] 11 avisos vía tarjetas
04:06:34 DEBUG   Ficha de BFHTK sin candidato propio; no se fusiona
04:06:36 DEBUG   [busconido] 10 avisos vía tarjetas
04:06:36 DEBUG   Ficha de VWVRP sin candidato propio; no se fusiona
04:06:38 DEBUG   [busconido] 10 avisos vía tarjetas
04:06:38 DEBUG   Ficha de 364V9 sin candidato propio; no se fusiona
04:06:40 DEBUG   [busconido] 11 avisos vía tarjetas
04:06:40 DEBUG   Ficha de 96SA3 sin candidato propio; no se fusiona
04:06:42 DEBUG   [busconido] 10 avisos vía tarjetas
04:06:42 DEBUG   Ficha de FUZK5 sin candidato propio; no se fusiona
04:06:44 DEBUG   [busconido] 10 avisos vía tarjetas
04:06:44 DEBUG   Ficha de 577CB sin candidato propio; no se fusiona
04:06:46 DEBUG   [busconido] 10 avisos vía tarjetas
04:06:46 DEBUG   Ficha de DV3NN sin candidato propio; no se fusiona
04:06:48 DEBUG   [busconido] 10 avisos vía tarjetas
04:06:48 DEBUG   Ficha de WGGPF sin candidato propio; no se fusiona
04:06:50 DEBUG   [busconido] 11 avisos vía tarjetas
04:06:50 DEBUG   Ficha de X2JYT sin candidato propio; no se fusiona
04:06:52 DEBUG   [busconido] 11 avisos vía tarjetas
04:06:52 DEBUG   Ficha de 6FNE3 sin candidato propio; no se fusiona
04:06:54 DEBUG   [busconido] 10 avisos vía tarjetas
04:06:54 DEBUG   Ficha de 3VW8K sin candidato propio; no se fusiona
04:06:56 DEBUG   [busconido] 11 avisos vía tarjetas
04:06:56 DEBUG   Ficha de P2FKE sin candidato propio; no se fusiona
04:06:58 DEBUG   [busconido] 11 avisos vía tarjetas
04:06:58 DEBUG   Ficha de ENWMY sin candidato propio; no se fusiona
04:07:04 DEBUG   [toctoc] 1 avisos vía estado-embebido
04:07:04 INFO    Enriquecido y descartado: SHUZJ (arriendo de $2.200.000 sobre el máximo negociable de $1.904.000)
04:07:08 DEBUG   [toctoc] 1 avisos vía estado-embebido
04:07:08 INFO    Enriquecido y descartado: E366M (arriendo de $2.000.000 sobre el máximo negociable de $1.904.000)
04:07:13 DEBUG   [toctoc] 1 avisos vía estado-embebido
04:07:13 INFO    Enriquecido y descartado: E366M (arriendo de $2.400.000 sobre el máximo negociable de $1.904.000)
04:07:19 DEBUG   [busconido] 10 avisos vía tarjetas
04:07:19 DEBUG   Ficha de UVQY7 sin candidato propio; no se fusiona
04:07:23 DEBUG   [toctoc] 1 avisos vía estado-embebido
04:07:23 INFO    Enriquecido y descartado: 36245 (arriendo de $3.882.258 sobre el máximo negociable de $1.904.000)
04:07:29 DEBUG   [toctoc] 1 avisos vía estado-embebido
04:07:29 INFO    Enriquecido y descartado: 36245 (arriendo de $3.882.258 sobre el máximo negociable de $1.904.000)
04:07:34 DEBUG   [toctoc] 1 avisos vía estado-embebido
04:07:34 INFO    Enriquecido y descartado: DNSPN (arriendo de $3.064.940 sobre el máximo negociable de $1.904.000)
04:07:38 DEBUG   [toctoc] 1 avisos vía estado-embebido
04:07:44 DEBUG   [toctoc] 1 avisos vía estado-embebido
04:07:48 DEBUG   [chilepropiedades] 2 avisos vía json-ld
04:07:50 DEBUG   [chilepropiedades] 2 avisos vía json-ld
04:07:55 DEBUG   [toctoc] 1 avisos vía estado-embebido
04:08:00 DEBUG   [toctoc] 1 avisos vía estado-embebido
04:08:03 DEBUG   Ficha de 75BRH sin candidato propio; no se fusiona
04:08:07 DEBUG   [toctoc] 1 avisos vía estado-embebido
04:08:13 DEBUG   [toctoc] 1 avisos vía estado-embebido
04:08:13 INFO    Enriquecido y descartado: 5ZREX (39 años (construido en 1987), sobre el máximo de 30)
04:08:13 DEBUG   Ficha de FMDKM sin candidato propio; no se fusiona
04:08:13 WARNING robots.txt no permite https://www.nuroa.cl/adform/10342-912-5f3d-19e92d3-bae6-98ff4d8aca01-7f27?click_type=0&pos=22&searchType=1&page=1&section=1&t_sec=1&sectionType=1&pageViewId=975df8e2-4429-40e2-bb9a-90cd67b4c16d&t_pvid=975df8e2-4429-40e2-bb9a-90cd67b4c16d&userAgent=Mozilla%2F5.0+%28compatible%3B+radar-arriendos%2F1.0%3B+uso+personal%2C+busqueda+de+arriendo%3B+%2Bhttps%3A%2F%2Fgithub.com%2Falfonsoandona%2Farriendos-vitacura%29&browser=1&isHuman=true&userIp=20.94.54.88&what=vitacura+departamento&search_terms=vitacura+departamento&origin=1&t_or=1&splitTestId=0 — se omite
04:08:21 DEBUG   [engelvoelkers] 1 avisos vía json-ld
04:08:26 INFO    Enriquecido y descartado: 75BRH (arriendo de $2.931.142 sobre el máximo negociable de $1.904.000)
04:08:51 INFO    Enriquecido y descartado: 75BRH (arriendo de $2.149.504 sobre el máximo negociable de $1.904.000)
04:08:59 INFO    Enriquecido y descartado: 75BRH (arriendo de $1.954.095 sobre el máximo negociable de $1.904.000)
04:09:05 DEBUG   [toctoc] 1 avisos vía estado-embebido
04:09:05 INFO    Enriquecido y descartado: NBFJR (arriendo de $3.064.940 sobre el máximo negociable de $1.904.000)
04:09:22 DEBUG   [toctoc] 1 avisos vía estado-embebido
04:09:27 DEBUG   [toctoc] 1 avisos vía estado-embebido
04:09:32 DEBUG   [toctoc] 1 avisos vía estado-embebido
04:09:32 INFO    Enriquecido y descartado: 4V73Z (arriendo de $4.822.173 sobre el máximo negociable de $1.904.000)
04:09:37 DEBUG   [toctoc] 1 avisos vía estado-embebido
04:09:42 DEBUG   [toctoc] 1 avisos vía estado-embebido
04:09:42 INFO    Enriquecido y descartado: NBFJR (arriendo de $3.064.940 sobre el máximo negociable de $1.904.000)
04:09:42 WARNING robots.txt no permite https://www.nuroa.cl/adform/10342-912-ee27-1a01d7c-a7bc-2ba3aed54f3e-81d8?click_type=0&pos=18&searchType=1&page=1&section=1&t_sec=1&sectionType=1&pageViewId=975df8e2-4429-40e2-bb9a-90cd67b4c16d&t_pvid=975df8e2-4429-40e2-bb9a-90cd67b4c16d&userAgent=Mozilla%2F5.0+%28compatible%3B+radar-arriendos%2F1.0%3B+uso+personal%2C+busqueda+de+arriendo%3B+%2Bhttps%3A%2F%2Fgithub.com%2Falfonsoandona%2Farriendos-vitacura%29&browser=1&isHuman=true&userIp=20.94.54.88&what=vitacura+departamento&search_terms=vitacura+departamento&origin=1&t_or=1&splitTestId=0 — se omite
04:09:50 DEBUG   [toctoc] 1 avisos vía estado-embebido
04:09:51 INFO    Enriquecido y descartado: 28Y8R (arriendo de $1.950.000 sobre el máximo negociable de $1.904.000)
04:09:55 DEBUG   [toctoc] 1 avisos vía estado-embebido
04:09:56 INFO    Enriquecido y descartado: KAPJ2 (arriendo de $4.699.575 sobre el máximo negociable de $1.904.000)
04:10:01 DEBUG   [toctoc] 1 avisos vía estado-embebido
04:10:01 INFO    Enriquecido y descartado: HTE8X (33 años (construido en 1993), sobre el máximo de 30)
04:10:06 DEBUG   [toctoc] 1 avisos vía estado-embebido
04:10:06 INFO    Enriquecido y descartado: C7YR9 (arriendo de $2.125.025 sobre el máximo negociable de $1.904.000)
04:10:11 DEBUG   [toctoc] 1 avisos vía estado-embebido
04:10:15 INFO    Enriquecido y descartado: 75BRH (arriendo de $4.611.664 sobre el máximo negociable de $1.904.000)
04:10:19 DEBUG   [toctoc] 1 avisos vía estado-embebido
04:10:19 INFO    Enriquecido y descartado: 4V73Z (arriendo de $4.903.904 sobre el máximo negociable de $1.904.000)
04:10:24 DEBUG   [mitula] 3 avisos vía tarjetas
04:10:24 INFO    Fichas leídas: 68 — 5 ganaron el año, 0 la dirección; 19 se descartaron al verlas (2 por viejos)
04:10:24 DEBUG   Libreta: costanera sur san josemaria escriva de balaguer 9433 se construyó en 2000 (toctoc)
04:10:29 DEBUG   [toctoc] 1 avisos vía estado-embebido
04:10:31 INFO    Listo: 1 avisados de 49 candidatos
