01:29:04 INFO    UF = $40.983.58 (API del día)
01:29:04 INFO    Barriendo TocToc (toctoc)…
01:29:04 INFO    Barriendo Chilepropiedades (chilepropiedades)…
01:29:04 INFO    Barriendo GoPlaceIt (goplaceit)…
01:29:04 INFO    Barriendo Yapo (yapo)…
01:29:04 DEBUG   [chilepropiedades] 10 avisos vía tarjetas
01:29:05 INFO      yapo: 0 avisos en 2s
01:29:05 INFO    Barriendo BuscoNido (busconido)…
01:29:06 DEBUG   [busconido] 23 avisos vía tarjetas
01:29:06 INFO      busconido: 23 avisos en 1s
01:29:06 INFO    Barriendo BienesOnline (bienesonline)…
01:29:06 DEBUG   [chilepropiedades] 10 avisos vía tarjetas
01:29:07 DEBUG   [goplaceit] 30 avisos vía json-ld
01:29:07 DEBUG   [bienesonline] 17 avisos vía tarjetas
01:29:07 INFO      bienesonline: 17 avisos en 1s
01:29:07 INFO    Barriendo Economicos (El Mercurio) (economicos)…
01:29:08 WARNING https://www.economicos.cl/search/propiedades/vitacura/arriendo/departamento/0 respondió 403
01:29:08 INFO    [economicos] https://www.economicos.cl/search/propiedades/vitacura/arriendo/departamento/0 rebotó al GET; se reintenta con navegador
01:29:08 DEBUG   [chilepropiedades] 10 avisos vía tarjetas
01:29:08 INFO      chilepropiedades: 30 avisos en 5s
01:29:08 INFO    Barriendo iCasas (icasas)…
01:29:09 DEBUG   [icasas] 15 avisos vía tarjetas
01:29:11 DEBUG   [icasas] 15 avisos vía tarjetas
01:29:11 INFO      icasas: 30 avisos en 2s
01:29:11 INFO    Barriendo Doomos (doomos)…
01:29:12 DEBUG   La red no quedó en silencio en https://www.toctoc.com/arriendo/departamento/metropolitana/vitacura/3-dormitorios; se lee igual
01:29:12 INFO      economicos: 0 avisos en 4s
01:29:12 INFO    Barriendo Top Propiedades (toppropiedades)…
01:29:12 DEBUG   [toctoc] 20 avisos vía json-ld
01:29:15 DEBUG   [doomos] 32 avisos vía tarjetas
01:29:15 INFO      doomos: 32 avisos en 4s
01:29:15 INFO    Barriendo Nuroa (nuroa)…
01:29:15 DEBUG   Encoding detection: ascii is most likely the one.
01:29:16 DEBUG   [toppropiedades] 1 avisos vía json-ld
01:29:17 DEBUG   [nuroa] 25 avisos vía json-ld
01:29:18 DEBUG   [toppropiedades] 1 avisos vía json-ld
01:29:19 DEBUG   [nuroa] 25 avisos vía json-ld
01:29:20 DEBUG   [toppropiedades] 1 avisos vía json-ld
01:29:20 DEBUG   La red no quedó en silencio en https://www.toctoc.com/arriendo/departamento/metropolitana/vitacura/3-dormitorios?pagina=2; se lee igual
01:29:21 DEBUG   [nuroa] 25 avisos vía json-ld
01:29:22 DEBUG   [toctoc] 20 avisos vía json-ld
01:29:22 DEBUG   [toppropiedades] 1 avisos vía json-ld
01:29:23 DEBUG   [nuroa] 25 avisos vía json-ld
01:29:23 INFO      nuroa: 100 avisos en 8s
01:29:23 INFO    Barriendo Mitula (mitula)…
01:29:24 DEBUG   [toppropiedades] 1 avisos vía json-ld
01:29:24 WARNING https://casas.mitula.cl/casas/arriendo-departamentos-vitacura respondió 401
01:29:24 INFO    [mitula] https://casas.mitula.cl/casas/arriendo-departamentos-vitacura rebotó al GET; se reintenta con navegador
01:29:26 INFO      mitula: 0 avisos en 3s
01:29:26 INFO    Barriendo Houm (houm)…
01:29:26 DEBUG   [toppropiedades] 1 avisos vía json-ld
01:29:28 DEBUG   [toppropiedades] 1 avisos vía json-ld
01:29:29 DEBUG   La red no quedó en silencio en https://www.toctoc.com/arriendo/departamento/metropolitana/vitacura/3-dormitorios?pagina=3; se lee igual
01:29:29 DEBUG   [toctoc] 20 avisos vía json-ld
01:29:30 DEBUG   [toppropiedades] 1 avisos vía json-ld
01:29:30 INFO      toppropiedades: 8 avisos en 18s
01:29:30 INFO    Barriendo Hey! Homes (heyhomes)…
01:29:33 DEBUG   [heyhomes] 9 avisos vía tarjetas
01:29:33 INFO      heyhomes: 9 avisos en 3s
01:29:33 INFO    Barriendo Engel & Völkers (engelvoelkers)…
01:29:37 DEBUG   La red no quedó en silencio en https://houm.com/cl/arriendo-departamentos-region-metropolitana/vitacura/3-dormitorios; se lee igual
01:29:37 DEBUG   La red no quedó en silencio en https://www.toctoc.com/arriendo/departamento/metropolitana/vitacura/4-dormitorios; se lee igual
01:29:37 DEBUG   [houm] 28 avisos vía json-ld
01:29:38 DEBUG   [toctoc] 20 avisos vía json-ld
01:29:42 DEBUG   [engelvoelkers] 17 avisos vía tarjetas
01:29:42 INFO      engelvoelkers: 17 avisos en 9s
01:29:42 INFO    Barriendo RE/MAX Chile (remax)…
01:29:48 DEBUG   La red no quedó en silencio en https://houm.com/cl/arriendo-departamento-región-metropolitana/las-condes/170742; se lee igual
01:29:48 DEBUG   [houm] 1 avisos vía estado-embebido
01:29:49 DEBUG   La red no quedó en silencio en https://www.toctoc.com/arriendo/departamento/metropolitana/vitacura/4-dormitorios?pagina=2; se lee igual
01:29:50 DEBUG   [toctoc] 20 avisos vía json-ld
01:29:51 DEBUG   [goplaceit] 30 avisos vía json-ld
01:29:54 INFO      remax: 0 avisos en 12s
01:29:54 INFO    Barriendo Fuenzalida Propiedades (fuenzalida)…
01:29:58 DEBUG   [fuenzalida] 16 avisos vía tarjetas
01:29:58 DEBUG   La red no quedó en silencio en https://houm.com/cl/arriendo-departamento-región-metropolitana/lo-barnechea/74201; se lee igual
01:29:59 DEBUG   [houm] 1 avisos vía estado-embebido
01:30:01 DEBUG   [fuenzalida] 20 avisos vía tarjetas
01:30:02 DEBUG   La red no quedó en silencio en https://www.toctoc.com/arriendo/departamento/metropolitana/vitacura/4-dormitorios?pagina=3; se lee igual
01:30:02 DEBUG   [toctoc] 20 avisos vía json-ld
01:30:02 INFO      toctoc: 120 avisos en 58s
01:30:02 INFO    Barriendo Century 21 Chile (century21)…
01:30:04 INFO      century21: 0 avisos en 2s
01:30:04 INFO    Barriendo Property Partners (propertypartners)…
01:30:05 DEBUG   [propertypartners] 1 avisos vía tarjetas
01:30:05 INFO      propertypartners: 1 avisos en 1s
01:30:05 INFO    Barriendo Acceso Inmobiliario (accesoinmobiliario)…
01:30:05 DEBUG   [fuenzalida] 20 avisos vía tarjetas
01:30:05 INFO      fuenzalida: 56 avisos en 11s
01:30:05 INFO    Barriendo Magnolia Property (magnoliaproperty)…
01:30:05 DEBUG   [magnoliaproperty] 7 avisos vía tarjetas
01:30:05 INFO      magnoliaproperty: 7 avisos en 0s
01:30:05 INFO    Barriendo Portilla Propiedades (portillapropiedades)…
01:30:06 DEBUG   [portillapropiedades] 2 avisos vía tarjetas
01:30:06 INFO      portillapropiedades: 2 avisos en 1s
01:30:06 INFO    Barriendo Nativo Propiedades (nativopropiedades)…
01:30:07 DEBUG   [nativopropiedades] 10 avisos vía tarjetas
01:30:07 INFO      nativopropiedades: 10 avisos en 1s
01:30:07 INFO    Barriendo Enlace Inmobiliario (enlaceinmobiliario)…
01:30:07 WARNING https://www.enlaceinmobiliario.cl/ respondió 403
01:30:07 INFO    [enlaceinmobiliario] https://www.enlaceinmobiliario.cl/ rebotó al GET; se reintenta con navegador
01:30:09 DEBUG   [accesoinmobiliario] 16 avisos vía tarjetas
01:30:09 DEBUG   La red no quedó en silencio en https://houm.com/cl/arriendo-departamento-región-metropolitana/providencia/175947; se lee igual
01:30:09 DEBUG   [houm] 1 avisos vía estado-embebido
01:30:15 DEBUG   [accesoinmobiliario] 1 avisos vía tarjetas
01:30:16 DEBUG   La red no quedó en silencio en https://www.enlaceinmobiliario.cl/; se lee igual
01:30:16 INFO      enlaceinmobiliario: 0 avisos en 9s
01:30:16 INFO    Barriendo Rentas.cl (rentas_cl)…
01:30:18 DEBUG   [rentas_cl] 1 avisos vía json-ld
01:30:18 INFO      rentas_cl: 1 avisos en 2s
01:30:18 INFO    Barriendo Arriendos.cl (arriendos_cl)…
01:30:19 INFO      arriendos_cl: 0 avisos en 1s
01:30:19 INFO    Barriendo Propiedades.cl (propiedades_cl)…
01:30:20 DEBUG   [propiedades_cl] 6 avisos vía tarjetas
01:30:20 INFO      propiedades_cl: 6 avisos en 0s
01:30:20 INFO    Barriendo Clasificados.cl (clasificados_cl)…
01:30:20 DEBUG   [houm] 1 avisos vía estado-embebido
01:30:23 DEBUG   [clasificados_cl] 1 avisos vía tarjetas
01:30:23 INFO      clasificados_cl: 1 avisos en 3s
01:30:25 DEBUG   [houm] 1 avisos vía estado-embebido
01:30:27 DEBUG   [accesoinmobiliario] 1 avisos vía tarjetas
01:30:33 DEBUG   [accesoinmobiliario] 1 avisos vía tarjetas
01:30:34 DEBUG   La red no quedó en silencio en https://houm.com/cl/arriendo-departamento-región-metropolitana/recoleta/178185; se lee igual
01:30:34 DEBUG   [houm] 1 avisos vía estado-embebido
01:30:36 DEBUG   [goplaceit] 30 avisos vía json-ld
01:30:44 DEBUG   La red no quedó en silencio en https://houm.com/cl/arriendo-departamento-región-metropolitana/las-condes/177842; se lee igual
01:30:44 DEBUG   [houm] 1 avisos vía estado-embebido
01:30:47 DEBUG   [accesoinmobiliario] 1 avisos vía tarjetas
01:30:52 DEBUG   [accesoinmobiliario] 1 avisos vía tarjetas
01:30:54 DEBUG   La red no quedó en silencio en https://houm.com/cl/arriendo-departamento-región-metropolitana/recoleta/176958; se lee igual
01:30:54 DEBUG   [houm] 1 avisos vía estado-embebido
01:30:54 INFO      houm: 36 avisos en 89s
01:30:57 DEBUG   [accesoinmobiliario] 1 avisos vía tarjetas
01:30:59 INFO      accesoinmobiliario: 22 avisos en 55s
01:31:03 INFO      goplaceit: 90 avisos en 120s
01:31:03 INFO    Total crudo: 618 avisos
01:31:04 INFO    Después de deduplicar: 375
01:31:04 INFO    Pasaron los filtros: 48
01:31:24 DEBUG   [doomos] 18 avisos vía tarjetas
01:31:24 DEBUG   Ficha de YVT22 sin candidato propio; no se fusiona
01:31:25 DEBUG   Ficha de HW5MX sin candidato propio; no se fusiona
01:31:28 DEBUG   [doomos] 27 avisos vía tarjetas
01:31:28 DEBUG   Ficha de U44VT sin candidato propio; no se fusiona
01:31:30 DEBUG   [doomos] 27 avisos vía tarjetas
01:31:30 DEBUG   Ficha de KNAE9 sin candidato propio; no se fusiona
01:31:31 DEBUG   [doomos] 27 avisos vía tarjetas
01:31:31 DEBUG   Ficha de PR3QK sin candidato propio; no se fusiona
01:31:33 DEBUG   [doomos] 27 avisos vía tarjetas
01:31:33 DEBUG   Ficha de 2HWEW sin candidato propio; no se fusiona
01:31:36 DEBUG   [doomos] 27 avisos vía tarjetas
01:31:36 DEBUG   Ficha de ZWNAN sin candidato propio; no se fusiona
01:31:36 DEBUG   [busconido] 10 avisos vía tarjetas
01:31:36 DEBUG   Ficha de RKUK4 sin candidato propio; no se fusiona
01:31:38 DEBUG   [busconido] 10 avisos vía tarjetas
01:31:38 DEBUG   Ficha de DWAVU sin candidato propio; no se fusiona
01:31:40 DEBUG   [busconido] 10 avisos vía tarjetas
01:31:40 DEBUG   Ficha de 3QCA2 sin candidato propio; no se fusiona
01:31:46 DEBUG   [toctoc] 1 avisos vía estado-embebido
01:31:47 DEBUG   [busconido] 10 avisos vía tarjetas
01:31:47 DEBUG   Ficha de 8ST9E sin candidato propio; no se fusiona
01:31:52 DEBUG   [doomos] 27 avisos vía tarjetas
01:31:52 DEBUG   Ficha de FQ6XQ sin candidato propio; no se fusiona
01:31:52 DEBUG   [busconido] 10 avisos vía tarjetas
01:31:52 DEBUG   Ficha de 3R9E8 sin candidato propio; no se fusiona
01:31:56 INFO    Enriquecido y descartado: YAVJA (arriendo de $3.517.371 sobre el máximo negociable de $1.904.000)
01:31:56 DEBUG   [busconido] 10 avisos vía tarjetas
01:31:56 DEBUG   Ficha de 2SEPC sin candidato propio; no se fusiona
01:32:00 INFO    Enriquecido y descartado: CC2AY (arriendo de $2.032.258 sobre el máximo negociable de $1.904.000)
01:32:00 DEBUG   [magnoliaproperty] 2 avisos vía tarjetas
01:32:02 DEBUG   [doomos] 18 avisos vía tarjetas
01:32:02 DEBUG   Ficha de J5JN4 sin candidato propio; no se fusiona
01:32:09 DEBUG   [engelvoelkers] 1 avisos vía json-ld
01:32:20 DEBUG   [doomos] 27 avisos vía tarjetas
01:32:20 DEBUG   Ficha de P8XMT sin candidato propio; no se fusiona
01:32:27 DEBUG   [toctoc] 1 avisos vía estado-embebido
01:32:36 DEBUG   [toctoc] 1 avisos vía estado-embebido
01:32:43 DEBUG   [toctoc] 1 avisos vía estado-embebido
01:32:50 DEBUG   La red no quedó en silencio en https://www.toctoc.com/arriendo/departamento/metropolitana/vitacura/b_fdaeaea80544bc1bd42b35482c12994145198f76; se lee igual
01:32:50 DEBUG   [toctoc] 1 avisos vía estado-embebido
01:32:53 INFO    Enriquecido y descartado: 75BRH (arriendo de $2.931.142 sobre el máximo negociable de $1.904.000)
01:33:14 INFO    Enriquecido y descartado: 75BRH (arriendo de $2.149.504 sobre el máximo negociable de $1.904.000)
01:33:18 INFO    Enriquecido y descartado: 75BRH (arriendo de $1.954.095 sobre el máximo negociable de $1.904.000)
01:33:35 DEBUG   [toctoc] 1 avisos vía estado-embebido
01:33:41 DEBUG   [toctoc] 1 avisos vía estado-embebido
01:33:50 DEBUG   [toctoc] 1 avisos vía estado-embebido
01:33:54 INFO    Enriquecido y descartado: 75BRH (arriendo de $4.299.009 sobre el máximo negociable de $1.904.000)
01:33:58 INFO    Fichas leídas: 48 — 1 ganaron el año, 0 la dirección; 6 se descartaron al verlas (0 por viejos)
01:33:59 INFO    Listo: 1 avisados de 42 candidatos
