12:32:28 INFO    No se pudo traer la UF del día (ReadTimeout); se usa el respaldo
12:32:28 INFO    UF = $40.865.87 (caché de hace 1 día(s) — la API no respondió)
12:32:28 INFO    Barriendo TocToc (toctoc)…
12:32:28 INFO    Barriendo Chilepropiedades (chilepropiedades)…
12:32:28 INFO    Barriendo GoPlaceIt (goplaceit)…
12:32:28 INFO    Barriendo Yapo (yapo)…
12:32:29 DEBUG   [chilepropiedades] 10 avisos vía tarjetas
12:32:30 DEBUG   [yapo] 30 avisos vía tarjetas
12:32:31 DEBUG   [chilepropiedades] 10 avisos vía tarjetas
12:32:32 DEBUG   [yapo] 30 avisos vía tarjetas
12:32:32 DEBUG   [chilepropiedades] 10 avisos vía tarjetas
12:32:33 INFO      chilepropiedades: 30 avisos en 5s
12:32:33 INFO    Barriendo BuscoNido (busconido)…
12:32:33 DEBUG   [busconido] 23 avisos vía tarjetas
12:32:33 INFO      busconido: 23 avisos en 1s
12:32:33 INFO    Barriendo BienesOnline (bienesonline)…
12:32:34 DEBUG   [goplaceit] 30 avisos vía json-ld
12:32:34 DEBUG   [yapo] 30 avisos vía tarjetas
12:32:34 INFO      yapo: 90 avisos en 6s
12:32:34 INFO    Barriendo Economicos (El Mercurio) (economicos)…
12:32:35 DEBUG   [bienesonline] 19 avisos vía tarjetas
12:32:35 INFO      bienesonline: 19 avisos en 2s
12:32:35 INFO    Barriendo iCasas (icasas)…
12:32:35 DEBUG   [economicos] 20 avisos vía tarjetas
12:32:35 DEBUG   [icasas] 15 avisos vía tarjetas
12:32:37 DEBUG   [economicos] 18 avisos vía tarjetas
12:32:37 DEBUG   [toctoc] 20 avisos vía json-ld
12:32:37 DEBUG   [icasas] 15 avisos vía tarjetas
12:32:37 INFO      icasas: 30 avisos en 3s
12:32:37 INFO    Barriendo Doomos (doomos)…
12:32:40 DEBUG   [doomos] 31 avisos vía tarjetas
12:32:40 INFO      doomos: 31 avisos en 3s
12:32:40 INFO    Barriendo Top Propiedades (toppropiedades)…
12:32:44 DEBUG   [economicos] 13 avisos vía tarjetas
12:32:44 INFO      economicos: 51 avisos en 10s
12:32:44 INFO    Barriendo Nuroa (nuroa)…
12:32:44 DEBUG   [toppropiedades] 1 avisos vía json-ld
12:32:45 DEBUG   Encoding detection: ascii is most likely the one.
12:32:45 DEBUG   La red no quedó en silencio en https://www.toctoc.com/arriendo/departamento/metropolitana/vitacura/3-dormitorios?pagina=2; se lee igual
12:32:45 DEBUG   [toctoc] 20 avisos vía json-ld
12:32:46 DEBUG   [nuroa] 25 avisos vía json-ld
12:32:46 DEBUG   [toppropiedades] 1 avisos vía json-ld
12:32:48 DEBUG   [nuroa] 25 avisos vía json-ld
12:32:48 DEBUG   [toppropiedades] 1 avisos vía json-ld
12:32:50 DEBUG   [toppropiedades] 1 avisos vía json-ld
12:32:51 DEBUG   [nuroa] 25 avisos vía json-ld
12:32:52 DEBUG   [nuroa] 25 avisos vía json-ld
12:32:52 DEBUG   [toppropiedades] 1 avisos vía json-ld
12:32:53 INFO      nuroa: 100 avisos en 9s
12:32:53 INFO    Barriendo Mitula (mitula)…
12:32:53 DEBUG   La red no quedó en silencio en https://www.toctoc.com/arriendo/departamento/metropolitana/vitacura/3-dormitorios?pagina=3; se lee igual
12:32:53 DEBUG   [toctoc] 20 avisos vía json-ld
12:32:54 DEBUG   [toppropiedades] 1 avisos vía json-ld
12:32:55 DEBUG   [mitula] 30 avisos vía json-ld
12:32:57 DEBUG   [mitula] 30 avisos vía json-ld
12:32:57 DEBUG   [toppropiedades] 1 avisos vía json-ld
12:32:57 INFO      mitula: 60 avisos en 4s
12:32:57 INFO    Barriendo Houm (houm)…
12:32:58 DEBUG   [toppropiedades] 1 avisos vía json-ld
12:32:58 INFO      toppropiedades: 8 avisos en 18s
12:32:58 INFO    Barriendo Hey! Homes (heyhomes)…
12:33:01 DEBUG   La red no quedó en silencio en https://www.toctoc.com/arriendo/departamento/metropolitana/vitacura/4-dormitorios; se lee igual
12:33:01 DEBUG   [heyhomes] 9 avisos vía tarjetas
12:33:01 INFO      heyhomes: 9 avisos en 3s
12:33:01 INFO    Barriendo Engel & Völkers (engelvoelkers)…
12:33:03 WARNING [toctoc] https://www.toctoc.com/arriendo/departamento/metropolitana/vitacura/4-dormitorios falló: Page.content: Unable to retrieve content because the page is navigating and changing the content.
12:33:03 WARNING   toctoc: Page.content: Unable to retrieve content because the page is navigating and changing the content.
12:33:03 INFO      toctoc: 60 avisos en 35s
12:33:03 INFO    Barriendo RE/MAX Chile (remax)…
12:33:06 DEBUG   La red no quedó en silencio en https://houm.com/cl/arriendo-departamentos-region-metropolitana/vitacura/3-dormitorios; se lee igual
12:33:06 DEBUG   [houm] 28 avisos vía json-ld
12:33:06 DEBUG   [goplaceit] 30 avisos vía json-ld
12:33:10 DEBUG   [engelvoelkers] 17 avisos vía tarjetas
12:33:10 INFO      engelvoelkers: 17 avisos en 8s
12:33:10 INFO    Barriendo Fuenzalida Propiedades (fuenzalida)…
12:33:14 DEBUG   La red no quedó en silencio en https://www.remax.cl/es-cl/busqueda/metropolitana-de-santiago/santiago/vitacura/residencial-departamento/arriendo/; se lee igual
12:33:14 DEBUG   [remax] 6 avisos vía tarjetas
12:33:15 DEBUG   [fuenzalida] 16 avisos vía tarjetas
12:33:17 DEBUG   La red no quedó en silencio en https://houm.com/cl/arriendo-departamento-región-metropolitana/las-condes/170742; se lee igual
12:33:17 DEBUG   [houm] 1 avisos vía estado-embebido
12:33:21 DEBUG   [fuenzalida] 20 avisos vía tarjetas
12:33:21 INFO      remax: 6 avisos en 18s
12:33:21 INFO    Barriendo Century 21 Chile (century21)…
12:33:22 INFO      century21: 0 avisos en 1s
12:33:22 INFO    Barriendo Property Partners (propertypartners)…
12:33:22 DEBUG   [propertypartners] 1 avisos vía tarjetas
12:33:22 INFO      propertypartners: 1 avisos en 0s
12:33:22 INFO    Barriendo Acceso Inmobiliario (accesoinmobiliario)…
12:33:25 DEBUG   La red no quedó en silencio en https://houm.com/cl/arriendo-departamento-región-metropolitana/las-condes/175757; se lee igual
12:33:25 DEBUG   [houm] 1 avisos vía estado-embebido
12:33:27 DEBUG   [fuenzalida] 20 avisos vía tarjetas
12:33:27 INFO      fuenzalida: 56 avisos en 17s
12:33:27 INFO    Barriendo Magnolia Property (magnoliaproperty)…
12:33:28 DEBUG   [magnoliaproperty] 7 avisos vía tarjetas
12:33:28 INFO      magnoliaproperty: 7 avisos en 1s
12:33:28 INFO    Barriendo Portilla Propiedades (portillapropiedades)…
12:33:28 DEBUG   [accesoinmobiliario] 16 avisos vía tarjetas
12:33:29 DEBUG   [portillapropiedades] 2 avisos vía tarjetas
12:33:29 INFO      portillapropiedades: 2 avisos en 1s
12:33:29 INFO    Barriendo Nativo Propiedades (nativopropiedades)…
12:33:30 DEBUG   [nativopropiedades] 7 avisos vía tarjetas
12:33:30 INFO      nativopropiedades: 7 avisos en 1s
12:33:30 INFO    Barriendo Enlace Inmobiliario (enlaceinmobiliario)…
12:33:30 WARNING https://www.enlaceinmobiliario.cl/ respondió 403
12:33:30 INFO    [enlaceinmobiliario] https://www.enlaceinmobiliario.cl/ rebotó al GET; se reintenta con navegador
12:33:36 DEBUG   La red no quedó en silencio en https://houm.com/cl/arriendo-departamento-región-metropolitana/ñuñoa/176912; se lee igual
12:33:36 DEBUG   [houm] 1 avisos vía estado-embebido
12:33:40 INFO      enlaceinmobiliario: 0 avisos en 10s
12:33:40 INFO    Barriendo Rentas.cl (rentas_cl)…
12:33:42 DEBUG   [rentas_cl] 1 avisos vía json-ld
12:33:42 INFO      rentas_cl: 1 avisos en 2s
12:33:42 INFO    Barriendo Arriendos.cl (arriendos_cl)…
12:33:43 INFO      arriendos_cl: 0 avisos en 1s
12:33:43 INFO    Barriendo Propiedades.cl (propiedades_cl)…
12:33:44 DEBUG   [propiedades_cl] 6 avisos vía tarjetas
12:33:44 INFO      propiedades_cl: 6 avisos en 1s
12:33:44 INFO    Barriendo Clasificados.cl (clasificados_cl)…
12:33:46 DEBUG   La red no quedó en silencio en https://houm.com/cl/arriendo-departamento-región-metropolitana/ñuñoa/174379; se lee igual
12:33:46 DEBUG   [houm] 1 avisos vía estado-embebido
12:33:47 DEBUG   [accesoinmobiliario] 1 avisos vía tarjetas
12:33:49 DEBUG   [clasificados_cl] 1 avisos vía tarjetas
12:33:49 INFO      clasificados_cl: 1 avisos en 5s
12:33:53 DEBUG   [accesoinmobiliario] 1 avisos vía tarjetas
12:33:54 DEBUG   La red no quedó en silencio en https://houm.com/cl/arriendo-departamento-región-metropolitana/recoleta/176958; se lee igual
12:33:54 DEBUG   [houm] 1 avisos vía estado-embebido
12:33:56 DEBUG   [goplaceit] 30 avisos vía json-ld
12:33:57 DEBUG   [accesoinmobiliario] 1 avisos vía tarjetas
12:34:04 DEBUG   La red no quedó en silencio en https://houm.com/cl/arriendo-departamento-región-metropolitana/recoleta/90462; se lee igual
12:34:04 DEBUG   [houm] 1 avisos vía estado-embebido
12:34:04 DEBUG   [accesoinmobiliario] 1 avisos vía tarjetas
12:34:12 DEBUG   La red no quedó en silencio en https://houm.com/cl/arriendo-departamento-región-metropolitana/recoleta/177459; se lee igual
12:34:12 DEBUG   [houm] 1 avisos vía estado-embebido
12:34:15 DEBUG   [accesoinmobiliario] 1 avisos vía tarjetas
12:34:21 DEBUG   [accesoinmobiliario] 1 avisos vía tarjetas
12:34:22 DEBUG   La red no quedó en silencio en https://houm.com/cl/arriendo-departamento-región-metropolitana/independencia/167934; se lee igual
12:34:23 DEBUG   [houm] 1 avisos vía estado-embebido
12:34:23 INFO      houm: 36 avisos en 86s
12:34:25 DEBUG   [accesoinmobiliario] 1 avisos vía tarjetas
12:34:25 INFO      accesoinmobiliario: 23 avisos en 63s
12:34:29 INFO      goplaceit: 90 avisos en 121s
12:34:29 INFO    Total crudo: 764 avisos
12:34:29 INFO    Después de deduplicar: 498
12:34:29 DEBUG   Libreta: los trapenses 3145 802 se construyó en 1987 (toctoc)
12:34:29 DEBUG   Libreta: fernando de arguello 7505 407 se construyó en 2018 (toctoc)
12:34:29 DEBUG   Libreta: espoz 3276 se construyó en 2007 (mitula)
12:34:30 INFO    Pasaron los filtros: 67
12:35:05 DEBUG   [economicos] 1 avisos vía tarjetas
12:35:07 DEBUG   [doomos] 18 avisos vía tarjetas
12:35:07 DEBUG   Ficha de YVT22 sin candidato propio; no se fusiona
12:35:09 DEBUG   Ficha de HW5MX sin candidato propio; no se fusiona
12:35:09 DEBUG   [economicos] 1 avisos vía tarjetas
12:35:11 DEBUG   [economicos] 1 avisos vía tarjetas
12:35:13 DEBUG   [economicos] 1 avisos vía tarjetas
12:35:15 DEBUG   [economicos] 1 avisos vía tarjetas
12:35:18 DEBUG   [doomos] 27 avisos vía tarjetas
12:35:18 DEBUG   Ficha de U44VT sin candidato propio; no se fusiona
12:35:18 DEBUG   [economicos] 1 avisos vía tarjetas
12:35:19 DEBUG   [doomos] 27 avisos vía tarjetas
12:35:19 DEBUG   Ficha de ZWNAN sin candidato propio; no se fusiona
12:35:21 DEBUG   [doomos] 27 avisos vía tarjetas
12:35:21 DEBUG   Ficha de 2HWEW sin candidato propio; no se fusiona
12:35:21 DEBUG   [economicos] 1 avisos vía tarjetas
12:35:23 DEBUG   [economicos] 1 avisos vía tarjetas
12:35:23 DEBUG   Ficha de XEC3Z sin candidato propio; no se fusiona
12:35:25 DEBUG   [economicos] 1 avisos vía tarjetas
12:35:31 DEBUG   [toctoc] 1 avisos vía estado-embebido
12:35:32 DEBUG   Ficha de KM3V2 sin candidato propio; no se fusiona
12:35:32 DEBUG   [busconido] 11 avisos vía tarjetas
12:35:32 DEBUG   Ficha de 8EPNP sin candidato propio; no se fusiona
12:35:34 DEBUG   [busconido] 11 avisos vía tarjetas
12:35:34 DEBUG   Ficha de 93A28 sin candidato propio; no se fusiona
12:35:36 DEBUG   [busconido] 11 avisos vía tarjetas
12:35:36 DEBUG   Ficha de BFHTK sin candidato propio; no se fusiona
12:35:38 DEBUG   [busconido] 10 avisos vía tarjetas
12:35:38 DEBUG   Ficha de VWVRP sin candidato propio; no se fusiona
12:35:40 DEBUG   [busconido] 10 avisos vía tarjetas
12:35:40 DEBUG   Ficha de F9T2P sin candidato propio; no se fusiona
12:35:42 DEBUG   [busconido] 11 avisos vía tarjetas
12:35:42 DEBUG   Ficha de 2SB6D sin candidato propio; no se fusiona
12:35:44 DEBUG   [busconido] 11 avisos vía tarjetas
12:35:44 DEBUG   Ficha de W7NQZ sin candidato propio; no se fusiona
12:35:46 DEBUG   [busconido] 10 avisos vía tarjetas
12:35:46 DEBUG   Ficha de 5PQH8 sin candidato propio; no se fusiona
12:35:53 DEBUG   La red no quedó en silencio en https://www.toctoc.com/arriendo/departamento/metropolitana/vitacura/b_f9631b7690a02962195bda0bbaaab84f7723b4b6; se lee igual
12:35:53 DEBUG   Pin del mapa para CFDQ6: -33.40738, -70.59788
12:35:53 DEBUG   [toctoc] 1 avisos vía estado-embebido
12:35:53 INFO    Enriquecido y descartado: EUU53 (34 años (construido en 1992), sobre el máximo de 30)
12:35:54 DEBUG   [busconido] 10 avisos vía tarjetas
12:35:54 DEBUG   Ficha de 3VW8K sin candidato propio; no se fusiona
12:35:56 DEBUG   [busconido] 11 avisos vía tarjetas
12:35:56 DEBUG   Ficha de V5JRB sin candidato propio; no se fusiona
12:35:58 DEBUG   [busconido] 11 avisos vía tarjetas
12:35:58 DEBUG   Ficha de Z83A9 sin candidato propio; no se fusiona
12:36:04 DEBUG   Pin del mapa para UGGVE: -33.39477, -70.59828
12:36:04 DEBUG   [toctoc] 1 avisos vía estado-embebido
12:36:04 DEBUG   [economicos] 1 avisos vía tarjetas
12:36:04 INFO    Enriquecido y descartado: S84GC (arriendo de $3.108.725 sobre el máximo negociable de $1.904.000)
12:36:04 DEBUG   [busconido] 10 avisos vía tarjetas
12:36:04 DEBUG   Ficha de AER6Z sin candidato propio; no se fusiona
12:36:06 DEBUG   [economicos] 1 avisos vía tarjetas
12:36:06 DEBUG   [busconido] 10 avisos vía tarjetas
12:36:06 DEBUG   Ficha de UVQY7 sin candidato propio; no se fusiona
12:36:12 WARNING https://www.bienesonline.cl/es/chile/pichilemu/propiedad/125101-terreno-con-3-cabanas-pichilemu respondió 404
12:36:13 DEBUG   [doomos] 18 avisos vía tarjetas
12:36:13 DEBUG   Ficha de J5JN4 sin candidato propio; no se fusiona
12:36:19 DEBUG   [doomos] 27 avisos vía tarjetas
12:36:19 DEBUG   Ficha de P8XMT sin candidato propio; no se fusiona
12:36:20 DEBUG   [mitula] 3 avisos vía tarjetas
12:36:24 DEBUG   [engelvoelkers] 1 avisos vía json-ld
12:36:30 DEBUG   [toctoc] 1 avisos vía estado-embebido
12:36:36 DEBUG   [toctoc] 1 avisos vía estado-embebido
12:36:40 DEBUG   Ficha de FMDKM sin candidato propio; no se fusiona
12:36:45 DEBUG   [toctoc] 1 avisos vía estado-embebido
12:36:45 WARNING robots.txt no permite https://www.nuroa.cl/adform/10342-912-2704-1a03e46-be46-68531d1ed856-7809?click_type=0&pos=2&searchType=2&page=1&section=1&t_sec=1&sectionType=1&pageViewId=70915893-0403-4029-b72f-6253c3dff091&t_pvid=70915893-0403-4029-b72f-6253c3dff091&userAgent=Mozilla%2F5.0+%28compatible%3B+radar-arriendos%2F1.0%3B+uso+personal%2C+busqueda+de+arriendo%3B+%2Bhttps%3A%2F%2Fgithub.com%2Falfonsoandona%2Farriendos-vitacura%29&browser=1&isHuman=true&userIp=20.184.150.161&what=vitacura+departamento&search_terms=vitacura+departamento&origin=1&t_or=1&splitTestId=0 — se omite
12:36:51 DEBUG   [toctoc] 1 avisos vía estado-embebido
12:36:57 DEBUG   [toctoc] 1 avisos vía estado-embebido
12:37:01 INFO    Enriquecido y descartado: 75BRH (arriendo de $2.931.142 sobre el máximo negociable de $1.904.000)
12:37:23 INFO    Enriquecido y descartado: 75BRH (arriendo de $2.149.504 sobre el máximo negociable de $1.904.000)
12:37:30 INFO    Enriquecido y descartado: 75BRH (arriendo de $1.954.095 sobre el máximo negociable de $1.904.000)
12:37:47 DEBUG   [toctoc] 1 avisos vía estado-embebido
12:37:58 DEBUG   [toctoc] 1 avisos vía estado-embebido
12:38:02 INFO    Enriquecido y descartado: 75BRH (arriendo de $4.611.664 sobre el máximo negociable de $1.904.000)
12:38:05 INFO    Fichas leídas: 67 — 1 ganaron el año, 3 la dirección; 6 se descartaron al verlas (1 por viejos)
12:38:05 INFO    Listo: 0 avisados de 61 candidatos
