04:21:18 INFO    UF = $40.867.18 (API del día)
04:21:18 INFO    Barriendo TocToc (toctoc)…
04:21:18 INFO    Barriendo Chilepropiedades (chilepropiedades)…
04:21:18 INFO    Barriendo GoPlaceIt (goplaceit)…
04:21:18 INFO    Barriendo Yapo (yapo)…
04:21:19 DEBUG   [chilepropiedades] 10 avisos vía tarjetas
04:21:20 DEBUG   [yapo] 30 avisos vía tarjetas
04:21:21 DEBUG   [chilepropiedades] 10 avisos vía tarjetas
04:21:22 DEBUG   [yapo] 30 avisos vía tarjetas
04:21:22 DEBUG   [goplaceit] 30 avisos vía json-ld
04:21:23 DEBUG   [chilepropiedades] 10 avisos vía tarjetas
04:21:23 INFO      chilepropiedades: 30 avisos en 4s
04:21:23 INFO    Barriendo BuscoNido (busconido)…
04:21:24 DEBUG   [busconido] 23 avisos vía tarjetas
04:21:24 INFO      busconido: 23 avisos en 1s
04:21:24 INFO    Barriendo BienesOnline (bienesonline)…
04:21:25 DEBUG   [yapo] 30 avisos vía tarjetas
04:21:25 INFO      yapo: 90 avisos en 6s
04:21:25 INFO    Barriendo Economicos (El Mercurio) (economicos)…
04:21:25 WARNING https://www.economicos.cl/search/propiedades/vitacura/arriendo/departamento/0 respondió 403
04:21:25 INFO    [economicos] https://www.economicos.cl/search/propiedades/vitacura/arriendo/departamento/0 rebotó al GET; se reintenta con navegador
04:21:25 DEBUG   [bienesonline] 1 avisos vía tarjetas
04:21:25 INFO      bienesonline: 1 avisos en 1s
04:21:25 INFO    Barriendo iCasas (icasas)…
04:21:26 DEBUG   La red no quedó en silencio en https://www.toctoc.com/arriendo/departamento/metropolitana/vitacura/3-dormitorios; se lee igual
04:21:26 DEBUG   [toctoc] 72 avisos vía json-ld
04:21:26 DEBUG   [icasas] 15 avisos vía tarjetas
04:21:27 INFO      economicos: 0 avisos en 2s
04:21:27 INFO    Barriendo Doomos (doomos)…
04:21:28 DEBUG   [icasas] 15 avisos vía tarjetas
04:21:28 INFO      icasas: 30 avisos en 3s
04:21:28 INFO    Barriendo Top Propiedades (toppropiedades)…
04:21:29 DEBUG   [doomos] 31 avisos vía tarjetas
04:21:29 INFO      doomos: 31 avisos en 3s
04:21:29 INFO    Barriendo Nuroa (nuroa)…
04:21:30 DEBUG   Encoding detection: ascii is most likely the one.
04:21:31 DEBUG   [nuroa] 25 avisos vía json-ld
04:21:31 DEBUG   [toppropiedades] 1 avisos vía json-ld
04:21:33 DEBUG   [nuroa] 25 avisos vía json-ld
04:21:33 DEBUG   [toppropiedades] 1 avisos vía json-ld
04:21:33 DEBUG   La red no quedó en silencio en https://www.toctoc.com/arriendo/departamento/metropolitana/vitacura/3-dormitorios?pagina=2; se lee igual
04:21:34 DEBUG   [toctoc] 20 avisos vía json-ld
04:21:35 DEBUG   [nuroa] 25 avisos vía json-ld
04:21:35 DEBUG   [toppropiedades] 1 avisos vía json-ld
04:21:37 DEBUG   [nuroa] 25 avisos vía json-ld
04:21:37 DEBUG   [toppropiedades] 1 avisos vía json-ld
04:21:38 INFO      nuroa: 100 avisos en 9s
04:21:38 INFO    Barriendo Mitula (mitula)…
04:21:38 WARNING https://casas.mitula.cl/casas/arriendo-departamentos-vitacura respondió 401
04:21:38 INFO    [mitula] https://casas.mitula.cl/casas/arriendo-departamentos-vitacura rebotó al GET; se reintenta con navegador
04:21:39 DEBUG   [toppropiedades] 1 avisos vía json-ld
04:21:41 DEBUG   [toppropiedades] 1 avisos vía json-ld
04:21:41 INFO      mitula: 0 avisos en 4s
04:21:41 INFO    Barriendo Houm (houm)…
04:21:42 DEBUG   [toctoc] 20 avisos vía json-ld
04:21:43 DEBUG   [toppropiedades] 1 avisos vía json-ld
04:21:45 DEBUG   [toppropiedades] 1 avisos vía json-ld
04:21:45 INFO      toppropiedades: 8 avisos en 18s
04:21:45 INFO    Barriendo Hey! Homes (heyhomes)…
04:21:48 DEBUG   [heyhomes] 9 avisos vía tarjetas
04:21:48 INFO      heyhomes: 9 avisos en 3s
04:21:48 INFO    Barriendo Engel & Völkers (engelvoelkers)…
04:21:50 DEBUG   La red no quedó en silencio en https://houm.com/cl/arriendo-departamentos-region-metropolitana/vitacura/3-dormitorios; se lee igual
04:21:50 DEBUG   [houm] 28 avisos vía json-ld
04:21:53 DEBUG   La red no quedó en silencio en https://www.toctoc.com/arriendo/departamento/metropolitana/vitacura/4-dormitorios; se lee igual
04:21:53 DEBUG   [toctoc] 51 avisos vía json-ld
04:21:57 DEBUG   [engelvoelkers] 17 avisos vía tarjetas
04:21:57 INFO      engelvoelkers: 17 avisos en 9s
04:21:57 INFO    Barriendo RE/MAX Chile (remax)…
04:22:02 DEBUG   La red no quedó en silencio en https://houm.com/cl/arriendo-departamento-región-metropolitana/las-condes/170742; se lee igual
04:22:02 DEBUG   [houm] 1 avisos vía estado-embebido
04:22:02 DEBUG   [toctoc] 20 avisos vía json-ld
04:22:05 DEBUG   [goplaceit] 30 avisos vía json-ld
04:22:09 DEBUG   La red no quedó en silencio en https://www.remax.cl/es-cl/busqueda/metropolitana-de-santiago/santiago/vitacura/residencial-departamento/arriendo/; se lee igual
04:22:10 INFO      remax: 0 avisos en 12s
04:22:10 INFO    Barriendo Fuenzalida Propiedades (fuenzalida)…
04:22:12 DEBUG   La red no quedó en silencio en https://houm.com/cl/arriendo-departamento-región-metropolitana/las-condes/175757; se lee igual
04:22:12 DEBUG   [houm] 1 avisos vía estado-embebido
04:22:13 DEBUG   [fuenzalida] 16 avisos vía tarjetas
04:22:16 DEBUG   La red no quedó en silencio en https://www.toctoc.com/arriendo/departamento/metropolitana/vitacura/4-dormitorios?pagina=3; se lee igual
04:22:17 DEBUG   [toctoc] 51 avisos vía json-ld
04:22:17 DEBUG   [fuenzalida] 20 avisos vía tarjetas
04:22:17 INFO      toctoc: 234 avisos en 59s
04:22:17 INFO    Barriendo Century 21 Chile (century21)…
04:22:19 INFO      century21: 0 avisos en 2s
04:22:19 INFO    Barriendo Property Partners (propertypartners)…
04:22:19 DEBUG   [propertypartners] 1 avisos vía tarjetas
04:22:19 INFO      propertypartners: 1 avisos en 0s
04:22:19 INFO    Barriendo Acceso Inmobiliario (accesoinmobiliario)…
04:22:21 DEBUG   [fuenzalida] 20 avisos vía tarjetas
04:22:21 INFO      fuenzalida: 56 avisos en 11s
04:22:21 INFO    Barriendo Magnolia Property (magnoliaproperty)…
04:22:21 DEBUG   [magnoliaproperty] 7 avisos vía tarjetas
04:22:21 INFO      magnoliaproperty: 7 avisos en 1s
04:22:21 INFO    Barriendo Portilla Propiedades (portillapropiedades)…
04:22:22 DEBUG   [portillapropiedades] 2 avisos vía tarjetas
04:22:22 INFO      portillapropiedades: 2 avisos en 1s
04:22:22 INFO    Barriendo Nativo Propiedades (nativopropiedades)…
04:22:23 DEBUG   [nativopropiedades] 7 avisos vía tarjetas
04:22:23 INFO      nativopropiedades: 7 avisos en 1s
04:22:23 INFO    Barriendo Enlace Inmobiliario (enlaceinmobiliario)…
04:22:23 WARNING https://www.enlaceinmobiliario.cl/ respondió 403
04:22:23 INFO    [enlaceinmobiliario] https://www.enlaceinmobiliario.cl/ rebotó al GET; se reintenta con navegador
04:22:23 DEBUG   [accesoinmobiliario] 16 avisos vía tarjetas
04:22:24 DEBUG   La red no quedó en silencio en https://houm.com/cl/arriendo-departamento-región-metropolitana/ñuñoa/176912; se lee igual
04:22:24 DEBUG   [houm] 1 avisos vía estado-embebido
04:22:28 INFO      enlaceinmobiliario: 0 avisos en 6s
04:22:28 INFO    Barriendo Rentas.cl (rentas_cl)…
04:22:29 DEBUG   [accesoinmobiliario] 1 avisos vía tarjetas
04:22:30 DEBUG   [rentas_cl] 1 avisos vía json-ld
04:22:30 INFO      rentas_cl: 1 avisos en 2s
04:22:30 INFO    Barriendo Arriendos.cl (arriendos_cl)…
04:22:31 INFO      arriendos_cl: 0 avisos en 1s
04:22:31 INFO    Barriendo Propiedades.cl (propiedades_cl)…
04:22:33 DEBUG   [propiedades_cl] 6 avisos vía tarjetas
04:22:33 INFO      propiedades_cl: 6 avisos en 1s
04:22:33 INFO    Barriendo Clasificados.cl (clasificados_cl)…
04:22:35 DEBUG   [accesoinmobiliario] 1 avisos vía tarjetas
04:22:35 DEBUG   [clasificados_cl] 1 avisos vía tarjetas
04:22:35 INFO      clasificados_cl: 1 avisos en 3s
04:22:36 DEBUG   La red no quedó en silencio en https://houm.com/cl/arriendo-departamento-región-metropolitana/ñuñoa/174379; se lee igual
04:22:36 DEBUG   [houm] 1 avisos vía estado-embebido
04:22:41 DEBUG   [accesoinmobiliario] 1 avisos vía tarjetas
04:22:45 DEBUG   La red no quedó en silencio en https://houm.com/cl/arriendo-departamento-región-metropolitana/recoleta/178185; se lee igual
04:22:45 DEBUG   [houm] 1 avisos vía estado-embebido
04:22:47 DEBUG   [accesoinmobiliario] 1 avisos vía tarjetas
04:22:49 DEBUG   [goplaceit] 30 avisos vía json-ld
04:22:51 DEBUG   [accesoinmobiliario] 1 avisos vía tarjetas
04:22:54 DEBUG   La red no quedó en silencio en https://houm.com/cl/arriendo-departamento-región-metropolitana/recoleta/176958; se lee igual
04:22:54 DEBUG   [houm] 1 avisos vía estado-embebido
04:22:56 DEBUG   [accesoinmobiliario] 1 avisos vía tarjetas
04:23:02 DEBUG   La red no quedó en silencio en https://houm.com/cl/arriendo-departamento-región-metropolitana/recoleta/90462; se lee igual
04:23:02 DEBUG   [houm] 1 avisos vía estado-embebido
04:23:08 DEBUG   [accesoinmobiliario] 1 avisos vía tarjetas
04:23:10 DEBUG   La red no quedó en silencio en https://houm.com/cl/arriendo-departamento-región-metropolitana/recoleta/177459; se lee igual
04:23:10 DEBUG   [houm] 1 avisos vía estado-embebido
04:23:10 INFO      houm: 36 avisos en 89s
04:23:12 DEBUG   [accesoinmobiliario] 1 avisos vía tarjetas
04:23:12 INFO      accesoinmobiliario: 24 avisos en 53s
04:23:20 INFO      goplaceit: 90 avisos en 122s
04:23:20 INFO    Total crudo: 804 avisos
04:23:20 INFO    Después de deduplicar: 424
04:23:20 INFO    Pasaron los filtros: 110
04:24:28 DEBUG   [doomos] 18 avisos vía tarjetas
04:24:28 DEBUG   Ficha de YVT22 sin candidato propio; no se fusiona
04:24:30 DEBUG   Ficha de HW5MX sin candidato propio; no se fusiona
04:24:45 DEBUG   [doomos] 27 avisos vía tarjetas
04:24:45 DEBUG   Ficha de U44VT sin candidato propio; no se fusiona
04:24:58 DEBUG   [doomos] 27 avisos vía tarjetas
04:24:58 DEBUG   Ficha de ZWNAN sin candidato propio; no se fusiona
04:25:12 DEBUG   [doomos] 27 avisos vía tarjetas
04:25:12 DEBUG   Ficha de 2HWEW sin candidato propio; no se fusiona
04:25:17 DEBUG   Pin del mapa para 6XS87: -33.39999, -70.58619
04:25:17 DEBUG   [toctoc] 1 avisos vía estado-embebido
04:25:17 INFO    Enriquecido y descartado: C6984 (arriendo de $3.882.508 sobre el máximo negociable de $1.904.000)
04:25:23 DEBUG   La red no quedó en silencio en https://www.toctoc.com/arriendo/departamento/metropolitana/vitacura/b_bf6d287e14ecadb81e3e833c9266d2a4db2ec43d; se lee igual
04:25:24 DEBUG   Pin del mapa para JBGCJ: -33.39289, -70.55517
04:25:24 DEBUG   [toctoc] 1 avisos vía estado-embebido
04:25:24 INFO    Enriquecido y descartado: QGAQW (arriendo de $2.200.000 sobre el máximo negociable de $1.904.000)
04:25:28 DEBUG   Pin del mapa para T4CNN: -33.39610, -70.58766
04:25:28 DEBUG   [toctoc] 1 avisos vía estado-embebido
04:25:28 INFO    Enriquecido y descartado: T4CNN (arriendo de $2.084.294 sobre el máximo negociable de $1.904.000)
04:25:33 DEBUG   Pin del mapa para GD62Z: -33.40430, -70.58868
04:25:33 DEBUG   [toctoc] 1 avisos vía estado-embebido
04:25:33 INFO    Enriquecido y descartado: RMMSY (arriendo de $4.086.850 sobre el máximo negociable de $1.904.000)
04:25:39 DEBUG   Pin del mapa para 2NFHJ: -33.37690, -70.54416
04:25:39 DEBUG   [toctoc] 1 avisos vía estado-embebido
04:25:40 INFO    Enriquecido y descartado: 2NFHJ (arriendo de $2.000.000 sobre el máximo negociable de $1.904.000)
04:25:44 DEBUG   Pin del mapa para RSJ4J: -33.37644, -70.54469
04:25:45 DEBUG   [toctoc] 1 avisos vía estado-embebido
04:25:45 INFO    Enriquecido y descartado: HN6TF (arriendo de $2.247.768 sobre el máximo negociable de $1.904.000)
04:25:50 DEBUG   Pin del mapa para NRS3G: -33.37208, -70.54712
04:25:50 DEBUG   [toctoc] 1 avisos vía estado-embebido
04:25:50 INFO    Enriquecido y descartado: NRS3G (arriendo de $3.882.508 sobre el máximo negociable de $1.904.000)
04:25:55 DEBUG   Pin del mapa para AXP5D: -33.37690, -70.54416
04:25:55 DEBUG   [toctoc] 1 avisos vía estado-embebido
04:25:55 INFO    Enriquecido y descartado: AXP5D (arriendo de $2.400.000 sobre el máximo negociable de $1.904.000)
04:26:02 DEBUG   La red no quedó en silencio en https://www.toctoc.com/arriendo/departamento/metropolitana/vitacura/b_f973c23304e95778a59fee3479e4ac20401694b4; se lee igual
04:26:02 DEBUG   Pin del mapa para N5X7A: -33.38895, -70.55647
04:26:02 DEBUG   [toctoc] 1 avisos vía estado-embebido
04:26:02 INFO    Enriquecido y descartado: JUGWX (arriendo de $2.166.030 sobre el máximo negociable de $1.904.000)
04:26:08 DEBUG   Pin del mapa para FR8K6: -33.40454, -70.59420
04:26:08 DEBUG   [toctoc] 1 avisos vía estado-embebido
04:26:08 INFO    Enriquecido y descartado: FR8K6 (arriendo de $3.065.138 sobre el máximo negociable de $1.904.000)
04:26:08 DEBUG   Pin del mapa para ECHHZ: -33.95645, -71.85177
04:26:08 DEBUG   [magnoliaproperty] 2 avisos vía tarjetas
04:26:08 DEBUG   Ficha de ECHHZ sin candidato propio; no se fusiona
04:26:09 DEBUG   Ficha de KM3V2 sin candidato propio; no se fusiona
04:26:10 DEBUG   [busconido] 11 avisos vía tarjetas
04:26:10 DEBUG   Ficha de 8EPNP sin candidato propio; no se fusiona
04:26:12 DEBUG   [busconido] 11 avisos vía tarjetas
04:26:12 DEBUG   Ficha de 93A28 sin candidato propio; no se fusiona
04:26:14 DEBUG   [busconido] 11 avisos vía tarjetas
04:26:14 DEBUG   Ficha de BFHTK sin candidato propio; no se fusiona
04:26:16 DEBUG   [busconido] 10 avisos vía tarjetas
04:26:16 DEBUG   Ficha de VWVRP sin candidato propio; no se fusiona
04:26:18 DEBUG   [busconido] 11 avisos vía tarjetas
04:26:18 DEBUG   Ficha de YYHED sin candidato propio; no se fusiona
04:26:20 DEBUG   [busconido] 10 avisos vía tarjetas
04:26:20 DEBUG   Ficha de F9T2P sin candidato propio; no se fusiona
04:26:22 DEBUG   [busconido] 11 avisos vía tarjetas
04:26:22 DEBUG   Ficha de 2SB6D sin candidato propio; no se fusiona
04:26:24 DEBUG   [busconido] 11 avisos vía tarjetas
04:26:24 DEBUG   Ficha de W7NQZ sin candidato propio; no se fusiona
04:26:26 DEBUG   [busconido] 10 avisos vía tarjetas
04:26:26 DEBUG   Ficha de 3VW8K sin candidato propio; no se fusiona
04:26:28 DEBUG   [busconido] 11 avisos vía tarjetas
04:26:28 DEBUG   Ficha de V5JRB sin candidato propio; no se fusiona
04:26:30 DEBUG   [busconido] 11 avisos vía tarjetas
04:26:30 DEBUG   Ficha de Z83A9 sin candidato propio; no se fusiona
04:26:32 DEBUG   [busconido] 10 avisos vía tarjetas
04:26:32 DEBUG   Ficha de SMCCK sin candidato propio; no se fusiona
04:26:37 DEBUG   [toctoc] 1 avisos vía estado-embebido
04:26:37 INFO    Enriquecido y descartado: 42KXU (arriendo de $3.269.480 sobre el máximo negociable de $1.904.000)
04:26:38 DEBUG   [busconido] 10 avisos vía tarjetas
04:26:38 DEBUG   Ficha de AER6Z sin candidato propio; no se fusiona
04:26:45 DEBUG   La red no quedó en silencio en https://www.toctoc.com/arriendo/departamento/metropolitana/vitacura/b_c6a18cc1434bad48abe31723fc979ca53bdea967; se lee igual
04:26:45 DEBUG   Pin del mapa para D3Q8H: -33.40641, -70.59646
04:26:45 DEBUG   [toctoc] 1 avisos vía estado-embebido
04:26:45 INFO    Enriquecido y descartado: D3Q8H (33 años (construido en 1993), sobre el máximo de 30)
04:26:49 DEBUG   Pin del mapa para V5ASR: -33.40602, -70.59617
04:26:49 DEBUG   [toctoc] 1 avisos vía estado-embebido
04:26:50 INFO    Enriquecido y descartado: C4Y96 (31 años (construido en 1995), sobre el máximo de 30)
04:26:54 DEBUG   Pin del mapa para 2CV94: -33.40143, -70.58206
04:26:54 DEBUG   [toctoc] 1 avisos vía estado-embebido
04:26:54 INFO    Enriquecido y descartado: NBFJR (arriendo de $3.065.138 sobre el máximo negociable de $1.904.000)
04:26:59 DEBUG   Pin del mapa para RR676: -33.40632, -70.59601
04:26:59 DEBUG   [toctoc] 1 avisos vía estado-embebido
04:26:59 INFO    Enriquecido y descartado: KRW5G (33 años (construido en 1993), sobre el máximo de 30)
04:27:04 DEBUG   Pin del mapa para E4WAD: -33.39546, -70.59965
04:27:04 DEBUG   [toctoc] 1 avisos vía estado-embebido
04:27:04 INFO    Enriquecido y descartado: TVY5S (arriendo de $3.473.822 sobre el máximo negociable de $1.904.000)
04:27:08 DEBUG   Pin del mapa para UJAYD: -33.37737, -70.54849
04:27:08 DEBUG   [toctoc] 1 avisos vía estado-embebido
04:27:08 INFO    Enriquecido y descartado: UJAYD (arriendo de $2.043.425 sobre el máximo negociable de $1.904.000)
04:27:13 DEBUG   Pin del mapa para 6JZTZ: -33.40602, -70.59617
04:27:13 DEBUG   [toctoc] 1 avisos vía estado-embebido
04:27:13 INFO    Enriquecido y descartado: T3P3G (arriendo de $3.600.000 sobre el máximo negociable de $1.904.000)
04:27:17 DEBUG   Pin del mapa para TWM7T: -33.36858, -70.54374
04:27:17 DEBUG   [toctoc] 1 avisos vía estado-embebido
04:27:17 INFO    Enriquecido y descartado: VM5YC (arriendo de $3.882.508 sobre el máximo negociable de $1.904.000)
04:27:21 DEBUG   Pin del mapa para V2D2G: -33.40143, -70.58206
04:27:21 DEBUG   [toctoc] 1 avisos vía estado-embebido
04:27:21 INFO    Enriquecido y descartado: NBFJR (arriendo de $3.065.138 sobre el máximo negociable de $1.904.000)
04:27:25 DEBUG   [toctoc] 1 avisos vía estado-embebido
04:27:30 DEBUG   Pin del mapa para QJRRW: -33.39747, -70.57429
04:27:30 DEBUG   [toctoc] 1 avisos vía estado-embebido
04:27:30 INFO    Enriquecido y descartado: 2E849 (arriendo de $3.065.138 sobre el máximo negociable de $1.904.000)
04:27:31 DEBUG   [busconido] 10 avisos vía tarjetas
04:27:31 DEBUG   Ficha de UVQY7 sin candidato propio; no se fusiona
04:27:36 DEBUG   Pin del mapa para EAZDB: -33.40383, -70.59820
04:27:36 DEBUG   [toctoc] 1 avisos vía estado-embebido
04:27:36 INFO    Enriquecido y descartado: 358CJ (arriendo de $4.699.878 sobre el máximo negociable de $1.904.000)
04:27:40 DEBUG   Pin del mapa para GDEV4: -33.40522, -70.59529
04:27:40 DEBUG   [toctoc] 1 avisos vía estado-embebido
04:27:40 INFO    Enriquecido y descartado: URZMS (arriendo de $3.600.000 sobre el máximo negociable de $1.904.000)
04:27:46 DEBUG   Pin del mapa para VB9ST: -33.38575, -70.56115
04:27:46 DEBUG   [toctoc] 1 avisos vía estado-embebido
04:27:46 INFO    Enriquecido y descartado: VZXBC (arriendo de $3.473.822 sobre el máximo negociable de $1.904.000)
04:27:51 DEBUG   Pin del mapa para M5RJ8: -33.39740, -70.57464
04:27:51 DEBUG   [toctoc] 1 avisos vía estado-embebido
04:27:51 INFO    Enriquecido y descartado: 6YDNS (arriendo de $3.065.138 sobre el máximo negociable de $1.904.000)
04:27:55 DEBUG   Pin del mapa para CH4B8: -33.40473, -70.59547
04:27:55 DEBUG   [toctoc] 1 avisos vía estado-embebido
04:27:55 INFO    Enriquecido y descartado: UEND8 (32 años (construido en 1994), sobre el máximo de 30)
04:27:59 DEBUG   Pin del mapa para MVQQV: -33.40571, -70.59718
04:27:59 DEBUG   [toctoc] 1 avisos vía estado-embebido
04:27:59 INFO    Enriquecido y descartado: DZCSP (arriendo de $3.269.480 sobre el máximo negociable de $1.904.000)
04:28:04 DEBUG   Pin del mapa para B75VV: -33.39701, -70.60083
04:28:04 DEBUG   [toctoc] 1 avisos vía estado-embebido
04:28:04 INFO    Enriquecido y descartado: Y6EXK (arriendo de $2.452.110 sobre el máximo negociable de $1.904.000)
04:28:09 DEBUG   Pin del mapa para SNVMM: -33.40320, -70.59258
04:28:09 DEBUG   [toctoc] 1 avisos vía estado-embebido
04:28:09 INFO    Enriquecido y descartado: W3RD8 (arriendo de $3.065.138 sobre el máximo negociable de $1.904.000)
04:28:13 DEBUG   Pin del mapa para V5UYC: -33.39926, -70.59316
04:28:13 DEBUG   [toctoc] 1 avisos vía estado-embebido
04:28:13 INFO    Enriquecido y descartado: 8BFJD (arriendo de $4.699.878 sobre el máximo negociable de $1.904.000)
04:28:18 DEBUG   Pin del mapa para 9YQR3: -33.37213, -70.54192
04:28:18 DEBUG   [toctoc] 1 avisos vía estado-embebido
04:28:18 INFO    Enriquecido y descartado: E9R23 (arriendo de $4.699.878 sobre el máximo negociable de $1.904.000)
04:28:23 DEBUG   Pin del mapa para XD7F3: -33.39312, -70.57912
04:28:23 DEBUG   [toctoc] 1 avisos vía estado-embebido
04:28:23 INFO    Enriquecido y descartado: X7TC5 (arriendo de $3.678.165 sobre el máximo negociable de $1.904.000)
04:28:28 DEBUG   Pin del mapa para A8ZG3: -33.37663, -70.54414
04:28:28 DEBUG   [toctoc] 1 avisos vía estado-embebido
04:28:28 INFO    Enriquecido y descartado: A8ZG3 (arriendo de $2.247.768 sobre el máximo negociable de $1.904.000)
04:28:33 DEBUG   Pin del mapa para HCBT4: -33.40571, -70.59352
04:28:33 DEBUG   [toctoc] 1 avisos vía estado-embebido
04:28:33 INFO    Enriquecido y descartado: XGTG5 (45 años (construido en 1981), sobre el máximo de 30)
04:28:39 DEBUG   Pin del mapa para EJMU3: -33.39788, -70.58897
04:28:39 DEBUG   [toctoc] 1 avisos vía estado-embebido
04:28:39 INFO    Enriquecido y descartado: W6ATB (arriendo de $2.411.242 sobre el máximo negociable de $1.904.000)
04:28:44 DEBUG   [toctoc] 1 avisos vía estado-embebido
04:28:44 INFO    Enriquecido y descartado: 4PNXC (arriendo de $3.065.138 sobre el máximo negociable de $1.904.000)
04:28:48 DEBUG   Pin del mapa para D2GPN: -33.39031, -70.59455
04:28:48 DEBUG   [toctoc] 1 avisos vía estado-embebido
04:28:49 INFO    Enriquecido y descartado: YNANX (arriendo de $3.269.480 sobre el máximo negociable de $1.904.000)
04:28:53 DEBUG   Pin del mapa para X3YFD: -33.40596, -70.59695
04:28:53 DEBUG   [toctoc] 1 avisos vía estado-embebido
04:28:53 INFO    Enriquecido y descartado: B5SVA (arriendo de $3.269.480 sobre el máximo negociable de $1.904.000)
04:28:58 DEBUG   Pin del mapa para XTBEF: -33.40317, -70.59270
04:28:58 DEBUG   [toctoc] 1 avisos vía estado-embebido
04:28:58 INFO    Enriquecido y descartado: WEDX5 (arriendo de $1.920.820 sobre el máximo negociable de $1.904.000)
04:29:04 DEBUG   Pin del mapa para JS3C5: -33.37683, -70.54385
04:29:04 DEBUG   [toctoc] 1 avisos vía estado-embebido
04:29:04 INFO    Enriquecido y descartado: 4JZ9G (arriendo de $1.961.688 sobre el máximo negociable de $1.904.000)
04:29:06 DEBUG   [doomos] 18 avisos vía tarjetas
04:29:06 DEBUG   Ficha de J5JN4 sin candidato propio; no se fusiona
04:29:12 DEBUG   [doomos] 27 avisos vía tarjetas
04:29:12 DEBUG   Ficha de P8XMT sin candidato propio; no se fusiona
04:29:16 DEBUG   [engelvoelkers] 1 avisos vía json-ld
04:29:21 DEBUG   [toctoc] 1 avisos vía estado-embebido
04:29:27 DEBUG   [toctoc] 1 avisos vía estado-embebido
04:29:31 WARNING robots.txt no permite https://www.nuroa.cl/adform/10342-912-2704-1a03e46-be46-68531d1ed856-7809?click_type=0&pos=3&searchType=2&page=1&section=1&t_sec=1&sectionType=1&pageViewId=1c5581fa-f138-49d9-8fdf-2e7c4ead8491&t_pvid=1c5581fa-f138-49d9-8fdf-2e7c4ead8491&userAgent=Mozilla%2F5.0+%28compatible%3B+radar-arriendos%2F1.0%3B+uso+personal%2C+busqueda+de+arriendo%3B+%2Bhttps%3A%2F%2Fgithub.com%2Falfonsoandona%2Farriendos-vitacura%29&browser=1&isHuman=true&userIp=52.188.87.16&what=vitacura+departamento&search_terms=vitacura+departamento&origin=1&t_or=1&splitTestId=0 — se omite
04:29:37 DEBUG   [toctoc] 1 avisos vía estado-embebido
04:29:41 DEBUG   [toctoc] 1 avisos vía estado-embebido
04:29:46 DEBUG   [toctoc] 1 avisos vía estado-embebido
04:29:46 INFO    Enriquecido y descartado: QKSRR (arriendo de $3.473.822 sobre el máximo negociable de $1.904.000)
04:29:50 INFO    Enriquecido y descartado: 75BRH (arriendo de $2.931.142 sobre el máximo negociable de $1.904.000)
04:29:54 DEBUG   [toctoc] 1 avisos vía estado-embebido
04:30:20 INFO    Enriquecido y descartado: 75BRH (arriendo de $2.149.504 sobre el máximo negociable de $1.904.000)
04:30:31 DEBUG   La red no quedó en silencio en https://www.toctoc.com/arriendo/departamento/metropolitana/vitacura/b_62313db937b2eb47fc03dd6bc00d3af11b5bf811; se lee igual
04:30:31 DEBUG   [toctoc] 1 avisos vía estado-embebido
04:30:36 INFO    Enriquecido y descartado: 75BRH (arriendo de $1.954.095 sobre el máximo negociable de $1.904.000)
04:30:46 DEBUG   [toctoc] 1 avisos vía estado-embebido
04:30:46 INFO    Enriquecido y descartado: 8UTV5 (arriendo de $2.452.110 sobre el máximo negociable de $1.904.000)
04:31:00 DEBUG   [toctoc] 1 avisos vía estado-embebido
04:31:05 DEBUG   [toctoc] 1 avisos vía estado-embebido
04:31:05 INFO    Enriquecido y descartado: QNR6F (arriendo de $2.550.000 sobre el máximo negociable de $1.904.000)
04:31:09 DEBUG   [toctoc] 1 avisos vía estado-embebido
04:31:09 INFO    Enriquecido y descartado: 4V73Z (arriendo de $4.699.726 sobre el máximo negociable de $1.904.000)
04:31:14 DEBUG   [toctoc] 1 avisos vía estado-embebido
04:31:14 INFO    Enriquecido y descartado: 3N59D (arriendo de $3.065.138 sobre el máximo negociable de $1.904.000)
04:31:19 DEBUG   [toctoc] 1 avisos vía estado-embebido
04:31:23 DEBUG   [toctoc] 1 avisos vía estado-embebido
04:31:23 INFO    Enriquecido y descartado: 4W5ZG (arriendo de $3.596.428 sobre el máximo negociable de $1.904.000)
04:31:29 DEBUG   [toctoc] 1 avisos vía estado-embebido
04:31:29 INFO    Enriquecido y descartado: JKM2T (arriendo de $2.574.716 sobre el máximo negociable de $1.904.000)
04:31:34 DEBUG   [toctoc] 1 avisos vía estado-embebido
04:31:34 INFO    Enriquecido y descartado: 8QS4E (arriendo de $3.269.480 sobre el máximo negociable de $1.904.000)
04:31:44 DEBUG   [toctoc] 1 avisos vía estado-embebido
04:31:45 INFO    Enriquecido y descartado: 9JAPA (arriendo de $2.452.110 sobre el máximo negociable de $1.904.000)
04:31:45 INFO    Fichas leídas: 100 — 17 ganaron el año, 32 la dirección; 52 se descartaron al verlas (5 por viejos)
04:31:45 DEBUG   Libreta: san patricio 4260 se construyó en 2013 (toctoc)
04:31:46 INFO    Listo: 0 avisados de 58 candidatos
