15:31:13 INFO    No se pudo traer la UF del día (ReadTimeout); se usa el respaldo
15:31:13 INFO    UF = $40.885.63 (caché de hace 0 día(s) — la API no respondió)
15:31:13 INFO    Barriendo TocToc (toctoc)…
15:31:13 INFO    Barriendo Chilepropiedades (chilepropiedades)…
15:31:13 INFO    Barriendo GoPlaceIt (goplaceit)…
15:31:13 INFO    Barriendo Yapo (yapo)…
15:31:13 DEBUG   [chilepropiedades] 10 avisos vía tarjetas
15:31:15 DEBUG   [chilepropiedades] 10 avisos vía tarjetas
15:31:16 INFO      yapo: 0 avisos en 4s
15:31:16 INFO    Barriendo BuscoNido (busconido)…
15:31:17 DEBUG   [busconido] 23 avisos vía tarjetas
15:31:17 INFO      busconido: 23 avisos en 1s
15:31:17 INFO    Barriendo BienesOnline (bienesonline)…
15:31:17 DEBUG   [chilepropiedades] 10 avisos vía tarjetas
15:31:18 DEBUG   [goplaceit] 30 avisos vía json-ld
15:31:18 INFO      chilepropiedades: 30 avisos en 5s
15:31:18 INFO    Barriendo Economicos (El Mercurio) (economicos)…
15:31:18 WARNING https://www.economicos.cl/search/propiedades/vitacura/arriendo/departamento/0 respondió 403
15:31:18 INFO    [economicos] https://www.economicos.cl/search/propiedades/vitacura/arriendo/departamento/0 rebotó al GET; se reintenta con navegador
15:31:19 DEBUG   [bienesonline] 12 avisos vía tarjetas
15:31:19 INFO      bienesonline: 12 avisos en 2s
15:31:19 INFO    Barriendo iCasas (icasas)…
15:31:19 DEBUG   [icasas] 15 avisos vía tarjetas
15:31:21 DEBUG   [icasas] 15 avisos vía tarjetas
15:31:21 INFO      icasas: 30 avisos en 3s
15:31:21 INFO    Barriendo Doomos (doomos)…
15:31:21 DEBUG   [toctoc] 20 avisos vía json-ld
15:31:21 WARNING https://www.doomos.cl/departamentos-vitacura-arriendo respondió 403
15:31:21 INFO    [doomos] https://www.doomos.cl/departamentos-vitacura-arriendo rebotó al GET; se reintenta con navegador
15:31:22 INFO      economicos: 0 avisos en 5s
15:31:22 INFO    Barriendo Top Propiedades (toppropiedades)…
15:31:24 INFO      doomos: 0 avisos en 3s
15:31:24 INFO    Barriendo Nuroa (nuroa)…
15:31:25 DEBUG   Encoding detection: ascii is most likely the one.
15:31:26 DEBUG   [nuroa] 25 avisos vía json-ld
15:31:26 DEBUG   [toppropiedades] 1 avisos vía json-ld
15:31:28 DEBUG   [nuroa] 25 avisos vía json-ld
15:31:29 DEBUG   [toppropiedades] 1 avisos vía json-ld
15:31:30 DEBUG   La red no quedó en silencio en https://www.toctoc.com/arriendo/departamento/metropolitana/vitacura/3-dormitorios?pagina=2; se lee igual
15:31:30 DEBUG   [nuroa] 25 avisos vía json-ld
15:31:30 DEBUG   [toppropiedades] 1 avisos vía json-ld
15:31:30 DEBUG   [toctoc] 20 avisos vía json-ld
15:31:32 DEBUG   [nuroa] 25 avisos vía json-ld
15:31:32 INFO      nuroa: 100 avisos en 8s
15:31:32 INFO    Barriendo Mitula (mitula)…
15:31:32 DEBUG   [toppropiedades] 1 avisos vía json-ld
15:31:34 DEBUG   [mitula] 30 avisos vía json-ld
15:31:34 DEBUG   [toppropiedades] 1 avisos vía json-ld
15:31:36 DEBUG   [mitula] 30 avisos vía json-ld
15:31:36 INFO      mitula: 60 avisos en 4s
15:31:36 INFO    Barriendo Houm (houm)…
15:31:36 DEBUG   [toppropiedades] 1 avisos vía json-ld
15:31:38 DEBUG   La red no quedó en silencio en https://www.toctoc.com/arriendo/departamento/metropolitana/vitacura/3-dormitorios?pagina=3; se lee igual
15:31:38 DEBUG   [toppropiedades] 1 avisos vía json-ld
15:31:38 DEBUG   [toctoc] 20 avisos vía json-ld
15:31:40 DEBUG   [toppropiedades] 1 avisos vía json-ld
15:31:40 INFO      toppropiedades: 8 avisos en 18s
15:31:40 INFO    Barriendo Hey! Homes (heyhomes)…
15:31:43 DEBUG   [heyhomes] 9 avisos vía tarjetas
15:31:43 INFO      heyhomes: 9 avisos en 3s
15:31:43 INFO    Barriendo Engel & Völkers (engelvoelkers)…
15:31:46 DEBUG   La red no quedó en silencio en https://houm.com/cl/arriendo-departamentos-region-metropolitana/vitacura/3-dormitorios; se lee igual
15:31:46 DEBUG   [houm] 28 avisos vía json-ld
15:31:46 DEBUG   [toctoc] 20 avisos vía json-ld
15:31:55 DEBUG   La red no quedó en silencio en https://www.engelvoelkers.com/cl/en/properties/res/rent/apartment/santiago-metropolitan-region/vitacura; se lee igual
15:31:55 DEBUG   [engelvoelkers] 16 avisos vía tarjetas
15:31:55 INFO      engelvoelkers: 16 avisos en 12s
15:31:55 INFO    Barriendo RE/MAX Chile (remax)…
15:31:57 DEBUG   La red no quedó en silencio en https://houm.com/cl/arriendo-departamento-región-metropolitana/las-condes/170742; se lee igual
15:31:57 DEBUG   [houm] 1 avisos vía estado-embebido
15:32:00 DEBUG   [goplaceit] 30 avisos vía json-ld
15:32:02 DEBUG   La red no quedó en silencio en https://www.toctoc.com/arriendo/departamento/metropolitana/vitacura/4-dormitorios?pagina=2; se lee igual
15:32:02 DEBUG   [toctoc] 20 avisos vía json-ld
15:32:07 DEBUG   La red no quedó en silencio en https://www.remax.cl/es-cl/busqueda/metropolitana-de-santiago/santiago/vitacura/residencial-departamento/arriendo/; se lee igual
15:32:08 DEBUG   [remax] 5 avisos vía tarjetas
15:32:09 DEBUG   La red no quedó en silencio en https://houm.com/cl/arriendo-departamento-región-metropolitana/las-condes/175757; se lee igual
15:32:10 DEBUG   [houm] 1 avisos vía estado-embebido
15:32:16 INFO      remax: 5 avisos en 21s
15:32:16 INFO    Barriendo Fuenzalida Propiedades (fuenzalida)…
15:32:16 DEBUG   [toctoc] 1 avisos vía json-ld
15:32:16 INFO      toctoc: 101 avisos en 64s
15:32:16 INFO    Barriendo Century 21 Chile (century21)…
15:32:17 INFO      century21: 0 avisos en 1s
15:32:17 INFO    Barriendo Property Partners (propertypartners)…
15:32:18 DEBUG   [propertypartners] 1 avisos vía tarjetas
15:32:18 INFO      propertypartners: 1 avisos en 1s
15:32:18 INFO    Barriendo Acceso Inmobiliario (accesoinmobiliario)…
15:32:19 DEBUG   [fuenzalida] 16 avisos vía tarjetas
15:32:22 DEBUG   [fuenzalida] 20 avisos vía tarjetas
15:32:23 DEBUG   La red no quedó en silencio en https://houm.com/cl/arriendo-departamento-región-metropolitana/ñuñoa/164010; se lee igual
15:32:23 DEBUG   [houm] 1 avisos vía estado-embebido
15:32:24 DEBUG   [accesoinmobiliario] 15 avisos vía tarjetas
15:32:25 DEBUG   [fuenzalida] 20 avisos vía tarjetas
15:32:25 INFO      fuenzalida: 56 avisos en 9s
15:32:25 INFO    Barriendo Magnolia Property (magnoliaproperty)…
15:32:25 DEBUG   [magnoliaproperty] 6 avisos vía tarjetas
15:32:25 INFO      magnoliaproperty: 6 avisos en 0s
15:32:25 INFO    Barriendo Portilla Propiedades (portillapropiedades)…
15:32:26 DEBUG   [portillapropiedades] 2 avisos vía tarjetas
15:32:26 INFO      portillapropiedades: 2 avisos en 1s
15:32:26 INFO    Barriendo Nativo Propiedades (nativopropiedades)…
15:32:27 DEBUG   [nativopropiedades] 10 avisos vía tarjetas
15:32:27 INFO      nativopropiedades: 10 avisos en 1s
15:32:27 INFO    Barriendo Enlace Inmobiliario (enlaceinmobiliario)…
15:32:27 WARNING https://www.enlaceinmobiliario.cl/ respondió 403
15:32:27 INFO    [enlaceinmobiliario] https://www.enlaceinmobiliario.cl/ rebotó al GET; se reintenta con navegador
15:32:31 DEBUG   [accesoinmobiliario] 1 avisos vía tarjetas
15:32:32 DEBUG   La red no quedó en silencio en https://houm.com/cl/arriendo-departamento-región-metropolitana/lo-barnechea/74201; se lee igual
15:32:32 DEBUG   [houm] 1 avisos vía estado-embebido
15:32:34 INFO      enlaceinmobiliario: 0 avisos en 8s
15:32:34 INFO    Barriendo Rentas.cl (rentas_cl)…
15:32:37 DEBUG   [accesoinmobiliario] 1 avisos vía tarjetas
15:32:37 DEBUG   [rentas_cl] 1 avisos vía json-ld
15:32:37 INFO      rentas_cl: 1 avisos en 3s
15:32:37 INFO    Barriendo Arriendos.cl (arriendos_cl)…
15:32:39 INFO      arriendos_cl: 0 avisos en 1s
15:32:39 INFO    Barriendo Propiedades.cl (propiedades_cl)…
15:32:39 DEBUG   [propiedades_cl] 6 avisos vía tarjetas
15:32:39 INFO      propiedades_cl: 6 avisos en 1s
15:32:39 INFO    Barriendo Clasificados.cl (clasificados_cl)…
15:32:42 DEBUG   La red no quedó en silencio en https://houm.com/cl/arriendo-departamento-región-metropolitana/providencia/175947; se lee igual
15:32:42 DEBUG   [houm] 1 avisos vía estado-embebido
15:32:43 DEBUG   [clasificados_cl] 1 avisos vía tarjetas
15:32:43 INFO      clasificados_cl: 1 avisos en 4s
15:32:44 DEBUG   [accesoinmobiliario] 1 avisos vía tarjetas
15:32:49 DEBUG   [accesoinmobiliario] 1 avisos vía tarjetas
15:32:51 DEBUG   La red no quedó en silencio en https://houm.com/cl/arriendo-departamento-región-metropolitana/ñuñoa/174379; se lee igual
15:32:51 DEBUG   [houm] 1 avisos vía estado-embebido
15:32:51 DEBUG   [goplaceit] 30 avisos vía json-ld
15:32:54 DEBUG   [accesoinmobiliario] 1 avisos vía tarjetas
15:32:59 DEBUG   La red no quedó en silencio en https://houm.com/cl/arriendo-departamento-región-metropolitana/recoleta/178185; se lee igual
15:32:59 DEBUG   [houm] 1 avisos vía estado-embebido
15:33:09 DEBUG   La red no quedó en silencio en https://houm.com/cl/arriendo-departamento-región-metropolitana/las-condes/177842; se lee igual
15:33:09 DEBUG   [houm] 1 avisos vía estado-embebido
15:33:09 INFO      houm: 36 avisos en 93s
15:33:15 INFO      accesoinmobiliario: 20 avisos en 57s
15:33:20 INFO      goplaceit: 90 avisos en 127s
15:33:20 INFO    Total crudo: 623 avisos
15:33:20 INFO    Después de deduplicar: 407
15:33:21 DEBUG   Libreta: manquehue norte 1757 se construyó en 2000 (mitula)
15:33:21 DEBUG   Libreta: duble almeyda 1818 se construyó en 1996 (accesoinmobiliario)
15:33:21 INFO    Pasaron los filtros: 43
15:33:21 INFO    Ubicados en el mapa: 1 (con 1 consultas nuevas)
15:33:42 DEBUG   Ficha de HW5MX sin candidato propio; no se fusiona
15:33:42 DEBUG   [chilepropiedades] 2 avisos vía json-ld
15:33:42 INFO    Enriquecido y descartado: VPKTM (94 m² totales, no llega a más de 100 m²)
15:33:48 DEBUG   Pin del mapa para FE7CQ: -33.40496, -70.59697
15:33:48 DEBUG   [toctoc] 1 avisos vía estado-embebido
15:33:48 INFO    Enriquecido y descartado: 23SGM (100 m² totales, no llega a más de 100 m²)
15:33:53 DEBUG   [toctoc] 1 avisos vía estado-embebido
15:33:53 INFO    Enriquecido y descartado: DW7SM (94 m² totales, no llega a más de 100 m²)
15:33:53 DEBUG   [busconido] 10 avisos vía tarjetas
15:33:53 DEBUG   Ficha de ZKWUC sin candidato propio; no se fusiona
15:33:55 DEBUG   [busconido] 11 avisos vía tarjetas
15:33:55 DEBUG   Ficha de 42MXJ sin candidato propio; no se fusiona
15:33:59 INFO    Enriquecido y descartado: YAVJA (arriendo de $3.517.371 sobre el máximo negociable de $1.904.000)
15:34:03 INFO    Enriquecido y descartado: CC2AY (arriendo de $2.032.258 sobre el máximo negociable de $1.904.000)
15:34:03 DEBUG   [busconido] 10 avisos vía tarjetas
15:34:03 DEBUG   Ficha de QS3TR sin candidato propio; no se fusiona
15:34:08 DEBUG   [toctoc] 1 avisos vía estado-embebido
15:34:21 DEBUG   [engelvoelkers] 1 avisos vía json-ld
15:34:28 DEBUG   [toctoc] 1 avisos vía estado-embebido
15:34:36 DEBUG   [toctoc] 1 avisos vía estado-embebido
15:34:41 DEBUG   [toctoc] 1 avisos vía estado-embebido
15:34:51 DEBUG   [toctoc] 1 avisos vía estado-embebido
15:34:56 DEBUG   [toctoc] 1 avisos vía estado-embebido
15:35:01 DEBUG   [toctoc] 1 avisos vía estado-embebido
15:35:07 DEBUG   [toctoc] 1 avisos vía estado-embebido
15:35:13 DEBUG   [toctoc] 1 avisos vía estado-embebido
15:35:16 INFO    Enriquecido y descartado: 75BRH (arriendo de $2.931.142 sobre el máximo negociable de $1.904.000)
15:35:37 INFO    Enriquecido y descartado: 75BRH (arriendo de $2.149.504 sobre el máximo negociable de $1.904.000)
15:35:40 INFO    Enriquecido y descartado: 75BRH (arriendo de $1.954.095 sobre el máximo negociable de $1.904.000)
15:35:58 DEBUG   La red no quedó en silencio en https://www.toctoc.com/arriendo/departamento/metropolitana/vitacura/b_8d7cfebe1062033f05e1df1296cb8647a46a8d1b; se lee igual
15:35:58 DEBUG   [toctoc] 1 avisos vía estado-embebido
15:36:09 DEBUG   La red no quedó en silencio en https://www.toctoc.com/arriendo/departamento/metropolitana/vitacura/b_5a37b5df7f9d79c4bd1ab716a6babbded3d95b42; se lee igual
15:36:09 DEBUG   [toctoc] 1 avisos vía estado-embebido
15:36:14 DEBUG   [toctoc] 1 avisos vía estado-embebido
15:36:17 INFO    Enriquecido y descartado: 75BRH (arriendo de $4.299.009 sobre el máximo negociable de $1.904.000)
15:36:21 INFO    Fichas leídas: 42 — 0 ganaron el año, 2 la dirección; 9 se descartaron al verlas (0 por viejos)
15:36:22 INFO    Listo: 0 avisados de 33 candidatos
