15:30:20 INFO    No se pudo traer la UF del día (ReadTimeout); se usa el respaldo
15:30:20 INFO    UF = $40.876.41 (caché de hace 0 día(s) — la API no respondió)
15:30:20 INFO    Barriendo TocToc (toctoc)…
15:30:20 INFO    Barriendo Chilepropiedades (chilepropiedades)…
15:30:20 INFO    Barriendo GoPlaceIt (goplaceit)…
15:30:20 INFO    Barriendo Yapo (yapo)…
15:30:20 DEBUG   [chilepropiedades] 10 avisos vía tarjetas
15:30:22 DEBUG   [yapo] 30 avisos vía tarjetas
15:30:22 DEBUG   [chilepropiedades] 10 avisos vía tarjetas
15:30:25 DEBUG   [yapo] 30 avisos vía tarjetas
15:30:25 DEBUG   [chilepropiedades] 10 avisos vía tarjetas
15:30:25 INFO      chilepropiedades: 30 avisos en 5s
15:30:25 INFO    Barriendo BuscoNido (busconido)…
15:30:25 DEBUG   [goplaceit] 30 avisos vía json-ld
15:30:25 DEBUG   [busconido] 23 avisos vía tarjetas
15:30:25 INFO      busconido: 23 avisos en 1s
15:30:25 INFO    Barriendo BienesOnline (bienesonline)…
15:30:26 DEBUG   [yapo] 30 avisos vía tarjetas
15:30:26 INFO      yapo: 90 avisos en 7s
15:30:26 INFO    Barriendo Economicos (El Mercurio) (economicos)…
15:30:27 DEBUG   [toctoc] 20 avisos vía json-ld
15:30:27 DEBUG   [economicos] 20 avisos vía tarjetas
15:30:29 DEBUG   [economicos] 18 avisos vía tarjetas
15:30:31 DEBUG   [economicos] 13 avisos vía tarjetas
15:30:31 INFO      economicos: 51 avisos en 5s
15:30:31 INFO    Barriendo iCasas (icasas)…
15:30:32 DEBUG   [icasas] 15 avisos vía tarjetas
15:30:34 DEBUG   [icasas] 15 avisos vía tarjetas
15:30:34 INFO      icasas: 30 avisos en 3s
15:30:34 INFO    Barriendo Doomos (doomos)…
15:30:36 DEBUG   [doomos] 32 avisos vía tarjetas
15:30:36 INFO      doomos: 32 avisos en 2s
15:30:36 INFO    Barriendo Top Propiedades (toppropiedades)…
15:30:36 WARNING Error en https://www.bienesonline.cl/ (intento 1/3): HTTPSConnectionPool(host='bienesonline.ai', port=443): Max retries exceeded with url: /es/chile (Caused by NameResolutionError("HTTPSConnection(host='bienesonline.ai', port=443): Failed to resolve 'bienesonline.ai' ([Errno -3] Temporary failure in name resolution)"))
15:30:39 DEBUG   [toppropiedades] 1 avisos vía json-ld
15:30:41 DEBUG   [toppropiedades] 1 avisos vía json-ld
15:30:43 DEBUG   [toppropiedades] 1 avisos vía json-ld
15:30:45 DEBUG   [toppropiedades] 1 avisos vía json-ld
15:30:47 DEBUG   [toctoc] 20 avisos vía json-ld
15:30:47 DEBUG   [toppropiedades] 1 avisos vía json-ld
15:30:48 WARNING Error en https://www.bienesonline.cl/ (intento 2/3): HTTPSConnectionPool(host='bienesonline.ai', port=443): Max retries exceeded with url: /es/chile (Caused by NameResolutionError("HTTPSConnection(host='bienesonline.ai', port=443): Failed to resolve 'bienesonline.ai' ([Errno -3] Temporary failure in name resolution)"))
15:30:49 DEBUG   [toppropiedades] 1 avisos vía json-ld
15:30:51 DEBUG   [toppropiedades] 1 avisos vía json-ld
15:30:53 DEBUG   [toppropiedades] 1 avisos vía json-ld
15:30:53 INFO      toppropiedades: 8 avisos en 17s
15:30:53 INFO    Barriendo Nuroa (nuroa)…
15:30:54 DEBUG   Encoding detection: ascii is most likely the one.
15:30:54 DEBUG   [toctoc] 20 avisos vía json-ld
15:30:55 DEBUG   [nuroa] 25 avisos vía json-ld
15:30:57 DEBUG   [nuroa] 25 avisos vía json-ld
15:30:58 DEBUG   [goplaceit] 30 avisos vía json-ld
15:30:59 DEBUG   [nuroa] 25 avisos vía json-ld
15:30:59 DEBUG   [toctoc] 20 avisos vía json-ld
15:31:01 DEBUG   [nuroa] 25 avisos vía json-ld
15:31:01 INFO      nuroa: 100 avisos en 8s
15:31:01 INFO    Barriendo Mitula (mitula)…
15:31:03 WARNING Error en https://www.bienesonline.cl/ (intento 3/3): HTTPSConnectionPool(host='bienesonline.ai', port=443): Max retries exceeded with url: /es/chile (Caused by NameResolutionError("HTTPSConnection(host='bienesonline.ai', port=443): Failed to resolve 'bienesonline.ai' ([Errno -3] Temporary failure in name resolution)"))
15:31:03 WARNING   bienesonline: el dominio no existe (DNS no resuelve) — la URL está mala o el sitio se dio de baja
15:31:03 INFO      bienesonline: 0 avisos en 37s
15:31:03 INFO    Barriendo Houm (houm)…
15:31:03 DEBUG   [mitula] 30 avisos vía json-ld
15:31:05 DEBUG   [mitula] 30 avisos vía json-ld
15:31:05 INFO      mitula: 60 avisos en 4s
15:31:05 INFO    Barriendo Hey! Homes (heyhomes)…
15:31:08 DEBUG   [toctoc] 20 avisos vía json-ld
15:31:08 DEBUG   [heyhomes] 9 avisos vía tarjetas
15:31:08 INFO      heyhomes: 9 avisos en 3s
15:31:08 INFO    Barriendo Engel & Völkers (engelvoelkers)…
15:31:14 DEBUG   La red no quedó en silencio en https://houm.com/cl/arriendo-departamentos-region-metropolitana/vitacura/3-dormitorios; se lee igual
15:31:14 DEBUG   [houm] 28 avisos vía json-ld
15:31:17 DEBUG   [toctoc] 5 avisos vía json-ld
15:31:17 INFO      toctoc: 105 avisos en 57s
15:31:17 INFO    Barriendo RE/MAX Chile (remax)…
15:31:18 DEBUG   [engelvoelkers] 14 avisos vía tarjetas
15:31:18 INFO      engelvoelkers: 14 avisos en 10s
15:31:18 INFO    Barriendo Fuenzalida Propiedades (fuenzalida)…
15:31:22 DEBUG   [fuenzalida] 16 avisos vía tarjetas
15:31:24 DEBUG   [fuenzalida] 20 avisos vía tarjetas
15:31:26 DEBUG   La red no quedó en silencio en https://houm.com/cl/arriendo-departamento-región-metropolitana/las-condes/170742; se lee igual
15:31:26 DEBUG   [houm] 1 avisos vía estado-embebido
15:31:27 DEBUG   [fuenzalida] 20 avisos vía tarjetas
15:31:27 INFO      fuenzalida: 56 avisos en 9s
15:31:27 INFO    Barriendo Century 21 Chile (century21)…
15:31:29 DEBUG   La red no quedó en silencio en https://www.remax.cl/es-cl/busqueda/metropolitana-de-santiago/santiago/vitacura/residencial-departamento/arriendo/; se lee igual
15:31:29 INFO      century21: 0 avisos en 2s
15:31:29 INFO    Barriendo Property Partners (propertypartners)…
15:31:29 DEBUG   [remax] 5 avisos vía tarjetas
15:31:30 DEBUG   [propertypartners] 1 avisos vía tarjetas
15:31:30 INFO      propertypartners: 1 avisos en 1s
15:31:30 INFO    Barriendo Acceso Inmobiliario (accesoinmobiliario)…
15:31:34 INFO      remax: 5 avisos en 17s
15:31:34 INFO    Barriendo Magnolia Property (magnoliaproperty)…
15:31:35 DEBUG   [magnoliaproperty] 7 avisos vía tarjetas
15:31:35 INFO      magnoliaproperty: 7 avisos en 1s
15:31:35 INFO    Barriendo Portilla Propiedades (portillapropiedades)…
15:31:35 DEBUG   [portillapropiedades] 2 avisos vía tarjetas
15:31:35 INFO      portillapropiedades: 2 avisos en 1s
15:31:35 INFO    Barriendo Nativo Propiedades (nativopropiedades)…
15:31:36 DEBUG   La red no quedó en silencio en https://houm.com/cl/arriendo-departamento-región-metropolitana/las-condes/175757; se lee igual
15:31:36 DEBUG   [nativopropiedades] 7 avisos vía tarjetas
15:31:36 INFO      nativopropiedades: 7 avisos en 1s
15:31:36 INFO    Barriendo Enlace Inmobiliario (enlaceinmobiliario)…
15:31:36 DEBUG   [houm] 1 avisos vía estado-embebido
15:31:36 WARNING https://www.enlaceinmobiliario.cl/ respondió 403
15:31:36 INFO    [enlaceinmobiliario] https://www.enlaceinmobiliario.cl/ rebotó al GET; se reintenta con navegador
15:31:38 DEBUG   [accesoinmobiliario] 15 avisos vía tarjetas
15:31:45 INFO      enlaceinmobiliario: 0 avisos en 9s
15:31:45 INFO    Barriendo Rentas.cl (rentas_cl)…
15:31:45 DEBUG   La red no quedó en silencio en https://houm.com/cl/arriendo-departamento-región-metropolitana/ñuñoa/174379; se lee igual
15:31:45 DEBUG   [houm] 1 avisos vía estado-embebido
15:31:48 DEBUG   [rentas_cl] 1 avisos vía json-ld
15:31:48 INFO      rentas_cl: 1 avisos en 2s
15:31:48 INFO    Barriendo Arriendos.cl (arriendos_cl)…
15:31:49 INFO      arriendos_cl: 0 avisos en 1s
15:31:49 INFO    Barriendo Propiedades.cl (propiedades_cl)…
15:31:49 DEBUG   [goplaceit] 30 avisos vía json-ld
15:31:50 DEBUG   [propiedades_cl] 6 avisos vía tarjetas
15:31:50 INFO      propiedades_cl: 6 avisos en 1s
15:31:50 INFO    Barriendo Clasificados.cl (clasificados_cl)…
15:31:52 DEBUG   [clasificados_cl] 1 avisos vía tarjetas
15:31:52 INFO      clasificados_cl: 1 avisos en 2s
15:31:56 DEBUG   La red no quedó en silencio en https://houm.com/cl/arriendo-departamento-región-metropolitana/recoleta/178185; se lee igual
15:31:56 DEBUG   [houm] 1 avisos vía estado-embebido
15:32:03 DEBUG   La red no quedó en silencio en https://houm.com/cl/arriendo-departamento-región-metropolitana/las-condes/177842; se lee igual
15:32:03 DEBUG   [houm] 1 avisos vía estado-embebido
15:32:06 DEBUG   [accesoinmobiliario] 1 avisos vía tarjetas
15:32:11 INFO      accesoinmobiliario: 16 avisos en 41s
15:32:13 DEBUG   La red no quedó en silencio en https://houm.com/cl/arriendo-departamento-región-metropolitana/recoleta/176958; se lee igual
15:32:13 DEBUG   [houm] 1 avisos vía estado-embebido
15:32:21 DEBUG   La red no quedó en silencio en https://houm.com/cl/arriendo-departamento-región-metropolitana/recoleta/90462; se lee igual
15:32:21 DEBUG   [houm] 1 avisos vía estado-embebido
15:32:25 INFO      goplaceit: 90 avisos en 125s
15:32:28 DEBUG   La red no quedó en silencio en https://houm.com/cl/arriendo-departamento-región-metropolitana/ñuñoa/178435; se lee igual
15:32:28 DEBUG   [houm] 1 avisos vía estado-embebido
15:32:28 INFO      houm: 36 avisos en 86s
15:32:28 INFO    Total crudo: 780 avisos
15:32:29 INFO    Después de deduplicar: 509
15:32:29 INFO    Libreta: 1 entradas de un extractor viejo se olvidan
15:32:29 DEBUG   Libreta: n de la casa 133 se construyó en 2020 (accesoinmobiliario)
15:32:29 INFO    Pasaron los filtros: 60
15:32:47 DEBUG   [economicos] 1 avisos vía tarjetas
15:32:51 DEBUG   [doomos] 18 avisos vía tarjetas
15:32:51 DEBUG   Ficha de YVT22 sin candidato propio; no se fusiona
15:32:52 DEBUG   Ficha de HW5MX sin candidato propio; no se fusiona
15:32:52 DEBUG   [economicos] 1 avisos vía tarjetas
15:32:54 DEBUG   [economicos] 1 avisos vía tarjetas
15:32:56 DEBUG   [economicos] 1 avisos vía tarjetas
15:32:58 DEBUG   [economicos] 1 avisos vía tarjetas
15:33:02 DEBUG   [doomos] 27 avisos vía tarjetas
15:33:02 DEBUG   Ficha de U44VT sin candidato propio; no se fusiona
15:33:05 DEBUG   [doomos] 27 avisos vía tarjetas
15:33:05 DEBUG   Ficha de KNAE9 sin candidato propio; no se fusiona
15:33:12 DEBUG   [doomos] 27 avisos vía tarjetas
15:33:12 DEBUG   Ficha de PR3QK sin candidato propio; no se fusiona
15:33:12 DEBUG   [economicos] 1 avisos vía tarjetas
15:33:16 DEBUG   [doomos] 27 avisos vía tarjetas
15:33:16 DEBUG   Ficha de 2HWEW sin candidato propio; no se fusiona
15:33:17 DEBUG   [doomos] 27 avisos vía tarjetas
15:33:17 DEBUG   Ficha de ZWNAN sin candidato propio; no se fusiona
15:33:22 INFO    Enriquecido y descartado: YAVJA (arriendo de $3.517.371 sobre el máximo negociable de $1.904.000)
15:33:22 DEBUG   [economicos] 1 avisos vía tarjetas
15:33:24 DEBUG   [economicos] 1 avisos vía tarjetas
15:33:24 DEBUG   Ficha de XEC3Z sin candidato propio; no se fusiona
15:33:28 INFO    Enriquecido y descartado: CC2AY (arriendo de $2.032.258 sobre el máximo negociable de $1.904.000)
15:33:29 DEBUG   [economicos] 1 avisos vía tarjetas
15:33:34 DEBUG   [toctoc] 1 avisos vía estado-embebido
15:33:34 DEBUG   [busconido] 11 avisos vía tarjetas
15:33:34 DEBUG   Ficha de CSRGJ sin candidato propio; no se fusiona
15:33:36 DEBUG   [busconido] 10 avisos vía tarjetas
15:33:36 DEBUG   Ficha de KTFQD sin candidato propio; no se fusiona
15:33:38 DEBUG   [busconido] 11 avisos vía tarjetas
15:33:38 DEBUG   Ficha de 46TGY sin candidato propio; no se fusiona
15:33:42 DEBUG   [engelvoelkers] 1 avisos vía json-ld
15:33:43 DEBUG   [economicos] 1 avisos vía tarjetas
15:33:43 INFO    Enriquecido y descartado: S84GC (arriendo de $3.108.725 sobre el máximo negociable de $1.904.000)
15:33:45 DEBUG   [economicos] 1 avisos vía tarjetas
15:33:45 DEBUG   [busconido] 10 avisos vía tarjetas
15:33:45 DEBUG   Ficha de 93APS sin candidato propio; no se fusiona
15:33:47 DEBUG   [busconido] 10 avisos vía tarjetas
15:33:47 DEBUG   Ficha de 45SXZ sin candidato propio; no se fusiona
15:33:49 DEBUG   [doomos] 18 avisos vía tarjetas
15:33:49 DEBUG   Ficha de J5JN4 sin candidato propio; no se fusiona
15:33:56 DEBUG   [toctoc] 1 avisos vía estado-embebido
15:34:01 DEBUG   [doomos] 27 avisos vía tarjetas
15:34:01 DEBUG   Ficha de P8XMT sin candidato propio; no se fusiona
15:34:02 DEBUG   [mitula] 3 avisos vía tarjetas
15:34:09 DEBUG   [toctoc] 1 avisos vía estado-embebido
15:34:14 DEBUG   [toctoc] 1 avisos vía estado-embebido
15:34:20 DEBUG   [toctoc] 1 avisos vía estado-embebido
15:34:29 DEBUG   [toctoc] 1 avisos vía estado-embebido
15:34:41 DEBUG   [toctoc] 1 avisos vía estado-embebido
15:34:41 DEBUG   [chilepropiedades] 2 avisos vía json-ld
15:34:46 DEBUG   [toctoc] 1 avisos vía estado-embebido
15:34:51 DEBUG   [toctoc] 1 avisos vía estado-embebido
15:34:55 INFO    Enriquecido y descartado: 75BRH (arriendo de $2.931.142 sobre el máximo negociable de $1.904.000)
15:35:26 INFO    Enriquecido y descartado: 75BRH (arriendo de $1.954.095 sobre el máximo negociable de $1.904.000)
15:35:45 DEBUG   [toctoc] 1 avisos vía estado-embebido
15:35:55 DEBUG   [toctoc] 1 avisos vía estado-embebido
15:36:00 DEBUG   [toctoc] 1 avisos vía estado-embebido
15:36:05 INFO    Enriquecido y descartado: 75BRH (arriendo de $4.299.009 sobre el máximo negociable de $1.904.000)
15:36:09 INFO    Fichas leídas: 60 — 1 ganaron el año, 1 la dirección; 6 se descartaron al verlas (0 por viejos)
15:36:12 DEBUG   [engelvoelkers] 1 avisos vía json-ld
15:36:14 INFO    Listo: 1 avisados de 54 candidatos
