02:09:40 INFO    UF = $41.106.35 (API del día)
02:09:40 INFO    Barriendo TocToc (toctoc)…
02:09:40 INFO    Barriendo Chilepropiedades (chilepropiedades)…
02:09:40 INFO    Barriendo GoPlaceIt (goplaceit)…
02:09:40 INFO    Barriendo Yapo (yapo)…
02:09:40 WARNING https://www.yapo.cl/bienes-raices-alquiler-apartamentos/region-metropolitana-vitacura respondió 403
02:09:40 INFO    [yapo] https://www.yapo.cl/bienes-raices-alquiler-apartamentos/region-metropolitana-vitacura rebotó al GET; se reintenta con navegador
02:09:40 DEBUG   [chilepropiedades] 10 avisos vía tarjetas
02:09:42 DEBUG   [chilepropiedades] 10 avisos vía tarjetas
02:09:44 DEBUG   [chilepropiedades] 10 avisos vía tarjetas
02:09:44 INFO      chilepropiedades: 30 avisos en 4s
02:09:44 INFO    Barriendo BuscoNido (busconido)…
02:09:44 DEBUG   [goplaceit] 30 avisos vía json-ld
02:09:45 DEBUG   [busconido] 23 avisos vía tarjetas
02:09:45 INFO      busconido: 23 avisos en 1s
02:09:45 INFO    Barriendo BienesOnline (bienesonline)…
02:09:46 DEBUG   [bienesonline] 13 avisos vía tarjetas
02:09:46 INFO      bienesonline: 13 avisos en 1s
02:09:46 INFO    Barriendo Economicos (El Mercurio) (economicos)…
02:09:47 DEBUG   [economicos] 20 avisos vía tarjetas
02:09:47 DEBUG   La red no quedó en silencio en https://www.toctoc.com/arriendo/departamento/metropolitana/vitacura/3-dormitorios; se lee igual
02:09:48 DEBUG   [toctoc] 20 avisos vía json-ld
02:09:49 DEBUG   [economicos] 18 avisos vía tarjetas
02:09:51 DEBUG   [economicos] 13 avisos vía tarjetas
02:09:51 INFO      economicos: 51 avisos en 4s
02:09:51 INFO    Barriendo iCasas (icasas)…
02:09:51 DEBUG   La red no quedó en silencio en https://www.yapo.cl/bienes-raices-alquiler-apartamentos/region-metropolitana-vitacura; se lee igual
02:09:51 INFO      yapo: 0 avisos en 11s
02:09:51 INFO    Barriendo Doomos (doomos)…
02:09:51 DEBUG   [icasas] 15 avisos vía tarjetas
02:09:53 DEBUG   [icasas] 15 avisos vía tarjetas
02:09:53 INFO      icasas: 30 avisos en 2s
02:09:53 INFO    Barriendo Top Propiedades (toppropiedades)…
02:09:57 DEBUG   [toppropiedades] 1 avisos vía json-ld
02:09:58 DEBUG   [toctoc] 20 avisos vía json-ld
02:09:59 DEBUG   [toppropiedades] 1 avisos vía json-ld
02:10:01 DEBUG   [toppropiedades] 1 avisos vía json-ld
02:10:03 DEBUG   [toppropiedades] 1 avisos vía json-ld
02:10:05 DEBUG   [toppropiedades] 1 avisos vía json-ld
02:10:05 DEBUG   La red no quedó en silencio en https://www.toctoc.com/arriendo/departamento/metropolitana/vitacura/3-dormitorios?pagina=3; se lee igual
02:10:05 DEBUG   [toctoc] 14 avisos vía json-ld
02:10:07 DEBUG   [toppropiedades] 1 avisos vía json-ld
02:10:09 DEBUG   [toppropiedades] 1 avisos vía json-ld
02:10:11 DEBUG   [toppropiedades] 1 avisos vía json-ld
02:10:11 INFO      toppropiedades: 8 avisos en 18s
02:10:11 INFO    Barriendo Nuroa (nuroa)…
02:10:12 DEBUG   Encoding detection: ascii is most likely the one.
02:10:13 DEBUG   La red no quedó en silencio en https://www.toctoc.com/arriendo/departamento/metropolitana/vitacura/4-dormitorios; se lee igual
02:10:13 DEBUG   [nuroa] 25 avisos vía json-ld
02:10:13 DEBUG   [toctoc] 20 avisos vía json-ld
02:10:15 DEBUG   [nuroa] 25 avisos vía json-ld
02:10:16 DEBUG   [goplaceit] 30 avisos vía json-ld
02:10:17 DEBUG   [nuroa] 25 avisos vía json-ld
02:10:19 DEBUG   [nuroa] 25 avisos vía json-ld
02:10:19 INFO      nuroa: 100 avisos en 8s
02:10:19 INFO    Barriendo Mitula (mitula)…
02:10:21 DEBUG   [mitula] 30 avisos vía json-ld
02:10:21 DEBUG   La red no quedó en silencio en https://www.toctoc.com/arriendo/departamento/metropolitana/vitacura/4-dormitorios?pagina=2; se lee igual
02:10:21 WARNING Error en https://www.doomos.cl/departamentos-vitacura-arriendo (intento 1/3): HTTPSConnectionPool(host='www.doomos.cl', port=443): Read timed out. (read timeout=20)
02:10:21 DEBUG   [toctoc] 13 avisos vía json-ld
02:10:23 DEBUG   [mitula] 30 avisos vía json-ld
02:10:23 INFO      mitula: 60 avisos en 4s
02:10:23 INFO    Barriendo Houm (houm)…
02:10:28 DEBUG   [houm] 28 avisos vía json-ld
02:10:29 DEBUG   [toctoc] 20 avisos vía json-ld
02:10:29 INFO      toctoc: 107 avisos en 49s
02:10:29 INFO    Barriendo Hey! Homes (heyhomes)…
02:10:31 DEBUG   [heyhomes] 9 avisos vía tarjetas
02:10:31 INFO      heyhomes: 9 avisos en 2s
02:10:31 INFO    Barriendo Engel & Völkers (engelvoelkers)…
02:10:36 DEBUG   [engelvoelkers] 16 avisos vía tarjetas
02:10:36 INFO      engelvoelkers: 16 avisos en 5s
02:10:36 INFO    Barriendo RE/MAX Chile (remax)…
02:10:36 DEBUG   La red no quedó en silencio en https://houm.com/cl/arriendo-departamento-región-metropolitana/las-condes/170742; se lee igual
02:10:36 DEBUG   [houm] 1 avisos vía estado-embebido
02:10:43 WARNING Error en https://www.doomos.cl/departamentos-vitacura-arriendo (intento 2/3): HTTPSConnectionPool(host='www.doomos.cl', port=443): Read timed out. (read timeout=20)
02:10:44 INFO      remax: 0 avisos en 8s
02:10:44 INFO    Barriendo Fuenzalida Propiedades (fuenzalida)…
02:10:44 DEBUG   La red no quedó en silencio en https://houm.com/cl/arriendo-departamento-región-metropolitana/providencia/181498; se lee igual
02:10:44 DEBUG   [houm] 1 avisos vía estado-embebido
02:10:46 DEBUG   [fuenzalida] 16 avisos vía tarjetas
02:10:48 DEBUG   [fuenzalida] 20 avisos vía tarjetas
02:10:50 DEBUG   [fuenzalida] 20 avisos vía tarjetas
02:10:50 INFO      fuenzalida: 56 avisos en 7s
02:10:50 INFO    Barriendo Century 21 Chile (century21)…
02:10:51 INFO      century21: 0 avisos en 1s
02:10:51 INFO    Barriendo Property Partners (propertypartners)…
02:10:52 DEBUG   [propertypartners] 1 avisos vía tarjetas
02:10:52 INFO      propertypartners: 1 avisos en 0s
02:10:52 INFO    Barriendo Acceso Inmobiliario (accesoinmobiliario)…
02:10:52 DEBUG   La red no quedó en silencio en https://houm.com/cl/arriendo-departamento-región-metropolitana/lo-barnechea/74201; se lee igual
02:10:52 DEBUG   [houm] 1 avisos vía estado-embebido
02:10:55 DEBUG   [goplaceit] 30 avisos vía json-ld
02:10:57 DEBUG   [accesoinmobiliario] 14 avisos vía tarjetas
02:11:00 DEBUG   La red no quedó en silencio en https://houm.com/cl/arriendo-departamento-región-metropolitana/recoleta/179872; se lee igual
02:11:00 DEBUG   [houm] 1 avisos vía estado-embebido
02:11:07 WARNING Error en https://www.doomos.cl/departamentos-vitacura-arriendo (intento 3/3): HTTPSConnectionPool(host='www.doomos.cl', port=443): Read timed out. (read timeout=20)
02:11:07 WARNING   doomos: el sitio no respondió a tiempo
02:11:07 INFO      doomos: 0 avisos en 76s
02:11:07 INFO    Barriendo Magnolia Property (magnoliaproperty)…
02:11:08 DEBUG   [magnoliaproperty] 7 avisos vía tarjetas
02:11:08 INFO      magnoliaproperty: 7 avisos en 1s
02:11:08 INFO    Barriendo Portilla Propiedades (portillapropiedades)…
02:11:09 DEBUG   La red no quedó en silencio en https://houm.com/cl/arriendo-departamento-región-metropolitana/recoleta/178185; se lee igual
02:11:09 DEBUG   [houm] 1 avisos vía estado-embebido
02:11:09 DEBUG   [accesoinmobiliario] 1 avisos vía tarjetas
02:11:09 DEBUG   [portillapropiedades] 2 avisos vía tarjetas
02:11:09 INFO      portillapropiedades: 2 avisos en 1s
02:11:09 INFO    Barriendo Nativo Propiedades (nativopropiedades)…
02:11:09 DEBUG   [nativopropiedades] 10 avisos vía tarjetas
02:11:09 INFO      nativopropiedades: 10 avisos en 1s
02:11:09 INFO    Barriendo Enlace Inmobiliario (enlaceinmobiliario)…
02:11:10 WARNING https://www.enlaceinmobiliario.cl/ respondió 403
02:11:10 INFO    [enlaceinmobiliario] https://www.enlaceinmobiliario.cl/ rebotó al GET; se reintenta con navegador
02:11:15 INFO      accesoinmobiliario: 15 avisos en 23s
02:11:15 INFO    Barriendo Rentas.cl (rentas_cl)…
02:11:16 DEBUG   [rentas_cl] 1 avisos vía json-ld
02:11:16 INFO      rentas_cl: 1 avisos en 1s
02:11:16 INFO    Barriendo Arriendos.cl (arriendos_cl)…
02:11:17 DEBUG   La red no quedó en silencio en https://houm.com/cl/arriendo-departamento-región-metropolitana/recoleta/176207; se lee igual
02:11:17 DEBUG   [houm] 1 avisos vía estado-embebido
02:11:17 DEBUG   [arriendos_cl] 1 avisos vía tarjetas
02:11:17 INFO      arriendos_cl: 1 avisos en 1s
02:11:17 INFO    Barriendo Propiedades.cl (propiedades_cl)…
02:11:18 DEBUG   [propiedades_cl] 6 avisos vía tarjetas
02:11:18 INFO      propiedades_cl: 6 avisos en 1s
02:11:18 INFO    Barriendo Clasificados.cl (clasificados_cl)…
02:11:22 DEBUG   La red no quedó en silencio en https://www.enlaceinmobiliario.cl/; se lee igual
02:11:22 INFO      enlaceinmobiliario: 0 avisos en 12s
02:11:24 INFO      clasificados_cl: 0 avisos en 5s
02:11:28 DEBUG   La red no quedó en silencio en https://houm.com/cl/arriendo-departamento-región-metropolitana/las-condes/177842; se lee igual
02:11:28 DEBUG   [houm] 1 avisos vía estado-embebido
02:11:29 INFO      goplaceit: 90 avisos en 110s
02:11:35 DEBUG   La red no quedó en silencio en https://houm.com/cl/arriendo-departamento-región-metropolitana/recoleta/176958; se lee igual
02:11:35 DEBUG   [houm] 1 avisos vía estado-embebido
02:11:35 INFO      houm: 36 avisos en 72s
02:11:35 INFO    Total crudo: 672 avisos
02:11:36 INFO    Después de deduplicar: 505
02:11:36 INFO    Pasaron los filtros: 66
02:11:59 DEBUG   [economicos] 1 avisos vía tarjetas
02:12:00 DEBUG   Ficha de HW5MX sin candidato propio; no se fusiona
02:12:01 DEBUG   [economicos] 1 avisos vía tarjetas
02:12:03 DEBUG   [economicos] 1 avisos vía tarjetas
02:12:05 DEBUG   [economicos] 1 avisos vía tarjetas
02:12:07 DEBUG   [economicos] 1 avisos vía tarjetas
02:12:09 DEBUG   [economicos] 1 avisos vía tarjetas
02:12:11 DEBUG   [economicos] 1 avisos vía tarjetas
02:12:13 DEBUG   [economicos] 1 avisos vía tarjetas
02:12:15 DEBUG   [economicos] 1 avisos vía tarjetas
02:12:15 DEBUG   Ficha de XEC3Z sin candidato propio; no se fusiona
02:12:17 DEBUG   [economicos] 1 avisos vía tarjetas
02:12:23 DEBUG   [toctoc] 1 avisos vía estado-embebido
02:12:28 DEBUG   [toctoc] 1 avisos vía estado-embebido
02:12:29 DEBUG   [busconido] 11 avisos vía tarjetas
02:12:29 DEBUG   Ficha de 4K2C6 sin candidato propio; no se fusiona
02:12:30 DEBUG   [busconido] 10 avisos vía tarjetas
02:12:30 DEBUG   Ficha de NB7M5 sin candidato propio; no se fusiona
02:12:33 DEBUG   [busconido] 10 avisos vía tarjetas
02:12:33 DEBUG   Ficha de 6669H sin candidato propio; no se fusiona
02:12:34 DEBUG   [busconido] 10 avisos vía tarjetas
02:12:34 DEBUG   Ficha de 73MWF sin candidato propio; no se fusiona
02:12:40 DEBUG   [toctoc] 1 avisos vía estado-embebido
02:12:41 DEBUG   [busconido] 11 avisos vía tarjetas
02:12:41 DEBUG   Ficha de V78NS sin candidato propio; no se fusiona
02:12:43 DEBUG   [busconido] 10 avisos vía tarjetas
02:12:43 DEBUG   Ficha de KWJ84 sin candidato propio; no se fusiona
02:12:45 DEBUG   [busconido] 10 avisos vía tarjetas
02:12:45 DEBUG   Ficha de 4TBZ6 sin candidato propio; no se fusiona
02:12:47 DEBUG   [busconido] 10 avisos vía tarjetas
02:12:47 DEBUG   Ficha de HAZYC sin candidato propio; no se fusiona
02:12:49 DEBUG   [busconido] 11 avisos vía tarjetas
02:12:49 DEBUG   Ficha de P6JRX sin candidato propio; no se fusiona
02:12:49 DEBUG   [economicos] 1 avisos vía tarjetas
02:12:49 INFO    Enriquecido y descartado: S84GC (arriendo de $3.108.725 sobre el máximo negociable de $1.904.000)
02:12:54 INFO    Enriquecido y descartado: YAVJA (arriendo de $3.517.371 sobre el máximo negociable de $1.904.000)
02:12:54 DEBUG   [economicos] 1 avisos vía tarjetas
02:12:58 DEBUG   [economicos] 1 avisos vía tarjetas
02:13:09 DEBUG   La red no quedó en silencio en https://www.goplaceit.com/cl/propiedad/arriendo/departamento/vitacura/11786939-departamento-en-arriendo-en-bartolome-de-las-casascandelaria-goyenechea; se lee igual
02:13:09 INFO    Enriquecido y descartado: CC2AY (arriendo de $2.032.258 sobre el máximo negociable de $1.904.000)
02:13:09 WARNING robots.txt no permite https://www.nuroa.cl/adform/10342-912-101d5-1a0ff48-a45a-2e1434470692-7ad1?click_type=0&pos=22&searchType=1&page=1&section=1&t_sec=1&sectionType=1&pageViewId=293a9251-86de-4b97-910d-ba7c8afd3137&t_pvid=293a9251-86de-4b97-910d-ba7c8afd3137&userAgent=Mozilla%2F5.0+%28compatible%3B+radar-arriendos%2F1.0%3B+uso+personal%2C+busqueda+de+arriendo%3B+%2Bhttps%3A%2F%2Fgithub.com%2Falfonsoandona%2Farriendos-vitacura%29&browser=1&isHuman=true&userIp=57.151.138.0&what=vitacura+departamento&search_terms=vitacura+departamento&origin=1&t_or=1&splitTestId=0 — se omite
02:13:15 DEBUG   [toctoc] 1 avisos vía estado-embebido
02:13:22 DEBUG   [engelvoelkers] 1 avisos vía json-ld
02:13:31 DEBUG   [toctoc] 1 avisos vía estado-embebido
02:13:36 DEBUG   [toctoc] 1 avisos vía estado-embebido
02:13:40 DEBUG   [toctoc] 1 avisos vía estado-embebido
02:13:44 DEBUG   [toctoc] 1 avisos vía estado-embebido
02:13:49 DEBUG   [toctoc] 1 avisos vía estado-embebido
02:13:57 DEBUG   [toctoc] 1 avisos vía estado-embebido
02:14:01 DEBUG   [toctoc] 1 avisos vía estado-embebido
02:14:06 DEBUG   [toctoc] 1 avisos vía estado-embebido
02:14:10 DEBUG   [toctoc] 1 avisos vía estado-embebido
02:14:11 DEBUG   [magnoliaproperty] 2 avisos vía tarjetas
02:14:11 INFO    Enriquecido y descartado: SY6C4 (arriendo de $3.699.571 sobre el máximo negociable de $1.904.000)
02:14:37 INFO    Enriquecido y descartado: 75BRH (arriendo de $1.954.095 sobre el máximo negociable de $1.904.000)
02:14:53 DEBUG   [toctoc] 1 avisos vía estado-embebido
02:14:56 WARNING robots.txt no permite https://www.nuroa.cl/adform/10342-912-3e9b-1a0e30e-bd4c-4f30fb45531b-7a22?click_type=0&pos=2&searchType=1&page=2&section=1&t_sec=1&sectionType=1&pageViewId=95c03075-ca55-4cc3-8374-25217856e087&t_pvid=95c03075-ca55-4cc3-8374-25217856e087&userAgent=Mozilla%2F5.0+%28compatible%3B+radar-arriendos%2F1.0%3B+uso+personal%2C+busqueda+de+arriendo%3B+%2Bhttps%3A%2F%2Fgithub.com%2Falfonsoandona%2Farriendos-vitacura%29&browser=1&isHuman=true&userIp=57.151.138.0&what=vitacura+departamento&search_terms=vitacura+departamento&origin=1&t_or=1&splitTestId=0 — se omite
02:14:56 WARNING robots.txt no permite https://www.nuroa.cl/adform/10342-912-e7f8-1a0a016-97e0-4460cb69457-7a3c?click_type=0&pos=7&searchType=1&page=4&section=1&t_sec=1&sectionType=1&pageViewId=84785ee4-8c5a-4a57-afe9-74dc5b4e52b3&t_pvid=84785ee4-8c5a-4a57-afe9-74dc5b4e52b3&userAgent=Mozilla%2F5.0+%28compatible%3B+radar-arriendos%2F1.0%3B+uso+personal%2C+busqueda+de+arriendo%3B+%2Bhttps%3A%2F%2Fgithub.com%2Falfonsoandona%2Farriendos-vitacura%29&browser=1&isHuman=true&userIp=57.151.138.0&what=vitacura+departamento&search_terms=vitacura+departamento&origin=1&t_or=1&splitTestId=0 — se omite
02:15:01 DEBUG   [toctoc] 1 avisos vía estado-embebido
02:15:02 DEBUG   [mitula] 3 avisos vía tarjetas
02:15:06 INFO    Enriquecido y descartado: 75BRH (arriendo de $4.299.009 sobre el máximo negociable de $1.904.000)
02:15:10 INFO    Fichas leídas: 66 — 0 ganaron el año, 1 la dirección; 6 se descartaron al verlas (0 por viejos)
02:15:11 INFO    Listo: 0 avisados de 60 candidatos
