18:13:10 INFO    UF = $41.114.54 (API del día)
18:13:10 INFO    Barriendo TocToc (toctoc)…
18:13:10 INFO    Barriendo Chilepropiedades (chilepropiedades)…
18:13:10 INFO    Barriendo GoPlaceIt (goplaceit)…
18:13:10 INFO    Barriendo Yapo (yapo)…
18:13:11 WARNING https://www.yapo.cl/bienes-raices-alquiler-apartamentos/region-metropolitana-vitacura respondió 403
18:13:11 INFO    [yapo] https://www.yapo.cl/bienes-raices-alquiler-apartamentos/region-metropolitana-vitacura rebotó al GET; se reintenta con navegador
18:13:11 DEBUG   [chilepropiedades] 10 avisos vía tarjetas
18:13:13 DEBUG   [chilepropiedades] 10 avisos vía tarjetas
18:13:15 DEBUG   [chilepropiedades] 10 avisos vía tarjetas
18:13:15 INFO      chilepropiedades: 30 avisos en 5s
18:13:15 INFO    Barriendo BuscoNido (busconido)…
18:13:16 DEBUG   [busconido] 23 avisos vía tarjetas
18:13:16 INFO      busconido: 23 avisos en 1s
18:13:16 INFO    Barriendo BienesOnline (bienesonline)…
18:13:17 DEBUG   [bienesonline] 13 avisos vía tarjetas
18:13:17 INFO      bienesonline: 13 avisos en 1s
18:13:17 INFO    Barriendo Economicos (El Mercurio) (economicos)…
18:13:17 DEBUG   [economicos] 20 avisos vía tarjetas
18:13:19 DEBUG   La red no quedó en silencio en https://www.yapo.cl/bienes-raices-alquiler-apartamentos/region-metropolitana-vitacura; se lee igual
18:13:19 INFO      yapo: 0 avisos en 9s
18:13:19 INFO    Barriendo iCasas (icasas)…
18:13:19 DEBUG   La red no quedó en silencio en https://www.toctoc.com/arriendo/departamento/metropolitana/vitacura/3-dormitorios; se lee igual
18:13:19 DEBUG   [economicos] 18 avisos vía tarjetas
18:13:20 DEBUG   [toctoc] 20 avisos vía json-ld
18:13:20 DEBUG   [icasas] 15 avisos vía tarjetas
18:13:21 DEBUG   [economicos] 13 avisos vía tarjetas
18:13:22 INFO      economicos: 51 avisos en 4s
18:13:22 INFO    Barriendo Doomos (doomos)…
18:13:22 DEBUG   [icasas] 15 avisos vía tarjetas
18:13:22 INFO      icasas: 30 avisos en 3s
18:13:22 INFO    Barriendo Top Propiedades (toppropiedades)…
18:13:23 DEBUG   [goplaceit] 30 avisos vía json-ld
18:13:26 DEBUG   [toppropiedades] 1 avisos vía json-ld
18:13:27 DEBUG   [doomos] 32 avisos vía tarjetas
18:13:27 INFO      doomos: 32 avisos en 5s
18:13:27 INFO    Barriendo Nuroa (nuroa)…
18:13:27 DEBUG   La red no quedó en silencio en https://www.toctoc.com/arriendo/departamento/metropolitana/vitacura/3-dormitorios?pagina=2; se lee igual
18:13:28 DEBUG   Encoding detection: ascii is most likely the one.
18:13:28 DEBUG   [toctoc] 20 avisos vía json-ld
18:13:28 DEBUG   [toppropiedades] 1 avisos vía json-ld
18:13:29 DEBUG   [nuroa] 25 avisos vía json-ld
18:13:30 DEBUG   [toppropiedades] 1 avisos vía json-ld
18:13:30 DEBUG   [nuroa] 25 avisos vía json-ld
18:13:32 DEBUG   [toppropiedades] 1 avisos vía json-ld
18:13:32 DEBUG   [nuroa] 25 avisos vía json-ld
18:13:34 DEBUG   [toppropiedades] 1 avisos vía json-ld
18:13:34 DEBUG   [nuroa] 25 avisos vía json-ld
18:13:35 DEBUG   La red no quedó en silencio en https://www.toctoc.com/arriendo/departamento/metropolitana/vitacura/3-dormitorios?pagina=3; se lee igual
18:13:35 INFO      nuroa: 100 avisos en 8s
18:13:35 INFO    Barriendo Mitula (mitula)…
18:13:36 DEBUG   [toppropiedades] 1 avisos vía json-ld
18:13:36 DEBUG   [toctoc] 20 avisos vía json-ld
18:13:37 DEBUG   [mitula] 30 avisos vía json-ld
18:13:38 DEBUG   [toppropiedades] 1 avisos vía json-ld
18:13:38 DEBUG   [mitula] 30 avisos vía json-ld
18:13:39 INFO      mitula: 60 avisos en 4s
18:13:39 INFO    Barriendo Houm (houm)…
18:13:40 DEBUG   [toppropiedades] 1 avisos vía json-ld
18:13:40 INFO      toppropiedades: 8 avisos en 18s
18:13:40 INFO    Barriendo Hey! Homes (heyhomes)…
18:13:42 DEBUG   [heyhomes] 9 avisos vía tarjetas
18:13:42 INFO      heyhomes: 9 avisos en 3s
18:13:42 INFO    Barriendo Engel & Völkers (engelvoelkers)…
18:13:43 DEBUG   La red no quedó en silencio en https://www.toctoc.com/arriendo/departamento/metropolitana/vitacura/4-dormitorios; se lee igual
18:13:44 DEBUG   [toctoc] 20 avisos vía json-ld
18:13:48 DEBUG   La red no quedó en silencio en https://houm.com/cl/arriendo-departamentos-region-metropolitana/vitacura/3-dormitorios; se lee igual
18:13:48 DEBUG   [houm] 28 avisos vía json-ld
18:13:52 DEBUG   [engelvoelkers] 17 avisos vía tarjetas
18:13:52 INFO      engelvoelkers: 17 avisos en 9s
18:13:52 INFO    Barriendo RE/MAX Chile (remax)…
18:13:55 DEBUG   La red no quedó en silencio en https://www.toctoc.com/arriendo/departamento/metropolitana/vitacura/4-dormitorios?pagina=2; se lee igual
18:13:57 DEBUG   [toctoc] 20 avisos vía json-ld
18:13:59 DEBUG   La red no quedó en silencio en https://houm.com/cl/arriendo-departamento-región-metropolitana/las-condes/170742; se lee igual
18:13:59 DEBUG   [houm] 1 avisos vía estado-embebido
18:14:03 INFO      remax: 0 avisos en 11s
18:14:03 INFO    Barriendo Fuenzalida Propiedades (fuenzalida)…
18:14:05 DEBUG   [fuenzalida] 16 avisos vía tarjetas
18:14:06 DEBUG   [toctoc] 20 avisos vía json-ld
18:14:06 INFO      toctoc: 120 avisos en 56s
18:14:06 INFO    Barriendo Century 21 Chile (century21)…
18:14:07 DEBUG   [fuenzalida] 20 avisos vía tarjetas
18:14:08 INFO      century21: 0 avisos en 2s
18:14:08 INFO    Barriendo Property Partners (propertypartners)…
18:14:09 DEBUG   [propertypartners] 1 avisos vía tarjetas
18:14:09 INFO      propertypartners: 1 avisos en 0s
18:14:09 INFO    Barriendo Acceso Inmobiliario (accesoinmobiliario)…
18:14:09 DEBUG   [fuenzalida] 20 avisos vía tarjetas
18:14:09 INFO      fuenzalida: 56 avisos en 6s
18:14:09 INFO    Barriendo Magnolia Property (magnoliaproperty)…
18:14:09 DEBUG   [goplaceit] 30 avisos vía json-ld
18:14:10 DEBUG   [magnoliaproperty] 7 avisos vía tarjetas
18:14:10 INFO      magnoliaproperty: 7 avisos en 1s
18:14:10 INFO    Barriendo Portilla Propiedades (portillapropiedades)…
18:14:10 DEBUG   La red no quedó en silencio en https://houm.com/cl/arriendo-departamento-región-metropolitana/providencia/181498; se lee igual
18:14:10 DEBUG   [houm] 1 avisos vía estado-embebido
18:14:11 DEBUG   [portillapropiedades] 2 avisos vía tarjetas
18:14:11 INFO      portillapropiedades: 2 avisos en 1s
18:14:11 INFO    Barriendo Nativo Propiedades (nativopropiedades)…
18:14:11 DEBUG   [nativopropiedades] 10 avisos vía tarjetas
18:14:11 INFO      nativopropiedades: 10 avisos en 1s
18:14:11 INFO    Barriendo Enlace Inmobiliario (enlaceinmobiliario)…
18:14:12 WARNING https://www.enlaceinmobiliario.cl/ respondió 403
18:14:12 INFO    [enlaceinmobiliario] https://www.enlaceinmobiliario.cl/ rebotó al GET; se reintenta con navegador
18:14:12 DEBUG   [accesoinmobiliario] 13 avisos vía tarjetas
18:14:20 DEBUG   La red no quedó en silencio en https://houm.com/cl/arriendo-departamento-región-metropolitana/lo-barnechea/74201; se lee igual
18:14:20 DEBUG   [houm] 1 avisos vía estado-embebido
18:14:22 DEBUG   La red no quedó en silencio en https://www.enlaceinmobiliario.cl/; se lee igual
18:14:22 INFO      enlaceinmobiliario: 0 avisos en 10s
18:14:22 INFO    Barriendo Rentas.cl (rentas_cl)…
18:14:23 DEBUG   [rentas_cl] 1 avisos vía json-ld
18:14:24 INFO      rentas_cl: 1 avisos en 2s
18:14:24 INFO    Barriendo Arriendos.cl (arriendos_cl)…
18:14:24 DEBUG   [arriendos_cl] 1 avisos vía tarjetas
18:14:24 INFO      arriendos_cl: 1 avisos en 1s
18:14:24 INFO    Barriendo Propiedades.cl (propiedades_cl)…
18:14:25 DEBUG   [propiedades_cl] 6 avisos vía tarjetas
18:14:25 INFO      propiedades_cl: 6 avisos en 1s
18:14:25 INFO    Barriendo Clasificados.cl (clasificados_cl)…
18:14:27 DEBUG   [clasificados_cl] 1 avisos vía tarjetas
18:14:27 INFO      clasificados_cl: 1 avisos en 1s
18:14:29 DEBUG   La red no quedó en silencio en https://houm.com/cl/arriendo-departamento-región-metropolitana/recoleta/179872; se lee igual
18:14:29 DEBUG   [houm] 1 avisos vía estado-embebido
18:14:35 DEBUG   [accesoinmobiliario] 1 avisos vía tarjetas
18:14:38 DEBUG   La red no quedó en silencio en https://houm.com/cl/arriendo-departamento-región-metropolitana/recoleta/178185; se lee igual
18:14:38 DEBUG   [houm] 1 avisos vía estado-embebido
18:14:44 INFO      accesoinmobiliario: 14 avisos en 36s
18:14:46 DEBUG   La red no quedó en silencio en https://houm.com/cl/arriendo-departamento-región-metropolitana/recoleta/176207; se lee igual
18:14:47 DEBUG   [houm] 1 avisos vía estado-embebido
18:14:54 DEBUG   La red no quedó en silencio en https://houm.com/cl/arriendo-departamento-región-metropolitana/las-condes/177842; se lee igual
18:14:54 DEBUG   [houm] 1 avisos vía estado-embebido
18:14:57 DEBUG   [goplaceit] 30 avisos vía json-ld
18:15:02 DEBUG   La red no quedó en silencio en https://houm.com/cl/arriendo-departamento-región-metropolitana/recoleta/176958; se lee igual
18:15:02 DEBUG   [houm] 1 avisos vía estado-embebido
18:15:02 INFO      houm: 36 avisos en 83s
18:15:23 INFO      goplaceit: 90 avisos en 132s
18:15:23 INFO    Total crudo: 718 avisos
18:15:24 INFO    Después de deduplicar: 518
18:15:25 INFO    Pasaron los filtros: 62
18:15:25 INFO    Ubicados en el mapa: 1 (con 1 consultas nuevas)
18:15:45 DEBUG   [economicos] 1 avisos vía tarjetas
18:15:49 DEBUG   [doomos] 18 avisos vía tarjetas
18:15:49 DEBUG   Ficha de YVT22 sin candidato propio; no se fusiona
18:15:51 DEBUG   Ficha de HW5MX sin candidato propio; no se fusiona
18:15:51 DEBUG   [economicos] 1 avisos vía tarjetas
18:15:53 DEBUG   [economicos] 1 avisos vía tarjetas
18:15:55 DEBUG   [economicos] 1 avisos vía tarjetas
18:15:57 DEBUG   [economicos] 1 avisos vía tarjetas
18:15:59 DEBUG   [economicos] 1 avisos vía tarjetas
18:16:03 DEBUG   [doomos] 27 avisos vía tarjetas
18:16:03 DEBUG   Ficha de U44VT sin candidato propio; no se fusiona
18:16:05 DEBUG   [doomos] 27 avisos vía tarjetas
18:16:05 DEBUG   Ficha de KNAE9 sin candidato propio; no se fusiona
18:16:08 DEBUG   [doomos] 27 avisos vía tarjetas
18:16:08 DEBUG   Ficha de PR3QK sin candidato propio; no se fusiona
18:16:11 DEBUG   [doomos] 27 avisos vía tarjetas
18:16:11 DEBUG   Ficha de 2HWEW sin candidato propio; no se fusiona
18:16:11 DEBUG   [economicos] 1 avisos vía tarjetas
18:16:13 DEBUG   [doomos] 27 avisos vía tarjetas
18:16:13 DEBUG   Ficha de ZWNAN sin candidato propio; no se fusiona
18:16:13 DEBUG   [economicos] 1 avisos vía tarjetas
18:16:15 DEBUG   [economicos] 1 avisos vía tarjetas
18:16:15 DEBUG   Ficha de XEC3Z sin candidato propio; no se fusiona
18:16:17 DEBUG   [economicos] 1 avisos vía tarjetas
18:16:22 DEBUG   [toctoc] 1 avisos vía estado-embebido
18:16:23 DEBUG   [busconido] 11 avisos vía tarjetas
18:16:23 DEBUG   Ficha de 2FZ6T sin candidato propio; no se fusiona
18:16:24 DEBUG   [doomos] 27 avisos vía tarjetas
18:16:24 DEBUG   Ficha de FQ6XQ sin candidato propio; no se fusiona
18:16:28 DEBUG   [engelvoelkers] 1 avisos vía json-ld
18:16:28 INFO    Enriquecido y descartado: BBCG5 (96 m² totales, no llega a más de 100 m²)
18:16:29 DEBUG   [busconido] 1 avisos vía tarjetas
18:16:29 INFO    Enriquecido y descartado: ZZAC4 (2 dormitorios, bajo el mínimo de 3)
18:16:33 DEBUG   [engelvoelkers] 1 avisos vía json-ld
18:16:33 DEBUG   [economicos] 1 avisos vía tarjetas
18:16:33 INFO    Enriquecido y descartado: S84GC (arriendo de $3.108.725 sobre el máximo negociable de $1.904.000)
18:16:34 DEBUG   [busconido] 11 avisos vía tarjetas
18:16:34 DEBUG   Ficha de VXPXT sin candidato propio; no se fusiona
18:16:38 INFO    Enriquecido y descartado: YAVJA (arriendo de $3.517.371 sobre el máximo negociable de $1.904.000)
18:16:38 DEBUG   [economicos] 1 avisos vía tarjetas
18:16:51 INFO    Enriquecido y descartado: CC2AY (arriendo de $2.032.258 sobre el máximo negociable de $1.904.000)
18:17:06 DEBUG   [doomos] 18 avisos vía tarjetas
18:17:06 DEBUG   Ficha de J5JN4 sin candidato propio; no se fusiona
18:17:06 WARNING robots.txt no permite https://www.nuroa.cl/adform/10342-912-101d5-1a0ff48-a45a-2e1434470692-7ad1?click_type=0&pos=24&searchType=1&page=1&section=1&t_sec=1&sectionType=1&pageViewId=a1636bc8-704d-4e9a-baeb-613fd7d03a32&t_pvid=a1636bc8-704d-4e9a-baeb-613fd7d03a32&userAgent=Mozilla%2F5.0+%28compatible%3B+radar-arriendos%2F1.0%3B+uso+personal%2C+busqueda+de+arriendo%3B+%2Bhttps%3A%2F%2Fgithub.com%2Falfonsoandona%2Farriendos-vitacura%29&browser=1&isHuman=true&userIp=68.154.54.99&what=vitacura+departamento&search_terms=vitacura+departamento&origin=1&t_or=1&splitTestId=0 — se omite
18:17:25 DEBUG   [doomos] 27 avisos vía tarjetas
18:17:25 DEBUG   Ficha de P8XMT sin candidato propio; no se fusiona
18:17:29 WARNING robots.txt no permite https://www.nuroa.cl/adform/10342-912-528e-1a0d39b-b6ec-29592751fa14-7dbc?click_type=0&pos=16&searchType=2&page=2&section=1&t_sec=1&sectionType=1&pageViewId=d387a2ac-9016-4eaa-b252-18aab04201e4&t_pvid=d387a2ac-9016-4eaa-b252-18aab04201e4&userAgent=Mozilla%2F5.0+%28compatible%3B+radar-arriendos%2F1.0%3B+uso+personal%2C+busqueda+de+arriendo%3B+%2Bhttps%3A%2F%2Fgithub.com%2Falfonsoandona%2Farriendos-vitacura%29&browser=1&isHuman=true&userIp=68.154.54.99&what=vitacura+departamento&search_terms=vitacura+departamento&origin=1&t_or=1&splitTestId=0 — se omite
18:17:33 DEBUG   [toctoc] 1 avisos vía estado-embebido
18:17:37 DEBUG   [toctoc] 1 avisos vía estado-embebido
18:17:41 DEBUG   [toctoc] 1 avisos vía estado-embebido
18:18:06 INFO    Enriquecido y descartado: 75BRH (arriendo de $2.149.504 sobre el máximo negociable de $1.904.000)
18:18:10 INFO    Enriquecido y descartado: 75BRH (arriendo de $1.954.095 sobre el máximo negociable de $1.904.000)
18:18:26 DEBUG   [toctoc] 1 avisos vía estado-embebido
18:18:30 WARNING robots.txt no permite https://www.nuroa.cl/adform/10342-912-3e9b-1a0e30e-bd4c-4f30fb45531b-7a22?click_type=0&pos=4&searchType=1&page=2&section=1&t_sec=1&sectionType=1&pageViewId=d387a2ac-9016-4eaa-b252-18aab04201e4&t_pvid=d387a2ac-9016-4eaa-b252-18aab04201e4&userAgent=Mozilla%2F5.0+%28compatible%3B+radar-arriendos%2F1.0%3B+uso+personal%2C+busqueda+de+arriendo%3B+%2Bhttps%3A%2F%2Fgithub.com%2Falfonsoandona%2Farriendos-vitacura%29&browser=1&isHuman=true&userIp=68.154.54.99&what=vitacura+departamento&search_terms=vitacura+departamento&origin=1&t_or=1&splitTestId=0 — se omite
18:18:30 WARNING robots.txt no permite https://www.nuroa.cl/adform/10342-912-e7f8-1a0a016-97e0-4460cb69457-7a3c?click_type=0&pos=9&searchType=1&page=4&section=1&t_sec=1&sectionType=1&pageViewId=88544d80-eef0-419d-8c5b-0083abbcd496&t_pvid=88544d80-eef0-419d-8c5b-0083abbcd496&userAgent=Mozilla%2F5.0+%28compatible%3B+radar-arriendos%2F1.0%3B+uso+personal%2C+busqueda+de+arriendo%3B+%2Bhttps%3A%2F%2Fgithub.com%2Falfonsoandona%2Farriendos-vitacura%29&browser=1&isHuman=true&userIp=68.154.54.99&what=vitacura+departamento&search_terms=vitacura+departamento&origin=1&t_or=1&splitTestId=0 — se omite
18:18:34 DEBUG   [toctoc] 1 avisos vía estado-embebido
18:18:35 DEBUG   [mitula] 3 avisos vía tarjetas
18:18:39 INFO    Enriquecido y descartado: 75BRH (arriendo de $4.299.009 sobre el máximo negociable de $1.904.000)
18:18:43 INFO    Fichas leídas: 61 — 1 ganaron el año, 2 la dirección; 8 se descartaron al verlas (0 por viejos)
18:18:46 DEBUG   [engelvoelkers] 1 avisos vía json-ld
18:18:48 INFO    Listo: 1 avisados de 53 candidatos
