14:39:26 INFO    UF = $40.910.10 (API del día)
14:39:26 INFO    Barriendo TocToc (toctoc)…
14:39:26 INFO    Barriendo Chilepropiedades (chilepropiedades)…
14:39:26 INFO    Barriendo GoPlaceIt (goplaceit)…
14:39:26 INFO    Barriendo Yapo (yapo)…
14:39:27 DEBUG   [chilepropiedades] 10 avisos vía tarjetas
14:39:29 DEBUG   [chilepropiedades] 10 avisos vía tarjetas
14:39:29 DEBUG   [goplaceit] 30 avisos vía json-ld
14:39:31 DEBUG   [chilepropiedades] 10 avisos vía tarjetas
14:39:31 INFO      chilepropiedades: 30 avisos en 5s
14:39:31 INFO    Barriendo BuscoNido (busconido)…
14:39:32 DEBUG   [busconido] 23 avisos vía tarjetas
14:39:32 INFO      busconido: 23 avisos en 1s
14:39:32 INFO    Barriendo BienesOnline (bienesonline)…
14:39:33 DEBUG   [bienesonline] 9 avisos vía tarjetas
14:39:33 INFO      bienesonline: 9 avisos en 1s
14:39:33 INFO    Barriendo Economicos (El Mercurio) (economicos)…
14:39:33 WARNING https://www.economicos.cl/search/propiedades/vitacura/arriendo/departamento/0 respondió 403
14:39:33 INFO    [economicos] https://www.economicos.cl/search/propiedades/vitacura/arriendo/departamento/0 rebotó al GET; se reintenta con navegador
14:39:34 DEBUG   La red no quedó en silencio en https://www.toctoc.com/arriendo/departamento/metropolitana/vitacura/3-dormitorios; se lee igual
14:39:34 DEBUG   [toctoc] 20 avisos vía json-ld
14:39:35 INFO      economicos: 0 avisos en 2s
14:39:35 INFO    Barriendo iCasas (icasas)…
14:39:36 DEBUG   [icasas] 15 avisos vía tarjetas
14:39:38 DEBUG   [icasas] 15 avisos vía tarjetas
14:39:38 INFO      icasas: 30 avisos en 3s
14:39:38 INFO    Barriendo Doomos (doomos)…
14:39:39 INFO      yapo: 0 avisos en 13s
14:39:39 INFO    Barriendo Top Propiedades (toppropiedades)…
14:39:42 DEBUG   [toctoc] 20 avisos vía json-ld
14:39:43 DEBUG   [toppropiedades] 1 avisos vía json-ld
14:39:45 DEBUG   [toppropiedades] 1 avisos vía json-ld
14:39:47 DEBUG   [toppropiedades] 1 avisos vía json-ld
14:39:48 DEBUG   [toctoc] 20 avisos vía json-ld
14:39:49 DEBUG   [toppropiedades] 1 avisos vía json-ld
14:39:51 DEBUG   [toppropiedades] 1 avisos vía json-ld
14:39:53 DEBUG   [toppropiedades] 1 avisos vía json-ld
14:39:53 DEBUG   [toctoc] 20 avisos vía json-ld
14:39:55 DEBUG   [toppropiedades] 1 avisos vía json-ld
14:39:57 DEBUG   [toppropiedades] 1 avisos vía json-ld
14:39:57 INFO      toppropiedades: 8 avisos en 18s
14:39:57 INFO    Barriendo Nuroa (nuroa)…
14:39:58 WARNING Error en https://www.doomos.cl/departamentos-vitacura-arriendo (intento 1/3): HTTPSConnectionPool(host='www.doomos.cl', port=443): Read timed out. (read timeout=20)
14:39:58 DEBUG   Encoding detection: ascii is most likely the one.
14:39:59 DEBUG   [nuroa] 25 avisos vía json-ld
14:39:59 DEBUG   [goplaceit] 30 avisos vía json-ld
14:39:59 DEBUG   [toctoc] 20 avisos vía json-ld
14:40:01 DEBUG   [nuroa] 25 avisos vía json-ld
14:40:03 DEBUG   [nuroa] 25 avisos vía json-ld
14:40:06 DEBUG   [nuroa] 25 avisos vía json-ld
14:40:06 INFO      nuroa: 100 avisos en 9s
14:40:06 INFO    Barriendo Mitula (mitula)…
14:40:06 DEBUG   La red no quedó en silencio en https://www.toctoc.com/arriendo/departamento/metropolitana/vitacura/4-dormitorios?pagina=3; se lee igual
14:40:07 DEBUG   [toctoc] 20 avisos vía json-ld
14:40:08 DEBUG   [mitula] 30 avisos vía json-ld
14:40:08 INFO      toctoc: 120 avisos en 42s
14:40:08 INFO    Barriendo Houm (houm)…
14:40:10 DEBUG   [mitula] 30 avisos vía json-ld
14:40:11 INFO      mitula: 60 avisos en 5s
14:40:11 INFO    Barriendo Hey! Homes (heyhomes)…
14:40:13 DEBUG   [heyhomes] 9 avisos vía tarjetas
14:40:13 INFO      heyhomes: 9 avisos en 3s
14:40:13 INFO    Barriendo Engel & Völkers (engelvoelkers)…
14:40:15 DEBUG   La red no quedó en silencio en https://houm.com/cl/arriendo-departamentos-region-metropolitana/vitacura/3-dormitorios; se lee igual
14:40:16 DEBUG   [houm] 28 avisos vía json-ld
14:40:20 DEBUG   [engelvoelkers] 18 avisos vía tarjetas
14:40:20 INFO      engelvoelkers: 18 avisos en 7s
14:40:20 INFO    Barriendo RE/MAX Chile (remax)…
14:40:20 WARNING Error en https://www.doomos.cl/departamentos-vitacura-arriendo (intento 2/3): HTTPSConnectionPool(host='www.doomos.cl', port=443): Read timed out. (read timeout=20)
14:40:24 DEBUG   La red no quedó en silencio en https://houm.com/cl/arriendo-departamento-región-metropolitana/las-condes/170742; se lee igual
14:40:24 DEBUG   [houm] 1 avisos vía estado-embebido
14:40:28 INFO      remax: 0 avisos en 8s
14:40:28 INFO    Barriendo Fuenzalida Propiedades (fuenzalida)…
14:40:31 DEBUG   [fuenzalida] 16 avisos vía tarjetas
14:40:31 DEBUG   [goplaceit] 30 avisos vía json-ld
14:40:34 DEBUG   [fuenzalida] 20 avisos vía tarjetas
14:40:35 DEBUG   La red no quedó en silencio en https://houm.com/cl/arriendo-departamento-región-metropolitana/las-condes/175757; se lee igual
14:40:35 DEBUG   [houm] 1 avisos vía estado-embebido
14:40:37 DEBUG   [fuenzalida] 20 avisos vía tarjetas
14:40:37 INFO      fuenzalida: 56 avisos en 9s
14:40:37 INFO    Barriendo Century 21 Chile (century21)…
14:40:39 INFO      century21: 0 avisos en 2s
14:40:39 INFO    Barriendo Property Partners (propertypartners)…
14:40:39 DEBUG   [propertypartners] 1 avisos vía tarjetas
14:40:39 INFO      propertypartners: 1 avisos en 0s
14:40:39 INFO    Barriendo Acceso Inmobiliario (accesoinmobiliario)…
14:40:42 DEBUG   [accesoinmobiliario] 16 avisos vía tarjetas
14:40:43 DEBUG   La red no quedó en silencio en https://houm.com/cl/arriendo-departamento-región-metropolitana/ñuñoa/164010; se lee igual
14:40:43 DEBUG   [houm] 1 avisos vía estado-embebido
14:40:44 WARNING Error en https://www.doomos.cl/departamentos-vitacura-arriendo (intento 3/3): HTTPSConnectionPool(host='www.doomos.cl', port=443): Read timed out. (read timeout=20)
14:40:44 WARNING   doomos: el sitio no respondió a tiempo
14:40:44 INFO      doomos: 0 avisos en 66s
14:40:44 INFO    Barriendo Magnolia Property (magnoliaproperty)…
14:40:45 DEBUG   [magnoliaproperty] 7 avisos vía tarjetas
14:40:45 INFO      magnoliaproperty: 7 avisos en 1s
14:40:45 INFO    Barriendo Portilla Propiedades (portillapropiedades)…
14:40:46 DEBUG   [portillapropiedades] 2 avisos vía tarjetas
14:40:46 INFO      portillapropiedades: 2 avisos en 1s
14:40:46 INFO    Barriendo Nativo Propiedades (nativopropiedades)…
14:40:47 DEBUG   [nativopropiedades] 10 avisos vía tarjetas
14:40:47 INFO      nativopropiedades: 10 avisos en 1s
14:40:47 INFO    Barriendo Enlace Inmobiliario (enlaceinmobiliario)…
14:40:47 WARNING https://www.enlaceinmobiliario.cl/ respondió 403
14:40:47 INFO    [enlaceinmobiliario] https://www.enlaceinmobiliario.cl/ rebotó al GET; se reintenta con navegador
14:40:48 DEBUG   [accesoinmobiliario] 1 avisos vía tarjetas
14:40:52 DEBUG   La red no quedó en silencio en https://houm.com/cl/arriendo-departamento-región-metropolitana/lo-barnechea/74201; se lee igual
14:40:52 DEBUG   [houm] 1 avisos vía estado-embebido
14:40:54 DEBUG   [accesoinmobiliario] 1 avisos vía tarjetas
14:40:58 DEBUG   La red no quedó en silencio en https://www.enlaceinmobiliario.cl/; se lee igual
14:40:58 INFO      enlaceinmobiliario: 0 avisos en 12s
14:40:58 INFO    Barriendo Rentas.cl (rentas_cl)…
14:41:04 INFO      goplaceit: 90 avisos en 98s
14:41:04 INFO    Barriendo Arriendos.cl (arriendos_cl)…
14:41:05 INFO      arriendos_cl: 0 avisos en 1s
14:41:05 INFO    Barriendo Propiedades.cl (propiedades_cl)…
14:41:05 DEBUG   La red no quedó en silencio en https://houm.com/cl/arriendo-departamento-región-metropolitana/providencia/175947; se lee igual
14:41:06 DEBUG   [houm] 1 avisos vía estado-embebido
14:41:06 DEBUG   [propiedades_cl] 6 avisos vía tarjetas
14:41:06 INFO      propiedades_cl: 6 avisos en 1s
14:41:06 INFO    Barriendo Clasificados.cl (clasificados_cl)…
14:41:08 DEBUG   [accesoinmobiliario] 1 avisos vía tarjetas
14:41:08 INFO      accesoinmobiliario: 19 avisos en 29s
14:41:08 DEBUG   [clasificados_cl] 1 avisos vía tarjetas
14:41:08 INFO      clasificados_cl: 1 avisos en 2s
14:41:13 DEBUG   La red no quedó en silencio en https://houm.com/cl/arriendo-departamento-región-metropolitana/ñuñoa/174379; se lee igual
14:41:13 DEBUG   [houm] 1 avisos vía estado-embebido
14:41:20 DEBUG   La red no quedó en silencio en https://houm.com/cl/arriendo-departamento-región-metropolitana/recoleta/179872; se lee igual
14:41:20 DEBUG   [houm] 1 avisos vía estado-embebido
14:41:28 DEBUG   La red no quedó en silencio en https://houm.com/cl/arriendo-departamento-región-metropolitana/recoleta/178185; se lee igual
14:41:28 DEBUG   [houm] 1 avisos vía estado-embebido
14:41:28 INFO      houm: 36 avisos en 80s
14:41:29 WARNING Error en https://www.rentas.cl/ (intento 1/3): HTTPSConnectionPool(host='www.rentas.cl', port=443): Max retries exceeded with url: / (Caused by ConnectTimeoutError(<HTTPSConnection(host='www.rentas.cl', port=443) at 0x7fd6d97152e0>, 'Connection to www.rentas.cl timed out. (connect timeout=20)'))
14:41:51 WARNING Error en https://www.rentas.cl/ (intento 2/3): HTTPSConnectionPool(host='www.rentas.cl', port=443): Max retries exceeded with url: / (Caused by ConnectTimeoutError(<HTTPSConnection(host='www.rentas.cl', port=443) at 0x7fd6d8b23b60>, 'Connection to www.rentas.cl timed out. (connect timeout=20)'))
14:42:16 WARNING Error en https://www.rentas.cl/ (intento 3/3): HTTPSConnectionPool(host='www.rentas.cl', port=443): Max retries exceeded with url: / (Caused by ConnectTimeoutError(<HTTPSConnection(host='www.rentas.cl', port=443) at 0x7fd6d8b20fe0>, 'Connection to www.rentas.cl timed out. (connect timeout=20)'))
14:42:16 WARNING   rentas_cl: el sitio no respondió a tiempo
14:42:16 INFO      rentas_cl: 0 avisos en 77s
14:42:16 INFO    Total crudo: 635 avisos
14:42:16 INFO    Después de deduplicar: 395
14:42:16 INFO    Pasaron los filtros: 41
14:42:37 DEBUG   Ficha de HW5MX sin candidato propio; no se fusiona
14:42:38 DEBUG   [busconido] 10 avisos vía tarjetas
14:42:38 DEBUG   Ficha de TKTCZ sin candidato propio; no se fusiona
14:42:44 DEBUG   Pin del mapa para MBTTB: -33.40540, -70.59716
14:42:44 DEBUG   [toctoc] 1 avisos vía estado-embebido
14:42:48 DEBUG   [engelvoelkers] 1 avisos vía json-ld
14:42:48 INFO    Enriquecido y descartado: GWJ35 (96 m² totales, no llega a más de 100 m²)
14:42:49 DEBUG   [busconido] 10 avisos vía tarjetas
14:42:49 DEBUG   Ficha de ZKWUC sin candidato propio; no se fusiona
14:42:50 DEBUG   [busconido] 10 avisos vía tarjetas
14:42:50 DEBUG   Ficha de X4AHM sin candidato propio; no se fusiona
14:42:52 DEBUG   [busconido] 11 avisos vía tarjetas
14:42:52 DEBUG   Ficha de E29UP sin candidato propio; no se fusiona
14:42:57 INFO    Enriquecido y descartado: YAVJA (arriendo de $3.517.371 sobre el máximo negociable de $1.904.000)
14:43:01 INFO    Enriquecido y descartado: CC2AY (arriendo de $2.032.258 sobre el máximo negociable de $1.904.000)
14:43:02 DEBUG   [busconido] 10 avisos vía tarjetas
14:43:02 DEBUG   Ficha de B9ZXC sin candidato propio; no se fusiona
14:43:06 DEBUG   [toctoc] 1 avisos vía estado-embebido
14:43:18 DEBUG   [engelvoelkers] 1 avisos vía json-ld
14:43:23 DEBUG   [toctoc] 1 avisos vía estado-embebido
14:43:28 DEBUG   [toctoc] 1 avisos vía estado-embebido
14:43:37 DEBUG   [toctoc] 1 avisos vía estado-embebido
14:43:41 DEBUG   [toctoc] 1 avisos vía estado-embebido
14:43:46 DEBUG   [toctoc] 1 avisos vía estado-embebido
14:43:46 DEBUG   [chilepropiedades] 2 avisos vía json-ld
14:43:51 DEBUG   [toctoc] 1 avisos vía estado-embebido
14:43:55 DEBUG   [toctoc] 1 avisos vía estado-embebido
14:43:59 INFO    Enriquecido y descartado: 75BRH (arriendo de $2.931.142 sobre el máximo negociable de $1.904.000)
14:44:24 INFO    Enriquecido y descartado: 75BRH (arriendo de $2.149.504 sobre el máximo negociable de $1.904.000)
14:44:29 INFO    Enriquecido y descartado: 75BRH (arriendo de $1.954.095 sobre el máximo negociable de $1.904.000)
14:44:46 DEBUG   [toctoc] 1 avisos vía estado-embebido
14:44:57 DEBUG   La red no quedó en silencio en https://www.toctoc.com/arriendo/departamento/metropolitana/vitacura/b_5a37b5df7f9d79c4bd1ab716a6babbded3d95b42; se lee igual
14:44:58 DEBUG   [toctoc] 1 avisos vía estado-embebido
14:45:02 DEBUG   [toctoc] 1 avisos vía estado-embebido
14:45:06 INFO    Enriquecido y descartado: 75BRH (arriendo de $4.299.009 sobre el máximo negociable de $1.904.000)
14:45:10 INFO    Fichas leídas: 41 — 0 ganaron el año, 1 la dirección; 7 se descartaron al verlas (0 por viejos)
14:45:11 INFO    Listo: 0 avisados de 34 candidatos
