14:01:00 INFO    No se pudo traer la UF del día (ReadTimeout); se usa el respaldo
14:01:00 INFO    UF = $40.857.96 (caché de hace 1 día(s) — la API no respondió)
14:01:00 INFO    Barriendo TocToc (toctoc)…
14:01:00 INFO    Barriendo Chilepropiedades (chilepropiedades)…
14:01:00 INFO    Barriendo GoPlaceIt (goplaceit)…
14:01:00 INFO    Barriendo Yapo (yapo)…
14:01:00 DEBUG   [chilepropiedades] 11 avisos vía tarjetas
14:01:02 DEBUG   [yapo] 30 avisos vía tarjetas
14:01:02 DEBUG   [chilepropiedades] 11 avisos vía tarjetas
14:01:04 DEBUG   [yapo] 30 avisos vía tarjetas
14:01:05 DEBUG   [chilepropiedades] 11 avisos vía tarjetas
14:01:05 INFO      chilepropiedades: 33 avisos en 5s
14:01:05 INFO    Barriendo BuscoNido (busconido)…
14:01:05 DEBUG   [goplaceit] 30 avisos vía json-ld
14:01:06 INFO      busconido: 0 avisos en 1s
14:01:06 INFO    Barriendo ComunaVitacura.cl (comunavitacura)…
14:01:07 DEBUG   [toctoc] 142 avisos vía estado-embebido
14:01:08 DEBUG   [yapo] 30 avisos vía tarjetas
14:01:08 INFO      yapo: 90 avisos en 8s
14:01:08 INFO    Barriendo BienesOnline (bienesonline)…
14:01:08 DEBUG   [bienesonline] 18 avisos vía tarjetas
14:01:08 INFO      bienesonline: 18 avisos en 1s
14:01:08 INFO    Barriendo Economicos (El Mercurio) (economicos)…
14:01:08 INFO      comunavitacura: 0 avisos en 3s
14:01:08 INFO    Barriendo iCasas (icasas)…
14:01:08 WARNING https://www.economicos.cl/search/propiedades/vitacura/arriendo/departamento/0 respondió 403
14:01:08 INFO    [economicos] https://www.economicos.cl/search/propiedades/vitacura/arriendo/departamento/0 rebotó al GET; se reintenta con navegador
14:01:09 DEBUG   [icasas] 15 avisos vía tarjetas
14:01:11 INFO      economicos: 0 avisos en 2s
14:01:11 INFO    Barriendo Doomos (doomos)…
14:01:11 DEBUG   [icasas] 15 avisos vía tarjetas
14:01:11 INFO      icasas: 30 avisos en 3s
14:01:11 INFO    Barriendo Top Propiedades (toppropiedades)…
14:01:12 DEBUG   [toctoc] 134 avisos vía estado-embebido
14:01:12 DEBUG   [doomos] 33 avisos vía tarjetas
14:01:12 INFO      doomos: 33 avisos en 2s
14:01:12 INFO    Barriendo Trovit (trovit)…
14:01:14 DEBUG   [trovit] 30 avisos vía json-ld
14:01:15 DEBUG   [toppropiedades] 1 avisos vía json-ld
14:01:16 DEBUG   [trovit] 30 avisos vía json-ld
14:01:17 DEBUG   [toppropiedades] 1 avisos vía json-ld
14:01:17 DEBUG   [toctoc] 134 avisos vía estado-embebido
14:01:18 DEBUG   [trovit] 30 avisos vía json-ld
14:01:18 INFO      trovit: 90 avisos en 6s
14:01:18 INFO    Barriendo Nuroa (nuroa)…
14:01:19 DEBUG   [toppropiedades] 1 avisos vía json-ld
14:01:19 DEBUG   Encoding detection: ascii is most likely the one.
14:01:20 DEBUG   [nuroa] 25 avisos vía json-ld
14:01:21 DEBUG   [toppropiedades] 1 avisos vía json-ld
14:01:22 DEBUG   [nuroa] 25 avisos vía json-ld
14:01:23 INFO      nuroa: 50 avisos en 4s
14:01:23 INFO    Barriendo Mitula (mitula)…
14:01:23 DEBUG   [toctoc] 106 avisos vía estado-embebido
14:01:23 DEBUG   [toppropiedades] 1 avisos vía json-ld
14:01:24 DEBUG   [mitula] 30 avisos vía json-ld
14:01:25 DEBUG   [toppropiedades] 1 avisos vía json-ld
14:01:26 DEBUG   [mitula] 30 avisos vía json-ld
14:01:26 INFO      mitula: 60 avisos en 4s
14:01:26 INFO    Barriendo Nestoria (nestoria)…
14:01:27 DEBUG   [toctoc] 104 avisos vía estado-embebido
14:01:27 DEBUG   [toppropiedades] 1 avisos vía json-ld
14:01:29 DEBUG   [toppropiedades] 1 avisos vía json-ld
14:01:29 INFO      toppropiedades: 8 avisos en 18s
14:01:29 INFO    Barriendo Houm (houm)…
14:01:31 DEBUG   [nestoria] 25 avisos vía json-ld
14:01:31 INFO      nestoria: 25 avisos en 5s
14:01:31 INFO    Barriendo Hey! Homes (heyhomes)…
14:01:32 DEBUG   [toctoc] 104 avisos vía estado-embebido
14:01:32 INFO      toctoc: 724 avisos en 32s
14:01:32 INFO    Barriendo AssetPlan (assetplan)…
14:01:34 DEBUG   [heyhomes] 9 avisos vía tarjetas
14:01:34 INFO      heyhomes: 9 avisos en 3s
14:01:34 INFO    Barriendo Engel & Völkers (engelvoelkers)…
14:01:35 DEBUG   [goplaceit] 30 avisos vía json-ld
14:01:38 DEBUG   La red no quedó en silencio en https://houm.com/cl/arriendo-departamentos-region-metropolitana/vitacura/3-dormitorios; se lee igual
14:01:39 DEBUG   [houm] 28 avisos vía json-ld
14:01:39 INFO      assetplan: 0 avisos en 7s
14:01:39 INFO    Barriendo RE/MAX Chile (remax)…
14:01:43 DEBUG   [engelvoelkers] 16 avisos vía tarjetas
14:01:43 INFO      engelvoelkers: 16 avisos en 8s
14:01:43 INFO    Barriendo Fuenzalida Propiedades (fuenzalida)…
14:01:46 DEBUG   [fuenzalida] 20 avisos vía tarjetas
14:01:47 INFO      remax: 0 avisos en 7s
14:01:47 INFO    Barriendo Century 21 Chile (century21)…
14:01:48 INFO      century21: 0 avisos en 2s
14:01:48 INFO    Barriendo Property Partners (propertypartners)…
14:01:49 DEBUG   [propertypartners] 1 avisos vía tarjetas
14:01:49 INFO      propertypartners: 1 avisos en 0s
14:01:49 INFO    Barriendo Acceso Inmobiliario (accesoinmobiliario)…
14:01:50 DEBUG   La red no quedó en silencio en https://houm.com/cl/arriendo-departamento-región-metropolitana/las-condes/170742; se lee igual
14:01:50 DEBUG   [houm] 1 avisos vía estado-embebido
14:01:51 DEBUG   [fuenzalida] 20 avisos vía tarjetas
14:01:52 DEBUG   [accesoinmobiliario] 16 avisos vía tarjetas
14:01:55 DEBUG   [fuenzalida] 20 avisos vía tarjetas
14:01:55 INFO      fuenzalida: 60 avisos en 12s
14:01:55 INFO    Barriendo Magnolia Property (magnoliaproperty)…
14:01:55 DEBUG   [magnoliaproperty] 6 avisos vía tarjetas
14:01:55 INFO      magnoliaproperty: 6 avisos en 1s
14:01:55 INFO    Barriendo Portilla Propiedades (portillapropiedades)…
14:01:56 DEBUG   [portillapropiedades] 2 avisos vía tarjetas
14:01:56 INFO      portillapropiedades: 2 avisos en 1s
14:01:56 INFO    Barriendo Nativo Propiedades (nativopropiedades)…
14:01:57 DEBUG   [nativopropiedades] 7 avisos vía tarjetas
14:01:57 INFO      nativopropiedades: 7 avisos en 1s
14:01:57 INFO    Barriendo Zenta Group (zentagroup)…
14:01:57 DEBUG   La red no quedó en silencio en https://houm.com/cl/arriendo-departamento-región-metropolitana/las-condes/173143; se lee igual
14:01:57 DEBUG   [accesoinmobiliario] 1 avisos vía tarjetas
14:01:57 DEBUG   [houm] 1 avisos vía estado-embebido
14:01:58 INFO      zentagroup: 0 avisos en 1s
14:01:58 INFO    Barriendo Enlace Inmobiliario (enlaceinmobiliario)…
14:01:58 WARNING https://www.enlaceinmobiliario.cl/ respondió 403
14:01:58 INFO    [enlaceinmobiliario] https://www.enlaceinmobiliario.cl/ rebotó al GET; se reintenta con navegador
14:02:03 INFO      enlaceinmobiliario: 0 avisos en 5s
14:02:03 INFO    Barriendo Rentas.cl (rentas_cl)…
14:02:05 DEBUG   [accesoinmobiliario] 1 avisos vía tarjetas
14:02:05 DEBUG   [rentas_cl] 1 avisos vía json-ld
14:02:05 INFO      rentas_cl: 1 avisos en 2s
14:02:05 INFO    Barriendo Arriendos.cl (arriendos_cl)…
14:02:06 INFO      arriendos_cl: 0 avisos en 1s
14:02:06 INFO    Barriendo Propiedades.cl (propiedades_cl)…
14:02:06 DEBUG   La red no quedó en silencio en https://houm.com/cl/arriendo-departamento-región-metropolitana/las-condes/173170; se lee igual
14:02:06 DEBUG   [houm] 1 avisos vía estado-embebido
14:02:07 DEBUG   [propiedades_cl] 6 avisos vía tarjetas
14:02:07 INFO      propiedades_cl: 6 avisos en 1s
14:02:07 INFO    Barriendo Clasificados.cl (clasificados_cl)…
14:02:11 DEBUG   [accesoinmobiliario] 1 avisos vía tarjetas
14:02:12 DEBUG   [clasificados_cl] 1 avisos vía tarjetas
14:02:12 INFO      clasificados_cl: 1 avisos en 5s
14:02:15 DEBUG   La red no quedó en silencio en https://houm.com/cl/arriendo-departamento-región-metropolitana/las-condes/175757; se lee igual
14:02:15 DEBUG   [houm] 1 avisos vía estado-embebido
14:02:17 INFO      accesoinmobiliario: 19 avisos en 28s
14:02:18 DEBUG   [goplaceit] 30 avisos vía json-ld
14:02:24 DEBUG   La red no quedó en silencio en https://houm.com/cl/arriendo-departamento-región-metropolitana/ñuñoa/176912; se lee igual
14:02:24 DEBUG   [houm] 1 avisos vía estado-embebido
14:02:32 DEBUG   La red no quedó en silencio en https://houm.com/cl/arriendo-departamento-región-metropolitana/ñuñoa/174379; se lee igual
14:02:32 DEBUG   [houm] 1 avisos vía estado-embebido
14:02:39 DEBUG   La red no quedó en silencio en https://houm.com/cl/arriendo-departamento-región-metropolitana/providencia/175432; se lee igual
14:02:39 DEBUG   [houm] 1 avisos vía estado-embebido
14:02:43 INFO      goplaceit: 90 avisos en 103s
14:02:47 DEBUG   La red no quedó en silencio en https://houm.com/cl/arriendo-departamento-región-metropolitana/recoleta/176958; se lee igual
14:02:47 DEBUG   [houm] 1 avisos vía estado-embebido
14:02:47 INFO      houm: 36 avisos en 78s
14:02:47 INFO    Total crudo: 1415 avisos
14:02:47 INFO    Después de deduplicar: 488
14:02:47 INFO    Pasaron los filtros: 73
14:02:49 DEBUG   [yapo] 2 avisos vía json-ld
14:02:51 DEBUG   [yapo] 2 avisos vía json-ld
14:02:56 DEBUG   [toctoc] 1 avisos vía estado-embebido
14:02:57 DEBUG   [mitula] 3 avisos vía tarjetas
14:02:57 DEBUG   [chilepropiedades] 2 avisos vía json-ld
14:02:59 DEBUG   [chilepropiedades] 2 avisos vía json-ld
14:03:00 DEBUG   [mitula] 3 avisos vía tarjetas
14:03:04 DEBUG   Ficha de EKBQX sin candidato propio; no se fusiona
14:03:08 DEBUG   [toctoc] 1 avisos vía estado-embebido
14:03:11 DEBUG   [toctoc] 1 avisos vía estado-embebido
14:03:13 DEBUG   [doomos] 24 avisos vía tarjetas
14:03:13 DEBUG   Ficha de YVT22 sin candidato propio; no se fusiona
14:03:17 DEBUG   [toctoc] 1 avisos vía estado-embebido
14:03:20 DEBUG   [toctoc] 1 avisos vía estado-embebido
14:03:21 DEBUG   [chilepropiedades] 2 avisos vía json-ld
14:03:24 DEBUG   [toctoc] 1 avisos vía estado-embebido
14:03:25 DEBUG   Pin del mapa para XSY82: -33.39946, -70.57750
14:03:25 DEBUG   [yapo] 2 avisos vía tarjetas
14:03:25 DEBUG   Ficha de XSY82 sin candidato propio; no se fusiona
14:03:29 DEBUG   [toctoc] 1 avisos vía estado-embebido
14:03:32 DEBUG   [toctoc] 1 avisos vía estado-embebido
14:03:36 DEBUG   [toctoc] 1 avisos vía estado-embebido
14:03:36 DEBUG   [chilepropiedades] 2 avisos vía json-ld
14:03:38 DEBUG   Pin del mapa para W3E9R: -33.38911, -70.57248
14:03:38 DEBUG   Ficha de W3E9R sin candidato propio; no se fusiona
14:03:38 DEBUG   [chilepropiedades] 2 avisos vía json-ld
14:03:38 INFO    Enriquecido y descartado: 9Q7F5 (100 m² totales, no llega a más de 100 m²)
14:03:39 DEBUG   [doomos] 32 avisos vía tarjetas
14:03:39 DEBUG   Ficha de U44VT sin candidato propio; no se fusiona
14:03:42 DEBUG   [doomos] 33 avisos vía tarjetas
14:03:42 DEBUG   Ficha de KNAE9 sin candidato propio; no se fusiona
14:03:42 DEBUG   [mitula] 3 avisos vía tarjetas
14:03:44 DEBUG   [mitula] 3 avisos vía tarjetas
14:03:49 DEBUG   [toctoc] 1 avisos vía estado-embebido
14:03:53 DEBUG   [toctoc] 1 avisos vía estado-embebido
14:03:53 DEBUG   [chilepropiedades] 2 avisos vía json-ld
14:03:53 INFO    Enriquecido y descartado: HNZZD (90 m² totales, no llega a más de 100 m²)
14:03:53 DEBUG   [yapo] 2 avisos vía json-ld
14:03:58 DEBUG   [toctoc] 1 avisos vía estado-embebido
14:03:59 DEBUG   [doomos] 33 avisos vía tarjetas
14:03:59 DEBUG   Ficha de Q5K62 sin candidato propio; no se fusiona
14:04:04 DEBUG   [doomos] 24 avisos vía tarjetas
14:04:04 DEBUG   Ficha de 4PW2M sin candidato propio; no se fusiona
14:04:08 DEBUG   [toctoc] 1 avisos vía estado-embebido
14:04:16 DEBUG   Ficha de DSKEC sin candidato propio; no se fusiona
14:04:18 DEBUG   [doomos] 33 avisos vía tarjetas
14:04:18 DEBUG   Ficha de ZWNAN sin candidato propio; no se fusiona
14:04:23 DEBUG   [toctoc] 1 avisos vía estado-embebido
14:04:26 DEBUG   [toctoc] 1 avisos vía estado-embebido
14:04:31 DEBUG   Ficha de 28KH8 sin candidato propio; no se fusiona
14:04:35 DEBUG   Ficha de 6XFU4 sin candidato propio; no se fusiona
14:04:35 INFO    Fichas leídas: 45 — 2 ganaron el año, 1 la dirección, 2 se descartaron al verlas
14:04:36 INFO    Listo: 0 avisados de 71 candidatos
