14:39:11 INFO    UF = $40.881.68 (API del día)
14:39:11 INFO    Barriendo TocToc (toctoc)…
14:39:11 INFO    Barriendo Chilepropiedades (chilepropiedades)…
14:39:11 INFO    Barriendo GoPlaceIt (goplaceit)…
14:39:11 INFO    Barriendo Yapo (yapo)…
14:39:12 DEBUG   [chilepropiedades] 10 avisos vía tarjetas
14:39:13 INFO      yapo: 0 avisos en 2s
14:39:13 INFO    Barriendo BuscoNido (busconido)…
14:39:14 DEBUG   [chilepropiedades] 10 avisos vía tarjetas
14:39:14 DEBUG   [busconido] 23 avisos vía tarjetas
14:39:14 INFO      busconido: 23 avisos en 0s
14:39:14 INFO    Barriendo BienesOnline (bienesonline)…
14:39:15 DEBUG   [goplaceit] 30 avisos vía json-ld
14:39:15 DEBUG   [bienesonline] 15 avisos vía tarjetas
14:39:15 INFO      bienesonline: 15 avisos en 1s
14:39:15 INFO    Barriendo Economicos (El Mercurio) (economicos)…
14:39:16 WARNING https://www.economicos.cl/search/propiedades/vitacura/arriendo/departamento/0 respondió 403
14:39:16 INFO    [economicos] https://www.economicos.cl/search/propiedades/vitacura/arriendo/departamento/0 rebotó al GET; se reintenta con navegador
14:39:16 DEBUG   [chilepropiedades] 10 avisos vía tarjetas
14:39:16 INFO      chilepropiedades: 30 avisos en 4s
14:39:16 INFO    Barriendo iCasas (icasas)…
14:39:16 DEBUG   [icasas] 15 avisos vía tarjetas
14:39:18 DEBUG   [icasas] 15 avisos vía tarjetas
14:39:18 INFO      icasas: 30 avisos en 2s
14:39:18 INFO    Barriendo Doomos (doomos)…
14:39:19 DEBUG   La red no quedó en silencio en https://www.toctoc.com/arriendo/departamento/metropolitana/vitacura/3-dormitorios; se lee igual
14:39:20 INFO      economicos: 0 avisos en 5s
14:39:20 INFO    Barriendo Top Propiedades (toppropiedades)…
14:39:20 DEBUG   [toctoc] 72 avisos vía json-ld
14:39:21 DEBUG   [doomos] 32 avisos vía tarjetas
14:39:21 INFO      doomos: 32 avisos en 3s
14:39:21 INFO    Barriendo Nuroa (nuroa)…
14:39:22 DEBUG   Encoding detection: ascii is most likely the one.
14:39:23 DEBUG   [nuroa] 25 avisos vía json-ld
14:39:24 DEBUG   [toppropiedades] 1 avisos vía json-ld
14:39:25 DEBUG   [nuroa] 25 avisos vía json-ld
14:39:26 DEBUG   [toppropiedades] 1 avisos vía json-ld
14:39:27 DEBUG   [nuroa] 25 avisos vía json-ld
14:39:28 DEBUG   [toppropiedades] 1 avisos vía json-ld
14:39:28 DEBUG   La red no quedó en silencio en https://www.toctoc.com/arriendo/departamento/metropolitana/vitacura/3-dormitorios?pagina=2; se lee igual
14:39:29 DEBUG   [toctoc] 20 avisos vía json-ld
14:39:29 DEBUG   [nuroa] 25 avisos vía json-ld
14:39:29 INFO      nuroa: 100 avisos en 9s
14:39:29 INFO    Barriendo Mitula (mitula)…
14:39:30 DEBUG   [toppropiedades] 1 avisos vía json-ld
14:39:30 WARNING https://casas.mitula.cl/casas/arriendo-departamentos-vitacura respondió 401
14:39:30 INFO    [mitula] https://casas.mitula.cl/casas/arriendo-departamentos-vitacura rebotó al GET; se reintenta con navegador
14:39:32 DEBUG   [toppropiedades] 1 avisos vía json-ld
14:39:32 INFO      mitula: 0 avisos en 3s
14:39:32 INFO    Barriendo Houm (houm)…
14:39:34 DEBUG   [toppropiedades] 1 avisos vía json-ld
14:39:36 DEBUG   [toppropiedades] 1 avisos vía json-ld
14:39:36 DEBUG   La red no quedó en silencio en https://www.toctoc.com/arriendo/departamento/metropolitana/vitacura/3-dormitorios?pagina=3; se lee igual
14:39:37 DEBUG   [toctoc] 20 avisos vía json-ld
14:39:38 DEBUG   [toppropiedades] 1 avisos vía json-ld
14:39:38 INFO      toppropiedades: 8 avisos en 18s
14:39:38 INFO    Barriendo Hey! Homes (heyhomes)…
14:39:41 DEBUG   [heyhomes] 9 avisos vía tarjetas
14:39:41 INFO      heyhomes: 9 avisos en 3s
14:39:41 INFO    Barriendo Engel & Völkers (engelvoelkers)…
14:39:44 DEBUG   La red no quedó en silencio en https://houm.com/cl/arriendo-departamentos-region-metropolitana/vitacura/3-dormitorios; se lee igual
14:39:44 DEBUG   [houm] 28 avisos vía json-ld
14:39:47 DEBUG   [engelvoelkers] 15 avisos vía tarjetas
14:39:47 INFO      engelvoelkers: 15 avisos en 6s
14:39:47 INFO    Barriendo RE/MAX Chile (remax)…
14:39:48 DEBUG   La red no quedó en silencio en https://www.toctoc.com/arriendo/departamento/metropolitana/vitacura/4-dormitorios; se lee igual
14:39:49 DEBUG   [toctoc] 20 avisos vía json-ld
14:39:50 DEBUG   [goplaceit] 30 avisos vía json-ld
14:39:54 INFO      remax: 0 avisos en 7s
14:39:54 INFO    Barriendo Fuenzalida Propiedades (fuenzalida)…
14:39:56 DEBUG   La red no quedó en silencio en https://houm.com/cl/arriendo-departamento-región-metropolitana/las-condes/170742; se lee igual
14:39:56 DEBUG   [houm] 1 avisos vía estado-embebido
14:39:58 DEBUG   [fuenzalida] 16 avisos vía tarjetas
14:40:00 DEBUG   [fuenzalida] 20 avisos vía tarjetas
14:40:02 DEBUG   [toctoc] 20 avisos vía json-ld
14:40:03 DEBUG   [fuenzalida] 20 avisos vía tarjetas
14:40:03 INFO      fuenzalida: 56 avisos en 9s
14:40:03 INFO    Barriendo Century 21 Chile (century21)…
14:40:04 INFO      century21: 0 avisos en 1s
14:40:04 INFO    Barriendo Property Partners (propertypartners)…
14:40:05 DEBUG   [propertypartners] 1 avisos vía tarjetas
14:40:05 INFO      propertypartners: 1 avisos en 1s
14:40:05 INFO    Barriendo Acceso Inmobiliario (accesoinmobiliario)…
14:40:07 DEBUG   La red no quedó en silencio en https://houm.com/cl/arriendo-departamento-región-metropolitana/las-condes/175757; se lee igual
14:40:07 DEBUG   [houm] 1 avisos vía estado-embebido
14:40:10 DEBUG   [accesoinmobiliario] 16 avisos vía tarjetas
14:40:12 DEBUG   [toctoc] 4 avisos vía json-ld
14:40:12 INFO      toctoc: 156 avisos en 60s
14:40:12 INFO    Barriendo Magnolia Property (magnoliaproperty)…
14:40:12 DEBUG   [magnoliaproperty] 8 avisos vía tarjetas
14:40:12 INFO      magnoliaproperty: 8 avisos en 0s
14:40:12 INFO    Barriendo Portilla Propiedades (portillapropiedades)…
14:40:13 DEBUG   [portillapropiedades] 2 avisos vía tarjetas
14:40:13 INFO      portillapropiedades: 2 avisos en 1s
14:40:13 INFO    Barriendo Nativo Propiedades (nativopropiedades)…
14:40:14 DEBUG   [nativopropiedades] 10 avisos vía tarjetas
14:40:14 INFO      nativopropiedades: 10 avisos en 1s
14:40:14 INFO    Barriendo Enlace Inmobiliario (enlaceinmobiliario)…
14:40:14 WARNING https://www.enlaceinmobiliario.cl/ respondió 403
14:40:14 INFO    [enlaceinmobiliario] https://www.enlaceinmobiliario.cl/ rebotó al GET; se reintenta con navegador
14:40:19 DEBUG   La red no quedó en silencio en https://houm.com/cl/arriendo-departamento-región-metropolitana/ñuñoa/164010; se lee igual
14:40:19 DEBUG   [houm] 1 avisos vía estado-embebido
14:40:24 INFO      enlaceinmobiliario: 0 avisos en 11s
14:40:24 INFO    Barriendo Rentas.cl (rentas_cl)…
14:40:25 DEBUG   [accesoinmobiliario] 1 avisos vía tarjetas
14:40:26 DEBUG   [rentas_cl] 1 avisos vía json-ld
14:40:26 INFO      rentas_cl: 1 avisos en 2s
14:40:26 INFO    Barriendo Arriendos.cl (arriendos_cl)…
14:40:27 INFO      arriendos_cl: 0 avisos en 1s
14:40:27 INFO    Barriendo Propiedades.cl (propiedades_cl)…
14:40:28 DEBUG   [propiedades_cl] 6 avisos vía tarjetas
14:40:28 INFO      propiedades_cl: 6 avisos en 0s
14:40:28 INFO    Barriendo Clasificados.cl (clasificados_cl)…
14:40:29 DEBUG   [clasificados_cl] 1 avisos vía tarjetas
14:40:29 INFO      clasificados_cl: 1 avisos en 1s
14:40:31 DEBUG   La red no quedó en silencio en https://houm.com/cl/arriendo-departamento-región-metropolitana/ñuñoa/174379; se lee igual
14:40:32 DEBUG   [houm] 1 avisos vía estado-embebido
14:40:34 DEBUG   [accesoinmobiliario] 1 avisos vía tarjetas
14:40:37 DEBUG   [accesoinmobiliario] 1 avisos vía tarjetas
14:40:41 DEBUG   [goplaceit] 30 avisos vía json-ld
14:40:41 DEBUG   La red no quedó en silencio en https://houm.com/cl/arriendo-departamento-región-metropolitana/recoleta/178185; se lee igual
14:40:41 DEBUG   [houm] 1 avisos vía estado-embebido
14:40:50 DEBUG   La red no quedó en silencio en https://houm.com/cl/arriendo-departamento-región-metropolitana/las-condes/177842; se lee igual
14:40:50 DEBUG   [houm] 1 avisos vía estado-embebido
14:40:53 INFO      accesoinmobiliario: 19 avisos en 48s
14:40:58 DEBUG   La red no quedó en silencio en https://houm.com/cl/arriendo-departamento-región-metropolitana/recoleta/176958; se lee igual
14:40:58 DEBUG   [houm] 1 avisos vía estado-embebido
14:41:06 DEBUG   La red no quedó en silencio en https://houm.com/cl/arriendo-departamento-región-metropolitana/recoleta/90462; se lee igual
14:41:06 DEBUG   [houm] 1 avisos vía estado-embebido
14:41:06 INFO      houm: 36 avisos en 94s
14:41:08 INFO      goplaceit: 90 avisos en 117s
14:41:08 INFO    Total crudo: 648 avisos
14:41:08 INFO    Después de deduplicar: 397
14:41:08 INFO    Pasaron los filtros: 78
14:41:48 DEBUG   [doomos] 16 avisos vía tarjetas
14:41:48 DEBUG   Ficha de YVT22 sin candidato propio; no se fusiona
14:41:49 DEBUG   Ficha de HW5MX sin candidato propio; no se fusiona
14:41:58 DEBUG   [doomos] 25 avisos vía tarjetas
14:41:58 DEBUG   Ficha de U44VT sin candidato propio; no se fusiona
14:42:18 WARNING Error en https://www.doomos.cl/de/1379469_vitacura-depto-amoblado-3-dorm-2-banos-ser-y-estar.html (intento 1/3): HTTPSConnectionPool(host='www.doomos.cl', port=443): Read timed out. (read timeout=20)
14:42:40 WARNING Error en https://www.doomos.cl/de/1379469_vitacura-depto-amoblado-3-dorm-2-banos-ser-y-estar.html (intento 2/3): HTTPSConnectionPool(host='www.doomos.cl', port=443): Read timed out. (read timeout=20)
14:43:04 WARNING Error en https://www.doomos.cl/de/1379469_vitacura-depto-amoblado-3-dorm-2-banos-ser-y-estar.html (intento 3/3): HTTPSConnectionPool(host='www.doomos.cl', port=443): Read timed out. (read timeout=20)
14:43:24 WARNING Error en https://www.doomos.cl/de/1379469_vitacura-depto-amoblado-3-dorm-2-banos-ser-y-estar.html (intento 1/3): HTTPSConnectionPool(host='www.doomos.cl', port=443): Read timed out. (read timeout=20)
14:43:37 DEBUG   [doomos] 25 avisos vía tarjetas
14:43:37 DEBUG   Ficha de PR3QK sin candidato propio; no se fusiona
14:43:41 DEBUG   [doomos] 25 avisos vía tarjetas
14:43:41 DEBUG   Ficha de 2HWEW sin candidato propio; no se fusiona
14:43:44 DEBUG   [doomos] 25 avisos vía tarjetas
14:43:44 DEBUG   Ficha de ZWNAN sin candidato propio; no se fusiona
14:43:51 DEBUG   Pin del mapa para 926YZ: -33.40410, -70.59081
14:43:51 DEBUG   [toctoc] 1 avisos vía estado-embebido
14:43:51 INFO    Enriquecido y descartado: P9HA4 (arriendo de $2.575.546 sobre el máximo negociable de $1.904.000)
14:43:56 DEBUG   Pin del mapa para WUDC7: -33.40513, -70.59400
14:43:56 DEBUG   [toctoc] 1 avisos vía estado-embebido
14:43:56 INFO    Enriquecido y descartado: BYPVE (100 m² totales, no llega a más de 100 m²)
14:44:02 DEBUG   Pin del mapa para 3DU7Q: -33.40490, -70.59654
14:44:02 DEBUG   [toctoc] 1 avisos vía estado-embebido
14:44:02 INFO    Enriquecido y descartado: K7URV (arriendo de $2.861.718 sobre el máximo negociable de $1.904.000)
14:44:02 DEBUG   [magnoliaproperty] 2 avisos vía tarjetas
14:44:08 DEBUG   [toctoc] 1 avisos vía estado-embebido
14:44:08 DEBUG   [busconido] 11 avisos vía tarjetas
14:44:08 DEBUG   Ficha de CAJ2A sin candidato propio; no se fusiona
14:44:12 INFO    Enriquecido y descartado: YAVJA (arriendo de $3.517.371 sobre el máximo negociable de $1.904.000)
14:44:18 DEBUG   Pin del mapa para EAZDB: -33.40383, -70.59820
14:44:18 DEBUG   [toctoc] 1 avisos vía estado-embebido
14:44:18 INFO    Enriquecido y descartado: 358CJ (arriendo de $4.701.393 sobre el máximo negociable de $1.904.000)
14:44:24 DEBUG   Pin del mapa para GDEV4: -33.40522, -70.59529
14:44:24 DEBUG   [toctoc] 1 avisos vía estado-embebido
14:44:24 INFO    Enriquecido y descartado: URZMS (arriendo de $3.600.000 sobre el máximo negociable de $1.904.000)
14:44:30 DEBUG   Pin del mapa para VB9ST: -33.38575, -70.56115
14:44:30 DEBUG   [toctoc] 1 avisos vía estado-embebido
14:44:30 INFO    Enriquecido y descartado: VZXBC (arriendo de $3.474.943 sobre el máximo negociable de $1.904.000)
14:44:35 DEBUG   Pin del mapa para MVQQV: -33.40571, -70.59718
14:44:35 DEBUG   [toctoc] 1 avisos vía estado-embebido
14:44:35 INFO    Enriquecido y descartado: DZCSP (arriendo de $3.270.534 sobre el máximo negociable de $1.904.000)
14:44:41 DEBUG   Pin del mapa para SNVMM: -33.40320, -70.59258
14:44:41 DEBUG   [toctoc] 1 avisos vía estado-embebido
14:44:41 INFO    Enriquecido y descartado: W3RD8 (arriendo de $3.066.126 sobre el máximo negociable de $1.904.000)
14:44:47 DEBUG   Pin del mapa para 9YQR3: -33.37213, -70.54192
14:44:47 DEBUG   [toctoc] 1 avisos vía estado-embebido
14:44:47 INFO    Enriquecido y descartado: E9R23 (arriendo de $4.496.985 sobre el máximo negociable de $1.904.000)
14:44:50 INFO    Enriquecido y descartado: CC2AY (arriendo de $2.032.258 sobre el máximo negociable de $1.904.000)
14:44:57 DEBUG   La red no quedó en silencio en https://www.toctoc.com/arriendo/departamento/metropolitana/vitacura/b_cb4f3892be878d5f5d5f71b811a6f8c135f3484d; se lee igual
14:44:58 DEBUG   Pin del mapa para EJMU3: -33.39788, -70.58897
14:44:58 DEBUG   [toctoc] 1 avisos vía estado-embebido
14:44:58 INFO    Enriquecido y descartado: W6ATB (arriendo de $2.412.019 sobre el máximo negociable de $1.904.000)
14:45:03 DEBUG   Pin del mapa para HCBT4: -33.40571, -70.59352
14:45:03 DEBUG   [toctoc] 1 avisos vía estado-embebido
14:45:03 INFO    Enriquecido y descartado: XGTG5 (45 años (construido en 1981), sobre el máximo de 30)
14:45:09 DEBUG   Pin del mapa para D2GPN: -33.39031, -70.59455
14:45:09 DEBUG   [toctoc] 1 avisos vía estado-embebido
14:45:09 INFO    Enriquecido y descartado: YNANX (arriendo de $3.270.534 sobre el máximo negociable de $1.904.000)
14:45:15 DEBUG   Pin del mapa para X3YFD: -33.40596, -70.59695
14:45:15 DEBUG   [toctoc] 1 avisos vía estado-embebido
14:45:15 INFO    Enriquecido y descartado: B5SVA (arriendo de $3.270.534 sobre el máximo negociable de $1.904.000)
14:45:21 DEBUG   Pin del mapa para JS3C5: -33.37683, -70.54385
14:45:21 DEBUG   [toctoc] 1 avisos vía estado-embebido
14:45:21 INFO    Enriquecido y descartado: 4JZ9G (arriendo de $1.962.321 sobre el máximo negociable de $1.904.000)
14:45:21 DEBUG   [busconido] 10 avisos vía tarjetas
14:45:21 DEBUG   Ficha de 9PHHM sin candidato propio; no se fusiona
14:45:28 DEBUG   [toctoc] 1 avisos vía estado-embebido
14:45:28 INFO    Enriquecido y descartado: QTDYS (arriendo de $3.270.534 sobre el máximo negociable de $1.904.000)
14:45:34 DEBUG   [toctoc] 1 avisos vía estado-embebido
14:45:34 INFO    Enriquecido y descartado: XYCGS (arriendo de $2.412.019 sobre el máximo negociable de $1.904.000)
14:45:39 DEBUG   [toctoc] 1 avisos vía estado-embebido
14:45:39 INFO    Enriquecido y descartado: B2N6Q (arriendo de $3.270.534 sobre el máximo negociable de $1.904.000)
14:45:46 DEBUG   [toctoc] 1 avisos vía estado-embebido
14:45:46 INFO    Enriquecido y descartado: DNSPN (arriendo de $3.066.126 sobre el máximo negociable de $1.904.000)
14:45:48 DEBUG   [doomos] 16 avisos vía tarjetas
14:45:48 DEBUG   Ficha de J5JN4 sin candidato propio; no se fusiona
14:45:53 DEBUG   [toctoc] 1 avisos vía estado-embebido
14:45:57 DEBUG   [doomos] 25 avisos vía tarjetas
14:45:57 DEBUG   Ficha de P8XMT sin candidato propio; no se fusiona
14:46:02 DEBUG   [engelvoelkers] 1 avisos vía json-ld
14:46:07 DEBUG   [toctoc] 1 avisos vía estado-embebido
14:46:13 DEBUG   [toctoc] 1 avisos vía estado-embebido
14:46:24 DEBUG   [toctoc] 1 avisos vía estado-embebido
14:46:29 DEBUG   [toctoc] 1 avisos vía estado-embebido
14:46:34 DEBUG   [toctoc] 1 avisos vía estado-embebido
14:46:34 INFO    Enriquecido y descartado: 2VPS4 (arriendo de $4.006.405 sobre el máximo negociable de $1.904.000)
14:46:39 DEBUG   [toctoc] 1 avisos vía estado-embebido
14:46:39 INFO    Enriquecido y descartado: QKSRR (arriendo de $3.474.943 sobre el máximo negociable de $1.904.000)
14:46:45 INFO    Enriquecido y descartado: 75BRH (arriendo de $2.931.142 sobre el máximo negociable de $1.904.000)
14:46:50 DEBUG   [toctoc] 1 avisos vía estado-embebido
14:46:50 INFO    Enriquecido y descartado: THCTF (arriendo de $2.493.782 sobre el máximo negociable de $1.904.000)
14:47:17 INFO    Enriquecido y descartado: 75BRH (arriendo de $1.954.095 sobre el máximo negociable de $1.904.000)
14:47:25 DEBUG   [toctoc] 1 avisos vía estado-embebido
14:47:25 INFO    Enriquecido y descartado: 6KA2M (arriendo de $3.066.126 sobre el máximo negociable de $1.904.000)
14:47:38 DEBUG   [toctoc] 1 avisos vía estado-embebido
14:47:43 DEBUG   [toctoc] 1 avisos vía estado-embebido
14:47:43 INFO    Enriquecido y descartado: 4V73Z (arriendo de $4.701.393 sobre el máximo negociable de $1.904.000)
14:47:49 DEBUG   [toctoc] 1 avisos vía estado-embebido
14:47:49 INFO    Enriquecido y descartado: ZDZSQ (arriendo de $2.248.492 sobre el máximo negociable de $1.904.000)
14:47:56 DEBUG   La red no quedó en silencio en https://www.toctoc.com/arriendo/departamento/metropolitana/vitacura/b_70250cafe96b0cfb65091be7ab43dd8275930762; se lee igual
14:47:57 DEBUG   [toctoc] 1 avisos vía estado-embebido
14:47:57 INFO    Enriquecido y descartado: 8YSPF (arriendo de $4.500.000 sobre el máximo negociable de $1.904.000)
14:48:03 DEBUG   [toctoc] 1 avisos vía estado-embebido
14:48:03 INFO    Enriquecido y descartado: 3N59D (arriendo de $3.066.126 sobre el máximo negociable de $1.904.000)
14:48:09 DEBUG   [toctoc] 1 avisos vía estado-embebido
14:48:09 INFO    Enriquecido y descartado: 4W5ZG (arriendo de $3.597.588 sobre el máximo negociable de $1.904.000)
14:48:15 DEBUG   [toctoc] 1 avisos vía estado-embebido
14:48:15 INFO    Enriquecido y descartado: JKM2T (arriendo de $2.289.374 sobre el máximo negociable de $1.904.000)
14:48:23 DEBUG   [toctoc] 1 avisos vía estado-embebido
14:48:23 INFO    Enriquecido y descartado: 9JAPA (arriendo de $2.452.901 sobre el máximo negociable de $1.904.000)
14:48:30 DEBUG   La red no quedó en silencio en https://www.toctoc.com/arriendo/departamento/metropolitana/vitacura/b_8d7cfebe1062033f05e1df1296cb8647a46a8d1b; se lee igual
14:48:30 DEBUG   [toctoc] 1 avisos vía estado-embebido
14:48:35 DEBUG   [toctoc] 1 avisos vía estado-embebido
14:48:41 DEBUG   [toctoc] 1 avisos vía estado-embebido
14:48:41 INFO    Enriquecido y descartado: K7URV (arriendo de $3.474.943 sobre el máximo negociable de $1.904.000)
14:48:46 DEBUG   [toctoc] 1 avisos vía estado-embebido
14:48:53 DEBUG   [toctoc] 1 avisos vía estado-embebido
14:48:58 DEBUG   [toctoc] 1 avisos vía estado-embebido
14:49:05 DEBUG   La red no quedó en silencio en https://www.toctoc.com/arriendo/departamento/metropolitana/vitacura/b_dd470a6196689e0d8f0f051c723f233fb535a000; se lee igual
14:49:05 DEBUG   [toctoc] 1 avisos vía estado-embebido
14:49:11 DEBUG   [toctoc] 1 avisos vía estado-embebido
14:49:17 DEBUG   [toctoc] 1 avisos vía estado-embebido
14:49:20 INFO    Enriquecido y descartado: 75BRH (arriendo de $4.299.009 sobre el máximo negociable de $1.904.000)
14:49:23 INFO    Fichas leídas: 78 — 8 ganaron el año, 14 la dirección; 35 se descartaron al verlas (1 por viejos)
14:49:25 INFO    Listo: 0 avisados de 43 candidatos
