17:22:19 INFO    No se pudo traer la UF del día (ReadTimeout); se usa el respaldo
17:22:19 INFO    UF = $40.865.87 (caché de hace 0 día(s) — la API no respondió)
17:22:19 INFO    Barriendo TocToc (toctoc)…
17:22:19 INFO    Barriendo Chilepropiedades (chilepropiedades)…
17:22:19 INFO    Barriendo GoPlaceIt (goplaceit)…
17:22:19 INFO    Barriendo Yapo (yapo)…
17:22:19 DEBUG   [chilepropiedades] 10 avisos vía tarjetas
17:22:20 DEBUG   [yapo] 30 avisos vía tarjetas
17:22:21 DEBUG   [chilepropiedades] 10 avisos vía tarjetas
17:22:22 DEBUG   [goplaceit] 30 avisos vía json-ld
17:22:23 DEBUG   [yapo] 30 avisos vía tarjetas
17:22:23 DEBUG   [chilepropiedades] 10 avisos vía tarjetas
17:22:23 INFO      chilepropiedades: 30 avisos en 5s
17:22:23 INFO    Barriendo BuscoNido (busconido)…
17:22:25 DEBUG   [busconido] 23 avisos vía tarjetas
17:22:25 INFO      busconido: 23 avisos en 1s
17:22:25 INFO    Barriendo BienesOnline (bienesonline)…
17:22:25 DEBUG   [yapo] 30 avisos vía tarjetas
17:22:25 INFO      yapo: 90 avisos en 6s
17:22:25 INFO    Barriendo Economicos (El Mercurio) (economicos)…
17:22:25 DEBUG   [economicos] 20 avisos vía tarjetas
17:22:26 DEBUG   [bienesonline] 19 avisos vía tarjetas
17:22:26 INFO      bienesonline: 19 avisos en 1s
17:22:26 INFO    Barriendo iCasas (icasas)…
17:22:26 DEBUG   [icasas] 15 avisos vía tarjetas
17:22:27 DEBUG   [economicos] 18 avisos vía tarjetas
17:22:29 DEBUG   [toctoc] 140 avisos vía estado-embebido
17:22:29 DEBUG   [icasas] 15 avisos vía tarjetas
17:22:29 INFO      icasas: 30 avisos en 4s
17:22:29 INFO    Barriendo Doomos (doomos)…
17:22:29 DEBUG   [economicos] 13 avisos vía tarjetas
17:22:29 INFO      economicos: 51 avisos en 4s
17:22:29 INFO    Barriendo Top Propiedades (toppropiedades)…
17:22:31 DEBUG   [doomos] 31 avisos vía tarjetas
17:22:31 INFO      doomos: 31 avisos en 2s
17:22:31 INFO    Barriendo Nuroa (nuroa)…
17:22:31 DEBUG   Encoding detection: ascii is most likely the one.
17:22:32 DEBUG   [nuroa] 25 avisos vía json-ld
17:22:33 DEBUG   [toppropiedades] 1 avisos vía json-ld
17:22:35 DEBUG   [nuroa] 25 avisos vía json-ld
17:22:35 DEBUG   [toppropiedades] 1 avisos vía json-ld
17:22:37 DEBUG   [nuroa] 25 avisos vía json-ld
17:22:37 DEBUG   [toppropiedades] 1 avisos vía json-ld
17:22:39 DEBUG   [nuroa] 25 avisos vía json-ld
17:22:39 INFO      nuroa: 100 avisos en 8s
17:22:39 INFO    Barriendo Mitula (mitula)…
17:22:39 DEBUG   [toppropiedades] 1 avisos vía json-ld
17:22:40 DEBUG   [toctoc] 140 avisos vía estado-embebido
17:22:41 DEBUG   [mitula] 30 avisos vía json-ld
17:22:41 DEBUG   [toppropiedades] 1 avisos vía json-ld
17:22:43 DEBUG   [mitula] 30 avisos vía json-ld
17:22:43 INFO      mitula: 60 avisos en 4s
17:22:43 INFO    Barriendo Houm (houm)…
17:22:43 DEBUG   [toppropiedades] 1 avisos vía json-ld
17:22:45 DEBUG   [toppropiedades] 1 avisos vía json-ld
17:22:47 DEBUG   [toppropiedades] 1 avisos vía json-ld
17:22:47 INFO      toppropiedades: 8 avisos en 18s
17:22:47 INFO    Barriendo Hey! Homes (heyhomes)…
17:22:48 DEBUG   [toctoc] 140 avisos vía estado-embebido
17:22:50 DEBUG   [heyhomes] 9 avisos vía tarjetas
17:22:50 INFO      heyhomes: 9 avisos en 3s
17:22:50 INFO    Barriendo Engel & Völkers (engelvoelkers)…
17:22:54 DEBUG   La red no quedó en silencio en https://houm.com/cl/arriendo-departamentos-region-metropolitana/vitacura/3-dormitorios; se lee igual
17:22:54 DEBUG   [houm] 28 avisos vía json-ld
17:22:58 DEBUG   [toctoc] 102 avisos vía estado-embebido
17:23:01 DEBUG   [engelvoelkers] 17 avisos vía tarjetas
17:23:01 INFO      engelvoelkers: 17 avisos en 11s
17:23:01 INFO    Barriendo RE/MAX Chile (remax)…
17:23:06 DEBUG   La red no quedó en silencio en https://houm.com/cl/arriendo-departamento-región-metropolitana/las-condes/170742; se lee igual
17:23:06 DEBUG   [houm] 1 avisos vía estado-embebido
17:23:08 DEBUG   [toctoc] 102 avisos vía estado-embebido
17:23:10 DEBUG   [goplaceit] 30 avisos vía json-ld
17:23:14 DEBUG   La red no quedó en silencio en https://www.remax.cl/es-cl/busqueda/metropolitana-de-santiago/santiago/vitacura/residencial-departamento/arriendo/; se lee igual
17:23:14 DEBUG   [remax] 6 avisos vía tarjetas
17:23:18 DEBUG   La red no quedó en silencio en https://houm.com/cl/arriendo-departamento-región-metropolitana/las-condes/175757; se lee igual
17:23:18 DEBUG   [houm] 1 avisos vía estado-embebido
17:23:25 DEBUG   [toctoc] 102 avisos vía estado-embebido
17:23:25 INFO      toctoc: 726 avisos en 67s
17:23:25 INFO    Barriendo Fuenzalida Propiedades (fuenzalida)…
17:23:25 INFO      remax: 6 avisos en 24s
17:23:25 INFO    Barriendo Century 21 Chile (century21)…
17:23:27 INFO      century21: 0 avisos en 2s
17:23:27 INFO    Barriendo Property Partners (propertypartners)…
17:23:28 DEBUG   [propertypartners] 1 avisos vía tarjetas
17:23:28 INFO      propertypartners: 1 avisos en 0s
17:23:28 INFO    Barriendo Acceso Inmobiliario (accesoinmobiliario)…
17:23:29 DEBUG   [fuenzalida] 16 avisos vía tarjetas
17:23:31 DEBUG   [accesoinmobiliario] 15 avisos vía tarjetas
17:23:32 DEBUG   La red no quedó en silencio en https://houm.com/cl/arriendo-departamento-región-metropolitana/ñuñoa/176912; se lee igual
17:23:32 DEBUG   [houm] 1 avisos vía estado-embebido
17:23:34 DEBUG   [fuenzalida] 20 avisos vía tarjetas
17:23:34 DEBUG   [accesoinmobiliario] 1 avisos vía tarjetas
17:23:38 DEBUG   [fuenzalida] 20 avisos vía tarjetas
17:23:38 INFO      fuenzalida: 56 avisos en 13s
17:23:38 INFO    Barriendo Magnolia Property (magnoliaproperty)…
17:23:39 DEBUG   [magnoliaproperty] 7 avisos vía tarjetas
17:23:39 INFO      magnoliaproperty: 7 avisos en 1s
17:23:39 INFO    Barriendo Portilla Propiedades (portillapropiedades)…
17:23:40 DEBUG   [portillapropiedades] 2 avisos vía tarjetas
17:23:40 INFO      portillapropiedades: 2 avisos en 1s
17:23:40 INFO    Barriendo Nativo Propiedades (nativopropiedades)…
17:23:40 DEBUG   [nativopropiedades] 7 avisos vía tarjetas
17:23:40 INFO      nativopropiedades: 7 avisos en 1s
17:23:40 INFO    Barriendo Enlace Inmobiliario (enlaceinmobiliario)…
17:23:40 WARNING https://www.enlaceinmobiliario.cl/ respondió 403
17:23:40 INFO    [enlaceinmobiliario] https://www.enlaceinmobiliario.cl/ rebotó al GET; se reintenta con navegador
17:23:41 DEBUG   La red no quedó en silencio en https://houm.com/cl/arriendo-departamento-región-metropolitana/ñuñoa/174379; se lee igual
17:23:41 DEBUG   [houm] 1 avisos vía estado-embebido
17:23:44 INFO      enlaceinmobiliario: 0 avisos en 4s
17:23:44 INFO    Barriendo Rentas.cl (rentas_cl)…
17:23:45 DEBUG   [rentas_cl] 1 avisos vía json-ld
17:23:45 INFO      rentas_cl: 1 avisos en 1s
17:23:45 INFO    Barriendo Arriendos.cl (arriendos_cl)…
17:23:46 INFO      arriendos_cl: 0 avisos en 1s
17:23:46 INFO    Barriendo Propiedades.cl (propiedades_cl)…
17:23:47 DEBUG   [propiedades_cl] 6 avisos vía tarjetas
17:23:47 INFO      propiedades_cl: 6 avisos en 1s
17:23:47 INFO    Barriendo Clasificados.cl (clasificados_cl)…
17:23:50 DEBUG   [clasificados_cl] 1 avisos vía tarjetas
17:23:50 INFO      clasificados_cl: 1 avisos en 3s
17:23:51 DEBUG   La red no quedó en silencio en https://houm.com/cl/arriendo-departamento-región-metropolitana/recoleta/176958; se lee igual
17:23:52 DEBUG   [houm] 1 avisos vía estado-embebido
17:23:56 DEBUG   [accesoinmobiliario] 1 avisos vía tarjetas
17:23:56 INFO      accesoinmobiliario: 17 avisos en 29s
17:24:00 DEBUG   [goplaceit] 30 avisos vía json-ld
17:24:01 DEBUG   La red no quedó en silencio en https://houm.com/cl/arriendo-departamento-región-metropolitana/recoleta/90462; se lee igual
17:24:01 DEBUG   [houm] 1 avisos vía estado-embebido
17:24:09 DEBUG   La red no quedó en silencio en https://houm.com/cl/arriendo-departamento-región-metropolitana/recoleta/177459; se lee igual
17:24:09 DEBUG   [houm] 1 avisos vía estado-embebido
17:24:16 DEBUG   La red no quedó en silencio en https://houm.com/cl/arriendo-departamento-región-metropolitana/independencia/167934; se lee igual
17:24:17 DEBUG   [houm] 1 avisos vía estado-embebido
17:24:17 INFO      houm: 36 avisos en 94s
17:24:24 INFO      goplaceit: 90 avisos en 126s
17:24:24 INFO    Total crudo: 1424 avisos
17:24:25 INFO    Después de deduplicar: 550
17:24:25 DEBUG   Libreta: morande 626 se construyó en 2006 (accesoinmobiliario)
17:24:25 INFO    Pasaron los filtros: 71
17:25:00 DEBUG   [economicos] 1 avisos vía tarjetas
17:25:02 DEBUG   [doomos] 18 avisos vía tarjetas
17:25:02 DEBUG   Ficha de YVT22 sin candidato propio; no se fusiona
17:25:04 DEBUG   Ficha de HW5MX sin candidato propio; no se fusiona
17:25:04 DEBUG   [economicos] 1 avisos vía tarjetas
17:25:06 DEBUG   [economicos] 1 avisos vía tarjetas
17:25:08 DEBUG   [economicos] 1 avisos vía tarjetas
17:25:10 DEBUG   [economicos] 1 avisos vía tarjetas
17:25:12 DEBUG   [doomos] 26 avisos vía tarjetas
17:25:12 DEBUG   Ficha de U44VT sin candidato propio; no se fusiona
17:25:12 DEBUG   [chilepropiedades] 2 avisos vía json-ld
17:25:12 INFO    Enriquecido y descartado: Q7G5Y (94.6 m² totales, no llega a más de 100 m²)
17:25:12 DEBUG   [economicos] 1 avisos vía tarjetas
17:25:14 DEBUG   [doomos] 27 avisos vía tarjetas
17:25:14 DEBUG   Ficha de ZWNAN sin candidato propio; no se fusiona
17:25:15 DEBUG   [doomos] 27 avisos vía tarjetas
17:25:15 DEBUG   Ficha de 2HWEW sin candidato propio; no se fusiona
17:25:15 DEBUG   [economicos] 1 avisos vía tarjetas
17:25:17 DEBUG   [economicos] 1 avisos vía tarjetas
17:25:17 DEBUG   Ficha de XEC3Z sin candidato propio; no se fusiona
17:25:19 DEBUG   [economicos] 1 avisos vía tarjetas
17:25:20 DEBUG   [mitula] 3 avisos vía tarjetas
17:25:21 DEBUG   [busconido] 11 avisos vía tarjetas
17:25:21 DEBUG   Ficha de 3VJF2 sin candidato propio; no se fusiona
17:25:23 DEBUG   [busconido] 11 avisos vía tarjetas
17:25:23 DEBUG   Ficha de BFHTK sin candidato propio; no se fusiona
17:25:25 DEBUG   [busconido] 10 avisos vía tarjetas
17:25:25 DEBUG   Ficha de VWVRP sin candidato propio; no se fusiona
17:25:27 DEBUG   [busconido] 11 avisos vía tarjetas
17:25:27 DEBUG   Ficha de 96SA3 sin candidato propio; no se fusiona
17:25:29 DEBUG   [busconido] 10 avisos vía tarjetas
17:25:29 DEBUG   Ficha de YKJ8M sin candidato propio; no se fusiona
17:25:31 DEBUG   [busconido] 11 avisos vía tarjetas
17:25:31 DEBUG   Ficha de W7NQZ sin candidato propio; no se fusiona
17:25:33 DEBUG   [busconido] 10 avisos vía tarjetas
17:25:33 DEBUG   Ficha de GYN8J sin candidato propio; no se fusiona
17:25:35 DEBUG   [busconido] 10 avisos vía tarjetas
17:25:35 DEBUG   Ficha de H7M57 sin candidato propio; no se fusiona
17:25:37 DEBUG   [busconido] 11 avisos vía tarjetas
17:25:37 DEBUG   Ficha de NEJGD sin candidato propio; no se fusiona
17:25:39 DEBUG   [busconido] 11 avisos vía tarjetas
17:25:39 DEBUG   Ficha de Y69X8 sin candidato propio; no se fusiona
17:25:41 DEBUG   [busconido] 10 avisos vía tarjetas
17:25:41 DEBUG   Ficha de 3VW8K sin candidato propio; no se fusiona
17:25:43 DEBUG   [busconido] 11 avisos vía tarjetas
17:25:43 DEBUG   Ficha de Z7C3K sin candidato propio; no se fusiona
17:25:45 DEBUG   [busconido] 11 avisos vía tarjetas
17:25:45 DEBUG   Ficha de 3SYQT sin candidato propio; no se fusiona
17:25:45 DEBUG   [economicos] 1 avisos vía tarjetas
17:25:45 INFO    Enriquecido y descartado: S84GC (arriendo de $3.108.725 sobre el máximo negociable de $1.904.000)
17:25:47 DEBUG   [economicos] 1 avisos vía tarjetas
17:25:47 DEBUG   [busconido] 10 avisos vía tarjetas
17:25:47 DEBUG   Ficha de UVQY7 sin candidato propio; no se fusiona
17:25:50 DEBUG   [doomos] 18 avisos vía tarjetas
17:25:50 DEBUG   Ficha de J5JN4 sin candidato propio; no se fusiona
17:25:56 DEBUG   [toctoc] 1 avisos vía estado-embebido
17:26:02 DEBUG   [toctoc] 1 avisos vía estado-embebido
17:26:09 DEBUG   [doomos] 27 avisos vía tarjetas
17:26:09 DEBUG   Ficha de P8XMT sin candidato propio; no se fusiona
17:26:14 DEBUG   [toctoc] 1 avisos vía estado-embebido
17:26:21 DEBUG   La red no quedó en silencio en https://www.toctoc.com/propiedades/arriendocorredorasr/departamento/vitacura/acogedor-y-luminoso-departamento-ubicado-a-pasos-de-vitacura-y-kennedy/8e6e657f30127209018991e0ad1aa3be0153aa48; se lee igual
17:26:21 DEBUG   [toctoc] 1 avisos vía estado-embebido
17:26:26 DEBUG   [toctoc] 1 avisos vía estado-embebido
17:26:32 DEBUG   [toctoc] 1 avisos vía estado-embebido
17:26:42 DEBUG   [toctoc] 1 avisos vía estado-embebido
17:26:48 DEBUG   [toctoc] 1 avisos vía estado-embebido
17:26:54 DEBUG   [toctoc] 1 avisos vía estado-embebido
17:26:54 INFO    Enriquecido y descartado: 5ZREX (39 años (construido en 1987), sobre el máximo de 30)
17:26:54 DEBUG   Ficha de FMDKM sin candidato propio; no se fusiona
17:26:54 WARNING robots.txt no permite https://www.nuroa.cl/adform/10342-912-5f3d-19e92d3-bae6-98ff4d8aca01-7f27?click_type=0&pos=25&searchType=1&page=1&section=1&t_sec=1&sectionType=1&pageViewId=a337e875-3082-494f-8b5c-43d8caf970e8&t_pvid=a337e875-3082-494f-8b5c-43d8caf970e8&userAgent=Mozilla%2F5.0+%28compatible%3B+radar-arriendos%2F1.0%3B+uso+personal%2C+busqueda+de+arriendo%3B+%2Bhttps%3A%2F%2Fgithub.com%2Falfonsoandona%2Farriendos-vitacura%29&browser=1&isHuman=true&userIp=172.203.254.208&what=vitacura+departamento&search_terms=vitacura+departamento&origin=1&t_or=1&splitTestId=0 — se omite
17:26:58 DEBUG   [engelvoelkers] 1 avisos vía json-ld
17:27:03 INFO    Enriquecido y descartado: 75BRH (arriendo de $2.931.142 sobre el máximo negociable de $1.904.000)
17:27:25 INFO    Enriquecido y descartado: 75BRH (arriendo de $2.149.504 sobre el máximo negociable de $1.904.000)
17:27:34 INFO    Enriquecido y descartado: 75BRH (arriendo de $1.954.095 sobre el máximo negociable de $1.904.000)
17:27:50 DEBUG   [toctoc] 1 avisos vía estado-embebido
17:27:56 DEBUG   [toctoc] 1 avisos vía estado-embebido
17:28:02 DEBUG   [toctoc] 1 avisos vía estado-embebido
17:28:02 WARNING robots.txt no permite https://www.nuroa.cl/adform/10342-912-ee27-1a01d7c-a7bc-2ba3aed54f3e-81d8?click_type=0&pos=21&searchType=1&page=1&section=1&t_sec=1&sectionType=1&pageViewId=a337e875-3082-494f-8b5c-43d8caf970e8&t_pvid=a337e875-3082-494f-8b5c-43d8caf970e8&userAgent=Mozilla%2F5.0+%28compatible%3B+radar-arriendos%2F1.0%3B+uso+personal%2C+busqueda+de+arriendo%3B+%2Bhttps%3A%2F%2Fgithub.com%2Falfonsoandona%2Farriendos-vitacura%29&browser=1&isHuman=true&userIp=172.203.254.208&what=vitacura+departamento&search_terms=vitacura+departamento&origin=1&t_or=1&splitTestId=0 — se omite
17:28:11 DEBUG   [toctoc] 1 avisos vía estado-embebido
17:28:14 INFO    Enriquecido y descartado: 75BRH (arriendo de $4.611.664 sobre el máximo negociable de $1.904.000)
17:28:19 DEBUG   [mitula] 3 avisos vía tarjetas
17:28:19 INFO    Fichas leídas: 71 — 1 ganaron el año, 2 la dirección; 7 se descartaron al verlas (1 por viejos)
17:28:20 INFO    Listo: 0 avisados de 64 candidatos
