21:27:54 INFO    UF = $40.868.50 (API del día)
21:27:54 INFO    Barriendo TocToc (toctoc)…
21:27:54 INFO    Barriendo Chilepropiedades (chilepropiedades)…
21:27:54 INFO    Barriendo GoPlaceIt (goplaceit)…
21:27:54 INFO    Barriendo Yapo (yapo)…
21:27:55 DEBUG   [chilepropiedades] 10 avisos vía tarjetas
21:27:56 DEBUG   [yapo] 30 avisos vía tarjetas
21:27:57 DEBUG   [chilepropiedades] 10 avisos vía tarjetas
21:27:58 DEBUG   [goplaceit] 30 avisos vía json-ld
21:27:59 DEBUG   [yapo] 30 avisos vía tarjetas
21:27:59 DEBUG   [chilepropiedades] 10 avisos vía tarjetas
21:27:59 INFO      chilepropiedades: 30 avisos en 5s
21:27:59 INFO    Barriendo BuscoNido (busconido)…
21:27:59 DEBUG   [busconido] 23 avisos vía tarjetas
21:27:59 INFO      busconido: 23 avisos en 0s
21:27:59 INFO    Barriendo BienesOnline (bienesonline)…
21:28:01 DEBUG   [bienesonline] 15 avisos vía tarjetas
21:28:01 INFO      bienesonline: 15 avisos en 2s
21:28:01 INFO    Barriendo Economicos (El Mercurio) (economicos)…
21:28:01 DEBUG   [yapo] 30 avisos vía tarjetas
21:28:01 INFO      yapo: 90 avisos en 7s
21:28:01 INFO    Barriendo iCasas (icasas)…
21:28:02 DEBUG   [icasas] 15 avisos vía tarjetas
21:28:02 DEBUG   La red no quedó en silencio en https://www.toctoc.com/arriendo/departamento/metropolitana/vitacura/3-dormitorios; se lee igual
21:28:04 DEBUG   [toctoc] 71 avisos vía json-ld
21:28:04 DEBUG   [icasas] 15 avisos vía tarjetas
21:28:04 INFO      icasas: 30 avisos en 3s
21:28:04 INFO    Barriendo Doomos (doomos)…
21:28:06 DEBUG   [doomos] 30 avisos vía tarjetas
21:28:06 INFO      doomos: 30 avisos en 2s
21:28:06 INFO    Barriendo Top Propiedades (toppropiedades)…
21:28:10 DEBUG   [toppropiedades] 1 avisos vía json-ld
21:28:11 DEBUG   La red no quedó en silencio en https://www.toctoc.com/arriendo/departamento/metropolitana/vitacura/3-dormitorios?pagina=2; se lee igual
21:28:12 DEBUG   [toppropiedades] 1 avisos vía json-ld
21:28:13 DEBUG   [toctoc] 20 avisos vía json-ld
21:28:14 DEBUG   [toppropiedades] 1 avisos vía json-ld
21:28:16 DEBUG   [toppropiedades] 1 avisos vía json-ld
21:28:18 DEBUG   [toppropiedades] 1 avisos vía json-ld
21:28:20 DEBUG   [toppropiedades] 1 avisos vía json-ld
21:28:20 DEBUG   La red no quedó en silencio en https://www.toctoc.com/arriendo/departamento/metropolitana/vitacura/3-dormitorios?pagina=3; se lee igual
21:28:21 DEBUG   [toctoc] 71 avisos vía json-ld
21:28:22 DEBUG   [toppropiedades] 1 avisos vía json-ld
21:28:24 DEBUG   [toppropiedades] 1 avisos vía json-ld
21:28:24 INFO      toppropiedades: 8 avisos en 18s
21:28:24 INFO    Barriendo Nuroa (nuroa)…
21:28:25 DEBUG   Encoding detection: ascii is most likely the one.
21:28:26 DEBUG   [nuroa] 25 avisos vía json-ld
21:28:26 DEBUG   [goplaceit] 30 avisos vía json-ld
21:28:28 DEBUG   La red no quedó en silencio en https://www.toctoc.com/arriendo/departamento/metropolitana/vitacura/4-dormitorios; se lee igual
21:28:29 DEBUG   [nuroa] 25 avisos vía json-ld
21:28:29 DEBUG   [toctoc] 51 avisos vía json-ld
21:28:30 DEBUG   [nuroa] 25 avisos vía json-ld
21:28:31 WARNING Error en https://www.economicos.cl/search/propiedades/vitacura/arriendo/departamento/0 (intento 1/3): HTTPSConnectionPool(host='www.economicos.cl', port=443): Max retries exceeded with url: /search/propiedades/vitacura/arriendo/departamento/0 (Caused by ConnectTimeoutError(<HTTPSConnection(host='www.economicos.cl', port=443) at 0x7f2d8c05c200>, 'Connection to www.economicos.cl timed out. (connect timeout=20)'))
21:28:32 DEBUG   [nuroa] 25 avisos vía json-ld
21:28:33 INFO      nuroa: 100 avisos en 9s
21:28:33 INFO    Barriendo Mitula (mitula)…
21:28:34 DEBUG   [mitula] 30 avisos vía json-ld
21:28:37 DEBUG   [mitula] 30 avisos vía json-ld
21:28:37 DEBUG   La red no quedó en silencio en https://www.toctoc.com/arriendo/departamento/metropolitana/vitacura/4-dormitorios?pagina=2; se lee igual
21:28:37 INFO      mitula: 60 avisos en 4s
21:28:37 INFO    Barriendo Houm (houm)…
21:28:39 WARNING [toctoc] https://www.toctoc.com/arriendo/departamento/metropolitana/vitacura/4-dormitorios?pagina=2 falló: Page.content: Unable to retrieve content because the page is navigating and changing the content.
21:28:39 WARNING   toctoc: Page.content: Unable to retrieve content because the page is navigating and changing the content.
21:28:39 INFO      toctoc: 213 avisos en 45s
21:28:39 INFO    Barriendo Hey! Homes (heyhomes)…
21:28:42 DEBUG   [heyhomes] 9 avisos vía tarjetas
21:28:42 INFO      heyhomes: 9 avisos en 3s
21:28:42 INFO    Barriendo Engel & Völkers (engelvoelkers)…
21:28:46 DEBUG   La red no quedó en silencio en https://houm.com/cl/arriendo-departamentos-region-metropolitana/vitacura/3-dormitorios; se lee igual
21:28:46 DEBUG   [houm] 28 avisos vía json-ld
21:28:47 DEBUG   [engelvoelkers] 17 avisos vía tarjetas
21:28:47 INFO      engelvoelkers: 17 avisos en 5s
21:28:47 INFO    Barriendo RE/MAX Chile (remax)…
21:28:53 WARNING Error en https://www.economicos.cl/search/propiedades/vitacura/arriendo/departamento/0 (intento 2/3): HTTPSConnectionPool(host='www.economicos.cl', port=443): Max retries exceeded with url: /search/propiedades/vitacura/arriendo/departamento/0 (Caused by ConnectTimeoutError(<HTTPSConnection(host='www.economicos.cl', port=443) at 0x7f2d852a6660>, 'Connection to www.economicos.cl timed out. (connect timeout=20)'))
21:28:54 DEBUG   La red no quedó en silencio en https://houm.com/cl/arriendo-departamento-región-metropolitana/las-condes/170742; se lee igual
21:28:54 DEBUG   [houm] 1 avisos vía estado-embebido
21:28:55 INFO      remax: 0 avisos en 8s
21:28:55 INFO    Barriendo Fuenzalida Propiedades (fuenzalida)…
21:28:58 DEBUG   [fuenzalida] 16 avisos vía tarjetas
21:29:01 DEBUG   [fuenzalida] 20 avisos vía tarjetas
21:29:01 DEBUG   [goplaceit] 30 avisos vía json-ld
21:29:02 DEBUG   La red no quedó en silencio en https://houm.com/cl/arriendo-departamento-región-metropolitana/las-condes/175757; se lee igual
21:29:02 DEBUG   [houm] 1 avisos vía estado-embebido
21:29:04 DEBUG   [fuenzalida] 20 avisos vía tarjetas
21:29:04 INFO      fuenzalida: 56 avisos en 9s
21:29:04 INFO    Barriendo Century 21 Chile (century21)…
21:29:05 INFO      century21: 0 avisos en 1s
21:29:05 INFO    Barriendo Property Partners (propertypartners)…
21:29:06 DEBUG   [propertypartners] 1 avisos vía tarjetas
21:29:06 INFO      propertypartners: 1 avisos en 1s
21:29:06 INFO    Barriendo Acceso Inmobiliario (accesoinmobiliario)…
21:29:10 DEBUG   La red no quedó en silencio en https://houm.com/cl/arriendo-departamento-región-metropolitana/ñuñoa/176912; se lee igual
21:29:10 DEBUG   [houm] 1 avisos vía estado-embebido
21:29:12 DEBUG   [accesoinmobiliario] 16 avisos vía tarjetas
21:29:16 DEBUG   [accesoinmobiliario] 1 avisos vía tarjetas
21:29:17 WARNING Error en https://www.economicos.cl/search/propiedades/vitacura/arriendo/departamento/0 (intento 3/3): HTTPSConnectionPool(host='www.economicos.cl', port=443): Max retries exceeded with url: /search/propiedades/vitacura/arriendo/departamento/0 (Caused by ConnectTimeoutError(<HTTPSConnection(host='www.economicos.cl', port=443) at 0x7f2d8c586cc0>, 'Connection to www.economicos.cl timed out. (connect timeout=20)'))
21:29:17 WARNING   economicos: el sitio no respondió a tiempo
21:29:17 INFO      economicos: 0 avisos en 77s
21:29:17 INFO    Barriendo Magnolia Property (magnoliaproperty)…
21:29:18 DEBUG   [magnoliaproperty] 6 avisos vía tarjetas
21:29:18 INFO      magnoliaproperty: 6 avisos en 0s
21:29:18 INFO    Barriendo Portilla Propiedades (portillapropiedades)…
21:29:19 DEBUG   [portillapropiedades] 2 avisos vía tarjetas
21:29:19 INFO      portillapropiedades: 2 avisos en 1s
21:29:19 INFO    Barriendo Nativo Propiedades (nativopropiedades)…
21:29:19 DEBUG   La red no quedó en silencio en https://houm.com/cl/arriendo-departamento-región-metropolitana/ñuñoa/174379; se lee igual
21:29:19 DEBUG   [nativopropiedades] 7 avisos vía tarjetas
21:29:19 INFO      nativopropiedades: 7 avisos en 1s
21:29:19 INFO    Barriendo Enlace Inmobiliario (enlaceinmobiliario)…
21:29:20 DEBUG   [houm] 1 avisos vía estado-embebido
21:29:20 WARNING https://www.enlaceinmobiliario.cl/ respondió 403
21:29:20 INFO    [enlaceinmobiliario] https://www.enlaceinmobiliario.cl/ rebotó al GET; se reintenta con navegador
21:29:22 DEBUG   [accesoinmobiliario] 1 avisos vía tarjetas
21:29:25 INFO      enlaceinmobiliario: 0 avisos en 5s
21:29:25 INFO    Barriendo Rentas.cl (rentas_cl)…
21:29:27 DEBUG   [rentas_cl] 1 avisos vía json-ld
21:29:27 INFO      rentas_cl: 1 avisos en 2s
21:29:27 INFO    Barriendo Arriendos.cl (arriendos_cl)…
21:29:28 DEBUG   La red no quedó en silencio en https://houm.com/cl/arriendo-departamento-región-metropolitana/recoleta/178185; se lee igual
21:29:28 DEBUG   [houm] 1 avisos vía estado-embebido
21:29:28 INFO      arriendos_cl: 0 avisos en 1s
21:29:28 INFO    Barriendo Propiedades.cl (propiedades_cl)…
21:29:29 DEBUG   [propiedades_cl] 6 avisos vía tarjetas
21:29:29 INFO      propiedades_cl: 6 avisos en 1s
21:29:29 INFO    Barriendo Clasificados.cl (clasificados_cl)…
21:29:31 DEBUG   [clasificados_cl] 1 avisos vía tarjetas
21:29:31 INFO      clasificados_cl: 1 avisos en 2s
21:29:34 INFO      goplaceit: 90 avisos en 100s
21:29:36 DEBUG   La red no quedó en silencio en https://houm.com/cl/arriendo-departamento-región-metropolitana/recoleta/176958; se lee igual
21:29:36 DEBUG   [houm] 1 avisos vía estado-embebido
21:29:36 DEBUG   [accesoinmobiliario] 1 avisos vía tarjetas
21:29:39 DEBUG   [accesoinmobiliario] 1 avisos vía tarjetas
21:29:43 DEBUG   La red no quedó en silencio en https://houm.com/cl/arriendo-departamento-región-metropolitana/recoleta/90462; se lee igual
21:29:43 DEBUG   [houm] 1 avisos vía estado-embebido
21:29:45 DEBUG   [accesoinmobiliario] 1 avisos vía tarjetas
21:29:48 DEBUG   [accesoinmobiliario] 1 avisos vía tarjetas
21:29:48 INFO      accesoinmobiliario: 22 avisos en 42s
21:29:51 DEBUG   La red no quedó en silencio en https://houm.com/cl/arriendo-departamento-región-metropolitana/ñuñoa/178435; se lee igual
21:29:51 DEBUG   [houm] 1 avisos vía estado-embebido
21:29:51 INFO      houm: 36 avisos en 74s
21:29:51 INFO    Total crudo: 853 avisos
21:29:51 INFO    Después de deduplicar: 491
21:29:52 INFO    Pasaron los filtros: 130
21:30:58 DEBUG   [doomos] 18 avisos vía tarjetas
21:30:58 DEBUG   Ficha de YVT22 sin candidato propio; no se fusiona
21:30:59 DEBUG   Ficha de HW5MX sin candidato propio; no se fusiona
21:31:01 DEBUG   [doomos] 27 avisos vía tarjetas
21:31:01 DEBUG   Ficha de U44VT sin candidato propio; no se fusiona
21:31:02 DEBUG   [doomos] 27 avisos vía tarjetas
21:31:02 DEBUG   Ficha de 2HWEW sin candidato propio; no se fusiona
21:31:05 DEBUG   [doomos] 27 avisos vía tarjetas
21:31:05 DEBUG   Ficha de ZWNAN sin candidato propio; no se fusiona
21:31:12 DEBUG   Pin del mapa para 6XS87: -33.39999, -70.58619
21:31:12 DEBUG   [toctoc] 1 avisos vía estado-embebido
21:31:12 INFO    Enriquecido y descartado: C6984 (arriendo de $3.882.508 sobre el máximo negociable de $1.904.000)
21:31:17 DEBUG   Pin del mapa para K98XE: -33.39685, -70.58844
21:31:17 DEBUG   [toctoc] 1 avisos vía estado-embebido
21:31:17 INFO    Enriquecido y descartado: K98XE (arriendo de $3.678.165 sobre el máximo negociable de $1.904.000)
21:31:23 DEBUG   Pin del mapa para JBGCJ: -33.39289, -70.55517
21:31:23 DEBUG   [toctoc] 1 avisos vía estado-embebido
21:31:23 INFO    Enriquecido y descartado: QGAQW (arriendo de $2.200.000 sobre el máximo negociable de $1.904.000)
21:31:30 DEBUG   Pin del mapa para 8YJVM: -33.39619, -70.58859
21:31:30 DEBUG   [toctoc] 1 avisos vía estado-embebido
21:31:30 INFO    Enriquecido y descartado: 8YJVM (arriendo de $3.392.086 sobre el máximo negociable de $1.904.000)
21:31:36 DEBUG   Pin del mapa para GD62Z: -33.40430, -70.58868
21:31:36 DEBUG   [toctoc] 1 avisos vía estado-embebido
21:31:36 INFO    Enriquecido y descartado: RMMSY (arriendo de $4.086.850 sobre el máximo negociable de $1.904.000)
21:31:42 DEBUG   Pin del mapa para RSJ4J: -33.37644, -70.54469
21:31:42 DEBUG   [toctoc] 1 avisos vía estado-embebido
21:31:42 INFO    Enriquecido y descartado: HN6TF (arriendo de $2.247.768 sobre el máximo negociable de $1.904.000)
21:31:47 DEBUG   Pin del mapa para MM5R4: -33.39210, -70.57775
21:31:47 DEBUG   [toctoc] 1 avisos vía estado-embebido
21:31:47 INFO    Enriquecido y descartado: MM5R4 (arriendo de $3.678.165 sobre el máximo negociable de $1.904.000)
21:31:54 DEBUG   La red no quedó en silencio en https://www.toctoc.com/arriendo/departamento/metropolitana/vitacura/b_cd078d1f413118637c0700bf4c847dea7d58a88d; se lee igual
21:31:54 DEBUG   Pin del mapa para ZDZSQ: -33.40131, -70.58529
21:31:55 DEBUG   [toctoc] 1 avisos vía estado-embebido
21:31:55 INFO    Enriquecido y descartado: ZDZSQ (arriendo de $2.247.768 sobre el máximo negociable de $1.904.000)
21:32:00 DEBUG   Pin del mapa para 8YSPF: -33.40322, -70.58906
21:32:00 DEBUG   [toctoc] 1 avisos vía estado-embebido
21:32:00 INFO    Enriquecido y descartado: 8YSPF (arriendo de $4.500.000 sobre el máximo negociable de $1.904.000)
21:32:07 DEBUG   Pin del mapa para FCMHA: -33.40574, -70.59708
21:32:07 DEBUG   [toctoc] 1 avisos vía estado-embebido
21:32:07 INFO    Enriquecido y descartado: FCMHA (arriendo de $3.269.480 sobre el máximo negociable de $1.904.000)
21:32:14 DEBUG   Pin del mapa para FQ8BM: -33.39647, -70.59124
21:32:14 DEBUG   [toctoc] 1 avisos vía estado-embebido
21:32:14 INFO    Enriquecido y descartado: FQ8BM (arriendo de $2.166.030 sobre el máximo negociable de $1.904.000)
21:32:20 DEBUG   Pin del mapa para HKWUA: -33.40098, -70.58504
21:32:20 DEBUG   [toctoc] 1 avisos vía estado-embebido
21:32:20 INFO    Enriquecido y descartado: HKWUA (arriendo de $3.065.138 sobre el máximo negociable de $1.904.000)
21:32:27 DEBUG   Pin del mapa para TY4NP: -33.39996, -70.58403
21:32:27 DEBUG   [toctoc] 1 avisos vía estado-embebido
21:32:27 INFO    Enriquecido y descartado: TY4NP (arriendo de $1.961.688 sobre el máximo negociable de $1.904.000)
21:32:33 DEBUG   Pin del mapa para XYCGS: -33.39488, -70.59757
21:32:33 DEBUG   [toctoc] 1 avisos vía estado-embebido
21:32:33 INFO    Enriquecido y descartado: XYCGS (arriendo de $2.411.242 sobre el máximo negociable de $1.904.000)
21:32:34 DEBUG   Ficha de KM3V2 sin candidato propio; no se fusiona
21:32:34 DEBUG   [busconido] 11 avisos vía tarjetas
21:32:34 DEBUG   Ficha de 8EPNP sin candidato propio; no se fusiona
21:32:36 DEBUG   [busconido] 11 avisos vía tarjetas
21:32:36 DEBUG   Ficha de BPSJW sin candidato propio; no se fusiona
21:32:38 DEBUG   [busconido] 10 avisos vía tarjetas
21:32:38 DEBUG   Ficha de VWVRP sin candidato propio; no se fusiona
21:32:40 DEBUG   [busconido] 11 avisos vía tarjetas
21:32:40 DEBUG   Ficha de YYHED sin candidato propio; no se fusiona
21:32:42 DEBUG   [busconido] 10 avisos vía tarjetas
21:32:42 DEBUG   Ficha de K7G85 sin candidato propio; no se fusiona
21:32:44 DEBUG   [busconido] 11 avisos vía tarjetas
21:32:44 DEBUG   Ficha de AK7SS sin candidato propio; no se fusiona
21:32:46 DEBUG   [busconido] 11 avisos vía tarjetas
21:32:46 DEBUG   Ficha de W7NQZ sin candidato propio; no se fusiona
21:32:48 DEBUG   [busconido] 11 avisos vía tarjetas
21:32:48 DEBUG   Ficha de 2ACBK sin candidato propio; no se fusiona
21:32:50 DEBUG   [busconido] 10 avisos vía tarjetas
21:32:50 DEBUG   Ficha de SMCCK sin candidato propio; no se fusiona
21:32:56 DEBUG   [toctoc] 1 avisos vía estado-embebido
21:32:56 INFO    Enriquecido y descartado: 42KXU (arriendo de $3.269.480 sobre el máximo negociable de $1.904.000)
21:33:01 DEBUG   [toctoc] 1 avisos vía estado-embebido
21:33:01 INFO    Enriquecido y descartado: E366M (arriendo de $2.000.000 sobre el máximo negociable de $1.904.000)
21:33:02 DEBUG   [busconido] 10 avisos vía tarjetas
21:33:02 DEBUG   Ficha de BE893 sin candidato propio; no se fusiona
21:33:07 DEBUG   Pin del mapa para V5ASR: -33.40602, -70.59617
21:33:07 DEBUG   [toctoc] 1 avisos vía estado-embebido
21:33:07 INFO    Enriquecido y descartado: C4Y96 (31 años (construido en 1995), sobre el máximo de 30)
21:33:12 DEBUG   [toctoc] 1 avisos vía estado-embebido
21:33:13 INFO    Enriquecido y descartado: E366M (arriendo de $2.400.000 sobre el máximo negociable de $1.904.000)
21:33:19 DEBUG   Pin del mapa para 2CV94: -33.40143, -70.58206
21:33:19 DEBUG   [toctoc] 1 avisos vía estado-embebido
21:33:19 INFO    Enriquecido y descartado: NBFJR (arriendo de $3.065.138 sobre el máximo negociable de $1.904.000)
21:33:26 DEBUG   Pin del mapa para N8AES: -33.37738, -70.54849
21:33:26 DEBUG   [toctoc] 1 avisos vía estado-embebido
21:33:26 INFO    Enriquecido y descartado: N8AES (arriendo de $2.247.768 sobre el máximo negociable de $1.904.000)
21:33:32 DEBUG   Pin del mapa para EZBJT: -33.38398, -70.57917
21:33:32 DEBUG   [toctoc] 1 avisos vía estado-embebido
21:33:32 INFO    Enriquecido y descartado: TW5PD (arriendo de $2.370.373 sobre el máximo negociable de $1.904.000)
21:33:39 DEBUG   La red no quedó en silencio en https://www.toctoc.com/arriendo/departamento/metropolitana/vitacura/b_5d187160202ae0f326d011b140deaa310a06ad86; se lee igual
21:33:39 DEBUG   Pin del mapa para 7DDFW: -33.39704, -70.58926
21:33:39 DEBUG   [toctoc] 1 avisos vía estado-embebido
21:33:39 INFO    Enriquecido y descartado: XX76M (arriendo de $3.678.165 sobre el máximo negociable de $1.904.000)
21:33:45 DEBUG   Pin del mapa para RR676: -33.40632, -70.59601
21:33:45 DEBUG   [toctoc] 1 avisos vía estado-embebido
21:33:45 INFO    Enriquecido y descartado: KRW5G (33 años (construido en 1993), sobre el máximo de 30)
21:33:52 DEBUG   La red no quedó en silencio en https://www.toctoc.com/arriendo/departamento/metropolitana/vitacura/b_f922600412a2de8d42ccc86e574c80c57e015eac; se lee igual
21:33:52 DEBUG   Pin del mapa para E4WAD: -33.39546, -70.59965
21:33:52 DEBUG   [toctoc] 1 avisos vía estado-embebido
21:33:52 INFO    Enriquecido y descartado: TVY5S (arriendo de $3.473.822 sobre el máximo negociable de $1.904.000)
21:33:58 DEBUG   Pin del mapa para 6JZTZ: -33.40602, -70.59617
21:33:58 DEBUG   [toctoc] 1 avisos vía estado-embebido
21:33:58 INFO    Enriquecido y descartado: T3P3G (arriendo de $3.600.000 sobre el máximo negociable de $1.904.000)
21:34:05 DEBUG   Pin del mapa para TWM7T: -33.36858, -70.54374
21:34:05 DEBUG   [toctoc] 1 avisos vía estado-embebido
21:34:05 INFO    Enriquecido y descartado: VM5YC (arriendo de $3.882.508 sobre el máximo negociable de $1.904.000)
21:34:11 DEBUG   Pin del mapa para V2D2G: -33.40143, -70.58206
21:34:11 DEBUG   [toctoc] 1 avisos vía estado-embebido
21:34:11 INFO    Enriquecido y descartado: NBFJR (arriendo de $3.065.138 sobre el máximo negociable de $1.904.000)
21:34:15 DEBUG   [toctoc] 1 avisos vía estado-embebido
21:34:22 DEBUG   Pin del mapa para 4CECN: -33.40143, -70.58206
21:34:22 DEBUG   [toctoc] 1 avisos vía estado-embebido
21:34:22 INFO    Enriquecido y descartado: M6CQA (34 años (construido en 1992), sobre el máximo de 30)
21:34:29 DEBUG   La red no quedó en silencio en https://www.toctoc.com/arriendo/departamento/metropolitana/vitacura/b_6d0ec5d9d310864fe90a59c5ab40aa23b1080c38; se lee igual
21:34:29 DEBUG   Pin del mapa para XR59G: -33.40436, -70.60124
21:34:29 DEBUG   [toctoc] 1 avisos vía estado-embebido
21:34:29 INFO    Enriquecido y descartado: XR59G (arriendo de $2.125.162 sobre el máximo negociable de $1.904.000)
21:34:36 DEBUG   La red no quedó en silencio en https://www.toctoc.com/arriendo/departamento/metropolitana/vitacura/b_a998c2fd5060e8ec46a7edccf860676663ba97ef; se lee igual
21:34:36 DEBUG   Pin del mapa para CSV7D: -33.40591, -70.59624
21:34:36 DEBUG   [toctoc] 1 avisos vía estado-embebido
21:34:36 INFO    Enriquecido y descartado: CHMX5 (arriendo de $2.900.000 sobre el máximo negociable de $1.904.000)
21:34:41 DEBUG   Pin del mapa para QJRRW: -33.39747, -70.57429
21:34:41 DEBUG   [toctoc] 1 avisos vía estado-embebido
21:34:41 INFO    Enriquecido y descartado: 2E849 (arriendo de $3.065.138 sobre el máximo negociable de $1.904.000)
21:34:41 DEBUG   [busconido] 10 avisos vía tarjetas
21:34:41 DEBUG   Ficha de UVQY7 sin candidato propio; no se fusiona
21:34:46 DEBUG   Pin del mapa para EAZDB: -33.40383, -70.59820
21:34:46 DEBUG   [toctoc] 1 avisos vía estado-embebido
21:34:46 INFO    Enriquecido y descartado: 358CJ (arriendo de $4.699.878 sobre el máximo negociable de $1.904.000)
21:34:52 DEBUG   Pin del mapa para GDEV4: -33.40522, -70.59529
21:34:52 DEBUG   [toctoc] 1 avisos vía estado-embebido
21:34:52 INFO    Enriquecido y descartado: URZMS (arriendo de $3.600.000 sobre el máximo negociable de $1.904.000)
21:34:57 DEBUG   Pin del mapa para VB9ST: -33.38575, -70.56115
21:34:57 DEBUG   [toctoc] 1 avisos vía estado-embebido
21:34:57 INFO    Enriquecido y descartado: VZXBC (arriendo de $3.473.822 sobre el máximo negociable de $1.904.000)
21:35:04 DEBUG   Pin del mapa para M5RJ8: -33.39740, -70.57464
21:35:04 DEBUG   [toctoc] 1 avisos vía estado-embebido
21:35:04 INFO    Enriquecido y descartado: 6YDNS (arriendo de $3.065.138 sobre el máximo negociable de $1.904.000)
21:35:09 DEBUG   Pin del mapa para CH4B8: -33.40473, -70.59547
21:35:09 DEBUG   [toctoc] 1 avisos vía estado-embebido
21:35:09 INFO    Enriquecido y descartado: UEND8 (32 años (construido en 1994), sobre el máximo de 30)
21:35:16 DEBUG   Pin del mapa para MVQQV: -33.40571, -70.59718
21:35:16 DEBUG   [toctoc] 1 avisos vía estado-embebido
21:35:16 INFO    Enriquecido y descartado: DZCSP (arriendo de $3.269.480 sobre el máximo negociable de $1.904.000)
21:35:21 DEBUG   Pin del mapa para DXC85: -33.39493, -70.56498
21:35:21 DEBUG   [toctoc] 1 avisos vía estado-embebido
21:35:21 INFO    Enriquecido y descartado: 6Y7MN (arriendo de $2.656.452 sobre el máximo negociable de $1.904.000)
21:35:26 DEBUG   Pin del mapa para KWC9W: -33.40602, -70.59617
21:35:26 DEBUG   [toctoc] 1 avisos vía estado-embebido
21:35:26 INFO    Enriquecido y descartado: KWC9W (arriendo de $3.082.000 sobre el máximo negociable de $1.904.000)
21:35:32 DEBUG   Pin del mapa para B8V89: -33.37497, -70.52501
21:35:32 DEBUG   [toctoc] 1 avisos vía estado-embebido
21:35:32 INFO    Enriquecido y descartado: 82VWD (arriendo de $2.370.373 sobre el máximo negociable de $1.904.000)
21:35:37 DEBUG   Pin del mapa para B75VV: -33.39701, -70.60083
21:35:37 DEBUG   [toctoc] 1 avisos vía estado-embebido
21:35:37 INFO    Enriquecido y descartado: Y6EXK (arriendo de $2.452.110 sobre el máximo negociable de $1.904.000)
21:35:42 DEBUG   Pin del mapa para U3UH2: -33.37271, -70.54118
21:35:42 DEBUG   [toctoc] 1 avisos vía estado-embebido
21:35:42 INFO    Enriquecido y descartado: ZZWQJ (arriendo de $4.904.220 sobre el máximo negociable de $1.904.000)
21:35:46 DEBUG   [toctoc] 1 avisos vía estado-embebido
21:35:47 INFO    Enriquecido y descartado: T4CNN (arriendo de $2.084.294 sobre el máximo negociable de $1.904.000)
21:35:51 DEBUG   Pin del mapa para SNVMM: -33.40320, -70.59258
21:35:51 DEBUG   [toctoc] 1 avisos vía estado-embebido
21:35:51 INFO    Enriquecido y descartado: W3RD8 (arriendo de $3.065.138 sobre el máximo negociable de $1.904.000)
21:35:56 DEBUG   Pin del mapa para V5UYC: -33.39926, -70.59316
21:35:56 DEBUG   [toctoc] 1 avisos vía estado-embebido
21:35:56 INFO    Enriquecido y descartado: 8BFJD (arriendo de $4.699.878 sobre el máximo negociable de $1.904.000)
21:36:01 DEBUG   Pin del mapa para 9YQR3: -33.37213, -70.54192
21:36:01 DEBUG   [toctoc] 1 avisos vía estado-embebido
21:36:01 INFO    Enriquecido y descartado: E9R23 (arriendo de $4.699.878 sobre el máximo negociable de $1.904.000)
21:36:07 DEBUG   Pin del mapa para ERRDS: -33.40255, -70.59464
21:36:07 DEBUG   [toctoc] 1 avisos vía estado-embebido
21:36:07 INFO    Enriquecido y descartado: TT59B (arriendo de $5.067.694 sobre el máximo negociable de $1.904.000)
21:36:12 DEBUG   Pin del mapa para XD7F3: -33.39312, -70.57912
21:36:12 DEBUG   [toctoc] 1 avisos vía estado-embebido
21:36:12 INFO    Enriquecido y descartado: X7TC5 (arriendo de $3.678.165 sobre el máximo negociable de $1.904.000)
21:36:19 DEBUG   Pin del mapa para TCG26: -33.37737, -70.54849
21:36:19 DEBUG   [toctoc] 1 avisos vía estado-embebido
21:36:19 INFO    Enriquecido y descartado: TCG26 (arriendo de $2.247.768 sobre el máximo negociable de $1.904.000)
21:36:24 DEBUG   Pin del mapa para U9ZYC: -33.39732, -70.58448
21:36:24 DEBUG   [toctoc] 1 avisos vía estado-embebido
21:36:24 INFO    Enriquecido y descartado: 3NKR8 (arriendo de $2.250.000 sobre el máximo negociable de $1.904.000)
21:36:30 DEBUG   Pin del mapa para HCBT4: -33.40571, -70.59352
21:36:30 DEBUG   [toctoc] 1 avisos vía estado-embebido
21:36:30 INFO    Enriquecido y descartado: XGTG5 (45 años (construido en 1981), sobre el máximo de 30)
21:36:37 DEBUG   La red no quedó en silencio en https://www.toctoc.com/arriendo/departamento/metropolitana/vitacura/b_cb4f3892be878d5f5d5f71b811a6f8c135f3484d; se lee igual
21:36:37 DEBUG   Pin del mapa para EJMU3: -33.39788, -70.58897
21:36:37 DEBUG   [toctoc] 1 avisos vía estado-embebido
21:36:37 INFO    Enriquecido y descartado: W6ATB (arriendo de $2.411.242 sobre el máximo negociable de $1.904.000)
21:36:44 DEBUG   [toctoc] 1 avisos vía estado-embebido
21:36:44 INFO    Enriquecido y descartado: 4PNXC (arriendo de $3.065.138 sobre el máximo negociable de $1.904.000)
21:36:51 DEBUG   Pin del mapa para D2GPN: -33.39031, -70.59455
21:36:51 DEBUG   [toctoc] 1 avisos vía estado-embebido
21:36:51 INFO    Enriquecido y descartado: YNANX (arriendo de $3.269.480 sobre el máximo negociable de $1.904.000)
21:36:56 DEBUG   Pin del mapa para X3YFD: -33.40596, -70.59695
21:36:56 DEBUG   [toctoc] 1 avisos vía estado-embebido
21:36:56 INFO    Enriquecido y descartado: B5SVA (arriendo de $3.269.480 sobre el máximo negociable de $1.904.000)
21:37:02 DEBUG   Pin del mapa para CXCPH: -33.37575, -70.54910
21:37:02 DEBUG   [toctoc] 1 avisos vía estado-embebido
21:37:02 INFO    Enriquecido y descartado: 7T2PY (arriendo de $2.247.768 sobre el máximo negociable de $1.904.000)
21:37:07 DEBUG   Pin del mapa para XTBEF: -33.40317, -70.59270
21:37:07 DEBUG   [toctoc] 1 avisos vía estado-embebido
21:37:07 INFO    Enriquecido y descartado: WEDX5 (arriendo de $1.920.820 sobre el máximo negociable de $1.904.000)
21:37:12 DEBUG   Pin del mapa para JS3C5: -33.37683, -70.54385
21:37:12 DEBUG   [toctoc] 1 avisos vía estado-embebido
21:37:12 INFO    Enriquecido y descartado: 4JZ9G (arriendo de $1.961.688 sobre el máximo negociable de $1.904.000)
21:37:19 DEBUG   La red no quedó en silencio en https://www.toctoc.com/arriendo/departamento/metropolitana/vitacura/b_03ecfd136674f0a5db3fdc6deb27e17d6ffcf563; se lee igual
21:37:20 DEBUG   Pin del mapa para 32JVE: -33.39347, -70.58934
21:37:20 DEBUG   [toctoc] 1 avisos vía estado-embebido
21:37:20 INFO    Enriquecido y descartado: 32JVE (arriendo de $2.002.556 sobre el máximo negociable de $1.904.000)
21:37:25 DEBUG   [toctoc] 1 avisos vía estado-embebido
21:37:25 INFO    Enriquecido y descartado: DNSPN (arriendo de $3.065.138 sobre el máximo negociable de $1.904.000)
21:37:31 DEBUG   Pin del mapa para E3MMP: -33.40595, -70.59914
21:37:31 DEBUG   [toctoc] 1 avisos vía estado-embebido
21:37:31 INFO    Enriquecido y descartado: GBWGF (arriendo de $3.100.000 sobre el máximo negociable de $1.904.000)
21:37:33 DEBUG   [doomos] 18 avisos vía tarjetas
21:37:33 DEBUG   Ficha de J5JN4 sin candidato propio; no se fusiona
21:37:44 DEBUG   [doomos] 27 avisos vía tarjetas
21:37:44 DEBUG   Ficha de P8XMT sin candidato propio; no se fusiona
21:37:45 DEBUG   [mitula] 3 avisos vía tarjetas
21:37:49 DEBUG   [engelvoelkers] 1 avisos vía json-ld
21:37:53 WARNING robots.txt no permite https://www.nuroa.cl/adform/10342-912-2704-1a03e46-be46-68531d1ed856-7809?click_type=0&pos=6&searchType=2&page=1&section=1&t_sec=1&sectionType=1&pageViewId=54526daf-d8b0-45fa-8ed3-df5007e820a9&t_pvid=54526daf-d8b0-45fa-8ed3-df5007e820a9&userAgent=Mozilla%2F5.0+%28compatible%3B+radar-arriendos%2F1.0%3B+uso+personal%2C+busqueda+de+arriendo%3B+%2Bhttps%3A%2F%2Fgithub.com%2Falfonsoandona%2Farriendos-vitacura%29&browser=1&isHuman=true&userIp=172.184.211.151&what=vitacura+departamento&search_terms=vitacura+departamento&origin=1&t_or=1&splitTestId=0 — se omite
21:37:59 DEBUG   [toctoc] 1 avisos vía estado-embebido
21:38:05 DEBUG   [toctoc] 1 avisos vía estado-embebido
21:38:05 INFO    Enriquecido y descartado: QKSRR (arriendo de $3.473.822 sobre el máximo negociable de $1.904.000)
21:38:10 DEBUG   [toctoc] 1 avisos vía estado-embebido
21:38:10 INFO    Enriquecido y descartado: WPEBD (arriendo de $2.043.425 sobre el máximo negociable de $1.904.000)
21:38:14 INFO    Enriquecido y descartado: 75BRH (arriendo de $2.931.142 sobre el máximo negociable de $1.904.000)
21:38:19 DEBUG   [toctoc] 1 avisos vía estado-embebido
21:38:41 INFO    Enriquecido y descartado: 75BRH (arriendo de $2.149.504 sobre el máximo negociable de $1.904.000)
21:38:45 INFO    Fichas leídas: 100 — 21 ganaron el año, 46 la dirección; 65 se descartaron al verlas (5 por viejos)
21:38:45 DEBUG   Libreta: costanera sur san josemaria escriva de balaguer 9547 se construyó en 2005 (toctoc)
21:38:45 INFO    Listo: 0 avisados de 65 candidatos
