17:18:05 INFO    UF = $41.049.01 (API del día)
17:18:05 INFO    Barriendo TocToc (toctoc)…
17:18:05 INFO    Barriendo Chilepropiedades (chilepropiedades)…
17:18:05 INFO    Barriendo GoPlaceIt (goplaceit)…
17:18:05 INFO    Barriendo Yapo (yapo)…
17:18:05 DEBUG   [chilepropiedades] 10 avisos vía tarjetas
17:18:06 WARNING https://www.yapo.cl/bienes-raices-alquiler-apartamentos/region-metropolitana-vitacura respondió 403
17:18:06 INFO    [yapo] https://www.yapo.cl/bienes-raices-alquiler-apartamentos/region-metropolitana-vitacura rebotó al GET; se reintenta con navegador
17:18:07 DEBUG   [chilepropiedades] 10 avisos vía tarjetas
17:18:09 DEBUG   [goplaceit] 30 avisos vía json-ld
17:18:09 DEBUG   [chilepropiedades] 10 avisos vía tarjetas
17:18:10 INFO      chilepropiedades: 30 avisos en 4s
17:18:10 INFO    Barriendo BuscoNido (busconido)…
17:18:10 DEBUG   [busconido] 23 avisos vía tarjetas
17:18:10 INFO      busconido: 23 avisos en 1s
17:18:10 INFO    Barriendo BienesOnline (bienesonline)…
17:18:11 DEBUG   [bienesonline] 20 avisos vía tarjetas
17:18:11 INFO      bienesonline: 20 avisos en 1s
17:18:11 INFO    Barriendo Economicos (El Mercurio) (economicos)…
17:18:12 WARNING https://www.economicos.cl/search/propiedades/vitacura/arriendo/departamento/0 respondió 403
17:18:12 INFO    [economicos] https://www.economicos.cl/search/propiedades/vitacura/arriendo/departamento/0 rebotó al GET; se reintenta con navegador
17:18:13 DEBUG   La red no quedó en silencio en https://www.toctoc.com/arriendo/departamento/metropolitana/vitacura/3-dormitorios; se lee igual
17:18:14 DEBUG   [toctoc] 20 avisos vía json-ld
17:18:15 DEBUG   La red no quedó en silencio en https://www.yapo.cl/bienes-raices-alquiler-apartamentos/region-metropolitana-vitacura; se lee igual
17:18:15 INFO      yapo: 0 avisos en 10s
17:18:15 INFO    Barriendo iCasas (icasas)…
17:18:16 DEBUG   [icasas] 15 avisos vía tarjetas
17:18:17 INFO      economicos: 0 avisos en 5s
17:18:17 INFO    Barriendo Doomos (doomos)…
17:18:18 DEBUG   [icasas] 15 avisos vía tarjetas
17:18:18 INFO      icasas: 30 avisos en 3s
17:18:18 INFO    Barriendo Top Propiedades (toppropiedades)…
17:18:19 DEBUG   [doomos] 33 avisos vía tarjetas
17:18:19 INFO      doomos: 33 avisos en 2s
17:18:19 INFO    Barriendo Nuroa (nuroa)…
17:18:19 DEBUG   Encoding detection: ascii is most likely the one.
17:18:20 DEBUG   [nuroa] 25 avisos vía json-ld
17:18:22 DEBUG   [nuroa] 25 avisos vía json-ld
17:18:22 DEBUG   [toppropiedades] 1 avisos vía json-ld
17:18:24 DEBUG   La red no quedó en silencio en https://www.toctoc.com/arriendo/departamento/metropolitana/vitacura/3-dormitorios?pagina=2; se lee igual
17:18:24 DEBUG   [toppropiedades] 1 avisos vía json-ld
17:18:25 DEBUG   [nuroa] 25 avisos vía json-ld
17:18:25 DEBUG   [toctoc] 20 avisos vía json-ld
17:18:26 DEBUG   [nuroa] 25 avisos vía json-ld
17:18:26 INFO      nuroa: 100 avisos en 8s
17:18:26 INFO    Barriendo Mitula (mitula)…
17:18:26 DEBUG   [toppropiedades] 1 avisos vía json-ld
17:18:27 WARNING https://casas.mitula.cl/casas/arriendo-departamentos-vitacura respondió 401
17:18:27 INFO    [mitula] https://casas.mitula.cl/casas/arriendo-departamentos-vitacura rebotó al GET; se reintenta con navegador
17:18:28 DEBUG   [toppropiedades] 1 avisos vía json-ld
17:18:30 DEBUG   [toppropiedades] 1 avisos vía json-ld
17:18:32 DEBUG   La red no quedó en silencio en https://www.toctoc.com/arriendo/departamento/metropolitana/vitacura/3-dormitorios?pagina=3; se lee igual
17:18:32 DEBUG   [toppropiedades] 1 avisos vía json-ld
17:18:33 DEBUG   [toctoc] 18 avisos vía json-ld
17:18:33 INFO      mitula: 0 avisos en 7s
17:18:33 INFO    Barriendo Houm (houm)…
17:18:34 DEBUG   [toppropiedades] 1 avisos vía json-ld
17:18:36 DEBUG   [toppropiedades] 1 avisos vía json-ld
17:18:36 INFO      toppropiedades: 8 avisos en 18s
17:18:36 INFO    Barriendo Hey! Homes (heyhomes)…
17:18:39 DEBUG   [heyhomes] 9 avisos vía tarjetas
17:18:39 INFO      heyhomes: 9 avisos en 3s
17:18:39 INFO    Barriendo Engel & Völkers (engelvoelkers)…
17:18:40 DEBUG   La red no quedó en silencio en https://www.toctoc.com/arriendo/departamento/metropolitana/vitacura/4-dormitorios; se lee igual
17:18:41 DEBUG   [toctoc] 20 avisos vía json-ld
17:18:41 DEBUG   [houm] 28 avisos vía json-ld
17:18:46 DEBUG   [engelvoelkers] 16 avisos vía tarjetas
17:18:46 INFO      engelvoelkers: 16 avisos en 6s
17:18:46 INFO    Barriendo RE/MAX Chile (remax)…
17:18:52 DEBUG   La red no quedó en silencio en https://houm.com/cl/arriendo-departamento-región-metropolitana/las-condes/170742; se lee igual
17:18:52 DEBUG   [houm] 1 avisos vía estado-embebido
17:18:53 DEBUG   La red no quedó en silencio en https://www.toctoc.com/arriendo/departamento/metropolitana/vitacura/4-dormitorios?pagina=2; se lee igual
17:18:53 DEBUG   [toctoc] 15 avisos vía json-ld
17:18:55 DEBUG   [goplaceit] 30 avisos vía json-ld
17:18:57 INFO      remax: 0 avisos en 11s
17:18:57 INFO    Barriendo Fuenzalida Propiedades (fuenzalida)…
17:19:02 DEBUG   [fuenzalida] 16 avisos vía tarjetas
17:19:02 DEBUG   La red no quedó en silencio en https://houm.com/cl/arriendo-departamento-región-metropolitana/lo-barnechea/74201; se lee igual
17:19:03 DEBUG   [houm] 1 avisos vía estado-embebido
17:19:04 DEBUG   La red no quedó en silencio en https://www.toctoc.com/arriendo/departamento/metropolitana/vitacura/4-dormitorios?pagina=3; se lee igual
17:19:04 DEBUG   [toctoc] 20 avisos vía json-ld
17:19:04 INFO      toctoc: 113 avisos en 59s
17:19:04 INFO    Barriendo Century 21 Chile (century21)…
17:19:07 INFO      century21: 0 avisos en 2s
17:19:07 INFO    Barriendo Property Partners (propertypartners)…
17:19:07 DEBUG   [fuenzalida] 20 avisos vía tarjetas
17:19:07 DEBUG   [propertypartners] 1 avisos vía tarjetas
17:19:07 INFO      propertypartners: 1 avisos en 0s
17:19:07 INFO    Barriendo Acceso Inmobiliario (accesoinmobiliario)…
17:19:12 DEBUG   La red no quedó en silencio en https://houm.com/cl/arriendo-departamento-región-metropolitana/recoleta/179872; se lee igual
17:19:12 DEBUG   [houm] 1 avisos vía estado-embebido
17:19:12 DEBUG   [fuenzalida] 20 avisos vía tarjetas
17:19:12 INFO      fuenzalida: 56 avisos en 16s
17:19:12 INFO    Barriendo Magnolia Property (magnoliaproperty)…
17:19:13 DEBUG   [magnoliaproperty] 6 avisos vía tarjetas
17:19:13 INFO      magnoliaproperty: 6 avisos en 1s
17:19:13 INFO    Barriendo Portilla Propiedades (portillapropiedades)…
17:19:13 DEBUG   [accesoinmobiliario] 16 avisos vía tarjetas
17:19:14 DEBUG   [portillapropiedades] 2 avisos vía tarjetas
17:19:14 INFO      portillapropiedades: 2 avisos en 1s
17:19:14 INFO    Barriendo Nativo Propiedades (nativopropiedades)…
17:19:15 DEBUG   [nativopropiedades] 10 avisos vía tarjetas
17:19:15 INFO      nativopropiedades: 10 avisos en 1s
17:19:15 INFO    Barriendo Enlace Inmobiliario (enlaceinmobiliario)…
17:19:15 WARNING https://www.enlaceinmobiliario.cl/ respondió 403
17:19:15 INFO    [enlaceinmobiliario] https://www.enlaceinmobiliario.cl/ rebotó al GET; se reintenta con navegador
17:19:21 DEBUG   La red no quedó en silencio en https://houm.com/cl/arriendo-departamento-región-metropolitana/recoleta/178185; se lee igual
17:19:21 DEBUG   [houm] 1 avisos vía estado-embebido
17:19:23 INFO      enlaceinmobiliario: 0 avisos en 8s
17:19:23 INFO    Barriendo Rentas.cl (rentas_cl)…
17:19:25 DEBUG   [rentas_cl] 1 avisos vía json-ld
17:19:25 INFO      rentas_cl: 1 avisos en 2s
17:19:25 INFO    Barriendo Arriendos.cl (arriendos_cl)…
17:19:26 INFO      arriendos_cl: 0 avisos en 1s
17:19:26 INFO    Barriendo Propiedades.cl (propiedades_cl)…
17:19:26 DEBUG   [propiedades_cl] 6 avisos vía tarjetas
17:19:26 INFO      propiedades_cl: 6 avisos en 1s
17:19:26 INFO    Barriendo Clasificados.cl (clasificados_cl)…
17:19:29 DEBUG   [clasificados_cl] 1 avisos vía tarjetas
17:19:29 INFO      clasificados_cl: 1 avisos en 3s
17:19:33 DEBUG   La red no quedó en silencio en https://houm.com/cl/arriendo-departamento-región-metropolitana/recoleta/176207; se lee igual
17:19:33 DEBUG   [houm] 1 avisos vía estado-embebido
17:19:35 DEBUG   [accesoinmobiliario] 1 avisos vía tarjetas
17:19:40 DEBUG   [goplaceit] 30 avisos vía json-ld
17:19:42 DEBUG   La red no quedó en silencio en https://houm.com/cl/arriendo-departamento-región-metropolitana/las-condes/177842; se lee igual
17:19:43 DEBUG   [houm] 1 avisos vía estado-embebido
17:19:49 DEBUG   [accesoinmobiliario] 1 avisos vía tarjetas
17:19:51 DEBUG   La red no quedó en silencio en https://houm.com/cl/arriendo-departamento-región-metropolitana/recoleta/176958; se lee igual
17:19:51 DEBUG   [houm] 1 avisos vía estado-embebido
17:19:53 DEBUG   [accesoinmobiliario] 1 avisos vía tarjetas
17:20:00 DEBUG   La red no quedó en silencio en https://houm.com/cl/arriendo-departamento-región-metropolitana/recoleta/90462; se lee igual
17:20:00 DEBUG   [accesoinmobiliario] 1 avisos vía tarjetas
17:20:00 DEBUG   [houm] 1 avisos vía estado-embebido
17:20:00 INFO      houm: 36 avisos en 87s
17:20:03 INFO      accesoinmobiliario: 20 avisos en 56s
17:20:12 INFO      goplaceit: 90 avisos en 127s
17:20:12 INFO    Total crudo: 611 avisos
17:20:13 INFO    Después de deduplicar: 434
17:20:13 INFO    Pasaron los filtros: 51
17:20:35 DEBUG   [doomos] 18 avisos vía tarjetas
17:20:35 DEBUG   Ficha de YVT22 sin candidato propio; no se fusiona
17:20:37 DEBUG   Ficha de HW5MX sin candidato propio; no se fusiona
17:20:41 DEBUG   [doomos] 27 avisos vía tarjetas
17:20:41 DEBUG   Ficha de U44VT sin candidato propio; no se fusiona
17:20:48 DEBUG   [doomos] 27 avisos vía tarjetas
17:20:48 DEBUG   Ficha de KNAE9 sin candidato propio; no se fusiona
17:20:53 DEBUG   [doomos] 27 avisos vía tarjetas
17:20:53 DEBUG   Ficha de PR3QK sin candidato propio; no se fusiona
17:20:55 DEBUG   [doomos] 27 avisos vía tarjetas
17:20:55 DEBUG   Ficha de 2HWEW sin candidato propio; no se fusiona
17:20:58 DEBUG   [doomos] 27 avisos vía tarjetas
17:20:58 DEBUG   Ficha de ZWNAN sin candidato propio; no se fusiona
17:20:59 DEBUG   [busconido] 10 avisos vía tarjetas
17:20:59 DEBUG   Ficha de AX2GP sin candidato propio; no se fusiona
17:21:01 DEBUG   [busconido] 11 avisos vía tarjetas
17:21:01 DEBUG   Ficha de D9VJG sin candidato propio; no se fusiona
17:21:03 DEBUG   [doomos] 27 avisos vía tarjetas
17:21:03 DEBUG   Ficha de FQ6XQ sin candidato propio; no se fusiona
17:21:03 DEBUG   [busconido] 10 avisos vía tarjetas
17:21:03 DEBUG   Ficha de KWJ7Y sin candidato propio; no se fusiona
17:21:07 INFO    Enriquecido y descartado: YAVJA (arriendo de $3.517.371 sobre el máximo negociable de $1.904.000)
17:21:14 INFO    Enriquecido y descartado: CC2AY (arriendo de $2.032.258 sobre el máximo negociable de $1.904.000)
17:21:18 INFO    Enriquecido y descartado: 7DKB3 (arriendo de $2.266.750 sobre el máximo negociable de $1.904.000)
17:21:19 DEBUG   [busconido] 11 avisos vía tarjetas
17:21:19 DEBUG   Ficha de 56YFN sin candidato propio; no se fusiona
17:21:19 DEBUG   [bienesonline] 2 avisos vía json-ld
17:21:19 INFO    Enriquecido y descartado: E78E2 (53 m² totales, no llega a más de 100 m²)
17:21:20 WARNING robots.txt no permite https://placehold.co/1920x1080.mp4 — se omite
17:21:21 DEBUG   [doomos] 18 avisos vía tarjetas
17:21:21 DEBUG   Ficha de J5JN4 sin candidato propio; no se fusiona
17:21:28 DEBUG   La red no quedó en silencio en https://www.toctoc.com/arriendo/departamento/metropolitana/vitacura/b_ac8626fbaf17f6797538373e1135be54043ecbc1; se lee igual
17:21:39 DEBUG   [engelvoelkers] 1 avisos vía json-ld
17:21:45 DEBUG   [doomos] 27 avisos vía tarjetas
17:21:45 DEBUG   Ficha de P8XMT sin candidato propio; no se fusiona
17:21:50 DEBUG   [toctoc] 1 avisos vía estado-embebido
17:21:56 DEBUG   [toctoc] 1 avisos vía estado-embebido
17:22:06 DEBUG   [toctoc] 1 avisos vía estado-embebido
17:22:11 DEBUG   [toctoc] 1 avisos vía estado-embebido
17:22:16 DEBUG   [toctoc] 1 avisos vía estado-embebido
17:22:16 WARNING robots.txt no permite https://www.nuroa.cl/adform/10342-912-b45c-1a0ce6e-984c-ada286d9a1f6-77e4?click_type=0&pos=24&searchType=2&page=1&section=1&t_sec=1&sectionType=1&pageViewId=ab1095dc-b5e7-4c4e-92d7-c3414090f50f&t_pvid=ab1095dc-b5e7-4c4e-92d7-c3414090f50f&userAgent=Mozilla%2F5.0+%28compatible%3B+radar-arriendos%2F1.0%3B+uso+personal%2C+busqueda+de+arriendo%3B+%2Bhttps%3A%2F%2Fgithub.com%2Falfonsoandona%2Farriendos-vitacura%29&browser=1&isHuman=true&userIp=52.176.37.68&what=vitacura+departamento&search_terms=vitacura+departamento&origin=1&t_or=1&splitTestId=0 — se omite
17:22:23 DEBUG   La red no quedó en silencio en https://www.toctoc.com/arriendo/departamento/metropolitana/vitacura/b_bac4e00f3f8fbaaa186a9e419a8f56ded4737558; se lee igual
17:22:47 INFO    Enriquecido y descartado: 75BRH (arriendo de $2.149.504 sobre el máximo negociable de $1.904.000)
17:22:51 INFO    Enriquecido y descartado: 75BRH (arriendo de $1.954.095 sobre el máximo negociable de $1.904.000)
17:23:09 DEBUG   [toctoc] 1 avisos vía estado-embebido
17:23:13 WARNING robots.txt no permite https://www.nuroa.cl/adform/10342-912-3e9b-1a0e30e-bd4c-4f30fb45531b-7a22?click_type=0&pos=8&searchType=1&page=1&section=1&t_sec=1&sectionType=1&pageViewId=ab1095dc-b5e7-4c4e-92d7-c3414090f50f&t_pvid=ab1095dc-b5e7-4c4e-92d7-c3414090f50f&userAgent=Mozilla%2F5.0+%28compatible%3B+radar-arriendos%2F1.0%3B+uso+personal%2C+busqueda+de+arriendo%3B+%2Bhttps%3A%2F%2Fgithub.com%2Falfonsoandona%2Farriendos-vitacura%29&browser=1&isHuman=true&userIp=52.176.37.68&what=vitacura+departamento&search_terms=vitacura+departamento&origin=1&t_or=1&splitTestId=0 — se omite
17:23:13 WARNING robots.txt no permite https://www.nuroa.cl/adform/10342-912-e7f8-1a0a016-97e0-4460cb69457-7a3c?click_type=0&pos=14&searchType=1&page=3&section=1&t_sec=1&sectionType=1&pageViewId=6949a9c3-901d-47a2-ab8d-08bb54d4661b&t_pvid=6949a9c3-901d-47a2-ab8d-08bb54d4661b&userAgent=Mozilla%2F5.0+%28compatible%3B+radar-arriendos%2F1.0%3B+uso+personal%2C+busqueda+de+arriendo%3B+%2Bhttps%3A%2F%2Fgithub.com%2Falfonsoandona%2Farriendos-vitacura%29&browser=1&isHuman=true&userIp=52.176.37.68&what=vitacura+departamento&search_terms=vitacura+departamento&origin=1&t_or=1&splitTestId=0 — se omite
17:23:20 DEBUG   La red no quedó en silencio en https://www.toctoc.com/arriendo/departamento/metropolitana/vitacura/b_5a37b5df7f9d79c4bd1ab716a6babbded3d95b42; se lee igual
17:23:20 DEBUG   [toctoc] 1 avisos vía estado-embebido
17:23:24 INFO    Enriquecido y descartado: 75BRH (arriendo de $4.299.009 sobre el máximo negociable de $1.904.000)
17:23:28 INFO    Fichas leídas: 51 — 0 ganaron el año, 1 la dirección; 7 se descartaron al verlas (0 por viejos)
17:23:29 INFO    Listo: 0 avisados de 44 candidatos
