12:28:38 INFO    No se pudo traer la UF del día (ReadTimeout); se usa el respaldo
12:28:38 INFO    UF = $40.857.96 (caché de hace 1 día(s) — la API no respondió)
12:28:38 INFO    Barriendo TocToc (toctoc)…
12:28:38 INFO    Barriendo Chilepropiedades (chilepropiedades)…
12:28:38 INFO    Barriendo GoPlaceIt (goplaceit)…
12:28:38 INFO    Barriendo Yapo (yapo)…
12:28:38 DEBUG   [chilepropiedades] 11 avisos vía tarjetas
12:28:40 DEBUG   [yapo] 30 avisos vía tarjetas
12:28:40 DEBUG   [chilepropiedades] 11 avisos vía tarjetas
12:28:42 DEBUG   [yapo] 30 avisos vía tarjetas
12:28:42 DEBUG   [goplaceit] 30 avisos vía json-ld
12:28:42 DEBUG   [chilepropiedades] 11 avisos vía tarjetas
12:28:42 INFO      chilepropiedades: 33 avisos en 5s
12:28:42 INFO    Barriendo BuscoNido (busconido)…
12:28:43 INFO      busconido: 0 avisos en 1s
12:28:43 INFO    Barriendo ComunaVitacura.cl (comunavitacura)…
12:28:44 DEBUG   [yapo] 30 avisos vía tarjetas
12:28:44 INFO      yapo: 90 avisos en 7s
12:28:44 INFO    Barriendo BienesOnline (bienesonline)…
12:28:46 INFO      comunavitacura: 0 avisos en 2s
12:28:46 INFO    Barriendo Emol Propiedades (emol_propiedades)…
12:28:46 DEBUG   [bienesonline] 18 avisos vía tarjetas
12:28:46 INFO      bienesonline: 18 avisos en 2s
12:28:46 INFO    Barriendo Economicos (El Mercurio) (economicos)…
12:28:46 WARNING https://www.economicos.cl/search/propiedades/vitacura/arriendo/departamento/0 respondió 403
12:28:46 INFO    [economicos] https://www.economicos.cl/search/propiedades/vitacura/arriendo/departamento/0 rebotó al GET; se reintenta con navegador
12:28:47 WARNING robots.txt no permite https://www.propiedades.emol.com/propiedades/buscar?o=Arriendo&tp=Departamento&c=Vitacura — se omite
12:28:47 WARNING   emol_propiedades: robots.txt del sitio no permite este acceso
12:28:47 INFO      emol_propiedades: 0 avisos en 1s
12:28:47 INFO    Barriendo iCasas (icasas)…
12:28:47 DEBUG   [icasas] 15 avisos vía tarjetas
12:28:49 DEBUG   [icasas] 15 avisos vía tarjetas
12:28:49 INFO      icasas: 30 avisos en 3s
12:28:49 INFO    Barriendo Doomos (doomos)…
12:28:51 INFO      economicos: 0 avisos en 5s
12:28:51 INFO    Barriendo Top Propiedades (toppropiedades)…
12:28:53 DEBUG   [toctoc] 134 avisos vía estado-embebido
12:28:54 DEBUG   [doomos] 33 avisos vía tarjetas
12:28:54 INFO      doomos: 33 avisos en 5s
12:28:54 INFO    Barriendo Trovit (trovit)…
12:28:54 WARNING https://casas.trovit.cl/arriendo-departamento-vitacura respondió 401
12:28:54 INFO    [trovit] https://casas.trovit.cl/arriendo-departamento-vitacura rebotó al GET; se reintenta con navegador
12:28:55 DEBUG   [toppropiedades] 1 avisos vía json-ld
12:28:57 INFO      trovit: 0 avisos en 3s
12:28:57 INFO    Barriendo Nuroa (nuroa)…
12:28:57 DEBUG   [toppropiedades] 1 avisos vía json-ld
12:28:58 DEBUG   Encoding detection: ascii is most likely the one.
12:28:59 DEBUG   [nuroa] 25 avisos vía json-ld
12:28:59 DEBUG   [toppropiedades] 1 avisos vía json-ld
12:29:01 DEBUG   [nuroa] 25 avisos vía json-ld
12:29:01 INFO      nuroa: 50 avisos en 4s
12:29:01 INFO    Barriendo Mitula (mitula)…
12:29:01 DEBUG   [toppropiedades] 1 avisos vía json-ld
12:29:02 WARNING https://casas.mitula.cl/casas/arriendo-departamentos-vitacura respondió 401
12:29:02 INFO    [mitula] https://casas.mitula.cl/casas/arriendo-departamentos-vitacura rebotó al GET; se reintenta con navegador
12:29:03 DEBUG   [toppropiedades] 1 avisos vía json-ld
12:29:04 DEBUG   [toctoc] 134 avisos vía estado-embebido
12:29:04 INFO      mitula: 0 avisos en 3s
12:29:04 INFO    Barriendo Nestoria (nestoria)…
12:29:05 WARNING https://www.nestoria.cl/vitacura/propiedades/arriendo respondió 401
12:29:05 INFO    [nestoria] https://www.nestoria.cl/vitacura/propiedades/arriendo rebotó al GET; se reintenta con navegador
12:29:05 DEBUG   [toppropiedades] 1 avisos vía json-ld
12:29:07 DEBUG   [toppropiedades] 1 avisos vía json-ld
12:29:07 INFO      nestoria: 0 avisos en 3s
12:29:07 INFO    Barriendo Houm (houm)…
12:29:10 DEBUG   [toppropiedades] 1 avisos vía json-ld
12:29:10 INFO      toppropiedades: 8 avisos en 18s
12:29:10 INFO    Barriendo Hey! Homes (heyhomes)…
12:29:11 DEBUG   [toctoc] 134 avisos vía estado-embebido
12:29:13 DEBUG   [heyhomes] 9 avisos vía tarjetas
12:29:13 INFO      heyhomes: 9 avisos en 3s
12:29:13 INFO    Barriendo AssetPlan (assetplan)…
12:29:14 DEBUG   [houm] 28 avisos vía json-ld
12:29:17 DEBUG   [goplaceit] 30 avisos vía json-ld
12:29:22 DEBUG   [toctoc] 106 avisos vía estado-embebido
12:29:23 INFO      assetplan: 0 avisos en 10s
12:29:23 INFO    Barriendo Engel & Völkers (engelvoelkers)…
12:29:28 DEBUG   La red no quedó en silencio en https://houm.com/cl/arriendo-departamento-región-metropolitana/las-condes/170742; se lee igual
12:29:28 DEBUG   [houm] 1 avisos vía estado-embebido
12:29:33 DEBUG   [engelvoelkers] 17 avisos vía tarjetas
12:29:33 INFO      engelvoelkers: 17 avisos en 10s
12:29:33 INFO    Barriendo RE/MAX Chile (remax)…
12:29:36 DEBUG   [toctoc] 106 avisos vía estado-embebido
12:29:42 DEBUG   La red no quedó en silencio en https://houm.com/cl/arriendo-departamento-región-metropolitana/las-condes/173143; se lee igual
12:29:42 DEBUG   [houm] 1 avisos vía estado-embebido
12:29:43 DEBUG   La red no quedó en silencio en https://www.remax.cl/es-cl/busqueda/metropolitana-de-santiago/santiago/vitacura/residencial-departamento/arriendo/; se lee igual
12:29:43 DEBUG   [remax] 6 avisos vía tarjetas
12:29:49 DEBUG   [toctoc] 108 avisos vía estado-embebido
12:29:49 INFO      toctoc: 722 avisos en 72s
12:29:49 INFO    Barriendo Fuenzalida Propiedades (fuenzalida)…
12:29:52 INFO      remax: 6 avisos en 19s
12:29:52 INFO    Barriendo Century 21 Chile (century21)…
12:29:52 INFO      century21: 0 avisos en 1s
12:29:52 INFO    Barriendo Chile Sotheby's Realty (sothebys)…
12:29:53 WARNING https://chile.sothebysrealty.com/ respondió 403
12:29:53 INFO    [sothebys] https://chile.sothebysrealty.com/ rebotó al GET; se reintenta con navegador
12:29:53 DEBUG   [fuenzalida] 20 avisos vía tarjetas
12:29:55 DEBUG   La red no quedó en silencio en https://houm.com/cl/arriendo-departamento-región-metropolitana/las-condes/173170; se lee igual
12:29:55 DEBUG   [houm] 1 avisos vía estado-embebido
12:29:56 DEBUG   [fuenzalida] 20 avisos vía tarjetas
12:29:57 INFO      sothebys: 0 avisos en 5s
12:29:57 INFO    Barriendo Contempora Propiedades (contempora)…
12:30:00 DEBUG   [fuenzalida] 20 avisos vía tarjetas
12:30:00 INFO      fuenzalida: 60 avisos en 11s
12:30:00 INFO    Barriendo Property Partners (propertypartners)…
12:30:00 DEBUG   [propertypartners] 1 avisos vía tarjetas
12:30:00 INFO      propertypartners: 1 avisos en 0s
12:30:00 INFO    Barriendo Acceso Inmobiliario (accesoinmobiliario)…
12:30:03 DEBUG   La red no quedó en silencio en https://houm.com/cl/arriendo-departamento-región-metropolitana/las-condes/175757; se lee igual
12:30:03 DEBUG   [houm] 1 avisos vía estado-embebido
12:30:04 DEBUG   [accesoinmobiliario] 16 avisos vía tarjetas
12:30:11 DEBUG   La red no quedó en silencio en https://houm.com/cl/arriendo-departamento-región-metropolitana/ñuñoa/176912; se lee igual
12:30:12 DEBUG   [houm] 1 avisos vía estado-embebido
12:30:12 DEBUG   [accesoinmobiliario] 1 avisos vía tarjetas
12:30:14 DEBUG   [goplaceit] 30 avisos vía json-ld
12:30:20 DEBUG   La red no quedó en silencio en https://houm.com/cl/arriendo-departamento-región-metropolitana/ñuñoa/174379; se lee igual
12:30:20 DEBUG   [houm] 1 avisos vía estado-embebido
12:30:23 DEBUG   [accesoinmobiliario] 1 avisos vía tarjetas
12:30:28 DEBUG   La red no quedó en silencio en https://houm.com/cl/arriendo-departamento-región-metropolitana/providencia/175432; se lee igual
12:30:28 DEBUG   [houm] 1 avisos vía estado-embebido
12:30:28 WARNING Error en https://www.contempora.cl/ (intento 1/3): HTTPSConnectionPool(host='www.contempora.cl', port=443): Max retries exceeded with url: / (Caused by ConnectTimeoutError(<HTTPSConnection(host='www.contempora.cl', port=443) at 0x7f9452ec2ff0>, 'Connection to www.contempora.cl timed out. (connect timeout=20)'))
12:30:33 DEBUG   [houm] 1 avisos vía estado-embebido
12:30:33 INFO      houm: 36 avisos en 86s
12:30:33 INFO    Barriendo Magnolia Property (magnoliaproperty)…
12:30:34 DEBUG   [magnoliaproperty] 6 avisos vía tarjetas
12:30:34 INFO      magnoliaproperty: 6 avisos en 1s
12:30:34 INFO    Barriendo Portilla Propiedades (portillapropiedades)…
12:30:34 DEBUG   [portillapropiedades] 2 avisos vía tarjetas
12:30:34 INFO      portillapropiedades: 2 avisos en 1s
12:30:34 INFO    Barriendo Nativo Propiedades (nativopropiedades)…
12:30:35 DEBUG   [accesoinmobiliario] 1 avisos vía tarjetas
12:30:35 DEBUG   [nativopropiedades] 7 avisos vía tarjetas
12:30:35 INFO      nativopropiedades: 7 avisos en 1s
12:30:35 INFO    Barriendo MaxRenta (maxrenta)…
12:30:37 INFO      maxrenta: 0 avisos en 2s
12:30:37 INFO    Barriendo Colliers Chile (colliers)…
12:30:37 WARNING Error en https://www.colliers.cl/ (intento 1/3): HTTPSConnectionPool(host='www.colliers.cl', port=443): Max retries exceeded with url: / (Caused by SSLError(SSLCertVerificationError(1, "[SSL: CERTIFICATE_VERIFY_FAILED] certificate verify failed: Hostname mismatch, certificate is not valid for 'www.colliers.cl'. (_ssl.c:1010)")))
12:30:37 INFO      accesoinmobiliario: 19 avisos en 37s
12:30:37 INFO    Barriendo Zenta Group (zentagroup)…
12:30:38 INFO      zentagroup: 0 avisos en 1s
12:30:38 INFO    Barriendo Inciti (inciti)…
12:30:38 INFO      inciti: 0 avisos en 0s
12:30:38 INFO    Barriendo Enlace Inmobiliario (enlaceinmobiliario)…
12:30:38 WARNING https://www.enlaceinmobiliario.cl/ respondió 403
12:30:38 INFO    [enlaceinmobiliario] https://www.enlaceinmobiliario.cl/ rebotó al GET; se reintenta con navegador
12:30:39 WARNING Error en https://www.colliers.cl/ (intento 2/3): HTTPSConnectionPool(host='www.colliers.cl', port=443): Max retries exceeded with url: / (Caused by SSLError(SSLCertVerificationError(1, "[SSL: CERTIFICATE_VERIFY_FAILED] certificate verify failed: Hostname mismatch, certificate is not valid for 'www.colliers.cl'. (_ssl.c:1010)")))
12:30:41 INFO      enlaceinmobiliario: 0 avisos en 3s
12:30:41 INFO    Barriendo Arriendo Asegurado (arriendoasegurado)…
12:30:43 WARNING Error en https://www.colliers.cl/ (intento 3/3): HTTPSConnectionPool(host='www.colliers.cl', port=443): Max retries exceeded with url: / (Caused by SSLError(SSLCertVerificationError(1, "[SSL: CERTIFICATE_VERIFY_FAILED] certificate verify failed: Hostname mismatch, certificate is not valid for 'www.colliers.cl'. (_ssl.c:1010)")))
12:30:43 WARNING   colliers: problema de certificado TLS
12:30:43 INFO      colliers: 0 avisos en 6s
12:30:43 INFO    Barriendo Rentas.cl (rentas_cl)…
12:30:45 INFO      goplaceit: 90 avisos en 127s
12:30:45 INFO    Barriendo Arriendos.cl (arriendos_cl)…
12:30:45 DEBUG   [rentas_cl] 1 avisos vía json-ld
12:30:45 INFO      rentas_cl: 1 avisos en 2s
12:30:45 INFO    Barriendo Propiedades.cl (propiedades_cl)…
12:30:46 DEBUG   [propiedades_cl] 6 avisos vía tarjetas
12:30:46 INFO      propiedades_cl: 6 avisos en 0s
12:30:46 INFO    Barriendo Inmuebles.cl (inmuebles_cl)…
12:30:46 INFO      arriendos_cl: 0 avisos en 1s
12:30:46 INFO    Barriendo Clasificados.cl (clasificados_cl)…
12:30:47 INFO      inmuebles_cl: 0 avisos en 1s
12:30:47 INFO    Barriendo Capitalizarme (capitalizarme)…
12:30:47 WARNING robots.txt no permite https://www.capitalizarme.com/ — se omite
12:30:47 WARNING   capitalizarme: robots.txt del sitio no permite este acceso
12:30:47 INFO      capitalizarme: 0 avisos en 0s
12:30:49 DEBUG   [clasificados_cl] 1 avisos vía tarjetas
12:30:49 INFO      clasificados_cl: 1 avisos en 3s
12:30:50 WARNING Error en https://www.contempora.cl/ (intento 2/3): HTTPSConnectionPool(host='www.contempora.cl', port=443): Max retries exceeded with url: / (Caused by ConnectTimeoutError(<HTTPSConnection(host='www.contempora.cl', port=443) at 0x7f94528384a0>, 'Connection to www.contempora.cl timed out. (connect timeout=20)'))
12:31:15 WARNING Error en https://www.contempora.cl/ (intento 3/3): HTTPSConnectionPool(host='www.contempora.cl', port=443): Max retries exceeded with url: / (Caused by ConnectTimeoutError(<HTTPSConnection(host='www.contempora.cl', port=443) at 0x7f9465048ec0>, 'Connection to www.contempora.cl timed out. (connect timeout=20)'))
12:31:15 WARNING   contempora: el sitio no respondió a tiempo
12:31:15 INFO      contempora: 0 avisos en 78s
12:31:29 WARNING Error en https://www.arriendoasegurado.cl/ (intento 1/3): ('Connection aborted.', ConnectionResetError(104, 'Connection reset by peer'))
12:32:29 WARNING Error en https://www.arriendoasegurado.cl/ (intento 2/3): ('Connection aborted.', ConnectionResetError(104, 'Connection reset by peer'))
12:33:31 WARNING Error en https://www.arriendoasegurado.cl/ (intento 3/3): ('Connection aborted.', ConnectionResetError(104, 'Connection reset by peer'))
12:33:31 WARNING   arriendoasegurado: el servidor cortó la conexión sin responder — suele ser bloqueo anti-bot
12:33:31 INFO      arriendoasegurado: 0 avisos en 170s
12:33:31 INFO    Total crudo: 1245 avisos
12:33:31 INFO    Después de deduplicar: 398
12:33:31 INFO    Pasaron los filtros: 61
12:33:32 INFO    Ubicados en el mapa: 2 (con 1 consultas nuevas)
12:33:33 DEBUG   [yapo] 2 avisos vía json-ld
12:33:37 DEBUG   [toctoc] 1 avisos vía tarjetas
12:33:38 DEBUG   Ficha de UFUSP sin candidato propio; no se fusiona
12:33:44 DEBUG   [toctoc] 1 avisos vía estado-embebido
12:33:49 DEBUG   [toctoc] 1 avisos vía estado-embebido
12:33:49 DEBUG   [chilepropiedades] 2 avisos vía json-ld
12:33:52 INFO    Listo: 5 avisados de 61 candidatos
