02:30:48 INFO    UF = $41.040.82 (API del día)
02:30:48 INFO    Barriendo TocToc (toctoc)…
02:30:48 INFO    Barriendo Chilepropiedades (chilepropiedades)…
02:30:48 INFO    Barriendo GoPlaceIt (goplaceit)…
02:30:48 INFO    Barriendo Yapo (yapo)…
02:30:49 DEBUG   [chilepropiedades] 10 avisos vía tarjetas
02:30:49 WARNING https://www.yapo.cl/bienes-raices-alquiler-apartamentos/region-metropolitana-vitacura respondió 403
02:30:49 INFO    [yapo] https://www.yapo.cl/bienes-raices-alquiler-apartamentos/region-metropolitana-vitacura rebotó al GET; se reintenta con navegador
02:30:51 DEBUG   [chilepropiedades] 10 avisos vía tarjetas
02:30:51 DEBUG   [goplaceit] 30 avisos vía json-ld
02:30:53 DEBUG   [chilepropiedades] 10 avisos vía tarjetas
02:30:53 INFO      chilepropiedades: 30 avisos en 4s
02:30:53 INFO    Barriendo BuscoNido (busconido)…
02:30:53 INFO      toctoc: 0 avisos en 5s
02:30:53 INFO    Barriendo BienesOnline (bienesonline)…
02:30:53 DEBUG   [busconido] 23 avisos vía tarjetas
02:30:53 INFO      busconido: 23 avisos en 1s
02:30:53 INFO    Barriendo Economicos (El Mercurio) (economicos)…
02:30:54 DEBUG   [bienesonline] 11 avisos vía tarjetas
02:30:54 INFO      bienesonline: 11 avisos en 1s
02:30:54 INFO    Barriendo iCasas (icasas)…
02:30:54 DEBUG   [icasas] 15 avisos vía tarjetas
02:30:56 DEBUG   [icasas] 15 avisos vía tarjetas
02:30:56 INFO      icasas: 30 avisos en 2s
02:30:56 INFO    Barriendo Doomos (doomos)…
02:30:56 DEBUG   La red no quedó en silencio en https://www.yapo.cl/bienes-raices-alquiler-apartamentos/region-metropolitana-vitacura; se lee igual
02:30:57 INFO      yapo: 0 avisos en 8s
02:30:57 INFO    Barriendo Top Propiedades (toppropiedades)…
02:30:58 DEBUG   [doomos] 33 avisos vía tarjetas
02:30:58 INFO      doomos: 33 avisos en 2s
02:30:58 INFO    Barriendo Nuroa (nuroa)…
02:30:59 DEBUG   Encoding detection: ascii is most likely the one.
02:31:00 DEBUG   [nuroa] 25 avisos vía json-ld
02:31:00 DEBUG   [toppropiedades] 1 avisos vía json-ld
02:31:02 DEBUG   [nuroa] 25 avisos vía json-ld
02:31:02 DEBUG   [toppropiedades] 1 avisos vía json-ld
02:31:04 DEBUG   [nuroa] 25 avisos vía json-ld
02:31:04 DEBUG   [toppropiedades] 1 avisos vía json-ld
02:31:06 DEBUG   [nuroa] 25 avisos vía json-ld
02:31:06 INFO      nuroa: 100 avisos en 7s
02:31:06 INFO    Barriendo Mitula (mitula)…
02:31:06 DEBUG   [toppropiedades] 1 avisos vía json-ld
02:31:07 DEBUG   [mitula] 30 avisos vía json-ld
02:31:08 DEBUG   [toppropiedades] 1 avisos vía json-ld
02:31:09 DEBUG   [mitula] 30 avisos vía json-ld
02:31:09 INFO      mitula: 60 avisos en 4s
02:31:09 INFO    Barriendo Houm (houm)…
02:31:10 DEBUG   [toppropiedades] 1 avisos vía json-ld
02:31:12 DEBUG   [toppropiedades] 1 avisos vía json-ld
02:31:14 DEBUG   [toppropiedades] 1 avisos vía json-ld
02:31:14 INFO      toppropiedades: 8 avisos en 18s
02:31:14 INFO    Barriendo Hey! Homes (heyhomes)…
02:31:15 DEBUG   [goplaceit] 30 avisos vía json-ld
02:31:17 DEBUG   La red no quedó en silencio en https://houm.com/cl/arriendo-departamentos-region-metropolitana/vitacura/3-dormitorios; se lee igual
02:31:17 DEBUG   [heyhomes] 9 avisos vía tarjetas
02:31:17 INFO      heyhomes: 9 avisos en 3s
02:31:17 INFO    Barriendo Engel & Völkers (engelvoelkers)…
02:31:17 DEBUG   [houm] 28 avisos vía json-ld
02:31:23 WARNING Error en https://www.economicos.cl/search/propiedades/vitacura/arriendo/departamento/0 (intento 1/3): HTTPSConnectionPool(host='www.economicos.cl', port=443): Max retries exceeded with url: /search/propiedades/vitacura/arriendo/departamento/0 (Caused by ConnectTimeoutError(<HTTPSConnection(host='www.economicos.cl', port=443) at 0x7f52cfd15850>, 'Connection to www.economicos.cl timed out. (connect timeout=20)'))
02:31:23 DEBUG   [engelvoelkers] 17 avisos vía tarjetas
02:31:23 INFO      engelvoelkers: 17 avisos en 6s
02:31:23 INFO    Barriendo RE/MAX Chile (remax)…
02:31:24 DEBUG   La red no quedó en silencio en https://houm.com/cl/arriendo-departamento-región-metropolitana/las-condes/170742; se lee igual
02:31:24 DEBUG   [houm] 1 avisos vía estado-embebido
02:31:29 INFO      remax: 0 avisos en 6s
02:31:29 INFO    Barriendo Fuenzalida Propiedades (fuenzalida)…
02:31:32 DEBUG   [fuenzalida] 16 avisos vía tarjetas
02:31:34 DEBUG   La red no quedó en silencio en https://houm.com/cl/arriendo-departamento-región-metropolitana/lo-barnechea/74201; se lee igual
02:31:34 DEBUG   [houm] 1 avisos vía estado-embebido
02:31:35 DEBUG   [fuenzalida] 20 avisos vía tarjetas
02:31:38 DEBUG   [fuenzalida] 20 avisos vía tarjetas
02:31:38 INFO      fuenzalida: 56 avisos en 9s
02:31:38 INFO    Barriendo Century 21 Chile (century21)…
02:31:39 INFO      century21: 0 avisos en 1s
02:31:39 INFO    Barriendo Property Partners (propertypartners)…
02:31:40 DEBUG   [propertypartners] 1 avisos vía tarjetas
02:31:40 INFO      propertypartners: 1 avisos en 0s
02:31:40 INFO    Barriendo Acceso Inmobiliario (accesoinmobiliario)…
02:31:41 DEBUG   La red no quedó en silencio en https://houm.com/cl/arriendo-departamento-región-metropolitana/recoleta/179872; se lee igual
02:31:41 DEBUG   [houm] 1 avisos vía estado-embebido
02:31:44 DEBUG   [accesoinmobiliario] 16 avisos vía tarjetas
02:31:45 WARNING Error en https://www.economicos.cl/search/propiedades/vitacura/arriendo/departamento/0 (intento 2/3): HTTPSConnectionPool(host='www.economicos.cl', port=443): Max retries exceeded with url: /search/propiedades/vitacura/arriendo/departamento/0 (Caused by ConnectTimeoutError(<HTTPSConnection(host='www.economicos.cl', port=443) at 0x7f52cee157f0>, 'Connection to www.economicos.cl timed out. (connect timeout=20)'))
02:31:47 DEBUG   [goplaceit] 30 avisos vía json-ld
02:31:49 DEBUG   [accesoinmobiliario] 1 avisos vía tarjetas
02:31:50 DEBUG   La red no quedó en silencio en https://houm.com/cl/arriendo-departamento-región-metropolitana/recoleta/178185; se lee igual
02:31:50 DEBUG   [houm] 1 avisos vía estado-embebido
02:31:59 DEBUG   La red no quedó en silencio en https://houm.com/cl/arriendo-departamento-región-metropolitana/recoleta/176207; se lee igual
02:31:59 DEBUG   [houm] 1 avisos vía estado-embebido
02:32:00 DEBUG   [accesoinmobiliario] 1 avisos vía tarjetas
02:32:05 DEBUG   [accesoinmobiliario] 1 avisos vía tarjetas
02:32:08 DEBUG   La red no quedó en silencio en https://houm.com/cl/arriendo-departamento-región-metropolitana/las-condes/177842; se lee igual
02:32:09 DEBUG   [houm] 1 avisos vía estado-embebido
02:32:09 WARNING Error en https://www.economicos.cl/search/propiedades/vitacura/arriendo/departamento/0 (intento 3/3): HTTPSConnectionPool(host='www.economicos.cl', port=443): Max retries exceeded with url: /search/propiedades/vitacura/arriendo/departamento/0 (Caused by ConnectTimeoutError(<HTTPSConnection(host='www.economicos.cl', port=443) at 0x7f52dca06600>, 'Connection to www.economicos.cl timed out. (connect timeout=20)'))
02:32:09 WARNING   economicos: el sitio no respondió a tiempo
02:32:09 INFO      economicos: 0 avisos en 76s
02:32:09 INFO    Barriendo Magnolia Property (magnoliaproperty)…
02:32:10 DEBUG   [magnoliaproperty] 5 avisos vía tarjetas
02:32:10 INFO      magnoliaproperty: 5 avisos en 0s
02:32:10 INFO    Barriendo Portilla Propiedades (portillapropiedades)…
02:32:11 DEBUG   [portillapropiedades] 2 avisos vía tarjetas
02:32:11 INFO      portillapropiedades: 2 avisos en 1s
02:32:11 INFO    Barriendo Nativo Propiedades (nativopropiedades)…
02:32:11 DEBUG   [accesoinmobiliario] 1 avisos vía tarjetas
02:32:11 DEBUG   [nativopropiedades] 10 avisos vía tarjetas
02:32:11 INFO      nativopropiedades: 10 avisos en 1s
02:32:11 INFO    Barriendo Enlace Inmobiliario (enlaceinmobiliario)…
02:32:11 WARNING https://www.enlaceinmobiliario.cl/ respondió 403
02:32:11 INFO    [enlaceinmobiliario] https://www.enlaceinmobiliario.cl/ rebotó al GET; se reintenta con navegador
02:32:18 DEBUG   La red no quedó en silencio en https://houm.com/cl/arriendo-departamento-región-metropolitana/recoleta/176958; se lee igual
02:32:18 DEBUG   [houm] 1 avisos vía estado-embebido
02:32:21 INFO      goplaceit: 90 avisos en 93s
02:32:21 INFO    Barriendo Rentas.cl (rentas_cl)…
02:32:21 DEBUG   La red no quedó en silencio en https://www.enlaceinmobiliario.cl/; se lee igual
02:32:21 INFO      enlaceinmobiliario: 0 avisos en 10s
02:32:21 INFO    Barriendo Arriendos.cl (arriendos_cl)…
02:32:22 INFO      arriendos_cl: 0 avisos en 1s
02:32:22 INFO    Barriendo Propiedades.cl (propiedades_cl)…
02:32:23 DEBUG   [rentas_cl] 1 avisos vía json-ld
02:32:23 INFO      rentas_cl: 1 avisos en 2s
02:32:23 INFO    Barriendo Clasificados.cl (clasificados_cl)…
02:32:23 DEBUG   [propiedades_cl] 6 avisos vía tarjetas
02:32:23 INFO      propiedades_cl: 6 avisos en 1s
02:32:25 DEBUG   [clasificados_cl] 1 avisos vía tarjetas
02:32:25 INFO      clasificados_cl: 1 avisos en 2s
02:32:28 INFO      accesoinmobiliario: 20 avisos en 48s
02:32:28 DEBUG   La red no quedó en silencio en https://houm.com/cl/arriendo-departamento-región-metropolitana/recoleta/90462; se lee igual
02:32:28 DEBUG   [houm] 1 avisos vía estado-embebido
02:32:28 INFO      houm: 36 avisos en 79s
02:32:28 INFO    Total crudo: 549 avisos
02:32:29 INFO    Después de deduplicar: 410
02:32:29 INFO    Pasaron los filtros: 44
02:32:40 DEBUG   [doomos] 18 avisos vía tarjetas
02:32:40 DEBUG   Ficha de YVT22 sin candidato propio; no se fusiona
02:32:41 DEBUG   Ficha de HW5MX sin candidato propio; no se fusiona
02:32:55 DEBUG   [doomos] 27 avisos vía tarjetas
02:32:55 DEBUG   Ficha de U44VT sin candidato propio; no se fusiona
02:33:01 DEBUG   [doomos] 27 avisos vía tarjetas
02:33:01 DEBUG   Ficha de KNAE9 sin candidato propio; no se fusiona
02:33:08 DEBUG   [doomos] 27 avisos vía tarjetas
02:33:08 DEBUG   Ficha de PR3QK sin candidato propio; no se fusiona
02:33:11 DEBUG   [doomos] 27 avisos vía tarjetas
02:33:11 DEBUG   Ficha de 2HWEW sin candidato propio; no se fusiona
02:33:12 DEBUG   [doomos] 27 avisos vía tarjetas
02:33:12 DEBUG   Ficha de ZWNAN sin candidato propio; no se fusiona
02:33:12 DEBUG   [busconido] 10 avisos vía tarjetas
02:33:12 DEBUG   Ficha de VHW97 sin candidato propio; no se fusiona
02:33:14 DEBUG   [busconido] 11 avisos vía tarjetas
02:33:14 DEBUG   Ficha de 5G5TS sin candidato propio; no se fusiona
02:33:16 DEBUG   [busconido] 11 avisos vía tarjetas
02:33:16 DEBUG   Ficha de FYAVK sin candidato propio; no se fusiona
02:33:18 DEBUG   [busconido] 10 avisos vía tarjetas
02:33:18 DEBUG   Ficha de Y69M8 sin candidato propio; no se fusiona
02:33:19 DEBUG   [doomos] 27 avisos vía tarjetas
02:33:19 DEBUG   Ficha de FQ6XQ sin candidato propio; no se fusiona
02:33:20 DEBUG   [busconido] 10 avisos vía tarjetas
02:33:20 DEBUG   Ficha de 3SSBS sin candidato propio; no se fusiona
02:33:22 DEBUG   [busconido] 10 avisos vía tarjetas
02:33:22 DEBUG   Ficha de KWJ7Y sin candidato propio; no se fusiona
02:33:26 INFO    Enriquecido y descartado: YAVJA (arriendo de $3.517.371 sobre el máximo negociable de $1.904.000)
02:33:33 INFO    Enriquecido y descartado: CC2AY (arriendo de $2.032.258 sobre el máximo negociable de $1.904.000)
02:33:33 WARNING robots.txt no permite https://placehold.co/1920x1080.mp4 — se omite
02:33:40 DEBUG   [doomos] 18 avisos vía tarjetas
02:33:40 DEBUG   Ficha de J5JN4 sin candidato propio; no se fusiona
02:33:41 DEBUG   [mitula] 3 avisos vía tarjetas
02:33:49 DEBUG   [engelvoelkers] 1 avisos vía json-ld
02:33:54 DEBUG   [doomos] 27 avisos vía tarjetas
02:33:54 DEBUG   Ficha de P8XMT sin candidato propio; no se fusiona
02:33:58 WARNING robots.txt no permite https://www.nuroa.cl/adform/10342-912-b45c-1a0ce6e-984c-ada286d9a1f6-77e4?click_type=0&pos=23&searchType=2&page=1&section=1&t_sec=1&sectionType=1&pageViewId=892ca0b0-1561-4184-94fe-7c9227a1a492&t_pvid=892ca0b0-1561-4184-94fe-7c9227a1a492&userAgent=Mozilla%2F5.0+%28compatible%3B+radar-arriendos%2F1.0%3B+uso+personal%2C+busqueda+de+arriendo%3B+%2Bhttps%3A%2F%2Fgithub.com%2Falfonsoandona%2Farriendos-vitacura%29&browser=1&isHuman=true&userIp=134.33.99.229&what=vitacura+departamento&search_terms=vitacura+departamento&origin=1&t_or=1&splitTestId=0 — se omite
02:34:01 INFO    Enriquecido y descartado: 75BRH (arriendo de $2.931.142 sobre el máximo negociable de $1.904.000)
02:34:23 DEBUG   La red no quedó en silencio en https://www.goplaceit.com/cl/propiedad/arriendo/departamento/vitacura/12885329-departamento-en-arriendo-en-alonso-de-cordova; se lee igual
02:34:23 INFO    Enriquecido y descartado: 75BRH (arriendo de $2.149.504 sobre el máximo negociable de $1.904.000)
02:34:27 INFO    Enriquecido y descartado: 75BRH (arriendo de $1.954.095 sobre el máximo negociable de $1.904.000)
02:34:40 WARNING robots.txt no permite https://www.nuroa.cl/adform/10342-912-3e9b-1a0e30e-bd4c-4f30fb45531b-7a22?click_type=0&pos=7&searchType=1&page=1&section=1&t_sec=1&sectionType=1&pageViewId=892ca0b0-1561-4184-94fe-7c9227a1a492&t_pvid=892ca0b0-1561-4184-94fe-7c9227a1a492&userAgent=Mozilla%2F5.0+%28compatible%3B+radar-arriendos%2F1.0%3B+uso+personal%2C+busqueda+de+arriendo%3B+%2Bhttps%3A%2F%2Fgithub.com%2Falfonsoandona%2Farriendos-vitacura%29&browser=1&isHuman=true&userIp=134.33.99.229&what=vitacura+departamento&search_terms=vitacura+departamento&origin=1&t_or=1&splitTestId=0 — se omite
02:34:40 WARNING robots.txt no permite https://www.nuroa.cl/adform/10342-912-e7f8-1a0a016-97e0-4460cb69457-7a3c?click_type=0&pos=13&searchType=1&page=3&section=1&t_sec=1&sectionType=1&pageViewId=83c9eadf-222e-45ff-b585-d39501443262&t_pvid=83c9eadf-222e-45ff-b585-d39501443262&userAgent=Mozilla%2F5.0+%28compatible%3B+radar-arriendos%2F1.0%3B+uso+personal%2C+busqueda+de+arriendo%3B+%2Bhttps%3A%2F%2Fgithub.com%2Falfonsoandona%2Farriendos-vitacura%29&browser=1&isHuman=true&userIp=134.33.99.229&what=vitacura+departamento&search_terms=vitacura+departamento&origin=1&t_or=1&splitTestId=0 — se omite
02:34:44 INFO    Enriquecido y descartado: 75BRH (arriendo de $4.299.009 sobre el máximo negociable de $1.904.000)
02:34:47 INFO    Fichas leídas: 44 — 0 ganaron el año, 0 la dirección; 6 se descartaron al verlas (0 por viejos)
02:34:48 INFO    Listo: 0 avisados de 38 candidatos
