19:30:51 INFO    UF = $40.860.60 (API del día)
19:30:51 INFO    Barriendo TocToc (toctoc)…
19:30:51 INFO    Barriendo Chilepropiedades (chilepropiedades)…
19:30:51 INFO    Barriendo GoPlaceIt (goplaceit)…
19:30:51 INFO    Barriendo Yapo (yapo)…
19:30:51 DEBUG   [chilepropiedades] 10 avisos vía tarjetas
19:30:53 DEBUG   [yapo] 30 avisos vía tarjetas
19:30:53 DEBUG   [chilepropiedades] 10 avisos vía tarjetas
19:30:54 DEBUG   [goplaceit] 30 avisos vía json-ld
19:30:55 DEBUG   [yapo] 30 avisos vía tarjetas
19:30:55 DEBUG   [chilepropiedades] 10 avisos vía tarjetas
19:30:55 INFO      chilepropiedades: 30 avisos en 5s
19:30:55 INFO    Barriendo BuscoNido (busconido)…
19:30:56 DEBUG   [busconido] 23 avisos vía tarjetas
19:30:56 INFO      busconido: 23 avisos en 1s
19:30:56 INFO    Barriendo BienesOnline (bienesonline)…
19:30:57 DEBUG   [yapo] 30 avisos vía tarjetas
19:30:57 INFO      yapo: 90 avisos en 6s
19:30:57 INFO    Barriendo Economicos (El Mercurio) (economicos)…
19:30:57 DEBUG   [toctoc] 73 avisos vía json-ld
19:30:57 WARNING https://www.economicos.cl/search/propiedades/vitacura/arriendo/departamento/0 respondió 403
19:30:57 INFO    [economicos] https://www.economicos.cl/search/propiedades/vitacura/arriendo/departamento/0 rebotó al GET; se reintenta con navegador
19:30:58 DEBUG   [bienesonline] 15 avisos vía tarjetas
19:30:58 INFO      bienesonline: 15 avisos en 1s
19:30:58 INFO    Barriendo iCasas (icasas)…
19:30:58 DEBUG   [icasas] 15 avisos vía tarjetas
19:30:59 INFO      economicos: 0 avisos en 2s
19:30:59 INFO    Barriendo Doomos (doomos)…
19:30:59 WARNING https://www.doomos.cl/departamentos-vitacura-arriendo respondió 403
19:30:59 INFO    [doomos] https://www.doomos.cl/departamentos-vitacura-arriendo rebotó al GET; se reintenta con navegador
19:31:00 INFO      doomos: 0 avisos en 1s
19:31:00 INFO    Barriendo Top Propiedades (toppropiedades)…
19:31:00 DEBUG   [icasas] 15 avisos vía tarjetas
19:31:00 INFO      icasas: 30 avisos en 3s
19:31:00 INFO    Barriendo Nuroa (nuroa)…
19:31:01 DEBUG   Encoding detection: ascii is most likely the one.
19:31:02 DEBUG   [nuroa] 25 avisos vía json-ld
19:31:03 DEBUG   [toppropiedades] 1 avisos vía json-ld
19:31:04 DEBUG   [nuroa] 25 avisos vía json-ld
19:31:05 DEBUG   [toppropiedades] 1 avisos vía json-ld
19:31:06 DEBUG   [nuroa] 25 avisos vía json-ld
19:31:07 DEBUG   [toppropiedades] 1 avisos vía json-ld
19:31:08 DEBUG   [nuroa] 25 avisos vía json-ld
19:31:09 INFO      nuroa: 100 avisos en 8s
19:31:09 INFO    Barriendo Mitula (mitula)…
19:31:09 WARNING https://casas.mitula.cl/casas/arriendo-departamentos-vitacura respondió 401
19:31:09 INFO    [mitula] https://casas.mitula.cl/casas/arriendo-departamentos-vitacura rebotó al GET; se reintenta con navegador
19:31:09 DEBUG   [toppropiedades] 1 avisos vía json-ld
19:31:12 DEBUG   [toppropiedades] 1 avisos vía json-ld
19:31:12 DEBUG   [toctoc] 146 avisos vía estado-embebido
19:31:12 INFO      mitula: 0 avisos en 3s
19:31:12 INFO    Barriendo Houm (houm)…
19:31:13 DEBUG   [toppropiedades] 1 avisos vía json-ld
19:31:15 DEBUG   [toppropiedades] 1 avisos vía json-ld
19:31:17 DEBUG   [toppropiedades] 1 avisos vía json-ld
19:31:17 INFO      toppropiedades: 8 avisos en 18s
19:31:17 INFO    Barriendo Hey! Homes (heyhomes)…
19:31:20 DEBUG   [toctoc] 146 avisos vía estado-embebido
19:31:20 DEBUG   La red no quedó en silencio en https://houm.com/cl/arriendo-departamentos-region-metropolitana/vitacura/3-dormitorios; se lee igual
19:31:20 DEBUG   [heyhomes] 9 avisos vía tarjetas
19:31:20 INFO      heyhomes: 9 avisos en 3s
19:31:20 INFO    Barriendo AssetPlan (assetplan)…
19:31:20 DEBUG   [houm] 28 avisos vía json-ld
19:31:27 DEBUG   [toctoc] 54 avisos vía json-ld
19:31:33 INFO      assetplan: 0 avisos en 13s
19:31:33 INFO    Barriendo Engel & Völkers (engelvoelkers)…
19:31:34 DEBUG   La red no quedó en silencio en https://houm.com/cl/arriendo-departamento-región-metropolitana/las-condes/170742; se lee igual
19:31:34 DEBUG   [houm] 1 avisos vía estado-embebido
19:31:41 DEBUG   [engelvoelkers] 16 avisos vía tarjetas
19:31:41 INFO      engelvoelkers: 16 avisos en 8s
19:31:41 INFO    Barriendo RE/MAX Chile (remax)…
19:31:44 DEBUG   [toctoc] 108 avisos vía estado-embebido
19:31:48 DEBUG   [goplaceit] 30 avisos vía json-ld
19:31:48 DEBUG   La red no quedó en silencio en https://houm.com/cl/arriendo-departamento-región-metropolitana/las-condes/175757; se lee igual
19:31:49 DEBUG   [houm] 1 avisos vía estado-embebido
19:31:52 INFO      remax: 0 avisos en 11s
19:31:52 INFO    Barriendo Fuenzalida Propiedades (fuenzalida)…
19:31:55 DEBUG   [toctoc] 110 avisos vía estado-embebido
19:31:55 INFO      toctoc: 637 avisos en 64s
19:31:55 INFO    Barriendo Century 21 Chile (century21)…
19:31:56 INFO      century21: 0 avisos en 1s
19:31:56 INFO    Barriendo Property Partners (propertypartners)…
19:31:56 DEBUG   [propertypartners] 1 avisos vía tarjetas
19:31:56 INFO      propertypartners: 1 avisos en 0s
19:31:56 INFO    Barriendo Acceso Inmobiliario (accesoinmobiliario)…
19:31:57 DEBUG   [fuenzalida] 12 avisos vía tarjetas
19:32:01 DEBUG   La red no quedó en silencio en https://houm.com/cl/arriendo-departamento-región-metropolitana/ñuñoa/176912; se lee igual
19:32:01 DEBUG   [houm] 1 avisos vía estado-embebido
19:32:02 DEBUG   [fuenzalida] 20 avisos vía tarjetas
19:32:03 DEBUG   [accesoinmobiliario] 15 avisos vía tarjetas
19:32:05 DEBUG   [fuenzalida] 20 avisos vía tarjetas
19:32:05 INFO      fuenzalida: 52 avisos en 13s
19:32:05 INFO    Barriendo Magnolia Property (magnoliaproperty)…
19:32:06 DEBUG   [magnoliaproperty] 7 avisos vía tarjetas
19:32:06 INFO      magnoliaproperty: 7 avisos en 1s
19:32:06 INFO    Barriendo Portilla Propiedades (portillapropiedades)…
19:32:06 DEBUG   [portillapropiedades] 2 avisos vía tarjetas
19:32:06 INFO      portillapropiedades: 2 avisos en 1s
19:32:06 INFO    Barriendo Nativo Propiedades (nativopropiedades)…
19:32:07 DEBUG   [nativopropiedades] 7 avisos vía tarjetas
19:32:07 INFO      nativopropiedades: 7 avisos en 1s
19:32:07 INFO    Barriendo Enlace Inmobiliario (enlaceinmobiliario)…
19:32:07 WARNING https://www.enlaceinmobiliario.cl/ respondió 403
19:32:07 INFO    [enlaceinmobiliario] https://www.enlaceinmobiliario.cl/ rebotó al GET; se reintenta con navegador
19:32:10 DEBUG   La red no quedó en silencio en https://houm.com/cl/arriendo-departamento-región-metropolitana/ñuñoa/174379; se lee igual
19:32:10 DEBUG   [houm] 1 avisos vía estado-embebido
19:32:14 INFO      enlaceinmobiliario: 0 avisos en 7s
19:32:14 INFO    Barriendo Rentas.cl (rentas_cl)…
19:32:16 DEBUG   [rentas_cl] 1 avisos vía json-ld
19:32:16 INFO      rentas_cl: 1 avisos en 2s
19:32:16 INFO    Barriendo Arriendos.cl (arriendos_cl)…
19:32:17 INFO      arriendos_cl: 0 avisos en 1s
19:32:17 INFO    Barriendo Propiedades.cl (propiedades_cl)…
19:32:18 DEBUG   [propiedades_cl] 6 avisos vía tarjetas
19:32:18 INFO      propiedades_cl: 6 avisos en 1s
19:32:18 INFO    Barriendo Clasificados.cl (clasificados_cl)…
19:32:20 DEBUG   La red no quedó en silencio en https://houm.com/cl/arriendo-departamento-región-metropolitana/recoleta/176958; se lee igual
19:32:20 DEBUG   [houm] 1 avisos vía estado-embebido
19:32:20 DEBUG   [clasificados_cl] 1 avisos vía tarjetas
19:32:20 INFO      clasificados_cl: 1 avisos en 3s
19:32:22 DEBUG   [accesoinmobiliario] 1 avisos vía tarjetas
19:32:22 INFO      accesoinmobiliario: 16 avisos en 25s
19:32:27 DEBUG   [goplaceit] 30 avisos vía json-ld
19:32:29 DEBUG   La red no quedó en silencio en https://houm.com/cl/arriendo-departamento-región-metropolitana/recoleta/90462; se lee igual
19:32:29 DEBUG   [houm] 1 avisos vía estado-embebido
19:32:36 DEBUG   La red no quedó en silencio en https://houm.com/cl/arriendo-departamento-región-metropolitana/recoleta/177459; se lee igual
19:32:37 DEBUG   [houm] 1 avisos vía estado-embebido
19:32:44 DEBUG   La red no quedó en silencio en https://houm.com/cl/arriendo-departamento-región-metropolitana/independencia/167934; se lee igual
19:32:44 DEBUG   [houm] 1 avisos vía estado-embebido
19:32:44 INFO      houm: 36 avisos en 92s
19:32:51 INFO      goplaceit: 90 avisos en 120s
19:32:51 INFO    Total crudo: 1177 avisos
19:32:52 INFO    Después de deduplicar: 411
19:32:52 DEBUG   Libreta: juan xxiii 6859 301 se construyó en 1983 (toctoc)
19:32:52 INFO    Pasaron los filtros: 65
19:33:04 DEBUG   Ficha de BYN6Z sin candidato propio; no se fusiona
19:33:06 DEBUG   [busconido] 11 avisos vía tarjetas
19:33:06 DEBUG   Ficha de VT5EU sin candidato propio; no se fusiona
19:33:08 DEBUG   [busconido] 10 avisos vía tarjetas
19:33:08 DEBUG   Ficha de QJU9W sin candidato propio; no se fusiona
19:33:14 DEBUG   [toctoc] 1 avisos vía estado-embebido
19:33:14 DEBUG   [busconido] 10 avisos vía tarjetas
19:33:14 DEBUG   Ficha de GHC6Y sin candidato propio; no se fusiona
19:33:16 DEBUG   [busconido] 10 avisos vía tarjetas
19:33:16 DEBUG   Ficha de 7UWJU sin candidato propio; no se fusiona
19:33:19 DEBUG   [engelvoelkers] 1 avisos vía json-ld
19:33:25 DEBUG   [toctoc] 1 avisos vía estado-embebido
19:33:25 INFO    Enriquecido y descartado: SHUZJ (arriendo de $2.200.000 sobre el máximo negociable de $1.904.000)
19:33:25 DEBUG   [busconido] 10 avisos vía tarjetas
19:33:25 DEBUG   Ficha de 73CG7 sin candidato propio; no se fusiona
19:33:30 DEBUG   [toctoc] 1 avisos vía estado-embebido
19:33:30 INFO    Enriquecido y descartado: E366M (arriendo de $2.000.000 sobre el máximo negociable de $1.904.000)
19:33:35 DEBUG   [toctoc] 1 avisos vía estado-embebido
19:33:35 INFO    Enriquecido y descartado: E366M (arriendo de $2.400.000 sobre el máximo negociable de $1.904.000)
19:33:39 DEBUG   [toctoc] 1 avisos vía estado-embebido
19:33:39 INFO    Enriquecido y descartado: 36245 (arriendo de $3.881.757 sobre el máximo negociable de $1.904.000)
19:33:44 DEBUG   [toctoc] 1 avisos vía estado-embebido
19:33:44 INFO    Enriquecido y descartado: 36245 (arriendo de $3.881.757 sobre el máximo negociable de $1.904.000)
19:33:48 DEBUG   [toctoc] 1 avisos vía estado-embebido
19:33:48 INFO    Enriquecido y descartado: DNSPN (arriendo de $3.064.545 sobre el máximo negociable de $1.904.000)
19:33:49 WARNING https://www.bienesonline.cl/es/chile/llanquihue/propiedad/42585-campo-917-ha-valle-cochamo-x-region respondió 404
19:33:53 DEBUG   [toctoc] 1 avisos vía estado-embebido
19:33:58 DEBUG   [toctoc] 1 avisos vía estado-embebido
19:34:07 DEBUG   [toctoc] 1 avisos vía estado-embebido
19:34:08 DEBUG   [chilepropiedades] 2 avisos vía json-ld
19:34:10 DEBUG   [chilepropiedades] 2 avisos vía json-ld
19:34:15 DEBUG   [toctoc] 1 avisos vía estado-embebido
19:34:25 DEBUG   [toctoc] 1 avisos vía estado-embebido
19:34:29 DEBUG   [toctoc] 1 avisos vía estado-embebido
19:34:29 INFO    Enriquecido y descartado: 5ZREX (39 años (construido en 1987), sobre el máximo de 30)
19:34:29 WARNING robots.txt no permite https://www.nuroa.cl/adform/10342-912-5f3d-19e92d3-bae6-98ff4d8aca01-7f27?click_type=0&pos=12&searchType=1&page=1&section=1&t_sec=1&sectionType=1&pageViewId=9b0a3703-c00d-4b30-af54-b8a989c5c59a&t_pvid=9b0a3703-c00d-4b30-af54-b8a989c5c59a&userAgent=Mozilla%2F5.0+%28compatible%3B+radar-arriendos%2F1.0%3B+uso+personal%2C+busqueda+de+arriendo%3B+%2Bhttps%3A%2F%2Fgithub.com%2Falfonsoandona%2Farriendos-vitacura%29&browser=1&isHuman=true&userIp=40.116.109.129&what=vitacura+departamento&search_terms=vitacura+departamento&origin=1&t_or=1&splitTestId=0 — se omite
19:34:35 DEBUG   [toctoc] 1 avisos vía estado-embebido
19:34:35 INFO    Enriquecido y descartado: Q4UD4 (arriendo de $3.473.151 sobre el máximo negociable de $1.904.000)
19:34:39 INFO    Enriquecido y descartado: 75BRH (arriendo de $2.931.142 sobre el máximo negociable de $1.904.000)
19:35:01 INFO    Enriquecido y descartado: 75BRH (arriendo de $2.149.504 sobre el máximo negociable de $1.904.000)
19:35:09 INFO    Enriquecido y descartado: 75BRH (arriendo de $1.954.095 sobre el máximo negociable de $1.904.000)
19:35:15 DEBUG   [toctoc] 1 avisos vía estado-embebido
19:35:15 INFO    Enriquecido y descartado: NBFJR (arriendo de $3.064.545 sobre el máximo negociable de $1.904.000)
19:35:33 DEBUG   [toctoc] 1 avisos vía estado-embebido
19:35:37 DEBUG   [toctoc] 1 avisos vía estado-embebido
19:35:37 INFO    Enriquecido y descartado: E366M (arriendo de $1.961.309 sobre el máximo negociable de $1.904.000)
19:35:42 DEBUG   [toctoc] 1 avisos vía estado-embebido
19:35:42 INFO    Enriquecido y descartado: 4V73Z (arriendo de $4.821.551 sobre el máximo negociable de $1.904.000)
19:35:46 DEBUG   [toctoc] 1 avisos vía estado-embebido
19:35:51 DEBUG   [toctoc] 1 avisos vía estado-embebido
19:35:51 INFO    Enriquecido y descartado: NBFJR (arriendo de $3.064.545 sobre el máximo negociable de $1.904.000)
19:35:55 DEBUG   [toctoc] 1 avisos vía estado-embebido
19:35:55 INFO    Enriquecido y descartado: F5ADT (48 años (construido en 1978), sobre el máximo de 30)
19:35:55 WARNING robots.txt no permite https://www.nuroa.cl/adform/10342-912-ee27-1a01d7c-a7bc-2ba3aed54f3e-81d8?click_type=0&pos=8&searchType=1&page=1&section=1&t_sec=1&sectionType=1&pageViewId=9b0a3703-c00d-4b30-af54-b8a989c5c59a&t_pvid=9b0a3703-c00d-4b30-af54-b8a989c5c59a&userAgent=Mozilla%2F5.0+%28compatible%3B+radar-arriendos%2F1.0%3B+uso+personal%2C+busqueda+de+arriendo%3B+%2Bhttps%3A%2F%2Fgithub.com%2Falfonsoandona%2Farriendos-vitacura%29&browser=1&isHuman=true&userIp=40.116.109.129&what=vitacura+departamento&search_terms=vitacura+departamento&origin=1&t_or=1&splitTestId=0 — se omite
19:36:01 DEBUG   [toctoc] 1 avisos vía estado-embebido
19:36:01 INFO    Enriquecido y descartado: JKM2T (arriendo de $2.737.660 sobre el máximo negociable de $1.904.000)
19:36:12 DEBUG   La red no quedó en silencio en https://www.toctoc.com/propiedades/arriendocorredorasr/departamento/vitacura/departamento-en-arriendo-de-4-dorm-en-vitacura/5b5247ef2bbc7c1b9a481c5d05fbc6b834095ace; se lee igual
19:36:12 DEBUG   [toctoc] 1 avisos vía estado-embebido
19:36:12 INFO    Enriquecido y descartado: 28Y8R (arriendo de $1.950.000 sobre el máximo negociable de $1.904.000)
19:36:17 DEBUG   [toctoc] 1 avisos vía estado-embebido
19:36:17 INFO    Enriquecido y descartado: KAPJ2 (arriendo de $4.698.969 sobre el máximo negociable de $1.904.000)
19:36:22 DEBUG   [toctoc] 1 avisos vía estado-embebido
19:36:22 INFO    Enriquecido y descartado: HTE8X (33 años (construido en 1993), sobre el máximo de 30)
19:36:26 DEBUG   [toctoc] 1 avisos vía estado-embebido
19:36:26 INFO    Enriquecido y descartado: T3P3G (arriendo de $3.082.000 sobre el máximo negociable de $1.904.000)
19:36:31 DEBUG   [toctoc] 1 avisos vía estado-embebido
19:36:31 INFO    Enriquecido y descartado: C7YR9 (arriendo de $2.124.751 sobre el máximo negociable de $1.904.000)
19:36:36 DEBUG   [toctoc] 1 avisos vía estado-embebido
19:36:43 DEBUG   [toctoc] 1 avisos vía estado-embebido
19:36:48 DEBUG   [toctoc] 1 avisos vía estado-embebido
19:36:48 DEBUG   [yapo] 1 avisos vía json-ld
19:36:53 DEBUG   [toctoc] 1 avisos vía estado-embebido
19:36:57 INFO    Enriquecido y descartado: UDCNS (arriendo de $4.611.664 sobre el máximo negociable de $1.904.000)
19:37:01 DEBUG   [toctoc] 1 avisos vía estado-embebido
19:37:01 INFO    Enriquecido y descartado: 4V73Z (arriendo de $4.903.272 sobre el máximo negociable de $1.904.000)
19:37:05 INFO    Fichas leídas: 65 — 6 ganaron el año, 0 la dirección; 24 se descartaron al verlas (3 por viejos)
19:37:06 INFO    Listo: 0 avisados de 41 candidatos
