19:29:48 INFO    UF = $41.024.46 (API del día)
19:29:48 INFO    Barriendo TocToc (toctoc)…
19:29:48 INFO    Barriendo Chilepropiedades (chilepropiedades)…
19:29:48 INFO    Barriendo GoPlaceIt (goplaceit)…
19:29:48 INFO    Barriendo Yapo (yapo)…
19:29:49 WARNING https://www.yapo.cl/bienes-raices-alquiler-apartamentos/region-metropolitana-vitacura respondió 403
19:29:49 INFO    [yapo] https://www.yapo.cl/bienes-raices-alquiler-apartamentos/region-metropolitana-vitacura rebotó al GET; se reintenta con navegador
19:29:49 DEBUG   [chilepropiedades] 10 avisos vía tarjetas
19:29:51 DEBUG   [chilepropiedades] 10 avisos vía tarjetas
19:29:53 DEBUG   [chilepropiedades] 10 avisos vía tarjetas
19:29:53 INFO      chilepropiedades: 30 avisos en 5s
19:29:53 INFO    Barriendo BuscoNido (busconido)…
19:29:54 DEBUG   [busconido] 23 avisos vía tarjetas
19:29:54 INFO      busconido: 23 avisos en 1s
19:29:54 INFO    Barriendo BienesOnline (bienesonline)…
19:29:54 DEBUG   [bienesonline] 17 avisos vía tarjetas
19:29:54 INFO      bienesonline: 17 avisos en 1s
19:29:54 INFO    Barriendo Economicos (El Mercurio) (economicos)…
19:29:55 DEBUG   [toctoc] 20 avisos vía json-ld
19:29:55 DEBUG   [economicos] 20 avisos vía tarjetas
19:29:55 DEBUG   La red no quedó en silencio en https://www.yapo.cl/bienes-raices-alquiler-apartamentos/region-metropolitana-vitacura; se lee igual
19:29:56 INFO      yapo: 0 avisos en 7s
19:29:56 INFO    Barriendo iCasas (icasas)…
19:29:57 DEBUG   [icasas] 15 avisos vía tarjetas
19:29:57 DEBUG   [economicos] 18 avisos vía tarjetas
19:29:58 DEBUG   [goplaceit] 30 avisos vía json-ld
19:29:59 DEBUG   [icasas] 15 avisos vía tarjetas
19:29:59 INFO      icasas: 30 avisos en 3s
19:29:59 INFO    Barriendo Doomos (doomos)…
19:29:59 DEBUG   [economicos] 13 avisos vía tarjetas
19:29:59 INFO      economicos: 51 avisos en 4s
19:29:59 INFO    Barriendo Top Propiedades (toppropiedades)…
19:30:01 DEBUG   [doomos] 32 avisos vía tarjetas
19:30:01 INFO      doomos: 32 avisos en 3s
19:30:01 INFO    Barriendo Nuroa (nuroa)…
19:30:02 DEBUG   Encoding detection: ascii is most likely the one.
19:30:03 DEBUG   La red no quedó en silencio en https://www.toctoc.com/arriendo/departamento/metropolitana/vitacura/3-dormitorios?pagina=2; se lee igual
19:30:03 DEBUG   [nuroa] 25 avisos vía json-ld
19:30:03 DEBUG   [toppropiedades] 1 avisos vía json-ld
19:30:03 DEBUG   [toctoc] 20 avisos vía json-ld
19:30:05 DEBUG   [nuroa] 25 avisos vía json-ld
19:30:05 DEBUG   [toppropiedades] 1 avisos vía json-ld
19:30:07 DEBUG   [nuroa] 25 avisos vía json-ld
19:30:07 DEBUG   [toppropiedades] 1 avisos vía json-ld
19:30:09 DEBUG   [toppropiedades] 1 avisos vía json-ld
19:30:09 DEBUG   [nuroa] 25 avisos vía json-ld
19:30:09 INFO      nuroa: 100 avisos en 8s
19:30:09 INFO    Barriendo Mitula (mitula)…
19:30:10 DEBUG   [toctoc] 20 avisos vía json-ld
19:30:11 DEBUG   [toppropiedades] 1 avisos vía json-ld
19:30:11 DEBUG   [mitula] 30 avisos vía json-ld
19:30:13 DEBUG   [mitula] 30 avisos vía json-ld
19:30:13 DEBUG   [toppropiedades] 1 avisos vía json-ld
19:30:13 INFO      mitula: 60 avisos en 4s
19:30:13 INFO    Barriendo Houm (houm)…
19:30:15 DEBUG   [toppropiedades] 1 avisos vía json-ld
19:30:17 DEBUG   [toppropiedades] 1 avisos vía json-ld
19:30:17 INFO      toppropiedades: 8 avisos en 18s
19:30:17 INFO    Barriendo Hey! Homes (heyhomes)…
19:30:17 DEBUG   La red no quedó en silencio en https://www.toctoc.com/arriendo/departamento/metropolitana/vitacura/4-dormitorios; se lee igual
19:30:18 DEBUG   [toctoc] 20 avisos vía json-ld
19:30:19 DEBUG   [houm] 28 avisos vía json-ld
19:30:20 DEBUG   [heyhomes] 9 avisos vía tarjetas
19:30:20 INFO      heyhomes: 9 avisos en 3s
19:30:20 INFO    Barriendo Engel & Völkers (engelvoelkers)…
19:30:25 DEBUG   [toctoc] 17 avisos vía json-ld
19:30:29 DEBUG   [engelvoelkers] 16 avisos vía tarjetas
19:30:29 INFO      engelvoelkers: 16 avisos en 9s
19:30:29 INFO    Barriendo RE/MAX Chile (remax)…
19:30:29 DEBUG   La red no quedó en silencio en https://houm.com/cl/arriendo-departamento-región-metropolitana/las-condes/170742; se lee igual
19:30:29 DEBUG   [houm] 1 avisos vía estado-embebido
19:30:35 INFO      remax: 0 avisos en 6s
19:30:35 INFO    Barriendo Fuenzalida Propiedades (fuenzalida)…
19:30:36 DEBUG   La red no quedó en silencio en https://www.toctoc.com/arriendo/departamento/metropolitana/vitacura/4-dormitorios?pagina=3; se lee igual
19:30:37 DEBUG   [toctoc] 20 avisos vía json-ld
19:30:37 INFO      toctoc: 117 avisos en 49s
19:30:37 INFO    Barriendo Century 21 Chile (century21)…
19:30:38 DEBUG   [fuenzalida] 16 avisos vía tarjetas
19:30:39 INFO      century21: 0 avisos en 2s
19:30:39 INFO    Barriendo Property Partners (propertypartners)…
19:30:39 DEBUG   [propertypartners] 1 avisos vía tarjetas
19:30:39 INFO      propertypartners: 1 avisos en 0s
19:30:39 INFO    Barriendo Acceso Inmobiliario (accesoinmobiliario)…
19:30:40 DEBUG   [goplaceit] 30 avisos vía json-ld
19:30:42 DEBUG   [fuenzalida] 20 avisos vía tarjetas
19:30:42 DEBUG   [accesoinmobiliario] 16 avisos vía tarjetas
19:30:42 DEBUG   La red no quedó en silencio en https://houm.com/cl/arriendo-departamento-región-metropolitana/las-condes/180318; se lee igual
19:30:43 DEBUG   [houm] 1 avisos vía estado-embebido
19:30:45 DEBUG   [fuenzalida] 20 avisos vía tarjetas
19:30:45 INFO      fuenzalida: 56 avisos en 10s
19:30:45 INFO    Barriendo Magnolia Property (magnoliaproperty)…
19:30:46 DEBUG   [magnoliaproperty] 7 avisos vía tarjetas
19:30:46 INFO      magnoliaproperty: 7 avisos en 1s
19:30:46 INFO    Barriendo Portilla Propiedades (portillapropiedades)…
19:30:46 DEBUG   [portillapropiedades] 2 avisos vía tarjetas
19:30:46 INFO      portillapropiedades: 2 avisos en 1s
19:30:46 INFO    Barriendo Nativo Propiedades (nativopropiedades)…
19:30:47 DEBUG   [nativopropiedades] 10 avisos vía tarjetas
19:30:47 INFO      nativopropiedades: 10 avisos en 1s
19:30:47 INFO    Barriendo Enlace Inmobiliario (enlaceinmobiliario)…
19:30:47 WARNING https://www.enlaceinmobiliario.cl/ respondió 403
19:30:47 INFO    [enlaceinmobiliario] https://www.enlaceinmobiliario.cl/ rebotó al GET; se reintenta con navegador
19:30:47 DEBUG   [accesoinmobiliario] 1 avisos vía tarjetas
19:30:52 DEBUG   La red no quedó en silencio en https://houm.com/cl/arriendo-departamento-región-metropolitana/lo-barnechea/74201; se lee igual
19:30:52 DEBUG   [houm] 1 avisos vía estado-embebido
19:30:54 DEBUG   [accesoinmobiliario] 1 avisos vía tarjetas
19:30:58 DEBUG   La red no quedó en silencio en https://www.enlaceinmobiliario.cl/; se lee igual
19:30:58 INFO      enlaceinmobiliario: 0 avisos en 11s
19:30:58 INFO    Barriendo Rentas.cl (rentas_cl)…
19:31:00 DEBUG   [rentas_cl] 1 avisos vía json-ld
19:31:00 INFO      rentas_cl: 1 avisos en 2s
19:31:00 INFO    Barriendo Arriendos.cl (arriendos_cl)…
19:31:01 INFO      arriendos_cl: 0 avisos en 1s
19:31:01 INFO    Barriendo Propiedades.cl (propiedades_cl)…
19:31:02 DEBUG   [propiedades_cl] 6 avisos vía tarjetas
19:31:02 INFO      propiedades_cl: 6 avisos en 1s
19:31:02 INFO    Barriendo Clasificados.cl (clasificados_cl)…
19:31:05 DEBUG   La red no quedó en silencio en https://houm.com/cl/arriendo-departamento-región-metropolitana/recoleta/179872; se lee igual
19:31:05 INFO      clasificados_cl: 0 avisos en 3s
19:31:05 DEBUG   [houm] 1 avisos vía estado-embebido
19:31:11 DEBUG   [accesoinmobiliario] 1 avisos vía tarjetas
19:31:13 DEBUG   La red no quedó en silencio en https://houm.com/cl/arriendo-departamento-región-metropolitana/recoleta/178185; se lee igual
19:31:13 DEBUG   [houm] 1 avisos vía estado-embebido
19:31:18 DEBUG   [goplaceit] 30 avisos vía json-ld
19:31:22 DEBUG   La red no quedó en silencio en https://houm.com/cl/arriendo-departamento-región-metropolitana/recoleta/176207; se lee igual
19:31:22 DEBUG   [houm] 1 avisos vía estado-embebido
19:31:24 DEBUG   [accesoinmobiliario] 1 avisos vía tarjetas
19:31:26 INFO      accesoinmobiliario: 20 avisos en 47s
19:31:31 DEBUG   La red no quedó en silencio en https://houm.com/cl/arriendo-departamento-región-metropolitana/las-condes/177842; se lee igual
19:31:31 DEBUG   [houm] 1 avisos vía estado-embebido
19:31:39 DEBUG   La red no quedó en silencio en https://houm.com/cl/arriendo-departamento-región-metropolitana/recoleta/176958; se lee igual
19:31:39 DEBUG   [houm] 1 avisos vía estado-embebido
19:31:39 INFO      houm: 36 avisos en 86s
19:31:45 INFO      goplaceit: 90 avisos en 116s
19:31:45 INFO    Total crudo: 722 avisos
19:31:45 INFO    Después de deduplicar: 554
19:31:45 DEBUG   Libreta: mar jonico 7650 se construyó en 2022 (chilepropiedades)
19:31:46 INFO    Pasaron los filtros: 71
19:32:07 DEBUG   [economicos] 1 avisos vía tarjetas
19:32:09 DEBUG   [doomos] 18 avisos vía tarjetas
19:32:09 DEBUG   Ficha de YVT22 sin candidato propio; no se fusiona
19:32:10 DEBUG   Ficha de HW5MX sin candidato propio; no se fusiona
19:32:10 DEBUG   [economicos] 1 avisos vía tarjetas
19:32:12 DEBUG   [economicos] 1 avisos vía tarjetas
19:32:14 DEBUG   [economicos] 1 avisos vía tarjetas
19:32:16 DEBUG   [economicos] 1 avisos vía tarjetas
19:32:18 DEBUG   [economicos] 1 avisos vía tarjetas
19:32:20 DEBUG   [economicos] 1 avisos vía tarjetas
19:32:21 DEBUG   [doomos] 27 avisos vía tarjetas
19:32:21 DEBUG   Ficha de U44VT sin candidato propio; no se fusiona
19:32:23 DEBUG   [doomos] 27 avisos vía tarjetas
19:32:23 DEBUG   Ficha de KNAE9 sin candidato propio; no se fusiona
19:32:23 DEBUG   [chilepropiedades] 2 avisos vía json-ld
19:32:23 INFO    Enriquecido y descartado: GVYG4 (75 m² totales, no llega a más de 100 m²)
19:32:25 DEBUG   [doomos] 27 avisos vía tarjetas
19:32:25 DEBUG   Ficha de PR3QK sin candidato propio; no se fusiona
19:32:28 DEBUG   [doomos] 27 avisos vía tarjetas
19:32:28 DEBUG   Ficha de 2HWEW sin candidato propio; no se fusiona
19:32:29 DEBUG   [economicos] 1 avisos vía tarjetas
19:32:31 DEBUG   [doomos] 27 avisos vía tarjetas
19:32:31 DEBUG   Ficha de ZWNAN sin candidato propio; no se fusiona
19:32:31 DEBUG   [economicos] 1 avisos vía tarjetas
19:32:33 DEBUG   [economicos] 1 avisos vía tarjetas
19:32:33 DEBUG   Ficha de XEC3Z sin candidato propio; no se fusiona
19:32:35 DEBUG   [economicos] 1 avisos vía tarjetas
19:32:39 DEBUG   [toctoc] 1 avisos vía estado-embebido
19:32:39 DEBUG   [busconido] 10 avisos vía tarjetas
19:32:39 DEBUG   Ficha de R75QV sin candidato propio; no se fusiona
19:32:41 DEBUG   [busconido] 10 avisos vía tarjetas
19:32:41 DEBUG   Ficha de ZMABA sin candidato propio; no se fusiona
19:32:43 DEBUG   [busconido] 10 avisos vía tarjetas
19:32:43 DEBUG   Ficha de TSEAH sin candidato propio; no se fusiona
19:32:45 DEBUG   [busconido] 11 avisos vía tarjetas
19:32:45 DEBUG   Ficha de ATMSQ sin candidato propio; no se fusiona
19:32:46 DEBUG   [doomos] 27 avisos vía tarjetas
19:32:46 DEBUG   Ficha de FQ6XQ sin candidato propio; no se fusiona
19:32:47 DEBUG   [busconido] 11 avisos vía tarjetas
19:32:47 DEBUG   Ficha de ZXPSV sin candidato propio; no se fusiona
19:32:49 DEBUG   [busconido] 10 avisos vía tarjetas
19:32:49 DEBUG   Ficha de 6CAQ3 sin candidato propio; no se fusiona
19:32:51 DEBUG   [busconido] 10 avisos vía tarjetas
19:32:51 DEBUG   Ficha de Y8JCM sin candidato propio; no se fusiona
19:32:53 DEBUG   [busconido] 10 avisos vía tarjetas
19:32:53 DEBUG   Ficha de 7J7C5 sin candidato propio; no se fusiona
19:32:53 DEBUG   [economicos] 1 avisos vía tarjetas
19:32:53 INFO    Enriquecido y descartado: S84GC (arriendo de $3.108.725 sobre el máximo negociable de $1.904.000)
19:32:55 DEBUG   [busconido] 11 avisos vía tarjetas
19:32:55 DEBUG   Ficha de UVY6H sin candidato propio; no se fusiona
19:32:59 INFO    Enriquecido y descartado: YAVJA (arriendo de $3.517.371 sobre el máximo negociable de $1.904.000)
19:32:59 DEBUG   [economicos] 1 avisos vía tarjetas
19:33:06 INFO    Enriquecido y descartado: CC2AY (arriendo de $2.032.258 sobre el máximo negociable de $1.904.000)
19:33:10 DEBUG   [doomos] 18 avisos vía tarjetas
19:33:10 DEBUG   Ficha de J5JN4 sin candidato propio; no se fusiona
19:33:14 DEBUG   [toctoc] 1 avisos vía estado-embebido
19:33:22 DEBUG   [engelvoelkers] 1 avisos vía json-ld
19:33:28 DEBUG   [doomos] 27 avisos vía tarjetas
19:33:28 DEBUG   Ficha de P8XMT sin candidato propio; no se fusiona
19:33:32 DEBUG   [toctoc] 1 avisos vía estado-embebido
19:33:36 DEBUG   [toctoc] 1 avisos vía estado-embebido
19:33:44 DEBUG   [toctoc] 1 avisos vía estado-embebido
19:33:48 DEBUG   [toctoc] 1 avisos vía estado-embebido
19:33:48 DEBUG   [chilepropiedades] 2 avisos vía json-ld
19:33:48 WARNING robots.txt no permite https://www.nuroa.cl/adform/10342-912-b45c-1a0ce6e-984c-ada286d9a1f6-77e4?click_type=0&pos=18&searchType=2&page=1&section=1&t_sec=1&sectionType=1&pageViewId=11b22b70-64af-4a66-b5b5-5d3d57ab0cbd&t_pvid=11b22b70-64af-4a66-b5b5-5d3d57ab0cbd&userAgent=Mozilla%2F5.0+%28compatible%3B+radar-arriendos%2F1.0%3B+uso+personal%2C+busqueda+de+arriendo%3B+%2Bhttps%3A%2F%2Fgithub.com%2Falfonsoandona%2Farriendos-vitacura%29&browser=1&isHuman=true&userIp=4.236.166.144&what=vitacura+departamento&search_terms=vitacura+departamento&origin=1&t_or=1&splitTestId=0 — se omite
19:33:52 DEBUG   [toctoc] 1 avisos vía estado-embebido
19:33:56 INFO    Enriquecido y descartado: 75BRH (arriendo de $2.931.142 sobre el máximo negociable de $1.904.000)
19:34:18 INFO    Enriquecido y descartado: 75BRH (arriendo de $2.149.504 sobre el máximo negociable de $1.904.000)
19:34:22 INFO    Enriquecido y descartado: 75BRH (arriendo de $1.954.095 sobre el máximo negociable de $1.904.000)
19:34:37 DEBUG   [toctoc] 1 avisos vía estado-embebido
19:34:41 DEBUG   [toctoc] 1 avisos vía estado-embebido
19:34:45 WARNING robots.txt no permite https://www.nuroa.cl/adform/10342-912-e7f8-1a0a016-97e0-4460cb69457-7a3c?click_type=0&pos=12&searchType=1&page=3&section=1&t_sec=1&sectionType=1&pageViewId=4db4e71f-4bd5-46f2-8cc3-b6653660a903&t_pvid=4db4e71f-4bd5-46f2-8cc3-b6653660a903&userAgent=Mozilla%2F5.0+%28compatible%3B+radar-arriendos%2F1.0%3B+uso+personal%2C+busqueda+de+arriendo%3B+%2Bhttps%3A%2F%2Fgithub.com%2Falfonsoandona%2Farriendos-vitacura%29&browser=1&isHuman=true&userIp=4.236.166.144&what=vitacura+departamento&search_terms=vitacura+departamento&origin=1&t_or=1&splitTestId=0 — se omite
19:34:45 WARNING robots.txt no permite https://placehold.co/1920x1080.mp4 — se omite
19:34:49 DEBUG   [toctoc] 1 avisos vía estado-embebido
19:34:52 INFO    Enriquecido y descartado: 75BRH (arriendo de $4.299.009 sobre el máximo negociable de $1.904.000)
19:34:56 INFO    Fichas leídas: 71 — 0 ganaron el año, 2 la dirección; 8 se descartaron al verlas (0 por viejos)
19:34:58 INFO    Listo: 0 avisados de 63 candidatos
