23:22:22 INFO    UF = $40.863.23 (API del día)
23:22:22 INFO    Barriendo TocToc (toctoc)…
23:22:22 INFO    Barriendo Chilepropiedades (chilepropiedades)…
23:22:22 INFO    Barriendo GoPlaceIt (goplaceit)…
23:22:22 INFO    Barriendo Yapo (yapo)…
23:22:23 DEBUG   [chilepropiedades] 10 avisos vía tarjetas
23:22:24 DEBUG   [yapo] 30 avisos vía tarjetas
23:22:25 DEBUG   [chilepropiedades] 10 avisos vía tarjetas
23:22:26 DEBUG   [goplaceit] 30 avisos vía json-ld
23:22:26 DEBUG   [yapo] 30 avisos vía tarjetas
23:22:27 DEBUG   [chilepropiedades] 10 avisos vía tarjetas
23:22:27 INFO      chilepropiedades: 30 avisos en 5s
23:22:27 INFO    Barriendo BuscoNido (busconido)…
23:22:28 DEBUG   [busconido] 23 avisos vía tarjetas
23:22:28 INFO      busconido: 23 avisos en 1s
23:22:28 INFO    Barriendo BienesOnline (bienesonline)…
23:22:28 DEBUG   [yapo] 30 avisos vía tarjetas
23:22:28 INFO      yapo: 90 avisos en 6s
23:22:28 INFO    Barriendo Economicos (El Mercurio) (economicos)…
23:22:29 WARNING https://www.economicos.cl/search/propiedades/vitacura/arriendo/departamento/0 respondió 403
23:22:29 INFO    [economicos] https://www.economicos.cl/search/propiedades/vitacura/arriendo/departamento/0 rebotó al GET; se reintenta con navegador
23:22:29 DEBUG   [bienesonline] 15 avisos vía tarjetas
23:22:29 INFO      bienesonline: 15 avisos en 1s
23:22:29 INFO    Barriendo iCasas (icasas)…
23:22:30 DEBUG   [icasas] 15 avisos vía tarjetas
23:22:32 INFO      economicos: 0 avisos en 3s
23:22:32 INFO    Barriendo Doomos (doomos)…
23:22:33 DEBUG   [icasas] 15 avisos vía tarjetas
23:22:33 INFO      icasas: 30 avisos en 4s
23:22:33 INFO    Barriendo Top Propiedades (toppropiedades)…
23:22:33 DEBUG   [toctoc] 148 avisos vía estado-embebido
23:22:34 DEBUG   [doomos] 31 avisos vía tarjetas
23:22:34 INFO      doomos: 31 avisos en 2s
23:22:34 INFO    Barriendo Nuroa (nuroa)…
23:22:34 DEBUG   Encoding detection: ascii is most likely the one.
23:22:35 DEBUG   [nuroa] 25 avisos vía json-ld
23:22:36 DEBUG   [toppropiedades] 1 avisos vía json-ld
23:22:37 DEBUG   [nuroa] 25 avisos vía json-ld
23:22:38 DEBUG   [toppropiedades] 1 avisos vía json-ld
23:22:39 DEBUG   [nuroa] 25 avisos vía json-ld
23:22:40 DEBUG   [toppropiedades] 1 avisos vía json-ld
23:22:41 DEBUG   [nuroa] 25 avisos vía json-ld
23:22:42 INFO      nuroa: 100 avisos en 8s
23:22:42 INFO    Barriendo Mitula (mitula)…
23:22:42 DEBUG   [toppropiedades] 1 avisos vía json-ld
23:22:43 DEBUG   [toctoc] 148 avisos vía estado-embebido
23:22:44 DEBUG   [mitula] 30 avisos vía json-ld
23:22:44 DEBUG   [toppropiedades] 1 avisos vía json-ld
23:22:46 DEBUG   [toppropiedades] 1 avisos vía json-ld
23:22:46 DEBUG   [mitula] 30 avisos vía json-ld
23:22:47 INFO      mitula: 60 avisos en 5s
23:22:47 INFO    Barriendo Houm (houm)…
23:22:48 DEBUG   [toppropiedades] 1 avisos vía json-ld
23:22:50 DEBUG   [toppropiedades] 1 avisos vía json-ld
23:22:50 INFO      toppropiedades: 8 avisos en 18s
23:22:50 INFO    Barriendo Hey! Homes (heyhomes)…
23:22:52 DEBUG   [toctoc] 148 avisos vía estado-embebido
23:22:53 DEBUG   [houm] 28 avisos vía json-ld
23:22:53 DEBUG   [heyhomes] 9 avisos vía tarjetas
23:22:53 INFO      heyhomes: 9 avisos en 3s
23:22:53 INFO    Barriendo AssetPlan (assetplan)…
23:23:01 DEBUG   [toctoc] 106 avisos vía estado-embebido
23:23:02 DEBUG   La red no quedó en silencio en https://houm.com/cl/arriendo-departamento-región-metropolitana/las-condes/170742; se lee igual
23:23:02 DEBUG   [houm] 1 avisos vía estado-embebido
23:23:05 DEBUG   [goplaceit] 30 avisos vía json-ld
23:23:10 INFO      assetplan: 0 avisos en 17s
23:23:10 INFO    Barriendo Engel & Völkers (engelvoelkers)…
23:23:17 DEBUG   [toctoc] 106 avisos vía estado-embebido
23:23:18 DEBUG   La red no quedó en silencio en https://houm.com/cl/arriendo-departamento-región-metropolitana/las-condes/175757; se lee igual
23:23:18 DEBUG   [houm] 1 avisos vía estado-embebido
23:23:22 DEBUG   [engelvoelkers] 17 avisos vía tarjetas
23:23:22 INFO      engelvoelkers: 17 avisos en 11s
23:23:22 INFO    Barriendo RE/MAX Chile (remax)…
23:23:28 DEBUG   [toctoc] 106 avisos vía estado-embebido
23:23:28 INFO      toctoc: 762 avisos en 66s
23:23:28 INFO    Barriendo Fuenzalida Propiedades (fuenzalida)…
23:23:29 DEBUG   La red no quedó en silencio en https://houm.com/cl/arriendo-departamento-región-metropolitana/ñuñoa/176912; se lee igual
23:23:29 DEBUG   [houm] 1 avisos vía estado-embebido
23:23:31 DEBUG   [fuenzalida] 12 avisos vía tarjetas
23:23:34 DEBUG   [fuenzalida] 20 avisos vía tarjetas
23:23:36 DEBUG   La red no quedó en silencio en https://www.remax.cl/es-cl/busqueda/metropolitana-de-santiago/santiago/vitacura/residencial-departamento/arriendo/; se lee igual
23:23:36 DEBUG   [remax] 6 avisos vía tarjetas
23:23:37 DEBUG   [fuenzalida] 20 avisos vía tarjetas
23:23:37 INFO      fuenzalida: 52 avisos en 9s
23:23:37 INFO    Barriendo Century 21 Chile (century21)…
23:23:39 INFO      century21: 0 avisos en 2s
23:23:39 INFO    Barriendo Property Partners (propertypartners)…
23:23:39 DEBUG   La red no quedó en silencio en https://houm.com/cl/arriendo-departamento-región-metropolitana/ñuñoa/174379; se lee igual
23:23:39 DEBUG   [propertypartners] 1 avisos vía tarjetas
23:23:39 INFO      propertypartners: 1 avisos en 0s
23:23:39 INFO    Barriendo Acceso Inmobiliario (accesoinmobiliario)…
23:23:39 DEBUG   [houm] 1 avisos vía estado-embebido
23:23:46 DEBUG   La red no quedó en silencio en https://www.remax.cl/es-cl/busqueda/metropolitana-de-santiago/santiago/vitacura/residencial-departamento/arriendo/?page=2; se lee igual
23:23:46 DEBUG   [remax] 6 avisos vía tarjetas
23:23:46 INFO      remax: 12 avisos en 24s
23:23:46 INFO    Barriendo Magnolia Property (magnoliaproperty)…
23:23:47 DEBUG   [magnoliaproperty] 6 avisos vía tarjetas
23:23:47 INFO      magnoliaproperty: 6 avisos en 1s
23:23:47 INFO    Barriendo Portilla Propiedades (portillapropiedades)…
23:23:47 DEBUG   La red no quedó en silencio en https://houm.com/cl/arriendo-departamento-región-metropolitana/recoleta/176958; se lee igual
23:23:47 DEBUG   [portillapropiedades] 2 avisos vía tarjetas
23:23:47 INFO      portillapropiedades: 2 avisos en 0s
23:23:47 INFO    Barriendo Nativo Propiedades (nativopropiedades)…
23:23:47 DEBUG   [houm] 1 avisos vía estado-embebido
23:23:48 DEBUG   [accesoinmobiliario] 13 avisos vía tarjetas
23:23:48 DEBUG   [nativopropiedades] 7 avisos vía tarjetas
23:23:48 INFO      nativopropiedades: 7 avisos en 1s
23:23:48 INFO    Barriendo Enlace Inmobiliario (enlaceinmobiliario)…
23:23:48 WARNING https://www.enlaceinmobiliario.cl/ respondió 403
23:23:48 INFO    [enlaceinmobiliario] https://www.enlaceinmobiliario.cl/ rebotó al GET; se reintenta con navegador
23:23:53 DEBUG   [accesoinmobiliario] 1 avisos vía tarjetas
23:23:55 DEBUG   La red no quedó en silencio en https://houm.com/cl/arriendo-departamento-región-metropolitana/recoleta/90462; se lee igual
23:23:56 DEBUG   [houm] 1 avisos vía estado-embebido
23:23:57 INFO      enlaceinmobiliario: 0 avisos en 9s
23:23:57 INFO    Barriendo Rentas.cl (rentas_cl)…
23:23:59 DEBUG   [accesoinmobiliario] 1 avisos vía tarjetas
23:23:59 DEBUG   [rentas_cl] 1 avisos vía json-ld
23:23:59 INFO      rentas_cl: 1 avisos en 2s
23:23:59 INFO    Barriendo Arriendos.cl (arriendos_cl)…
23:24:00 INFO      arriendos_cl: 0 avisos en 1s
23:24:00 INFO    Barriendo Propiedades.cl (propiedades_cl)…
23:24:01 DEBUG   [propiedades_cl] 6 avisos vía tarjetas
23:24:01 INFO      propiedades_cl: 6 avisos en 1s
23:24:01 INFO    Barriendo Clasificados.cl (clasificados_cl)…
23:24:02 DEBUG   [accesoinmobiliario] 1 avisos vía tarjetas
23:24:03 DEBUG   [clasificados_cl] 1 avisos vía tarjetas
23:24:03 INFO      clasificados_cl: 1 avisos en 2s
23:24:06 DEBUG   La red no quedó en silencio en https://houm.com/cl/arriendo-departamento-región-metropolitana/recoleta/177459; se lee igual
23:24:06 DEBUG   [houm] 1 avisos vía estado-embebido
23:24:09 DEBUG   [goplaceit] 30 avisos vía json-ld
23:24:11 INFO      accesoinmobiliario: 16 avisos en 32s
23:24:15 DEBUG   La red no quedó en silencio en https://houm.com/cl/arriendo-departamento-región-metropolitana/independencia/167934; se lee igual
23:24:15 DEBUG   [houm] 1 avisos vía estado-embebido
23:24:15 INFO      houm: 36 avisos en 88s
23:24:35 INFO      goplaceit: 90 avisos en 133s
23:24:35 INFO    Total crudo: 1405 avisos
23:24:36 INFO    Después de deduplicar: 494
23:24:36 DEBUG   Libreta: n de la casa 728 se construyó en 1991 (accesoinmobiliario)
23:24:36 INFO    Pasaron los filtros: 63
23:25:15 DEBUG   [doomos] 18 avisos vía tarjetas
23:25:15 DEBUG   Ficha de YVT22 sin candidato propio; no se fusiona
23:25:16 DEBUG   Ficha de BYN6Z sin candidato propio; no se fusiona
23:25:18 DEBUG   [doomos] 26 avisos vía tarjetas
23:25:18 DEBUG   Ficha de U44VT sin candidato propio; no se fusiona
23:25:19 DEBUG   [doomos] 27 avisos vía tarjetas
23:25:19 DEBUG   Ficha de ZWNAN sin candidato propio; no se fusiona
23:25:21 DEBUG   [doomos] 27 avisos vía tarjetas
23:25:21 DEBUG   Ficha de 2HWEW sin candidato propio; no se fusiona
23:25:22 DEBUG   Ficha de KM3V2 sin candidato propio; no se fusiona
23:25:23 DEBUG   [busconido] 11 avisos vía tarjetas
23:25:23 DEBUG   Ficha de 68G63 sin candidato propio; no se fusiona
23:25:24 DEBUG   [busconido] 11 avisos vía tarjetas
23:25:24 DEBUG   Ficha de BFHTK sin candidato propio; no se fusiona
23:25:26 DEBUG   [busconido] 10 avisos vía tarjetas
23:25:26 DEBUG   Ficha de VWVRP sin candidato propio; no se fusiona
23:25:28 DEBUG   [busconido] 10 avisos vía tarjetas
23:25:28 DEBUG   Ficha de 364V9 sin candidato propio; no se fusiona
23:25:30 DEBUG   [busconido] 11 avisos vía tarjetas
23:25:30 DEBUG   Ficha de 96SA3 sin candidato propio; no se fusiona
23:25:35 DEBUG   [toctoc] 1 avisos vía estado-embebido
23:25:35 DEBUG   [busconido] 10 avisos vía tarjetas
23:25:35 DEBUG   Ficha de W5QA3 sin candidato propio; no se fusiona
23:25:37 DEBUG   [busconido] 10 avisos vía tarjetas
23:25:37 DEBUG   Ficha de 577CB sin candidato propio; no se fusiona
23:25:39 DEBUG   [busconido] 10 avisos vía tarjetas
23:25:39 DEBUG   Ficha de EPBN5 sin candidato propio; no se fusiona
23:25:41 DEBUG   [busconido] 10 avisos vía tarjetas
23:25:41 DEBUG   Ficha de BRYAZ sin candidato propio; no se fusiona
23:25:43 DEBUG   [busconido] 11 avisos vía tarjetas
23:25:43 DEBUG   Ficha de HA828 sin candidato propio; no se fusiona
23:25:45 DEBUG   [busconido] 11 avisos vía tarjetas
23:25:45 DEBUG   Ficha de 52DAF sin candidato propio; no se fusiona
23:25:47 DEBUG   [busconido] 10 avisos vía tarjetas
23:25:47 DEBUG   Ficha de 3VW8K sin candidato propio; no se fusiona
23:25:49 DEBUG   [busconido] 11 avisos vía tarjetas
23:25:49 DEBUG   Ficha de E6M6E sin candidato propio; no se fusiona
23:25:51 DEBUG   [busconido] 11 avisos vía tarjetas
23:25:51 DEBUG   Ficha de YH67R sin candidato propio; no se fusiona
23:25:57 DEBUG   [busconido] 10 avisos vía tarjetas
23:25:57 DEBUG   Ficha de UVQY7 sin candidato propio; no se fusiona
23:25:57 WARNING https://www.bienesonline.cl/es/chile/llanquihue/propiedad/42585-campo-917-ha-valle-cochamo-x-region respondió 404
23:25:58 DEBUG   [doomos] 18 avisos vía tarjetas
23:25:58 DEBUG   Ficha de J5JN4 sin candidato propio; no se fusiona
23:26:03 DEBUG   [toctoc] 1 avisos vía estado-embebido
23:26:10 DEBUG   La red no quedó en silencio en https://www.toctoc.com/propiedades/arriendoparticularsr/departamento/vitacura/departamento-avenida-juan-xxiii-6650/4305346; se lee igual
23:26:10 DEBUG   [toctoc] 1 avisos vía estado-embebido
23:26:16 DEBUG   [doomos] 27 avisos vía tarjetas
23:26:16 DEBUG   Ficha de P8XMT sin candidato propio; no se fusiona
23:26:16 DEBUG   [chilepropiedades] 2 avisos vía json-ld
23:26:22 DEBUG   [toctoc] 1 avisos vía estado-embebido
23:26:27 DEBUG   [toctoc] 1 avisos vía estado-embebido
23:26:33 DEBUG   La red no quedó en silencio en https://www.toctoc.com/propiedades/arriendocorredorasr/departamento/vitacura/moderno-depto-con-vista-panoramica/a3f11e3da22b023d55153cd78c67bf4d8e101cb9; se lee igual
23:26:33 DEBUG   [toctoc] 1 avisos vía estado-embebido
23:26:39 DEBUG   [toctoc] 1 avisos vía estado-embebido
23:26:49 DEBUG   [toctoc] 1 avisos vía estado-embebido
23:26:53 DEBUG   [toctoc] 1 avisos vía estado-embebido
23:26:53 INFO    Enriquecido y descartado: 5ZREX (39 años (construido en 1987), sobre el máximo de 30)
23:26:53 WARNING robots.txt no permite https://www.nuroa.cl/adform/10342-912-5f3d-19e92d3-bae6-98ff4d8aca01-7f27?click_type=0&pos=19&searchType=1&page=1&section=1&t_sec=1&sectionType=1&pageViewId=d6033e2c-4947-4135-a1f6-e98de6bd7221&t_pvid=d6033e2c-4947-4135-a1f6-e98de6bd7221&userAgent=Mozilla%2F5.0+%28compatible%3B+radar-arriendos%2F1.0%3B+uso+personal%2C+busqueda+de+arriendo%3B+%2Bhttps%3A%2F%2Fgithub.com%2Falfonsoandona%2Farriendos-vitacura%29&browser=1&isHuman=true&userIp=20.55.86.178&what=vitacura+departamento&search_terms=vitacura+departamento&origin=1&t_or=1&splitTestId=0 — se omite
23:26:56 DEBUG   [engelvoelkers] 1 avisos vía json-ld
23:27:00 INFO    Enriquecido y descartado: 75BRH (arriendo de $2.931.142 sobre el máximo negociable de $1.904.000)
23:27:24 INFO    Enriquecido y descartado: 75BRH (arriendo de $2.149.504 sobre el máximo negociable de $1.904.000)
23:27:32 INFO    Enriquecido y descartado: 75BRH (arriendo de $1.954.095 sobre el máximo negociable de $1.904.000)
23:27:50 DEBUG   La red no quedó en silencio en https://www.toctoc.com/propiedades/arriendocorredorasr/departamento/vitacura/departamento-en-arriendo-de-4-dorm-en-vitacura/19800550ae3800710b3bbacf94c12283cc33b181; se lee igual
23:27:50 DEBUG   [toctoc] 1 avisos vía estado-embebido
23:27:57 DEBUG   [toctoc] 1 avisos vía estado-embebido
23:27:57 WARNING robots.txt no permite https://www.nuroa.cl/adform/10342-912-ee27-1a01d7c-a7bc-2ba3aed54f3e-81d8?click_type=0&pos=15&searchType=1&page=1&section=1&t_sec=1&sectionType=1&pageViewId=d6033e2c-4947-4135-a1f6-e98de6bd7221&t_pvid=d6033e2c-4947-4135-a1f6-e98de6bd7221&userAgent=Mozilla%2F5.0+%28compatible%3B+radar-arriendos%2F1.0%3B+uso+personal%2C+busqueda+de+arriendo%3B+%2Bhttps%3A%2F%2Fgithub.com%2Falfonsoandona%2Farriendos-vitacura%29&browser=1&isHuman=true&userIp=20.55.86.178&what=vitacura+departamento&search_terms=vitacura+departamento&origin=1&t_or=1&splitTestId=0 — se omite
23:28:06 DEBUG   [toctoc] 1 avisos vía estado-embebido
23:28:10 INFO    Enriquecido y descartado: 75BRH (arriendo de $4.611.664 sobre el máximo negociable de $1.904.000)
23:28:15 DEBUG   [mitula] 3 avisos vía tarjetas
23:28:15 INFO    Fichas leídas: 63 — 1 ganaron el año, 0 la dirección; 5 se descartaron al verlas (1 por viejos)
23:28:16 INFO    Listo: 0 avisados de 58 candidatos
