02:03:09 INFO    UF = $41.065.38 (API del día)
02:03:09 INFO    Barriendo TocToc (toctoc)…
02:03:09 INFO    Barriendo Chilepropiedades (chilepropiedades)…
02:03:09 INFO    Barriendo GoPlaceIt (goplaceit)…
02:03:09 INFO    Barriendo Yapo (yapo)…
02:03:10 DEBUG   [chilepropiedades] 10 avisos vía tarjetas
02:03:10 WARNING https://www.yapo.cl/bienes-raices-alquiler-apartamentos/region-metropolitana-vitacura respondió 403
02:03:10 INFO    [yapo] https://www.yapo.cl/bienes-raices-alquiler-apartamentos/region-metropolitana-vitacura rebotó al GET; se reintenta con navegador
02:03:12 DEBUG   [chilepropiedades] 10 avisos vía tarjetas
02:03:13 DEBUG   [goplaceit] 30 avisos vía json-ld
02:03:14 DEBUG   [chilepropiedades] 10 avisos vía tarjetas
02:03:14 INFO      chilepropiedades: 30 avisos en 4s
02:03:14 INFO    Barriendo BuscoNido (busconido)…
02:03:15 DEBUG   [busconido] 23 avisos vía tarjetas
02:03:15 INFO      busconido: 23 avisos en 1s
02:03:15 INFO    Barriendo BienesOnline (bienesonline)…
02:03:16 DEBUG   [bienesonline] 11 avisos vía tarjetas
02:03:16 INFO      bienesonline: 11 avisos en 1s
02:03:16 INFO    Barriendo Economicos (El Mercurio) (economicos)…
02:03:16 WARNING https://www.economicos.cl/search/propiedades/vitacura/arriendo/departamento/0 respondió 403
02:03:16 INFO    [economicos] https://www.economicos.cl/search/propiedades/vitacura/arriendo/departamento/0 rebotó al GET; se reintenta con navegador
02:03:17 DEBUG   [toctoc] 20 avisos vía json-ld
02:03:19 DEBUG   La red no quedó en silencio en https://www.yapo.cl/bienes-raices-alquiler-apartamentos/region-metropolitana-vitacura; se lee igual
02:03:19 INFO      yapo: 0 avisos en 10s
02:03:19 INFO    Barriendo iCasas (icasas)…
02:03:20 DEBUG   [icasas] 15 avisos vía tarjetas
02:03:21 INFO      economicos: 0 avisos en 5s
02:03:21 INFO    Barriendo Doomos (doomos)…
02:03:22 DEBUG   [icasas] 15 avisos vía tarjetas
02:03:22 INFO      icasas: 30 avisos en 2s
02:03:22 INFO    Barriendo Top Propiedades (toppropiedades)…
02:03:23 DEBUG   [doomos] 33 avisos vía tarjetas
02:03:23 INFO      doomos: 33 avisos en 2s
02:03:23 INFO    Barriendo Nuroa (nuroa)…
02:03:24 DEBUG   Encoding detection: ascii is most likely the one.
02:03:25 DEBUG   [nuroa] 25 avisos vía json-ld
02:03:25 DEBUG   [toppropiedades] 1 avisos vía json-ld
02:03:27 DEBUG   [nuroa] 25 avisos vía json-ld
02:03:27 DEBUG   [toppropiedades] 1 avisos vía json-ld
02:03:28 DEBUG   La red no quedó en silencio en https://www.toctoc.com/arriendo/departamento/metropolitana/vitacura/3-dormitorios?pagina=2; se lee igual
02:03:28 DEBUG   [toctoc] 20 avisos vía json-ld
02:03:29 DEBUG   [nuroa] 25 avisos vía json-ld
02:03:29 DEBUG   [toppropiedades] 1 avisos vía json-ld
02:03:31 DEBUG   [nuroa] 25 avisos vía json-ld
02:03:31 INFO      nuroa: 100 avisos en 8s
02:03:31 INFO    Barriendo Mitula (mitula)…
02:03:31 DEBUG   [toppropiedades] 1 avisos vía json-ld
02:03:33 DEBUG   [mitula] 30 avisos vía json-ld
02:03:33 DEBUG   [toppropiedades] 1 avisos vía json-ld
02:03:35 DEBUG   [mitula] 30 avisos vía json-ld
02:03:35 INFO      mitula: 60 avisos en 4s
02:03:35 INFO    Barriendo Houm (houm)…
02:03:35 DEBUG   [toctoc] 15 avisos vía json-ld
02:03:35 DEBUG   [toppropiedades] 1 avisos vía json-ld
02:03:37 DEBUG   [toppropiedades] 1 avisos vía json-ld
02:03:39 DEBUG   [toppropiedades] 1 avisos vía json-ld
02:03:39 INFO      toppropiedades: 8 avisos en 18s
02:03:39 INFO    Barriendo Hey! Homes (heyhomes)…
02:03:42 DEBUG   [heyhomes] 9 avisos vía tarjetas
02:03:42 INFO      heyhomes: 9 avisos en 3s
02:03:42 INFO    Barriendo Engel & Völkers (engelvoelkers)…
02:03:43 DEBUG   La red no quedó en silencio en https://houm.com/cl/arriendo-departamentos-region-metropolitana/vitacura/3-dormitorios; se lee igual
02:03:43 DEBUG   [houm] 28 avisos vía json-ld
02:03:44 DEBUG   La red no quedó en silencio en https://www.toctoc.com/arriendo/departamento/metropolitana/vitacura/4-dormitorios; se lee igual
02:03:48 WARNING [toctoc] https://www.toctoc.com/arriendo/departamento/metropolitana/vitacura/4-dormitorios falló: Page.content: Unable to retrieve content because the page is navigating and changing the content.
02:03:48 WARNING   toctoc: Page.content: Unable to retrieve content because the page is navigating and changing the content.
02:03:48 INFO      toctoc: 55 avisos en 39s
02:03:48 INFO    Barriendo RE/MAX Chile (remax)…
02:03:51 DEBUG   [engelvoelkers] 16 avisos vía tarjetas
02:03:51 INFO      engelvoelkers: 16 avisos en 9s
02:03:51 INFO    Barriendo Fuenzalida Propiedades (fuenzalida)…
02:03:53 DEBUG   [goplaceit] 30 avisos vía json-ld
02:03:55 DEBUG   La red no quedó en silencio en https://houm.com/cl/arriendo-departamento-región-metropolitana/las-condes/170742; se lee igual
02:03:56 DEBUG   [houm] 1 avisos vía estado-embebido
02:03:57 INFO      remax: 0 avisos en 9s
02:03:57 INFO    Barriendo Century 21 Chile (century21)…
02:03:57 DEBUG   [fuenzalida] 16 avisos vía tarjetas
02:04:00 INFO      century21: 0 avisos en 3s
02:04:00 INFO    Barriendo Property Partners (propertypartners)…
02:04:01 DEBUG   [propertypartners] 1 avisos vía tarjetas
02:04:01 INFO      propertypartners: 1 avisos en 0s
02:04:01 INFO    Barriendo Acceso Inmobiliario (accesoinmobiliario)…
02:04:03 DEBUG   [fuenzalida] 20 avisos vía tarjetas
02:04:04 DEBUG   La red no quedó en silencio en https://houm.com/cl/arriendo-departamento-región-metropolitana/lo-barnechea/74201; se lee igual
02:04:05 DEBUG   [houm] 1 avisos vía estado-embebido
02:04:05 DEBUG   [accesoinmobiliario] 16 avisos vía tarjetas
02:04:08 DEBUG   [fuenzalida] 20 avisos vía tarjetas
02:04:08 INFO      fuenzalida: 56 avisos en 17s
02:04:08 INFO    Barriendo Magnolia Property (magnoliaproperty)…
02:04:08 DEBUG   [magnoliaproperty] 7 avisos vía tarjetas
02:04:08 INFO      magnoliaproperty: 7 avisos en 1s
02:04:08 INFO    Barriendo Portilla Propiedades (portillapropiedades)…
02:04:09 DEBUG   [portillapropiedades] 2 avisos vía tarjetas
02:04:09 INFO      portillapropiedades: 2 avisos en 1s
02:04:09 INFO    Barriendo Nativo Propiedades (nativopropiedades)…
02:04:09 DEBUG   [nativopropiedades] 10 avisos vía tarjetas
02:04:09 INFO      nativopropiedades: 10 avisos en 1s
02:04:09 INFO    Barriendo Enlace Inmobiliario (enlaceinmobiliario)…
02:04:10 WARNING https://www.enlaceinmobiliario.cl/ respondió 403
02:04:10 INFO    [enlaceinmobiliario] https://www.enlaceinmobiliario.cl/ rebotó al GET; se reintenta con navegador
02:04:10 DEBUG   [accesoinmobiliario] 1 avisos vía tarjetas
02:04:12 DEBUG   La red no quedó en silencio en https://houm.com/cl/arriendo-departamento-región-metropolitana/recoleta/179872; se lee igual
02:04:12 DEBUG   [houm] 1 avisos vía estado-embebido
02:04:14 INFO      enlaceinmobiliario: 0 avisos en 5s
02:04:14 INFO    Barriendo Rentas.cl (rentas_cl)…
02:04:16 DEBUG   [accesoinmobiliario] 1 avisos vía tarjetas
02:04:17 DEBUG   [rentas_cl] 1 avisos vía json-ld
02:04:17 INFO      rentas_cl: 1 avisos en 2s
02:04:17 INFO    Barriendo Arriendos.cl (arriendos_cl)…
02:04:18 INFO      arriendos_cl: 0 avisos en 1s
02:04:18 INFO    Barriendo Propiedades.cl (propiedades_cl)…
02:04:19 DEBUG   [propiedades_cl] 6 avisos vía tarjetas
02:04:19 INFO      propiedades_cl: 6 avisos en 1s
02:04:19 INFO    Barriendo Clasificados.cl (clasificados_cl)…
02:04:22 DEBUG   La red no quedó en silencio en https://houm.com/cl/arriendo-departamento-región-metropolitana/recoleta/178185; se lee igual
02:04:22 DEBUG   [accesoinmobiliario] 1 avisos vía tarjetas
02:04:22 DEBUG   [houm] 1 avisos vía estado-embebido
02:04:22 DEBUG   [clasificados_cl] 1 avisos vía tarjetas
02:04:22 INFO      clasificados_cl: 1 avisos en 3s
02:04:24 DEBUG   [accesoinmobiliario] 1 avisos vía tarjetas
02:04:27 DEBUG   [accesoinmobiliario] 1 avisos vía tarjetas
02:04:30 DEBUG   [goplaceit] 30 avisos vía json-ld
02:04:31 DEBUG   La red no quedó en silencio en https://houm.com/cl/arriendo-departamento-región-metropolitana/recoleta/176207; se lee igual
02:04:31 DEBUG   [houm] 1 avisos vía estado-embebido
02:04:32 DEBUG   [accesoinmobiliario] 1 avisos vía tarjetas
02:04:39 DEBUG   La red no quedó en silencio en https://houm.com/cl/arriendo-departamento-región-metropolitana/las-condes/177842; se lee igual
02:04:39 DEBUG   [houm] 1 avisos vía estado-embebido
02:04:41 DEBUG   [accesoinmobiliario] 1 avisos vía tarjetas
02:04:47 DEBUG   La red no quedó en silencio en https://houm.com/cl/arriendo-departamento-región-metropolitana/recoleta/176958; se lee igual
02:04:47 DEBUG   [houm] 1 avisos vía estado-embebido
02:04:49 INFO      accesoinmobiliario: 23 avisos en 49s
02:04:57 DEBUG   La red no quedó en silencio en https://houm.com/cl/arriendo-departamento-región-metropolitana/recoleta/90462; se lee igual
02:04:57 DEBUG   [houm] 1 avisos vía estado-embebido
02:04:57 INFO      houm: 36 avisos en 82s
02:04:57 INFO      goplaceit: 90 avisos en 108s
02:04:57 INFO    Total crudo: 608 avisos
02:04:58 INFO    Después de deduplicar: 471
02:04:58 INFO    Pasaron los filtros: 54
02:05:15 DEBUG   [doomos] 18 avisos vía tarjetas
02:05:15 DEBUG   Ficha de YVT22 sin candidato propio; no se fusiona
02:05:18 DEBUG   Ficha de HW5MX sin candidato propio; no se fusiona
02:05:19 DEBUG   [doomos] 27 avisos vía tarjetas
02:05:19 DEBUG   Ficha de U44VT sin candidato propio; no se fusiona
02:05:22 DEBUG   [doomos] 27 avisos vía tarjetas
02:05:22 DEBUG   Ficha de KNAE9 sin candidato propio; no se fusiona
02:05:23 DEBUG   [doomos] 27 avisos vía tarjetas
02:05:23 DEBUG   Ficha de PR3QK sin candidato propio; no se fusiona
02:05:26 DEBUG   [doomos] 27 avisos vía tarjetas
02:05:26 DEBUG   Ficha de 2HWEW sin candidato propio; no se fusiona
02:05:28 DEBUG   [doomos] 27 avisos vía tarjetas
02:05:28 DEBUG   Ficha de ZWNAN sin candidato propio; no se fusiona
02:05:33 DEBUG   [toctoc] 1 avisos vía estado-embebido
02:05:33 DEBUG   [busconido] 11 avisos vía tarjetas
02:05:33 DEBUG   Ficha de PEFRY sin candidato propio; no se fusiona
02:05:35 DEBUG   [busconido] 10 avisos vía tarjetas
02:05:35 DEBUG   Ficha de G8RYE sin candidato propio; no se fusiona
02:05:37 DEBUG   [busconido] 10 avisos vía tarjetas
02:05:37 DEBUG   Ficha de 5QRMA sin candidato propio; no se fusiona
02:05:39 DEBUG   [busconido] 10 avisos vía tarjetas
02:05:39 DEBUG   Ficha de 8MNYE sin candidato propio; no se fusiona
02:05:41 DEBUG   [busconido] 11 avisos vía tarjetas
02:05:41 DEBUG   Ficha de 6YUHY sin candidato propio; no se fusiona
02:05:45 DEBUG   [doomos] 27 avisos vía tarjetas
02:05:45 DEBUG   Ficha de FQ6XQ sin candidato propio; no se fusiona
02:05:46 DEBUG   [busconido] 10 avisos vía tarjetas
02:05:46 DEBUG   Ficha de HGG77 sin candidato propio; no se fusiona
02:05:48 DEBUG   [busconido] 10 avisos vía tarjetas
02:05:48 DEBUG   Ficha de U8U6G sin candidato propio; no se fusiona
02:05:51 INFO    Enriquecido y descartado: YAVJA (arriendo de $3.517.371 sobre el máximo negociable de $1.904.000)
02:06:02 INFO    Enriquecido y descartado: CC2AY (arriendo de $2.032.258 sobre el máximo negociable de $1.904.000)
02:06:03 DEBUG   [busconido] 10 avisos vía tarjetas
02:06:03 DEBUG   Ficha de AJ8FF sin candidato propio; no se fusiona
02:06:04 DEBUG   [busconido] 11 avisos vía tarjetas
02:06:04 DEBUG   Ficha de VQADQ sin candidato propio; no se fusiona
02:06:13 DEBUG   [doomos] 18 avisos vía tarjetas
02:06:13 DEBUG   Ficha de J5JN4 sin candidato propio; no se fusiona
02:06:20 DEBUG   [engelvoelkers] 1 avisos vía json-ld
02:06:25 DEBUG   [doomos] 27 avisos vía tarjetas
02:06:25 DEBUG   Ficha de P8XMT sin candidato propio; no se fusiona
02:06:25 DEBUG   [chilepropiedades] 2 avisos vía json-ld
02:06:30 DEBUG   [toctoc] 1 avisos vía estado-embebido
02:06:35 DEBUG   [toctoc] 1 avisos vía estado-embebido
02:06:39 DEBUG   [toctoc] 1 avisos vía estado-embebido
02:06:46 DEBUG   [toctoc] 1 avisos vía estado-embebido
02:06:51 DEBUG   [toctoc] 1 avisos vía estado-embebido
02:07:13 INFO    Enriquecido y descartado: 75BRH (arriendo de $2.149.504 sobre el máximo negociable de $1.904.000)
02:07:16 INFO    Enriquecido y descartado: 75BRH (arriendo de $1.954.095 sobre el máximo negociable de $1.904.000)
02:07:31 DEBUG   [toctoc] 1 avisos vía estado-embebido
02:07:35 WARNING robots.txt no permite https://www.nuroa.cl/adform/10342-912-3e9b-1a0e30e-bd4c-4f30fb45531b-7a22?click_type=0&pos=13&searchType=1&page=1&section=1&t_sec=1&sectionType=1&pageViewId=f3b07d7a-d587-4db4-b129-bf21b9c4dd21&t_pvid=f3b07d7a-d587-4db4-b129-bf21b9c4dd21&userAgent=Mozilla%2F5.0+%28compatible%3B+radar-arriendos%2F1.0%3B+uso+personal%2C+busqueda+de+arriendo%3B+%2Bhttps%3A%2F%2Fgithub.com%2Falfonsoandona%2Farriendos-vitacura%29&browser=1&isHuman=true&userIp=172.215.223.208&what=vitacura+departamento&search_terms=vitacura+departamento&origin=1&t_or=1&splitTestId=0 — se omite
02:07:35 WARNING robots.txt no permite https://www.nuroa.cl/adform/10342-912-e7f8-1a0a016-97e0-4460cb69457-7a3c?click_type=0&pos=21&searchType=1&page=3&section=1&t_sec=1&sectionType=1&pageViewId=8d610040-fbcf-4738-9f2c-4c7ae47f39fe&t_pvid=8d610040-fbcf-4738-9f2c-4c7ae47f39fe&userAgent=Mozilla%2F5.0+%28compatible%3B+radar-arriendos%2F1.0%3B+uso+personal%2C+busqueda+de+arriendo%3B+%2Bhttps%3A%2F%2Fgithub.com%2Falfonsoandona%2Farriendos-vitacura%29&browser=1&isHuman=true&userIp=172.215.223.208&what=vitacura+departamento&search_terms=vitacura+departamento&origin=1&t_or=1&splitTestId=0 — se omite
02:07:36 DEBUG   [mitula] 3 avisos vía tarjetas
02:07:40 INFO    Enriquecido y descartado: 75BRH (arriendo de $4.299.009 sobre el máximo negociable de $1.904.000)
02:07:44 INFO    Fichas leídas: 54 — 0 ganaron el año, 0 la dirección; 5 se descartaron al verlas (0 por viejos)
02:07:44 INFO    Listo: 0 avisados de 49 candidatos
