23:25:47 INFO    UF = $40.860.60 (API del día)
23:25:47 INFO    Barriendo TocToc (toctoc)…
23:25:47 INFO    Barriendo Chilepropiedades (chilepropiedades)…
23:25:47 INFO    Barriendo GoPlaceIt (goplaceit)…
23:25:47 INFO    Barriendo Yapo (yapo)…
23:25:48 DEBUG   [chilepropiedades] 10 avisos vía tarjetas
23:25:49 DEBUG   [yapo] 30 avisos vía tarjetas
23:25:50 DEBUG   [chilepropiedades] 10 avisos vía tarjetas
23:25:51 DEBUG   [yapo] 30 avisos vía tarjetas
23:25:51 DEBUG   [goplaceit] 30 avisos vía json-ld
23:25:52 DEBUG   [chilepropiedades] 10 avisos vía tarjetas
23:25:52 INFO      chilepropiedades: 30 avisos en 4s
23:25:52 INFO    Barriendo BuscoNido (busconido)…
23:25:52 DEBUG   [busconido] 23 avisos vía tarjetas
23:25:52 INFO      busconido: 23 avisos en 1s
23:25:52 INFO    Barriendo BienesOnline (bienesonline)…
23:25:53 DEBUG   [yapo] 30 avisos vía tarjetas
23:25:53 INFO      yapo: 90 avisos en 6s
23:25:53 INFO    Barriendo Economicos (El Mercurio) (economicos)…
23:25:53 DEBUG   [bienesonline] 15 avisos vía tarjetas
23:25:53 INFO      bienesonline: 15 avisos en 1s
23:25:53 INFO    Barriendo iCasas (icasas)…
23:25:53 WARNING https://www.economicos.cl/search/propiedades/vitacura/arriendo/departamento/0 respondió 403
23:25:53 INFO    [economicos] https://www.economicos.cl/search/propiedades/vitacura/arriendo/departamento/0 rebotó al GET; se reintenta con navegador
23:25:54 DEBUG   [icasas] 15 avisos vía tarjetas
23:25:56 DEBUG   [icasas] 15 avisos vía tarjetas
23:25:56 INFO      icasas: 30 avisos en 2s
23:25:56 INFO    Barriendo Doomos (doomos)…
23:25:57 INFO      economicos: 0 avisos en 3s
23:25:57 INFO    Barriendo Top Propiedades (toppropiedades)…
23:26:00 DEBUG   [toctoc] 148 avisos vía estado-embebido
23:26:00 DEBUG   [toppropiedades] 1 avisos vía json-ld
23:26:02 DEBUG   [toppropiedades] 1 avisos vía json-ld
23:26:04 DEBUG   [toppropiedades] 1 avisos vía json-ld
23:26:06 DEBUG   [toppropiedades] 1 avisos vía json-ld
23:26:08 DEBUG   [toctoc] 148 avisos vía estado-embebido
23:26:08 DEBUG   [toppropiedades] 1 avisos vía json-ld
23:26:10 DEBUG   [toppropiedades] 1 avisos vía json-ld
23:26:12 DEBUG   [toppropiedades] 1 avisos vía json-ld
23:26:14 DEBUG   [toppropiedades] 1 avisos vía json-ld
23:26:14 INFO      toppropiedades: 8 avisos en 18s
23:26:14 INFO    Barriendo Nuroa (nuroa)…
23:26:15 DEBUG   Encoding detection: ascii is most likely the one.
23:26:16 DEBUG   [nuroa] 25 avisos vía json-ld
23:26:17 DEBUG   [toctoc] 148 avisos vía estado-embebido
23:26:18 DEBUG   [nuroa] 25 avisos vía json-ld
23:26:20 DEBUG   [nuroa] 25 avisos vía json-ld
23:26:20 DEBUG   [goplaceit] 30 avisos vía json-ld
23:26:22 DEBUG   [nuroa] 25 avisos vía json-ld
23:26:22 INFO      nuroa: 100 avisos en 8s
23:26:22 INFO    Barriendo Mitula (mitula)…
23:26:24 DEBUG   [mitula] 30 avisos vía json-ld
23:26:25 DEBUG   [toctoc] 110 avisos vía estado-embebido
23:26:26 DEBUG   [mitula] 30 avisos vía json-ld
23:26:26 WARNING Error en https://www.doomos.cl/departamentos-vitacura-arriendo (intento 1/3): HTTPSConnectionPool(host='www.doomos.cl', port=443): Read timed out. (read timeout=20)
23:26:26 INFO      mitula: 60 avisos en 4s
23:26:26 INFO    Barriendo Houm (houm)…
23:26:35 DEBUG   [toctoc] 110 avisos vía estado-embebido
23:26:36 DEBUG   La red no quedó en silencio en https://houm.com/cl/arriendo-departamentos-region-metropolitana/vitacura/3-dormitorios; se lee igual
23:26:37 DEBUG   [houm] 28 avisos vía json-ld
23:26:44 DEBUG   [toctoc] 110 avisos vía estado-embebido
23:26:44 INFO      toctoc: 774 avisos en 57s
23:26:44 INFO    Barriendo Hey! Homes (heyhomes)…
23:26:45 DEBUG   La red no quedó en silencio en https://houm.com/cl/arriendo-departamento-región-metropolitana/las-condes/170742; se lee igual
23:26:45 DEBUG   [houm] 1 avisos vía estado-embebido
23:26:47 DEBUG   [heyhomes] 9 avisos vía tarjetas
23:26:47 INFO      heyhomes: 9 avisos en 3s
23:26:47 INFO    Barriendo AssetPlan (assetplan)…
23:26:48 WARNING Error en https://www.doomos.cl/departamentos-vitacura-arriendo (intento 2/3): HTTPSConnectionPool(host='www.doomos.cl', port=443): Read timed out. (read timeout=20)
23:26:53 DEBUG   La red no quedó en silencio en https://houm.com/cl/arriendo-departamento-región-metropolitana/las-condes/175757; se lee igual
23:26:53 DEBUG   [houm] 1 avisos vía estado-embebido
23:27:00 INFO      assetplan: 0 avisos en 13s
23:27:00 INFO    Barriendo Engel & Völkers (engelvoelkers)…
23:27:03 DEBUG   [goplaceit] 30 avisos vía json-ld
23:27:04 DEBUG   La red no quedó en silencio en https://houm.com/cl/arriendo-departamento-región-metropolitana/ñuñoa/176912; se lee igual
23:27:04 DEBUG   [houm] 1 avisos vía estado-embebido
23:27:07 DEBUG   [engelvoelkers] 16 avisos vía tarjetas
23:27:07 INFO      engelvoelkers: 16 avisos en 7s
23:27:07 INFO    Barriendo RE/MAX Chile (remax)…
23:27:12 WARNING Error en https://www.doomos.cl/departamentos-vitacura-arriendo (intento 3/3): HTTPSConnectionPool(host='www.doomos.cl', port=443): Read timed out. (read timeout=20)
23:27:12 WARNING   doomos: el sitio no respondió a tiempo
23:27:12 INFO      doomos: 0 avisos en 77s
23:27:12 INFO    Barriendo Fuenzalida Propiedades (fuenzalida)…
23:27:14 DEBUG   La red no quedó en silencio en https://houm.com/cl/arriendo-departamento-región-metropolitana/ñuñoa/174379; se lee igual
23:27:14 DEBUG   [houm] 1 avisos vía estado-embebido
23:27:16 DEBUG   [fuenzalida] 12 avisos vía tarjetas
23:27:16 DEBUG   La red no quedó en silencio en https://www.remax.cl/es-cl/busqueda/metropolitana-de-santiago/santiago/vitacura/residencial-departamento/arriendo/; se lee igual
23:27:16 DEBUG   [remax] 6 avisos vía tarjetas
23:27:19 DEBUG   [fuenzalida] 20 avisos vía tarjetas
23:27:22 DEBUG   [fuenzalida] 20 avisos vía tarjetas
23:27:22 INFO      fuenzalida: 52 avisos en 9s
23:27:22 INFO    Barriendo Century 21 Chile (century21)…
23:27:23 INFO      century21: 0 avisos en 1s
23:27:23 INFO    Barriendo Property Partners (propertypartners)…
23:27:23 DEBUG   [propertypartners] 1 avisos vía tarjetas
23:27:23 INFO      propertypartners: 1 avisos en 0s
23:27:23 INFO    Barriendo Acceso Inmobiliario (accesoinmobiliario)…
23:27:24 DEBUG   La red no quedó en silencio en https://houm.com/cl/arriendo-departamento-región-metropolitana/recoleta/176958; se lee igual
23:27:24 DEBUG   [houm] 1 avisos vía estado-embebido
23:27:25 DEBUG   La red no quedó en silencio en https://www.remax.cl/es-cl/busqueda/metropolitana-de-santiago/santiago/vitacura/residencial-departamento/arriendo/?page=2; se lee igual
23:27:26 DEBUG   [remax] 6 avisos vía tarjetas
23:27:26 INFO      remax: 12 avisos en 19s
23:27:26 INFO    Barriendo Magnolia Property (magnoliaproperty)…
23:27:26 DEBUG   [magnoliaproperty] 6 avisos vía tarjetas
23:27:26 INFO      magnoliaproperty: 6 avisos en 0s
23:27:26 INFO    Barriendo Portilla Propiedades (portillapropiedades)…
23:27:27 DEBUG   [portillapropiedades] 2 avisos vía tarjetas
23:27:27 INFO      portillapropiedades: 2 avisos en 1s
23:27:27 INFO    Barriendo Nativo Propiedades (nativopropiedades)…
23:27:27 DEBUG   [nativopropiedades] 7 avisos vía tarjetas
23:27:27 INFO      nativopropiedades: 7 avisos en 1s
23:27:27 INFO    Barriendo Enlace Inmobiliario (enlaceinmobiliario)…
23:27:27 WARNING https://www.enlaceinmobiliario.cl/ respondió 403
23:27:27 INFO    [enlaceinmobiliario] https://www.enlaceinmobiliario.cl/ rebotó al GET; se reintenta con navegador
23:27:28 DEBUG   [accesoinmobiliario] 15 avisos vía tarjetas
23:27:33 INFO      enlaceinmobiliario: 0 avisos en 5s
23:27:33 INFO    Barriendo Rentas.cl (rentas_cl)…
23:27:35 DEBUG   [rentas_cl] 1 avisos vía json-ld
23:27:35 INFO      rentas_cl: 1 avisos en 2s
23:27:35 INFO    Barriendo Arriendos.cl (arriendos_cl)…
23:27:35 DEBUG   La red no quedó en silencio en https://houm.com/cl/arriendo-departamento-región-metropolitana/recoleta/90462; se lee igual
23:27:35 DEBUG   [houm] 1 avisos vía estado-embebido
23:27:36 INFO      arriendos_cl: 0 avisos en 1s
23:27:36 INFO    Barriendo Propiedades.cl (propiedades_cl)…
23:27:36 DEBUG   [propiedades_cl] 6 avisos vía tarjetas
23:27:36 INFO      propiedades_cl: 6 avisos en 1s
23:27:36 INFO    Barriendo Clasificados.cl (clasificados_cl)…
23:27:40 INFO      clasificados_cl: 0 avisos en 3s
23:27:44 DEBUG   La red no quedó en silencio en https://houm.com/cl/arriendo-departamento-región-metropolitana/recoleta/177459; se lee igual
23:27:44 DEBUG   [houm] 1 avisos vía estado-embebido
23:27:48 INFO      goplaceit: 90 avisos en 121s
23:27:52 DEBUG   [accesoinmobiliario] 1 avisos vía tarjetas
23:27:52 INFO      accesoinmobiliario: 16 avisos en 29s
23:27:54 DEBUG   La red no quedó en silencio en https://houm.com/cl/arriendo-departamento-región-metropolitana/independencia/167934; se lee igual
23:27:54 DEBUG   [houm] 1 avisos vía estado-embebido
23:27:54 INFO      houm: 36 avisos en 88s
23:27:54 INFO    Total crudo: 1384 avisos
23:27:54 INFO    Después de deduplicar: 464
23:27:54 INFO    Pasaron los filtros: 48
23:28:23 DEBUG   Ficha de BYN6Z sin candidato propio; no se fusiona
23:28:25 DEBUG   [busconido] 11 avisos vía tarjetas
23:28:25 DEBUG   Ficha de VT5EU sin candidato propio; no se fusiona
23:28:27 DEBUG   [busconido] 10 avisos vía tarjetas
23:28:27 DEBUG   Ficha de QJU9W sin candidato propio; no se fusiona
23:28:31 DEBUG   [toctoc] 1 avisos vía estado-embebido
23:28:31 DEBUG   [busconido] 10 avisos vía tarjetas
23:28:31 DEBUG   Ficha de GHC6Y sin candidato propio; no se fusiona
23:28:33 DEBUG   [busconido] 10 avisos vía tarjetas
23:28:33 DEBUG   Ficha de 7UWJU sin candidato propio; no se fusiona
23:28:35 DEBUG   [busconido] 10 avisos vía tarjetas
23:28:35 DEBUG   Ficha de 73CG7 sin candidato propio; no se fusiona
23:28:36 WARNING https://www.bienesonline.cl/es/chile/llanquihue/propiedad/42585-campo-917-ha-valle-cochamo-x-region respondió 404
23:28:41 DEBUG   [toctoc] 1 avisos vía estado-embebido
23:28:47 DEBUG   [toctoc] 1 avisos vía estado-embebido
23:28:55 DEBUG   [toctoc] 1 avisos vía estado-embebido
23:28:55 DEBUG   [chilepropiedades] 2 avisos vía json-ld
23:29:00 DEBUG   [toctoc] 1 avisos vía estado-embebido
23:29:00 DEBUG   [chilepropiedades] 2 avisos vía json-ld
23:29:06 DEBUG   [toctoc] 1 avisos vía estado-embebido
23:29:11 DEBUG   [toctoc] 1 avisos vía estado-embebido
23:29:20 DEBUG   [toctoc] 1 avisos vía estado-embebido
23:29:24 DEBUG   [engelvoelkers] 1 avisos vía json-ld
23:29:30 DEBUG   [toctoc] 1 avisos vía estado-embebido
23:29:30 INFO    Enriquecido y descartado: 5ZREX (39 años (construido en 1987), sobre el máximo de 30)
23:29:35 DEBUG   [toctoc] 1 avisos vía estado-embebido
23:29:35 WARNING robots.txt no permite https://www.nuroa.cl/adform/10342-912-5f3d-19e92d3-bae6-98ff4d8aca01-7f27?click_type=0&pos=14&searchType=1&page=1&section=1&t_sec=1&sectionType=1&pageViewId=e516aa4f-e5b1-44f9-990a-e62371c6354b&t_pvid=e516aa4f-e5b1-44f9-990a-e62371c6354b&userAgent=Mozilla%2F5.0+%28compatible%3B+radar-arriendos%2F1.0%3B+uso+personal%2C+busqueda+de+arriendo%3B+%2Bhttps%3A%2F%2Fgithub.com%2Falfonsoandona%2Farriendos-vitacura%29&browser=1&isHuman=true&userIp=172.215.217.193&what=vitacura+departamento&search_terms=vitacura+departamento&origin=1&t_or=1&splitTestId=0 — se omite
23:29:39 INFO    Enriquecido y descartado: 75BRH (arriendo de $2.931.142 sobre el máximo negociable de $1.904.000)
23:30:01 INFO    Enriquecido y descartado: 75BRH (arriendo de $2.149.504 sobre el máximo negociable de $1.904.000)
23:30:08 INFO    Enriquecido y descartado: 75BRH (arriendo de $1.954.095 sobre el máximo negociable de $1.904.000)
23:30:25 DEBUG   [toctoc] 1 avisos vía estado-embebido
23:30:31 DEBUG   [toctoc] 1 avisos vía estado-embebido
23:30:31 WARNING robots.txt no permite https://www.nuroa.cl/adform/10342-912-ee27-1a01d7c-a7bc-2ba3aed54f3e-81d8?click_type=0&pos=10&searchType=1&page=1&section=1&t_sec=1&sectionType=1&pageViewId=e516aa4f-e5b1-44f9-990a-e62371c6354b&t_pvid=e516aa4f-e5b1-44f9-990a-e62371c6354b&userAgent=Mozilla%2F5.0+%28compatible%3B+radar-arriendos%2F1.0%3B+uso+personal%2C+busqueda+de+arriendo%3B+%2Bhttps%3A%2F%2Fgithub.com%2Falfonsoandona%2Farriendos-vitacura%29&browser=1&isHuman=true&userIp=172.215.217.193&what=vitacura+departamento&search_terms=vitacura+departamento&origin=1&t_or=1&splitTestId=0 — se omite
23:30:35 DEBUG   [yapo] 1 avisos vía json-ld
23:30:40 DEBUG   [toctoc] 1 avisos vía estado-embebido
23:30:44 INFO    Enriquecido y descartado: 75BRH (arriendo de $4.611.664 sobre el máximo negociable de $1.904.000)
23:30:49 DEBUG   [mitula] 3 avisos vía tarjetas
23:30:49 INFO    Fichas leídas: 48 — 1 ganaron el año, 0 la dirección; 5 se descartaron al verlas (1 por viejos)
23:30:50 INFO    Listo: 0 avisados de 43 candidatos
