18:49:10 INFO    UF = $40.860.60 (API del día)
18:49:10 INFO    Barriendo TocToc (toctoc)…
18:49:10 INFO    Barriendo Chilepropiedades (chilepropiedades)…
18:49:10 INFO    Barriendo GoPlaceIt (goplaceit)…
18:49:10 INFO    Barriendo Yapo (yapo)…
18:49:11 DEBUG   [chilepropiedades] 10 avisos vía tarjetas
18:49:13 DEBUG   [yapo] 30 avisos vía tarjetas
18:49:13 DEBUG   [chilepropiedades] 10 avisos vía tarjetas
18:49:15 DEBUG   [chilepropiedades] 10 avisos vía tarjetas
18:49:15 DEBUG   [yapo] 30 avisos vía tarjetas
18:49:15 INFO      chilepropiedades: 30 avisos en 5s
18:49:15 INFO    Barriendo BuscoNido (busconido)…
18:49:16 DEBUG   [goplaceit] 30 avisos vía json-ld
18:49:16 INFO      busconido: 0 avisos en 1s
18:49:16 INFO    Barriendo BienesOnline (bienesonline)…
18:49:18 DEBUG   [yapo] 30 avisos vía tarjetas
18:49:18 INFO      yapo: 90 avisos en 7s
18:49:18 INFO    Barriendo Economicos (El Mercurio) (economicos)…
18:49:18 DEBUG   [bienesonline] 16 avisos vía tarjetas
18:49:18 INFO      bienesonline: 16 avisos en 1s
18:49:18 INFO    Barriendo iCasas (icasas)…
18:49:18 WARNING https://www.economicos.cl/search/propiedades/vitacura/arriendo/departamento/0 respondió 403
18:49:18 INFO    [economicos] https://www.economicos.cl/search/propiedades/vitacura/arriendo/departamento/0 rebotó al GET; se reintenta con navegador
18:49:19 DEBUG   [icasas] 15 avisos vía tarjetas
18:49:20 DEBUG   [toctoc] 148 avisos vía estado-embebido
18:49:21 DEBUG   [icasas] 15 avisos vía tarjetas
18:49:21 INFO      icasas: 30 avisos en 3s
18:49:21 INFO    Barriendo Doomos (doomos)…
18:49:21 INFO      economicos: 0 avisos en 3s
18:49:21 INFO    Barriendo Top Propiedades (toppropiedades)…
18:49:21 WARNING https://www.doomos.cl/departamentos-vitacura-arriendo respondió 403
18:49:21 INFO    [doomos] https://www.doomos.cl/departamentos-vitacura-arriendo rebotó al GET; se reintenta con navegador
18:49:25 DEBUG   [toppropiedades] 1 avisos vía json-ld
18:49:26 INFO      doomos: 0 avisos en 5s
18:49:26 INFO    Barriendo Nuroa (nuroa)…
18:49:27 DEBUG   Encoding detection: ascii is most likely the one.
18:49:27 DEBUG   [toppropiedades] 1 avisos vía json-ld
18:49:28 DEBUG   [nuroa] 25 avisos vía json-ld
18:49:29 DEBUG   [toppropiedades] 1 avisos vía json-ld
18:49:29 DEBUG   [toctoc] 146 avisos vía estado-embebido
18:49:30 DEBUG   [nuroa] 25 avisos vía json-ld
18:49:31 DEBUG   [toppropiedades] 1 avisos vía json-ld
18:49:32 DEBUG   [nuroa] 25 avisos vía json-ld
18:49:33 DEBUG   [toppropiedades] 1 avisos vía json-ld
18:49:34 DEBUG   [nuroa] 25 avisos vía json-ld
18:49:35 DEBUG   [toppropiedades] 1 avisos vía json-ld
18:49:35 INFO      nuroa: 100 avisos en 9s
18:49:35 INFO    Barriendo Mitula (mitula)…
18:49:37 DEBUG   [toppropiedades] 1 avisos vía json-ld
18:49:38 DEBUG   [mitula] 30 avisos vía json-ld
18:49:39 DEBUG   [toppropiedades] 1 avisos vía json-ld
18:49:39 INFO      toppropiedades: 8 avisos en 18s
18:49:39 INFO    Barriendo Houm (houm)…
18:49:40 DEBUG   [mitula] 30 avisos vía json-ld
18:49:41 INFO      mitula: 60 avisos en 5s
18:49:41 INFO    Barriendo Hey! Homes (heyhomes)…
18:49:42 DEBUG   [toctoc] 148 avisos vía estado-embebido
18:49:44 DEBUG   [heyhomes] 9 avisos vía tarjetas
18:49:44 INFO      heyhomes: 9 avisos en 3s
18:49:44 INFO    Barriendo AssetPlan (assetplan)…
18:49:48 DEBUG   La red no quedó en silencio en https://houm.com/cl/arriendo-departamentos-region-metropolitana/vitacura/3-dormitorios; se lee igual
18:49:48 DEBUG   [houm] 28 avisos vía json-ld
18:49:50 DEBUG   [goplaceit] 30 avisos vía json-ld
18:49:55 INFO      assetplan: 0 avisos en 12s
18:49:55 INFO    Barriendo Engel & Völkers (engelvoelkers)…
18:50:01 DEBUG   [toctoc] 110 avisos vía estado-embebido
18:50:03 DEBUG   La red no quedó en silencio en https://houm.com/cl/arriendo-departamento-región-metropolitana/las-condes/170742; se lee igual
18:50:03 DEBUG   [houm] 1 avisos vía estado-embebido
18:50:07 DEBUG   [engelvoelkers] 16 avisos vía tarjetas
18:50:07 INFO      engelvoelkers: 16 avisos en 12s
18:50:07 INFO    Barriendo RE/MAX Chile (remax)…
18:50:13 DEBUG   [toctoc] 110 avisos vía estado-embebido
18:50:15 DEBUG   La red no quedó en silencio en https://houm.com/cl/arriendo-departamento-región-metropolitana/las-condes/175757; se lee igual
18:50:15 DEBUG   [houm] 1 avisos vía estado-embebido
18:50:21 DEBUG   [toctoc] 110 avisos vía estado-embebido
18:50:21 INFO      toctoc: 772 avisos en 71s
18:50:21 INFO    Barriendo Fuenzalida Propiedades (fuenzalida)…
18:50:23 DEBUG   La red no quedó en silencio en https://www.remax.cl/es-cl/busqueda/metropolitana-de-santiago/santiago/vitacura/residencial-departamento/arriendo/; se lee igual
18:50:23 DEBUG   [remax] 6 avisos vía tarjetas
18:50:25 DEBUG   [fuenzalida] 12 avisos vía tarjetas
18:50:28 DEBUG   La red no quedó en silencio en https://houm.com/cl/arriendo-departamento-región-metropolitana/ñuñoa/176912; se lee igual
18:50:28 DEBUG   [houm] 1 avisos vía estado-embebido
18:50:29 DEBUG   [fuenzalida] 20 avisos vía tarjetas
18:50:31 INFO      remax: 6 avisos en 24s
18:50:31 INFO    Barriendo Century 21 Chile (century21)…
18:50:31 INFO      century21: 0 avisos en 1s
18:50:31 INFO    Barriendo Property Partners (propertypartners)…
18:50:32 DEBUG   [fuenzalida] 20 avisos vía tarjetas
18:50:32 INFO      fuenzalida: 52 avisos en 11s
18:50:32 INFO    Barriendo Acceso Inmobiliario (accesoinmobiliario)…
18:50:32 DEBUG   [propertypartners] 1 avisos vía tarjetas
18:50:32 INFO      propertypartners: 1 avisos en 1s
18:50:32 INFO    Barriendo Magnolia Property (magnoliaproperty)…
18:50:33 DEBUG   [magnoliaproperty] 6 avisos vía tarjetas
18:50:33 INFO      magnoliaproperty: 6 avisos en 1s
18:50:33 INFO    Barriendo Portilla Propiedades (portillapropiedades)…
18:50:34 DEBUG   [portillapropiedades] 2 avisos vía tarjetas
18:50:34 INFO      portillapropiedades: 2 avisos en 1s
18:50:34 INFO    Barriendo Nativo Propiedades (nativopropiedades)…
18:50:34 DEBUG   [nativopropiedades] 7 avisos vía tarjetas
18:50:34 INFO      nativopropiedades: 7 avisos en 1s
18:50:34 INFO    Barriendo Enlace Inmobiliario (enlaceinmobiliario)…
18:50:35 WARNING https://www.enlaceinmobiliario.cl/ respondió 403
18:50:35 INFO    [enlaceinmobiliario] https://www.enlaceinmobiliario.cl/ rebotó al GET; se reintenta con navegador
18:50:38 DEBUG   La red no quedó en silencio en https://houm.com/cl/arriendo-departamento-región-metropolitana/ñuñoa/174379; se lee igual
18:50:38 DEBUG   [houm] 1 avisos vía estado-embebido
18:50:39 DEBUG   [accesoinmobiliario] 15 avisos vía tarjetas
18:50:41 INFO      enlaceinmobiliario: 0 avisos en 7s
18:50:41 INFO    Barriendo Rentas.cl (rentas_cl)…
18:50:43 DEBUG   [rentas_cl] 1 avisos vía json-ld
18:50:43 INFO      rentas_cl: 1 avisos en 2s
18:50:43 INFO    Barriendo Arriendos.cl (arriendos_cl)…
18:50:45 INFO      arriendos_cl: 0 avisos en 1s
18:50:45 INFO    Barriendo Propiedades.cl (propiedades_cl)…
18:50:45 DEBUG   [propiedades_cl] 6 avisos vía tarjetas
18:50:45 INFO      propiedades_cl: 6 avisos en 1s
18:50:45 INFO    Barriendo Clasificados.cl (clasificados_cl)…
18:50:48 DEBUG   [clasificados_cl] 1 avisos vía tarjetas
18:50:48 INFO      clasificados_cl: 1 avisos en 3s
18:50:48 DEBUG   [goplaceit] 30 avisos vía json-ld
18:50:49 DEBUG   La red no quedó en silencio en https://houm.com/cl/arriendo-departamento-región-metropolitana/recoleta/176958; se lee igual
18:50:49 DEBUG   [houm] 1 avisos vía estado-embebido
18:50:58 DEBUG   La red no quedó en silencio en https://houm.com/cl/arriendo-departamento-región-metropolitana/recoleta/90462; se lee igual
18:50:58 DEBUG   [houm] 1 avisos vía estado-embebido
18:51:00 DEBUG   [accesoinmobiliario] 1 avisos vía tarjetas
18:51:00 INFO      accesoinmobiliario: 16 avisos en 28s
18:51:08 DEBUG   La red no quedó en silencio en https://houm.com/cl/arriendo-departamento-región-metropolitana/recoleta/177459; se lee igual
18:51:08 DEBUG   [houm] 1 avisos vía estado-embebido
18:51:14 INFO      goplaceit: 90 avisos en 124s
18:51:15 DEBUG   La red no quedó en silencio en https://houm.com/cl/arriendo-departamento-región-metropolitana/independencia/167934; se lee igual
18:51:15 DEBUG   [houm] 1 avisos vía estado-embebido
18:51:15 INFO      houm: 36 avisos en 96s
18:51:15 INFO    Total crudo: 1355 avisos
18:51:16 INFO    Después de deduplicar: 442
18:51:16 DEBUG   Libreta: id 44348 las condes se construyó en 1991 (toctoc)
18:51:16 DEBUG   Libreta: 312 metropolitana juan xxiii 6859 301 se construyó en 1983 (toctoc)
18:51:16 DEBUG   Libreta: arcangel 4990 se construyó en 2007 (toctoc)
18:51:16 DEBUG   Libreta: presidente riesco 3355 se construyó en 1990 (nuroa)
18:51:16 DEBUG   Libreta: fernando de arguello 8399 vitacura chile metropolitana de santiago se construyó en 2012 (mitula)
18:51:16 INFO    Pasaron los filtros: 44
18:51:25 DEBUG   La red no quedó en silencio en https://www.toctoc.com/propiedades/arriendocorredorasr/departamento/vitacura/nueva-costanera-francisco-de-aguirre-plaza-del-ho/4317696; se lee igual
18:51:25 DEBUG   [toctoc] 1 avisos vía estado-embebido
18:51:29 DEBUG   [engelvoelkers] 1 avisos vía json-ld
18:51:29 INFO    Enriquecido y descartado: VJ3BP (arriendo de $2.533.357 sobre el máximo negociable de $1.904.000)
18:51:29 WARNING https://www.bienesonline.cl/es/chile/llanquihue/propiedad/42585-campo-917-ha-valle-cochamo-x-region respondió 404
18:51:37 DEBUG   [toctoc] 1 avisos vía estado-embebido
18:51:42 DEBUG   [toctoc] 1 avisos vía estado-embebido
18:51:54 DEBUG   [toctoc] 1 avisos vía estado-embebido
18:51:54 DEBUG   [chilepropiedades] 2 avisos vía json-ld
18:51:59 DEBUG   [toctoc] 1 avisos vía estado-embebido
18:52:00 DEBUG   [chilepropiedades] 2 avisos vía json-ld
18:52:05 DEBUG   [toctoc] 1 avisos vía estado-embebido
18:52:11 DEBUG   [toctoc] 1 avisos vía estado-embebido
18:52:22 DEBUG   [toctoc] 1 avisos vía estado-embebido
18:52:30 DEBUG   [toctoc] 1 avisos vía estado-embebido
18:52:30 INFO    Enriquecido y descartado: 5ZREX (39 años (construido en 1987), sobre el máximo de 30)
18:52:30 WARNING robots.txt no permite https://www.nuroa.cl/adform/10342-912-5f3d-19e92d3-bae6-98ff4d8aca01-7f27?click_type=0&pos=12&searchType=1&page=1&section=1&t_sec=1&sectionType=1&pageViewId=fdcbede5-04db-4a5b-9236-5282c8b012e7&t_pvid=fdcbede5-04db-4a5b-9236-5282c8b012e7&userAgent=Mozilla%2F5.0+%28compatible%3B+radar-arriendos%2F1.0%3B+uso+personal%2C+busqueda+de+arriendo%3B+%2Bhttps%3A%2F%2Fgithub.com%2Falfonsoandona%2Farriendos-vitacura%29&browser=1&isHuman=true&userIp=20.64.173.179&what=vitacura+departamento&search_terms=vitacura+departamento&origin=1&t_or=1&splitTestId=0 — se omite
18:52:34 INFO    Enriquecido y descartado: SRZBT (arriendo de $2.931.142 sobre el máximo negociable de $1.904.000)
18:52:39 DEBUG   [engelvoelkers] 1 avisos vía json-ld
18:53:02 INFO    Enriquecido y descartado: TH9YK (arriendo de $2.149.504 sobre el máximo negociable de $1.904.000)
18:53:09 INFO    Enriquecido y descartado: B9ABC (arriendo de $1.954.095 sobre el máximo negociable de $1.904.000)
18:53:13 INFO    Enriquecido y descartado: UDCNS (arriendo de $4.611.664 sobre el máximo negociable de $1.904.000)
18:53:28 DEBUG   [engelvoelkers] 1 avisos vía json-ld
18:53:28 INFO    Enriquecido y descartado: N2VSZ (84 m² totales, no llega a más de 100 m²)
18:53:36 DEBUG   [toctoc] 1 avisos vía estado-embebido
18:53:43 DEBUG   [toctoc] 1 avisos vía estado-embebido
18:53:43 WARNING robots.txt no permite https://www.nuroa.cl/adform/10342-912-ee27-1a01d7c-a7bc-2ba3aed54f3e-81d8?click_type=0&pos=8&searchType=1&page=1&section=1&t_sec=1&sectionType=1&pageViewId=fdcbede5-04db-4a5b-9236-5282c8b012e7&t_pvid=fdcbede5-04db-4a5b-9236-5282c8b012e7&userAgent=Mozilla%2F5.0+%28compatible%3B+radar-arriendos%2F1.0%3B+uso+personal%2C+busqueda+de+arriendo%3B+%2Bhttps%3A%2F%2Fgithub.com%2Falfonsoandona%2Farriendos-vitacura%29&browser=1&isHuman=true&userIp=20.64.173.179&what=vitacura+departamento&search_terms=vitacura+departamento&origin=1&t_or=1&splitTestId=0 — se omite
18:53:47 DEBUG   [yapo] 1 avisos vía json-ld
18:53:52 DEBUG   [toctoc] 1 avisos vía tarjetas
18:53:52 DEBUG   Ficha de HTVYV sin candidato propio; no se fusiona
18:53:59 DEBUG   [toctoc] 1 avisos vía estado-embebido
18:54:04 DEBUG   [mitula] 3 avisos vía tarjetas
18:54:04 INFO    Fichas leídas: 44 — 2 ganaron el año, 0 la dirección; 7 se descartaron al verlas (1 por viejos)
18:54:05 INFO    Listo: 0 avisados de 37 candidatos
