01:43:02 INFO    UF = $40.873.77 (API del día)
01:43:02 INFO    Barriendo TocToc (toctoc)…
01:43:02 INFO    Barriendo Chilepropiedades (chilepropiedades)…
01:43:02 INFO    Barriendo GoPlaceIt (goplaceit)…
01:43:02 INFO    Barriendo Yapo (yapo)…
01:43:03 DEBUG   [chilepropiedades] 10 avisos vía tarjetas
01:43:05 DEBUG   [yapo] 30 avisos vía tarjetas
01:43:05 DEBUG   [chilepropiedades] 10 avisos vía tarjetas
01:43:06 DEBUG   [goplaceit] 30 avisos vía json-ld
01:43:07 DEBUG   [yapo] 30 avisos vía tarjetas
01:43:07 DEBUG   [chilepropiedades] 10 avisos vía tarjetas
01:43:07 INFO      chilepropiedades: 30 avisos en 5s
01:43:07 INFO    Barriendo BuscoNido (busconido)…
01:43:08 DEBUG   [busconido] 23 avisos vía tarjetas
01:43:08 INFO      busconido: 23 avisos en 1s
01:43:08 INFO    Barriendo BienesOnline (bienesonline)…
01:43:09 DEBUG   [yapo] 30 avisos vía tarjetas
01:43:09 INFO      yapo: 90 avisos en 7s
01:43:09 INFO    Barriendo Economicos (El Mercurio) (economicos)…
01:43:09 DEBUG   [bienesonline] 18 avisos vía tarjetas
01:43:09 INFO      bienesonline: 18 avisos en 2s
01:43:09 INFO    Barriendo iCasas (icasas)…
01:43:10 WARNING https://www.economicos.cl/search/propiedades/vitacura/arriendo/departamento/0 respondió 403
01:43:10 INFO    [economicos] https://www.economicos.cl/search/propiedades/vitacura/arriendo/departamento/0 rebotó al GET; se reintenta con navegador
01:43:10 DEBUG   [icasas] 15 avisos vía tarjetas
01:43:11 DEBUG   La red no quedó en silencio en https://www.toctoc.com/arriendo/departamento/metropolitana/vitacura/3-dormitorios; se lee igual
01:43:12 DEBUG   [icasas] 15 avisos vía tarjetas
01:43:12 INFO      icasas: 30 avisos en 2s
01:43:12 INFO    Barriendo Doomos (doomos)…
01:43:12 INFO      economicos: 0 avisos en 3s
01:43:12 INFO    Barriendo Top Propiedades (toppropiedades)…
01:43:12 DEBUG   [toctoc] 20 avisos vía json-ld
01:43:14 DEBUG   [doomos] 31 avisos vía tarjetas
01:43:14 INFO      doomos: 31 avisos en 2s
01:43:14 INFO    Barriendo Nuroa (nuroa)…
01:43:15 DEBUG   Encoding detection: ascii is most likely the one.
01:43:16 DEBUG   [nuroa] 25 avisos vía json-ld
01:43:16 DEBUG   [toppropiedades] 1 avisos vía json-ld
01:43:18 DEBUG   [nuroa] 25 avisos vía json-ld
01:43:18 DEBUG   [toppropiedades] 1 avisos vía json-ld
01:43:20 DEBUG   La red no quedó en silencio en https://www.toctoc.com/arriendo/departamento/metropolitana/vitacura/3-dormitorios?pagina=2; se lee igual
01:43:20 DEBUG   [toppropiedades] 1 avisos vía json-ld
01:43:20 DEBUG   [nuroa] 25 avisos vía json-ld
01:43:21 DEBUG   [toctoc] 65 avisos vía json-ld
01:43:22 DEBUG   [toppropiedades] 1 avisos vía json-ld
01:43:22 DEBUG   [nuroa] 25 avisos vía json-ld
01:43:23 INFO      nuroa: 100 avisos en 9s
01:43:23 INFO    Barriendo Mitula (mitula)…
01:43:23 WARNING https://casas.mitula.cl/casas/arriendo-departamentos-vitacura respondió 401
01:43:23 INFO    [mitula] https://casas.mitula.cl/casas/arriendo-departamentos-vitacura rebotó al GET; se reintenta con navegador
01:43:24 DEBUG   [toppropiedades] 1 avisos vía json-ld
01:43:26 INFO      mitula: 0 avisos en 3s
01:43:26 INFO    Barriendo Houm (houm)…
01:43:26 DEBUG   [toppropiedades] 1 avisos vía json-ld
01:43:28 DEBUG   [toppropiedades] 1 avisos vía json-ld
01:43:29 DEBUG   La red no quedó en silencio en https://www.toctoc.com/arriendo/departamento/metropolitana/vitacura/3-dormitorios?pagina=3; se lee igual
01:43:29 DEBUG   [toctoc] 20 avisos vía json-ld
01:43:30 DEBUG   [toppropiedades] 1 avisos vía json-ld
01:43:30 INFO      toppropiedades: 8 avisos en 18s
01:43:30 INFO    Barriendo Hey! Homes (heyhomes)…
01:43:33 DEBUG   [heyhomes] 9 avisos vía tarjetas
01:43:33 INFO      heyhomes: 9 avisos en 3s
01:43:33 INFO    Barriendo Engel & Völkers (engelvoelkers)…
01:43:36 DEBUG   [toctoc] 20 avisos vía json-ld
01:43:36 DEBUG   La red no quedó en silencio en https://houm.com/cl/arriendo-departamentos-region-metropolitana/vitacura/3-dormitorios; se lee igual
01:43:37 DEBUG   [houm] 28 avisos vía json-ld
01:43:40 DEBUG   [engelvoelkers] 15 avisos vía tarjetas
01:43:40 INFO      engelvoelkers: 15 avisos en 8s
01:43:40 INFO    Barriendo RE/MAX Chile (remax)…
01:43:47 DEBUG   [toctoc] 20 avisos vía json-ld
01:43:48 DEBUG   La red no quedó en silencio en https://houm.com/cl/arriendo-departamento-región-metropolitana/las-condes/170742; se lee igual
01:43:48 DEBUG   [houm] 1 avisos vía estado-embebido
01:43:50 DEBUG   [goplaceit] 30 avisos vía json-ld
01:43:52 INFO      remax: 0 avisos en 12s
01:43:52 INFO    Barriendo Fuenzalida Propiedades (fuenzalida)…
01:43:56 DEBUG   [fuenzalida] 16 avisos vía tarjetas
01:43:57 DEBUG   La red no quedó en silencio en https://www.toctoc.com/arriendo/departamento/metropolitana/vitacura/4-dormitorios?pagina=3; se lee igual
01:43:58 DEBUG   [toctoc] 7 avisos vía json-ld
01:43:58 INFO      toctoc: 152 avisos en 55s
01:43:58 INFO    Barriendo Century 21 Chile (century21)…
01:43:59 INFO      century21: 0 avisos en 1s
01:43:59 INFO    Barriendo Property Partners (propertypartners)…
01:43:59 DEBUG   [fuenzalida] 20 avisos vía tarjetas
01:43:59 DEBUG   [propertypartners] 1 avisos vía tarjetas
01:43:59 INFO      propertypartners: 1 avisos en 1s
01:43:59 INFO    Barriendo Acceso Inmobiliario (accesoinmobiliario)…
01:44:00 DEBUG   La red no quedó en silencio en https://houm.com/cl/arriendo-departamento-región-metropolitana/las-condes/175757; se lee igual
01:44:00 DEBUG   [houm] 1 avisos vía estado-embebido
01:44:02 DEBUG   [fuenzalida] 20 avisos vía tarjetas
01:44:02 INFO      fuenzalida: 56 avisos en 9s
01:44:02 INFO    Barriendo Magnolia Property (magnoliaproperty)…
01:44:02 DEBUG   [magnoliaproperty] 6 avisos vía tarjetas
01:44:02 INFO      magnoliaproperty: 6 avisos en 1s
01:44:02 INFO    Barriendo Portilla Propiedades (portillapropiedades)…
01:44:03 DEBUG   [portillapropiedades] 2 avisos vía tarjetas
01:44:03 INFO      portillapropiedades: 2 avisos en 1s
01:44:03 INFO    Barriendo Nativo Propiedades (nativopropiedades)…
01:44:04 DEBUG   [accesoinmobiliario] 16 avisos vía tarjetas
01:44:04 DEBUG   [nativopropiedades] 7 avisos vía tarjetas
01:44:04 INFO      nativopropiedades: 7 avisos en 1s
01:44:04 INFO    Barriendo Enlace Inmobiliario (enlaceinmobiliario)…
01:44:04 WARNING https://www.enlaceinmobiliario.cl/ respondió 403
01:44:04 INFO    [enlaceinmobiliario] https://www.enlaceinmobiliario.cl/ rebotó al GET; se reintenta con navegador
01:44:09 DEBUG   La red no quedó en silencio en https://houm.com/cl/arriendo-departamento-región-metropolitana/ñuñoa/176912; se lee igual
01:44:09 DEBUG   [houm] 1 avisos vía estado-embebido
01:44:13 INFO      enlaceinmobiliario: 0 avisos en 9s
01:44:13 INFO    Barriendo Rentas.cl (rentas_cl)…
01:44:15 DEBUG   [rentas_cl] 1 avisos vía json-ld
01:44:15 INFO      rentas_cl: 1 avisos en 2s
01:44:15 INFO    Barriendo Arriendos.cl (arriendos_cl)…
01:44:17 DEBUG   [accesoinmobiliario] 1 avisos vía tarjetas
01:44:17 INFO      arriendos_cl: 0 avisos en 1s
01:44:17 INFO    Barriendo Propiedades.cl (propiedades_cl)…
01:44:17 DEBUG   [propiedades_cl] 6 avisos vía tarjetas
01:44:17 INFO      propiedades_cl: 6 avisos en 1s
01:44:17 INFO    Barriendo Clasificados.cl (clasificados_cl)…
01:44:20 DEBUG   [clasificados_cl] 1 avisos vía tarjetas
01:44:20 INFO      clasificados_cl: 1 avisos en 3s
01:44:20 DEBUG   La red no quedó en silencio en https://houm.com/cl/arriendo-departamento-región-metropolitana/ñuñoa/174379; se lee igual
01:44:21 DEBUG   [houm] 1 avisos vía estado-embebido
01:44:23 DEBUG   [accesoinmobiliario] 1 avisos vía tarjetas
01:44:28 DEBUG   La red no quedó en silencio en https://houm.com/cl/arriendo-departamento-región-metropolitana/recoleta/178185; se lee igual
01:44:28 DEBUG   [houm] 1 avisos vía estado-embebido
01:44:30 DEBUG   [accesoinmobiliario] 1 avisos vía tarjetas
01:44:34 INFO      accesoinmobiliario: 19 avisos en 35s
01:44:37 DEBUG   [goplaceit] 30 avisos vía json-ld
01:44:37 DEBUG   La red no quedó en silencio en https://houm.com/cl/arriendo-departamento-región-metropolitana/las-condes/177842; se lee igual
01:44:37 DEBUG   [houm] 1 avisos vía estado-embebido
01:44:45 DEBUG   La red no quedó en silencio en https://houm.com/cl/arriendo-departamento-región-metropolitana/recoleta/176958; se lee igual
01:44:45 DEBUG   [houm] 1 avisos vía estado-embebido
01:44:52 DEBUG   La red no quedó en silencio en https://houm.com/cl/arriendo-departamento-región-metropolitana/recoleta/90462; se lee igual
01:44:53 DEBUG   [houm] 1 avisos vía estado-embebido
01:44:53 INFO      houm: 36 avisos en 87s
01:44:59 INFO      goplaceit: 90 avisos en 117s
01:44:59 INFO    Total crudo: 731 avisos
01:44:59 INFO    Después de deduplicar: 425
01:45:00 INFO    Pasaron los filtros: 69
01:45:43 DEBUG   [doomos] 18 avisos vía tarjetas
01:45:43 DEBUG   Ficha de YVT22 sin candidato propio; no se fusiona
01:45:43 DEBUG   Ficha de HW5MX sin candidato propio; no se fusiona
01:45:45 DEBUG   [doomos] 27 avisos vía tarjetas
01:45:45 DEBUG   Ficha de U44VT sin candidato propio; no se fusiona
01:45:47 DEBUG   [doomos] 27 avisos vía tarjetas
01:45:47 DEBUG   Ficha de 2HWEW sin candidato propio; no se fusiona
01:45:49 DEBUG   [doomos] 27 avisos vía tarjetas
01:45:49 DEBUG   Ficha de ZWNAN sin candidato propio; no se fusiona
01:45:55 DEBUG   Pin del mapa para CPVTA: -33.39273, -70.55917
01:45:55 DEBUG   [toctoc] 1 avisos vía estado-embebido
01:45:55 INFO    Enriquecido y descartado: THCTF (arriendo de $2.493.300 sobre el máximo negociable de $1.904.000)
01:46:01 DEBUG   [toctoc] 1 avisos vía estado-embebido
01:46:01 DEBUG   [busconido] 10 avisos vía tarjetas
01:46:01 DEBUG   Ficha de G3TB7 sin candidato propio; no se fusiona
01:46:03 DEBUG   [busconido] 11 avisos vía tarjetas
01:46:03 DEBUG   Ficha de KFNP8 sin candidato propio; no se fusiona
01:46:05 DEBUG   [busconido] 11 avisos vía tarjetas
01:46:05 DEBUG   Ficha de SNSSE sin candidato propio; no se fusiona
01:46:12 DEBUG   Pin del mapa para GDEV4: -33.40522, -70.59529
01:46:12 DEBUG   [toctoc] 1 avisos vía estado-embebido
01:46:12 INFO    Enriquecido y descartado: URZMS (arriendo de $3.600.000 sobre el máximo negociable de $1.904.000)
01:46:18 DEBUG   Pin del mapa para VB9ST: -33.38575, -70.56115
01:46:18 DEBUG   [toctoc] 1 avisos vía estado-embebido
01:46:18 INFO    Enriquecido y descartado: VZXBC (arriendo de $3.474.270 sobre el máximo negociable de $1.904.000)
01:46:23 DEBUG   Pin del mapa para MVQQV: -33.40571, -70.59718
01:46:23 DEBUG   [toctoc] 1 avisos vía estado-embebido
01:46:23 INFO    Enriquecido y descartado: DZCSP (arriendo de $3.269.902 sobre el máximo negociable de $1.904.000)
01:46:30 DEBUG   Pin del mapa para V5UYC: -33.39926, -70.59316
01:46:30 DEBUG   [toctoc] 1 avisos vía estado-embebido
01:46:30 INFO    Enriquecido y descartado: 8BFJD (arriendo de $4.700.484 sobre el máximo negociable de $1.904.000)
01:46:35 DEBUG   Pin del mapa para 9YQR3: -33.37213, -70.54192
01:46:35 DEBUG   [toctoc] 1 avisos vía estado-embebido
01:46:35 INFO    Enriquecido y descartado: E9R23 (arriendo de $4.496.115 sobre el máximo negociable de $1.904.000)
01:46:43 DEBUG   La red no quedó en silencio en https://www.toctoc.com/arriendo/departamento/metropolitana/vitacura/b_40eebbc34fc5cea0e96afef7a202dc66ed8880a7; se lee igual
01:46:43 DEBUG   Pin del mapa para HCBT4: -33.40571, -70.59352
01:46:43 DEBUG   [toctoc] 1 avisos vía estado-embebido
01:46:43 INFO    Enriquecido y descartado: XGTG5 (45 años (construido en 1981), sobre el máximo de 30)
01:46:49 DEBUG   Pin del mapa para D2GPN: -33.39031, -70.59455
01:46:49 DEBUG   [toctoc] 1 avisos vía estado-embebido
01:46:49 INFO    Enriquecido y descartado: YNANX (arriendo de $3.269.902 sobre el máximo negociable de $1.904.000)
01:46:55 DEBUG   La red no quedó en silencio en https://www.toctoc.com/arriendo/departamento/metropolitana/vitacura/b_91921cebd4ad898bdf6cd9a4785da97c43b7329e; se lee igual
01:46:56 DEBUG   Pin del mapa para X3YFD: -33.40596, -70.59695
01:46:56 DEBUG   [toctoc] 1 avisos vía estado-embebido
01:46:56 INFO    Enriquecido y descartado: B5SVA (arriendo de $3.269.902 sobre el máximo negociable de $1.904.000)
01:46:56 DEBUG   [busconido] 11 avisos vía tarjetas
01:46:56 DEBUG   Ficha de TBZHC sin candidato propio; no se fusiona
01:47:01 DEBUG   Pin del mapa para JS3C5: -33.37683, -70.54385
01:47:01 DEBUG   [toctoc] 1 avisos vía estado-embebido
01:47:01 INFO    Enriquecido y descartado: 4JZ9G (arriendo de $1.961.941 sobre el máximo negociable de $1.904.000)
01:47:08 DEBUG   [toctoc] 1 avisos vía estado-embebido
01:47:08 INFO    Enriquecido y descartado: XYCGS (arriendo de $2.411.552 sobre el máximo negociable de $1.904.000)
01:47:08 DEBUG   [busconido] 11 avisos vía tarjetas
01:47:08 DEBUG   Ficha de PMUN4 sin candidato propio; no se fusiona
01:47:10 DEBUG   [busconido] 11 avisos vía tarjetas
01:47:10 DEBUG   Ficha de H6FN7 sin candidato propio; no se fusiona
01:47:12 DEBUG   [doomos] 18 avisos vía tarjetas
01:47:12 DEBUG   Ficha de J5JN4 sin candidato propio; no se fusiona
01:47:17 DEBUG   [toctoc] 1 avisos vía estado-embebido
01:47:22 DEBUG   [doomos] 27 avisos vía tarjetas
01:47:22 DEBUG   Ficha de P8XMT sin candidato propio; no se fusiona
01:47:26 DEBUG   [engelvoelkers] 1 avisos vía json-ld
01:47:32 DEBUG   [toctoc] 1 avisos vía estado-embebido
01:47:37 DEBUG   [toctoc] 1 avisos vía estado-embebido
01:47:47 DEBUG   [toctoc] 1 avisos vía estado-embebido
01:47:47 DEBUG   [chilepropiedades] 2 avisos vía json-ld
01:47:52 DEBUG   [toctoc] 1 avisos vía estado-embebido
01:47:57 DEBUG   [toctoc] 1 avisos vía estado-embebido
01:48:02 DEBUG   [toctoc] 1 avisos vía estado-embebido
01:48:02 INFO    Enriquecido y descartado: 2VPS4 (arriendo de $4.005.629 sobre el máximo negociable de $1.904.000)
01:48:07 DEBUG   [toctoc] 1 avisos vía estado-embebido
01:48:07 INFO    Enriquecido y descartado: QKSRR (arriendo de $3.474.270 sobre el máximo negociable de $1.904.000)
01:48:11 INFO    Enriquecido y descartado: 75BRH (arriendo de $2.931.142 sobre el máximo negociable de $1.904.000)
01:48:33 INFO    Enriquecido y descartado: 75BRH (arriendo de $2.149.504 sobre el máximo negociable de $1.904.000)
01:48:40 INFO    Enriquecido y descartado: 75BRH (arriendo de $1.954.095 sobre el máximo negociable de $1.904.000)
01:48:51 DEBUG   [toctoc] 1 avisos vía estado-embebido
01:48:51 INFO    Enriquecido y descartado: 8UTV5 (arriendo de $2.452.426 sobre el máximo negociable de $1.904.000)
01:49:04 DEBUG   [toctoc] 1 avisos vía estado-embebido
01:49:11 DEBUG   [toctoc] 1 avisos vía estado-embebido
01:49:11 INFO    Enriquecido y descartado: 4V73Z (arriendo de $4.700.484 sobre el máximo negociable de $1.904.000)
01:49:17 DEBUG   [toctoc] 1 avisos vía estado-embebido
01:49:17 INFO    Enriquecido y descartado: ZDZSQ (arriendo de $2.248.057 sobre el máximo negociable de $1.904.000)
01:49:23 DEBUG   [toctoc] 1 avisos vía estado-embebido
01:49:23 INFO    Enriquecido y descartado: 8YSPF (arriendo de $4.500.000 sobre el máximo negociable de $1.904.000)
01:49:28 DEBUG   [toctoc] 1 avisos vía estado-embebido
01:49:29 INFO    Enriquecido y descartado: 3N59D (arriendo de $3.065.533 sobre el máximo negociable de $1.904.000)
01:49:35 DEBUG   [toctoc] 1 avisos vía estado-embebido
01:49:35 INFO    Enriquecido y descartado: 4W5ZG (arriendo de $3.596.892 sobre el máximo negociable de $1.904.000)
01:49:43 DEBUG   [toctoc] 1 avisos vía estado-embebido
01:49:43 INFO    Enriquecido y descartado: 9JAPA (arriendo de $2.452.426 sobre el máximo negociable de $1.904.000)
01:49:48 DEBUG   [toctoc] 1 avisos vía estado-embebido
01:49:54 DEBUG   [toctoc] 1 avisos vía estado-embebido
01:50:01 DEBUG   La red no quedó en silencio en https://www.toctoc.com/arriendo/departamento/metropolitana/vitacura/o_8e1fe6e00d197403a401ae5bbd160793bac49116; se lee igual
01:50:01 DEBUG   [toctoc] 1 avisos vía estado-embebido
01:50:07 DEBUG   [toctoc] 1 avisos vía estado-embebido
01:50:12 DEBUG   [toctoc] 1 avisos vía estado-embebido
01:50:17 DEBUG   [toctoc] 1 avisos vía estado-embebido
01:50:21 INFO    Enriquecido y descartado: 75BRH (arriendo de $4.299.009 sobre el máximo negociable de $1.904.000)
01:50:33 DEBUG   La red no quedó en silencio en https://www.toctoc.com/arriendo/departamento/metropolitana/vitacura/b_a980d8085ff1b8a8ad39918e8343fc77f14f4e9d; se lee igual
01:50:33 DEBUG   [toctoc] 1 avisos vía estado-embebido
01:50:33 INFO    Fichas leídas: 69 — 5 ganaron el año, 10 la dirección; 24 se descartaron al verlas (1 por viejos)
01:50:33 INFO    Listo: 0 avisados de 45 candidatos
