18:11:39 INFO    UF = $41.122.74 (API del día)
18:11:39 INFO    Barriendo TocToc (toctoc)…
18:11:39 INFO    Barriendo Chilepropiedades (chilepropiedades)…
18:11:39 INFO    Barriendo GoPlaceIt (goplaceit)…
18:11:39 INFO    Barriendo Yapo (yapo)…
18:11:40 WARNING https://www.yapo.cl/bienes-raices-alquiler-apartamentos/region-metropolitana-vitacura respondió 403
18:11:40 INFO    [yapo] https://www.yapo.cl/bienes-raices-alquiler-apartamentos/region-metropolitana-vitacura rebotó al GET; se reintenta con navegador
18:11:40 DEBUG   [chilepropiedades] 10 avisos vía tarjetas
18:11:42 DEBUG   [chilepropiedades] 10 avisos vía tarjetas
18:11:42 DEBUG   [goplaceit] 30 avisos vía json-ld
18:11:44 DEBUG   [chilepropiedades] 10 avisos vía tarjetas
18:11:44 INFO      chilepropiedades: 30 avisos en 5s
18:11:44 INFO    Barriendo BuscoNido (busconido)…
18:11:44 DEBUG   [busconido] 23 avisos vía tarjetas
18:11:44 INFO      busconido: 23 avisos en 1s
18:11:44 INFO    Barriendo BienesOnline (bienesonline)…
18:11:45 DEBUG   [bienesonline] 13 avisos vía tarjetas
18:11:45 INFO      bienesonline: 13 avisos en 1s
18:11:45 INFO    Barriendo Economicos (El Mercurio) (economicos)…
18:11:46 WARNING https://www.economicos.cl/search/propiedades/vitacura/arriendo/departamento/0 respondió 403
18:11:46 INFO    [economicos] https://www.economicos.cl/search/propiedades/vitacura/arriendo/departamento/0 rebotó al GET; se reintenta con navegador
18:11:46 DEBUG   La red no quedó en silencio en https://www.yapo.cl/bienes-raices-alquiler-apartamentos/region-metropolitana-vitacura; se lee igual
18:11:46 INFO      yapo: 0 avisos en 7s
18:11:46 INFO    Barriendo iCasas (icasas)…
18:11:47 DEBUG   [icasas] 15 avisos vía tarjetas
18:11:48 DEBUG   [toctoc] 20 avisos vía json-ld
18:11:49 DEBUG   [icasas] 15 avisos vía tarjetas
18:11:49 INFO      icasas: 30 avisos en 3s
18:11:49 INFO    Barriendo Doomos (doomos)…
18:11:49 INFO      economicos: 0 avisos en 4s
18:11:49 INFO    Barriendo Top Propiedades (toppropiedades)…
18:11:53 DEBUG   [toppropiedades] 1 avisos vía json-ld
18:11:55 DEBUG   [toppropiedades] 1 avisos vía json-ld
18:11:55 DEBUG   [toctoc] 20 avisos vía json-ld
18:11:57 DEBUG   [toppropiedades] 1 avisos vía json-ld
18:11:59 DEBUG   [toppropiedades] 1 avisos vía json-ld
18:12:01 DEBUG   [toppropiedades] 1 avisos vía json-ld
18:12:01 DEBUG   [toctoc] 17 avisos vía json-ld
18:12:03 DEBUG   [toppropiedades] 1 avisos vía json-ld
18:12:05 DEBUG   [toppropiedades] 1 avisos vía json-ld
18:12:07 DEBUG   [toppropiedades] 1 avisos vía json-ld
18:12:07 INFO      toppropiedades: 8 avisos en 18s
18:12:07 INFO    Barriendo Nuroa (nuroa)…
18:12:07 DEBUG   [toctoc] 20 avisos vía json-ld
18:12:08 DEBUG   Encoding detection: ascii is most likely the one.
18:12:09 DEBUG   [nuroa] 25 avisos vía json-ld
18:12:10 DEBUG   [nuroa] 25 avisos vía json-ld
18:12:12 DEBUG   [nuroa] 25 avisos vía json-ld
18:12:13 DEBUG   [goplaceit] 30 avisos vía json-ld
18:12:14 DEBUG   [nuroa] 25 avisos vía json-ld
18:12:15 INFO      nuroa: 100 avisos en 8s
18:12:15 INFO    Barriendo Mitula (mitula)…
18:12:15 DEBUG   [toctoc] 13 avisos vía json-ld
18:12:16 DEBUG   [mitula] 30 avisos vía json-ld
18:12:18 DEBUG   [mitula] 30 avisos vía json-ld
18:12:19 INFO      mitula: 60 avisos en 4s
18:12:19 INFO    Barriendo Houm (houm)…
18:12:19 WARNING Error en https://www.doomos.cl/departamentos-vitacura-arriendo (intento 1/3): HTTPSConnectionPool(host='www.doomos.cl', port=443): Read timed out. (read timeout=20)
18:12:21 DEBUG   La red no quedó en silencio en https://www.toctoc.com/arriendo/departamento/metropolitana/vitacura/4-dormitorios?pagina=3; se lee igual
18:12:22 DEBUG   [toctoc] 20 avisos vía json-ld
18:12:22 INFO      toctoc: 110 avisos en 43s
18:12:22 INFO    Barriendo Hey! Homes (heyhomes)…
18:12:24 DEBUG   [heyhomes] 9 avisos vía tarjetas
18:12:24 INFO      heyhomes: 9 avisos en 2s
18:12:24 INFO    Barriendo Engel & Völkers (engelvoelkers)…
18:12:29 DEBUG   La red no quedó en silencio en https://houm.com/cl/arriendo-departamentos-region-metropolitana/vitacura/3-dormitorios; se lee igual
18:12:29 DEBUG   [houm] 28 avisos vía json-ld
18:12:30 DEBUG   [engelvoelkers] 17 avisos vía tarjetas
18:12:30 INFO      engelvoelkers: 17 avisos en 6s
18:12:30 INFO    Barriendo RE/MAX Chile (remax)…
18:12:37 INFO      remax: 0 avisos en 7s
18:12:37 INFO    Barriendo Fuenzalida Propiedades (fuenzalida)…
18:12:37 DEBUG   La red no quedó en silencio en https://houm.com/cl/arriendo-departamento-región-metropolitana/las-condes/170742; se lee igual
18:12:37 DEBUG   [houm] 1 avisos vía estado-embebido
18:12:39 DEBUG   [fuenzalida] 16 avisos vía tarjetas
18:12:41 DEBUG   [fuenzalida] 20 avisos vía tarjetas
18:12:41 WARNING Error en https://www.doomos.cl/departamentos-vitacura-arriendo (intento 2/3): HTTPSConnectionPool(host='www.doomos.cl', port=443): Read timed out. (read timeout=20)
18:12:43 DEBUG   [fuenzalida] 20 avisos vía tarjetas
18:12:43 INFO      fuenzalida: 56 avisos en 6s
18:12:43 INFO    Barriendo Century 21 Chile (century21)…
18:12:44 INFO      century21: 0 avisos en 1s
18:12:44 INFO    Barriendo Property Partners (propertypartners)…
18:12:44 DEBUG   La red no quedó en silencio en https://houm.com/cl/arriendo-departamento-región-metropolitana/providencia/181498; se lee igual
18:12:44 DEBUG   [houm] 1 avisos vía estado-embebido
18:12:44 DEBUG   [propertypartners] 1 avisos vía tarjetas
18:12:44 INFO      propertypartners: 1 avisos en 0s
18:12:44 INFO    Barriendo Acceso Inmobiliario (accesoinmobiliario)…
18:12:50 DEBUG   [accesoinmobiliario] 14 avisos vía tarjetas
18:12:51 DEBUG   La red no quedó en silencio en https://houm.com/cl/arriendo-departamento-región-metropolitana/lo-barnechea/74201; se lee igual
18:12:51 DEBUG   [houm] 1 avisos vía estado-embebido
18:12:53 DEBUG   [goplaceit] 30 avisos vía json-ld
18:13:00 DEBUG   La red no quedó en silencio en https://houm.com/cl/arriendo-departamento-región-metropolitana/recoleta/178185; se lee igual
18:13:00 DEBUG   [houm] 1 avisos vía estado-embebido
18:13:02 DEBUG   [doomos] 32 avisos vía tarjetas
18:13:02 INFO      doomos: 32 avisos en 73s
18:13:02 INFO    Barriendo Magnolia Property (magnoliaproperty)…
18:13:03 DEBUG   [magnoliaproperty] 8 avisos vía tarjetas
18:13:03 INFO      magnoliaproperty: 8 avisos en 1s
18:13:03 INFO    Barriendo Portilla Propiedades (portillapropiedades)…
18:13:03 DEBUG   [portillapropiedades] 2 avisos vía tarjetas
18:13:03 INFO      portillapropiedades: 2 avisos en 1s
18:13:03 INFO    Barriendo Nativo Propiedades (nativopropiedades)…
18:13:04 DEBUG   [nativopropiedades] 10 avisos vía tarjetas
18:13:04 INFO      nativopropiedades: 10 avisos en 1s
18:13:04 INFO    Barriendo Enlace Inmobiliario (enlaceinmobiliario)…
18:13:04 WARNING https://www.enlaceinmobiliario.cl/ respondió 403
18:13:04 INFO    [enlaceinmobiliario] https://www.enlaceinmobiliario.cl/ rebotó al GET; se reintenta con navegador
18:13:09 DEBUG   La red no quedó en silencio en https://houm.com/cl/arriendo-departamento-región-metropolitana/recoleta/176207; se lee igual
18:13:09 DEBUG   [houm] 1 avisos vía estado-embebido
18:13:09 INFO      enlaceinmobiliario: 0 avisos en 5s
18:13:09 INFO    Barriendo Rentas.cl (rentas_cl)…
18:13:11 DEBUG   [rentas_cl] 1 avisos vía json-ld
18:13:11 INFO      rentas_cl: 1 avisos en 2s
18:13:11 INFO    Barriendo Arriendos.cl (arriendos_cl)…
18:13:12 DEBUG   [arriendos_cl] 3 avisos vía tarjetas
18:13:12 INFO      arriendos_cl: 3 avisos en 1s
18:13:12 INFO    Barriendo Propiedades.cl (propiedades_cl)…
18:13:13 DEBUG   [propiedades_cl] 6 avisos vía tarjetas
18:13:13 INFO      propiedades_cl: 6 avisos en 1s
18:13:13 INFO    Barriendo Clasificados.cl (clasificados_cl)…
18:13:14 DEBUG   [clasificados_cl] 1 avisos vía tarjetas
18:13:14 INFO      clasificados_cl: 1 avisos en 1s
18:13:18 DEBUG   La red no quedó en silencio en https://houm.com/cl/arriendo-departamento-región-metropolitana/las-condes/177842; se lee igual
18:13:19 DEBUG   [houm] 1 avisos vía estado-embebido
18:13:22 DEBUG   [accesoinmobiliario] 1 avisos vía tarjetas
18:13:28 DEBUG   La red no quedó en silencio en https://houm.com/cl/arriendo-departamento-región-metropolitana/recoleta/176958; se lee igual
18:13:28 DEBUG   [houm] 1 avisos vía estado-embebido
18:13:29 DEBUG   La red no quedó en silencio en https://www.goplaceit.com/cl/propiedad/arriendo/departamento/vitacura/12199848-arrienda-penhouse-vista-panoramica-canchas-de-golf-club-de-polo?&prev=perfil-comuna; se lee igual
18:13:31 DEBUG   [accesoinmobiliario] 1 avisos vía tarjetas
18:13:35 INFO      goplaceit: 90 avisos en 115s
18:13:36 DEBUG   La red no quedó en silencio en https://houm.com/cl/arriendo-departamento-región-metropolitana/recoleta/90462; se lee igual
18:13:36 DEBUG   [houm] 1 avisos vía estado-embebido
18:13:36 INFO      houm: 36 avisos en 78s
18:13:37 DEBUG   [accesoinmobiliario] 1 avisos vía tarjetas
18:13:39 DEBUG   [accesoinmobiliario] 1 avisos vía tarjetas
18:13:41 DEBUG   [accesoinmobiliario] 1 avisos vía tarjetas
18:13:41 INFO      accesoinmobiliario: 19 avisos en 57s
18:13:41 INFO    Total crudo: 665 avisos
18:13:42 INFO    Después de deduplicar: 499
18:13:42 DEBUG   Libreta: vecinal 1636 se construyó en 2026 (accesoinmobiliario)
18:13:42 INFO    Libreta: matucana 1161 en disputa (accesoinmobiliario dice 2026, accesoinmobiliario decía 2023); se anula
18:13:42 DEBUG   Libreta: santa victoria 562 se construyó en 2026 (accesoinmobiliario)
18:13:42 DEBUG   Libreta: toro mazotte 110 se construyó en 2016 (accesoinmobiliario)
18:13:42 INFO    Pasaron los filtros: 63
18:14:21 WARNING Error en https://www.doomos.cl/de/1465886_arriendo-departamento-en-av-kennedy-vitacura.html (intento 1/3): HTTPSConnectionPool(host='www.doomos.cl', port=443): Read timed out. (read timeout=20)
18:14:43 WARNING Error en https://www.doomos.cl/de/1465886_arriendo-departamento-en-av-kennedy-vitacura.html (intento 2/3): HTTPSConnectionPool(host='www.doomos.cl', port=443): Read timed out. (read timeout=20)
18:15:07 WARNING Error en https://www.doomos.cl/de/1465886_arriendo-departamento-en-av-kennedy-vitacura.html (intento 3/3): HTTPSConnectionPool(host='www.doomos.cl', port=443): Read timed out. (read timeout=20)
18:15:08 DEBUG   Ficha de HW5MX sin candidato propio; no se fusiona
18:15:29 WARNING Error en https://www.doomos.cl/de/2168986_lindo-y-acogedor-depto-vista-despejada-vitacura.html (intento 1/3): HTTPSConnectionPool(host='www.doomos.cl', port=443): Read timed out. (read timeout=20)
18:15:51 WARNING Error en https://www.doomos.cl/de/2168986_lindo-y-acogedor-depto-vista-despejada-vitacura.html (intento 2/3): HTTPSConnectionPool(host='www.doomos.cl', port=443): Read timed out. (read timeout=20)
18:16:15 WARNING Error en https://www.doomos.cl/de/2168986_lindo-y-acogedor-depto-vista-despejada-vitacura.html (intento 3/3): HTTPSConnectionPool(host='www.doomos.cl', port=443): Read timed out. (read timeout=20)
18:16:35 WARNING Error en https://www.doomos.cl/de/1379469_vitacura-depto-amoblado-3-dorm-2-banos-ser-y-estar.html (intento 1/3): HTTPSConnectionPool(host='www.doomos.cl', port=443): Read timed out. (read timeout=20)
18:16:57 WARNING Error en https://www.doomos.cl/de/1379469_vitacura-depto-amoblado-3-dorm-2-banos-ser-y-estar.html (intento 2/3): HTTPSConnectionPool(host='www.doomos.cl', port=443): Read timed out. (read timeout=20)
18:17:21 WARNING Error en https://www.doomos.cl/de/1379469_vitacura-depto-amoblado-3-dorm-2-banos-ser-y-estar.html (intento 3/3): HTTPSConnectionPool(host='www.doomos.cl', port=443): Read timed out. (read timeout=20)
18:17:41 WARNING Error en https://www.doomos.cl/de/1379469_vitacura-depto-amoblado-3-dorm-2-banos-ser-y-estar.html (intento 1/3): HTTPSConnectionPool(host='www.doomos.cl', port=443): Read timed out. (read timeout=20)
18:18:03 WARNING Error en https://www.doomos.cl/de/1379469_vitacura-depto-amoblado-3-dorm-2-banos-ser-y-estar.html (intento 2/3): HTTPSConnectionPool(host='www.doomos.cl', port=443): Read timed out. (read timeout=20)
18:18:28 WARNING Error en https://www.doomos.cl/de/1379469_vitacura-depto-amoblado-3-dorm-2-banos-ser-y-estar.html (intento 3/3): HTTPSConnectionPool(host='www.doomos.cl', port=443): Read timed out. (read timeout=20)
18:18:48 WARNING Error en https://www.doomos.cl/de/3060819_arriendo-departamento-2hab-2ba-vitacura.html (intento 1/3): HTTPSConnectionPool(host='www.doomos.cl', port=443): Read timed out. (read timeout=20)
18:19:10 WARNING Error en https://www.doomos.cl/de/3060819_arriendo-departamento-2hab-2ba-vitacura.html (intento 2/3): HTTPSConnectionPool(host='www.doomos.cl', port=443): Read timed out. (read timeout=20)
18:19:34 WARNING Error en https://www.doomos.cl/de/3060819_arriendo-departamento-2hab-2ba-vitacura.html (intento 3/3): HTTPSConnectionPool(host='www.doomos.cl', port=443): Read timed out. (read timeout=20)
18:19:54 WARNING Error en https://www.doomos.cl/de/2168989_estupendo-depto-excelente-ubicacion-vitacura.html (intento 1/3): HTTPSConnectionPool(host='www.doomos.cl', port=443): Read timed out. (read timeout=20)
18:20:16 WARNING Error en https://www.doomos.cl/de/2168989_estupendo-depto-excelente-ubicacion-vitacura.html (intento 2/3): HTTPSConnectionPool(host='www.doomos.cl', port=443): Read timed out. (read timeout=20)
18:20:40 WARNING Error en https://www.doomos.cl/de/2168989_estupendo-depto-excelente-ubicacion-vitacura.html (intento 3/3): HTTPSConnectionPool(host='www.doomos.cl', port=443): Read timed out. (read timeout=20)
18:20:45 DEBUG   [toctoc] 1 avisos vía estado-embebido
18:20:46 DEBUG   [busconido] 11 avisos vía tarjetas
18:20:46 DEBUG   Ficha de XF8YT sin candidato propio; no se fusiona
18:20:51 DEBUG   [toctoc] 1 avisos vía estado-embebido
18:20:51 DEBUG   [busconido] 11 avisos vía tarjetas
18:20:51 DEBUG   Ficha de TRUK6 sin candidato propio; no se fusiona
18:21:11 WARNING Error en https://www.doomos.cl/de/3070749_arriendo-departamento-3hab-3ba-vitacura.html (intento 1/3): HTTPSConnectionPool(host='www.doomos.cl', port=443): Read timed out. (read timeout=20)
18:21:33 WARNING Error en https://www.doomos.cl/de/3070749_arriendo-departamento-3hab-3ba-vitacura.html (intento 2/3): HTTPSConnectionPool(host='www.doomos.cl', port=443): Read timed out. (read timeout=20)
18:21:57 WARNING Error en https://www.doomos.cl/de/3070749_arriendo-departamento-3hab-3ba-vitacura.html (intento 3/3): HTTPSConnectionPool(host='www.doomos.cl', port=443): Read timed out. (read timeout=20)
18:22:02 DEBUG   [engelvoelkers] 1 avisos vía json-ld
18:22:03 DEBUG   [busconido] 10 avisos vía tarjetas
18:22:03 DEBUG   Ficha de NDNQ5 sin candidato propio; no se fusiona
18:22:04 DEBUG   [busconido] 10 avisos vía tarjetas
18:22:04 DEBUG   Ficha de 86J52 sin candidato propio; no se fusiona
18:22:06 DEBUG   [busconido] 10 avisos vía tarjetas
18:22:06 DEBUG   Ficha de NQ2WW sin candidato propio; no se fusiona
18:22:08 DEBUG   [busconido] 10 avisos vía tarjetas
18:22:08 DEBUG   Ficha de JUQ7R sin candidato propio; no se fusiona
18:22:10 DEBUG   [busconido] 11 avisos vía tarjetas
18:22:10 DEBUG   Ficha de 2NXG9 sin candidato propio; no se fusiona
18:22:12 DEBUG   [busconido] 11 avisos vía tarjetas
18:22:12 DEBUG   Ficha de CSK9N sin candidato propio; no se fusiona
18:22:16 INFO    Enriquecido y descartado: YAVJA (arriendo de $3.517.371 sobre el máximo negociable de $1.904.000)
18:22:27 INFO    Enriquecido y descartado: CC2AY (arriendo de $2.032.258 sobre el máximo negociable de $1.904.000)
18:22:28 DEBUG   [busconido] 11 avisos vía tarjetas
18:22:28 DEBUG   Ficha de 75TZH sin candidato propio; no se fusiona
18:22:28 DEBUG   Ficha de HMZCQ sin candidato propio; no se fusiona
18:22:48 WARNING Error en https://www.doomos.cl/de/1465886_arriendo-departamento-en-av-kennedy-vitacura.html (intento 1/3): HTTPSConnectionPool(host='www.doomos.cl', port=443): Read timed out. (read timeout=20)
18:23:10 WARNING Error en https://www.doomos.cl/de/1465886_arriendo-departamento-en-av-kennedy-vitacura.html (intento 2/3): HTTPSConnectionPool(host='www.doomos.cl', port=443): Read timed out. (read timeout=20)
18:23:35 WARNING Error en https://www.doomos.cl/de/1465886_arriendo-departamento-en-av-kennedy-vitacura.html (intento 3/3): HTTPSConnectionPool(host='www.doomos.cl', port=443): Read timed out. (read timeout=20)
18:23:35 WARNING robots.txt no permite https://www.nuroa.cl/adform/10342-912-101d5-1a0ff48-a45a-2e1434470692-7ad1?click_type=0&pos=3&searchType=1&page=2&section=1&t_sec=1&sectionType=1&pageViewId=4ff914c0-489d-41c0-9081-f2ec29aad6f2&t_pvid=4ff914c0-489d-41c0-9081-f2ec29aad6f2&userAgent=Mozilla%2F5.0+%28compatible%3B+radar-arriendos%2F1.0%3B+uso+personal%2C+busqueda+de+arriendo%3B+%2Bhttps%3A%2F%2Fgithub.com%2Falfonsoandona%2Farriendos-vitacura%29&browser=1&isHuman=true&userIp=57.154.4.36&what=vitacura+departamento&search_terms=vitacura+departamento&origin=1&t_or=1&splitTestId=0 — se omite
18:23:40 DEBUG   [toctoc] 1 avisos vía estado-embebido
18:23:49 DEBUG   [toctoc] 1 avisos vía estado-embebido
18:23:56 DEBUG   [engelvoelkers] 1 avisos vía json-ld
18:24:16 WARNING Error en https://www.doomos.cl/de/2168989_estupendo-depto-excelente-ubicacion-vitacura.html (intento 1/3): HTTPSConnectionPool(host='www.doomos.cl', port=443): Read timed out. (read timeout=20)
18:24:38 WARNING Error en https://www.doomos.cl/de/2168989_estupendo-depto-excelente-ubicacion-vitacura.html (intento 2/3): HTTPSConnectionPool(host='www.doomos.cl', port=443): Read timed out. (read timeout=20)
18:25:02 WARNING Error en https://www.doomos.cl/de/2168989_estupendo-depto-excelente-ubicacion-vitacura.html (intento 3/3): HTTPSConnectionPool(host='www.doomos.cl', port=443): Read timed out. (read timeout=20)
18:25:08 DEBUG   [toctoc] 1 avisos vía estado-embebido
18:25:13 DEBUG   [toctoc] 1 avisos vía estado-embebido
18:25:17 DEBUG   [toctoc] 1 avisos vía estado-embebido
18:25:21 WARNING robots.txt no permite https://www.nuroa.cl/adform/10342-912-528e-1a0d39b-b6ec-29592751fa14-7dbc?click_type=0&pos=17&searchType=2&page=2&section=1&t_sec=1&sectionType=1&pageViewId=4ff914c0-489d-41c0-9081-f2ec29aad6f2&t_pvid=4ff914c0-489d-41c0-9081-f2ec29aad6f2&userAgent=Mozilla%2F5.0+%28compatible%3B+radar-arriendos%2F1.0%3B+uso+personal%2C+busqueda+de+arriendo%3B+%2Bhttps%3A%2F%2Fgithub.com%2Falfonsoandona%2Farriendos-vitacura%29&browser=1&isHuman=true&userIp=57.154.4.36&what=vitacura+departamento&search_terms=vitacura+departamento&origin=1&t_or=1&splitTestId=0 — se omite
18:25:25 DEBUG   [toctoc] 1 avisos vía estado-embebido
18:25:30 DEBUG   [toctoc] 1 avisos vía estado-embebido
18:25:35 DEBUG   [toctoc] 1 avisos vía estado-embebido
18:25:40 DEBUG   [toctoc] 1 avisos vía estado-embebido
18:26:01 INFO    Enriquecido y descartado: 75BRH (arriendo de $2.149.504 sobre el máximo negociable de $1.904.000)
18:26:04 INFO    Enriquecido y descartado: 75BRH (arriendo de $1.954.095 sobre el máximo negociable de $1.904.000)
18:26:21 DEBUG   [toctoc] 1 avisos vía estado-embebido
18:26:21 DEBUG   [magnoliaproperty] 2 avisos vía tarjetas
18:26:21 INFO    Enriquecido y descartado: TW38B (arriendo de $3.084.205 sobre el máximo negociable de $1.904.000)
18:26:25 WARNING robots.txt no permite https://www.nuroa.cl/adform/10342-912-3e9b-1a0e30e-bd4c-4f30fb45531b-7a22?click_type=0&pos=6&searchType=1&page=2&section=1&t_sec=1&sectionType=1&pageViewId=4ff914c0-489d-41c0-9081-f2ec29aad6f2&t_pvid=4ff914c0-489d-41c0-9081-f2ec29aad6f2&userAgent=Mozilla%2F5.0+%28compatible%3B+radar-arriendos%2F1.0%3B+uso+personal%2C+busqueda+de+arriendo%3B+%2Bhttps%3A%2F%2Fgithub.com%2Falfonsoandona%2Farriendos-vitacura%29&browser=1&isHuman=true&userIp=57.154.4.36&what=vitacura+departamento&search_terms=vitacura+departamento&origin=1&t_or=1&splitTestId=0 — se omite
18:26:25 WARNING robots.txt no permite https://www.nuroa.cl/adform/10342-912-e7f8-1a0a016-97e0-4460cb69457-7a3c?click_type=0&pos=10&searchType=1&page=4&section=1&t_sec=1&sectionType=1&pageViewId=6e27ffc0-f980-421d-933f-6c686acccf46&t_pvid=6e27ffc0-f980-421d-933f-6c686acccf46&userAgent=Mozilla%2F5.0+%28compatible%3B+radar-arriendos%2F1.0%3B+uso+personal%2C+busqueda+de+arriendo%3B+%2Bhttps%3A%2F%2Fgithub.com%2Falfonsoandona%2Farriendos-vitacura%29&browser=1&isHuman=true&userIp=57.154.4.36&what=vitacura+departamento&search_terms=vitacura+departamento&origin=1&t_or=1&splitTestId=0 — se omite
18:26:30 DEBUG   [toctoc] 1 avisos vía estado-embebido
18:26:34 INFO    Enriquecido y descartado: 75BRH (arriendo de $4.299.009 sobre el máximo negociable de $1.904.000)
18:26:37 INFO    Fichas leídas: 63 — 0 ganaron el año, 0 la dirección; 6 se descartaron al verlas (0 por viejos)
18:26:38 INFO    Listo: 0 avisados de 57 candidatos
