00:54:13 INFO    UF = $40.885.63 (API del día)
00:54:13 INFO    Barriendo TocToc (toctoc)…
00:54:13 INFO    Barriendo Chilepropiedades (chilepropiedades)…
00:54:13 INFO    Barriendo GoPlaceIt (goplaceit)…
00:54:13 INFO    Barriendo Yapo (yapo)…
00:54:14 DEBUG   [chilepropiedades] 10 avisos vía tarjetas
00:54:16 INFO      yapo: 0 avisos en 2s
00:54:16 INFO    Barriendo BuscoNido (busconido)…
00:54:16 DEBUG   [chilepropiedades] 10 avisos vía tarjetas
00:54:16 DEBUG   [busconido] 23 avisos vía tarjetas
00:54:16 INFO      busconido: 23 avisos en 1s
00:54:16 INFO    Barriendo BienesOnline (bienesonline)…
00:54:17 INFO      bienesonline: 0 avisos en 0s
00:54:17 INFO    Barriendo Economicos (El Mercurio) (economicos)…
00:54:17 WARNING https://www.economicos.cl/search/propiedades/vitacura/arriendo/departamento/0 respondió 403
00:54:17 INFO    [economicos] https://www.economicos.cl/search/propiedades/vitacura/arriendo/departamento/0 rebotó al GET; se reintenta con navegador
00:54:18 DEBUG   [chilepropiedades] 10 avisos vía tarjetas
00:54:18 INFO      chilepropiedades: 30 avisos en 4s
00:54:18 INFO    Barriendo iCasas (icasas)…
00:54:18 DEBUG   [goplaceit] 30 avisos vía json-ld
00:54:18 DEBUG   [icasas] 15 avisos vía tarjetas
00:54:19 INFO      economicos: 0 avisos en 3s
00:54:19 INFO    Barriendo Doomos (doomos)…
00:54:20 DEBUG   [icasas] 15 avisos vía tarjetas
00:54:20 INFO      icasas: 30 avisos en 2s
00:54:20 INFO    Barriendo Top Propiedades (toppropiedades)…
00:54:21 DEBUG   [toctoc] 20 avisos vía json-ld
00:54:21 DEBUG   [doomos] 31 avisos vía tarjetas
00:54:21 INFO      doomos: 31 avisos en 2s
00:54:21 INFO    Barriendo Nuroa (nuroa)…
00:54:22 DEBUG   Encoding detection: ascii is most likely the one.
00:54:23 DEBUG   [nuroa] 25 avisos vía json-ld
00:54:24 DEBUG   [toppropiedades] 1 avisos vía json-ld
00:54:25 DEBUG   [nuroa] 25 avisos vía json-ld
00:54:26 DEBUG   [toppropiedades] 1 avisos vía json-ld
00:54:27 DEBUG   [nuroa] 25 avisos vía json-ld
00:54:27 DEBUG   [toctoc] 20 avisos vía json-ld
00:54:28 DEBUG   [toppropiedades] 1 avisos vía json-ld
00:54:29 DEBUG   [nuroa] 25 avisos vía json-ld
00:54:29 INFO      nuroa: 100 avisos en 8s
00:54:29 INFO    Barriendo Mitula (mitula)…
00:54:30 DEBUG   [toppropiedades] 1 avisos vía json-ld
00:54:31 DEBUG   [mitula] 30 avisos vía json-ld
00:54:32 DEBUG   [toppropiedades] 1 avisos vía json-ld
00:54:33 DEBUG   [mitula] 30 avisos vía json-ld
00:54:33 INFO      mitula: 60 avisos en 4s
00:54:33 INFO    Barriendo Houm (houm)…
00:54:33 DEBUG   [toctoc] 20 avisos vía json-ld
00:54:34 DEBUG   [toppropiedades] 1 avisos vía json-ld
00:54:36 DEBUG   [toppropiedades] 1 avisos vía json-ld
00:54:38 DEBUG   [toppropiedades] 1 avisos vía json-ld
00:54:38 INFO      toppropiedades: 8 avisos en 18s
00:54:38 INFO    Barriendo Hey! Homes (heyhomes)…
00:54:40 DEBUG   [toctoc] 20 avisos vía json-ld
00:54:40 DEBUG   La red no quedó en silencio en https://houm.com/cl/arriendo-departamentos-region-metropolitana/vitacura/3-dormitorios; se lee igual
00:54:41 DEBUG   [houm] 28 avisos vía json-ld
00:54:41 DEBUG   [heyhomes] 9 avisos vía tarjetas
00:54:41 INFO      heyhomes: 9 avisos en 3s
00:54:41 INFO    Barriendo Engel & Völkers (engelvoelkers)…
00:54:47 DEBUG   [toctoc] 20 avisos vía json-ld
00:54:50 DEBUG   [engelvoelkers] 17 avisos vía tarjetas
00:54:50 INFO      engelvoelkers: 17 avisos en 9s
00:54:50 INFO    Barriendo RE/MAX Chile (remax)…
00:54:51 DEBUG   La red no quedó en silencio en https://houm.com/cl/arriendo-departamento-región-metropolitana/las-condes/170742; se lee igual
00:54:51 DEBUG   [houm] 1 avisos vía estado-embebido
00:54:58 INFO      remax: 0 avisos en 8s
00:54:58 INFO    Barriendo Fuenzalida Propiedades (fuenzalida)…
00:54:58 DEBUG   [toctoc] 3 avisos vía json-ld
00:54:58 INFO      toctoc: 103 avisos en 45s
00:54:58 INFO    Barriendo Century 21 Chile (century21)…
00:54:59 INFO      century21: 0 avisos en 1s
00:54:59 INFO    Barriendo Property Partners (propertypartners)…
00:55:00 DEBUG   [propertypartners] 1 avisos vía tarjetas
00:55:00 INFO      propertypartners: 1 avisos en 0s
00:55:00 INFO    Barriendo Acceso Inmobiliario (accesoinmobiliario)…
00:55:01 DEBUG   [fuenzalida] 16 avisos vía tarjetas
00:55:01 DEBUG   [goplaceit] 30 avisos vía json-ld
00:55:04 DEBUG   [fuenzalida] 20 avisos vía tarjetas
00:55:05 DEBUG   [accesoinmobiliario] 15 avisos vía tarjetas
00:55:05 DEBUG   La red no quedó en silencio en https://houm.com/cl/arriendo-departamento-región-metropolitana/las-condes/175757; se lee igual
00:55:05 DEBUG   [houm] 1 avisos vía estado-embebido
00:55:07 DEBUG   [fuenzalida] 20 avisos vía tarjetas
00:55:07 INFO      fuenzalida: 56 avisos en 9s
00:55:07 INFO    Barriendo Magnolia Property (magnoliaproperty)…
00:55:07 DEBUG   [magnoliaproperty] 6 avisos vía tarjetas
00:55:07 INFO      magnoliaproperty: 6 avisos en 0s
00:55:07 INFO    Barriendo Portilla Propiedades (portillapropiedades)…
00:55:08 DEBUG   [accesoinmobiliario] 1 avisos vía tarjetas
00:55:08 DEBUG   [portillapropiedades] 2 avisos vía tarjetas
00:55:08 INFO      portillapropiedades: 2 avisos en 1s
00:55:08 INFO    Barriendo Nativo Propiedades (nativopropiedades)…
00:55:08 DEBUG   [nativopropiedades] 10 avisos vía tarjetas
00:55:08 INFO      nativopropiedades: 10 avisos en 1s
00:55:08 INFO    Barriendo Enlace Inmobiliario (enlaceinmobiliario)…
00:55:09 WARNING https://www.enlaceinmobiliario.cl/ respondió 403
00:55:09 INFO    [enlaceinmobiliario] https://www.enlaceinmobiliario.cl/ rebotó al GET; se reintenta con navegador
00:55:11 DEBUG   [accesoinmobiliario] 1 avisos vía tarjetas
00:55:15 DEBUG   La red no quedó en silencio en https://houm.com/cl/arriendo-departamento-región-metropolitana/ñuñoa/164010; se lee igual
00:55:15 DEBUG   [houm] 1 avisos vía estado-embebido
00:55:16 INFO      enlaceinmobiliario: 0 avisos en 7s
00:55:16 INFO    Barriendo Rentas.cl (rentas_cl)…
00:55:18 DEBUG   [rentas_cl] 1 avisos vía json-ld
00:55:18 INFO      rentas_cl: 1 avisos en 2s
00:55:18 INFO    Barriendo Arriendos.cl (arriendos_cl)…
00:55:18 DEBUG   [accesoinmobiliario] 1 avisos vía tarjetas
00:55:19 INFO      arriendos_cl: 0 avisos en 1s
00:55:19 INFO    Barriendo Propiedades.cl (propiedades_cl)…
00:55:19 DEBUG   [propiedades_cl] 6 avisos vía tarjetas
00:55:19 INFO      propiedades_cl: 6 avisos en 1s
00:55:19 INFO    Barriendo Clasificados.cl (clasificados_cl)…
00:55:22 DEBUG   [clasificados_cl] 1 avisos vía tarjetas
00:55:22 INFO      clasificados_cl: 1 avisos en 3s
00:55:24 DEBUG   [accesoinmobiliario] 1 avisos vía tarjetas
00:55:25 DEBUG   La red no quedó en silencio en https://houm.com/cl/arriendo-departamento-región-metropolitana/providencia/175947; se lee igual
00:55:25 DEBUG   [houm] 1 avisos vía estado-embebido
00:55:35 DEBUG   La red no quedó en silencio en https://houm.com/cl/arriendo-departamento-región-metropolitana/ñuñoa/174379; se lee igual
00:55:35 DEBUG   [houm] 1 avisos vía estado-embebido
00:55:40 DEBUG   [goplaceit] 30 avisos vía json-ld
00:55:42 INFO      accesoinmobiliario: 19 avisos en 42s
00:55:44 DEBUG   La red no quedó en silencio en https://houm.com/cl/arriendo-departamento-región-metropolitana/recoleta/178185; se lee igual
00:55:44 DEBUG   [houm] 1 avisos vía estado-embebido
00:55:51 DEBUG   La red no quedó en silencio en https://houm.com/cl/arriendo-departamento-región-metropolitana/las-condes/177842; se lee igual
00:55:52 DEBUG   [houm] 1 avisos vía estado-embebido
00:55:59 DEBUG   La red no quedó en silencio en https://houm.com/cl/arriendo-departamento-región-metropolitana/recoleta/176958; se lee igual
00:55:59 DEBUG   [houm] 1 avisos vía estado-embebido
00:55:59 INFO      houm: 36 avisos en 86s
00:56:03 INFO      goplaceit: 90 avisos en 110s
00:56:03 INFO    Total crudo: 639 avisos
00:56:03 INFO    Después de deduplicar: 416
00:56:03 DEBUG   Libreta: matucana 1161 se construyó en 2023 (accesoinmobiliario)
00:56:03 DEBUG   Libreta: pudeto 6908 se construyó en 2021 (accesoinmobiliario)
00:56:03 INFO    Pasaron los filtros: 46
00:56:22 DEBUG   [doomos] 16 avisos vía tarjetas
00:56:22 DEBUG   Ficha de YVT22 sin candidato propio; no se fusiona
00:56:23 DEBUG   Ficha de HW5MX sin candidato propio; no se fusiona
00:56:25 DEBUG   [doomos] 25 avisos vía tarjetas
00:56:25 DEBUG   Ficha de U44VT sin candidato propio; no se fusiona
00:56:26 DEBUG   [doomos] 25 avisos vía tarjetas
00:56:26 DEBUG   Ficha de KNAE9 sin candidato propio; no se fusiona
00:56:30 DEBUG   [doomos] 25 avisos vía tarjetas
00:56:30 DEBUG   Ficha de PR3QK sin candidato propio; no se fusiona
00:56:32 DEBUG   [doomos] 25 avisos vía tarjetas
00:56:32 DEBUG   Ficha de 2HWEW sin candidato propio; no se fusiona
00:56:34 DEBUG   [doomos] 25 avisos vía tarjetas
00:56:34 DEBUG   Ficha de ZWNAN sin candidato propio; no se fusiona
00:56:35 DEBUG   [doomos] 25 avisos vía tarjetas
00:56:35 DEBUG   Ficha de FDXSM sin candidato propio; no se fusiona
00:56:40 DEBUG   [toctoc] 1 avisos vía estado-embebido
00:56:41 DEBUG   [busconido] 10 avisos vía tarjetas
00:56:41 DEBUG   Ficha de R5TRQ sin candidato propio; no se fusiona
00:56:43 DEBUG   [busconido] 11 avisos vía tarjetas
00:56:43 DEBUG   Ficha de YXYA8 sin candidato propio; no se fusiona
00:56:46 INFO    Enriquecido y descartado: YAVJA (arriendo de $3.517.371 sobre el máximo negociable de $1.904.000)
00:56:50 INFO    Enriquecido y descartado: CC2AY (arriendo de $2.032.258 sobre el máximo negociable de $1.904.000)
00:56:50 DEBUG   [busconido] 10 avisos vía tarjetas
00:56:50 DEBUG   Ficha de 5EFJD sin candidato propio; no se fusiona
00:56:53 DEBUG   [doomos] 16 avisos vía tarjetas
00:56:53 DEBUG   Ficha de J5JN4 sin candidato propio; no se fusiona
00:57:00 DEBUG   [toctoc] 1 avisos vía estado-embebido
00:57:07 DEBUG   [engelvoelkers] 1 avisos vía json-ld
00:57:08 DEBUG   [doomos] 25 avisos vía tarjetas
00:57:08 DEBUG   Ficha de P8XMT sin candidato propio; no se fusiona
00:57:13 DEBUG   [toctoc] 1 avisos vía estado-embebido
00:57:18 DEBUG   [toctoc] 1 avisos vía estado-embebido
00:57:26 DEBUG   [toctoc] 1 avisos vía estado-embebido
00:57:32 DEBUG   [toctoc] 1 avisos vía estado-embebido
00:57:39 DEBUG   La red no quedó en silencio en https://www.toctoc.com/arriendo/departamento/metropolitana/vitacura/b_8c9ee4012cd3abae9a346f5c20131ca3ab90095d; se lee igual
00:57:39 DEBUG   [toctoc] 1 avisos vía estado-embebido
00:57:44 DEBUG   [toctoc] 1 avisos vía estado-embebido
00:57:48 DEBUG   [toctoc] 1 avisos vía estado-embebido
00:57:52 INFO    Enriquecido y descartado: 75BRH (arriendo de $2.931.142 sobre el máximo negociable de $1.904.000)
00:58:15 INFO    Enriquecido y descartado: 75BRH (arriendo de $1.954.095 sobre el máximo negociable de $1.904.000)
00:58:33 DEBUG   La red no quedó en silencio en https://www.toctoc.com/arriendo/departamento/metropolitana/vitacura/b_8d7cfebe1062033f05e1df1296cb8647a46a8d1b; se lee igual
00:58:33 DEBUG   [toctoc] 1 avisos vía estado-embebido
00:58:41 DEBUG   [toctoc] 1 avisos vía estado-embebido
00:58:46 DEBUG   [toctoc] 1 avisos vía estado-embebido
00:58:49 INFO    Enriquecido y descartado: 75BRH (arriendo de $4.299.009 sobre el máximo negociable de $1.904.000)
00:58:52 INFO    Fichas leídas: 46 — 0 ganaron el año, 0 la dirección; 5 se descartaron al verlas (0 por viejos)
00:58:53 INFO    Listo: 0 avisados de 41 candidatos
