02:31:51 INFO    UF = $41.024.46 (API del día)
02:31:51 INFO    Barriendo TocToc (toctoc)…
02:31:51 INFO    Barriendo Chilepropiedades (chilepropiedades)…
02:31:51 INFO    Barriendo GoPlaceIt (goplaceit)…
02:31:51 INFO    Barriendo Yapo (yapo)…
02:31:51 WARNING https://www.yapo.cl/bienes-raices-alquiler-apartamentos/region-metropolitana-vitacura respondió 403
02:31:51 INFO    [yapo] https://www.yapo.cl/bienes-raices-alquiler-apartamentos/region-metropolitana-vitacura rebotó al GET; se reintenta con navegador
02:31:51 DEBUG   [chilepropiedades] 10 avisos vía tarjetas
02:31:53 DEBUG   [chilepropiedades] 10 avisos vía tarjetas
02:31:55 DEBUG   [chilepropiedades] 10 avisos vía tarjetas
02:31:55 INFO      chilepropiedades: 30 avisos en 4s
02:31:55 INFO    Barriendo BuscoNido (busconido)…
02:31:56 DEBUG   [goplaceit] 30 avisos vía json-ld
02:31:56 DEBUG   [busconido] 23 avisos vía tarjetas
02:31:56 INFO      busconido: 23 avisos en 1s
02:31:56 INFO    Barriendo BienesOnline (bienesonline)…
02:31:57 DEBUG   [bienesonline] 17 avisos vía tarjetas
02:31:57 INFO      bienesonline: 17 avisos en 1s
02:31:57 INFO    Barriendo Economicos (El Mercurio) (economicos)…
02:31:58 DEBUG   [economicos] 20 avisos vía tarjetas
02:31:59 DEBUG   [economicos] 18 avisos vía tarjetas
02:32:00 DEBUG   [toctoc] 20 avisos vía json-ld
02:32:01 DEBUG   [economicos] 13 avisos vía tarjetas
02:32:01 INFO      economicos: 51 avisos en 4s
02:32:01 INFO    Barriendo iCasas (icasas)…
02:32:02 DEBUG   [icasas] 15 avisos vía tarjetas
02:32:02 DEBUG   La red no quedó en silencio en https://www.yapo.cl/bienes-raices-alquiler-apartamentos/region-metropolitana-vitacura; se lee igual
02:32:02 INFO      yapo: 0 avisos en 12s
02:32:02 INFO    Barriendo Doomos (doomos)…
02:32:04 DEBUG   [icasas] 15 avisos vía tarjetas
02:32:04 INFO      icasas: 30 avisos en 2s
02:32:04 INFO    Barriendo Top Propiedades (toppropiedades)…
02:32:06 DEBUG   [doomos] 32 avisos vía tarjetas
02:32:06 INFO      doomos: 32 avisos en 4s
02:32:06 INFO    Barriendo Nuroa (nuroa)…
02:32:07 DEBUG   Encoding detection: ascii is most likely the one.
02:32:08 DEBUG   [toppropiedades] 1 avisos vía json-ld
02:32:08 DEBUG   [nuroa] 25 avisos vía json-ld
02:32:09 DEBUG   La red no quedó en silencio en https://www.toctoc.com/arriendo/departamento/metropolitana/vitacura/3-dormitorios?pagina=2; se lee igual
02:32:10 DEBUG   [toppropiedades] 1 avisos vía json-ld
02:32:10 DEBUG   [nuroa] 25 avisos vía json-ld
02:32:10 DEBUG   [toctoc] 20 avisos vía json-ld
02:32:12 DEBUG   [nuroa] 25 avisos vía json-ld
02:32:12 DEBUG   [toppropiedades] 1 avisos vía json-ld
02:32:14 DEBUG   [nuroa] 25 avisos vía json-ld
02:32:14 DEBUG   [toppropiedades] 1 avisos vía json-ld
02:32:14 INFO      nuroa: 100 avisos en 8s
02:32:14 INFO    Barriendo Mitula (mitula)…
02:32:16 DEBUG   [toppropiedades] 1 avisos vía json-ld
02:32:17 DEBUG   [mitula] 30 avisos vía json-ld
02:32:17 DEBUG   La red no quedó en silencio en https://www.toctoc.com/arriendo/departamento/metropolitana/vitacura/3-dormitorios?pagina=3; se lee igual
02:32:18 DEBUG   [toppropiedades] 1 avisos vía json-ld
02:32:19 DEBUG   [toctoc] 20 avisos vía json-ld
02:32:19 DEBUG   [mitula] 30 avisos vía json-ld
02:32:19 INFO      mitula: 60 avisos en 5s
02:32:19 INFO    Barriendo Houm (houm)…
02:32:20 DEBUG   [toppropiedades] 1 avisos vía json-ld
02:32:22 DEBUG   [toppropiedades] 1 avisos vía json-ld
02:32:22 INFO      toppropiedades: 8 avisos en 18s
02:32:22 INFO    Barriendo Hey! Homes (heyhomes)…
02:32:25 DEBUG   [heyhomes] 9 avisos vía tarjetas
02:32:25 INFO      heyhomes: 9 avisos en 3s
02:32:25 INFO    Barriendo Engel & Völkers (engelvoelkers)…
02:32:26 DEBUG   [toctoc] 20 avisos vía json-ld
02:32:27 DEBUG   La red no quedó en silencio en https://houm.com/cl/arriendo-departamentos-region-metropolitana/vitacura/3-dormitorios; se lee igual
02:32:28 DEBUG   [houm] 28 avisos vía json-ld
02:32:32 DEBUG   [engelvoelkers] 16 avisos vía tarjetas
02:32:32 INFO      engelvoelkers: 16 avisos en 7s
02:32:32 INFO    Barriendo RE/MAX Chile (remax)…
02:32:37 DEBUG   La red no quedó en silencio en https://www.toctoc.com/arriendo/departamento/metropolitana/vitacura/4-dormitorios?pagina=2; se lee igual
02:32:37 DEBUG   [toctoc] 17 avisos vía json-ld
02:32:39 DEBUG   La red no quedó en silencio en https://houm.com/cl/arriendo-departamento-región-metropolitana/las-condes/170742; se lee igual
02:32:39 DEBUG   [goplaceit] 30 avisos vía json-ld
02:32:39 DEBUG   [houm] 1 avisos vía estado-embebido
02:32:43 INFO      remax: 0 avisos en 11s
02:32:43 INFO    Barriendo Fuenzalida Propiedades (fuenzalida)…
02:32:46 DEBUG   [toctoc] 20 avisos vía json-ld
02:32:46 INFO      toctoc: 117 avisos en 55s
02:32:46 INFO    Barriendo Century 21 Chile (century21)…
02:32:47 DEBUG   [fuenzalida] 16 avisos vía tarjetas
02:32:47 INFO      century21: 0 avisos en 1s
02:32:47 INFO    Barriendo Property Partners (propertypartners)…
02:32:48 DEBUG   [propertypartners] 1 avisos vía tarjetas
02:32:48 INFO      propertypartners: 1 avisos en 0s
02:32:48 INFO    Barriendo Acceso Inmobiliario (accesoinmobiliario)…
02:32:51 DEBUG   [fuenzalida] 20 avisos vía tarjetas
02:32:52 DEBUG   [accesoinmobiliario] 16 avisos vía tarjetas
02:32:54 DEBUG   La red no quedó en silencio en https://houm.com/cl/arriendo-departamento-región-metropolitana/las-condes/180318; se lee igual
02:32:54 DEBUG   [houm] 1 avisos vía estado-embebido
02:32:54 DEBUG   [fuenzalida] 20 avisos vía tarjetas
02:32:54 INFO      fuenzalida: 56 avisos en 11s
02:32:54 INFO    Barriendo Magnolia Property (magnoliaproperty)…
02:32:55 DEBUG   [magnoliaproperty] 9 avisos vía tarjetas
02:32:55 INFO      magnoliaproperty: 9 avisos en 1s
02:32:55 INFO    Barriendo Portilla Propiedades (portillapropiedades)…
02:32:56 DEBUG   [portillapropiedades] 2 avisos vía tarjetas
02:32:56 INFO      portillapropiedades: 2 avisos en 1s
02:32:56 INFO    Barriendo Nativo Propiedades (nativopropiedades)…
02:32:56 DEBUG   [nativopropiedades] 10 avisos vía tarjetas
02:32:56 INFO      nativopropiedades: 10 avisos en 1s
02:32:56 INFO    Barriendo Enlace Inmobiliario (enlaceinmobiliario)…
02:32:56 WARNING https://www.enlaceinmobiliario.cl/ respondió 403
02:32:56 INFO    [enlaceinmobiliario] https://www.enlaceinmobiliario.cl/ rebotó al GET; se reintenta con navegador
02:33:04 DEBUG   La red no quedó en silencio en https://houm.com/cl/arriendo-departamento-región-metropolitana/lo-barnechea/74201; se lee igual
02:33:04 DEBUG   [houm] 1 avisos vía estado-embebido
02:33:05 INFO      enlaceinmobiliario: 0 avisos en 9s
02:33:05 INFO    Barriendo Rentas.cl (rentas_cl)…
02:33:07 DEBUG   [rentas_cl] 1 avisos vía json-ld
02:33:07 INFO      rentas_cl: 1 avisos en 2s
02:33:07 INFO    Barriendo Arriendos.cl (arriendos_cl)…
02:33:08 INFO      arriendos_cl: 0 avisos en 1s
02:33:08 INFO    Barriendo Propiedades.cl (propiedades_cl)…
02:33:08 DEBUG   [propiedades_cl] 6 avisos vía tarjetas
02:33:08 INFO      propiedades_cl: 6 avisos en 1s
02:33:08 INFO    Barriendo Clasificados.cl (clasificados_cl)…
02:33:09 DEBUG   [accesoinmobiliario] 1 avisos vía tarjetas
02:33:13 DEBUG   [clasificados_cl] 1 avisos vía tarjetas
02:33:13 INFO      clasificados_cl: 1 avisos en 5s
02:33:14 DEBUG   La red no quedó en silencio en https://houm.com/cl/arriendo-departamento-región-metropolitana/recoleta/179872; se lee igual
02:33:14 DEBUG   [houm] 1 avisos vía estado-embebido
02:33:18 DEBUG   [goplaceit] 30 avisos vía json-ld
02:33:23 DEBUG   La red no quedó en silencio en https://houm.com/cl/arriendo-departamento-región-metropolitana/recoleta/178185; se lee igual
02:33:23 DEBUG   [houm] 1 avisos vía estado-embebido
02:33:25 DEBUG   [accesoinmobiliario] 1 avisos vía tarjetas
02:33:31 DEBUG   La red no quedó en silencio en https://houm.com/cl/arriendo-departamento-región-metropolitana/recoleta/176207; se lee igual
02:33:31 DEBUG   [houm] 1 avisos vía estado-embebido
02:33:37 DEBUG   [accesoinmobiliario] 1 avisos vía tarjetas
02:33:37 INFO      accesoinmobiliario: 19 avisos en 49s
02:33:41 DEBUG   La red no quedó en silencio en https://houm.com/cl/arriendo-departamento-región-metropolitana/las-condes/177842; se lee igual
02:33:41 DEBUG   [houm] 1 avisos vía estado-embebido
02:33:48 INFO      goplaceit: 90 avisos en 117s
02:33:49 DEBUG   La red no quedó en silencio en https://houm.com/cl/arriendo-departamento-región-metropolitana/recoleta/176958; se lee igual
02:33:49 DEBUG   [houm] 1 avisos vía estado-embebido
02:33:49 INFO      houm: 36 avisos en 90s
02:33:49 INFO    Total crudo: 724 avisos
02:33:50 INFO    Después de deduplicar: 554
02:33:50 INFO    Pasaron los filtros: 73
02:34:12 DEBUG   [economicos] 1 avisos vía tarjetas
02:34:14 DEBUG   [doomos] 18 avisos vía tarjetas
02:34:14 DEBUG   Ficha de YVT22 sin candidato propio; no se fusiona
02:34:14 DEBUG   Ficha de HW5MX sin candidato propio; no se fusiona
02:34:15 DEBUG   [economicos] 1 avisos vía tarjetas
02:34:16 DEBUG   [economicos] 1 avisos vía tarjetas
02:34:18 DEBUG   [economicos] 1 avisos vía tarjetas
02:34:20 DEBUG   [economicos] 1 avisos vía tarjetas
02:34:22 DEBUG   [economicos] 1 avisos vía tarjetas
02:34:24 DEBUG   [economicos] 1 avisos vía tarjetas
02:34:26 DEBUG   [doomos] 27 avisos vía tarjetas
02:34:26 DEBUG   Ficha de U44VT sin candidato propio; no se fusiona
02:34:27 DEBUG   [doomos] 27 avisos vía tarjetas
02:34:27 DEBUG   Ficha de KNAE9 sin candidato propio; no se fusiona
02:34:30 DEBUG   [doomos] 27 avisos vía tarjetas
02:34:30 DEBUG   Ficha de PR3QK sin candidato propio; no se fusiona
02:34:31 DEBUG   [doomos] 27 avisos vía tarjetas
02:34:31 DEBUG   Ficha de 2HWEW sin candidato propio; no se fusiona
02:34:31 DEBUG   [economicos] 1 avisos vía tarjetas
02:34:35 DEBUG   [doomos] 27 avisos vía tarjetas
02:34:35 DEBUG   Ficha de ZWNAN sin candidato propio; no se fusiona
02:34:35 DEBUG   [economicos] 1 avisos vía tarjetas
02:34:37 DEBUG   [economicos] 1 avisos vía tarjetas
02:34:37 DEBUG   Ficha de XEC3Z sin candidato propio; no se fusiona
02:34:39 DEBUG   [economicos] 1 avisos vía tarjetas
02:34:44 DEBUG   [toctoc] 1 avisos vía estado-embebido
02:34:45 DEBUG   [busconido] 10 avisos vía tarjetas
02:34:45 DEBUG   Ficha de R75QV sin candidato propio; no se fusiona
02:34:47 DEBUG   [busconido] 10 avisos vía tarjetas
02:34:47 DEBUG   Ficha de ZMABA sin candidato propio; no se fusiona
02:34:49 DEBUG   [busconido] 10 avisos vía tarjetas
02:34:49 DEBUG   Ficha de TSEAH sin candidato propio; no se fusiona
02:34:51 DEBUG   [busconido] 11 avisos vía tarjetas
02:34:51 DEBUG   Ficha de ATMSQ sin candidato propio; no se fusiona
02:34:53 DEBUG   [doomos] 27 avisos vía tarjetas
02:34:53 DEBUG   Ficha de FQ6XQ sin candidato propio; no se fusiona
02:34:53 DEBUG   [busconido] 11 avisos vía tarjetas
02:34:53 DEBUG   Ficha de ZXPSV sin candidato propio; no se fusiona
02:34:58 DEBUG   Pin del mapa para H3CKH: -33.38481, -70.53836
02:34:58 DEBUG   [toctoc] 1 avisos vía estado-embebido
02:34:58 DEBUG   [busconido] 10 avisos vía tarjetas
02:34:58 DEBUG   Ficha de 6CAQ3 sin candidato propio; no se fusiona
02:35:00 DEBUG   [busconido] 10 avisos vía tarjetas
02:35:00 DEBUG   Ficha de Y8JCM sin candidato propio; no se fusiona
02:35:02 DEBUG   [busconido] 10 avisos vía tarjetas
02:35:02 DEBUG   Ficha de 7J7C5 sin candidato propio; no se fusiona
02:35:02 DEBUG   [economicos] 1 avisos vía tarjetas
02:35:02 INFO    Enriquecido y descartado: S84GC (arriendo de $3.108.725 sobre el máximo negociable de $1.904.000)
02:35:04 DEBUG   [busconido] 11 avisos vía tarjetas
02:35:04 DEBUG   Ficha de UVY6H sin candidato propio; no se fusiona
02:35:08 INFO    Enriquecido y descartado: YAVJA (arriendo de $3.517.371 sobre el máximo negociable de $1.904.000)
02:35:08 DEBUG   [economicos] 1 avisos vía tarjetas
02:35:16 INFO    Enriquecido y descartado: CC2AY (arriendo de $2.032.258 sobre el máximo negociable de $1.904.000)
02:35:17 DEBUG   [doomos] 18 avisos vía tarjetas
02:35:17 DEBUG   Ficha de J5JN4 sin candidato propio; no se fusiona
02:35:22 DEBUG   [toctoc] 1 avisos vía estado-embebido
02:35:30 DEBUG   [engelvoelkers] 1 avisos vía json-ld
02:35:41 DEBUG   [doomos] 27 avisos vía tarjetas
02:35:41 DEBUG   Ficha de P8XMT sin candidato propio; no se fusiona
02:35:45 DEBUG   [toctoc] 1 avisos vía estado-embebido
02:35:50 DEBUG   [toctoc] 1 avisos vía estado-embebido
02:35:55 DEBUG   [toctoc] 1 avisos vía estado-embebido
02:36:03 DEBUG   [toctoc] 1 avisos vía estado-embebido
02:36:07 DEBUG   [toctoc] 1 avisos vía estado-embebido
02:36:07 DEBUG   [chilepropiedades] 2 avisos vía json-ld
02:36:07 WARNING robots.txt no permite https://www.nuroa.cl/adform/10342-912-b45c-1a0ce6e-984c-ada286d9a1f6-77e4?click_type=0&pos=23&searchType=2&page=1&section=1&t_sec=1&sectionType=1&pageViewId=7be56199-7c6c-418e-a08b-1fe5f1808453&t_pvid=7be56199-7c6c-418e-a08b-1fe5f1808453&userAgent=Mozilla%2F5.0+%28compatible%3B+radar-arriendos%2F1.0%3B+uso+personal%2C+busqueda+de+arriendo%3B+%2Bhttps%3A%2F%2Fgithub.com%2Falfonsoandona%2Farriendos-vitacura%29&browser=1&isHuman=true&userIp=128.24.160.161&what=vitacura+departamento&search_terms=vitacura+departamento&origin=1&t_or=1&splitTestId=0 — se omite
02:36:13 DEBUG   [toctoc] 1 avisos vía estado-embebido
02:36:14 DEBUG   [magnoliaproperty] 2 avisos vía tarjetas
02:36:14 INFO    Enriquecido y descartado: SY6C4 (arriendo de $3.692.201 sobre el máximo negociable de $1.904.000)
02:36:18 INFO    Enriquecido y descartado: 75BRH (arriendo de $2.931.142 sobre el máximo negociable de $1.904.000)
02:36:39 INFO    Enriquecido y descartado: 75BRH (arriendo de $2.149.504 sobre el máximo negociable de $1.904.000)
02:36:42 INFO    Enriquecido y descartado: 75BRH (arriendo de $1.954.095 sobre el máximo negociable de $1.904.000)
02:36:58 DEBUG   [toctoc] 1 avisos vía estado-embebido
02:37:03 DEBUG   [toctoc] 1 avisos vía estado-embebido
02:37:07 WARNING robots.txt no permite https://www.nuroa.cl/adform/10342-912-3e9b-1a0e30e-bd4c-4f30fb45531b-7a22?click_type=0&pos=4&searchType=1&page=1&section=1&t_sec=1&sectionType=1&pageViewId=7be56199-7c6c-418e-a08b-1fe5f1808453&t_pvid=7be56199-7c6c-418e-a08b-1fe5f1808453&userAgent=Mozilla%2F5.0+%28compatible%3B+radar-arriendos%2F1.0%3B+uso+personal%2C+busqueda+de+arriendo%3B+%2Bhttps%3A%2F%2Fgithub.com%2Falfonsoandona%2Farriendos-vitacura%29&browser=1&isHuman=true&userIp=128.24.160.161&what=vitacura+departamento&search_terms=vitacura+departamento&origin=1&t_or=1&splitTestId=0 — se omite
02:37:07 WARNING robots.txt no permite https://www.nuroa.cl/adform/10342-912-e7f8-1a0a016-97e0-4460cb69457-7a3c?click_type=0&pos=16&searchType=1&page=3&section=1&t_sec=1&sectionType=1&pageViewId=9eb647f7-86d9-405b-a49a-a2f5603124ed&t_pvid=9eb647f7-86d9-405b-a49a-a2f5603124ed&userAgent=Mozilla%2F5.0+%28compatible%3B+radar-arriendos%2F1.0%3B+uso+personal%2C+busqueda+de+arriendo%3B+%2Bhttps%3A%2F%2Fgithub.com%2Falfonsoandona%2Farriendos-vitacura%29&browser=1&isHuman=true&userIp=128.24.160.161&what=vitacura+departamento&search_terms=vitacura+departamento&origin=1&t_or=1&splitTestId=0 — se omite
02:37:11 DEBUG   [toctoc] 1 avisos vía estado-embebido
02:37:15 INFO    Enriquecido y descartado: 75BRH (arriendo de $4.299.009 sobre el máximo negociable de $1.904.000)
02:37:19 INFO    Fichas leídas: 73 — 0 ganaron el año, 2 la dirección; 8 se descartaron al verlas (0 por viejos)
02:37:20 INFO    Listo: 0 avisados de 65 candidatos
