17:24:33 INFO    UF = $40.859.28 (API del día)
17:24:33 INFO    Barriendo TocToc (toctoc)…
17:24:33 INFO    Barriendo Chilepropiedades (chilepropiedades)…
17:24:33 INFO    Barriendo GoPlaceIt (goplaceit)…
17:24:33 INFO    Barriendo Yapo (yapo)…
17:24:34 DEBUG   [chilepropiedades] 11 avisos vía tarjetas
17:24:36 DEBUG   [yapo] 30 avisos vía tarjetas
17:24:36 DEBUG   [chilepropiedades] 11 avisos vía tarjetas
17:24:37 DEBUG   [goplaceit] 30 avisos vía json-ld
17:24:37 DEBUG   [yapo] 30 avisos vía tarjetas
17:24:38 DEBUG   [chilepropiedades] 11 avisos vía tarjetas
17:24:38 INFO      chilepropiedades: 33 avisos en 5s
17:24:38 INFO    Barriendo BuscoNido (busconido)…
17:24:39 INFO      busconido: 0 avisos en 1s
17:24:39 INFO    Barriendo ComunaVitacura.cl (comunavitacura)…
17:24:40 DEBUG   [yapo] 30 avisos vía tarjetas
17:24:40 INFO      yapo: 90 avisos en 6s
17:24:40 INFO    Barriendo BienesOnline (bienesonline)…
17:24:40 INFO      bienesonline: 0 avisos en 1s
17:24:40 INFO    Barriendo Economicos (El Mercurio) (economicos)…
17:24:41 WARNING https://www.economicos.cl/search/propiedades/vitacura/arriendo/departamento/0 respondió 403
17:24:41 INFO    [economicos] https://www.economicos.cl/search/propiedades/vitacura/arriendo/departamento/0 rebotó al GET; se reintenta con navegador
17:24:43 INFO      economicos: 0 avisos en 2s
17:24:43 INFO    Barriendo iCasas (icasas)…
17:24:43 DEBUG   [icasas] 15 avisos vía tarjetas
17:24:45 DEBUG   [toctoc] 128 avisos vía estado-embebido
17:24:45 DEBUG   [icasas] 15 avisos vía tarjetas
17:24:45 INFO      icasas: 30 avisos en 3s
17:24:45 INFO    Barriendo Doomos (doomos)…
17:24:47 DEBUG   [doomos] 33 avisos vía tarjetas
17:24:47 INFO      doomos: 33 avisos en 2s
17:24:47 INFO    Barriendo Top Propiedades (toppropiedades)…
17:24:50 WARNING https://comunavitacura.cl/arriendo-departamentos/ respondió 403
17:24:50 INFO    [comunavitacura] https://comunavitacura.cl/arriendo-departamentos/ rebotó al GET; se reintenta con navegador
17:24:51 DEBUG   [toppropiedades] 1 avisos vía json-ld
17:24:51 INFO      comunavitacura: 0 avisos en 12s
17:24:51 INFO    Barriendo Trovit (trovit)…
17:24:53 DEBUG   [toppropiedades] 1 avisos vía json-ld
17:24:54 DEBUG   [trovit] 30 avisos vía json-ld
17:24:55 DEBUG   [toppropiedades] 1 avisos vía json-ld
17:24:56 DEBUG   [trovit] 30 avisos vía json-ld
17:24:58 DEBUG   [toppropiedades] 1 avisos vía json-ld
17:24:58 DEBUG   [toctoc] 128 avisos vía estado-embebido
17:24:59 DEBUG   [trovit] 30 avisos vía json-ld
17:24:59 INFO      trovit: 90 avisos en 8s
17:24:59 INFO    Barriendo Nuroa (nuroa)…
17:24:59 DEBUG   [toppropiedades] 1 avisos vía json-ld
17:25:00 DEBUG   Encoding detection: ascii is most likely the one.
17:25:01 DEBUG   [nuroa] 25 avisos vía json-ld
17:25:01 DEBUG   [toppropiedades] 1 avisos vía json-ld
17:25:03 DEBUG   [nuroa] 25 avisos vía json-ld
17:25:03 INFO      nuroa: 50 avisos en 4s
17:25:03 INFO    Barriendo Mitula (mitula)…
17:25:03 DEBUG   [toppropiedades] 1 avisos vía json-ld
17:25:06 DEBUG   [toppropiedades] 1 avisos vía json-ld
17:25:06 INFO      toppropiedades: 8 avisos en 18s
17:25:06 INFO    Barriendo Nestoria (nestoria)…
17:25:06 DEBUG   [mitula] 30 avisos vía json-ld
17:25:06 DEBUG   [goplaceit] 30 avisos vía json-ld
17:25:08 DEBUG   [nestoria] 25 avisos vía json-ld
17:25:08 DEBUG   [mitula] 30 avisos vía json-ld
17:25:09 INFO      nestoria: 25 avisos en 3s
17:25:09 INFO    Barriendo Houm (houm)…
17:25:09 INFO      mitula: 60 avisos en 5s
17:25:09 INFO    Barriendo Hey! Homes (heyhomes)…
17:25:12 DEBUG   La red no quedó en silencio en https://www.toctoc.com/arriendo/departamento/metropolitana/vitacura/3-dormitorios?pagina=3; se lee igual
17:25:13 DEBUG   [heyhomes] 9 avisos vía tarjetas
17:25:13 INFO      heyhomes: 9 avisos en 4s
17:25:13 INFO    Barriendo AssetPlan (assetplan)…
17:25:14 DEBUG   [toctoc] 128 avisos vía estado-embebido
17:25:16 DEBUG   [houm] 28 avisos vía json-ld
17:25:20 INFO      assetplan: 0 avisos en 8s
17:25:20 INFO    Barriendo Engel & Völkers (engelvoelkers)…
17:25:28 DEBUG   La red no quedó en silencio en https://houm.com/cl/arriendo-departamento-región-metropolitana/las-condes/170742; se lee igual
17:25:28 DEBUG   [toctoc] 106 avisos vía estado-embebido
17:25:28 DEBUG   [houm] 1 avisos vía estado-embebido
17:25:32 DEBUG   [engelvoelkers] 16 avisos vía tarjetas
17:25:32 INFO      engelvoelkers: 16 avisos en 12s
17:25:32 INFO    Barriendo RE/MAX Chile (remax)…
17:25:37 DEBUG   La red no quedó en silencio en https://houm.com/cl/arriendo-departamento-región-metropolitana/las-condes/173143; se lee igual
17:25:37 DEBUG   [houm] 1 avisos vía estado-embebido
17:25:44 DEBUG   [toctoc] 106 avisos vía estado-embebido
17:25:49 DEBUG   La red no quedó en silencio en https://www.remax.cl/es-cl/busqueda/metropolitana-de-santiago/santiago/vitacura/residencial-departamento/arriendo/; se lee igual
17:25:49 DEBUG   [remax] 6 avisos vía tarjetas
17:25:51 DEBUG   La red no quedó en silencio en https://houm.com/cl/arriendo-departamento-región-metropolitana/las-condes/173170; se lee igual
17:25:51 DEBUG   [houm] 1 avisos vía estado-embebido
17:26:00 DEBUG   La red no quedó en silencio en https://www.remax.cl/es-cl/busqueda/metropolitana-de-santiago/santiago/vitacura/residencial-departamento/arriendo/?page=2; se lee igual
17:26:00 DEBUG   [toctoc] 106 avisos vía estado-embebido
17:26:00 INFO      toctoc: 702 avisos en 86s
17:26:00 INFO    Barriendo Fuenzalida Propiedades (fuenzalida)…
17:26:01 DEBUG   [remax] 6 avisos vía tarjetas
17:26:01 INFO      remax: 12 avisos en 28s
17:26:01 INFO    Barriendo Century 21 Chile (century21)…
17:26:03 INFO      century21: 0 avisos en 2s
17:26:03 INFO    Barriendo Property Partners (propertypartners)…
17:26:03 DEBUG   [propertypartners] 1 avisos vía tarjetas
17:26:03 INFO      propertypartners: 1 avisos en 1s
17:26:03 INFO    Barriendo Acceso Inmobiliario (accesoinmobiliario)…
17:26:04 DEBUG   [fuenzalida] 20 avisos vía tarjetas
17:26:06 DEBUG   La red no quedó en silencio en https://houm.com/cl/arriendo-departamento-región-metropolitana/las-condes/175757; se lee igual
17:26:06 DEBUG   [houm] 1 avisos vía estado-embebido
17:26:07 DEBUG   [fuenzalida] 20 avisos vía tarjetas
17:26:07 DEBUG   [accesoinmobiliario] 16 avisos vía tarjetas
17:26:10 DEBUG   [goplaceit] 30 avisos vía json-ld
17:26:11 DEBUG   [fuenzalida] 20 avisos vía tarjetas
17:26:11 INFO      fuenzalida: 60 avisos en 11s
17:26:11 INFO    Barriendo Magnolia Property (magnoliaproperty)…
17:26:11 DEBUG   [magnoliaproperty] 6 avisos vía tarjetas
17:26:11 INFO      magnoliaproperty: 6 avisos en 1s
17:26:11 INFO    Barriendo Portilla Propiedades (portillapropiedades)…
17:26:12 DEBUG   [portillapropiedades] 2 avisos vía tarjetas
17:26:12 INFO      portillapropiedades: 2 avisos en 1s
17:26:12 INFO    Barriendo Nativo Propiedades (nativopropiedades)…
17:26:12 DEBUG   [accesoinmobiliario] 1 avisos vía tarjetas
17:26:13 DEBUG   [nativopropiedades] 7 avisos vía tarjetas
17:26:13 INFO      nativopropiedades: 7 avisos en 1s
17:26:13 INFO    Barriendo Zenta Group (zentagroup)…
17:26:14 INFO      zentagroup: 0 avisos en 1s
17:26:14 INFO    Barriendo Enlace Inmobiliario (enlaceinmobiliario)…
17:26:14 WARNING https://www.enlaceinmobiliario.cl/ respondió 403
17:26:14 INFO    [enlaceinmobiliario] https://www.enlaceinmobiliario.cl/ rebotó al GET; se reintenta con navegador
17:26:15 DEBUG   La red no quedó en silencio en https://houm.com/cl/arriendo-departamento-región-metropolitana/ñuñoa/176912; se lee igual
17:26:15 DEBUG   [houm] 1 avisos vía estado-embebido
17:26:19 INFO      enlaceinmobiliario: 0 avisos en 6s
17:26:19 INFO    Barriendo Rentas.cl (rentas_cl)…
17:26:22 DEBUG   [rentas_cl] 1 avisos vía json-ld
17:26:22 INFO      rentas_cl: 1 avisos en 3s
17:26:22 INFO    Barriendo Arriendos.cl (arriendos_cl)…
17:26:23 INFO      arriendos_cl: 0 avisos en 1s
17:26:23 INFO    Barriendo Propiedades.cl (propiedades_cl)…
17:26:23 DEBUG   [propiedades_cl] 6 avisos vía tarjetas
17:26:23 INFO      propiedades_cl: 6 avisos en 1s
17:26:23 INFO    Barriendo Clasificados.cl (clasificados_cl)…
17:26:26 DEBUG   [accesoinmobiliario] 1 avisos vía tarjetas
17:26:26 DEBUG   La red no quedó en silencio en https://houm.com/cl/arriendo-departamento-región-metropolitana/ñuñoa/174379; se lee igual
17:26:26 DEBUG   [houm] 1 avisos vía estado-embebido
17:26:27 DEBUG   [clasificados_cl] 1 avisos vía tarjetas
17:26:27 INFO      clasificados_cl: 1 avisos en 3s
17:26:32 DEBUG   [accesoinmobiliario] 1 avisos vía tarjetas
17:26:36 DEBUG   La red no quedó en silencio en https://houm.com/cl/arriendo-departamento-región-metropolitana/providencia/175432; se lee igual
17:26:36 DEBUG   [houm] 1 avisos vía estado-embebido
17:26:38 INFO      accesoinmobiliario: 19 avisos en 35s
17:26:45 INFO      goplaceit: 90 avisos en 131s
17:26:46 DEBUG   La red no quedó en silencio en https://houm.com/cl/arriendo-departamento-región-metropolitana/recoleta/176958; se lee igual
17:26:46 DEBUG   [houm] 1 avisos vía estado-embebido
17:26:46 INFO      houm: 36 avisos en 97s
17:26:46 INFO    Total crudo: 1387 avisos
17:26:46 INFO    Después de deduplicar: 519
17:26:46 INFO    Pasaron los filtros: 80
17:26:49 DEBUG   [doomos] 24 avisos vía tarjetas
17:26:49 DEBUG   Ficha de YVT22 sin candidato propio; no se fusiona
17:26:51 DEBUG   [doomos] 32 avisos vía tarjetas
17:26:51 DEBUG   Ficha de U44VT sin candidato propio; no se fusiona
17:26:53 DEBUG   [doomos] 33 avisos vía tarjetas
17:26:53 DEBUG   Ficha de KNAE9 sin candidato propio; no se fusiona
17:26:55 DEBUG   [doomos] 33 avisos vía tarjetas
17:26:55 DEBUG   Ficha de ZWNAN sin candidato propio; no se fusiona
17:26:57 DEBUG   [doomos] 33 avisos vía tarjetas
17:26:57 DEBUG   Ficha de PR3QK sin candidato propio; no se fusiona
17:26:57 DEBUG   [chilepropiedades] 1 avisos vía tarjetas
17:27:01 DEBUG   Ficha de EKBQX sin candidato propio; no se fusiona
17:27:04 DEBUG   [yapo] 2 avisos vía tarjetas
17:27:05 DEBUG   [mitula] 3 avisos vía tarjetas
17:27:05 DEBUG   Ficha de XPKMN sin candidato propio; no se fusiona
17:27:12 DEBUG   [toctoc] 1 avisos vía estado-embebido
17:27:13 DEBUG   [mitula] 3 avisos vía tarjetas
17:27:13 DEBUG   Ficha de 3CEB4 sin candidato propio; no se fusiona
17:27:17 DEBUG   Ficha de DSKEC sin candidato propio; no se fusiona
17:27:21 DEBUG   Ficha de 28KH8 sin candidato propio; no se fusiona
17:27:24 DEBUG   Ficha de 6XFU4 sin candidato propio; no se fusiona
17:27:28 DEBUG   Ficha de W8EMY sin candidato propio; no se fusiona
17:27:32 DEBUG   Ficha de GW6BY sin candidato propio; no se fusiona
17:27:35 DEBUG   Ficha de SKZWX sin candidato propio; no se fusiona
17:27:39 DEBUG   Ficha de B9ABC sin candidato propio; no se fusiona
17:27:43 DEBUG   Ficha de SRZBT sin candidato propio; no se fusiona
17:27:47 DEBUG   Ficha de 3FMUT sin candidato propio; no se fusiona
17:27:50 DEBUG   Ficha de TH9YK sin candidato propio; no se fusiona
17:27:54 DEBUG   [engelvoelkers] 1 avisos vía json-ld
17:27:54 INFO    Enriquecido y descartado: VJ3BP (arriendo de $2.533.275 sobre el máximo negociable de $1.904.000)
17:27:55 DEBUG   [yapo] 2 avisos vía json-ld
17:28:01 DEBUG   [toctoc] 1 avisos vía estado-embebido
17:28:07 DEBUG   [toctoc] 1 avisos vía estado-embebido
17:28:07 DEBUG   [chilepropiedades] 2 avisos vía json-ld
17:28:14 DEBUG   [toctoc] 1 avisos vía estado-embebido
17:28:14 DEBUG   [chilepropiedades] 2 avisos vía json-ld
17:28:14 INFO    Fichas leídas: 45 — 2 ganaron el año, 0 la dirección; 1 se descartaron al verlas (0 por viejos)
17:28:16 INFO    Listo: 3 avisados de 79 candidatos
