01:41:50 INFO    UF = $41.089.96 (API del día)
01:41:50 INFO    Barriendo TocToc (toctoc)…
01:41:50 INFO    Barriendo Chilepropiedades (chilepropiedades)…
01:41:50 INFO    Barriendo GoPlaceIt (goplaceit)…
01:41:50 INFO    Barriendo Yapo (yapo)…
01:41:50 WARNING https://www.yapo.cl/bienes-raices-alquiler-apartamentos/region-metropolitana-vitacura respondió 403
01:41:50 INFO    [yapo] https://www.yapo.cl/bienes-raices-alquiler-apartamentos/region-metropolitana-vitacura rebotó al GET; se reintenta con navegador
01:41:51 DEBUG   [chilepropiedades] 10 avisos vía tarjetas
01:41:53 DEBUG   [chilepropiedades] 10 avisos vía tarjetas
01:41:55 DEBUG   [chilepropiedades] 10 avisos vía tarjetas
01:41:55 INFO      chilepropiedades: 30 avisos en 5s
01:41:55 INFO    Barriendo BuscoNido (busconido)…
01:41:56 DEBUG   [busconido] 23 avisos vía tarjetas
01:41:56 INFO      busconido: 23 avisos en 1s
01:41:56 INFO    Barriendo BienesOnline (bienesonline)…
01:41:57 DEBUG   [bienesonline] 12 avisos vía tarjetas
01:41:57 INFO      bienesonline: 12 avisos en 1s
01:41:57 INFO    Barriendo Economicos (El Mercurio) (economicos)…
01:41:57 WARNING https://www.economicos.cl/search/propiedades/vitacura/arriendo/departamento/0 respondió 403
01:41:57 INFO    [economicos] https://www.economicos.cl/search/propiedades/vitacura/arriendo/departamento/0 rebotó al GET; se reintenta con navegador
01:41:57 DEBUG   La red no quedó en silencio en https://www.yapo.cl/bienes-raices-alquiler-apartamentos/region-metropolitana-vitacura; se lee igual
01:41:57 INFO      yapo: 0 avisos en 7s
01:41:57 INFO    Barriendo iCasas (icasas)…
01:41:58 DEBUG   [toctoc] 20 avisos vía json-ld
01:41:58 DEBUG   [icasas] 15 avisos vía tarjetas
01:41:59 INFO      economicos: 0 avisos en 2s
01:41:59 INFO    Barriendo Doomos (doomos)…
01:42:00 DEBUG   [icasas] 15 avisos vía tarjetas
01:42:00 INFO      icasas: 30 avisos en 3s
01:42:00 INFO    Barriendo Top Propiedades (toppropiedades)…
01:42:01 DEBUG   [goplaceit] 30 avisos vía json-ld
01:42:03 DEBUG   [doomos] 33 avisos vía tarjetas
01:42:03 INFO      doomos: 33 avisos en 4s
01:42:03 INFO    Barriendo Nuroa (nuroa)…
01:42:03 DEBUG   Encoding detection: ascii is most likely the one.
01:42:04 DEBUG   [nuroa] 25 avisos vía json-ld
01:42:04 DEBUG   [toppropiedades] 1 avisos vía json-ld
01:42:06 DEBUG   La red no quedó en silencio en https://www.toctoc.com/arriendo/departamento/metropolitana/vitacura/3-dormitorios?pagina=2; se lee igual
01:42:06 DEBUG   [nuroa] 25 avisos vía json-ld
01:42:06 DEBUG   [toppropiedades] 1 avisos vía json-ld
01:42:07 DEBUG   [toctoc] 20 avisos vía json-ld
01:42:08 DEBUG   [nuroa] 25 avisos vía json-ld
01:42:09 DEBUG   [toppropiedades] 1 avisos vía json-ld
01:42:10 DEBUG   [nuroa] 25 avisos vía json-ld
01:42:10 INFO      nuroa: 100 avisos en 8s
01:42:10 INFO    Barriendo Mitula (mitula)…
01:42:10 DEBUG   [toppropiedades] 1 avisos vía json-ld
01:42:12 DEBUG   [mitula] 30 avisos vía json-ld
01:42:13 DEBUG   [toppropiedades] 1 avisos vía json-ld
01:42:14 DEBUG   La red no quedó en silencio en https://www.toctoc.com/arriendo/departamento/metropolitana/vitacura/3-dormitorios?pagina=3; se lee igual
01:42:14 DEBUG   [mitula] 30 avisos vía json-ld
01:42:14 INFO      mitula: 60 avisos en 4s
01:42:14 INFO    Barriendo Houm (houm)…
01:42:14 DEBUG   [toctoc] 13 avisos vía json-ld
01:42:14 DEBUG   [toppropiedades] 1 avisos vía json-ld
01:42:16 DEBUG   [toppropiedades] 1 avisos vía json-ld
01:42:18 DEBUG   [toppropiedades] 1 avisos vía json-ld
01:42:18 INFO      toppropiedades: 8 avisos en 18s
01:42:18 INFO    Barriendo Hey! Homes (heyhomes)…
01:42:21 DEBUG   [heyhomes] 9 avisos vía tarjetas
01:42:21 INFO      heyhomes: 9 avisos en 3s
01:42:21 INFO    Barriendo Engel & Völkers (engelvoelkers)…
01:42:22 DEBUG   La red no quedó en silencio en https://houm.com/cl/arriendo-departamentos-region-metropolitana/vitacura/3-dormitorios; se lee igual
01:42:22 DEBUG   [houm] 28 avisos vía json-ld
01:42:23 DEBUG   [toctoc] 20 avisos vía json-ld
01:42:27 DEBUG   [engelvoelkers] 16 avisos vía tarjetas
01:42:27 INFO      engelvoelkers: 16 avisos en 5s
01:42:27 INFO    Barriendo RE/MAX Chile (remax)…
01:42:33 DEBUG   La red no quedó en silencio en https://www.toctoc.com/arriendo/departamento/metropolitana/vitacura/4-dormitorios?pagina=2; se lee igual
01:42:33 DEBUG   [toctoc] 16 avisos vía json-ld
01:42:34 DEBUG   La red no quedó en silencio en https://houm.com/cl/arriendo-departamento-región-metropolitana/las-condes/170742; se lee igual
01:42:34 DEBUG   [houm] 1 avisos vía estado-embebido
01:42:37 INFO      remax: 0 avisos en 10s
01:42:37 INFO    Barriendo Fuenzalida Propiedades (fuenzalida)…
01:42:40 DEBUG   [fuenzalida] 16 avisos vía tarjetas
01:42:43 DEBUG   [fuenzalida] 20 avisos vía tarjetas
01:42:44 DEBUG   La red no quedó en silencio en https://www.toctoc.com/arriendo/departamento/metropolitana/vitacura/4-dormitorios?pagina=3; se lee igual
01:42:44 DEBUG   [toctoc] 20 avisos vía json-ld
01:42:44 INFO      toctoc: 109 avisos en 54s
01:42:44 INFO    Barriendo Century 21 Chile (century21)…
01:42:45 DEBUG   La red no quedó en silencio en https://houm.com/cl/arriendo-departamento-región-metropolitana/lo-barnechea/74201; se lee igual
01:42:45 DEBUG   [houm] 1 avisos vía estado-embebido
01:42:46 INFO      century21: 0 avisos en 2s
01:42:46 INFO    Barriendo Property Partners (propertypartners)…
01:42:46 DEBUG   [propertypartners] 1 avisos vía tarjetas
01:42:46 INFO      propertypartners: 1 avisos en 0s
01:42:46 INFO    Barriendo Acceso Inmobiliario (accesoinmobiliario)…
01:42:47 DEBUG   [fuenzalida] 20 avisos vía tarjetas
01:42:47 INFO      fuenzalida: 56 avisos en 10s
01:42:47 INFO    Barriendo Magnolia Property (magnoliaproperty)…
01:42:48 DEBUG   [magnoliaproperty] 8 avisos vía tarjetas
01:42:48 INFO      magnoliaproperty: 8 avisos en 1s
01:42:48 INFO    Barriendo Portilla Propiedades (portillapropiedades)…
01:42:48 DEBUG   [portillapropiedades] 2 avisos vía tarjetas
01:42:48 INFO      portillapropiedades: 2 avisos en 1s
01:42:48 INFO    Barriendo Nativo Propiedades (nativopropiedades)…
01:42:49 DEBUG   [nativopropiedades] 10 avisos vía tarjetas
01:42:49 INFO      nativopropiedades: 10 avisos en 1s
01:42:49 INFO    Barriendo Enlace Inmobiliario (enlaceinmobiliario)…
01:42:49 WARNING https://www.enlaceinmobiliario.cl/ respondió 403
01:42:49 INFO    [enlaceinmobiliario] https://www.enlaceinmobiliario.cl/ rebotó al GET; se reintenta con navegador
01:42:51 DEBUG   [accesoinmobiliario] 15 avisos vía tarjetas
01:42:52 DEBUG   La red no quedó en silencio en https://houm.com/cl/arriendo-departamento-región-metropolitana/recoleta/179872; se lee igual
01:42:53 DEBUG   [houm] 1 avisos vía estado-embebido
01:42:54 DEBUG   [goplaceit] 30 avisos vía json-ld
01:42:59 DEBUG   La red no quedó en silencio en https://www.enlaceinmobiliario.cl/; se lee igual
01:42:59 INFO      enlaceinmobiliario: 0 avisos en 10s
01:42:59 INFO    Barriendo Rentas.cl (rentas_cl)…
01:43:01 DEBUG   [rentas_cl] 1 avisos vía json-ld
01:43:01 INFO      rentas_cl: 1 avisos en 2s
01:43:01 INFO    Barriendo Arriendos.cl (arriendos_cl)…
01:43:02 DEBUG   [arriendos_cl] 1 avisos vía tarjetas
01:43:02 INFO      arriendos_cl: 1 avisos en 1s
01:43:02 INFO    Barriendo Propiedades.cl (propiedades_cl)…
01:43:03 DEBUG   La red no quedó en silencio en https://houm.com/cl/arriendo-departamento-región-metropolitana/recoleta/178185; se lee igual
01:43:03 DEBUG   [houm] 1 avisos vía estado-embebido
01:43:03 DEBUG   [propiedades_cl] 6 avisos vía tarjetas
01:43:03 INFO      propiedades_cl: 6 avisos en 1s
01:43:03 INFO    Barriendo Clasificados.cl (clasificados_cl)…
01:43:05 DEBUG   [clasificados_cl] 1 avisos vía tarjetas
01:43:05 INFO      clasificados_cl: 1 avisos en 2s
01:43:10 DEBUG   La red no quedó en silencio en https://houm.com/cl/arriendo-departamento-región-metropolitana/recoleta/176207; se lee igual
01:43:11 DEBUG   [accesoinmobiliario] 1 avisos vía tarjetas
01:43:11 DEBUG   [houm] 1 avisos vía estado-embebido
01:43:20 DEBUG   La red no quedó en silencio en https://houm.com/cl/arriendo-departamento-región-metropolitana/las-condes/177842; se lee igual
01:43:20 DEBUG   [houm] 1 avisos vía estado-embebido
01:43:28 INFO      accesoinmobiliario: 16 avisos en 41s
01:43:28 DEBUG   La red no quedó en silencio en https://houm.com/cl/arriendo-departamento-región-metropolitana/recoleta/176958; se lee igual
01:43:28 DEBUG   [houm] 1 avisos vía estado-embebido
01:43:34 DEBUG   [goplaceit] 30 avisos vía json-ld
01:43:36 DEBUG   La red no quedó en silencio en https://houm.com/cl/arriendo-departamento-región-metropolitana/recoleta/90462; se lee igual
01:43:36 DEBUG   [houm] 1 avisos vía estado-embebido
01:43:36 INFO      houm: 36 avisos en 82s
01:43:58 INFO      goplaceit: 90 avisos en 128s
01:43:58 INFO    Total crudo: 658 avisos
01:43:59 INFO    Después de deduplicar: 471
01:43:59 INFO    Pasaron los filtros: 57
01:44:27 DEBUG   [doomos] 18 avisos vía tarjetas
01:44:27 DEBUG   Ficha de YVT22 sin candidato propio; no se fusiona
01:44:28 DEBUG   Ficha de HW5MX sin candidato propio; no se fusiona
01:44:29 DEBUG   [doomos] 27 avisos vía tarjetas
01:44:29 DEBUG   Ficha de U44VT sin candidato propio; no se fusiona
01:44:32 DEBUG   [doomos] 27 avisos vía tarjetas
01:44:32 DEBUG   Ficha de KNAE9 sin candidato propio; no se fusiona
01:44:37 DEBUG   [doomos] 27 avisos vía tarjetas
01:44:37 DEBUG   Ficha de PR3QK sin candidato propio; no se fusiona
01:44:40 DEBUG   [doomos] 27 avisos vía tarjetas
01:44:40 DEBUG   Ficha de 2HWEW sin candidato propio; no se fusiona
01:44:45 DEBUG   [doomos] 27 avisos vía tarjetas
01:44:45 DEBUG   Ficha de ZWNAN sin candidato propio; no se fusiona
01:44:46 DEBUG   [busconido] 10 avisos vía tarjetas
01:44:46 DEBUG   Ficha de 6669H sin candidato propio; no se fusiona
01:44:49 DEBUG   [doomos] 27 avisos vía tarjetas
01:44:49 DEBUG   Ficha de FQ6XQ sin candidato propio; no se fusiona
01:44:53 DEBUG   [toctoc] 1 avisos vía estado-embebido
01:44:53 DEBUG   [busconido] 10 avisos vía tarjetas
01:44:53 DEBUG   Ficha de 4TBZ6 sin candidato propio; no se fusiona
01:44:55 DEBUG   [busconido] 10 avisos vía tarjetas
01:44:55 DEBUG   Ficha de HAZYC sin candidato propio; no se fusiona
01:44:59 DEBUG   [toctoc] 1 avisos vía estado-embebido
01:45:00 DEBUG   [busconido] 11 avisos vía tarjetas
01:45:00 DEBUG   Ficha de RBUTV sin candidato propio; no se fusiona
01:45:04 INFO    Enriquecido y descartado: YAVJA (arriendo de $3.517.371 sobre el máximo negociable de $1.904.000)
01:45:04 DEBUG   [busconido] 10 avisos vía tarjetas
01:45:04 DEBUG   Ficha de Q4F5D sin candidato propio; no se fusiona
01:45:17 INFO    Enriquecido y descartado: CC2AY (arriendo de $2.032.258 sobre el máximo negociable de $1.904.000)
01:45:18 DEBUG   [magnoliaproperty] 2 avisos vía tarjetas
01:45:19 DEBUG   [doomos] 18 avisos vía tarjetas
01:45:19 DEBUG   Ficha de J5JN4 sin candidato propio; no se fusiona
01:45:19 WARNING robots.txt no permite https://www.nuroa.cl/adform/10342-912-101d5-1a0ff48-a45a-2e1434470692-7ad1?click_type=0&pos=15&searchType=1&page=1&section=1&t_sec=1&sectionType=1&pageViewId=a6ee7cfd-21e8-4005-8f78-83d19fbb5c74&t_pvid=a6ee7cfd-21e8-4005-8f78-83d19fbb5c74&userAgent=Mozilla%2F5.0+%28compatible%3B+radar-arriendos%2F1.0%3B+uso+personal%2C+busqueda+de+arriendo%3B+%2Bhttps%3A%2F%2Fgithub.com%2Falfonsoandona%2Farriendos-vitacura%29&browser=1&isHuman=true&userIp=172.214.44.209&what=vitacura+departamento&search_terms=vitacura+departamento&origin=1&t_or=1&splitTestId=0 — se omite
01:45:23 DEBUG   [toctoc] 1 avisos vía estado-embebido
01:45:31 DEBUG   [engelvoelkers] 1 avisos vía json-ld
01:45:37 DEBUG   [doomos] 27 avisos vía tarjetas
01:45:37 DEBUG   Ficha de P8XMT sin candidato propio; no se fusiona
01:45:41 DEBUG   [toctoc] 1 avisos vía estado-embebido
01:45:45 DEBUG   [toctoc] 1 avisos vía estado-embebido
01:45:49 DEBUG   [toctoc] 1 avisos vía estado-embebido
01:45:54 DEBUG   [toctoc] 1 avisos vía estado-embebido
01:45:59 WARNING robots.txt no permite https://www.nuroa.cl/adform/10342-912-bb8f-1a0f9f6-abb2-77f6c1d45b3f-7ce9?click_type=0&pos=22&searchType=2&page=1&section=1&t_sec=1&sectionType=1&pageViewId=a6ee7cfd-21e8-4005-8f78-83d19fbb5c74&t_pvid=a6ee7cfd-21e8-4005-8f78-83d19fbb5c74&userAgent=Mozilla%2F5.0+%28compatible%3B+radar-arriendos%2F1.0%3B+uso+personal%2C+busqueda+de+arriendo%3B+%2Bhttps%3A%2F%2Fgithub.com%2Falfonsoandona%2Farriendos-vitacura%29&browser=1&isHuman=true&userIp=172.214.44.209&what=vitacura+departamento&search_terms=vitacura+departamento&origin=1&t_or=1&splitTestId=0 — se omite
01:46:04 DEBUG   [toctoc] 1 avisos vía estado-embebido
01:46:08 DEBUG   [toctoc] 1 avisos vía estado-embebido
01:46:35 INFO    Enriquecido y descartado: 75BRH (arriendo de $2.149.504 sobre el máximo negociable de $1.904.000)
01:46:39 INFO    Enriquecido y descartado: 75BRH (arriendo de $1.954.095 sobre el máximo negociable de $1.904.000)
01:46:54 DEBUG   [toctoc] 1 avisos vía estado-embebido
01:47:01 DEBUG   [toctoc] 1 avisos vía estado-embebido
01:47:01 WARNING robots.txt no permite https://www.nuroa.cl/adform/10342-912-3e9b-1a0e30e-bd4c-4f30fb45531b-7a22?click_type=0&pos=21&searchType=1&page=1&section=1&t_sec=1&sectionType=1&pageViewId=a6ee7cfd-21e8-4005-8f78-83d19fbb5c74&t_pvid=a6ee7cfd-21e8-4005-8f78-83d19fbb5c74&userAgent=Mozilla%2F5.0+%28compatible%3B+radar-arriendos%2F1.0%3B+uso+personal%2C+busqueda+de+arriendo%3B+%2Bhttps%3A%2F%2Fgithub.com%2Falfonsoandona%2Farriendos-vitacura%29&browser=1&isHuman=true&userIp=172.214.44.209&what=vitacura+departamento&search_terms=vitacura+departamento&origin=1&t_or=1&splitTestId=0 — se omite
01:47:01 WARNING robots.txt no permite https://www.nuroa.cl/adform/10342-912-e7f8-1a0a016-97e0-4460cb69457-7a3c?click_type=0&pos=25&searchType=1&page=3&section=1&t_sec=1&sectionType=1&pageViewId=a73f6f2a-d6a7-4782-9ecf-6fcb64855694&t_pvid=a73f6f2a-d6a7-4782-9ecf-6fcb64855694&userAgent=Mozilla%2F5.0+%28compatible%3B+radar-arriendos%2F1.0%3B+uso+personal%2C+busqueda+de+arriendo%3B+%2Bhttps%3A%2F%2Fgithub.com%2Falfonsoandona%2Farriendos-vitacura%29&browser=1&isHuman=true&userIp=172.214.44.209&what=vitacura+departamento&search_terms=vitacura+departamento&origin=1&t_or=1&splitTestId=0 — se omite
01:47:08 DEBUG   [toctoc] 1 avisos vía estado-embebido
01:47:09 DEBUG   [mitula] 3 avisos vía tarjetas
01:47:13 INFO    Enriquecido y descartado: 75BRH (arriendo de $4.299.009 sobre el máximo negociable de $1.904.000)
01:47:17 INFO    Fichas leídas: 57 — 0 ganaron el año, 0 la dirección; 5 se descartaron al verlas (0 por viejos)
01:47:18 INFO    Listo: 0 avisados de 52 candidatos
