15:54:48 INFO    UF = $40.950.90 (API del día)
15:54:48 INFO    Barriendo TocToc (toctoc)…
15:54:48 INFO    Barriendo Chilepropiedades (chilepropiedades)…
15:54:48 INFO    Barriendo GoPlaceIt (goplaceit)…
15:54:48 INFO    Barriendo Yapo (yapo)…
15:54:49 DEBUG   [chilepropiedades] 10 avisos vía tarjetas
15:54:51 DEBUG   [chilepropiedades] 10 avisos vía tarjetas
15:54:52 DEBUG   [goplaceit] 30 avisos vía json-ld
15:54:53 DEBUG   [chilepropiedades] 10 avisos vía tarjetas
15:54:53 INFO      chilepropiedades: 30 avisos en 5s
15:54:53 INFO    Barriendo BuscoNido (busconido)…
15:54:54 INFO      yapo: 0 avisos en 6s
15:54:54 INFO    Barriendo BienesOnline (bienesonline)…
15:54:54 DEBUG   [busconido] 23 avisos vía tarjetas
15:54:54 INFO      busconido: 23 avisos en 1s
15:54:54 INFO    Barriendo Economicos (El Mercurio) (economicos)…
15:54:54 WARNING https://www.economicos.cl/search/propiedades/vitacura/arriendo/departamento/0 respondió 403
15:54:54 INFO    [economicos] https://www.economicos.cl/search/propiedades/vitacura/arriendo/departamento/0 rebotó al GET; se reintenta con navegador
15:54:55 DEBUG   [bienesonline] 17 avisos vía tarjetas
15:54:55 INFO      bienesonline: 17 avisos en 1s
15:54:55 INFO    Barriendo iCasas (icasas)…
15:54:55 DEBUG   [toctoc] 20 avisos vía json-ld
15:54:56 DEBUG   [icasas] 15 avisos vía tarjetas
15:54:56 INFO      economicos: 0 avisos en 3s
15:54:56 INFO    Barriendo Doomos (doomos)…
15:54:57 WARNING https://www.doomos.cl/departamentos-vitacura-arriendo respondió 403
15:54:57 INFO    [doomos] https://www.doomos.cl/departamentos-vitacura-arriendo rebotó al GET; se reintenta con navegador
15:54:57 DEBUG   [icasas] 15 avisos vía tarjetas
15:54:57 INFO      icasas: 30 avisos en 3s
15:54:57 INFO    Barriendo Top Propiedades (toppropiedades)…
15:55:01 DEBUG   [toppropiedades] 1 avisos vía json-ld
15:55:02 INFO      doomos: 0 avisos en 5s
15:55:02 INFO    Barriendo Nuroa (nuroa)…
15:55:02 DEBUG   [toctoc] 20 avisos vía json-ld
15:55:03 DEBUG   Encoding detection: ascii is most likely the one.
15:55:03 DEBUG   [toppropiedades] 1 avisos vía json-ld
15:55:04 DEBUG   [nuroa] 25 avisos vía json-ld
15:55:05 DEBUG   [toppropiedades] 1 avisos vía json-ld
15:55:06 DEBUG   [nuroa] 25 avisos vía json-ld
15:55:07 DEBUG   [toppropiedades] 1 avisos vía json-ld
15:55:08 DEBUG   [nuroa] 25 avisos vía json-ld
15:55:09 DEBUG   [toctoc] 20 avisos vía json-ld
15:55:09 DEBUG   [toppropiedades] 1 avisos vía json-ld
15:55:10 DEBUG   [nuroa] 25 avisos vía json-ld
15:55:10 INFO      nuroa: 100 avisos en 8s
15:55:10 INFO    Barriendo Mitula (mitula)…
15:55:11 DEBUG   [toppropiedades] 1 avisos vía json-ld
15:55:12 DEBUG   [mitula] 30 avisos vía json-ld
15:55:13 DEBUG   [toppropiedades] 1 avisos vía json-ld
15:55:14 DEBUG   [mitula] 30 avisos vía json-ld
15:55:14 INFO      mitula: 60 avisos en 4s
15:55:14 INFO    Barriendo Houm (houm)…
15:55:15 DEBUG   [toppropiedades] 1 avisos vía json-ld
15:55:15 INFO      toppropiedades: 8 avisos en 18s
15:55:15 INFO    Barriendo Hey! Homes (heyhomes)…
15:55:15 DEBUG   [toctoc] 20 avisos vía json-ld
15:55:18 DEBUG   [heyhomes] 9 avisos vía tarjetas
15:55:18 INFO      heyhomes: 9 avisos en 3s
15:55:18 INFO    Barriendo Engel & Völkers (engelvoelkers)…
15:55:22 DEBUG   La red no quedó en silencio en https://houm.com/cl/arriendo-departamentos-region-metropolitana/vitacura/3-dormitorios; se lee igual
15:55:23 DEBUG   [houm] 28 avisos vía json-ld
15:55:25 DEBUG   [toctoc] 16 avisos vía json-ld
15:55:28 DEBUG   [engelvoelkers] 16 avisos vía tarjetas
15:55:28 INFO      engelvoelkers: 16 avisos en 10s
15:55:28 INFO    Barriendo RE/MAX Chile (remax)…
15:55:28 DEBUG   [goplaceit] 30 avisos vía json-ld
15:55:35 DEBUG   La red no quedó en silencio en https://www.toctoc.com/arriendo/departamento/metropolitana/vitacura/4-dormitorios?pagina=3; se lee igual
15:55:35 DEBUG   La red no quedó en silencio en https://houm.com/cl/arriendo-departamento-región-metropolitana/las-condes/170742; se lee igual
15:55:36 DEBUG   [houm] 1 avisos vía estado-embebido
15:55:37 WARNING [toctoc] https://www.toctoc.com/arriendo/departamento/metropolitana/vitacura/4-dormitorios?pagina=3 falló: Page.content: Unable to retrieve content because the page is navigating and changing the content.
15:55:37 WARNING   toctoc: Page.content: Unable to retrieve content because the page is navigating and changing the content.
15:55:37 INFO      toctoc: 96 avisos en 49s
15:55:37 INFO    Barriendo Fuenzalida Propiedades (fuenzalida)…
15:55:39 INFO      remax: 0 avisos en 11s
15:55:39 INFO    Barriendo Century 21 Chile (century21)…
15:55:40 DEBUG   [fuenzalida] 16 avisos vía tarjetas
15:55:41 INFO      century21: 0 avisos en 2s
15:55:41 INFO    Barriendo Property Partners (propertypartners)…
15:55:41 DEBUG   [propertypartners] 1 avisos vía tarjetas
15:55:41 INFO      propertypartners: 1 avisos en 0s
15:55:41 INFO    Barriendo Acceso Inmobiliario (accesoinmobiliario)…
15:55:43 DEBUG   [fuenzalida] 20 avisos vía tarjetas
15:55:46 DEBUG   [fuenzalida] 20 avisos vía tarjetas
15:55:46 INFO      fuenzalida: 56 avisos en 9s
15:55:46 INFO    Barriendo Magnolia Property (magnoliaproperty)…
15:55:46 DEBUG   [magnoliaproperty] 6 avisos vía tarjetas
15:55:46 INFO      magnoliaproperty: 6 avisos en 1s
15:55:46 INFO    Barriendo Portilla Propiedades (portillapropiedades)…
15:55:47 DEBUG   La red no quedó en silencio en https://houm.com/cl/arriendo-departamento-región-metropolitana/las-condes/175757; se lee igual
15:55:47 DEBUG   [houm] 1 avisos vía estado-embebido
15:55:47 DEBUG   [portillapropiedades] 2 avisos vía tarjetas
15:55:47 INFO      portillapropiedades: 2 avisos en 1s
15:55:47 INFO    Barriendo Nativo Propiedades (nativopropiedades)…
15:55:47 DEBUG   [accesoinmobiliario] 16 avisos vía tarjetas
15:55:48 DEBUG   [nativopropiedades] 10 avisos vía tarjetas
15:55:48 INFO      nativopropiedades: 10 avisos en 1s
15:55:48 INFO    Barriendo Enlace Inmobiliario (enlaceinmobiliario)…
15:55:48 WARNING https://www.enlaceinmobiliario.cl/ respondió 403
15:55:48 INFO    [enlaceinmobiliario] https://www.enlaceinmobiliario.cl/ rebotó al GET; se reintenta con navegador
15:55:53 DEBUG   [accesoinmobiliario] 1 avisos vía tarjetas
15:55:55 DEBUG   La red no quedó en silencio en https://houm.com/cl/arriendo-departamento-región-metropolitana/lo-barnechea/74201; se lee igual
15:55:55 DEBUG   [houm] 1 avisos vía estado-embebido
15:55:59 DEBUG   La red no quedó en silencio en https://www.enlaceinmobiliario.cl/; se lee igual
15:56:00 INFO      enlaceinmobiliario: 0 avisos en 12s
15:56:00 INFO    Barriendo Rentas.cl (rentas_cl)…
15:56:01 DEBUG   [accesoinmobiliario] 1 avisos vía tarjetas
15:56:02 DEBUG   [rentas_cl] 1 avisos vía json-ld
15:56:02 INFO      rentas_cl: 1 avisos en 2s
15:56:02 INFO    Barriendo Arriendos.cl (arriendos_cl)…
15:56:03 INFO      arriendos_cl: 0 avisos en 1s
15:56:03 INFO    Barriendo Propiedades.cl (propiedades_cl)…
15:56:04 DEBUG   [propiedades_cl] 6 avisos vía tarjetas
15:56:04 INFO      propiedades_cl: 6 avisos en 1s
15:56:04 INFO    Barriendo Clasificados.cl (clasificados_cl)…
15:56:06 DEBUG   [clasificados_cl] 1 avisos vía tarjetas
15:56:06 INFO      clasificados_cl: 1 avisos en 2s
15:56:07 DEBUG   La red no quedó en silencio en https://houm.com/cl/arriendo-departamento-región-metropolitana/providencia/175947; se lee igual
15:56:07 DEBUG   [houm] 1 avisos vía estado-embebido
15:56:15 DEBUG   [goplaceit] 30 avisos vía json-ld
15:56:16 DEBUG   La red no quedó en silencio en https://houm.com/cl/arriendo-departamento-región-metropolitana/ñuñoa/174379; se lee igual
15:56:16 DEBUG   [houm] 1 avisos vía estado-embebido
15:56:23 DEBUG   [accesoinmobiliario] 1 avisos vía tarjetas
15:56:23 INFO      accesoinmobiliario: 19 avisos en 41s
15:56:25 DEBUG   La red no quedó en silencio en https://houm.com/cl/arriendo-departamento-región-metropolitana/recoleta/179872; se lee igual
15:56:25 DEBUG   [houm] 1 avisos vía estado-embebido
15:56:32 DEBUG   La red no quedó en silencio en https://houm.com/cl/arriendo-departamento-región-metropolitana/recoleta/178185; se lee igual
15:56:32 DEBUG   [houm] 1 avisos vía estado-embebido
15:56:40 DEBUG   La red no quedó en silencio en https://houm.com/cl/arriendo-departamento-región-metropolitana/las-condes/177842; se lee igual
15:56:40 DEBUG   [houm] 1 avisos vía estado-embebido
15:56:40 INFO      houm: 36 avisos en 86s
15:56:42 INFO      goplaceit: 90 avisos en 114s
15:56:42 INFO    Total crudo: 617 avisos
15:56:43 INFO    Después de deduplicar: 399
15:56:43 INFO    Libreta de edificios: 1 avisos ganaron el año por su dirección (la libreta sabe de 39 edificios)
15:56:43 INFO    Pasaron los filtros: 38
15:57:03 DEBUG   Ficha de HW5MX sin candidato propio; no se fusiona
15:57:04 DEBUG   [busconido] 10 avisos vía tarjetas
15:57:04 DEBUG   Ficha de TFTUJ sin candidato propio; no se fusiona
15:57:06 DEBUG   [busconido] 10 avisos vía tarjetas
15:57:06 DEBUG   Ficha de SPFRV sin candidato propio; no se fusiona
15:57:08 DEBUG   [busconido] 10 avisos vía tarjetas
15:57:08 DEBUG   Ficha de 225XZ sin candidato propio; no se fusiona
15:57:08 INFO    Enriquecido y descartado: UE5V9 (94 m² totales, no llega a más de 100 m²)
15:57:10 DEBUG   [busconido] 10 avisos vía tarjetas
15:57:10 DEBUG   Ficha de 59KSN sin candidato propio; no se fusiona
15:57:12 DEBUG   [busconido] 10 avisos vía tarjetas
15:57:12 DEBUG   Ficha de PAH4E sin candidato propio; no se fusiona
15:57:14 DEBUG   [busconido] 10 avisos vía tarjetas
15:57:14 DEBUG   Ficha de VFFCW sin candidato propio; no se fusiona
15:57:18 INFO    Enriquecido y descartado: YAVJA (arriendo de $3.517.371 sobre el máximo negociable de $1.904.000)
15:57:22 INFO    Enriquecido y descartado: CC2AY (arriendo de $2.032.258 sobre el máximo negociable de $1.904.000)
15:57:26 DEBUG   [toctoc] 1 avisos vía estado-embebido
15:57:27 DEBUG   [mitula] 3 avisos vía tarjetas
15:57:40 DEBUG   [toctoc] 1 avisos vía estado-embebido
15:57:44 DEBUG   [toctoc] 1 avisos vía estado-embebido
15:57:53 DEBUG   [toctoc] 1 avisos vía estado-embebido
15:57:57 INFO    Enriquecido y descartado: 75BRH (arriendo de $2.931.142 sobre el máximo negociable de $1.904.000)
15:58:20 INFO    Enriquecido y descartado: 75BRH (arriendo de $2.149.504 sobre el máximo negociable de $1.904.000)
15:58:23 INFO    Enriquecido y descartado: 75BRH (arriendo de $1.954.095 sobre el máximo negociable de $1.904.000)
15:58:39 DEBUG   [toctoc] 1 avisos vía estado-embebido
15:58:44 WARNING robots.txt no permite https://www.nuroa.cl/adform/10342-912-e7f8-1a0a016-97e0-4460cb69457-7a3c?click_type=0&pos=22&searchType=1&page=1&section=1&t_sec=1&sectionType=1&pageViewId=a0f09169-f46d-4061-a46d-9bcde7a1d8a5&t_pvid=a0f09169-f46d-4061-a46d-9bcde7a1d8a5&userAgent=Mozilla%2F5.0+%28compatible%3B+radar-arriendos%2F1.0%3B+uso+personal%2C+busqueda+de+arriendo%3B+%2Bhttps%3A%2F%2Fgithub.com%2Falfonsoandona%2Farriendos-vitacura%29&browser=1&isHuman=true&userIp=20.81.159.119&what=vitacura+departamento&search_terms=vitacura+departamento&origin=1&t_or=1&splitTestId=0 — se omite
15:58:48 DEBUG   [toctoc] 1 avisos vía estado-embebido
15:58:53 DEBUG   [toctoc] 1 avisos vía estado-embebido
15:58:57 INFO    Enriquecido y descartado: 75BRH (arriendo de $4.299.009 sobre el máximo negociable de $1.904.000)
15:59:01 INFO    Fichas leídas: 38 — 0 ganaron el año, 0 la dirección; 7 se descartaron al verlas (0 por viejos)
15:59:02 INFO    Listo: 0 avisados de 31 candidatos
