02:09:56 INFO    No se pudo traer la UF del día (ReadTimeout); se usa el respaldo
02:09:56 INFO    UF = $41.130.94 (caché de hace 1 día(s) — la API no respondió)
02:09:56 INFO    Barriendo TocToc (toctoc)…
02:09:56 INFO    Barriendo Chilepropiedades (chilepropiedades)…
02:09:56 INFO    Barriendo GoPlaceIt (goplaceit)…
02:09:56 INFO    Barriendo Yapo (yapo)…
02:09:57 WARNING https://www.yapo.cl/bienes-raices-alquiler-apartamentos/region-metropolitana-vitacura respondió 403
02:09:57 INFO    [yapo] https://www.yapo.cl/bienes-raices-alquiler-apartamentos/region-metropolitana-vitacura rebotó al GET; se reintenta con navegador
02:09:57 DEBUG   [chilepropiedades] 10 avisos vía tarjetas
02:09:59 DEBUG   [chilepropiedades] 10 avisos vía tarjetas
02:10:00 DEBUG   [goplaceit] 30 avisos vía json-ld
02:10:01 DEBUG   [chilepropiedades] 10 avisos vía tarjetas
02:10:01 INFO      chilepropiedades: 30 avisos en 5s
02:10:01 INFO    Barriendo BuscoNido (busconido)…
02:10:02 DEBUG   [busconido] 23 avisos vía tarjetas
02:10:02 INFO      busconido: 23 avisos en 1s
02:10:02 INFO    Barriendo BienesOnline (bienesonline)…
02:10:03 DEBUG   [bienesonline] 11 avisos vía tarjetas
02:10:03 INFO      bienesonline: 11 avisos en 1s
02:10:03 INFO    Barriendo Economicos (El Mercurio) (economicos)…
02:10:04 WARNING https://www.economicos.cl/search/propiedades/vitacura/arriendo/departamento/0 respondió 403
02:10:04 INFO    [economicos] https://www.economicos.cl/search/propiedades/vitacura/arriendo/departamento/0 rebotó al GET; se reintenta con navegador
02:10:04 DEBUG   La red no quedó en silencio en https://www.toctoc.com/arriendo/departamento/metropolitana/vitacura/3-dormitorios; se lee igual
02:10:05 DEBUG   [toctoc] 20 avisos vía json-ld
02:10:07 DEBUG   La red no quedó en silencio en https://www.yapo.cl/bienes-raices-alquiler-apartamentos/region-metropolitana-vitacura; se lee igual
02:10:07 INFO      yapo: 0 avisos en 10s
02:10:07 INFO    Barriendo iCasas (icasas)…
02:10:07 DEBUG   [icasas] 15 avisos vía tarjetas
02:10:08 INFO      economicos: 0 avisos en 5s
02:10:08 INFO    Barriendo Doomos (doomos)…
02:10:09 DEBUG   [icasas] 15 avisos vía tarjetas
02:10:09 INFO      icasas: 30 avisos en 2s
02:10:09 INFO    Barriendo Top Propiedades (toppropiedades)…
02:10:13 DEBUG   [toppropiedades] 1 avisos vía json-ld
02:10:15 DEBUG   [toppropiedades] 1 avisos vía json-ld
02:10:16 DEBUG   La red no quedó en silencio en https://www.toctoc.com/arriendo/departamento/metropolitana/vitacura/3-dormitorios?pagina=2; se lee igual
02:10:16 DEBUG   [toctoc] 59 avisos vía json-ld
02:10:17 DEBUG   [toppropiedades] 1 avisos vía json-ld
02:10:19 DEBUG   [toppropiedades] 1 avisos vía json-ld
02:10:20 DEBUG   [doomos] 32 avisos vía tarjetas
02:10:20 INFO      doomos: 32 avisos en 12s
02:10:20 INFO    Barriendo Nuroa (nuroa)…
02:10:21 DEBUG   Encoding detection: ascii is most likely the one.
02:10:21 DEBUG   [toppropiedades] 1 avisos vía json-ld
02:10:22 DEBUG   [nuroa] 25 avisos vía json-ld
02:10:23 DEBUG   [toppropiedades] 1 avisos vía json-ld
02:10:24 DEBUG   La red no quedó en silencio en https://www.toctoc.com/arriendo/departamento/metropolitana/vitacura/3-dormitorios?pagina=3; se lee igual
02:10:24 DEBUG   [nuroa] 25 avisos vía json-ld
02:10:25 DEBUG   [toppropiedades] 1 avisos vía json-ld
02:10:26 DEBUG   [nuroa] 25 avisos vía json-ld
02:10:26 WARNING [toctoc] https://www.toctoc.com/arriendo/departamento/metropolitana/vitacura/3-dormitorios?pagina=3 falló: Page.content: Unable to retrieve content because the page is navigating and changing the content.
02:10:27 DEBUG   [toppropiedades] 1 avisos vía json-ld
02:10:27 INFO      toppropiedades: 8 avisos en 18s
02:10:27 INFO    Barriendo Mitula (mitula)…
02:10:28 DEBUG   [nuroa] 25 avisos vía json-ld
02:10:28 INFO      nuroa: 100 avisos en 8s
02:10:28 INFO    Barriendo Houm (houm)…
02:10:28 WARNING https://casas.mitula.cl/casas/arriendo-departamentos-vitacura respondió 401
02:10:28 INFO    [mitula] https://casas.mitula.cl/casas/arriendo-departamentos-vitacura rebotó al GET; se reintenta con navegador
02:10:30 INFO      mitula: 0 avisos en 3s
02:10:30 INFO    Barriendo Hey! Homes (heyhomes)…
02:10:33 DEBUG   [heyhomes] 9 avisos vía tarjetas
02:10:33 INFO      heyhomes: 9 avisos en 3s
02:10:33 INFO    Barriendo Engel & Völkers (engelvoelkers)…
02:10:34 DEBUG   La red no quedó en silencio en https://www.toctoc.com/arriendo/departamento/metropolitana/vitacura/4-dormitorios; se lee igual
02:10:34 DEBUG   [toctoc] 20 avisos vía json-ld
02:10:35 DEBUG   [houm] 28 avisos vía json-ld
02:10:37 DEBUG   [goplaceit] 30 avisos vía json-ld
02:10:39 DEBUG   [engelvoelkers] 18 avisos vía tarjetas
02:10:39 INFO      engelvoelkers: 18 avisos en 6s
02:10:39 INFO    Barriendo RE/MAX Chile (remax)…
02:10:45 DEBUG   La red no quedó en silencio en https://www.toctoc.com/arriendo/departamento/metropolitana/vitacura/4-dormitorios?pagina=2; se lee igual
02:10:45 DEBUG   [toctoc] 14 avisos vía json-ld
02:10:46 DEBUG   La red no quedó en silencio en https://houm.com/cl/arriendo-departamento-región-metropolitana/las-condes/170742; se lee igual
02:10:46 DEBUG   [houm] 1 avisos vía estado-embebido
02:10:50 INFO      remax: 0 avisos en 11s
02:10:50 INFO    Barriendo Fuenzalida Propiedades (fuenzalida)…
02:10:52 DEBUG   [fuenzalida] 16 avisos vía tarjetas
02:10:54 DEBUG   [fuenzalida] 20 avisos vía tarjetas
02:10:55 DEBUG   La red no quedó en silencio en https://www.toctoc.com/arriendo/departamento/metropolitana/vitacura/4-dormitorios?pagina=3; se lee igual
02:10:56 DEBUG   [toctoc] 20 avisos vía json-ld
02:10:56 DEBUG   [fuenzalida] 20 avisos vía tarjetas
02:10:56 INFO      fuenzalida: 56 avisos en 7s
02:10:56 INFO    Barriendo Century 21 Chile (century21)…
02:10:56 WARNING   toctoc: Page.content: Unable to retrieve content because the page is navigating and changing the content.
02:10:56 INFO      toctoc: 133 avisos en 60s
02:10:56 INFO    Barriendo Property Partners (propertypartners)…
02:10:57 DEBUG   [propertypartners] 1 avisos vía tarjetas
02:10:57 INFO      propertypartners: 1 avisos en 0s
02:10:57 INFO    Barriendo Acceso Inmobiliario (accesoinmobiliario)…
02:10:57 DEBUG   La red no quedó en silencio en https://houm.com/cl/arriendo-departamento-región-metropolitana/ñuñoa/181066; se lee igual
02:10:57 INFO      century21: 0 avisos en 1s
02:10:57 INFO    Barriendo Magnolia Property (magnoliaproperty)…
02:10:57 DEBUG   [houm] 1 avisos vía estado-embebido
02:10:58 DEBUG   [magnoliaproperty] 6 avisos vía tarjetas
02:10:58 INFO      magnoliaproperty: 6 avisos en 0s
02:10:58 INFO    Barriendo Portilla Propiedades (portillapropiedades)…
02:10:58 DEBUG   [portillapropiedades] 2 avisos vía tarjetas
02:10:58 INFO      portillapropiedades: 2 avisos en 0s
02:10:58 INFO    Barriendo Nativo Propiedades (nativopropiedades)…
02:10:59 DEBUG   [nativopropiedades] 10 avisos vía tarjetas
02:10:59 INFO      nativopropiedades: 10 avisos en 1s
02:10:59 INFO    Barriendo Enlace Inmobiliario (enlaceinmobiliario)…
02:10:59 WARNING https://www.enlaceinmobiliario.cl/ respondió 403
02:10:59 INFO    [enlaceinmobiliario] https://www.enlaceinmobiliario.cl/ rebotó al GET; se reintenta con navegador
02:11:00 DEBUG   [accesoinmobiliario] 15 avisos vía tarjetas
02:11:06 DEBUG   La red no quedó en silencio en https://www.enlaceinmobiliario.cl/; se lee igual
02:11:06 INFO      enlaceinmobiliario: 0 avisos en 8s
02:11:06 INFO    Barriendo Rentas.cl (rentas_cl)…
02:11:07 DEBUG   La red no quedó en silencio en https://houm.com/cl/arriendo-departamento-región-metropolitana/lo-barnechea/74201; se lee igual
02:11:07 DEBUG   [houm] 1 avisos vía estado-embebido
02:11:09 DEBUG   [rentas_cl] 1 avisos vía json-ld
02:11:09 INFO      rentas_cl: 1 avisos en 2s
02:11:09 INFO    Barriendo Arriendos.cl (arriendos_cl)…
02:11:09 DEBUG   [accesoinmobiliario] 1 avisos vía tarjetas
02:11:10 DEBUG   [arriendos_cl] 3 avisos vía tarjetas
02:11:10 INFO      arriendos_cl: 3 avisos en 1s
02:11:10 INFO    Barriendo Propiedades.cl (propiedades_cl)…
02:11:10 DEBUG   [propiedades_cl] 6 avisos vía tarjetas
02:11:10 INFO      propiedades_cl: 6 avisos en 0s
02:11:10 INFO    Barriendo Clasificados.cl (clasificados_cl)…
02:11:13 DEBUG   [clasificados_cl] 1 avisos vía tarjetas
02:11:13 INFO      clasificados_cl: 1 avisos en 3s
02:11:15 DEBUG   [accesoinmobiliario] 1 avisos vía tarjetas
02:11:16 DEBUG   La red no quedó en silencio en https://houm.com/cl/arriendo-departamento-región-metropolitana/recoleta/178185; se lee igual
02:11:16 DEBUG   [houm] 1 avisos vía estado-embebido
02:11:19 DEBUG   [accesoinmobiliario] 1 avisos vía tarjetas
02:11:25 DEBUG   [accesoinmobiliario] 1 avisos vía tarjetas
02:11:26 DEBUG   La red no quedó en silencio en https://houm.com/cl/arriendo-departamento-región-metropolitana/recoleta/176207; se lee igual
02:11:26 DEBUG   [houm] 1 avisos vía estado-embebido
02:11:28 DEBUG   [accesoinmobiliario] 1 avisos vía tarjetas
02:11:31 DEBUG   [accesoinmobiliario] 1 avisos vía tarjetas
02:11:34 DEBUG   [goplaceit] 30 avisos vía json-ld
02:11:35 DEBUG   La red no quedó en silencio en https://houm.com/cl/arriendo-departamento-región-metropolitana/las-condes/177842; se lee igual
02:11:36 DEBUG   [houm] 1 avisos vía estado-embebido
02:11:43 DEBUG   La red no quedó en silencio en https://houm.com/cl/arriendo-departamento-región-metropolitana/recoleta/176958; se lee igual
02:11:44 DEBUG   [houm] 1 avisos vía estado-embebido
02:11:46 DEBUG   [accesoinmobiliario] 1 avisos vía tarjetas
02:11:52 DEBUG   [accesoinmobiliario] 1 avisos vía tarjetas
02:11:52 INFO      accesoinmobiliario: 23 avisos en 55s
02:11:53 DEBUG   La red no quedó en silencio en https://houm.com/cl/arriendo-departamento-región-metropolitana/recoleta/90462; se lee igual
02:11:53 DEBUG   [houm] 1 avisos vía estado-embebido
02:11:53 INFO      houm: 36 avisos en 86s
02:12:03 INFO      goplaceit: 90 avisos en 126s
02:12:03 INFO    Total crudo: 629 avisos
02:12:03 INFO    Después de deduplicar: 448
02:12:03 INFO    Pasaron los filtros: 79
02:12:51 WARNING Error en https://www.doomos.cl/de/1465886_arriendo-departamento-en-av-kennedy-vitacura.html (intento 1/3): HTTPSConnectionPool(host='www.doomos.cl', port=443): Read timed out. (read timeout=20)
02:13:13 WARNING Error en https://www.doomos.cl/de/1465886_arriendo-departamento-en-av-kennedy-vitacura.html (intento 2/3): HTTPSConnectionPool(host='www.doomos.cl', port=443): Read timed out. (read timeout=20)
02:13:35 DEBUG   [doomos] 18 avisos vía tarjetas
02:13:35 DEBUG   Ficha de YVT22 sin candidato propio; no se fusiona
02:13:36 DEBUG   Ficha de HW5MX sin candidato propio; no se fusiona
02:13:56 WARNING Error en https://www.doomos.cl/de/2168986_lindo-y-acogedor-depto-vista-despejada-vitacura.html (intento 1/3): HTTPSConnectionPool(host='www.doomos.cl', port=443): Read timed out. (read timeout=20)
02:14:11 DEBUG   [doomos] 27 avisos vía tarjetas
02:14:11 DEBUG   Ficha de U44VT sin candidato propio; no se fusiona
02:14:24 DEBUG   [doomos] 27 avisos vía tarjetas
02:14:24 DEBUG   Ficha de KNAE9 sin candidato propio; no se fusiona
02:14:44 WARNING Error en https://www.doomos.cl/de/1379469_vitacura-depto-amoblado-3-dorm-2-banos-ser-y-estar.html (intento 1/3): HTTPSConnectionPool(host='www.doomos.cl', port=443): Read timed out. (read timeout=20)
02:15:06 WARNING Error en https://www.doomos.cl/de/1379469_vitacura-depto-amoblado-3-dorm-2-banos-ser-y-estar.html (intento 2/3): HTTPSConnectionPool(host='www.doomos.cl', port=443): Read timed out. (read timeout=20)
02:15:30 WARNING Error en https://www.doomos.cl/de/1379469_vitacura-depto-amoblado-3-dorm-2-banos-ser-y-estar.html (intento 3/3): HTTPSConnectionPool(host='www.doomos.cl', port=443): Read timed out. (read timeout=20)
02:15:50 WARNING Error en https://www.doomos.cl/de/3060819_arriendo-departamento-2hab-2ba-vitacura.html (intento 1/3): HTTPSConnectionPool(host='www.doomos.cl', port=443): Read timed out. (read timeout=20)
02:16:12 WARNING Error en https://www.doomos.cl/de/3060819_arriendo-departamento-2hab-2ba-vitacura.html (intento 2/3): HTTPSConnectionPool(host='www.doomos.cl', port=443): Read timed out. (read timeout=20)
02:16:36 WARNING Error en https://www.doomos.cl/de/3060819_arriendo-departamento-2hab-2ba-vitacura.html (intento 3/3): HTTPSConnectionPool(host='www.doomos.cl', port=443): Read timed out. (read timeout=20)
02:16:56 WARNING Error en https://www.doomos.cl/de/2168989_estupendo-depto-excelente-ubicacion-vitacura.html (intento 1/3): HTTPSConnectionPool(host='www.doomos.cl', port=443): Read timed out. (read timeout=20)
02:17:18 WARNING Error en https://www.doomos.cl/de/2168989_estupendo-depto-excelente-ubicacion-vitacura.html (intento 2/3): HTTPSConnectionPool(host='www.doomos.cl', port=443): Read timed out. (read timeout=20)
02:17:42 WARNING Error en https://www.doomos.cl/de/2168989_estupendo-depto-excelente-ubicacion-vitacura.html (intento 3/3): HTTPSConnectionPool(host='www.doomos.cl', port=443): Read timed out. (read timeout=20)
02:17:48 DEBUG   Pin del mapa para HBYHB: -33.40574, -70.59708
02:17:48 DEBUG   [toctoc] 1 avisos vía estado-embebido
02:17:48 INFO    Enriquecido y descartado: HBYHB (arriendo de $3.290.475 sobre el máximo negociable de $1.904.000)
02:17:54 DEBUG   Pin del mapa para UXN7G: -33.39969, -70.57960
02:17:54 DEBUG   [toctoc] 1 avisos vía estado-embebido
02:17:54 INFO    Enriquecido y descartado: GNRWP (arriendo de $2.262.202 sobre el máximo negociable de $1.904.000)
02:18:00 DEBUG   Pin del mapa para C5SGX: -33.38406, -70.57005
02:18:00 DEBUG   [toctoc] 1 avisos vía estado-embebido
02:18:20 WARNING Error en https://www.doomos.cl/de/3070749_arriendo-departamento-3hab-3ba-vitacura.html (intento 1/3): HTTPSConnectionPool(host='www.doomos.cl', port=443): Read timed out. (read timeout=20)
02:18:42 WARNING Error en https://www.doomos.cl/de/3070749_arriendo-departamento-3hab-3ba-vitacura.html (intento 2/3): HTTPSConnectionPool(host='www.doomos.cl', port=443): Read timed out. (read timeout=20)
02:19:02 DEBUG   [doomos] 27 avisos vía tarjetas
02:19:02 DEBUG   Ficha de FQ6XQ sin candidato propio; no se fusiona
02:19:05 DEBUG   [engelvoelkers] 1 avisos vía json-ld
02:19:06 DEBUG   [busconido] 10 avisos vía tarjetas
02:19:06 DEBUG   Ficha de WBE6R sin candidato propio; no se fusiona
02:19:08 DEBUG   [busconido] 11 avisos vía tarjetas
02:19:08 DEBUG   Ficha de PP7RP sin candidato propio; no se fusiona
02:19:10 DEBUG   [busconido] 11 avisos vía tarjetas
02:19:10 DEBUG   Ficha de MZT4M sin candidato propio; no se fusiona
02:19:14 INFO    Enriquecido y descartado: YAVJA (arriendo de $3.517.371 sobre el máximo negociable de $1.904.000)
02:19:20 DEBUG   [toctoc] 1 avisos vía estado-embebido
02:19:20 INFO    Enriquecido y descartado: CJ6M4 (arriendo de $4.113.094 sobre el máximo negociable de $1.904.000)
02:19:25 DEBUG   [toctoc] 1 avisos vía estado-embebido
02:19:34 DEBUG   Pin del mapa para VB9ST: -33.38575, -70.56115
02:19:34 DEBUG   [toctoc] 1 avisos vía estado-embebido
02:19:34 INFO    Enriquecido y descartado: VZXBC (arriendo de $3.496.130 sobre el máximo negociable de $1.904.000)
02:19:39 DEBUG   Pin del mapa para W4E2V: -33.40571, -70.59718
02:19:39 DEBUG   [toctoc] 1 avisos vía estado-embebido
02:19:39 INFO    Enriquecido y descartado: DZCSP (arriendo de $3.290.475 sobre el máximo negociable de $1.904.000)
02:19:44 DEBUG   Pin del mapa para HCJ5Z: -33.40589, -70.59396
02:19:44 DEBUG   [toctoc] 1 avisos vía estado-embebido
02:19:44 INFO    Enriquecido y descartado: HCJ5Z (arriendo de $2.500.000 sobre el máximo negociable de $1.904.000)
02:19:51 DEBUG   [toctoc] 1 avisos vía estado-embebido
02:19:51 INFO    Enriquecido y descartado: SNENN (arriendo de $4.524.403 sobre el máximo negociable de $1.904.000)
02:19:56 DEBUG   Pin del mapa para NVAKE: -33.40160, -70.58246
02:19:56 DEBUG   [toctoc] 1 avisos vía estado-embebido
02:19:56 INFO    Enriquecido y descartado: JGKUQ (arriendo de $2.500.000 sobre el máximo negociable de $1.904.000)
02:20:07 DEBUG   La red no quedó en silencio en https://www.toctoc.com/arriendo/departamento/metropolitana/vitacura/b_4f161d568cc00636423c93aa82bea5d9a1a64696; se lee igual
02:20:07 DEBUG   Pin del mapa para WP7TQ: -33.39295, -70.59295
02:20:07 DEBUG   [toctoc] 1 avisos vía estado-embebido
02:20:07 INFO    Enriquecido y descartado: WP7TQ (arriendo de $2.465.000 sobre el máximo negociable de $1.904.000)
02:20:12 DEBUG   Pin del mapa para XGMKT: -33.40571, -70.59718
02:20:12 DEBUG   [toctoc] 1 avisos vía estado-embebido
02:20:12 INFO    Enriquecido y descartado: TDNEX (arriendo de $3.290.475 sobre el máximo negociable de $1.904.000)
02:20:17 INFO    Enriquecido y descartado: CC2AY (arriendo de $2.032.258 sobre el máximo negociable de $1.904.000)
02:20:22 DEBUG   [toctoc] 1 avisos vía estado-embebido
02:20:22 INFO    Enriquecido y descartado: 38X23 (arriendo de $2.961.428 sobre el máximo negociable de $1.904.000)
02:20:27 DEBUG   [toctoc] 1 avisos vía estado-embebido
02:20:27 INFO    Enriquecido y descartado: U7H7K (arriendo de $2.015.416 sobre el máximo negociable de $1.904.000)
02:20:32 DEBUG   Pin del mapa para X3YFD: -33.40596, -70.59695
02:20:32 DEBUG   [toctoc] 1 avisos vía estado-embebido
02:20:33 INFO    Enriquecido y descartado: B5SVA (arriendo de $3.290.475 sobre el máximo negociable de $1.904.000)
02:20:38 DEBUG   Pin del mapa para 5K2EU: -33.38400, -70.55700
02:20:38 DEBUG   [toctoc] 1 avisos vía estado-embebido
02:20:38 INFO    Enriquecido y descartado: RB4VK (arriendo de $2.591.249 sobre el máximo negociable de $1.904.000)
02:20:44 DEBUG   Pin del mapa para 8XX8N: -33.38895, -70.55647
02:20:44 DEBUG   [toctoc] 1 avisos vía estado-embebido
02:20:45 INFO    Enriquecido y descartado: JUGWX (arriendo de $2.179.940 sobre el máximo negociable de $1.904.000)
02:20:50 DEBUG   [toctoc] 1 avisos vía estado-embebido
02:20:50 INFO    Enriquecido y descartado: B2N6Q (arriendo de $3.290.475 sobre el máximo negociable de $1.904.000)
02:20:51 DEBUG   [busconido] 11 avisos vía tarjetas
02:20:51 DEBUG   Ficha de 75TZH sin candidato propio; no se fusiona
02:20:51 DEBUG   Ficha de HMZCQ sin candidato propio; no se fusiona
02:21:11 WARNING Error en https://www.doomos.cl/de/1465886_arriendo-departamento-en-av-kennedy-vitacura.html (intento 1/3): HTTPSConnectionPool(host='www.doomos.cl', port=443): Read timed out. (read timeout=20)
02:21:33 WARNING Error en https://www.doomos.cl/de/1465886_arriendo-departamento-en-av-kennedy-vitacura.html (intento 2/3): HTTPSConnectionPool(host='www.doomos.cl', port=443): Read timed out. (read timeout=20)
02:21:58 WARNING Error en https://www.doomos.cl/de/1465886_arriendo-departamento-en-av-kennedy-vitacura.html (intento 3/3): HTTPSConnectionPool(host='www.doomos.cl', port=443): Read timed out. (read timeout=20)
02:21:58 WARNING robots.txt no permite https://www.nuroa.cl/adform/10342-912-101d5-1a0ff48-a45a-2e1434470692-7ad1?click_type=0&pos=6&searchType=1&page=2&section=1&t_sec=1&sectionType=1&pageViewId=7c965005-1d2a-46aa-93de-f73f7b5de858&t_pvid=7c965005-1d2a-46aa-93de-f73f7b5de858&userAgent=Mozilla%2F5.0+%28compatible%3B+radar-arriendos%2F1.0%3B+uso+personal%2C+busqueda+de+arriendo%3B+%2Bhttps%3A%2F%2Fgithub.com%2Falfonsoandona%2Farriendos-vitacura%29&browser=1&isHuman=true&userIp=52.234.43.177&what=vitacura+departamento&search_terms=vitacura+departamento&origin=1&t_or=1&splitTestId=0 — se omite
02:22:03 DEBUG   [toctoc] 1 avisos vía estado-embebido
02:22:14 DEBUG   [engelvoelkers] 1 avisos vía json-ld
02:22:34 WARNING Error en https://www.doomos.cl/de/2168989_estupendo-depto-excelente-ubicacion-vitacura.html (intento 1/3): HTTPSConnectionPool(host='www.doomos.cl', port=443): Read timed out. (read timeout=20)
02:22:56 WARNING Error en https://www.doomos.cl/de/2168989_estupendo-depto-excelente-ubicacion-vitacura.html (intento 2/3): HTTPSConnectionPool(host='www.doomos.cl', port=443): Read timed out. (read timeout=20)
02:23:20 WARNING Error en https://www.doomos.cl/de/2168989_estupendo-depto-excelente-ubicacion-vitacura.html (intento 3/3): HTTPSConnectionPool(host='www.doomos.cl', port=443): Read timed out. (read timeout=20)
02:23:24 WARNING robots.txt no permite https://www.nuroa.cl/adform/10342-912-bb8f-1a0f9f6-abb2-77f6c1d45b3f-7ce9?click_type=0&pos=17&searchType=2&page=2&section=1&t_sec=1&sectionType=1&pageViewId=7c965005-1d2a-46aa-93de-f73f7b5de858&t_pvid=7c965005-1d2a-46aa-93de-f73f7b5de858&userAgent=Mozilla%2F5.0+%28compatible%3B+radar-arriendos%2F1.0%3B+uso+personal%2C+busqueda+de+arriendo%3B+%2Bhttps%3A%2F%2Fgithub.com%2Falfonsoandona%2Farriendos-vitacura%29&browser=1&isHuman=true&userIp=52.234.43.177&what=vitacura+departamento&search_terms=vitacura+departamento&origin=1&t_or=1&splitTestId=0 — se omite
02:23:29 DEBUG   [toctoc] 1 avisos vía estado-embebido
02:23:35 DEBUG   [toctoc] 1 avisos vía estado-embebido
02:23:56 INFO    Enriquecido y descartado: 75BRH (arriendo de $2.149.504 sobre el máximo negociable de $1.904.000)
02:24:00 INFO    Enriquecido y descartado: 75BRH (arriendo de $1.954.095 sobre el máximo negociable de $1.904.000)
02:24:08 DEBUG   [toctoc] 1 avisos vía estado-embebido
02:24:08 INFO    Enriquecido y descartado: 6KA2M (arriendo de $3.084.820 sobre el máximo negociable de $1.904.000)
02:24:21 DEBUG   [toctoc] 1 avisos vía estado-embebido
02:24:27 DEBUG   [toctoc] 1 avisos vía estado-embebido
02:24:32 DEBUG   [toctoc] 1 avisos vía estado-embebido
02:24:32 INFO    Enriquecido y descartado: 4V73Z (arriendo de $4.730.058 sobre el máximo negociable de $1.904.000)
02:24:37 DEBUG   [toctoc] 1 avisos vía estado-embebido
02:24:37 INFO    Enriquecido y descartado: AGWHG (arriendo de $5.758.332 sobre el máximo negociable de $1.904.000)
02:24:42 DEBUG   [toctoc] 1 avisos vía estado-embebido
02:24:42 INFO    Enriquecido y descartado: 8YSPF (arriendo de $4.500.000 sobre el máximo negociable de $1.904.000)
02:24:47 DEBUG   [toctoc] 1 avisos vía estado-embebido
02:24:47 INFO    Enriquecido y descartado: 5ESQB (arriendo de $4.524.403 sobre el máximo negociable de $1.904.000)
02:24:56 DEBUG   [toctoc] 1 avisos vía estado-embebido
02:24:56 INFO    Enriquecido y descartado: KWC9W (arriendo de $3.082.000 sobre el máximo negociable de $1.904.000)
02:25:01 DEBUG   [toctoc] 1 avisos vía estado-embebido
02:25:02 WARNING robots.txt no permite https://www.nuroa.cl/adform/10342-912-3e9b-1a0e30e-bd4c-4f30fb45531b-7a22?click_type=0&pos=7&searchType=1&page=2&section=1&t_sec=1&sectionType=1&pageViewId=7c965005-1d2a-46aa-93de-f73f7b5de858&t_pvid=7c965005-1d2a-46aa-93de-f73f7b5de858&userAgent=Mozilla%2F5.0+%28compatible%3B+radar-arriendos%2F1.0%3B+uso+personal%2C+busqueda+de+arriendo%3B+%2Bhttps%3A%2F%2Fgithub.com%2Falfonsoandona%2Farriendos-vitacura%29&browser=1&isHuman=true&userIp=52.234.43.177&what=vitacura+departamento&search_terms=vitacura+departamento&origin=1&t_or=1&splitTestId=0 — se omite
02:25:02 WARNING robots.txt no permite https://www.nuroa.cl/adform/10342-912-e7f8-1a0a016-97e0-4460cb69457-7a3c?click_type=0&pos=9&searchType=1&page=4&section=1&t_sec=1&sectionType=1&pageViewId=07b3bffa-80ee-4898-8b2e-09700e09bf2c&t_pvid=07b3bffa-80ee-4898-8b2e-09700e09bf2c&userAgent=Mozilla%2F5.0+%28compatible%3B+radar-arriendos%2F1.0%3B+uso+personal%2C+busqueda+de+arriendo%3B+%2Bhttps%3A%2F%2Fgithub.com%2Falfonsoandona%2Farriendos-vitacura%29&browser=1&isHuman=true&userIp=52.234.43.177&what=vitacura+departamento&search_terms=vitacura+departamento&origin=1&t_or=1&splitTestId=0 — se omite
02:25:08 DEBUG   La red no quedó en silencio en https://www.toctoc.com/arriendo/departamento/metropolitana/vitacura/b_8c9ee4012cd3abae9a346f5c20131ca3ab90095d; se lee igual
02:25:08 DEBUG   [toctoc] 1 avisos vía estado-embebido
02:25:13 DEBUG   [toctoc] 1 avisos vía estado-embebido
02:25:18 DEBUG   [toctoc] 1 avisos vía estado-embebido
02:25:23 DEBUG   [toctoc] 1 avisos vía estado-embebido
02:25:28 DEBUG   [toctoc] 1 avisos vía estado-embebido
02:25:34 DEBUG   [toctoc] 1 avisos vía estado-embebido
02:25:38 INFO    Enriquecido y descartado: 75BRH (arriendo de $4.299.009 sobre el máximo negociable de $1.904.000)
02:25:41 INFO    Fichas leídas: 79 — 2 ganaron el año, 11 la dirección; 27 se descartaron al verlas (0 por viejos)
02:25:42 INFO    Listo: 0 avisados de 52 candidatos
