01:46:59 INFO    UF = $41.073.57 (API del día)
01:46:59 INFO    Barriendo TocToc (toctoc)…
01:46:59 INFO    Barriendo Chilepropiedades (chilepropiedades)…
01:46:59 INFO    Barriendo GoPlaceIt (goplaceit)…
01:46:59 INFO    Barriendo Yapo (yapo)…
01:46:59 WARNING https://www.yapo.cl/bienes-raices-alquiler-apartamentos/region-metropolitana-vitacura respondió 403
01:46:59 INFO    [yapo] https://www.yapo.cl/bienes-raices-alquiler-apartamentos/region-metropolitana-vitacura rebotó al GET; se reintenta con navegador
01:47:00 DEBUG   [chilepropiedades] 10 avisos vía tarjetas
01:47:02 DEBUG   [chilepropiedades] 10 avisos vía tarjetas
01:47:04 DEBUG   [chilepropiedades] 10 avisos vía tarjetas
01:47:04 DEBUG   [goplaceit] 30 avisos vía json-ld
01:47:04 INFO      chilepropiedades: 30 avisos en 5s
01:47:04 INFO    Barriendo BuscoNido (busconido)…
01:47:05 DEBUG   [busconido] 23 avisos vía tarjetas
01:47:05 INFO      busconido: 23 avisos en 1s
01:47:05 INFO    Barriendo BienesOnline (bienesonline)…
01:47:05 DEBUG   [bienesonline] 11 avisos vía tarjetas
01:47:05 INFO      bienesonline: 11 avisos en 1s
01:47:05 INFO    Barriendo Economicos (El Mercurio) (economicos)…
01:47:06 WARNING https://www.economicos.cl/search/propiedades/vitacura/arriendo/departamento/0 respondió 403
01:47:06 INFO    [economicos] https://www.economicos.cl/search/propiedades/vitacura/arriendo/departamento/0 rebotó al GET; se reintenta con navegador
01:47:08 DEBUG   La red no quedó en silencio en https://www.toctoc.com/arriendo/departamento/metropolitana/vitacura/3-dormitorios; se lee igual
01:47:08 DEBUG   [toctoc] 20 avisos vía json-ld
01:47:10 DEBUG   La red no quedó en silencio en https://www.yapo.cl/bienes-raices-alquiler-apartamentos/region-metropolitana-vitacura; se lee igual
01:47:10 INFO      yapo: 0 avisos en 11s
01:47:10 INFO    Barriendo iCasas (icasas)…
01:47:11 DEBUG   [icasas] 15 avisos vía tarjetas
01:47:11 INFO      economicos: 0 avisos en 6s
01:47:11 INFO    Barriendo Doomos (doomos)…
01:47:13 DEBUG   [icasas] 15 avisos vía tarjetas
01:47:13 INFO      icasas: 30 avisos en 3s
01:47:13 INFO    Barriendo Top Propiedades (toppropiedades)…
01:47:13 DEBUG   [doomos] 33 avisos vía tarjetas
01:47:13 INFO      doomos: 33 avisos en 2s
01:47:13 INFO    Barriendo Nuroa (nuroa)…
01:47:14 DEBUG   Encoding detection: ascii is most likely the one.
01:47:15 DEBUG   [nuroa] 25 avisos vía json-ld
01:47:17 DEBUG   [toppropiedades] 1 avisos vía json-ld
01:47:17 DEBUG   [nuroa] 25 avisos vía json-ld
01:47:18 DEBUG   La red no quedó en silencio en https://www.toctoc.com/arriendo/departamento/metropolitana/vitacura/3-dormitorios?pagina=2; se lee igual
01:47:19 DEBUG   [nuroa] 25 avisos vía json-ld
01:47:19 DEBUG   [toppropiedades] 1 avisos vía json-ld
01:47:20 DEBUG   [toctoc] 20 avisos vía json-ld
01:47:21 DEBUG   [nuroa] 25 avisos vía json-ld
01:47:21 DEBUG   [toppropiedades] 1 avisos vía json-ld
01:47:21 INFO      nuroa: 100 avisos en 8s
01:47:21 INFO    Barriendo Mitula (mitula)…
01:47:23 DEBUG   [mitula] 30 avisos vía json-ld
01:47:23 DEBUG   [toppropiedades] 1 avisos vía json-ld
01:47:25 DEBUG   [toppropiedades] 1 avisos vía json-ld
01:47:25 DEBUG   [mitula] 30 avisos vía json-ld
01:47:26 INFO      mitula: 60 avisos en 4s
01:47:26 INFO    Barriendo Houm (houm)…
01:47:27 DEBUG   La red no quedó en silencio en https://www.toctoc.com/arriendo/departamento/metropolitana/vitacura/3-dormitorios?pagina=3; se lee igual
01:47:27 DEBUG   [toppropiedades] 1 avisos vía json-ld
01:47:28 DEBUG   [toctoc] 20 avisos vía json-ld
01:47:29 DEBUG   [toppropiedades] 1 avisos vía json-ld
01:47:31 DEBUG   [houm] 28 avisos vía json-ld
01:47:31 DEBUG   [toppropiedades] 1 avisos vía json-ld
01:47:31 INFO      toppropiedades: 8 avisos en 18s
01:47:31 INFO    Barriendo Hey! Homes (heyhomes)…
01:47:34 DEBUG   [heyhomes] 9 avisos vía tarjetas
01:47:34 INFO      heyhomes: 9 avisos en 3s
01:47:34 INFO    Barriendo Engel & Völkers (engelvoelkers)…
01:47:38 DEBUG   La red no quedó en silencio en https://www.toctoc.com/arriendo/departamento/metropolitana/vitacura/4-dormitorios; se lee igual
01:47:38 DEBUG   [toctoc] 20 avisos vía json-ld
01:47:39 DEBUG   La red no quedó en silencio en https://houm.com/cl/arriendo-departamento-región-metropolitana/las-condes/170742; se lee igual
01:47:39 DEBUG   [houm] 1 avisos vía estado-embebido
01:47:42 DEBUG   [engelvoelkers] 16 avisos vía tarjetas
01:47:42 INFO      engelvoelkers: 16 avisos en 7s
01:47:42 INFO    Barriendo RE/MAX Chile (remax)…
01:47:48 DEBUG   La red no quedó en silencio en https://www.toctoc.com/arriendo/departamento/metropolitana/vitacura/4-dormitorios?pagina=2; se lee igual
01:47:48 DEBUG   [toctoc] 16 avisos vía json-ld
01:47:49 DEBUG   La red no quedó en silencio en https://houm.com/cl/arriendo-departamento-región-metropolitana/lo-barnechea/74201; se lee igual
01:47:49 DEBUG   [houm] 1 avisos vía estado-embebido
01:47:51 DEBUG   [goplaceit] 30 avisos vía json-ld
01:47:52 INFO      remax: 0 avisos en 11s
01:47:52 INFO    Barriendo Fuenzalida Propiedades (fuenzalida)…
01:47:57 DEBUG   [fuenzalida] 16 avisos vía tarjetas
01:47:58 DEBUG   La red no quedó en silencio en https://www.toctoc.com/arriendo/departamento/metropolitana/vitacura/4-dormitorios?pagina=3; se lee igual
01:47:58 DEBUG   [toctoc] 20 avisos vía json-ld
01:47:58 INFO      toctoc: 116 avisos en 59s
01:47:58 INFO    Barriendo Century 21 Chile (century21)…
01:47:59 DEBUG   La red no quedó en silencio en https://houm.com/cl/arriendo-departamento-región-metropolitana/recoleta/179872; se lee igual
01:48:00 DEBUG   [houm] 1 avisos vía estado-embebido
01:48:00 INFO      century21: 0 avisos en 2s
01:48:00 INFO    Barriendo Property Partners (propertypartners)…
01:48:00 DEBUG   [propertypartners] 1 avisos vía tarjetas
01:48:00 INFO      propertypartners: 1 avisos en 0s
01:48:00 INFO    Barriendo Acceso Inmobiliario (accesoinmobiliario)…
01:48:02 DEBUG   [fuenzalida] 20 avisos vía tarjetas
01:48:04 DEBUG   [accesoinmobiliario] 15 avisos vía tarjetas
01:48:06 DEBUG   [fuenzalida] 20 avisos vía tarjetas
01:48:06 INFO      fuenzalida: 56 avisos en 13s
01:48:06 INFO    Barriendo Magnolia Property (magnoliaproperty)…
01:48:06 DEBUG   [magnoliaproperty] 7 avisos vía tarjetas
01:48:06 INFO      magnoliaproperty: 7 avisos en 1s
01:48:06 INFO    Barriendo Portilla Propiedades (portillapropiedades)…
01:48:07 DEBUG   La red no quedó en silencio en https://houm.com/cl/arriendo-departamento-región-metropolitana/recoleta/178185; se lee igual
01:48:07 DEBUG   [houm] 1 avisos vía estado-embebido
01:48:08 DEBUG   [portillapropiedades] 2 avisos vía tarjetas
01:48:08 INFO      portillapropiedades: 2 avisos en 1s
01:48:08 INFO    Barriendo Nativo Propiedades (nativopropiedades)…
01:48:08 DEBUG   [nativopropiedades] 10 avisos vía tarjetas
01:48:08 INFO      nativopropiedades: 10 avisos en 1s
01:48:08 INFO    Barriendo Enlace Inmobiliario (enlaceinmobiliario)…
01:48:09 WARNING https://www.enlaceinmobiliario.cl/ respondió 403
01:48:09 INFO    [enlaceinmobiliario] https://www.enlaceinmobiliario.cl/ rebotó al GET; se reintenta con navegador
01:48:15 DEBUG   La red no quedó en silencio en https://houm.com/cl/arriendo-departamento-región-metropolitana/recoleta/176207; se lee igual
01:48:16 DEBUG   [houm] 1 avisos vía estado-embebido
01:48:17 DEBUG   [accesoinmobiliario] 1 avisos vía tarjetas
01:48:20 DEBUG   La red no quedó en silencio en https://www.enlaceinmobiliario.cl/; se lee igual
01:48:20 INFO      enlaceinmobiliario: 0 avisos en 11s
01:48:20 INFO    Barriendo Rentas.cl (rentas_cl)…
01:48:22 DEBUG   [rentas_cl] 1 avisos vía json-ld
01:48:22 INFO      rentas_cl: 1 avisos en 2s
01:48:22 INFO    Barriendo Arriendos.cl (arriendos_cl)…
01:48:23 INFO      arriendos_cl: 0 avisos en 1s
01:48:23 INFO    Barriendo Propiedades.cl (propiedades_cl)…
01:48:23 DEBUG   [accesoinmobiliario] 1 avisos vía tarjetas
01:48:24 DEBUG   [propiedades_cl] 6 avisos vía tarjetas
01:48:24 INFO      propiedades_cl: 6 avisos en 1s
01:48:24 INFO    Barriendo Clasificados.cl (clasificados_cl)…
01:48:27 DEBUG   La red no quedó en silencio en https://houm.com/cl/arriendo-departamento-región-metropolitana/las-condes/177842; se lee igual
01:48:27 DEBUG   [houm] 1 avisos vía estado-embebido
01:48:28 DEBUG   [clasificados_cl] 1 avisos vía tarjetas
01:48:28 INFO      clasificados_cl: 1 avisos en 3s
01:48:29 DEBUG   [accesoinmobiliario] 1 avisos vía tarjetas
01:48:35 DEBUG   La red no quedó en silencio en https://houm.com/cl/arriendo-departamento-región-metropolitana/recoleta/176958; se lee igual
01:48:35 DEBUG   [houm] 1 avisos vía estado-embebido
01:48:35 DEBUG   [accesoinmobiliario] 1 avisos vía tarjetas
01:48:38 DEBUG   [goplaceit] 30 avisos vía json-ld
01:48:40 DEBUG   [accesoinmobiliario] 1 avisos vía tarjetas
01:48:43 DEBUG   La red no quedó en silencio en https://houm.com/cl/arriendo-departamento-región-metropolitana/recoleta/90462; se lee igual
01:48:43 DEBUG   [houm] 1 avisos vía estado-embebido
01:48:43 INFO      houm: 36 avisos en 77s
01:48:44 DEBUG   [accesoinmobiliario] 1 avisos vía tarjetas
01:48:44 INFO      accesoinmobiliario: 21 avisos en 44s
01:49:03 INFO      goplaceit: 90 avisos en 124s
01:49:03 INFO    Total crudo: 667 avisos
01:49:03 INFO    Después de deduplicar: 456
01:49:04 INFO    Pasaron los filtros: 60
01:49:25 DEBUG   [doomos] 18 avisos vía tarjetas
01:49:25 DEBUG   Ficha de YVT22 sin candidato propio; no se fusiona
01:49:26 DEBUG   Ficha de HW5MX sin candidato propio; no se fusiona
01:49:27 DEBUG   [doomos] 27 avisos vía tarjetas
01:49:27 DEBUG   Ficha de U44VT sin candidato propio; no se fusiona
01:49:29 DEBUG   [doomos] 27 avisos vía tarjetas
01:49:29 DEBUG   Ficha de KNAE9 sin candidato propio; no se fusiona
01:49:32 DEBUG   [doomos] 27 avisos vía tarjetas
01:49:32 DEBUG   Ficha de PR3QK sin candidato propio; no se fusiona
01:49:33 DEBUG   [doomos] 27 avisos vía tarjetas
01:49:33 DEBUG   Ficha de 2HWEW sin candidato propio; no se fusiona
01:49:34 DEBUG   [chilepropiedades] 2 avisos vía json-ld
01:49:34 INFO    Enriquecido y descartado: TXDKP (90 m² totales, no llega a más de 100 m²)
01:49:36 DEBUG   [doomos] 27 avisos vía tarjetas
01:49:36 DEBUG   Ficha de ZWNAN sin candidato propio; no se fusiona
01:49:37 DEBUG   [busconido] 10 avisos vía tarjetas
01:49:37 DEBUG   Ficha de P33NM sin candidato propio; no se fusiona
01:49:39 DEBUG   [busconido] 10 avisos vía tarjetas
01:49:39 DEBUG   Ficha de XD2E2 sin candidato propio; no se fusiona
01:49:41 DEBUG   [busconido] 11 avisos vía tarjetas
01:49:41 DEBUG   Ficha de 5MWP6 sin candidato propio; no se fusiona
01:49:43 DEBUG   [busconido] 10 avisos vía tarjetas
01:49:43 DEBUG   Ficha de ETSEA sin candidato propio; no se fusiona
01:49:43 INFO    Enriquecido y descartado: WKFJA (100 m² totales, no llega a más de 100 m²)
01:49:45 DEBUG   [busconido] 10 avisos vía tarjetas
01:49:45 DEBUG   Ficha de 8MNYE sin candidato propio; no se fusiona
01:49:47 DEBUG   [busconido] 11 avisos vía tarjetas
01:49:47 DEBUG   Ficha de G7PTX sin candidato propio; no se fusiona
01:49:48 DEBUG   [doomos] 27 avisos vía tarjetas
01:49:48 DEBUG   Ficha de FQ6XQ sin candidato propio; no se fusiona
01:49:49 DEBUG   [busconido] 10 avisos vía tarjetas
01:49:49 DEBUG   Ficha de HGG77 sin candidato propio; no se fusiona
01:49:53 DEBUG   [toctoc] 1 avisos vía estado-embebido
01:49:54 DEBUG   [busconido] 11 avisos vía tarjetas
01:49:54 DEBUG   Ficha de EXMU5 sin candidato propio; no se fusiona
01:49:58 INFO    Enriquecido y descartado: YAVJA (arriendo de $3.517.371 sobre el máximo negociable de $1.904.000)
01:49:58 DEBUG   [busconido] 11 avisos vía tarjetas
01:49:58 DEBUG   Ficha de AC65C sin candidato propio; no se fusiona
01:50:02 DEBUG   Pin del mapa para T5EU8: -33.39993, -70.60326
01:50:02 DEBUG   [toctoc] 1 avisos vía estado-embebido
01:50:14 INFO    Enriquecido y descartado: CC2AY (arriendo de $2.032.258 sobre el máximo negociable de $1.904.000)
01:50:15 DEBUG   [busconido] 11 avisos vía tarjetas
01:50:15 DEBUG   Ficha de E7XPG sin candidato propio; no se fusiona
01:50:17 DEBUG   [busconido] 10 avisos vía tarjetas
01:50:17 DEBUG   Ficha de DBFNP sin candidato propio; no se fusiona
01:50:19 DEBUG   [busconido] 10 avisos vía tarjetas
01:50:19 DEBUG   Ficha de J8VCS sin candidato propio; no se fusiona
01:50:20 DEBUG   [doomos] 18 avisos vía tarjetas
01:50:20 DEBUG   Ficha de J5JN4 sin candidato propio; no se fusiona
01:50:20 WARNING robots.txt no permite https://www.nuroa.cl/adform/10342-912-101d5-1a0ff48-a45a-2e1434470692-7ad1?click_type=0&pos=16&searchType=1&page=1&section=1&t_sec=1&sectionType=1&pageViewId=bff65999-7ee3-45da-a69e-3e4237d4c1f2&t_pvid=bff65999-7ee3-45da-a69e-3e4237d4c1f2&userAgent=Mozilla%2F5.0+%28compatible%3B+radar-arriendos%2F1.0%3B+uso+personal%2C+busqueda+de+arriendo%3B+%2Bhttps%3A%2F%2Fgithub.com%2Falfonsoandona%2Farriendos-vitacura%29&browser=1&isHuman=true&userIp=20.51.199.12&what=vitacura+departamento&search_terms=vitacura+departamento&origin=1&t_or=1&splitTestId=0 — se omite
01:50:24 DEBUG   [toctoc] 1 avisos vía estado-embebido
01:50:31 DEBUG   [engelvoelkers] 1 avisos vía json-ld
01:50:37 DEBUG   [doomos] 27 avisos vía tarjetas
01:50:37 DEBUG   Ficha de P8XMT sin candidato propio; no se fusiona
01:50:42 DEBUG   [toctoc] 1 avisos vía estado-embebido
01:50:42 WARNING robots.txt no permite https://www.nuroa.cl/adform/10342-912-bb8f-1a0f9f6-abb2-77f6c1d45b3f-7ce9?click_type=0&pos=22&searchType=2&page=1&section=1&t_sec=1&sectionType=1&pageViewId=bff65999-7ee3-45da-a69e-3e4237d4c1f2&t_pvid=bff65999-7ee3-45da-a69e-3e4237d4c1f2&userAgent=Mozilla%2F5.0+%28compatible%3B+radar-arriendos%2F1.0%3B+uso+personal%2C+busqueda+de+arriendo%3B+%2Bhttps%3A%2F%2Fgithub.com%2Falfonsoandona%2Farriendos-vitacura%29&browser=1&isHuman=true&userIp=20.51.199.12&what=vitacura+departamento&search_terms=vitacura+departamento&origin=1&t_or=1&splitTestId=0 — se omite
01:50:50 DEBUG   [toctoc] 1 avisos vía estado-embebido
01:51:14 INFO    Enriquecido y descartado: 75BRH (arriendo de $2.149.504 sobre el máximo negociable de $1.904.000)
01:51:18 INFO    Enriquecido y descartado: 75BRH (arriendo de $1.954.095 sobre el máximo negociable de $1.904.000)
01:51:34 DEBUG   [toctoc] 1 avisos vía estado-embebido
01:51:38 WARNING robots.txt no permite https://www.nuroa.cl/adform/10342-912-3e9b-1a0e30e-bd4c-4f30fb45531b-7a22?click_type=0&pos=23&searchType=1&page=1&section=1&t_sec=1&sectionType=1&pageViewId=bff65999-7ee3-45da-a69e-3e4237d4c1f2&t_pvid=bff65999-7ee3-45da-a69e-3e4237d4c1f2&userAgent=Mozilla%2F5.0+%28compatible%3B+radar-arriendos%2F1.0%3B+uso+personal%2C+busqueda+de+arriendo%3B+%2Bhttps%3A%2F%2Fgithub.com%2Falfonsoandona%2Farriendos-vitacura%29&browser=1&isHuman=true&userIp=20.51.199.12&what=vitacura+departamento&search_terms=vitacura+departamento&origin=1&t_or=1&splitTestId=0 — se omite
01:51:38 WARNING robots.txt no permite https://www.nuroa.cl/adform/10342-912-e7f8-1a0a016-97e0-4460cb69457-7a3c?click_type=0&pos=5&searchType=1&page=4&section=1&t_sec=1&sectionType=1&pageViewId=6471e2b6-030c-4143-9058-9ac8bdc4d93d&t_pvid=6471e2b6-030c-4143-9058-9ac8bdc4d93d&userAgent=Mozilla%2F5.0+%28compatible%3B+radar-arriendos%2F1.0%3B+uso+personal%2C+busqueda+de+arriendo%3B+%2Bhttps%3A%2F%2Fgithub.com%2Falfonsoandona%2Farriendos-vitacura%29&browser=1&isHuman=true&userIp=20.51.199.12&what=vitacura+departamento&search_terms=vitacura+departamento&origin=1&t_or=1&splitTestId=0 — se omite
01:51:43 DEBUG   [toctoc] 1 avisos vía estado-embebido
01:51:44 DEBUG   [mitula] 3 avisos vía tarjetas
01:51:48 INFO    Enriquecido y descartado: 75BRH (arriendo de $4.299.009 sobre el máximo negociable de $1.904.000)
01:51:52 INFO    Fichas leídas: 60 — 0 ganaron el año, 2 la dirección; 7 se descartaron al verlas (0 por viejos)
01:51:53 INFO    Listo: 0 avisados de 53 candidatos
