01:05:12 INFO    UF = $40.884.32 (API del día)
01:05:12 INFO    Barriendo TocToc (toctoc)…
01:05:12 INFO    Barriendo Chilepropiedades (chilepropiedades)…
01:05:12 INFO    Barriendo GoPlaceIt (goplaceit)…
01:05:12 INFO    Barriendo Yapo (yapo)…
01:05:12 DEBUG   [chilepropiedades] 10 avisos vía tarjetas
01:05:14 INFO      yapo: 0 avisos en 2s
01:05:14 INFO    Barriendo BuscoNido (busconido)…
01:05:14 DEBUG   [chilepropiedades] 10 avisos vía tarjetas
01:05:15 DEBUG   [busconido] 23 avisos vía tarjetas
01:05:15 INFO      busconido: 23 avisos en 1s
01:05:15 INFO    Barriendo BienesOnline (bienesonline)…
01:05:15 DEBUG   [goplaceit] 30 avisos vía json-ld
01:05:16 DEBUG   [bienesonline] 10 avisos vía tarjetas
01:05:16 INFO      bienesonline: 10 avisos en 1s
01:05:16 INFO    Barriendo Economicos (El Mercurio) (economicos)…
01:05:16 DEBUG   [chilepropiedades] 10 avisos vía tarjetas
01:05:16 INFO      chilepropiedades: 30 avisos en 5s
01:05:16 INFO    Barriendo iCasas (icasas)…
01:05:17 DEBUG   [economicos] 20 avisos vía tarjetas
01:05:17 DEBUG   [icasas] 15 avisos vía tarjetas
01:05:18 DEBUG   [toctoc] 20 avisos vía json-ld
01:05:19 DEBUG   [economicos] 18 avisos vía tarjetas
01:05:19 DEBUG   [icasas] 15 avisos vía tarjetas
01:05:19 INFO      icasas: 30 avisos en 3s
01:05:19 INFO    Barriendo Doomos (doomos)…
01:05:21 DEBUG   [economicos] 13 avisos vía tarjetas
01:05:21 INFO      economicos: 51 avisos en 4s
01:05:21 INFO    Barriendo Top Propiedades (toppropiedades)…
01:05:21 DEBUG   [doomos] 33 avisos vía tarjetas
01:05:21 INFO      doomos: 33 avisos en 2s
01:05:21 INFO    Barriendo Nuroa (nuroa)…
01:05:22 DEBUG   Encoding detection: ascii is most likely the one.
01:05:23 DEBUG   [nuroa] 25 avisos vía json-ld
01:05:24 DEBUG   [toppropiedades] 1 avisos vía json-ld
01:05:25 DEBUG   [nuroa] 25 avisos vía json-ld
01:05:25 DEBUG   [toctoc] 20 avisos vía json-ld
01:05:26 DEBUG   [toppropiedades] 1 avisos vía json-ld
01:05:27 DEBUG   [nuroa] 25 avisos vía json-ld
01:05:28 DEBUG   [toppropiedades] 1 avisos vía json-ld
01:05:29 DEBUG   [nuroa] 25 avisos vía json-ld
01:05:29 INFO      nuroa: 100 avisos en 8s
01:05:29 INFO    Barriendo Mitula (mitula)…
01:05:30 DEBUG   [toppropiedades] 1 avisos vía json-ld
01:05:31 DEBUG   [mitula] 30 avisos vía json-ld
01:05:32 DEBUG   [toppropiedades] 1 avisos vía json-ld
01:05:33 DEBUG   [toctoc] 20 avisos vía json-ld
01:05:33 DEBUG   [mitula] 30 avisos vía json-ld
01:05:34 INFO      mitula: 60 avisos en 4s
01:05:34 INFO    Barriendo Houm (houm)…
01:05:34 DEBUG   [toppropiedades] 1 avisos vía json-ld
01:05:36 DEBUG   [toppropiedades] 1 avisos vía json-ld
01:05:38 DEBUG   [toppropiedades] 1 avisos vía json-ld
01:05:39 INFO      toppropiedades: 8 avisos en 18s
01:05:39 INFO    Barriendo Hey! Homes (heyhomes)…
01:05:40 DEBUG   La red no quedó en silencio en https://www.toctoc.com/arriendo/departamento/metropolitana/vitacura/4-dormitorios; se lee igual
01:05:40 DEBUG   [toctoc] 20 avisos vía json-ld
01:05:41 DEBUG   [heyhomes] 9 avisos vía tarjetas
01:05:41 INFO      heyhomes: 9 avisos en 3s
01:05:41 INFO    Barriendo Engel & Völkers (engelvoelkers)…
01:05:42 DEBUG   [houm] 28 avisos vía json-ld
01:05:48 DEBUG   [toctoc] 20 avisos vía json-ld
01:05:48 DEBUG   [engelvoelkers] 16 avisos vía tarjetas
01:05:48 INFO      engelvoelkers: 16 avisos en 7s
01:05:48 INFO    Barriendo RE/MAX Chile (remax)…
01:05:51 DEBUG   [goplaceit] 30 avisos vía json-ld
01:05:55 DEBUG   La red no quedó en silencio en https://houm.com/cl/arriendo-departamento-región-metropolitana/las-condes/170742; se lee igual
01:05:55 DEBUG   [houm] 1 avisos vía estado-embebido
01:05:56 DEBUG   [toctoc] 4 avisos vía json-ld
01:05:56 INFO      toctoc: 104 avisos en 44s
01:05:56 INFO    Barriendo Fuenzalida Propiedades (fuenzalida)…
01:05:59 DEBUG   [fuenzalida] 16 avisos vía tarjetas
01:05:59 INFO      remax: 0 avisos en 11s
01:05:59 INFO    Barriendo Century 21 Chile (century21)…
01:06:00 INFO      century21: 0 avisos en 1s
01:06:00 INFO    Barriendo Property Partners (propertypartners)…
01:06:01 DEBUG   [propertypartners] 1 avisos vía tarjetas
01:06:01 INFO      propertypartners: 1 avisos en 0s
01:06:01 INFO    Barriendo Acceso Inmobiliario (accesoinmobiliario)…
01:06:02 DEBUG   [fuenzalida] 20 avisos vía tarjetas
01:06:04 DEBUG   [fuenzalida] 20 avisos vía tarjetas
01:06:04 INFO      fuenzalida: 56 avisos en 8s
01:06:04 INFO    Barriendo Magnolia Property (magnoliaproperty)…
01:06:05 DEBUG   [magnoliaproperty] 6 avisos vía tarjetas
01:06:05 INFO      magnoliaproperty: 6 avisos en 1s
01:06:05 INFO    Barriendo Portilla Propiedades (portillapropiedades)…
01:06:05 DEBUG   [portillapropiedades] 2 avisos vía tarjetas
01:06:05 INFO      portillapropiedades: 2 avisos en 1s
01:06:05 INFO    Barriendo Nativo Propiedades (nativopropiedades)…
01:06:06 DEBUG   [nativopropiedades] 10 avisos vía tarjetas
01:06:06 INFO      nativopropiedades: 10 avisos en 1s
01:06:06 INFO    Barriendo Enlace Inmobiliario (enlaceinmobiliario)…
01:06:06 WARNING https://www.enlaceinmobiliario.cl/ respondió 403
01:06:06 INFO    [enlaceinmobiliario] https://www.enlaceinmobiliario.cl/ rebotó al GET; se reintenta con navegador
01:06:06 DEBUG   La red no quedó en silencio en https://houm.com/cl/arriendo-departamento-región-metropolitana/las-condes/175757; se lee igual
01:06:06 DEBUG   [houm] 1 avisos vía estado-embebido
01:06:07 DEBUG   [accesoinmobiliario] 14 avisos vía tarjetas
01:06:10 INFO      enlaceinmobiliario: 0 avisos en 4s
01:06:10 INFO    Barriendo Rentas.cl (rentas_cl)…
01:06:12 DEBUG   [rentas_cl] 1 avisos vía json-ld
01:06:12 INFO      rentas_cl: 1 avisos en 2s
01:06:12 INFO    Barriendo Arriendos.cl (arriendos_cl)…
01:06:13 INFO      arriendos_cl: 0 avisos en 1s
01:06:13 INFO    Barriendo Propiedades.cl (propiedades_cl)…
01:06:14 DEBUG   [propiedades_cl] 6 avisos vía tarjetas
01:06:14 INFO      propiedades_cl: 6 avisos en 1s
01:06:14 INFO    Barriendo Clasificados.cl (clasificados_cl)…
01:06:17 DEBUG   [clasificados_cl] 1 avisos vía tarjetas
01:06:17 INFO      clasificados_cl: 1 avisos en 3s
01:06:17 DEBUG   La red no quedó en silencio en https://houm.com/cl/arriendo-departamento-región-metropolitana/ñuñoa/164010; se lee igual
01:06:17 DEBUG   [houm] 1 avisos vía estado-embebido
01:06:19 INFO      accesoinmobiliario: 14 avisos en 18s
01:06:26 DEBUG   La red no quedó en silencio en https://houm.com/cl/arriendo-departamento-región-metropolitana/ñuñoa/174379; se lee igual
01:06:26 DEBUG   [houm] 1 avisos vía estado-embebido
01:06:28 DEBUG   [goplaceit] 30 avisos vía json-ld
01:06:34 DEBUG   La red no quedó en silencio en https://houm.com/cl/arriendo-departamento-región-metropolitana/recoleta/178185; se lee igual
01:06:34 DEBUG   [houm] 1 avisos vía estado-embebido
01:06:42 DEBUG   La red no quedó en silencio en https://houm.com/cl/arriendo-departamento-región-metropolitana/las-condes/177842; se lee igual
01:06:42 DEBUG   [houm] 1 avisos vía estado-embebido
01:06:49 DEBUG   La red no quedó en silencio en https://houm.com/cl/arriendo-departamento-región-metropolitana/recoleta/176958; se lee igual
01:06:50 DEBUG   [houm] 1 avisos vía estado-embebido
01:06:53 INFO      goplaceit: 90 avisos en 101s
01:06:57 DEBUG   La red no quedó en silencio en https://houm.com/cl/arriendo-departamento-región-metropolitana/recoleta/90462; se lee igual
01:06:58 DEBUG   [houm] 1 avisos vía estado-embebido
01:06:58 INFO      houm: 36 avisos en 84s
01:06:58 INFO    Total crudo: 697 avisos
01:06:58 INFO    Después de deduplicar: 475
01:06:58 INFO    Pasaron los filtros: 58
01:07:21 DEBUG   [economicos] 1 avisos vía tarjetas
01:07:22 DEBUG   [doomos] 16 avisos vía tarjetas
01:07:22 DEBUG   Ficha de YVT22 sin candidato propio; no se fusiona
01:07:23 DEBUG   Ficha de HW5MX sin candidato propio; no se fusiona
01:07:23 DEBUG   [economicos] 1 avisos vía tarjetas
01:07:25 DEBUG   [economicos] 1 avisos vía tarjetas
01:07:27 DEBUG   [economicos] 1 avisos vía tarjetas
01:07:29 DEBUG   [economicos] 1 avisos vía tarjetas
01:07:31 DEBUG   [economicos] 1 avisos vía tarjetas
01:07:33 DEBUG   [doomos] 25 avisos vía tarjetas
01:07:33 DEBUG   Ficha de U44VT sin candidato propio; no se fusiona
01:07:35 DEBUG   [doomos] 25 avisos vía tarjetas
01:07:35 DEBUG   Ficha de KNAE9 sin candidato propio; no se fusiona
01:07:36 DEBUG   [doomos] 25 avisos vía tarjetas
01:07:36 DEBUG   Ficha de PR3QK sin candidato propio; no se fusiona
01:07:39 DEBUG   [doomos] 25 avisos vía tarjetas
01:07:39 DEBUG   Ficha de 2HWEW sin candidato propio; no se fusiona
01:07:39 DEBUG   [economicos] 1 avisos vía tarjetas
01:07:40 DEBUG   [doomos] 25 avisos vía tarjetas
01:07:40 DEBUG   Ficha de ZWNAN sin candidato propio; no se fusiona
01:07:42 DEBUG   [doomos] 25 avisos vía tarjetas
01:07:42 DEBUG   Ficha de FDXSM sin candidato propio; no se fusiona
01:07:42 DEBUG   [economicos] 1 avisos vía tarjetas
01:07:45 DEBUG   [economicos] 1 avisos vía tarjetas
01:07:45 DEBUG   Ficha de XEC3Z sin candidato propio; no se fusiona
01:07:47 DEBUG   [economicos] 1 avisos vía tarjetas
01:07:51 DEBUG   [toctoc] 1 avisos vía estado-embebido
01:07:52 DEBUG   [economicos] 1 avisos vía tarjetas
01:07:52 INFO    Enriquecido y descartado: S84GC (arriendo de $3.108.725 sobre el máximo negociable de $1.904.000)
01:07:52 DEBUG   [busconido] 11 avisos vía tarjetas
01:07:52 DEBUG   Ficha de H5C3P sin candidato propio; no se fusiona
01:07:56 INFO    Enriquecido y descartado: YAVJA (arriendo de $3.517.371 sobre el máximo negociable de $1.904.000)
01:07:56 DEBUG   [economicos] 1 avisos vía tarjetas
01:08:00 INFO    Enriquecido y descartado: CC2AY (arriendo de $2.032.258 sobre el máximo negociable de $1.904.000)
01:08:00 DEBUG   [busconido] 10 avisos vía tarjetas
01:08:00 DEBUG   Ficha de J5MJ3 sin candidato propio; no se fusiona
01:08:02 DEBUG   [doomos] 16 avisos vía tarjetas
01:08:02 DEBUG   Ficha de J5JN4 sin candidato propio; no se fusiona
01:08:08 DEBUG   [toctoc] 1 avisos vía estado-embebido
01:08:14 DEBUG   [engelvoelkers] 1 avisos vía json-ld
01:08:16 DEBUG   [doomos] 25 avisos vía tarjetas
01:08:16 DEBUG   Ficha de P8XMT sin candidato propio; no se fusiona
01:08:21 DEBUG   [toctoc] 1 avisos vía estado-embebido
01:08:25 DEBUG   [toctoc] 1 avisos vía estado-embebido
01:08:36 DEBUG   [toctoc] 1 avisos vía estado-embebido
01:08:40 DEBUG   [toctoc] 1 avisos vía estado-embebido
01:08:45 DEBUG   [toctoc] 1 avisos vía estado-embebido
01:08:49 DEBUG   [toctoc] 1 avisos vía estado-embebido
01:08:55 DEBUG   [toctoc] 1 avisos vía estado-embebido
01:08:59 INFO    Enriquecido y descartado: 75BRH (arriendo de $2.931.142 sobre el máximo negociable de $1.904.000)
01:09:22 INFO    Enriquecido y descartado: 75BRH (arriendo de $2.149.504 sobre el máximo negociable de $1.904.000)
01:09:30 DEBUG   Ficha de 75BRH sin candidato propio; no se fusiona
01:09:33 DEBUG   Ficha de 75BRH sin candidato propio; no se fusiona
01:09:37 DEBUG   Ficha de 75BRH sin candidato propio; no se fusiona
01:09:40 DEBUG   Ficha de 75BRH sin candidato propio; no se fusiona
01:09:47 DEBUG   [toctoc] 1 avisos vía estado-embebido
01:09:50 DEBUG   Ficha de 75BRH sin candidato propio; no se fusiona
01:09:55 DEBUG   [toctoc] 1 avisos vía estado-embebido
01:10:01 DEBUG   [toctoc] 1 avisos vía estado-embebido
01:10:04 DEBUG   Ficha de 75BRH sin candidato propio; no se fusiona
01:10:08 DEBUG   Ficha de 75BRH sin candidato propio; no se fusiona
01:10:08 INFO    Fichas leídas: 58 — 0 ganaron el año, 1 la dirección; 5 se descartaron al verlas (0 por viejos)
01:10:09 INFO    Listo: 0 avisados de 53 candidatos
