00:57:11 INFO    UF = $40.901.94 (API del día)
00:57:11 INFO    Barriendo TocToc (toctoc)…
00:57:11 INFO    Barriendo Chilepropiedades (chilepropiedades)…
00:57:11 INFO    Barriendo GoPlaceIt (goplaceit)…
00:57:11 INFO    Barriendo Yapo (yapo)…
00:57:12 DEBUG   [chilepropiedades] 10 avisos vía tarjetas
00:57:13 INFO      yapo: 0 avisos en 2s
00:57:13 INFO    Barriendo BuscoNido (busconido)…
00:57:14 DEBUG   [chilepropiedades] 10 avisos vía tarjetas
00:57:14 DEBUG   [busconido] 23 avisos vía tarjetas
00:57:14 INFO      busconido: 23 avisos en 1s
00:57:14 INFO    Barriendo BienesOnline (bienesonline)…
00:57:15 DEBUG   [bienesonline] 9 avisos vía tarjetas
00:57:15 INFO      bienesonline: 9 avisos en 1s
00:57:15 INFO    Barriendo Economicos (El Mercurio) (economicos)…
00:57:15 WARNING https://www.economicos.cl/search/propiedades/vitacura/arriendo/departamento/0 respondió 403
00:57:15 INFO    [economicos] https://www.economicos.cl/search/propiedades/vitacura/arriendo/departamento/0 rebotó al GET; se reintenta con navegador
00:57:15 DEBUG   [goplaceit] 30 avisos vía json-ld
00:57:15 DEBUG   [chilepropiedades] 10 avisos vía tarjetas
00:57:16 INFO      chilepropiedades: 30 avisos en 5s
00:57:16 INFO    Barriendo iCasas (icasas)…
00:57:16 DEBUG   [toctoc] 20 avisos vía json-ld
00:57:16 INFO      economicos: 0 avisos en 2s
00:57:16 INFO    Barriendo Doomos (doomos)…
00:57:17 DEBUG   [icasas] 15 avisos vía tarjetas
00:57:18 DEBUG   [doomos] 31 avisos vía tarjetas
00:57:18 INFO      doomos: 31 avisos en 2s
00:57:18 INFO    Barriendo Top Propiedades (toppropiedades)…
00:57:18 DEBUG   [icasas] 15 avisos vía tarjetas
00:57:18 INFO      icasas: 30 avisos en 3s
00:57:18 INFO    Barriendo Nuroa (nuroa)…
00:57:19 DEBUG   Encoding detection: ascii is most likely the one.
00:57:20 DEBUG   [nuroa] 25 avisos vía json-ld
00:57:22 DEBUG   [toppropiedades] 1 avisos vía json-ld
00:57:22 DEBUG   [nuroa] 25 avisos vía json-ld
00:57:23 DEBUG   La red no quedó en silencio en https://www.toctoc.com/arriendo/departamento/metropolitana/vitacura/3-dormitorios?pagina=2; se lee igual
00:57:23 DEBUG   [toctoc] 20 avisos vía json-ld
00:57:24 DEBUG   [toppropiedades] 1 avisos vía json-ld
00:57:24 DEBUG   [nuroa] 25 avisos vía json-ld
00:57:26 DEBUG   [toppropiedades] 1 avisos vía json-ld
00:57:26 DEBUG   [nuroa] 25 avisos vía json-ld
00:57:27 INFO      nuroa: 100 avisos en 8s
00:57:27 INFO    Barriendo Mitula (mitula)…
00:57:28 DEBUG   [toppropiedades] 1 avisos vía json-ld
00:57:28 DEBUG   [mitula] 30 avisos vía json-ld
00:57:30 DEBUG   [toppropiedades] 1 avisos vía json-ld
00:57:30 DEBUG   [mitula] 30 avisos vía json-ld
00:57:30 INFO      mitula: 60 avisos en 3s
00:57:30 INFO    Barriendo Houm (houm)…
00:57:30 DEBUG   La red no quedó en silencio en https://www.toctoc.com/arriendo/departamento/metropolitana/vitacura/3-dormitorios?pagina=3; se lee igual
00:57:31 DEBUG   [toctoc] 20 avisos vía json-ld
00:57:32 DEBUG   [toppropiedades] 1 avisos vía json-ld
00:57:34 DEBUG   [toppropiedades] 1 avisos vía json-ld
00:57:36 DEBUG   [toppropiedades] 1 avisos vía json-ld
00:57:36 INFO      toppropiedades: 8 avisos en 18s
00:57:36 INFO    Barriendo Hey! Homes (heyhomes)…
00:57:38 DEBUG   La red no quedó en silencio en https://houm.com/cl/arriendo-departamentos-region-metropolitana/vitacura/3-dormitorios; se lee igual
00:57:38 DEBUG   [houm] 28 avisos vía json-ld
00:57:38 DEBUG   [heyhomes] 9 avisos vía tarjetas
00:57:38 INFO      heyhomes: 9 avisos en 3s
00:57:38 INFO    Barriendo Engel & Völkers (engelvoelkers)…
00:57:40 DEBUG   La red no quedó en silencio en https://www.toctoc.com/arriendo/departamento/metropolitana/vitacura/4-dormitorios; se lee igual
00:57:40 DEBUG   [toctoc] 20 avisos vía json-ld
00:57:47 DEBUG   La red no quedó en silencio en https://houm.com/cl/arriendo-departamento-región-metropolitana/las-condes/170742; se lee igual
00:57:47 DEBUG   [engelvoelkers] 17 avisos vía tarjetas
00:57:47 INFO      engelvoelkers: 17 avisos en 9s
00:57:47 INFO    Barriendo RE/MAX Chile (remax)…
00:57:47 DEBUG   [houm] 1 avisos vía estado-embebido
00:57:54 DEBUG   La red no quedó en silencio en https://www.toctoc.com/arriendo/departamento/metropolitana/vitacura/4-dormitorios?pagina=2; se lee igual
00:57:54 DEBUG   [toctoc] 20 avisos vía json-ld
00:58:00 DEBUG   La red no quedó en silencio en https://houm.com/cl/arriendo-departamento-región-metropolitana/las-condes/175757; se lee igual
00:58:00 DEBUG   [houm] 1 avisos vía estado-embebido
00:58:01 DEBUG   La red no quedó en silencio en https://www.remax.cl/es-cl/busqueda/metropolitana-de-santiago/santiago/vitacura/residencial-departamento/arriendo/; se lee igual
00:58:02 DEBUG   [remax] 5 avisos vía tarjetas
00:58:08 DEBUG   La red no quedó en silencio en https://www.toctoc.com/arriendo/departamento/metropolitana/vitacura/4-dormitorios?pagina=3; se lee igual
00:58:08 DEBUG   [toctoc] 40 avisos vía estado-embebido
00:58:08 INFO      toctoc: 140 avisos en 57s
00:58:08 INFO    Barriendo Fuenzalida Propiedades (fuenzalida)…
00:58:11 DEBUG   [fuenzalida] 16 avisos vía tarjetas
00:58:11 DEBUG   La red no quedó en silencio en https://houm.com/cl/arriendo-departamento-región-metropolitana/ñuñoa/164010; se lee igual
00:58:11 DEBUG   [houm] 1 avisos vía estado-embebido
00:58:14 DEBUG   [fuenzalida] 20 avisos vía tarjetas
00:58:15 DEBUG   [goplaceit] 30 avisos vía json-ld
00:58:15 DEBUG   La red no quedó en silencio en https://www.remax.cl/es-cl/busqueda/metropolitana-de-santiago/santiago/vitacura/residencial-departamento/arriendo/?page=2; se lee igual
00:58:15 DEBUG   [remax] 5 avisos vía tarjetas
00:58:15 INFO      remax: 10 avisos en 28s
00:58:15 INFO    Barriendo Century 21 Chile (century21)…
00:58:17 INFO      century21: 0 avisos en 2s
00:58:17 INFO    Barriendo Property Partners (propertypartners)…
00:58:17 DEBUG   [fuenzalida] 20 avisos vía tarjetas
00:58:17 INFO      fuenzalida: 56 avisos en 9s
00:58:17 INFO    Barriendo Acceso Inmobiliario (accesoinmobiliario)…
00:58:17 DEBUG   [propertypartners] 1 avisos vía tarjetas
00:58:17 INFO      propertypartners: 1 avisos en 0s
00:58:17 INFO    Barriendo Magnolia Property (magnoliaproperty)…
00:58:18 DEBUG   [magnoliaproperty] 7 avisos vía tarjetas
00:58:18 INFO      magnoliaproperty: 7 avisos en 1s
00:58:18 INFO    Barriendo Portilla Propiedades (portillapropiedades)…
00:58:19 DEBUG   [portillapropiedades] 2 avisos vía tarjetas
00:58:19 INFO      portillapropiedades: 2 avisos en 1s
00:58:19 INFO    Barriendo Nativo Propiedades (nativopropiedades)…
00:58:19 DEBUG   [nativopropiedades] 10 avisos vía tarjetas
00:58:19 INFO      nativopropiedades: 10 avisos en 1s
00:58:19 INFO    Barriendo Enlace Inmobiliario (enlaceinmobiliario)…
00:58:19 WARNING https://www.enlaceinmobiliario.cl/ respondió 403
00:58:19 INFO    [enlaceinmobiliario] https://www.enlaceinmobiliario.cl/ rebotó al GET; se reintenta con navegador
00:58:22 DEBUG   [accesoinmobiliario] 16 avisos vía tarjetas
00:58:22 DEBUG   La red no quedó en silencio en https://houm.com/cl/arriendo-departamento-región-metropolitana/lo-barnechea/74201; se lee igual
00:58:22 DEBUG   [houm] 1 avisos vía estado-embebido
00:58:26 INFO      enlaceinmobiliario: 0 avisos en 6s
00:58:26 INFO    Barriendo Rentas.cl (rentas_cl)…
00:58:28 DEBUG   [rentas_cl] 1 avisos vía json-ld
00:58:28 INFO      rentas_cl: 1 avisos en 2s
00:58:28 INFO    Barriendo Arriendos.cl (arriendos_cl)…
00:58:29 INFO      arriendos_cl: 0 avisos en 1s
00:58:29 INFO    Barriendo Propiedades.cl (propiedades_cl)…
00:58:29 DEBUG   [propiedades_cl] 6 avisos vía tarjetas
00:58:29 INFO      propiedades_cl: 6 avisos en 1s
00:58:29 INFO    Barriendo Clasificados.cl (clasificados_cl)…
00:58:32 DEBUG   [clasificados_cl] 1 avisos vía tarjetas
00:58:32 INFO      clasificados_cl: 1 avisos en 2s
00:58:33 DEBUG   [accesoinmobiliario] 1 avisos vía tarjetas
00:58:33 DEBUG   La red no quedó en silencio en https://houm.com/cl/arriendo-departamento-región-metropolitana/providencia/175947; se lee igual
00:58:34 DEBUG   [houm] 1 avisos vía estado-embebido
00:58:35 DEBUG   [accesoinmobiliario] 1 avisos vía tarjetas
00:58:43 DEBUG   La red no quedó en silencio en https://houm.com/cl/arriendo-departamento-región-metropolitana/ñuñoa/174379; se lee igual
00:58:43 DEBUG   [houm] 1 avisos vía estado-embebido
00:58:51 DEBUG   La red no quedó en silencio en https://houm.com/cl/arriendo-departamento-región-metropolitana/recoleta/179872; se lee igual
00:58:51 DEBUG   [houm] 1 avisos vía estado-embebido
00:58:52 DEBUG   [accesoinmobiliario] 1 avisos vía tarjetas
00:58:52 INFO      accesoinmobiliario: 19 avisos en 35s
00:58:54 DEBUG   [goplaceit] 30 avisos vía json-ld
00:58:59 DEBUG   La red no quedó en silencio en https://houm.com/cl/arriendo-departamento-región-metropolitana/recoleta/178185; se lee igual
00:58:59 DEBUG   [houm] 1 avisos vía estado-embebido
00:58:59 INFO      houm: 36 avisos en 89s
00:59:20 INFO      goplaceit: 90 avisos en 129s
00:59:20 INFO    Total crudo: 696 avisos
00:59:20 INFO    Después de deduplicar: 439
00:59:20 INFO    Pasaron los filtros: 52
00:59:39 DEBUG   [doomos] 18 avisos vía tarjetas
00:59:39 DEBUG   Ficha de YVT22 sin candidato propio; no se fusiona
00:59:40 DEBUG   Ficha de HW5MX sin candidato propio; no se fusiona
00:59:47 DEBUG   La red no quedó en silencio en https://www.toctoc.com/arriendo/departamento/metropolitana/vitacura/b_b8e9650ab3cede08eadf62f5c2c528b50c99d78c; se lee igual
00:59:47 DEBUG   Pin del mapa para WUDC7: -33.40513, -70.59400
00:59:47 DEBUG   [toctoc] 1 avisos vía estado-embebido
00:59:47 INFO    Enriquecido y descartado: BYPVE (100 m² totales, no llega a más de 100 m²)
00:59:48 DEBUG   [doomos] 27 avisos vía tarjetas
00:59:48 DEBUG   Ficha de U44VT sin candidato propio; no se fusiona
00:59:50 DEBUG   [doomos] 27 avisos vía tarjetas
00:59:50 DEBUG   Ficha de KNAE9 sin candidato propio; no se fusiona
00:59:52 DEBUG   [doomos] 27 avisos vía tarjetas
00:59:52 DEBUG   Ficha de PR3QK sin candidato propio; no se fusiona
00:59:54 DEBUG   [doomos] 27 avisos vía tarjetas
00:59:54 DEBUG   Ficha de 2HWEW sin candidato propio; no se fusiona
00:59:57 DEBUG   [doomos] 27 avisos vía tarjetas
00:59:57 DEBUG   Ficha de ZWNAN sin candidato propio; no se fusiona
01:00:03 DEBUG   La red no quedó en silencio en https://www.toctoc.com/arriendo/departamento/metropolitana/vitacura/b_fcce67f64655e74722493467e0943e3acb167be3; se lee igual
01:00:03 DEBUG   [toctoc] 1 avisos vía estado-embebido
01:00:04 DEBUG   [busconido] 10 avisos vía tarjetas
01:00:04 DEBUG   Ficha de TKTCZ sin candidato propio; no se fusiona
01:00:06 DEBUG   [doomos] 27 avisos vía tarjetas
01:00:06 DEBUG   Ficha de FQ6XQ sin candidato propio; no se fusiona
01:00:12 DEBUG   La red no quedó en silencio en https://www.toctoc.com/arriendo/departamento/metropolitana/vitacura/b_008654d3abc393c3f12d1ecc3c02e00a5c43ebe9; se lee igual
01:00:12 DEBUG   Pin del mapa para 7KHWV: -33.38556, -70.55740
01:00:12 DEBUG   [toctoc] 1 avisos vía estado-embebido
01:00:13 DEBUG   [busconido] 10 avisos vía tarjetas
01:00:13 DEBUG   Ficha de ZKWUC sin candidato propio; no se fusiona
01:00:15 DEBUG   [busconido] 10 avisos vía tarjetas
01:00:15 DEBUG   Ficha de X4AHM sin candidato propio; no se fusiona
01:00:17 DEBUG   [busconido] 11 avisos vía tarjetas
01:00:17 DEBUG   Ficha de B7P2V sin candidato propio; no se fusiona
01:00:21 INFO    Enriquecido y descartado: YAVJA (arriendo de $3.517.371 sobre el máximo negociable de $1.904.000)
01:00:26 INFO    Enriquecido y descartado: CC2AY (arriendo de $2.032.258 sobre el máximo negociable de $1.904.000)
01:00:26 DEBUG   [busconido] 10 avisos vía tarjetas
01:00:26 DEBUG   Ficha de MV9WV sin candidato propio; no se fusiona
01:00:28 DEBUG   [doomos] 18 avisos vía tarjetas
01:00:28 DEBUG   Ficha de J5JN4 sin candidato propio; no se fusiona
01:00:34 DEBUG   La red no quedó en silencio en https://www.toctoc.com/arriendo/departamento/metropolitana/vitacura/b_ac8626fbaf17f6797538373e1135be54043ecbc1; se lee igual
01:00:34 DEBUG   [toctoc] 1 avisos vía estado-embebido
01:00:47 DEBUG   [engelvoelkers] 1 avisos vía json-ld
01:00:49 DEBUG   [doomos] 27 avisos vía tarjetas
01:00:49 DEBUG   Ficha de P8XMT sin candidato propio; no se fusiona
01:00:56 DEBUG   La red no quedó en silencio en https://www.toctoc.com/arriendo/departamento/metropolitana/vitacura/b_62313db937b2eb47fc03dd6bc00d3af11b5bf811; se lee igual
01:00:56 DEBUG   [toctoc] 1 avisos vía estado-embebido
01:01:03 DEBUG   La red no quedó en silencio en https://www.toctoc.com/arriendo/departamento/metropolitana/vitacura/b_a3f11e3da22b023d55153cd78c67bf4d8e101cb9; se lee igual
01:01:03 DEBUG   [toctoc] 1 avisos vía estado-embebido
01:01:13 DEBUG   La red no quedó en silencio en https://www.toctoc.com/arriendo/departamento/metropolitana/vitacura/b_bac4e00f3f8fbaaa186a9e419a8f56ded4737558; se lee igual
01:01:13 DEBUG   [toctoc] 1 avisos vía estado-embebido
01:01:20 DEBUG   La red no quedó en silencio en https://www.toctoc.com/arriendo/departamento/metropolitana/vitacura/b_5acaafcd00128d3e4cb605d4f6d3b2f9454c00a2; se lee igual
01:01:20 DEBUG   [toctoc] 1 avisos vía estado-embebido
01:01:27 DEBUG   La red no quedó en silencio en https://www.toctoc.com/arriendo/departamento/metropolitana/vitacura/b_8c9ee4012cd3abae9a346f5c20131ca3ab90095d; se lee igual
01:01:27 DEBUG   [toctoc] 1 avisos vía estado-embebido
01:01:27 DEBUG   [chilepropiedades] 2 avisos vía json-ld
01:01:34 DEBUG   La red no quedó en silencio en https://www.toctoc.com/arriendo/departamento/metropolitana/vitacura/b_81160827e21945574de3036c9a6e70e4790b7427; se lee igual
01:01:34 DEBUG   [toctoc] 1 avisos vía estado-embebido
01:01:40 DEBUG   La red no quedó en silencio en https://www.toctoc.com/arriendo/departamento/metropolitana/vitacura/b_dd470a6196689e0d8f0f051c723f233fb535a000; se lee igual
01:01:40 DEBUG   [toctoc] 1 avisos vía estado-embebido
01:01:44 INFO    Enriquecido y descartado: 75BRH (arriendo de $2.931.142 sobre el máximo negociable de $1.904.000)
01:02:10 INFO    Enriquecido y descartado: 75BRH (arriendo de $2.149.504 sobre el máximo negociable de $1.904.000)
01:02:14 INFO    Enriquecido y descartado: 75BRH (arriendo de $1.954.095 sobre el máximo negociable de $1.904.000)
01:02:33 DEBUG   La red no quedó en silencio en https://www.toctoc.com/arriendo/departamento/metropolitana/vitacura/b_8d7cfebe1062033f05e1df1296cb8647a46a8d1b; se lee igual
01:02:33 DEBUG   [toctoc] 1 avisos vía estado-embebido
01:02:43 DEBUG   La red no quedó en silencio en https://www.toctoc.com/arriendo/departamento/metropolitana/vitacura/b_5a37b5df7f9d79c4bd1ab716a6babbded3d95b42; se lee igual
01:02:44 DEBUG   [toctoc] 1 avisos vía estado-embebido
01:02:50 DEBUG   La red no quedó en silencio en https://www.toctoc.com/arriendo/departamento/metropolitana/vitacura/b_a980d8085ff1b8a8ad39918e8343fc77f14f4e9d; se lee igual
01:02:50 DEBUG   [toctoc] 1 avisos vía estado-embebido
01:02:55 INFO    Enriquecido y descartado: 75BRH (arriendo de $4.299.009 sobre el máximo negociable de $1.904.000)
01:02:59 INFO    Fichas leídas: 52 — 0 ganaron el año, 2 la dirección; 7 se descartaron al verlas (0 por viejos)
01:03:00 INFO    Listo: 0 avisados de 45 candidatos
