02:50:00 INFO    No se pudo traer la UF del día (ReadTimeout); se usa el respaldo
02:50:00 INFO    UF = $41.122.74 (caché de hace 1 día(s) — la API no respondió)
02:50:00 INFO    Barriendo TocToc (toctoc)…
02:50:00 INFO    Barriendo Chilepropiedades (chilepropiedades)…
02:50:00 INFO    Barriendo GoPlaceIt (goplaceit)…
02:50:00 INFO    Barriendo Yapo (yapo)…
02:50:00 WARNING https://www.yapo.cl/bienes-raices-alquiler-apartamentos/region-metropolitana-vitacura respondió 403
02:50:00 INFO    [yapo] https://www.yapo.cl/bienes-raices-alquiler-apartamentos/region-metropolitana-vitacura rebotó al GET; se reintenta con navegador
02:50:00 DEBUG   [chilepropiedades] 10 avisos vía tarjetas
02:50:02 DEBUG   [chilepropiedades] 10 avisos vía tarjetas
02:50:04 DEBUG   [goplaceit] 30 avisos vía json-ld
02:50:04 DEBUG   [chilepropiedades] 10 avisos vía tarjetas
02:50:04 INFO      chilepropiedades: 30 avisos en 5s
02:50:04 INFO    Barriendo BuscoNido (busconido)…
02:50:05 DEBUG   [busconido] 23 avisos vía tarjetas
02:50:05 INFO      busconido: 23 avisos en 1s
02:50:05 INFO    Barriendo BienesOnline (bienesonline)…
02:50:07 DEBUG   [bienesonline] 12 avisos vía tarjetas
02:50:07 INFO      bienesonline: 12 avisos en 1s
02:50:07 INFO    Barriendo Economicos (El Mercurio) (economicos)…
02:50:07 WARNING https://www.economicos.cl/search/propiedades/vitacura/arriendo/departamento/0 respondió 403
02:50:07 INFO    [economicos] https://www.economicos.cl/search/propiedades/vitacura/arriendo/departamento/0 rebotó al GET; se reintenta con navegador
02:50:08 DEBUG   [toctoc] 20 avisos vía json-ld
02:50:11 DEBUG   La red no quedó en silencio en https://www.yapo.cl/bienes-raices-alquiler-apartamentos/region-metropolitana-vitacura; se lee igual
02:50:11 INFO      yapo: 0 avisos en 11s
02:50:11 INFO    Barriendo iCasas (icasas)…
02:50:11 DEBUG   [icasas] 15 avisos vía tarjetas
02:50:12 INFO      economicos: 0 avisos en 5s
02:50:12 INFO    Barriendo Doomos (doomos)…
02:50:13 DEBUG   [icasas] 15 avisos vía tarjetas
02:50:13 INFO      icasas: 30 avisos en 3s
02:50:13 INFO    Barriendo Top Propiedades (toppropiedades)…
02:50:17 DEBUG   [toppropiedades] 1 avisos vía json-ld
02:50:18 DEBUG   La red no quedó en silencio en https://www.toctoc.com/arriendo/departamento/metropolitana/vitacura/3-dormitorios?pagina=2; se lee igual
02:50:18 DEBUG   [toctoc] 20 avisos vía json-ld
02:50:19 DEBUG   [toppropiedades] 1 avisos vía json-ld
02:50:21 DEBUG   [toppropiedades] 1 avisos vía json-ld
02:50:23 DEBUG   [toppropiedades] 1 avisos vía json-ld
02:50:25 DEBUG   [toppropiedades] 1 avisos vía json-ld
02:50:25 DEBUG   [toctoc] 17 avisos vía json-ld
02:50:27 DEBUG   [toppropiedades] 1 avisos vía json-ld
02:50:29 DEBUG   [toppropiedades] 1 avisos vía json-ld
02:50:29 DEBUG   [goplaceit] 30 avisos vía json-ld
02:50:31 DEBUG   [toppropiedades] 1 avisos vía json-ld
02:50:31 INFO      toppropiedades: 8 avisos en 18s
02:50:31 INFO    Barriendo Nuroa (nuroa)…
02:50:31 DEBUG   Encoding detection: ascii is most likely the one.
02:50:32 DEBUG   La red no quedó en silencio en https://www.toctoc.com/arriendo/departamento/metropolitana/vitacura/4-dormitorios; se lee igual
02:50:32 DEBUG   [toctoc] 33 avisos vía json-ld
02:50:32 DEBUG   [nuroa] 25 avisos vía json-ld
02:50:34 DEBUG   [nuroa] 25 avisos vía json-ld
02:50:36 DEBUG   [nuroa] 25 avisos vía json-ld
02:50:37 DEBUG   [toctoc] 15 avisos vía json-ld
02:50:38 DEBUG   [nuroa] 25 avisos vía json-ld
02:50:38 INFO      nuroa: 100 avisos en 7s
02:50:38 INFO    Barriendo Mitula (mitula)…
02:50:40 DEBUG   [mitula] 30 avisos vía json-ld
02:50:42 DEBUG   [mitula] 30 avisos vía json-ld
02:50:42 INFO      mitula: 60 avisos en 4s
02:50:42 INFO    Barriendo Houm (houm)…
02:50:42 WARNING Error en https://www.doomos.cl/departamentos-vitacura-arriendo (intento 1/3): HTTPSConnectionPool(host='www.doomos.cl', port=443): Read timed out. (read timeout=20)
02:50:44 DEBUG   La red no quedó en silencio en https://www.toctoc.com/arriendo/departamento/metropolitana/vitacura/4-dormitorios?pagina=3; se lee igual
02:50:44 DEBUG   [toctoc] 20 avisos vía json-ld
02:50:44 INFO      toctoc: 125 avisos en 45s
02:50:44 INFO    Barriendo Hey! Homes (heyhomes)…
02:50:47 DEBUG   [heyhomes] 9 avisos vía tarjetas
02:50:47 INFO      heyhomes: 9 avisos en 2s
02:50:47 INFO    Barriendo Engel & Völkers (engelvoelkers)…
02:50:51 DEBUG   [engelvoelkers] 17 avisos vía tarjetas
02:50:51 INFO      engelvoelkers: 17 avisos en 4s
02:50:51 INFO    Barriendo RE/MAX Chile (remax)…
02:50:51 DEBUG   La red no quedó en silencio en https://houm.com/cl/arriendo-departamentos-region-metropolitana/vitacura/3-dormitorios; se lee igual
02:50:52 DEBUG   [houm] 28 avisos vía json-ld
02:50:54 DEBUG   [goplaceit] 30 avisos vía json-ld
02:50:57 INFO      remax: 0 avisos en 6s
02:50:57 INFO    Barriendo Fuenzalida Propiedades (fuenzalida)…
02:50:59 DEBUG   La red no quedó en silencio en https://houm.com/cl/arriendo-departamento-región-metropolitana/las-condes/170742; se lee igual
02:50:59 DEBUG   [houm] 1 avisos vía estado-embebido
02:51:04 WARNING Error en https://www.doomos.cl/departamentos-vitacura-arriendo (intento 2/3): HTTPSConnectionPool(host='www.doomos.cl', port=443): Read timed out. (read timeout=20)
02:51:05 DEBUG   [fuenzalida] 16 avisos vía tarjetas
02:51:06 DEBUG   La red no quedó en silencio en https://houm.com/cl/arriendo-departamento-región-metropolitana/ñuñoa/181066; se lee igual
02:51:06 DEBUG   [houm] 1 avisos vía estado-embebido
02:51:13 DEBUG   [fuenzalida] 20 avisos vía tarjetas
02:51:13 DEBUG   La red no quedó en silencio en https://houm.com/cl/arriendo-departamento-región-metropolitana/providencia/181498; se lee igual
02:51:13 DEBUG   [houm] 1 avisos vía estado-embebido
02:51:16 INFO      goplaceit: 90 avisos en 77s
02:51:16 INFO    Barriendo Century 21 Chile (century21)…
02:51:17 INFO      century21: 0 avisos en 1s
02:51:17 INFO    Barriendo Property Partners (propertypartners)…
02:51:18 DEBUG   [propertypartners] 1 avisos vía tarjetas
02:51:18 INFO      propertypartners: 1 avisos en 0s
02:51:18 INFO    Barriendo Acceso Inmobiliario (accesoinmobiliario)…
02:51:20 DEBUG   La red no quedó en silencio en https://houm.com/cl/arriendo-departamento-región-metropolitana/lo-barnechea/74201; se lee igual
02:51:20 DEBUG   [houm] 1 avisos vía estado-embebido
02:51:20 DEBUG   [fuenzalida] 20 avisos vía tarjetas
02:51:20 INFO      fuenzalida: 56 avisos en 24s
02:51:20 INFO    Barriendo Magnolia Property (magnoliaproperty)…
02:51:21 DEBUG   [magnoliaproperty] 6 avisos vía tarjetas
02:51:21 INFO      magnoliaproperty: 6 avisos en 0s
02:51:21 INFO    Barriendo Portilla Propiedades (portillapropiedades)…
02:51:21 DEBUG   [accesoinmobiliario] 14 avisos vía tarjetas
02:51:22 DEBUG   [portillapropiedades] 2 avisos vía tarjetas
02:51:22 INFO      portillapropiedades: 2 avisos en 1s
02:51:22 INFO    Barriendo Nativo Propiedades (nativopropiedades)…
02:51:22 DEBUG   [nativopropiedades] 10 avisos vía tarjetas
02:51:22 INFO      nativopropiedades: 10 avisos en 1s
02:51:22 INFO    Barriendo Enlace Inmobiliario (enlaceinmobiliario)…
02:51:22 WARNING https://www.enlaceinmobiliario.cl/ respondió 403
02:51:22 INFO    [enlaceinmobiliario] https://www.enlaceinmobiliario.cl/ rebotó al GET; se reintenta con navegador
02:51:24 DEBUG   [accesoinmobiliario] 1 avisos vía tarjetas
02:51:27 DEBUG   La red no quedó en silencio en https://houm.com/cl/arriendo-departamento-región-metropolitana/recoleta/178185; se lee igual
02:51:27 DEBUG   [houm] 1 avisos vía estado-embebido
02:51:28 WARNING Error en https://www.doomos.cl/departamentos-vitacura-arriendo (intento 3/3): HTTPSConnectionPool(host='www.doomos.cl', port=443): Read timed out. (read timeout=20)
02:51:28 WARNING   doomos: el sitio no respondió a tiempo
02:51:28 INFO      doomos: 0 avisos en 76s
02:51:28 INFO    Barriendo Rentas.cl (rentas_cl)…
02:51:30 DEBUG   [rentas_cl] 1 avisos vía json-ld
02:51:30 INFO      rentas_cl: 1 avisos en 2s
02:51:30 INFO    Barriendo Arriendos.cl (arriendos_cl)…
02:51:30 DEBUG   La red no quedó en silencio en https://www.enlaceinmobiliario.cl/; se lee igual
02:51:30 INFO      enlaceinmobiliario: 0 avisos en 8s
02:51:30 INFO    Barriendo Propiedades.cl (propiedades_cl)…
02:51:31 DEBUG   [propiedades_cl] 6 avisos vía tarjetas
02:51:31 INFO      propiedades_cl: 6 avisos en 1s
02:51:31 INFO    Barriendo Clasificados.cl (clasificados_cl)…
02:51:31 DEBUG   [arriendos_cl] 3 avisos vía tarjetas
02:51:31 INFO      arriendos_cl: 3 avisos en 1s
02:51:34 DEBUG   [clasificados_cl] 1 avisos vía tarjetas
02:51:34 INFO      clasificados_cl: 1 avisos en 3s
02:51:36 DEBUG   La red no quedó en silencio en https://houm.com/cl/arriendo-departamento-región-metropolitana/recoleta/176207; se lee igual
02:51:37 DEBUG   [houm] 1 avisos vía estado-embebido
02:51:43 INFO      accesoinmobiliario: 15 avisos en 25s
02:51:43 DEBUG   La red no quedó en silencio en https://houm.com/cl/arriendo-departamento-región-metropolitana/las-condes/177842; se lee igual
02:51:44 DEBUG   [houm] 1 avisos vía estado-embebido
02:51:50 DEBUG   La red no quedó en silencio en https://houm.com/cl/arriendo-departamento-región-metropolitana/recoleta/176958; se lee igual
02:51:50 DEBUG   [houm] 1 avisos vía estado-embebido
02:51:50 INFO      houm: 36 avisos en 69s
02:51:51 INFO    Total crudo: 641 avisos
02:51:51 INFO    Después de deduplicar: 465
02:51:51 INFO    Pasaron los filtros: 61
02:52:05 DEBUG   Ficha de HW5MX sin candidato propio; no se fusiona
02:52:11 DEBUG   [toctoc] 1 avisos vía estado-embebido
02:52:11 DEBUG   [busconido] 11 avisos vía tarjetas
02:52:11 DEBUG   Ficha de XF8YT sin candidato propio; no se fusiona
02:52:16 DEBUG   [toctoc] 1 avisos vía estado-embebido
02:52:17 DEBUG   [busconido] 11 avisos vía tarjetas
02:52:17 DEBUG   Ficha de TRUK6 sin candidato propio; no se fusiona
02:52:20 DEBUG   [engelvoelkers] 1 avisos vía json-ld
02:52:21 DEBUG   [busconido] 10 avisos vía tarjetas
02:52:21 DEBUG   Ficha de NDNQ5 sin candidato propio; no se fusiona
02:52:23 DEBUG   [busconido] 10 avisos vía tarjetas
02:52:23 DEBUG   Ficha de 86J52 sin candidato propio; no se fusiona
02:52:25 DEBUG   [busconido] 10 avisos vía tarjetas
02:52:25 DEBUG   Ficha de NQ2WW sin candidato propio; no se fusiona
02:52:27 DEBUG   [busconido] 10 avisos vía tarjetas
02:52:27 DEBUG   Ficha de JUQ7R sin candidato propio; no se fusiona
02:52:29 DEBUG   [busconido] 11 avisos vía tarjetas
02:52:29 DEBUG   Ficha de 2NXG9 sin candidato propio; no se fusiona
02:52:31 DEBUG   [busconido] 11 avisos vía tarjetas
02:52:31 DEBUG   Ficha de CSK9N sin candidato propio; no se fusiona
02:52:34 INFO    Enriquecido y descartado: YAVJA (arriendo de $3.517.371 sobre el máximo negociable de $1.904.000)
02:52:39 DEBUG   Pin del mapa para RR676: -33.40632, -70.59601
02:52:39 DEBUG   [toctoc] 1 avisos vía estado-embebido
02:52:39 INFO    Enriquecido y descartado: KRW5G (33 años (construido en 1993), sobre el máximo de 30)
02:52:45 DEBUG   Pin del mapa para 6JZTZ: -33.40600, -70.59600
02:52:45 DEBUG   [toctoc] 1 avisos vía estado-embebido
02:52:45 INFO    Enriquecido y descartado: T3P3G (arriendo de $3.600.000 sobre el máximo negociable de $1.904.000)
02:52:50 DEBUG   Pin del mapa para TWM7T: -33.36900, -70.54400
02:52:50 DEBUG   [toctoc] 1 avisos vía estado-embebido
02:52:50 INFO    Enriquecido y descartado: VM5YC (arriendo de $3.906.660 sobre el máximo negociable de $1.904.000)
02:52:58 DEBUG   Pin del mapa para HQU2S: -33.40597, -70.59658
02:52:58 DEBUG   [toctoc] 1 avisos vía estado-embebido
02:52:58 INFO    Enriquecido y descartado: JJ52S (arriendo de $3.289.819 sobre el máximo negociable de $1.904.000)
02:53:05 INFO    Enriquecido y descartado: CC2AY (arriendo de $2.032.258 sobre el máximo negociable de $1.904.000)
02:53:06 DEBUG   [busconido] 11 avisos vía tarjetas
02:53:06 DEBUG   Ficha de 75TZH sin candidato propio; no se fusiona
02:53:06 DEBUG   Ficha de HMZCQ sin candidato propio; no se fusiona
02:53:06 WARNING robots.txt no permite https://www.nuroa.cl/adform/10342-912-101d5-1a0ff48-a45a-2e1434470692-7ad1?click_type=0&pos=4&searchType=1&page=2&section=1&t_sec=1&sectionType=1&pageViewId=d934dbe3-135e-474b-9087-b2304791aece&t_pvid=d934dbe3-135e-474b-9087-b2304791aece&userAgent=Mozilla%2F5.0+%28compatible%3B+radar-arriendos%2F1.0%3B+uso+personal%2C+busqueda+de+arriendo%3B+%2Bhttps%3A%2F%2Fgithub.com%2Falfonsoandona%2Farriendos-vitacura%29&browser=1&isHuman=true&userIp=4.155.63.145&what=vitacura+departamento&search_terms=vitacura+departamento&origin=1&t_or=1&splitTestId=0 — se omite
02:53:12 DEBUG   [toctoc] 1 avisos vía estado-embebido
02:53:19 DEBUG   [toctoc] 1 avisos vía estado-embebido
02:53:26 DEBUG   [engelvoelkers] 1 avisos vía json-ld
02:53:31 DEBUG   [toctoc] 1 avisos vía estado-embebido
02:53:36 DEBUG   [toctoc] 1 avisos vía estado-embebido
02:53:42 DEBUG   [toctoc] 1 avisos vía estado-embebido
02:53:50 DEBUG   [toctoc] 1 avisos vía estado-embebido
02:53:54 DEBUG   [toctoc] 1 avisos vía estado-embebido
02:54:00 DEBUG   [toctoc] 1 avisos vía estado-embebido
02:54:04 DEBUG   [toctoc] 1 avisos vía estado-embebido
02:54:09 DEBUG   [toctoc] 1 avisos vía estado-embebido
02:54:09 INFO    Enriquecido y descartado: MGX6E (arriendo de $2.385.119 sobre el máximo negociable de $1.904.000)
02:54:14 DEBUG   [toctoc] 1 avisos vía estado-embebido
02:54:14 INFO    Enriquecido y descartado: JX2H8 (arriendo de $3.701.047 sobre el máximo negociable de $1.904.000)
02:54:33 INFO    Enriquecido y descartado: 75BRH (arriendo de $2.149.504 sobre el máximo negociable de $1.904.000)
02:54:36 DEBUG   Ficha de 75BRH sin candidato propio; no se fusiona
02:54:39 DEBUG   Ficha de 75BRH sin candidato propio; no se fusiona
02:54:42 DEBUG   Ficha de 75BRH sin candidato propio; no se fusiona
02:54:45 DEBUG   Ficha de 75BRH sin candidato propio; no se fusiona
02:54:50 DEBUG   [toctoc] 1 avisos vía estado-embebido
02:54:53 DEBUG   Ficha de 75BRH sin candidato propio; no se fusiona
02:54:53 WARNING robots.txt no permite https://www.nuroa.cl/adform/10342-912-3e9b-1a0e30e-bd4c-4f30fb45531b-7a22?click_type=0&pos=6&searchType=1&page=2&section=1&t_sec=1&sectionType=1&pageViewId=d934dbe3-135e-474b-9087-b2304791aece&t_pvid=d934dbe3-135e-474b-9087-b2304791aece&userAgent=Mozilla%2F5.0+%28compatible%3B+radar-arriendos%2F1.0%3B+uso+personal%2C+busqueda+de+arriendo%3B+%2Bhttps%3A%2F%2Fgithub.com%2Falfonsoandona%2Farriendos-vitacura%29&browser=1&isHuman=true&userIp=4.155.63.145&what=vitacura+departamento&search_terms=vitacura+departamento&origin=1&t_or=1&splitTestId=0 — se omite
02:54:53 WARNING robots.txt no permite https://www.nuroa.cl/adform/10342-912-e7f8-1a0a016-97e0-4460cb69457-7a3c?click_type=0&pos=9&searchType=1&page=4&section=1&t_sec=1&sectionType=1&pageViewId=78da7f97-b5a6-43f6-87ec-abda90d354f4&t_pvid=78da7f97-b5a6-43f6-87ec-abda90d354f4&userAgent=Mozilla%2F5.0+%28compatible%3B+radar-arriendos%2F1.0%3B+uso+personal%2C+busqueda+de+arriendo%3B+%2Bhttps%3A%2F%2Fgithub.com%2Falfonsoandona%2Farriendos-vitacura%29&browser=1&isHuman=true&userIp=4.155.63.145&what=vitacura+departamento&search_terms=vitacura+departamento&origin=1&t_or=1&splitTestId=0 — se omite
02:54:59 DEBUG   [toctoc] 1 avisos vía estado-embebido
02:55:00 DEBUG   [mitula] 3 avisos vía tarjetas
02:55:05 DEBUG   [toctoc] 1 avisos vía estado-embebido
02:55:05 INFO    Enriquecido y descartado: WPEBD (arriendo de $2.261.751 sobre el máximo negociable de $1.904.000)
02:55:08 DEBUG   Ficha de 75BRH sin candidato propio; no se fusiona
02:55:13 DEBUG   [toctoc] 1 avisos vía estado-embebido
02:55:13 INFO    Enriquecido y descartado: E366M (arriendo de $2.261.751 sobre el máximo negociable de $1.904.000)
02:55:16 DEBUG   Ficha de 75BRH sin candidato propio; no se fusiona
02:55:16 INFO    Fichas leídas: 61 — 2 ganaron el año, 4 la dirección; 11 se descartaron al verlas (1 por viejos)
02:55:16 INFO    Listo: 0 avisados de 50 candidatos
