17:24:19 INFO    UF = $40.860.60 (API del día)
17:24:19 INFO    Barriendo TocToc (toctoc)…
17:24:19 INFO    Barriendo Chilepropiedades (chilepropiedades)…
17:24:19 INFO    Barriendo GoPlaceIt (goplaceit)…
17:24:19 INFO    Barriendo Yapo (yapo)…
17:24:19 DEBUG   [chilepropiedades] 11 avisos vía tarjetas
17:24:21 DEBUG   [yapo] 30 avisos vía tarjetas
17:24:21 DEBUG   [chilepropiedades] 11 avisos vía tarjetas
17:24:22 DEBUG   [goplaceit] 30 avisos vía json-ld
17:24:23 DEBUG   [yapo] 30 avisos vía tarjetas
17:24:23 DEBUG   [chilepropiedades] 11 avisos vía tarjetas
17:24:24 INFO      chilepropiedades: 33 avisos en 5s
17:24:24 INFO    Barriendo BuscoNido (busconido)…
17:24:24 INFO      busconido: 0 avisos en 1s
17:24:24 INFO    Barriendo ComunaVitacura.cl (comunavitacura)…
17:24:25 DEBUG   [yapo] 30 avisos vía tarjetas
17:24:25 INFO      yapo: 90 avisos en 6s
17:24:25 INFO    Barriendo BienesOnline (bienesonline)…
17:24:27 DEBUG   [bienesonline] 18 avisos vía tarjetas
17:24:27 INFO      bienesonline: 18 avisos en 1s
17:24:27 INFO    Barriendo Economicos (El Mercurio) (economicos)…
17:24:27 DEBUG   [toctoc] 148 avisos vía estado-embebido
17:24:27 INFO      comunavitacura: 0 avisos en 2s
17:24:27 INFO    Barriendo iCasas (icasas)…
17:24:27 DEBUG   [economicos] 20 avisos vía tarjetas
17:24:28 DEBUG   [icasas] 15 avisos vía tarjetas
17:24:29 DEBUG   [economicos] 18 avisos vía tarjetas
17:24:30 DEBUG   [icasas] 15 avisos vía tarjetas
17:24:30 INFO      icasas: 30 avisos en 3s
17:24:30 INFO    Barriendo Doomos (doomos)…
17:24:31 DEBUG   [economicos] 14 avisos vía tarjetas
17:24:31 INFO      economicos: 52 avisos en 4s
17:24:31 INFO    Barriendo Top Propiedades (toppropiedades)…
17:24:32 DEBUG   [toctoc] 148 avisos vía estado-embebido
17:24:32 DEBUG   [doomos] 31 avisos vía tarjetas
17:24:32 INFO      doomos: 31 avisos en 3s
17:24:32 INFO    Barriendo Trovit (trovit)…
17:24:34 DEBUG   [trovit] 30 avisos vía json-ld
17:24:35 DEBUG   [toppropiedades] 1 avisos vía json-ld
17:24:35 DEBUG   [toctoc] 73 avisos vía json-ld
17:24:37 DEBUG   [trovit] 30 avisos vía json-ld
17:24:37 DEBUG   [toppropiedades] 1 avisos vía json-ld
17:24:38 DEBUG   [trovit] 30 avisos vía json-ld
17:24:39 INFO      trovit: 90 avisos en 6s
17:24:39 INFO    Barriendo Nuroa (nuroa)…
17:24:39 DEBUG   [toppropiedades] 1 avisos vía json-ld
17:24:40 DEBUG   Encoding detection: ascii is most likely the one.
17:24:41 DEBUG   [nuroa] 25 avisos vía json-ld
17:24:41 DEBUG   [toppropiedades] 1 avisos vía json-ld
17:24:43 DEBUG   [nuroa] 25 avisos vía json-ld
17:24:43 INFO      nuroa: 50 avisos en 4s
17:24:43 INFO    Barriendo Mitula (mitula)…
17:24:43 DEBUG   [toppropiedades] 1 avisos vía json-ld
17:24:44 DEBUG   [mitula] 30 avisos vía json-ld
17:24:45 DEBUG   [toppropiedades] 1 avisos vía json-ld
17:24:46 DEBUG   [mitula] 30 avisos vía json-ld
17:24:47 INFO      mitula: 60 avisos en 4s
17:24:47 INFO    Barriendo Nestoria (nestoria)…
17:24:47 DEBUG   [toppropiedades] 1 avisos vía json-ld
17:24:48 DEBUG   [nestoria] 25 avisos vía json-ld
17:24:48 INFO      nestoria: 25 avisos en 1s
17:24:48 INFO    Barriendo Houm (houm)…
17:24:49 DEBUG   [toppropiedades] 1 avisos vía json-ld
17:24:49 INFO      toppropiedades: 8 avisos en 18s
17:24:49 INFO    Barriendo Hey! Homes (heyhomes)…
17:24:52 DEBUG   [heyhomes] 9 avisos vía tarjetas
17:24:52 INFO      heyhomes: 9 avisos en 3s
17:24:52 INFO    Barriendo AssetPlan (assetplan)…
17:24:55 DEBUG   [toctoc] 108 avisos vía estado-embebido
17:24:57 DEBUG   [goplaceit] 30 avisos vía json-ld
17:24:58 DEBUG   La red no quedó en silencio en https://houm.com/cl/arriendo-departamentos-region-metropolitana/vitacura/3-dormitorios; se lee igual
17:24:58 DEBUG   [houm] 28 avisos vía json-ld
17:25:01 INFO      assetplan: 0 avisos en 9s
17:25:01 INFO    Barriendo Engel & Völkers (engelvoelkers)…
17:25:07 DEBUG   [toctoc] 108 avisos vía estado-embebido
17:25:11 DEBUG   [engelvoelkers] 16 avisos vía tarjetas
17:25:11 INFO      engelvoelkers: 16 avisos en 9s
17:25:11 INFO    Barriendo RE/MAX Chile (remax)…
17:25:13 DEBUG   La red no quedó en silencio en https://houm.com/cl/arriendo-departamento-región-metropolitana/las-condes/170742; se lee igual
17:25:13 DEBUG   [houm] 1 avisos vía estado-embebido
17:25:18 INFO      remax: 0 avisos en 7s
17:25:18 INFO    Barriendo Fuenzalida Propiedades (fuenzalida)…
17:25:21 DEBUG   [fuenzalida] 20 avisos vía tarjetas
17:25:24 DEBUG   [fuenzalida] 20 avisos vía tarjetas
17:25:25 DEBUG   La red no quedó en silencio en https://houm.com/cl/arriendo-departamento-región-metropolitana/las-condes/175757; se lee igual
17:25:25 DEBUG   [toctoc] 108 avisos vía estado-embebido
17:25:25 INFO      toctoc: 693 avisos en 67s
17:25:25 INFO    Barriendo Century 21 Chile (century21)…
17:25:26 DEBUG   [houm] 1 avisos vía estado-embebido
17:25:27 INFO      century21: 0 avisos en 2s
17:25:27 INFO    Barriendo Property Partners (propertypartners)…
17:25:27 DEBUG   [fuenzalida] 20 avisos vía tarjetas
17:25:27 INFO      fuenzalida: 60 avisos en 9s
17:25:27 INFO    Barriendo Acceso Inmobiliario (accesoinmobiliario)…
17:25:28 DEBUG   [propertypartners] 1 avisos vía tarjetas
17:25:28 INFO      propertypartners: 1 avisos en 1s
17:25:28 INFO    Barriendo Magnolia Property (magnoliaproperty)…
17:25:29 DEBUG   [magnoliaproperty] 7 avisos vía tarjetas
17:25:29 INFO      magnoliaproperty: 7 avisos en 1s
17:25:29 INFO    Barriendo Portilla Propiedades (portillapropiedades)…
17:25:29 DEBUG   [portillapropiedades] 2 avisos vía tarjetas
17:25:29 INFO      portillapropiedades: 2 avisos en 1s
17:25:29 INFO    Barriendo Nativo Propiedades (nativopropiedades)…
17:25:30 DEBUG   [nativopropiedades] 7 avisos vía tarjetas
17:25:30 INFO      nativopropiedades: 7 avisos en 1s
17:25:30 INFO    Barriendo Zenta Group (zentagroup)…
17:25:31 INFO      zentagroup: 0 avisos en 1s
17:25:31 INFO    Barriendo Enlace Inmobiliario (enlaceinmobiliario)…
17:25:31 DEBUG   [accesoinmobiliario] 16 avisos vía tarjetas
17:25:31 WARNING https://www.enlaceinmobiliario.cl/ respondió 403
17:25:31 INFO    [enlaceinmobiliario] https://www.enlaceinmobiliario.cl/ rebotó al GET; se reintenta con navegador
17:25:33 DEBUG   La red no quedó en silencio en https://houm.com/cl/arriendo-departamento-región-metropolitana/ñuñoa/176912; se lee igual
17:25:34 DEBUG   [houm] 1 avisos vía estado-embebido
17:25:38 INFO      enlaceinmobiliario: 0 avisos en 8s
17:25:38 INFO    Barriendo Rentas.cl (rentas_cl)…
17:25:41 DEBUG   [rentas_cl] 1 avisos vía json-ld
17:25:41 INFO      rentas_cl: 1 avisos en 2s
17:25:41 INFO    Barriendo Arriendos.cl (arriendos_cl)…
17:25:41 INFO      arriendos_cl: 0 avisos en 1s
17:25:41 INFO    Barriendo Propiedades.cl (propiedades_cl)…
17:25:42 DEBUG   [propiedades_cl] 6 avisos vía tarjetas
17:25:42 INFO      propiedades_cl: 6 avisos en 1s
17:25:42 INFO    Barriendo Clasificados.cl (clasificados_cl)…
17:25:43 DEBUG   La red no quedó en silencio en https://houm.com/cl/arriendo-departamento-región-metropolitana/ñuñoa/174379; se lee igual
17:25:43 DEBUG   [houm] 1 avisos vía estado-embebido
17:25:44 DEBUG   [clasificados_cl] 1 avisos vía tarjetas
17:25:44 INFO      clasificados_cl: 1 avisos en 2s
17:25:52 DEBUG   La red no quedó en silencio en https://houm.com/cl/arriendo-departamento-región-metropolitana/recoleta/176958; se lee igual
17:25:52 DEBUG   [houm] 1 avisos vía estado-embebido
17:25:53 DEBUG   [goplaceit] 30 avisos vía json-ld
17:25:54 DEBUG   [accesoinmobiliario] 1 avisos vía tarjetas
17:25:54 INFO      accesoinmobiliario: 17 avisos en 26s
17:26:00 DEBUG   La red no quedó en silencio en https://houm.com/cl/arriendo-departamento-región-metropolitana/recoleta/90462; se lee igual
17:26:01 DEBUG   [houm] 1 avisos vía estado-embebido
17:26:08 DEBUG   La red no quedó en silencio en https://houm.com/cl/arriendo-departamento-región-metropolitana/recoleta/177459; se lee igual
17:26:08 DEBUG   [houm] 1 avisos vía estado-embebido
17:26:16 DEBUG   La red no quedó en silencio en https://houm.com/cl/arriendo-departamento-región-metropolitana/independencia/167934; se lee igual
17:26:16 DEBUG   [houm] 1 avisos vía estado-embebido
17:26:16 INFO      houm: 36 avisos en 88s
17:26:19 INFO      goplaceit: 90 avisos en 121s
17:26:19 INFO    Total crudo: 1433 avisos
17:26:20 INFO    Después de deduplicar: 582
17:26:20 INFO    Pasaron los filtros: 84
17:26:27 DEBUG   [economicos] 1 avisos vía tarjetas
17:26:32 DEBUG   [doomos] 24 avisos vía tarjetas
17:26:32 DEBUG   Ficha de YVT22 sin candidato propio; no se fusiona
17:26:32 DEBUG   [economicos] 1 avisos vía tarjetas
17:26:34 DEBUG   [economicos] 1 avisos vía tarjetas
17:26:36 DEBUG   [economicos] 1 avisos vía tarjetas
17:26:38 DEBUG   [economicos] 1 avisos vía tarjetas
17:26:40 DEBUG   [economicos] 1 avisos vía tarjetas
17:26:47 DEBUG   [doomos] 32 avisos vía tarjetas
17:26:47 DEBUG   Ficha de U44VT sin candidato propio; no se fusiona
17:26:48 DEBUG   [economicos] 1 avisos vía tarjetas
17:26:56 DEBUG   [doomos] 33 avisos vía tarjetas
17:26:56 DEBUG   Ficha de ZWNAN sin candidato propio; no se fusiona
17:27:07 DEBUG   [doomos] 33 avisos vía tarjetas
17:27:07 DEBUG   Ficha de 2HWEW sin candidato propio; no se fusiona
17:27:07 DEBUG   [economicos] 1 avisos vía tarjetas
17:27:09 DEBUG   [economicos] 1 avisos vía tarjetas
17:27:09 DEBUG   Ficha de XEC3Z sin candidato propio; no se fusiona
17:27:11 DEBUG   [economicos] 1 avisos vía tarjetas
17:27:12 DEBUG   Pin del mapa para VA9XH: -32.50361, -71.43256
17:27:12 INFO    Enriquecido y descartado: VA9XH (a 127.0 km del ancla, demasiado lejos para estar en la zona (y el aviso no dice la comuna))
17:27:13 DEBUG   [chilepropiedades] 1 avisos vía tarjetas
17:27:17 DEBUG   Ficha de EKBQX sin candidato propio; no se fusiona
17:27:21 DEBUG   [toctoc] 1 avisos vía estado-embebido
17:27:21 DEBUG   [economicos] 1 avisos vía tarjetas
17:27:21 INFO    Enriquecido y descartado: 89VA7 (arriendo de $3.108.725 sobre el máximo negociable de $1.904.000)
17:27:26 DEBUG   Ficha de DSKEC sin candidato propio; no se fusiona
17:27:29 DEBUG   Ficha de 28KH8 sin candidato propio; no se fusiona
17:27:33 DEBUG   Ficha de 6XFU4 sin candidato propio; no se fusiona
17:27:37 DEBUG   Ficha de W8EMY sin candidato propio; no se fusiona
17:27:41 DEBUG   Ficha de GW6BY sin candidato propio; no se fusiona
17:27:45 DEBUG   Ficha de SKZWX sin candidato propio; no se fusiona
17:27:50 DEBUG   Ficha de B9ABC sin candidato propio; no se fusiona
17:27:55 DEBUG   Ficha de SRZBT sin candidato propio; no se fusiona
17:27:59 DEBUG   Ficha de 3FMUT sin candidato propio; no se fusiona
17:28:03 DEBUG   Ficha de TH9YK sin candidato propio; no se fusiona
17:28:08 DEBUG   [toctoc] 1 avisos vía estado-embebido
17:28:08 INFO    Enriquecido y descartado: DNSPN (arriendo de $3.064.545 sobre el máximo negociable de $1.904.000)
17:28:16 DEBUG   La red no quedó en silencio en https://www.engelvoelkers.com/cl/en/exposes/25066244-9741-52ea-9df7-634ffdd433be; se lee igual
17:28:16 DEBUG   [engelvoelkers] 1 avisos vía json-ld
17:28:16 INFO    Enriquecido y descartado: VJ3BP (arriendo de $2.533.357 sobre el máximo negociable de $1.904.000)
17:28:16 WARNING https://www.bienesonline.cl/es/chile/llanquihue/propiedad/42585-campo-917-ha-valle-cochamo-x-region respondió 404
17:28:21 DEBUG   [toctoc] 1 avisos vía estado-embebido
17:28:26 DEBUG   [toctoc] 1 avisos vía estado-embebido
17:28:31 DEBUG   [toctoc] 1 avisos vía estado-embebido
17:28:31 DEBUG   [chilepropiedades] 2 avisos vía json-ld
17:28:31 INFO    Fichas leídas: 45 — 1 ganaron el año, 2 la dirección; 4 se descartaron al verlas (0 por viejos)
17:28:31 DEBUG   [economicos] 1 avisos vía tarjetas
17:28:32 DEBUG   [mitula] 3 avisos vía tarjetas
17:28:32 WARNING robots.txt no permite https://www.nuroa.cl/adform/10342-912-5f3d-19e92d3-bae6-98ff4d8aca01-7f27?click_type=0&pos=12&searchType=1&page=1&section=1&t_sec=1&sectionType=1&pageViewId=15d6c9ce-a1bd-4b5d-93fa-eb7731000ce5&t_pvid=15d6c9ce-a1bd-4b5d-93fa-eb7731000ce5&userAgent=Mozilla%2F5.0+%28compatible%3B+radar-arriendos%2F1.0%3B+uso+personal%2C+busqueda+de+arriendo%3B+%2Bhttps%3A%2F%2Fgithub.com%2Falfonsoandona%2Farriendos-vitacura%29&browser=1&isHuman=true&userIp=135.237.130.150&what=vitacura+departamento&search_terms=vitacura+departamento&origin=1&t_or=1&splitTestId=0 — se omite
17:28:32 WARNING robots.txt no permite https://www.nuroa.cl/adform/10342-912-ee27-1a01d7c-a7bc-2ba3aed54f3e-81d8?click_type=0&pos=8&searchType=1&page=1&section=1&t_sec=1&sectionType=1&pageViewId=15d6c9ce-a1bd-4b5d-93fa-eb7731000ce5&t_pvid=15d6c9ce-a1bd-4b5d-93fa-eb7731000ce5&userAgent=Mozilla%2F5.0+%28compatible%3B+radar-arriendos%2F1.0%3B+uso+personal%2C+busqueda+de+arriendo%3B+%2Bhttps%3A%2F%2Fgithub.com%2Falfonsoandona%2Farriendos-vitacura%29&browser=1&isHuman=true&userIp=135.237.130.150&what=vitacura+departamento&search_terms=vitacura+departamento&origin=1&t_or=1&splitTestId=0 — se omite
17:28:35 INFO    Listo: 8 avisados de 80 candidatos
