23:33:32 INFO    UF = $40.859.28 (API del día)
23:33:32 INFO    Barriendo TocToc (toctoc)…
23:33:32 INFO    Barriendo Chilepropiedades (chilepropiedades)…
23:33:32 INFO    Barriendo GoPlaceIt (goplaceit)…
23:33:32 INFO    Barriendo Yapo (yapo)…
23:33:33 DEBUG   [chilepropiedades] 11 avisos vía tarjetas
23:33:34 INFO      yapo: 0 avisos en 2s
23:33:34 INFO    Barriendo BuscoNido (busconido)…
23:33:35 DEBUG   [chilepropiedades] 11 avisos vía tarjetas
23:33:35 INFO      busconido: 0 avisos en 1s
23:33:35 INFO    Barriendo ComunaVitacura.cl (comunavitacura)…
23:33:37 DEBUG   [chilepropiedades] 11 avisos vía tarjetas
23:33:37 INFO      chilepropiedades: 33 avisos en 5s
23:33:37 INFO    Barriendo BienesOnline (bienesonline)…
23:33:37 INFO      comunavitacura: 0 avisos en 3s
23:33:37 INFO    Barriendo Economicos (El Mercurio) (economicos)…
23:33:38 DEBUG   [economicos] 20 avisos vía tarjetas
23:33:38 DEBUG   [bienesonline] 18 avisos vía tarjetas
23:33:38 INFO      bienesonline: 18 avisos en 1s
23:33:38 INFO    Barriendo iCasas (icasas)…
23:33:39 DEBUG   [goplaceit] 30 avisos vía json-ld
23:33:39 DEBUG   [icasas] 15 avisos vía tarjetas
23:33:40 DEBUG   [economicos] 18 avisos vía tarjetas
23:33:41 DEBUG   [icasas] 15 avisos vía tarjetas
23:33:41 INFO      icasas: 30 avisos en 3s
23:33:41 INFO    Barriendo Doomos (doomos)…
23:33:42 DEBUG   [economicos] 13 avisos vía tarjetas
23:33:42 INFO      economicos: 51 avisos en 5s
23:33:42 INFO    Barriendo Top Propiedades (toppropiedades)…
23:33:44 DEBUG   [doomos] 33 avisos vía tarjetas
23:33:44 INFO      doomos: 33 avisos en 4s
23:33:44 INFO    Barriendo Trovit (trovit)…
23:33:46 DEBUG   [toppropiedades] 1 avisos vía json-ld
23:33:47 DEBUG   [toctoc] 146 avisos vía estado-embebido
23:33:47 DEBUG   [trovit] 30 avisos vía json-ld
23:33:48 DEBUG   [toppropiedades] 1 avisos vía json-ld
23:33:49 DEBUG   [trovit] 30 avisos vía json-ld
23:33:50 DEBUG   [toppropiedades] 1 avisos vía json-ld
23:33:51 DEBUG   [trovit] 30 avisos vía json-ld
23:33:52 INFO      trovit: 90 avisos en 7s
23:33:52 INFO    Barriendo Nuroa (nuroa)…
23:33:52 DEBUG   [toppropiedades] 1 avisos vía json-ld
23:33:53 DEBUG   Encoding detection: ascii is most likely the one.
23:33:54 DEBUG   [nuroa] 25 avisos vía json-ld
23:33:54 DEBUG   [toppropiedades] 1 avisos vía json-ld
23:33:56 DEBUG   [toctoc] 146 avisos vía estado-embebido
23:33:56 DEBUG   [nuroa] 25 avisos vía json-ld
23:33:56 INFO      nuroa: 50 avisos en 4s
23:33:56 INFO    Barriendo Mitula (mitula)…
23:33:56 DEBUG   [toppropiedades] 1 avisos vía json-ld
23:33:58 DEBUG   [toppropiedades] 1 avisos vía json-ld
23:33:59 DEBUG   [mitula] 30 avisos vía json-ld
23:34:00 DEBUG   [mitula] 30 avisos vía json-ld
23:34:00 DEBUG   [toppropiedades] 1 avisos vía json-ld
23:34:00 INFO      toppropiedades: 8 avisos en 18s
23:34:00 INFO    Barriendo Nestoria (nestoria)…
23:34:00 INFO      mitula: 60 avisos en 4s
23:34:00 INFO    Barriendo Houm (houm)…
23:34:03 DEBUG   [nestoria] 25 avisos vía json-ld
23:34:03 INFO      nestoria: 25 avisos en 3s
23:34:03 INFO    Barriendo Hey! Homes (heyhomes)…
23:34:04 DEBUG   [toctoc] 132 avisos vía estado-embebido
23:34:07 DEBUG   [heyhomes] 9 avisos vía tarjetas
23:34:07 INFO      heyhomes: 9 avisos en 3s
23:34:07 INFO    Barriendo AssetPlan (assetplan)…
23:34:09 DEBUG   La red no quedó en silencio en https://houm.com/cl/arriendo-departamentos-region-metropolitana/vitacura/3-dormitorios; se lee igual
23:34:10 DEBUG   [houm] 28 avisos vía json-ld
23:34:13 DEBUG   [goplaceit] 30 avisos vía json-ld
23:34:17 INFO      assetplan: 0 avisos en 11s
23:34:17 INFO    Barriendo Engel & Völkers (engelvoelkers)…
23:34:23 DEBUG   La red no quedó en silencio en https://www.toctoc.com/arriendo/departamento/metropolitana/vitacura/4-dormitorios; se lee igual
23:34:24 DEBUG   [toctoc] 110 avisos vía estado-embebido
23:34:25 DEBUG   La red no quedó en silencio en https://houm.com/cl/arriendo-departamento-región-metropolitana/las-condes/170742; se lee igual
23:34:25 DEBUG   [houm] 1 avisos vía estado-embebido
23:34:29 DEBUG   [engelvoelkers] 16 avisos vía tarjetas
23:34:29 INFO      engelvoelkers: 16 avisos en 12s
23:34:29 INFO    Barriendo RE/MAX Chile (remax)…
23:34:36 DEBUG   La red no quedó en silencio en https://houm.com/cl/arriendo-departamento-región-metropolitana/las-condes/175757; se lee igual
23:34:36 DEBUG   [houm] 1 avisos vía estado-embebido
23:34:38 DEBUG   [toctoc] 110 avisos vía estado-embebido
23:34:44 DEBUG   La red no quedó en silencio en https://www.remax.cl/es-cl/busqueda/metropolitana-de-santiago/santiago/vitacura/residencial-departamento/arriendo/; se lee igual
23:34:45 DEBUG   [remax] 6 avisos vía tarjetas
23:34:47 DEBUG   La red no quedó en silencio en https://houm.com/cl/arriendo-departamento-región-metropolitana/ñuñoa/176912; se lee igual
23:34:48 DEBUG   [houm] 1 avisos vía estado-embebido
23:34:56 INFO      remax: 6 avisos en 27s
23:34:56 INFO    Barriendo Fuenzalida Propiedades (fuenzalida)…
23:34:59 DEBUG   [fuenzalida] 20 avisos vía tarjetas
23:35:03 DEBUG   La red no quedó en silencio en https://houm.com/cl/arriendo-departamento-región-metropolitana/ñuñoa/174379; se lee igual
23:35:03 DEBUG   [fuenzalida] 20 avisos vía tarjetas
23:35:03 DEBUG   [houm] 1 avisos vía estado-embebido
23:35:06 DEBUG   [toctoc] 110 avisos vía estado-embebido
23:35:06 INFO      toctoc: 754 avisos en 94s
23:35:06 INFO    Barriendo Century 21 Chile (century21)…
23:35:07 DEBUG   [fuenzalida] 20 avisos vía tarjetas
23:35:07 INFO      fuenzalida: 60 avisos en 11s
23:35:07 INFO    Barriendo Property Partners (propertypartners)…
23:35:07 INFO      century21: 0 avisos en 1s
23:35:07 INFO    Barriendo Acceso Inmobiliario (accesoinmobiliario)…
23:35:07 DEBUG   [propertypartners] 1 avisos vía tarjetas
23:35:07 INFO      propertypartners: 1 avisos en 1s
23:35:07 INFO    Barriendo Magnolia Property (magnoliaproperty)…
23:35:08 DEBUG   [magnoliaproperty] 6 avisos vía tarjetas
23:35:08 INFO      magnoliaproperty: 6 avisos en 1s
23:35:08 INFO    Barriendo Portilla Propiedades (portillapropiedades)…
23:35:09 DEBUG   [portillapropiedades] 2 avisos vía tarjetas
23:35:09 INFO      portillapropiedades: 2 avisos en 1s
23:35:09 INFO    Barriendo Nativo Propiedades (nativopropiedades)…
23:35:10 DEBUG   [nativopropiedades] 7 avisos vía tarjetas
23:35:10 INFO      nativopropiedades: 7 avisos en 1s
23:35:10 INFO    Barriendo Zenta Group (zentagroup)…
23:35:11 INFO      zentagroup: 0 avisos en 1s
23:35:11 INFO    Barriendo Enlace Inmobiliario (enlaceinmobiliario)…
23:35:11 WARNING https://www.enlaceinmobiliario.cl/ respondió 403
23:35:11 INFO    [enlaceinmobiliario] https://www.enlaceinmobiliario.cl/ rebotó al GET; se reintenta con navegador
23:35:12 DEBUG   La red no quedó en silencio en https://houm.com/cl/arriendo-departamento-región-metropolitana/recoleta/176958; se lee igual
23:35:12 DEBUG   [houm] 1 avisos vía estado-embebido
23:35:14 DEBUG   [accesoinmobiliario] 16 avisos vía tarjetas
23:35:18 INFO      enlaceinmobiliario: 0 avisos en 7s
23:35:18 INFO    Barriendo Rentas.cl (rentas_cl)…
23:35:20 DEBUG   [rentas_cl] 1 avisos vía json-ld
23:35:20 INFO      rentas_cl: 1 avisos en 2s
23:35:20 INFO    Barriendo Arriendos.cl (arriendos_cl)…
23:35:22 INFO      arriendos_cl: 0 avisos en 1s
23:35:22 INFO    Barriendo Propiedades.cl (propiedades_cl)…
23:35:22 DEBUG   [propiedades_cl] 6 avisos vía tarjetas
23:35:22 INFO      propiedades_cl: 6 avisos en 1s
23:35:22 INFO    Barriendo Clasificados.cl (clasificados_cl)…
23:35:24 DEBUG   [goplaceit] 30 avisos vía json-ld
23:35:25 DEBUG   [clasificados_cl] 1 avisos vía tarjetas
23:35:25 INFO      clasificados_cl: 1 avisos en 3s
23:35:25 DEBUG   La red no quedó en silencio en https://houm.com/cl/arriendo-departamento-región-metropolitana/recoleta/90462; se lee igual
23:35:25 DEBUG   [houm] 1 avisos vía estado-embebido
23:35:32 DEBUG   [accesoinmobiliario] 1 avisos vía tarjetas
23:35:34 DEBUG   La red no quedó en silencio en https://houm.com/cl/arriendo-departamento-región-metropolitana/recoleta/177459; se lee igual
23:35:34 DEBUG   [houm] 1 avisos vía estado-embebido
23:35:37 DEBUG   [accesoinmobiliario] 1 avisos vía tarjetas
23:35:42 DEBUG   La red no quedó en silencio en https://houm.com/cl/arriendo-departamento-región-metropolitana/independencia/167934; se lee igual
23:35:43 DEBUG   [houm] 1 avisos vía estado-embebido
23:35:43 INFO      houm: 36 avisos en 102s
23:35:46 DEBUG   [accesoinmobiliario] 1 avisos vía tarjetas
23:35:46 INFO      accesoinmobiliario: 19 avisos en 39s
23:35:54 INFO      goplaceit: 90 avisos en 142s
23:35:54 INFO    Total crudo: 1412 avisos
23:35:54 INFO    Después de deduplicar: 562
23:35:54 INFO    Pasaron los filtros: 89
23:35:59 DEBUG   [economicos] 1 avisos vía tarjetas
23:36:00 DEBUG   [doomos] 24 avisos vía tarjetas
23:36:00 DEBUG   Ficha de YVT22 sin candidato propio; no se fusiona
23:36:01 DEBUG   [economicos] 1 avisos vía tarjetas
23:36:03 DEBUG   [economicos] 1 avisos vía tarjetas
23:36:05 DEBUG   [economicos] 1 avisos vía tarjetas
23:36:07 DEBUG   [economicos] 1 avisos vía tarjetas
23:36:09 DEBUG   [doomos] 32 avisos vía tarjetas
23:36:09 DEBUG   Ficha de U44VT sin candidato propio; no se fusiona
23:36:11 DEBUG   [doomos] 33 avisos vía tarjetas
23:36:11 DEBUG   Ficha de KNAE9 sin candidato propio; no se fusiona
23:36:11 DEBUG   [economicos] 1 avisos vía tarjetas
23:36:12 DEBUG   [doomos] 33 avisos vía tarjetas
23:36:12 DEBUG   Ficha de ZWNAN sin candidato propio; no se fusiona
23:36:13 DEBUG   [economicos] 1 avisos vía tarjetas
23:36:15 DEBUG   [economicos] 1 avisos vía tarjetas
23:36:15 DEBUG   Ficha de XEC3Z sin candidato propio; no se fusiona
23:36:17 DEBUG   [economicos] 1 avisos vía tarjetas
23:36:18 DEBUG   Pin del mapa para Z5FNC: -33.40337, -70.58097
23:36:18 DEBUG   [propiedades_cl] 4 avisos vía tarjetas
23:36:18 DEBUG   Ficha de Z5FNC sin candidato propio; no se fusiona
23:36:20 DEBUG   [doomos] 33 avisos vía tarjetas
23:36:20 DEBUG   Ficha de PR3QK sin candidato propio; no se fusiona
23:36:20 DEBUG   [chilepropiedades] 1 avisos vía tarjetas
23:36:24 DEBUG   Ficha de EKBQX sin candidato propio; no se fusiona
23:36:25 DEBUG   [mitula] 3 avisos vía tarjetas
23:36:25 INFO    Enriquecido y descartado: XPKMN (39 años (construido en 1987), sobre el máximo de 30)
23:36:32 DEBUG   La red no quedó en silencio en https://www.toctoc.com/propiedades/arriendocorredorasr/departamento/vitacura/nueva-costanera-francisco-de-aguirre-plaza-del-ho/4317696; se lee igual
23:36:41 DEBUG   [economicos] 1 avisos vía tarjetas
23:36:41 INFO    Enriquecido y descartado: 89VA7 (arriendo de $3.108.725 sobre el máximo negociable de $1.904.000)
23:36:45 DEBUG   Ficha de DSKEC sin candidato propio; no se fusiona
23:36:48 DEBUG   Ficha de 28KH8 sin candidato propio; no se fusiona
23:36:52 DEBUG   Ficha de 6XFU4 sin candidato propio; no se fusiona
23:36:56 DEBUG   Ficha de W8EMY sin candidato propio; no se fusiona
23:36:59 DEBUG   Ficha de GW6BY sin candidato propio; no se fusiona
23:37:03 DEBUG   Ficha de SKZWX sin candidato propio; no se fusiona
23:37:07 DEBUG   Ficha de B9ABC sin candidato propio; no se fusiona
23:37:11 DEBUG   Ficha de SRZBT sin candidato propio; no se fusiona
23:37:14 DEBUG   Ficha de 3FMUT sin candidato propio; no se fusiona
23:37:18 DEBUG   Ficha de TH9YK sin candidato propio; no se fusiona
23:37:18 DEBUG   [economicos] 1 avisos vía tarjetas
23:37:18 INFO    Fichas leídas: 45 — 1 ganaron el año, 3 la dirección; 2 se descartaron al verlas (1 por viejos)
23:37:18 INFO    13 avisos por mandar, tope 8: se posponen 5
23:37:19 DEBUG   [mitula] 3 avisos vía tarjetas
23:37:20 DEBUG   [economicos] 1 avisos vía tarjetas
23:37:24 INFO    Listo: 8 avisados de 87 candidatos
