18:51:02 INFO    UF = $40.910.10 (API del día)
18:51:02 INFO    Barriendo TocToc (toctoc)…
18:51:02 INFO    Barriendo Chilepropiedades (chilepropiedades)…
18:51:02 INFO    Barriendo GoPlaceIt (goplaceit)…
18:51:02 INFO    Barriendo Yapo (yapo)…
18:51:02 DEBUG   [chilepropiedades] 10 avisos vía tarjetas
18:51:04 DEBUG   [chilepropiedades] 10 avisos vía tarjetas
18:51:05 DEBUG   [goplaceit] 30 avisos vía json-ld
18:51:06 INFO      yapo: 0 avisos en 4s
18:51:06 INFO    Barriendo BuscoNido (busconido)…
18:51:06 DEBUG   [chilepropiedades] 10 avisos vía tarjetas
18:51:06 INFO      chilepropiedades: 30 avisos en 5s
18:51:06 INFO    Barriendo BienesOnline (bienesonline)…
18:51:07 DEBUG   [busconido] 23 avisos vía tarjetas
18:51:07 INFO      busconido: 23 avisos en 1s
18:51:07 INFO    Barriendo Economicos (El Mercurio) (economicos)…
18:51:07 DEBUG   [economicos] 20 avisos vía tarjetas
18:51:07 DEBUG   [bienesonline] 9 avisos vía tarjetas
18:51:07 INFO      bienesonline: 9 avisos en 1s
18:51:07 INFO    Barriendo iCasas (icasas)…
18:51:08 DEBUG   [toctoc] 20 avisos vía json-ld
18:51:09 DEBUG   [icasas] 15 avisos vía tarjetas
18:51:09 DEBUG   [economicos] 18 avisos vía tarjetas
18:51:10 DEBUG   [icasas] 15 avisos vía tarjetas
18:51:10 INFO      icasas: 30 avisos en 3s
18:51:10 INFO    Barriendo Doomos (doomos)…
18:51:11 DEBUG   [economicos] 12 avisos vía tarjetas
18:51:11 INFO      economicos: 50 avisos en 4s
18:51:11 INFO    Barriendo Top Propiedades (toppropiedades)…
18:51:12 DEBUG   [doomos] 32 avisos vía tarjetas
18:51:12 INFO      doomos: 32 avisos en 2s
18:51:12 INFO    Barriendo Nuroa (nuroa)…
18:51:13 DEBUG   Encoding detection: ascii is most likely the one.
18:51:14 DEBUG   [nuroa] 25 avisos vía json-ld
18:51:15 DEBUG   La red no quedó en silencio en https://www.toctoc.com/arriendo/departamento/metropolitana/vitacura/3-dormitorios?pagina=2; se lee igual
18:51:15 DEBUG   [toctoc] 20 avisos vía json-ld
18:51:15 DEBUG   [toppropiedades] 1 avisos vía json-ld
18:51:16 DEBUG   [nuroa] 25 avisos vía json-ld
18:51:17 DEBUG   [toppropiedades] 1 avisos vía json-ld
18:51:19 DEBUG   [nuroa] 25 avisos vía json-ld
18:51:19 DEBUG   [toppropiedades] 1 avisos vía json-ld
18:51:20 DEBUG   [nuroa] 25 avisos vía json-ld
18:51:21 INFO      nuroa: 100 avisos en 8s
18:51:21 INFO    Barriendo Mitula (mitula)…
18:51:21 DEBUG   [toppropiedades] 1 avisos vía json-ld
18:51:22 DEBUG   [toctoc] 20 avisos vía json-ld
18:51:23 DEBUG   [mitula] 30 avisos vía json-ld
18:51:24 DEBUG   [toppropiedades] 1 avisos vía json-ld
18:51:25 DEBUG   [mitula] 30 avisos vía json-ld
18:51:25 INFO      mitula: 60 avisos en 4s
18:51:25 INFO    Barriendo Houm (houm)…
18:51:25 DEBUG   [toppropiedades] 1 avisos vía json-ld
18:51:27 DEBUG   [toppropiedades] 1 avisos vía json-ld
18:51:29 DEBUG   La red no quedó en silencio en https://www.toctoc.com/arriendo/departamento/metropolitana/vitacura/4-dormitorios; se lee igual
18:51:29 DEBUG   [toppropiedades] 1 avisos vía json-ld
18:51:29 INFO      toppropiedades: 8 avisos en 18s
18:51:29 INFO    Barriendo Hey! Homes (heyhomes)…
18:51:31 DEBUG   [toctoc] 20 avisos vía json-ld
18:51:32 DEBUG   [heyhomes] 9 avisos vía tarjetas
18:51:32 INFO      heyhomes: 9 avisos en 3s
18:51:32 INFO    Barriendo Engel & Völkers (engelvoelkers)…
18:51:35 DEBUG   La red no quedó en silencio en https://houm.com/cl/arriendo-departamentos-region-metropolitana/vitacura/3-dormitorios; se lee igual
18:51:35 DEBUG   [houm] 28 avisos vía json-ld
18:51:40 DEBUG   [engelvoelkers] 18 avisos vía tarjetas
18:51:40 INFO      engelvoelkers: 18 avisos en 7s
18:51:40 INFO    Barriendo RE/MAX Chile (remax)…
18:51:41 DEBUG   [toctoc] 20 avisos vía json-ld
18:51:42 DEBUG   [goplaceit] 30 avisos vía json-ld
18:51:46 INFO      remax: 0 avisos en 6s
18:51:46 INFO    Barriendo Fuenzalida Propiedades (fuenzalida)…
18:51:48 DEBUG   La red no quedó en silencio en https://houm.com/cl/arriendo-departamento-región-metropolitana/las-condes/170742; se lee igual
18:51:49 DEBUG   [fuenzalida] 16 avisos vía tarjetas
18:51:49 DEBUG   [houm] 1 avisos vía estado-embebido
18:51:52 DEBUG   [fuenzalida] 20 avisos vía tarjetas
18:51:52 DEBUG   La red no quedó en silencio en https://www.toctoc.com/arriendo/departamento/metropolitana/vitacura/4-dormitorios?pagina=3; se lee igual
18:51:53 DEBUG   [toctoc] 20 avisos vía json-ld
18:51:53 INFO      toctoc: 120 avisos en 52s
18:51:53 INFO    Barriendo Century 21 Chile (century21)…
18:51:54 DEBUG   [fuenzalida] 20 avisos vía tarjetas
18:51:54 INFO      fuenzalida: 56 avisos en 8s
18:51:54 INFO    Barriendo Property Partners (propertypartners)…
18:51:55 DEBUG   [propertypartners] 1 avisos vía tarjetas
18:51:55 INFO      propertypartners: 1 avisos en 0s
18:51:55 INFO    Barriendo Acceso Inmobiliario (accesoinmobiliario)…
18:51:55 INFO      century21: 0 avisos en 2s
18:51:55 INFO    Barriendo Magnolia Property (magnoliaproperty)…
18:51:56 DEBUG   [magnoliaproperty] 8 avisos vía tarjetas
18:51:56 INFO      magnoliaproperty: 8 avisos en 1s
18:51:56 INFO    Barriendo Portilla Propiedades (portillapropiedades)…
18:51:57 DEBUG   [portillapropiedades] 2 avisos vía tarjetas
18:51:57 INFO      portillapropiedades: 2 avisos en 1s
18:51:57 INFO    Barriendo Nativo Propiedades (nativopropiedades)…
18:51:57 DEBUG   [nativopropiedades] 10 avisos vía tarjetas
18:51:57 INFO      nativopropiedades: 10 avisos en 1s
18:51:57 INFO    Barriendo Enlace Inmobiliario (enlaceinmobiliario)…
18:51:58 WARNING https://www.enlaceinmobiliario.cl/ respondió 403
18:51:58 INFO    [enlaceinmobiliario] https://www.enlaceinmobiliario.cl/ rebotó al GET; se reintenta con navegador
18:51:59 DEBUG   [accesoinmobiliario] 16 avisos vía tarjetas
18:52:00 DEBUG   La red no quedó en silencio en https://houm.com/cl/arriendo-departamento-región-metropolitana/las-condes/175757; se lee igual
18:52:00 DEBUG   [houm] 1 avisos vía estado-embebido
18:52:02 INFO      enlaceinmobiliario: 0 avisos en 5s
18:52:02 INFO    Barriendo Rentas.cl (rentas_cl)…
18:52:05 DEBUG   [rentas_cl] 1 avisos vía json-ld
18:52:05 INFO      rentas_cl: 1 avisos en 2s
18:52:05 INFO    Barriendo Arriendos.cl (arriendos_cl)…
18:52:06 INFO      arriendos_cl: 0 avisos en 1s
18:52:06 INFO    Barriendo Propiedades.cl (propiedades_cl)…
18:52:07 DEBUG   [propiedades_cl] 6 avisos vía tarjetas
18:52:07 INFO      propiedades_cl: 6 avisos en 1s
18:52:07 INFO    Barriendo Clasificados.cl (clasificados_cl)…
18:52:09 DEBUG   [clasificados_cl] 1 avisos vía tarjetas
18:52:09 INFO      clasificados_cl: 1 avisos en 2s
18:52:10 DEBUG   [accesoinmobiliario] 1 avisos vía tarjetas
18:52:11 DEBUG   La red no quedó en silencio en https://houm.com/cl/arriendo-departamento-región-metropolitana/ñuñoa/164010; se lee igual
18:52:11 DEBUG   [houm] 1 avisos vía estado-embebido
18:52:13 DEBUG   [accesoinmobiliario] 1 avisos vía tarjetas
18:52:20 DEBUG   La red no quedó en silencio en https://houm.com/cl/arriendo-departamento-región-metropolitana/lo-barnechea/74201; se lee igual
18:52:20 DEBUG   [houm] 1 avisos vía estado-embebido
18:52:24 DEBUG   [goplaceit] 30 avisos vía json-ld
18:52:25 DEBUG   [accesoinmobiliario] 1 avisos vía tarjetas
18:52:25 INFO      accesoinmobiliario: 19 avisos en 31s
18:52:29 DEBUG   La red no quedó en silencio en https://houm.com/cl/arriendo-departamento-región-metropolitana/providencia/175947; se lee igual
18:52:29 DEBUG   [houm] 1 avisos vía estado-embebido
18:52:37 DEBUG   La red no quedó en silencio en https://houm.com/cl/arriendo-departamento-región-metropolitana/ñuñoa/174379; se lee igual
18:52:37 DEBUG   [houm] 1 avisos vía estado-embebido
18:52:44 DEBUG   La red no quedó en silencio en https://houm.com/cl/arriendo-departamento-región-metropolitana/recoleta/179872; se lee igual
18:52:45 DEBUG   [houm] 1 avisos vía estado-embebido
18:52:49 INFO      goplaceit: 90 avisos en 107s
18:52:52 DEBUG   La red no quedó en silencio en https://houm.com/cl/arriendo-departamento-región-metropolitana/recoleta/178185; se lee igual
18:52:52 DEBUG   [houm] 1 avisos vía estado-embebido
18:52:52 INFO      houm: 36 avisos en 87s
18:52:52 INFO    Total crudo: 719 avisos
18:52:53 INFO    Después de deduplicar: 479
18:52:53 INFO    Pasaron los filtros: 63
18:53:16 DEBUG   [economicos] 1 avisos vía tarjetas
18:53:20 DEBUG   [doomos] 18 avisos vía tarjetas
18:53:20 DEBUG   Ficha de YVT22 sin candidato propio; no se fusiona
18:53:20 DEBUG   Ficha de HW5MX sin candidato propio; no se fusiona
18:53:20 DEBUG   [economicos] 1 avisos vía tarjetas
18:53:22 DEBUG   [economicos] 1 avisos vía tarjetas
18:53:24 DEBUG   [economicos] 1 avisos vía tarjetas
18:53:26 DEBUG   [economicos] 1 avisos vía tarjetas
18:53:29 DEBUG   [doomos] 27 avisos vía tarjetas
18:53:29 DEBUG   Ficha de U44VT sin candidato propio; no se fusiona
18:53:30 DEBUG   [doomos] 27 avisos vía tarjetas
18:53:30 DEBUG   Ficha de KNAE9 sin candidato propio; no se fusiona
18:53:33 DEBUG   [doomos] 27 avisos vía tarjetas
18:53:33 DEBUG   Ficha de PR3QK sin candidato propio; no se fusiona
18:53:34 DEBUG   [doomos] 27 avisos vía tarjetas
18:53:34 DEBUG   Ficha de 2HWEW sin candidato propio; no se fusiona
18:53:34 DEBUG   [economicos] 1 avisos vía tarjetas
18:53:36 DEBUG   [doomos] 27 avisos vía tarjetas
18:53:36 DEBUG   Ficha de ZWNAN sin candidato propio; no se fusiona
18:53:38 DEBUG   [doomos] 27 avisos vía tarjetas
18:53:38 DEBUG   Ficha de FDXSM sin candidato propio; no se fusiona
18:53:38 DEBUG   [economicos] 1 avisos vía tarjetas
18:53:40 DEBUG   [economicos] 1 avisos vía tarjetas
18:53:40 DEBUG   Ficha de XEC3Z sin candidato propio; no se fusiona
18:53:42 DEBUG   [economicos] 1 avisos vía tarjetas
18:53:43 DEBUG   [magnoliaproperty] 2 avisos vía tarjetas
18:53:43 DEBUG   Ficha de G4H4N sin candidato propio; no se fusiona
18:53:43 DEBUG   [busconido] 10 avisos vía tarjetas
18:53:43 DEBUG   Ficha de TKTCZ sin candidato propio; no se fusiona
18:53:45 DEBUG   [doomos] 27 avisos vía tarjetas
18:53:45 DEBUG   Ficha de FQ6XQ sin candidato propio; no se fusiona
18:53:45 DEBUG   [busconido] 10 avisos vía tarjetas
18:53:45 DEBUG   Ficha de ZKWUC sin candidato propio; no se fusiona
18:53:47 DEBUG   [busconido] 10 avisos vía tarjetas
18:53:47 DEBUG   Ficha de X4AHM sin candidato propio; no se fusiona
18:53:47 DEBUG   [economicos] 1 avisos vía tarjetas
18:53:47 INFO    Enriquecido y descartado: S84GC (arriendo de $3.108.725 sobre el máximo negociable de $1.904.000)
18:53:49 DEBUG   [busconido] 11 avisos vía tarjetas
18:53:49 DEBUG   Ficha de E29UP sin candidato propio; no se fusiona
18:53:53 INFO    Enriquecido y descartado: YAVJA (arriendo de $3.517.371 sobre el máximo negociable de $1.904.000)
18:53:53 DEBUG   [economicos] 1 avisos vía tarjetas
18:53:58 INFO    Enriquecido y descartado: CC2AY (arriendo de $2.032.258 sobre el máximo negociable de $1.904.000)
18:53:59 DEBUG   [busconido] 10 avisos vía tarjetas
18:53:59 DEBUG   Ficha de B9ZXC sin candidato propio; no se fusiona
18:54:01 DEBUG   [doomos] 18 avisos vía tarjetas
18:54:01 DEBUG   Ficha de J5JN4 sin candidato propio; no se fusiona
18:54:06 DEBUG   [toctoc] 1 avisos vía estado-embebido
18:54:19 DEBUG   [engelvoelkers] 1 avisos vía json-ld
18:54:20 DEBUG   [doomos] 27 avisos vía tarjetas
18:54:20 DEBUG   Ficha de P8XMT sin candidato propio; no se fusiona
18:54:24 DEBUG   [toctoc] 1 avisos vía estado-embebido
18:54:29 DEBUG   [toctoc] 1 avisos vía estado-embebido
18:54:38 DEBUG   [toctoc] 1 avisos vía estado-embebido
18:54:43 DEBUG   [toctoc] 1 avisos vía estado-embebido
18:54:47 DEBUG   [toctoc] 1 avisos vía estado-embebido
18:54:47 DEBUG   [chilepropiedades] 2 avisos vía json-ld
18:54:52 DEBUG   [toctoc] 1 avisos vía estado-embebido
18:54:57 DEBUG   [toctoc] 1 avisos vía estado-embebido
18:55:04 DEBUG   [toctoc] 1 avisos vía estado-embebido
18:55:08 INFO    Enriquecido y descartado: 75BRH (arriendo de $2.931.142 sobre el máximo negociable de $1.904.000)
18:55:33 INFO    Enriquecido y descartado: 75BRH (arriendo de $2.149.504 sobre el máximo negociable de $1.904.000)
18:55:37 INFO    Enriquecido y descartado: 75BRH (arriendo de $1.954.095 sobre el máximo negociable de $1.904.000)
18:55:55 DEBUG   La red no quedó en silencio en https://www.toctoc.com/arriendo/departamento/metropolitana/vitacura/b_8d7cfebe1062033f05e1df1296cb8647a46a8d1b; se lee igual
18:55:56 DEBUG   [toctoc] 1 avisos vía estado-embebido
18:56:05 DEBUG   [toctoc] 1 avisos vía estado-embebido
18:56:11 DEBUG   [toctoc] 1 avisos vía estado-embebido
18:56:16 INFO    Enriquecido y descartado: 75BRH (arriendo de $4.299.009 sobre el máximo negociable de $1.904.000)
18:56:20 INFO    Fichas leídas: 63 — 0 ganaron el año, 1 la dirección; 7 se descartaron al verlas (0 por viejos)
18:56:21 INFO    Listo: 0 avisados de 56 candidatos
