19:48:20 INFO    No se pudo traer la UF del día (ReadTimeout); se usa el respaldo
19:48:20 INFO    UF = $40.934.58 (caché de hace 1 día(s) — la API no respondió)
19:48:20 INFO    Barriendo TocToc (toctoc)…
19:48:20 INFO    Barriendo Chilepropiedades (chilepropiedades)…
19:48:20 INFO    Barriendo GoPlaceIt (goplaceit)…
19:48:20 INFO    Barriendo Yapo (yapo)…
19:48:21 DEBUG   [chilepropiedades] 10 avisos vía tarjetas
19:48:23 DEBUG   [chilepropiedades] 10 avisos vía tarjetas
19:48:24 DEBUG   [goplaceit] 30 avisos vía json-ld
19:48:25 DEBUG   [chilepropiedades] 10 avisos vía tarjetas
19:48:25 INFO      chilepropiedades: 30 avisos en 5s
19:48:25 INFO    Barriendo BuscoNido (busconido)…
19:48:25 INFO      yapo: 0 avisos en 5s
19:48:25 INFO    Barriendo BienesOnline (bienesonline)…
19:48:26 DEBUG   [busconido] 23 avisos vía tarjetas
19:48:26 INFO      busconido: 23 avisos en 1s
19:48:26 INFO    Barriendo Economicos (El Mercurio) (economicos)…
19:48:26 WARNING https://www.economicos.cl/search/propiedades/vitacura/arriendo/departamento/0 respondió 403
19:48:26 INFO    [economicos] https://www.economicos.cl/search/propiedades/vitacura/arriendo/departamento/0 rebotó al GET; se reintenta con navegador
19:48:26 DEBUG   [toctoc] 20 avisos vía json-ld
19:48:26 DEBUG   [bienesonline] 17 avisos vía tarjetas
19:48:26 INFO      bienesonline: 17 avisos en 1s
19:48:26 INFO    Barriendo iCasas (icasas)…
19:48:27 DEBUG   [icasas] 15 avisos vía tarjetas
19:48:27 INFO      economicos: 0 avisos en 2s
19:48:27 INFO    Barriendo Doomos (doomos)…
19:48:29 DEBUG   [doomos] 31 avisos vía tarjetas
19:48:29 INFO      doomos: 31 avisos en 2s
19:48:29 INFO    Barriendo Top Propiedades (toppropiedades)…
19:48:29 DEBUG   [icasas] 15 avisos vía tarjetas
19:48:29 INFO      icasas: 30 avisos en 3s
19:48:29 INFO    Barriendo Nuroa (nuroa)…
19:48:30 DEBUG   Encoding detection: ascii is most likely the one.
19:48:31 DEBUG   [nuroa] 25 avisos vía json-ld
19:48:33 DEBUG   [nuroa] 25 avisos vía json-ld
19:48:33 DEBUG   [toppropiedades] 1 avisos vía json-ld
19:48:34 DEBUG   [toctoc] 20 avisos vía json-ld
19:48:35 DEBUG   [nuroa] 25 avisos vía json-ld
19:48:35 DEBUG   [toppropiedades] 1 avisos vía json-ld
19:48:37 DEBUG   [toppropiedades] 1 avisos vía json-ld
19:48:38 DEBUG   [nuroa] 25 avisos vía json-ld
19:48:38 INFO      nuroa: 100 avisos en 9s
19:48:38 INFO    Barriendo Mitula (mitula)…
19:48:39 DEBUG   [toppropiedades] 1 avisos vía json-ld
19:48:40 DEBUG   [mitula] 30 avisos vía json-ld
19:48:41 DEBUG   [toctoc] 20 avisos vía json-ld
19:48:41 DEBUG   [toppropiedades] 1 avisos vía json-ld
19:48:42 DEBUG   [mitula] 30 avisos vía json-ld
19:48:42 INFO      mitula: 60 avisos en 4s
19:48:42 INFO    Barriendo Houm (houm)…
19:48:43 DEBUG   [toppropiedades] 1 avisos vía json-ld
19:48:45 DEBUG   [toppropiedades] 1 avisos vía json-ld
19:48:47 DEBUG   [toppropiedades] 1 avisos vía json-ld
19:48:47 INFO      toppropiedades: 8 avisos en 18s
19:48:47 INFO    Barriendo Hey! Homes (heyhomes)…
19:48:48 DEBUG   La red no quedó en silencio en https://www.toctoc.com/arriendo/departamento/metropolitana/vitacura/4-dormitorios; se lee igual
19:48:49 DEBUG   [toctoc] 20 avisos vía json-ld
19:48:50 DEBUG   [heyhomes] 9 avisos vía tarjetas
19:48:50 INFO      heyhomes: 9 avisos en 3s
19:48:50 INFO    Barriendo Engel & Völkers (engelvoelkers)…
19:48:52 DEBUG   La red no quedó en silencio en https://houm.com/cl/arriendo-departamentos-region-metropolitana/vitacura/3-dormitorios; se lee igual
19:48:52 DEBUG   [houm] 28 avisos vía json-ld
19:48:55 DEBUG   [engelvoelkers] 16 avisos vía tarjetas
19:48:55 INFO      engelvoelkers: 16 avisos en 5s
19:48:55 INFO    Barriendo RE/MAX Chile (remax)…
19:48:58 DEBUG   La red no quedó en silencio en https://www.toctoc.com/arriendo/departamento/metropolitana/vitacura/4-dormitorios?pagina=2; se lee igual
19:48:59 DEBUG   [toctoc] 15 avisos vía json-ld
19:49:01 DEBUG   [goplaceit] 30 avisos vía json-ld
19:49:03 DEBUG   La red no quedó en silencio en https://houm.com/cl/arriendo-departamento-región-metropolitana/las-condes/170742; se lee igual
19:49:03 DEBUG   [houm] 1 avisos vía estado-embebido
19:49:08 DEBUG   La red no quedó en silencio en https://www.remax.cl/es-cl/busqueda/metropolitana-de-santiago/santiago/vitacura/residencial-departamento/arriendo/; se lee igual
19:49:08 DEBUG   [remax] 4 avisos vía tarjetas
19:49:09 DEBUG   [toctoc] 20 avisos vía json-ld
19:49:09 INFO      toctoc: 115 avisos en 49s
19:49:09 INFO    Barriendo Fuenzalida Propiedades (fuenzalida)…
19:49:12 DEBUG   [fuenzalida] 16 avisos vía tarjetas
19:49:15 DEBUG   [fuenzalida] 20 avisos vía tarjetas
19:49:16 INFO      remax: 4 avisos en 21s
19:49:16 INFO    Barriendo Century 21 Chile (century21)…
19:49:16 DEBUG   La red no quedó en silencio en https://houm.com/cl/arriendo-departamento-región-metropolitana/las-condes/175757; se lee igual
19:49:16 DEBUG   [houm] 1 avisos vía estado-embebido
19:49:18 INFO      century21: 0 avisos en 2s
19:49:18 INFO    Barriendo Property Partners (propertypartners)…
19:49:18 DEBUG   [propertypartners] 1 avisos vía tarjetas
19:49:18 INFO      propertypartners: 1 avisos en 0s
19:49:18 INFO    Barriendo Acceso Inmobiliario (accesoinmobiliario)…
19:49:19 DEBUG   [fuenzalida] 20 avisos vía tarjetas
19:49:19 INFO      fuenzalida: 56 avisos en 10s
19:49:19 INFO    Barriendo Magnolia Property (magnoliaproperty)…
19:49:20 DEBUG   [magnoliaproperty] 8 avisos vía tarjetas
19:49:20 INFO      magnoliaproperty: 8 avisos en 1s
19:49:20 INFO    Barriendo Portilla Propiedades (portillapropiedades)…
19:49:21 DEBUG   [portillapropiedades] 2 avisos vía tarjetas
19:49:21 INFO      portillapropiedades: 2 avisos en 1s
19:49:21 INFO    Barriendo Nativo Propiedades (nativopropiedades)…
19:49:21 DEBUG   [nativopropiedades] 10 avisos vía tarjetas
19:49:21 INFO      nativopropiedades: 10 avisos en 1s
19:49:21 INFO    Barriendo Enlace Inmobiliario (enlaceinmobiliario)…
19:49:21 WARNING https://www.enlaceinmobiliario.cl/ respondió 403
19:49:21 INFO    [enlaceinmobiliario] https://www.enlaceinmobiliario.cl/ rebotó al GET; se reintenta con navegador
19:49:22 DEBUG   [accesoinmobiliario] 16 avisos vía tarjetas
19:49:24 DEBUG   La red no quedó en silencio en https://houm.com/cl/arriendo-departamento-región-metropolitana/lo-barnechea/74201; se lee igual
19:49:24 DEBUG   [houm] 1 avisos vía estado-embebido
19:49:26 INFO      enlaceinmobiliario: 0 avisos en 5s
19:49:26 INFO    Barriendo Rentas.cl (rentas_cl)…
19:49:28 DEBUG   [rentas_cl] 1 avisos vía json-ld
19:49:28 INFO      rentas_cl: 1 avisos en 2s
19:49:28 INFO    Barriendo Arriendos.cl (arriendos_cl)…
19:49:29 INFO      arriendos_cl: 0 avisos en 1s
19:49:29 INFO    Barriendo Propiedades.cl (propiedades_cl)…
19:49:30 DEBUG   [propiedades_cl] 6 avisos vía tarjetas
19:49:30 INFO      propiedades_cl: 6 avisos en 1s
19:49:30 INFO    Barriendo Clasificados.cl (clasificados_cl)…
19:49:32 DEBUG   [clasificados_cl] 1 avisos vía tarjetas
19:49:32 INFO      clasificados_cl: 1 avisos en 2s
19:49:34 DEBUG   La red no quedó en silencio en https://houm.com/cl/arriendo-departamento-región-metropolitana/providencia/175947; se lee igual
19:49:34 DEBUG   [houm] 1 avisos vía estado-embebido
19:49:41 DEBUG   La red no quedó en silencio en https://houm.com/cl/arriendo-departamento-región-metropolitana/ñuñoa/174379; se lee igual
19:49:42 DEBUG   [houm] 1 avisos vía estado-embebido
19:49:45 DEBUG   [accesoinmobiliario] 1 avisos vía tarjetas
19:49:49 DEBUG   [goplaceit] 30 avisos vía json-ld
19:49:51 DEBUG   La red no quedó en silencio en https://houm.com/cl/arriendo-departamento-región-metropolitana/recoleta/179872; se lee igual
19:49:51 DEBUG   [houm] 1 avisos vía estado-embebido
19:49:53 INFO      accesoinmobiliario: 17 avisos en 35s
19:50:00 DEBUG   La red no quedó en silencio en https://houm.com/cl/arriendo-departamento-región-metropolitana/recoleta/178185; se lee igual
19:50:00 DEBUG   [houm] 1 avisos vía estado-embebido
19:50:07 DEBUG   La red no quedó en silencio en https://houm.com/cl/arriendo-departamento-región-metropolitana/las-condes/177842; se lee igual
19:50:08 DEBUG   [houm] 1 avisos vía estado-embebido
19:50:08 INFO      houm: 36 avisos en 85s
19:50:14 INFO      goplaceit: 90 avisos en 114s
19:50:14 INFO    Total crudo: 671 avisos
19:50:15 INFO    Después de deduplicar: 439
19:50:15 INFO    Pasaron los filtros: 52
19:50:36 DEBUG   [doomos] 18 avisos vía tarjetas
19:50:36 DEBUG   Ficha de YVT22 sin candidato propio; no se fusiona
19:50:38 DEBUG   Ficha de HW5MX sin candidato propio; no se fusiona
19:50:45 DEBUG   La red no quedó en silencio en https://www.remax.cl/es-cl/propiedades/departamento/arriendo/vitacura/1028102094-49; se lee igual
19:50:45 DEBUG   [remax] 1 avisos vía tarjetas
19:50:45 INFO    Enriquecido y descartado: CAACZ (2 dormitorios, bajo el mínimo de 3)
19:50:48 DEBUG   [doomos] 27 avisos vía tarjetas
19:50:48 DEBUG   Ficha de U44VT sin candidato propio; no se fusiona
19:50:51 DEBUG   [doomos] 27 avisos vía tarjetas
19:50:51 DEBUG   Ficha de KNAE9 sin candidato propio; no se fusiona
19:50:52 DEBUG   [doomos] 27 avisos vía tarjetas
19:50:52 DEBUG   Ficha de PR3QK sin candidato propio; no se fusiona
19:50:54 DEBUG   [doomos] 27 avisos vía tarjetas
19:50:54 DEBUG   Ficha de 2HWEW sin candidato propio; no se fusiona
19:50:56 DEBUG   [doomos] 27 avisos vía tarjetas
19:50:56 DEBUG   Ficha de ZWNAN sin candidato propio; no se fusiona
19:50:59 DEBUG   [doomos] 27 avisos vía tarjetas
19:50:59 DEBUG   Ficha de FDXSM sin candidato propio; no se fusiona
19:51:00 DEBUG   [magnoliaproperty] 2 avisos vía tarjetas
19:51:00 DEBUG   Ficha de G4H4N sin candidato propio; no se fusiona
19:51:01 DEBUG   [busconido] 10 avisos vía tarjetas
19:51:01 DEBUG   Ficha de WH9QR sin candidato propio; no se fusiona
19:51:03 DEBUG   [busconido] 10 avisos vía tarjetas
19:51:03 DEBUG   Ficha de TKTCZ sin candidato propio; no se fusiona
19:51:05 DEBUG   [busconido] 10 avisos vía tarjetas
19:51:05 DEBUG   Ficha de 225XZ sin candidato propio; no se fusiona
19:51:06 DEBUG   [doomos] 27 avisos vía tarjetas
19:51:06 DEBUG   Ficha de FQ6XQ sin candidato propio; no se fusiona
19:51:07 DEBUG   [busconido] 10 avisos vía tarjetas
19:51:07 DEBUG   Ficha de APHTA sin candidato propio; no se fusiona
19:51:09 DEBUG   [busconido] 10 avisos vía tarjetas
19:51:09 DEBUG   Ficha de ZKWUC sin candidato propio; no se fusiona
19:51:11 DEBUG   [busconido] 10 avisos vía tarjetas
19:51:11 DEBUG   Ficha de 4B2WW sin candidato propio; no se fusiona
19:51:13 DEBUG   [busconido] 10 avisos vía tarjetas
19:51:13 DEBUG   Ficha de X4AHM sin candidato propio; no se fusiona
19:51:17 INFO    Enriquecido y descartado: YAVJA (arriendo de $3.517.371 sobre el máximo negociable de $1.904.000)
19:51:21 INFO    Enriquecido y descartado: CC2AY (arriendo de $2.032.258 sobre el máximo negociable de $1.904.000)
19:51:22 DEBUG   [doomos] 18 avisos vía tarjetas
19:51:22 DEBUG   Ficha de J5JN4 sin candidato propio; no se fusiona
19:51:28 DEBUG   [toctoc] 1 avisos vía estado-embebido
19:51:36 DEBUG   [doomos] 27 avisos vía tarjetas
19:51:36 DEBUG   Ficha de P8XMT sin candidato propio; no se fusiona
19:51:40 DEBUG   [toctoc] 1 avisos vía estado-embebido
19:51:45 DEBUG   [toctoc] 1 avisos vía estado-embebido
19:51:49 DEBUG   [toctoc] 1 avisos vía estado-embebido
19:51:57 DEBUG   [toctoc] 1 avisos vía estado-embebido
19:52:02 DEBUG   [toctoc] 1 avisos vía estado-embebido
19:52:06 DEBUG   [toctoc] 1 avisos vía estado-embebido
19:52:10 INFO    Enriquecido y descartado: 75BRH (arriendo de $2.931.142 sobre el máximo negociable de $1.904.000)
19:52:34 INFO    Enriquecido y descartado: 75BRH (arriendo de $2.149.504 sobre el máximo negociable de $1.904.000)
19:52:37 INFO    Enriquecido y descartado: 75BRH (arriendo de $1.954.095 sobre el máximo negociable de $1.904.000)
19:52:53 DEBUG   [toctoc] 1 avisos vía estado-embebido
19:52:57 WARNING robots.txt no permite https://www.nuroa.cl/adform/10342-912-e7f8-1a0a016-97e0-4460cb69457-7a3c?click_type=0&pos=5&searchType=1&page=1&section=1&t_sec=1&sectionType=1&pageViewId=0533721e-eeee-487c-8b11-eca3bd0e2455&t_pvid=0533721e-eeee-487c-8b11-eca3bd0e2455&userAgent=Mozilla%2F5.0+%28compatible%3B+radar-arriendos%2F1.0%3B+uso+personal%2C+busqueda+de+arriendo%3B+%2Bhttps%3A%2F%2Fgithub.com%2Falfonsoandona%2Farriendos-vitacura%29&browser=1&isHuman=true&userIp=48.214.53.80&what=vitacura+departamento&search_terms=vitacura+departamento&origin=1&t_or=1&splitTestId=0 — se omite
19:53:03 DEBUG   La red no quedó en silencio en https://www.toctoc.com/arriendo/departamento/metropolitana/vitacura/b_5a37b5df7f9d79c4bd1ab716a6babbded3d95b42; se lee igual
19:53:04 DEBUG   [toctoc] 1 avisos vía estado-embebido
19:53:08 DEBUG   [toctoc] 1 avisos vía estado-embebido
19:53:12 INFO    Enriquecido y descartado: 75BRH (arriendo de $4.299.009 sobre el máximo negociable de $1.904.000)
19:53:16 INFO    Fichas leídas: 52 — 1 ganaron el año, 0 la dirección; 7 se descartaron al verlas (0 por viejos)
19:53:17 INFO    Listo: 0 avisados de 45 candidatos
