12:20:36 INFO    UF = $40.863.23 (API del día)
12:20:36 INFO    Barriendo TocToc (toctoc)…
12:20:36 INFO    Barriendo Chilepropiedades (chilepropiedades)…
12:20:36 INFO    Barriendo GoPlaceIt (goplaceit)…
12:20:36 INFO    Barriendo Yapo (yapo)…
12:20:36 DEBUG   [chilepropiedades] 10 avisos vía tarjetas
12:20:38 DEBUG   [yapo] 30 avisos vía tarjetas
12:20:38 DEBUG   [chilepropiedades] 10 avisos vía tarjetas
12:20:40 DEBUG   [goplaceit] 30 avisos vía json-ld
12:20:40 DEBUG   [yapo] 30 avisos vía tarjetas
12:20:40 DEBUG   [chilepropiedades] 10 avisos vía tarjetas
12:20:40 INFO      chilepropiedades: 30 avisos en 4s
12:20:40 INFO    Barriendo BuscoNido (busconido)…
12:20:41 DEBUG   [busconido] 23 avisos vía tarjetas
12:20:41 INFO      busconido: 23 avisos en 1s
12:20:41 INFO    Barriendo BienesOnline (bienesonline)…
12:20:42 DEBUG   [yapo] 30 avisos vía tarjetas
12:20:42 INFO      yapo: 90 avisos en 6s
12:20:42 INFO    Barriendo Economicos (El Mercurio) (economicos)…
12:20:42 DEBUG   [bienesonline] 15 avisos vía tarjetas
12:20:42 INFO      bienesonline: 15 avisos en 1s
12:20:42 INFO    Barriendo iCasas (icasas)…
12:20:42 WARNING https://www.economicos.cl/search/propiedades/vitacura/arriendo/departamento/0 respondió 403
12:20:42 INFO    [economicos] https://www.economicos.cl/search/propiedades/vitacura/arriendo/departamento/0 rebotó al GET; se reintenta con navegador
12:20:43 DEBUG   [icasas] 15 avisos vía tarjetas
12:20:45 DEBUG   [icasas] 15 avisos vía tarjetas
12:20:45 INFO      icasas: 30 avisos en 3s
12:20:45 INFO    Barriendo Doomos (doomos)…
12:20:45 WARNING https://www.doomos.cl/departamentos-vitacura-arriendo respondió 403
12:20:45 INFO    [doomos] https://www.doomos.cl/departamentos-vitacura-arriendo rebotó al GET; se reintenta con navegador
12:20:45 INFO      economicos: 0 avisos en 3s
12:20:45 INFO    Barriendo Top Propiedades (toppropiedades)…
12:20:49 DEBUG   [toppropiedades] 1 avisos vía json-ld
12:20:51 INFO      doomos: 0 avisos en 6s
12:20:51 INFO    Barriendo Nuroa (nuroa)…
12:20:51 DEBUG   [toppropiedades] 1 avisos vía json-ld
12:20:51 DEBUG   Encoding detection: ascii is most likely the one.
12:20:53 DEBUG   [nuroa] 25 avisos vía json-ld
12:20:53 DEBUG   [toppropiedades] 1 avisos vía json-ld
12:20:55 DEBUG   [nuroa] 25 avisos vía json-ld
12:20:55 DEBUG   [toppropiedades] 1 avisos vía json-ld
12:20:57 DEBUG   [toppropiedades] 1 avisos vía json-ld
12:20:58 DEBUG   [nuroa] 25 avisos vía json-ld
12:20:58 DEBUG   [toctoc] 148 avisos vía estado-embebido
12:20:59 DEBUG   [toppropiedades] 1 avisos vía json-ld
12:20:59 DEBUG   [nuroa] 25 avisos vía json-ld
12:21:00 INFO      nuroa: 100 avisos en 9s
12:21:00 INFO    Barriendo Mitula (mitula)…
12:21:01 DEBUG   [toppropiedades] 1 avisos vía json-ld
12:21:02 DEBUG   [toctoc] 74 avisos vía json-ld
12:21:02 DEBUG   [mitula] 30 avisos vía json-ld
12:21:03 DEBUG   [toppropiedades] 1 avisos vía json-ld
12:21:03 INFO      toppropiedades: 8 avisos en 18s
12:21:03 INFO    Barriendo Houm (houm)…
12:21:04 DEBUG   [mitula] 30 avisos vía json-ld
12:21:05 INFO      mitula: 60 avisos en 5s
12:21:05 INFO    Barriendo Hey! Homes (heyhomes)…
12:21:07 DEBUG   [heyhomes] 9 avisos vía tarjetas
12:21:07 INFO      heyhomes: 9 avisos en 3s
12:21:07 INFO    Barriendo AssetPlan (assetplan)…
12:21:09 DEBUG   [toctoc] 148 avisos vía estado-embebido
12:21:11 DEBUG   La red no quedó en silencio en https://houm.com/cl/arriendo-departamentos-region-metropolitana/vitacura/3-dormitorios; se lee igual
12:21:11 DEBUG   [houm] 28 avisos vía json-ld
12:21:20 INFO      assetplan: 0 avisos en 13s
12:21:20 INFO    Barriendo Engel & Völkers (engelvoelkers)…
12:21:22 DEBUG   [toctoc] 106 avisos vía estado-embebido
12:21:24 DEBUG   [goplaceit] 30 avisos vía json-ld
12:21:28 DEBUG   [engelvoelkers] 17 avisos vía tarjetas
12:21:28 INFO      engelvoelkers: 17 avisos en 8s
12:21:28 INFO    Barriendo RE/MAX Chile (remax)…
12:21:28 DEBUG   La red no quedó en silencio en https://houm.com/cl/arriendo-departamento-región-metropolitana/las-condes/170742; se lee igual
12:21:28 DEBUG   [houm] 1 avisos vía estado-embebido
12:21:37 DEBUG   [toctoc] 106 avisos vía estado-embebido
12:21:40 DEBUG   La red no quedó en silencio en https://houm.com/cl/arriendo-departamento-región-metropolitana/las-condes/175757; se lee igual
12:21:41 DEBUG   [houm] 1 avisos vía estado-embebido
12:21:41 INFO      remax: 0 avisos en 13s
12:21:41 INFO    Barriendo Fuenzalida Propiedades (fuenzalida)…
12:21:44 DEBUG   [fuenzalida] 12 avisos vía tarjetas
12:21:47 DEBUG   [fuenzalida] 20 avisos vía tarjetas
12:21:49 DEBUG   [toctoc] 106 avisos vía estado-embebido
12:21:49 INFO      toctoc: 688 avisos en 74s
12:21:49 INFO    Barriendo Century 21 Chile (century21)…
12:21:50 DEBUG   [fuenzalida] 20 avisos vía tarjetas
12:21:50 INFO      fuenzalida: 52 avisos en 9s
12:21:50 INFO    Barriendo Property Partners (propertypartners)…
12:21:50 DEBUG   [propertypartners] 1 avisos vía tarjetas
12:21:50 INFO      propertypartners: 1 avisos en 0s
12:21:50 INFO    Barriendo Acceso Inmobiliario (accesoinmobiliario)…
12:21:51 INFO      century21: 0 avisos en 1s
12:21:51 INFO    Barriendo Magnolia Property (magnoliaproperty)…
12:21:51 DEBUG   [magnoliaproperty] 7 avisos vía tarjetas
12:21:51 INFO      magnoliaproperty: 7 avisos en 1s
12:21:51 INFO    Barriendo Portilla Propiedades (portillapropiedades)…
12:21:52 DEBUG   La red no quedó en silencio en https://houm.com/cl/arriendo-departamento-región-metropolitana/ñuñoa/176912; se lee igual
12:21:52 DEBUG   [portillapropiedades] 2 avisos vía tarjetas
12:21:52 INFO      portillapropiedades: 2 avisos en 0s
12:21:52 INFO    Barriendo Nativo Propiedades (nativopropiedades)…
12:21:52 DEBUG   [houm] 1 avisos vía estado-embebido
12:21:53 DEBUG   [nativopropiedades] 7 avisos vía tarjetas
12:21:53 INFO      nativopropiedades: 7 avisos en 1s
12:21:53 INFO    Barriendo Enlace Inmobiliario (enlaceinmobiliario)…
12:21:53 WARNING https://www.enlaceinmobiliario.cl/ respondió 403
12:21:53 INFO    [enlaceinmobiliario] https://www.enlaceinmobiliario.cl/ rebotó al GET; se reintenta con navegador
12:21:55 DEBUG   [accesoinmobiliario] 12 avisos vía tarjetas
12:22:00 DEBUG   La red no quedó en silencio en https://houm.com/cl/arriendo-departamento-región-metropolitana/ñuñoa/174379; se lee igual
12:22:00 DEBUG   [houm] 1 avisos vía estado-embebido
12:22:03 DEBUG   [accesoinmobiliario] 1 avisos vía tarjetas
12:22:04 INFO      enlaceinmobiliario: 0 avisos en 11s
12:22:04 INFO    Barriendo Rentas.cl (rentas_cl)…
12:22:06 DEBUG   [rentas_cl] 1 avisos vía json-ld
12:22:06 INFO      rentas_cl: 1 avisos en 2s
12:22:06 INFO    Barriendo Arriendos.cl (arriendos_cl)…
12:22:07 INFO      arriendos_cl: 0 avisos en 1s
12:22:07 INFO    Barriendo Propiedades.cl (propiedades_cl)…
12:22:08 DEBUG   [propiedades_cl] 6 avisos vía tarjetas
12:22:08 INFO      propiedades_cl: 6 avisos en 1s
12:22:08 INFO    Barriendo Clasificados.cl (clasificados_cl)…
12:22:09 DEBUG   [accesoinmobiliario] 1 avisos vía tarjetas
12:22:10 DEBUG   [clasificados_cl] 1 avisos vía tarjetas
12:22:10 INFO      clasificados_cl: 1 avisos en 2s
12:22:11 DEBUG   La red no quedó en silencio en https://houm.com/cl/arriendo-departamento-región-metropolitana/recoleta/176958; se lee igual
12:22:11 DEBUG   [houm] 1 avisos vía estado-embebido
12:22:17 DEBUG   [goplaceit] 30 avisos vía json-ld
12:22:21 DEBUG   La red no quedó en silencio en https://houm.com/cl/arriendo-departamento-región-metropolitana/recoleta/90462; se lee igual
12:22:21 DEBUG   [houm] 1 avisos vía estado-embebido
12:22:23 INFO      accesoinmobiliario: 14 avisos en 33s
12:22:31 DEBUG   La red no quedó en silencio en https://houm.com/cl/arriendo-departamento-región-metropolitana/recoleta/177459; se lee igual
12:22:31 DEBUG   [houm] 1 avisos vía estado-embebido
12:22:38 DEBUG   La red no quedó en silencio en https://houm.com/cl/arriendo-departamento-región-metropolitana/independencia/167934; se lee igual
12:22:39 DEBUG   [houm] 1 avisos vía estado-embebido
12:22:39 INFO      houm: 36 avisos en 96s
12:22:45 INFO      goplaceit: 90 avisos en 129s
12:22:45 INFO    Total crudo: 1287 avisos
12:22:45 INFO    Después de deduplicar: 452
12:22:46 INFO    Pasaron los filtros: 62
12:23:16 DEBUG   Ficha de BYN6Z sin candidato propio; no se fusiona
12:23:17 DEBUG   Pin del mapa para 5MTNP: -33.38650, -70.54116
12:23:17 DEBUG   Ficha de 5MTNP sin candidato propio; no se fusiona
12:23:19 DEBUG   [yapo] 1 avisos vía json-ld
12:23:21 DEBUG   [yapo] 1 avisos vía json-ld
12:23:21 INFO    Enriquecido y descartado: 3UG6M (98 m² totales, no llega a más de 100 m²)
12:23:22 DEBUG   Pin del mapa para K8X3H: -33.31076, -70.67447
12:23:22 DEBUG   [magnoliaproperty] 2 avisos vía tarjetas
12:23:22 DEBUG   Ficha de K8X3H sin candidato propio; no se fusiona
12:23:23 DEBUG   [busconido] 11 avisos vía tarjetas
12:23:23 DEBUG   Ficha de 68G63 sin candidato propio; no se fusiona
12:23:25 DEBUG   [busconido] 11 avisos vía tarjetas
12:23:25 DEBUG   Ficha de BFHTK sin candidato propio; no se fusiona
12:23:27 DEBUG   [busconido] 10 avisos vía tarjetas
12:23:27 DEBUG   Ficha de VWVRP sin candidato propio; no se fusiona
12:23:29 DEBUG   [busconido] 10 avisos vía tarjetas
12:23:29 DEBUG   Ficha de 364V9 sin candidato propio; no se fusiona
12:23:31 DEBUG   [busconido] 11 avisos vía tarjetas
12:23:31 DEBUG   Ficha de 96SA3 sin candidato propio; no se fusiona
12:23:36 DEBUG   [toctoc] 1 avisos vía estado-embebido
12:23:36 DEBUG   [busconido] 10 avisos vía tarjetas
12:23:36 DEBUG   Ficha de W5QA3 sin candidato propio; no se fusiona
12:23:38 DEBUG   [busconido] 10 avisos vía tarjetas
12:23:38 DEBUG   Ficha de 577CB sin candidato propio; no se fusiona
12:23:40 DEBUG   [busconido] 10 avisos vía tarjetas
12:23:40 DEBUG   Ficha de EPBN5 sin candidato propio; no se fusiona
12:23:42 DEBUG   [busconido] 10 avisos vía tarjetas
12:23:42 DEBUG   Ficha de BRYAZ sin candidato propio; no se fusiona
12:23:44 DEBUG   [busconido] 11 avisos vía tarjetas
12:23:44 DEBUG   Ficha de HA828 sin candidato propio; no se fusiona
12:23:46 DEBUG   [busconido] 11 avisos vía tarjetas
12:23:46 DEBUG   Ficha de 52DAF sin candidato propio; no se fusiona
12:23:48 DEBUG   [busconido] 10 avisos vía tarjetas
12:23:48 DEBUG   Ficha de 3VW8K sin candidato propio; no se fusiona
12:23:50 DEBUG   [busconido] 11 avisos vía tarjetas
12:23:50 DEBUG   Ficha de E6M6E sin candidato propio; no se fusiona
12:23:52 DEBUG   [busconido] 11 avisos vía tarjetas
12:23:52 DEBUG   Ficha de YH67R sin candidato propio; no se fusiona
12:23:57 DEBUG   [busconido] 10 avisos vía tarjetas
12:23:57 DEBUG   Ficha de UVQY7 sin candidato propio; no se fusiona
12:24:02 DEBUG   [toctoc] 1 avisos vía estado-embebido
12:24:02 INFO    Enriquecido y descartado: DNSPN (arriendo de $3.064.742 sobre el máximo negociable de $1.904.000)
12:24:02 WARNING https://www.bienesonline.cl/es/chile/llanquihue/propiedad/42585-campo-917-ha-valle-cochamo-x-region respondió 404
12:24:09 DEBUG   [toctoc] 1 avisos vía estado-embebido
12:24:14 DEBUG   [toctoc] 1 avisos vía estado-embebido
12:24:18 DEBUG   [chilepropiedades] 2 avisos vía json-ld
12:24:23 DEBUG   [toctoc] 1 avisos vía estado-embebido
12:24:30 DEBUG   [toctoc] 1 avisos vía estado-embebido
12:24:35 DEBUG   [toctoc] 1 avisos vía estado-embebido
12:24:40 DEBUG   [toctoc] 1 avisos vía estado-embebido
12:24:49 DEBUG   [toctoc] 1 avisos vía estado-embebido
12:24:54 DEBUG   [toctoc] 1 avisos vía estado-embebido
12:24:54 INFO    Enriquecido y descartado: 5ZREX (39 años (construido en 1987), sobre el máximo de 30)
12:24:54 WARNING robots.txt no permite https://www.nuroa.cl/adform/10342-912-5f3d-19e92d3-bae6-98ff4d8aca01-7f27?click_type=0&pos=18&searchType=1&page=1&section=1&t_sec=1&sectionType=1&pageViewId=3676119a-8b3b-4c5b-a48a-7f41a5da4c20&t_pvid=3676119a-8b3b-4c5b-a48a-7f41a5da4c20&userAgent=Mozilla%2F5.0+%28compatible%3B+radar-arriendos%2F1.0%3B+uso+personal%2C+busqueda+de+arriendo%3B+%2Bhttps%3A%2F%2Fgithub.com%2Falfonsoandona%2Farriendos-vitacura%29&browser=1&isHuman=true&userIp=20.80.109.83&what=vitacura+departamento&search_terms=vitacura+departamento&origin=1&t_or=1&splitTestId=0 — se omite
12:24:58 DEBUG   [engelvoelkers] 1 avisos vía json-ld
12:25:03 INFO    Enriquecido y descartado: 75BRH (arriendo de $2.931.142 sobre el máximo negociable de $1.904.000)
12:25:26 INFO    Enriquecido y descartado: 75BRH (arriendo de $2.149.504 sobre el máximo negociable de $1.904.000)
12:25:34 INFO    Enriquecido y descartado: 75BRH (arriendo de $1.954.095 sobre el máximo negociable de $1.904.000)
12:25:50 DEBUG   [toctoc] 1 avisos vía estado-embebido
12:25:55 DEBUG   [toctoc] 1 avisos vía estado-embebido
12:26:00 DEBUG   [toctoc] 1 avisos vía estado-embebido
12:26:00 INFO    Enriquecido y descartado: 4V73Z (arriendo de $4.821.861 sobre el máximo negociable de $1.904.000)
12:26:00 WARNING robots.txt no permite https://www.nuroa.cl/adform/10342-912-ee27-1a01d7c-a7bc-2ba3aed54f3e-81d8?click_type=0&pos=14&searchType=1&page=1&section=1&t_sec=1&sectionType=1&pageViewId=3676119a-8b3b-4c5b-a48a-7f41a5da4c20&t_pvid=3676119a-8b3b-4c5b-a48a-7f41a5da4c20&userAgent=Mozilla%2F5.0+%28compatible%3B+radar-arriendos%2F1.0%3B+uso+personal%2C+busqueda+de+arriendo%3B+%2Bhttps%3A%2F%2Fgithub.com%2Falfonsoandona%2Farriendos-vitacura%29&browser=1&isHuman=true&userIp=20.80.109.83&what=vitacura+departamento&search_terms=vitacura+departamento&origin=1&t_or=1&splitTestId=0 — se omite
12:26:09 DEBUG   [toctoc] 1 avisos vía estado-embebido
12:26:13 INFO    Enriquecido y descartado: 75BRH (arriendo de $4.611.664 sobre el máximo negociable de $1.904.000)
12:26:18 DEBUG   [mitula] 3 avisos vía tarjetas
12:26:18 INFO    Fichas leídas: 62 — 1 ganaron el año, 0 la dirección; 8 se descartaron al verlas (1 por viejos)
12:26:20 INFO    Listo: 0 avisados de 54 candidatos
