15:28:33 INFO    UF = $40.959.07 (API del día)
15:28:33 INFO    Barriendo TocToc (toctoc)…
15:28:33 INFO    Barriendo Chilepropiedades (chilepropiedades)…
15:28:33 INFO    Barriendo GoPlaceIt (goplaceit)…
15:28:33 INFO    Barriendo Yapo (yapo)…
15:28:33 DEBUG   [chilepropiedades] 10 avisos vía tarjetas
15:28:35 DEBUG   [chilepropiedades] 10 avisos vía tarjetas
15:28:36 DEBUG   [goplaceit] 30 avisos vía json-ld
15:28:38 DEBUG   [chilepropiedades] 10 avisos vía tarjetas
15:28:38 INFO      chilepropiedades: 30 avisos en 5s
15:28:38 INFO    Barriendo BuscoNido (busconido)…
15:28:38 DEBUG   [busconido] 23 avisos vía tarjetas
15:28:38 INFO      busconido: 23 avisos en 1s
15:28:38 INFO    Barriendo BienesOnline (bienesonline)…
15:28:39 INFO      bienesonline: 0 avisos en 1s
15:28:39 INFO    Barriendo Economicos (El Mercurio) (economicos)…
15:28:40 WARNING https://www.economicos.cl/search/propiedades/vitacura/arriendo/departamento/0 respondió 403
15:28:40 INFO    [economicos] https://www.economicos.cl/search/propiedades/vitacura/arriendo/departamento/0 rebotó al GET; se reintenta con navegador
15:28:41 INFO      yapo: 0 avisos en 8s
15:28:41 INFO    Barriendo iCasas (icasas)…
15:28:41 DEBUG   [toctoc] 20 avisos vía json-ld
15:28:42 DEBUG   [icasas] 15 avisos vía tarjetas
15:28:42 INFO      economicos: 0 avisos en 3s
15:28:42 INFO    Barriendo Doomos (doomos)…
15:28:43 DEBUG   [icasas] 15 avisos vía tarjetas
15:28:43 INFO      icasas: 30 avisos en 3s
15:28:43 INFO    Barriendo Top Propiedades (toppropiedades)…
15:28:44 DEBUG   [doomos] 31 avisos vía tarjetas
15:28:44 INFO      doomos: 31 avisos en 2s
15:28:44 INFO    Barriendo Nuroa (nuroa)…
15:28:45 DEBUG   Encoding detection: ascii is most likely the one.
15:28:46 DEBUG   [nuroa] 25 avisos vía json-ld
15:28:47 DEBUG   [toppropiedades] 1 avisos vía json-ld
15:28:49 DEBUG   [nuroa] 25 avisos vía json-ld
15:28:49 DEBUG   La red no quedó en silencio en https://www.toctoc.com/arriendo/departamento/metropolitana/vitacura/3-dormitorios?pagina=2; se lee igual
15:28:49 DEBUG   [toppropiedades] 1 avisos vía json-ld
15:28:50 DEBUG   [toctoc] 20 avisos vía json-ld
15:28:51 DEBUG   [nuroa] 25 avisos vía json-ld
15:28:51 DEBUG   [toppropiedades] 1 avisos vía json-ld
15:28:53 DEBUG   [nuroa] 25 avisos vía json-ld
15:28:53 DEBUG   [toppropiedades] 1 avisos vía json-ld
15:28:53 INFO      nuroa: 100 avisos en 9s
15:28:53 INFO    Barriendo Mitula (mitula)…
15:28:55 DEBUG   [toppropiedades] 1 avisos vía json-ld
15:28:56 DEBUG   [mitula] 30 avisos vía json-ld
15:28:57 DEBUG   [toppropiedades] 1 avisos vía json-ld
15:28:58 DEBUG   [mitula] 30 avisos vía json-ld
15:28:58 DEBUG   La red no quedó en silencio en https://www.toctoc.com/arriendo/departamento/metropolitana/vitacura/3-dormitorios?pagina=3; se lee igual
15:28:58 INFO      mitula: 60 avisos en 5s
15:28:58 INFO    Barriendo Houm (houm)…
15:28:58 DEBUG   [toctoc] 20 avisos vía json-ld
15:28:59 DEBUG   [toppropiedades] 1 avisos vía json-ld
15:29:01 DEBUG   [toppropiedades] 1 avisos vía json-ld
15:29:01 INFO      toppropiedades: 8 avisos en 18s
15:29:01 INFO    Barriendo Hey! Homes (heyhomes)…
15:29:04 DEBUG   [heyhomes] 9 avisos vía tarjetas
15:29:04 INFO      heyhomes: 9 avisos en 3s
15:29:04 INFO    Barriendo Engel & Völkers (engelvoelkers)…
15:29:06 DEBUG   La red no quedó en silencio en https://houm.com/cl/arriendo-departamentos-region-metropolitana/vitacura/3-dormitorios; se lee igual
15:29:06 DEBUG   [toctoc] 20 avisos vía json-ld
15:29:06 DEBUG   [houm] 28 avisos vía json-ld
15:29:09 DEBUG   [goplaceit] 30 avisos vía json-ld
15:29:10 DEBUG   [engelvoelkers] 16 avisos vía tarjetas
15:29:10 INFO      engelvoelkers: 16 avisos en 6s
15:29:10 INFO    Barriendo RE/MAX Chile (remax)…
15:29:16 DEBUG   La red no quedó en silencio en https://www.toctoc.com/arriendo/departamento/metropolitana/vitacura/4-dormitorios?pagina=2; se lee igual
15:29:16 DEBUG   [toctoc] 13 avisos vía json-ld
15:29:17 DEBUG   La red no quedó en silencio en https://houm.com/cl/arriendo-departamento-región-metropolitana/las-condes/170742; se lee igual
15:29:18 DEBUG   [houm] 1 avisos vía estado-embebido
15:29:22 INFO      remax: 0 avisos en 12s
15:29:22 INFO    Barriendo Fuenzalida Propiedades (fuenzalida)…
15:29:25 DEBUG   [fuenzalida] 16 avisos vía tarjetas
15:29:27 DEBUG   La red no quedó en silencio en https://www.toctoc.com/arriendo/departamento/metropolitana/vitacura/4-dormitorios?pagina=3; se lee igual
15:29:27 DEBUG   [toctoc] 20 avisos vía json-ld
15:29:27 INFO      toctoc: 113 avisos en 54s
15:29:27 INFO    Barriendo Century 21 Chile (century21)…
15:29:28 INFO      century21: 0 avisos en 1s
15:29:28 INFO    Barriendo Property Partners (propertypartners)…
15:29:28 DEBUG   [fuenzalida] 20 avisos vía tarjetas
15:29:29 DEBUG   [propertypartners] 1 avisos vía tarjetas
15:29:29 INFO      propertypartners: 1 avisos en 1s
15:29:29 INFO    Barriendo Acceso Inmobiliario (accesoinmobiliario)…
15:29:30 DEBUG   La red no quedó en silencio en https://houm.com/cl/arriendo-departamento-región-metropolitana/las-condes/175757; se lee igual
15:29:30 DEBUG   [houm] 1 avisos vía estado-embebido
15:29:31 DEBUG   [fuenzalida] 20 avisos vía tarjetas
15:29:31 INFO      fuenzalida: 56 avisos en 9s
15:29:31 INFO    Barriendo Magnolia Property (magnoliaproperty)…
15:29:32 DEBUG   [magnoliaproperty] 7 avisos vía tarjetas
15:29:32 INFO      magnoliaproperty: 7 avisos en 1s
15:29:32 INFO    Barriendo Portilla Propiedades (portillapropiedades)…
15:29:32 DEBUG   [portillapropiedades] 2 avisos vía tarjetas
15:29:32 INFO      portillapropiedades: 2 avisos en 1s
15:29:32 INFO    Barriendo Nativo Propiedades (nativopropiedades)…
15:29:33 DEBUG   [accesoinmobiliario] 16 avisos vía tarjetas
15:29:33 DEBUG   [nativopropiedades] 10 avisos vía tarjetas
15:29:33 INFO      nativopropiedades: 10 avisos en 1s
15:29:33 INFO    Barriendo Enlace Inmobiliario (enlaceinmobiliario)…
15:29:34 WARNING https://www.enlaceinmobiliario.cl/ respondió 403
15:29:34 INFO    [enlaceinmobiliario] https://www.enlaceinmobiliario.cl/ rebotó al GET; se reintenta con navegador
15:29:38 DEBUG   La red no quedó en silencio en https://houm.com/cl/arriendo-departamento-región-metropolitana/lo-barnechea/74201; se lee igual
15:29:38 DEBUG   [houm] 1 avisos vía estado-embebido
15:29:44 DEBUG   La red no quedó en silencio en https://www.enlaceinmobiliario.cl/; se lee igual
15:29:44 INFO      enlaceinmobiliario: 0 avisos en 11s
15:29:44 INFO    Barriendo Rentas.cl (rentas_cl)…
15:29:47 DEBUG   [rentas_cl] 1 avisos vía json-ld
15:29:47 INFO      rentas_cl: 1 avisos en 2s
15:29:47 INFO    Barriendo Arriendos.cl (arriendos_cl)…
15:29:47 DEBUG   [accesoinmobiliario] 1 avisos vía tarjetas
15:29:48 INFO      arriendos_cl: 0 avisos en 1s
15:29:48 INFO    Barriendo Propiedades.cl (propiedades_cl)…
15:29:49 DEBUG   [propiedades_cl] 6 avisos vía tarjetas
15:29:49 INFO      propiedades_cl: 6 avisos en 1s
15:29:49 INFO    Barriendo Clasificados.cl (clasificados_cl)…
15:29:50 DEBUG   La red no quedó en silencio en https://houm.com/cl/arriendo-departamento-región-metropolitana/providencia/175947; se lee igual
15:29:50 DEBUG   [houm] 1 avisos vía estado-embebido
15:29:52 DEBUG   [clasificados_cl] 1 avisos vía tarjetas
15:29:52 INFO      clasificados_cl: 1 avisos en 3s
15:29:53 DEBUG   [accesoinmobiliario] 1 avisos vía tarjetas
15:29:56 DEBUG   [accesoinmobiliario] 1 avisos vía tarjetas
15:29:59 DEBUG   [goplaceit] 30 avisos vía json-ld
15:30:00 DEBUG   La red no quedó en silencio en https://houm.com/cl/arriendo-departamento-región-metropolitana/ñuñoa/174379; se lee igual
15:30:01 DEBUG   [houm] 1 avisos vía estado-embebido
15:30:09 DEBUG   La red no quedó en silencio en https://houm.com/cl/arriendo-departamento-región-metropolitana/recoleta/179872; se lee igual
15:30:09 DEBUG   [houm] 1 avisos vía estado-embebido
15:30:17 DEBUG   La red no quedó en silencio en https://houm.com/cl/arriendo-departamento-región-metropolitana/recoleta/178185; se lee igual
15:30:18 DEBUG   [houm] 1 avisos vía estado-embebido
15:30:24 DEBUG   [accesoinmobiliario] 1 avisos vía tarjetas
15:30:24 INFO      accesoinmobiliario: 20 avisos en 55s
15:30:26 DEBUG   La red no quedó en silencio en https://houm.com/cl/arriendo-departamento-región-metropolitana/las-condes/177842; se lee igual
15:30:26 DEBUG   [houm] 1 avisos vía estado-embebido
15:30:26 INFO      houm: 36 avisos en 88s
15:30:30 INFO      goplaceit: 90 avisos en 118s
15:30:30 INFO    Total crudo: 650 avisos
15:30:31 INFO    Después de deduplicar: 402
15:30:31 INFO    Pasaron los filtros: 41
15:30:51 DEBUG   [doomos] 18 avisos vía tarjetas
15:30:51 DEBUG   Ficha de YVT22 sin candidato propio; no se fusiona
15:30:51 DEBUG   Ficha de HW5MX sin candidato propio; no se fusiona
15:30:54 DEBUG   [doomos] 27 avisos vía tarjetas
15:30:54 DEBUG   Ficha de U44VT sin candidato propio; no se fusiona
15:30:56 DEBUG   [doomos] 27 avisos vía tarjetas
15:30:56 DEBUG   Ficha de KNAE9 sin candidato propio; no se fusiona
15:30:59 DEBUG   [doomos] 27 avisos vía tarjetas
15:30:59 DEBUG   Ficha de PR3QK sin candidato propio; no se fusiona
15:31:01 DEBUG   [doomos] 27 avisos vía tarjetas
15:31:01 DEBUG   Ficha de 2HWEW sin candidato propio; no se fusiona
15:31:03 DEBUG   [doomos] 27 avisos vía tarjetas
15:31:03 DEBUG   Ficha de ZWNAN sin candidato propio; no se fusiona
15:31:04 DEBUG   [doomos] 27 avisos vía tarjetas
15:31:04 DEBUG   Ficha de FDXSM sin candidato propio; no se fusiona
15:31:05 DEBUG   [busconido] 10 avisos vía tarjetas
15:31:05 DEBUG   Ficha de SFK6F sin candidato propio; no se fusiona
15:31:08 DEBUG   [doomos] 27 avisos vía tarjetas
15:31:08 DEBUG   Ficha de FQ6XQ sin candidato propio; no se fusiona
15:31:09 DEBUG   [busconido] 10 avisos vía tarjetas
15:31:09 DEBUG   Ficha de J8DZ8 sin candidato propio; no se fusiona
15:31:12 INFO    Enriquecido y descartado: YAVJA (arriendo de $3.517.371 sobre el máximo negociable de $1.904.000)
15:31:16 INFO    Enriquecido y descartado: CC2AY (arriendo de $2.032.258 sobre el máximo negociable de $1.904.000)
15:31:16 DEBUG   [busconido] 11 avisos vía tarjetas
15:31:16 DEBUG   Ficha de S76FE sin candidato propio; no se fusiona
15:31:18 DEBUG   [doomos] 18 avisos vía tarjetas
15:31:18 DEBUG   Ficha de J5JN4 sin candidato propio; no se fusiona
15:31:25 DEBUG   [toctoc] 1 avisos vía estado-embebido
15:31:35 DEBUG   [doomos] 27 avisos vía tarjetas
15:31:35 DEBUG   Ficha de P8XMT sin candidato propio; no se fusiona
15:31:44 DEBUG   La red no quedó en silencio en https://www.toctoc.com/arriendo/departamento/metropolitana/vitacura/b_62313db937b2eb47fc03dd6bc00d3af11b5bf811; se lee igual
15:31:58 DEBUG   La red no quedó en silencio en https://www.toctoc.com/arriendo/departamento/metropolitana/vitacura/b_8c9ee4012cd3abae9a346f5c20131ca3ab90095d; se lee igual
15:32:05 DEBUG   La red no quedó en silencio en https://www.toctoc.com/arriendo/departamento/metropolitana/vitacura/b_fdaeaea80544bc1bd42b35482c12994145198f76; se lee igual
15:32:13 INFO    Enriquecido y descartado: 75BRH (arriendo de $2.931.142 sobre el máximo negociable de $1.904.000)
15:32:34 INFO    Enriquecido y descartado: 75BRH (arriendo de $2.149.504 sobre el máximo negociable de $1.904.000)
15:32:37 INFO    Enriquecido y descartado: 75BRH (arriendo de $1.954.095 sobre el máximo negociable de $1.904.000)
15:32:58 DEBUG   La red no quedó en silencio en https://www.toctoc.com/arriendo/departamento/metropolitana/vitacura/b_5a37b5df7f9d79c4bd1ab716a6babbded3d95b42; se lee igual
15:32:58 DEBUG   [toctoc] 1 avisos vía estado-embebido
15:33:02 DEBUG   [toctoc] 1 avisos vía tarjetas
15:33:06 INFO    Enriquecido y descartado: 75BRH (arriendo de $4.299.009 sobre el máximo negociable de $1.904.000)
15:33:10 INFO    Fichas leídas: 41 — 0 ganaron el año, 0 la dirección; 6 se descartaron al verlas (0 por viejos)
15:33:11 INFO    Listo: 0 avisados de 35 candidatos
