15:41:19 INFO    No se pudo traer la UF del día (ReadTimeout); se usa el respaldo
15:41:19 INFO    UF = $40.883.00 (caché de hace 0 día(s) — la API no respondió)
15:41:19 INFO    Barriendo TocToc (toctoc)…
15:41:19 INFO    Barriendo Chilepropiedades (chilepropiedades)…
15:41:19 INFO    Barriendo GoPlaceIt (goplaceit)…
15:41:19 INFO    Barriendo Yapo (yapo)…
15:41:20 DEBUG   [chilepropiedades] 10 avisos vía tarjetas
15:41:22 DEBUG   [yapo] 30 avisos vía tarjetas
15:41:22 DEBUG   [chilepropiedades] 10 avisos vía tarjetas
15:41:23 DEBUG   [goplaceit] 30 avisos vía json-ld
15:41:24 DEBUG   [yapo] 30 avisos vía tarjetas
15:41:24 DEBUG   [chilepropiedades] 10 avisos vía tarjetas
15:41:24 INFO      chilepropiedades: 30 avisos en 5s
15:41:24 INFO    Barriendo BuscoNido (busconido)…
15:41:25 DEBUG   [busconido] 23 avisos vía tarjetas
15:41:25 INFO      busconido: 23 avisos en 1s
15:41:25 INFO    Barriendo BienesOnline (bienesonline)…
15:41:26 DEBUG   [yapo] 30 avisos vía tarjetas
15:41:26 INFO      yapo: 90 avisos en 7s
15:41:26 INFO    Barriendo Economicos (El Mercurio) (economicos)…
15:41:26 WARNING https://www.economicos.cl/search/propiedades/vitacura/arriendo/departamento/0 respondió 403
15:41:26 INFO    [economicos] https://www.economicos.cl/search/propiedades/vitacura/arriendo/departamento/0 rebotó al GET; se reintenta con navegador
15:41:26 DEBUG   [bienesonline] 13 avisos vía tarjetas
15:41:26 INFO      bienesonline: 13 avisos en 1s
15:41:26 INFO    Barriendo iCasas (icasas)…
15:41:27 DEBUG   La red no quedó en silencio en https://www.toctoc.com/arriendo/departamento/metropolitana/vitacura/3-dormitorios; se lee igual
15:41:27 DEBUG   [toctoc] 20 avisos vía json-ld
15:41:27 DEBUG   [icasas] 15 avisos vía tarjetas
15:41:28 INFO      economicos: 0 avisos en 2s
15:41:28 INFO    Barriendo Doomos (doomos)…
15:41:28 WARNING https://www.doomos.cl/departamentos-vitacura-arriendo respondió 403
15:41:28 INFO    [doomos] https://www.doomos.cl/departamentos-vitacura-arriendo rebotó al GET; se reintenta con navegador
15:41:29 DEBUG   [icasas] 15 avisos vía tarjetas
15:41:29 INFO      icasas: 30 avisos en 3s
15:41:29 INFO    Barriendo Top Propiedades (toppropiedades)…
15:41:33 DEBUG   [toppropiedades] 1 avisos vía json-ld
15:41:34 INFO      doomos: 0 avisos en 6s
15:41:34 INFO    Barriendo Nuroa (nuroa)…
15:41:35 DEBUG   Encoding detection: ascii is most likely the one.
15:41:35 DEBUG   La red no quedó en silencio en https://www.toctoc.com/arriendo/departamento/metropolitana/vitacura/3-dormitorios?pagina=2; se lee igual
15:41:35 DEBUG   [toppropiedades] 1 avisos vía json-ld
15:41:36 DEBUG   [nuroa] 25 avisos vía json-ld
15:41:36 DEBUG   [toctoc] 20 avisos vía json-ld
15:41:37 DEBUG   [toppropiedades] 1 avisos vía json-ld
15:41:38 DEBUG   [nuroa] 25 avisos vía json-ld
15:41:39 DEBUG   [toppropiedades] 1 avisos vía json-ld
15:41:40 DEBUG   [nuroa] 25 avisos vía json-ld
15:41:41 DEBUG   [toppropiedades] 1 avisos vía json-ld
15:41:42 DEBUG   [nuroa] 25 avisos vía json-ld
15:41:42 INFO      nuroa: 100 avisos en 8s
15:41:42 INFO    Barriendo Mitula (mitula)…
15:41:43 DEBUG   La red no quedó en silencio en https://www.toctoc.com/arriendo/departamento/metropolitana/vitacura/3-dormitorios?pagina=3; se lee igual
15:41:43 DEBUG   [toppropiedades] 1 avisos vía json-ld
15:41:44 DEBUG   [toctoc] 20 avisos vía json-ld
15:41:44 DEBUG   [mitula] 30 avisos vía json-ld
15:41:45 DEBUG   [toppropiedades] 1 avisos vía json-ld
15:41:46 DEBUG   [mitula] 30 avisos vía json-ld
15:41:46 INFO      mitula: 60 avisos en 4s
15:41:46 INFO    Barriendo Houm (houm)…
15:41:47 DEBUG   [toppropiedades] 1 avisos vía json-ld
15:41:47 INFO      toppropiedades: 8 avisos en 18s
15:41:47 INFO    Barriendo Hey! Homes (heyhomes)…
15:41:50 DEBUG   [heyhomes] 9 avisos vía tarjetas
15:41:50 INFO      heyhomes: 9 avisos en 3s
15:41:50 INFO    Barriendo Engel & Völkers (engelvoelkers)…
15:41:51 DEBUG   La red no quedó en silencio en https://www.toctoc.com/arriendo/departamento/metropolitana/vitacura/4-dormitorios; se lee igual
15:41:52 DEBUG   [toctoc] 20 avisos vía json-ld
15:41:56 DEBUG   [engelvoelkers] 16 avisos vía tarjetas
15:41:56 INFO      engelvoelkers: 16 avisos en 6s
15:41:56 INFO    Barriendo RE/MAX Chile (remax)…
15:41:57 DEBUG   La red no quedó en silencio en https://houm.com/cl/arriendo-departamentos-region-metropolitana/vitacura/3-dormitorios; se lee igual
15:41:58 DEBUG   [houm] 28 avisos vía json-ld
15:41:58 DEBUG   [goplaceit] 30 avisos vía json-ld
15:42:04 DEBUG   La red no quedó en silencio en https://www.toctoc.com/arriendo/departamento/metropolitana/vitacura/4-dormitorios?pagina=2; se lee igual
15:42:05 DEBUG   [toctoc] 20 avisos vía json-ld
15:42:05 DEBUG   La red no quedó en silencio en https://www.remax.cl/es-cl/busqueda/metropolitana-de-santiago/santiago/vitacura/residencial-departamento/arriendo/; se lee igual
15:42:06 DEBUG   [remax] 5 avisos vía tarjetas
15:42:12 DEBUG   La red no quedó en silencio en https://houm.com/cl/arriendo-departamento-región-metropolitana/las-condes/170742; se lee igual
15:42:12 DEBUG   [houm] 1 avisos vía estado-embebido
15:42:17 DEBUG   La red no quedó en silencio en https://www.toctoc.com/arriendo/departamento/metropolitana/vitacura/4-dormitorios?pagina=3; se lee igual
15:42:17 DEBUG   [toctoc] 4 avisos vía json-ld
15:42:17 INFO      toctoc: 104 avisos en 58s
15:42:17 INFO    Barriendo Fuenzalida Propiedades (fuenzalida)…
15:42:19 DEBUG   La red no quedó en silencio en https://www.remax.cl/es-cl/busqueda/metropolitana-de-santiago/santiago/vitacura/residencial-departamento/arriendo/?page=2; se lee igual
15:42:20 DEBUG   [remax] 5 avisos vía tarjetas
15:42:20 INFO      remax: 10 avisos en 24s
15:42:20 INFO    Barriendo Century 21 Chile (century21)…
15:42:21 DEBUG   [fuenzalida] 16 avisos vía tarjetas
15:42:21 INFO      century21: 0 avisos en 2s
15:42:21 INFO    Barriendo Property Partners (propertypartners)…
15:42:22 DEBUG   [propertypartners] 1 avisos vía tarjetas
15:42:22 INFO      propertypartners: 1 avisos en 1s
15:42:22 INFO    Barriendo Acceso Inmobiliario (accesoinmobiliario)…
15:42:24 DEBUG   [fuenzalida] 20 avisos vía tarjetas
15:42:27 DEBUG   La red no quedó en silencio en https://houm.com/cl/arriendo-departamento-región-metropolitana/las-condes/175757; se lee igual
15:42:27 DEBUG   [fuenzalida] 20 avisos vía tarjetas
15:42:27 INFO      fuenzalida: 56 avisos en 10s
15:42:27 INFO    Barriendo Magnolia Property (magnoliaproperty)…
15:42:27 DEBUG   [houm] 1 avisos vía estado-embebido
15:42:28 DEBUG   [accesoinmobiliario] 15 avisos vía tarjetas
15:42:28 DEBUG   [magnoliaproperty] 6 avisos vía tarjetas
15:42:28 INFO      magnoliaproperty: 6 avisos en 1s
15:42:28 INFO    Barriendo Portilla Propiedades (portillapropiedades)…
15:42:29 DEBUG   [portillapropiedades] 2 avisos vía tarjetas
15:42:29 INFO      portillapropiedades: 2 avisos en 1s
15:42:29 INFO    Barriendo Nativo Propiedades (nativopropiedades)…
15:42:30 DEBUG   [nativopropiedades] 10 avisos vía tarjetas
15:42:30 INFO      nativopropiedades: 10 avisos en 1s
15:42:30 INFO    Barriendo Enlace Inmobiliario (enlaceinmobiliario)…
15:42:30 WARNING https://www.enlaceinmobiliario.cl/ respondió 403
15:42:30 INFO    [enlaceinmobiliario] https://www.enlaceinmobiliario.cl/ rebotó al GET; se reintenta con navegador
15:42:34 DEBUG   [accesoinmobiliario] 1 avisos vía tarjetas
15:42:36 DEBUG   La red no quedó en silencio en https://houm.com/cl/arriendo-departamento-región-metropolitana/ñuñoa/164010; se lee igual
15:42:36 DEBUG   [houm] 1 avisos vía estado-embebido
15:42:37 INFO      enlaceinmobiliario: 0 avisos en 7s
15:42:37 INFO    Barriendo Rentas.cl (rentas_cl)…
15:42:39 DEBUG   [accesoinmobiliario] 1 avisos vía tarjetas
15:42:39 DEBUG   [rentas_cl] 1 avisos vía json-ld
15:42:39 INFO      rentas_cl: 1 avisos en 2s
15:42:39 INFO    Barriendo Arriendos.cl (arriendos_cl)…
15:42:40 INFO      arriendos_cl: 0 avisos en 1s
15:42:40 INFO    Barriendo Propiedades.cl (propiedades_cl)…
15:42:41 DEBUG   [propiedades_cl] 6 avisos vía tarjetas
15:42:41 INFO      propiedades_cl: 6 avisos en 1s
15:42:41 INFO    Barriendo Clasificados.cl (clasificados_cl)…
15:42:43 INFO      clasificados_cl: 0 avisos en 2s
15:42:46 DEBUG   La red no quedó en silencio en https://houm.com/cl/arriendo-departamento-región-metropolitana/ñuñoa/174379; se lee igual
15:42:47 DEBUG   [houm] 1 avisos vía estado-embebido
15:42:48 DEBUG   [accesoinmobiliario] 1 avisos vía tarjetas
15:42:49 DEBUG   [goplaceit] 30 avisos vía json-ld
15:42:51 DEBUG   [accesoinmobiliario] 1 avisos vía tarjetas
15:42:56 DEBUG   La red no quedó en silencio en https://houm.com/cl/arriendo-departamento-región-metropolitana/recoleta/178185; se lee igual
15:42:56 DEBUG   [houm] 1 avisos vía estado-embebido
15:42:57 INFO      accesoinmobiliario: 19 avisos en 35s
15:43:05 DEBUG   La red no quedó en silencio en https://houm.com/cl/arriendo-departamento-región-metropolitana/las-condes/177842; se lee igual
15:43:05 DEBUG   [houm] 1 avisos vía estado-embebido
15:43:12 DEBUG   La red no quedó en silencio en https://houm.com/cl/arriendo-departamento-región-metropolitana/recoleta/176958; se lee igual
15:43:12 DEBUG   [houm] 1 avisos vía estado-embebido
15:43:15 INFO      goplaceit: 90 avisos en 116s
15:43:20 DEBUG   La red no quedó en silencio en https://houm.com/cl/arriendo-departamento-región-metropolitana/recoleta/90462; se lee igual
15:43:20 DEBUG   [houm] 1 avisos vía estado-embebido
15:43:20 INFO      houm: 36 avisos en 94s
15:43:20 INFO    Total crudo: 720 avisos
15:43:21 INFO    Después de deduplicar: 438
15:43:21 INFO    Pasaron los filtros: 42
15:43:46 DEBUG   Ficha de HW5MX sin candidato propio; no se fusiona
15:43:54 DEBUG   La red no quedó en silencio en https://www.toctoc.com/arriendo/departamento/metropolitana/vitacura/b_fcce67f64655e74722493467e0943e3acb167be3; se lee igual
15:43:54 DEBUG   [toctoc] 1 avisos vía estado-embebido
15:43:55 DEBUG   Ficha de KM3V2 sin candidato propio; no se fusiona
15:44:01 DEBUG   La red no quedó en silencio en https://www.toctoc.com/arriendo/departamento/metropolitana/vitacura/b_8e6e657f30127209018991e0ad1aa3be0153aa48; se lee igual
15:44:01 DEBUG   Pin del mapa para AZ5YE: -33.40537, -70.59387
15:44:01 DEBUG   [toctoc] 1 avisos vía estado-embebido
15:44:02 DEBUG   [mitula] 3 avisos vía tarjetas
15:44:03 DEBUG   [busconido] 11 avisos vía tarjetas
15:44:03 DEBUG   Ficha de H5C3P sin candidato propio; no se fusiona
15:44:07 INFO    Enriquecido y descartado: YAVJA (arriendo de $3.517.371 sobre el máximo negociable de $1.904.000)
15:44:11 INFO    Enriquecido y descartado: CC2AY (arriendo de $2.032.258 sobre el máximo negociable de $1.904.000)
15:44:12 DEBUG   [busconido] 10 avisos vía tarjetas
15:44:12 DEBUG   Ficha de J5MJ3 sin candidato propio; no se fusiona
15:44:18 DEBUG   La red no quedó en silencio en https://www.toctoc.com/arriendo/departamento/metropolitana/vitacura/b_ac8626fbaf17f6797538373e1135be54043ecbc1; se lee igual
15:44:18 DEBUG   [toctoc] 1 avisos vía estado-embebido
15:44:19 DEBUG   [mitula] 3 avisos vía tarjetas
15:44:27 DEBUG   [engelvoelkers] 1 avisos vía json-ld
15:44:34 DEBUG   La red no quedó en silencio en https://www.toctoc.com/arriendo/departamento/metropolitana/vitacura/b_5a83ec5d9ddeec1014e84fbdea5c301beaad18d5; se lee igual
15:44:34 DEBUG   [toctoc] 1 avisos vía estado-embebido
15:44:40 DEBUG   La red no quedó en silencio en https://www.toctoc.com/arriendo/departamento/metropolitana/vitacura/b_a3f11e3da22b023d55153cd78c67bf4d8e101cb9; se lee igual
15:44:41 DEBUG   [toctoc] 1 avisos vía estado-embebido
15:44:51 DEBUG   La red no quedó en silencio en https://www.toctoc.com/arriendo/departamento/metropolitana/vitacura/b_62313db937b2eb47fc03dd6bc00d3af11b5bf811; se lee igual
15:44:51 DEBUG   [toctoc] 1 avisos vía estado-embebido
15:44:58 DEBUG   La red no quedó en silencio en https://www.toctoc.com/arriendo/departamento/metropolitana/vitacura/b_5acaafcd00128d3e4cb605d4f6d3b2f9454c00a2; se lee igual
15:44:58 DEBUG   [toctoc] 1 avisos vía estado-embebido
15:45:05 DEBUG   La red no quedó en silencio en https://www.toctoc.com/arriendo/departamento/metropolitana/vitacura/b_8c9ee4012cd3abae9a346f5c20131ca3ab90095d; se lee igual
15:45:05 DEBUG   [toctoc] 1 avisos vía estado-embebido
15:45:11 DEBUG   La red no quedó en silencio en https://www.toctoc.com/arriendo/departamento/metropolitana/vitacura/b_81160827e21945574de3036c9a6e70e4790b7427; se lee igual
15:45:11 DEBUG   [toctoc] 1 avisos vía estado-embebido
15:45:18 DEBUG   La red no quedó en silencio en https://www.toctoc.com/arriendo/departamento/metropolitana/vitacura/b_dd470a6196689e0d8f0f051c723f233fb535a000; se lee igual
15:45:18 DEBUG   [toctoc] 1 avisos vía estado-embebido
15:45:22 INFO    Enriquecido y descartado: 75BRH (arriendo de $2.931.142 sobre el máximo negociable de $1.904.000)
15:45:45 INFO    Enriquecido y descartado: 75BRH (arriendo de $2.149.504 sobre el máximo negociable de $1.904.000)
15:45:54 INFO    Enriquecido y descartado: 75BRH (arriendo de $1.954.095 sobre el máximo negociable de $1.904.000)
15:46:12 DEBUG   La red no quedó en silencio en https://www.toctoc.com/arriendo/departamento/metropolitana/vitacura/b_8d7cfebe1062033f05e1df1296cb8647a46a8d1b; se lee igual
15:46:12 DEBUG   [toctoc] 1 avisos vía estado-embebido
15:46:22 DEBUG   La red no quedó en silencio en https://www.toctoc.com/arriendo/departamento/metropolitana/vitacura/b_5a37b5df7f9d79c4bd1ab716a6babbded3d95b42; se lee igual
15:46:23 DEBUG   [toctoc] 1 avisos vía estado-embebido
15:46:29 DEBUG   La red no quedó en silencio en https://www.toctoc.com/arriendo/departamento/metropolitana/vitacura/b_a980d8085ff1b8a8ad39918e8343fc77f14f4e9d; se lee igual
15:46:29 DEBUG   [toctoc] 1 avisos vía estado-embebido
15:46:34 INFO    Enriquecido y descartado: 75BRH (arriendo de $4.299.009 sobre el máximo negociable de $1.904.000)
15:46:38 INFO    Fichas leídas: 42 — 2 ganaron el año, 1 la dirección; 6 se descartaron al verlas (0 por viejos)
15:46:38 DEBUG   Libreta: vitacura 3085 se construyó en 1997 (mitula)
15:46:39 DEBUG   [mitula] 3 avisos vía tarjetas
15:46:41 INFO    Listo: 2 avisados de 36 candidatos
