00:39:47 INFO    UF = $40.880.36 (API del día)
00:39:47 INFO    Barriendo TocToc (toctoc)…
00:39:47 INFO    Barriendo Chilepropiedades (chilepropiedades)…
00:39:47 INFO    Barriendo GoPlaceIt (goplaceit)…
00:39:47 INFO    Barriendo Yapo (yapo)…
00:39:48 DEBUG   [chilepropiedades] 10 avisos vía tarjetas
00:39:49 INFO      yapo: 0 avisos en 2s
00:39:49 INFO    Barriendo BuscoNido (busconido)…
00:39:50 DEBUG   [chilepropiedades] 10 avisos vía tarjetas
00:39:50 DEBUG   [busconido] 23 avisos vía tarjetas
00:39:50 INFO      busconido: 23 avisos en 1s
00:39:50 INFO    Barriendo BienesOnline (bienesonline)…
00:39:51 DEBUG   [goplaceit] 30 avisos vía json-ld
00:39:52 DEBUG   [bienesonline] 15 avisos vía tarjetas
00:39:52 INFO      bienesonline: 15 avisos en 1s
00:39:52 INFO    Barriendo Economicos (El Mercurio) (economicos)…
00:39:52 DEBUG   [chilepropiedades] 10 avisos vía tarjetas
00:39:52 INFO      chilepropiedades: 30 avisos en 5s
00:39:52 INFO    Barriendo iCasas (icasas)…
00:39:52 WARNING https://www.economicos.cl/search/propiedades/vitacura/arriendo/departamento/0 respondió 403
00:39:52 INFO    [economicos] https://www.economicos.cl/search/propiedades/vitacura/arriendo/departamento/0 rebotó al GET; se reintenta con navegador
00:39:53 DEBUG   [icasas] 15 avisos vía tarjetas
00:39:54 DEBUG   [toctoc] 20 avisos vía json-ld
00:39:54 DEBUG   [icasas] 15 avisos vía tarjetas
00:39:54 INFO      icasas: 30 avisos en 3s
00:39:54 INFO    Barriendo Doomos (doomos)…
00:39:55 INFO      economicos: 0 avisos en 3s
00:39:55 INFO    Barriendo Top Propiedades (toppropiedades)…
00:39:56 DEBUG   [doomos] 32 avisos vía tarjetas
00:39:56 INFO      doomos: 32 avisos en 2s
00:39:56 INFO    Barriendo Nuroa (nuroa)…
00:39:57 DEBUG   Encoding detection: ascii is most likely the one.
00:39:58 DEBUG   [nuroa] 25 avisos vía json-ld
00:39:59 DEBUG   [toppropiedades] 1 avisos vía json-ld
00:40:00 DEBUG   [nuroa] 25 avisos vía json-ld
00:40:01 DEBUG   [toppropiedades] 1 avisos vía json-ld
00:40:01 DEBUG   [toctoc] 20 avisos vía json-ld
00:40:03 DEBUG   [nuroa] 25 avisos vía json-ld
00:40:03 DEBUG   [toppropiedades] 1 avisos vía json-ld
00:40:04 DEBUG   [nuroa] 25 avisos vía json-ld
00:40:04 INFO      nuroa: 100 avisos en 8s
00:40:04 INFO    Barriendo Mitula (mitula)…
00:40:05 DEBUG   [toppropiedades] 1 avisos vía json-ld
00:40:06 DEBUG   [mitula] 30 avisos vía json-ld
00:40:07 DEBUG   [toppropiedades] 1 avisos vía json-ld
00:40:08 DEBUG   [mitula] 30 avisos vía json-ld
00:40:08 INFO      mitula: 60 avisos en 4s
00:40:08 INFO    Barriendo Houm (houm)…
00:40:08 DEBUG   [toctoc] 20 avisos vía json-ld
00:40:09 DEBUG   [toppropiedades] 1 avisos vía json-ld
00:40:11 DEBUG   [toppropiedades] 1 avisos vía json-ld
00:40:13 DEBUG   [toppropiedades] 1 avisos vía json-ld
00:40:13 INFO      toppropiedades: 8 avisos en 18s
00:40:13 INFO    Barriendo Hey! Homes (heyhomes)…
00:40:14 DEBUG   [houm] 28 avisos vía json-ld
00:40:16 DEBUG   [toctoc] 20 avisos vía json-ld
00:40:16 DEBUG   [heyhomes] 9 avisos vía tarjetas
00:40:16 INFO      heyhomes: 9 avisos en 3s
00:40:16 INFO    Barriendo Engel & Völkers (engelvoelkers)…
00:40:23 DEBUG   La red no quedó en silencio en https://houm.com/cl/arriendo-departamento-región-metropolitana/las-condes/170742; se lee igual
00:40:23 DEBUG   [houm] 1 avisos vía estado-embebido
00:40:24 DEBUG   [toctoc] 20 avisos vía json-ld
00:40:28 DEBUG   [engelvoelkers] 15 avisos vía tarjetas
00:40:28 INFO      engelvoelkers: 15 avisos en 12s
00:40:28 INFO    Barriendo RE/MAX Chile (remax)…
00:40:33 DEBUG   [toctoc] 4 avisos vía json-ld
00:40:33 INFO      toctoc: 104 avisos en 46s
00:40:33 INFO    Barriendo Fuenzalida Propiedades (fuenzalida)…
00:40:34 DEBUG   La red no quedó en silencio en https://houm.com/cl/arriendo-departamento-región-metropolitana/las-condes/175757; se lee igual
00:40:34 DEBUG   [houm] 1 avisos vía estado-embebido
00:40:36 DEBUG   [goplaceit] 30 avisos vía json-ld
00:40:36 DEBUG   [fuenzalida] 16 avisos vía tarjetas
00:40:38 DEBUG   [fuenzalida] 20 avisos vía tarjetas
00:40:38 INFO      remax: 0 avisos en 11s
00:40:38 INFO    Barriendo Century 21 Chile (century21)…
00:40:40 INFO      century21: 0 avisos en 1s
00:40:40 INFO    Barriendo Property Partners (propertypartners)…
00:40:40 DEBUG   [propertypartners] 1 avisos vía tarjetas
00:40:40 INFO      propertypartners: 1 avisos en 0s
00:40:40 INFO    Barriendo Acceso Inmobiliario (accesoinmobiliario)…
00:40:41 DEBUG   [fuenzalida] 20 avisos vía tarjetas
00:40:41 INFO      fuenzalida: 56 avisos en 8s
00:40:41 INFO    Barriendo Magnolia Property (magnoliaproperty)…
00:40:41 DEBUG   [magnoliaproperty] 6 avisos vía tarjetas
00:40:41 INFO      magnoliaproperty: 6 avisos en 1s
00:40:41 INFO    Barriendo Portilla Propiedades (portillapropiedades)…
00:40:42 DEBUG   [portillapropiedades] 2 avisos vía tarjetas
00:40:42 INFO      portillapropiedades: 2 avisos en 1s
00:40:42 INFO    Barriendo Nativo Propiedades (nativopropiedades)…
00:40:43 DEBUG   [nativopropiedades] 10 avisos vía tarjetas
00:40:43 INFO      nativopropiedades: 10 avisos en 1s
00:40:43 INFO    Barriendo Enlace Inmobiliario (enlaceinmobiliario)…
00:40:43 DEBUG   La red no quedó en silencio en https://houm.com/cl/arriendo-departamento-región-metropolitana/ñuñoa/164010; se lee igual
00:40:43 WARNING https://www.enlaceinmobiliario.cl/ respondió 403
00:40:43 INFO    [enlaceinmobiliario] https://www.enlaceinmobiliario.cl/ rebotó al GET; se reintenta con navegador
00:40:43 DEBUG   [houm] 1 avisos vía estado-embebido
00:40:45 DEBUG   [accesoinmobiliario] 16 avisos vía tarjetas
00:40:48 INFO      enlaceinmobiliario: 0 avisos en 5s
00:40:48 INFO    Barriendo Rentas.cl (rentas_cl)…
00:40:50 DEBUG   [accesoinmobiliario] 1 avisos vía tarjetas
00:40:50 DEBUG   [rentas_cl] 1 avisos vía json-ld
00:40:50 INFO      rentas_cl: 1 avisos en 2s
00:40:50 INFO    Barriendo Arriendos.cl (arriendos_cl)…
00:40:51 INFO      arriendos_cl: 0 avisos en 1s
00:40:51 INFO    Barriendo Propiedades.cl (propiedades_cl)…
00:40:52 DEBUG   [propiedades_cl] 6 avisos vía tarjetas
00:40:52 INFO      propiedades_cl: 6 avisos en 1s
00:40:52 INFO    Barriendo Clasificados.cl (clasificados_cl)…
00:40:54 DEBUG   La red no quedó en silencio en https://houm.com/cl/arriendo-departamento-región-metropolitana/ñuñoa/174379; se lee igual
00:40:54 DEBUG   [houm] 1 avisos vía estado-embebido
00:40:55 DEBUG   [clasificados_cl] 1 avisos vía tarjetas
00:40:55 INFO      clasificados_cl: 1 avisos en 3s
00:41:00 DEBUG   [accesoinmobiliario] 1 avisos vía tarjetas
00:41:03 DEBUG   La red no quedó en silencio en https://houm.com/cl/arriendo-departamento-región-metropolitana/recoleta/178185; se lee igual
00:41:03 DEBUG   [houm] 1 avisos vía estado-embebido
00:41:05 DEBUG   [accesoinmobiliario] 1 avisos vía tarjetas
00:41:11 DEBUG   La red no quedó en silencio en https://houm.com/cl/arriendo-departamento-región-metropolitana/las-condes/177842; se lee igual
00:41:11 DEBUG   [houm] 1 avisos vía estado-embebido
00:41:14 DEBUG   [goplaceit] 30 avisos vía json-ld
00:41:21 DEBUG   La red no quedó en silencio en https://houm.com/cl/arriendo-departamento-región-metropolitana/recoleta/176958; se lee igual
00:41:21 DEBUG   [houm] 1 avisos vía estado-embebido
00:41:22 DEBUG   [accesoinmobiliario] 1 avisos vía tarjetas
00:41:22 INFO      accesoinmobiliario: 20 avisos en 41s
00:41:29 DEBUG   La red no quedó en silencio en https://houm.com/cl/arriendo-departamento-región-metropolitana/recoleta/90462; se lee igual
00:41:29 DEBUG   [houm] 1 avisos vía estado-embebido
00:41:29 INFO      houm: 36 avisos en 81s
00:41:39 INFO      goplaceit: 90 avisos en 112s
00:41:39 INFO    Total crudo: 655 avisos
00:41:40 INFO    Después de deduplicar: 436
00:41:40 INFO    Pasaron los filtros: 45
00:42:02 DEBUG   [doomos] 16 avisos vía tarjetas
00:42:02 DEBUG   Ficha de YVT22 sin candidato propio; no se fusiona
00:42:03 DEBUG   Ficha de HW5MX sin candidato propio; no se fusiona
00:42:04 DEBUG   [doomos] 25 avisos vía tarjetas
00:42:04 DEBUG   Ficha de U44VT sin candidato propio; no se fusiona
00:42:06 DEBUG   [doomos] 25 avisos vía tarjetas
00:42:06 DEBUG   Ficha de KNAE9 sin candidato propio; no se fusiona
00:42:07 DEBUG   [doomos] 25 avisos vía tarjetas
00:42:07 DEBUG   Ficha de PR3QK sin candidato propio; no se fusiona
00:42:11 DEBUG   [doomos] 25 avisos vía tarjetas
00:42:11 DEBUG   Ficha de 2HWEW sin candidato propio; no se fusiona
00:42:12 DEBUG   [doomos] 25 avisos vía tarjetas
00:42:12 DEBUG   Ficha de ZWNAN sin candidato propio; no se fusiona
00:42:18 DEBUG   [toctoc] 1 avisos vía estado-embebido
00:42:22 INFO    Enriquecido y descartado: YAVJA (arriendo de $3.517.371 sobre el máximo negociable de $1.904.000)
00:42:26 INFO    Enriquecido y descartado: CC2AY (arriendo de $2.032.258 sobre el máximo negociable de $1.904.000)
00:42:27 DEBUG   [doomos] 16 avisos vía tarjetas
00:42:27 DEBUG   Ficha de J5JN4 sin candidato propio; no se fusiona
00:42:32 DEBUG   [toctoc] 1 avisos vía estado-embebido
00:42:37 DEBUG   [doomos] 25 avisos vía tarjetas
00:42:37 DEBUG   Ficha de P8XMT sin candidato propio; no se fusiona
00:42:41 DEBUG   [engelvoelkers] 1 avisos vía json-ld
00:42:42 DEBUG   [mitula] 3 avisos vía tarjetas
00:42:49 DEBUG   La red no quedó en silencio en https://www.toctoc.com/arriendo/departamento/metropolitana/vitacura/b_8e6e657f30127209018991e0ad1aa3be0153aa48; se lee igual
00:42:56 DEBUG   La red no quedó en silencio en https://www.toctoc.com/arriendo/departamento/metropolitana/vitacura/b_a3f11e3da22b023d55153cd78c67bf4d8e101cb9; se lee igual
00:42:56 DEBUG   [toctoc] 1 avisos vía estado-embebido
00:43:06 DEBUG   La red no quedó en silencio en https://www.toctoc.com/arriendo/departamento/metropolitana/vitacura/b_62313db937b2eb47fc03dd6bc00d3af11b5bf811; se lee igual
00:43:15 DEBUG   La red no quedó en silencio en https://www.toctoc.com/arriendo/departamento/metropolitana/vitacura/b_5acaafcd00128d3e4cb605d4f6d3b2f9454c00a2; se lee igual
00:43:30 DEBUG   [toctoc] 1 avisos vía estado-embebido
00:43:30 DEBUG   [chilepropiedades] 2 avisos vía json-ld
00:43:37 DEBUG   La red no quedó en silencio en https://www.toctoc.com/arriendo/departamento/metropolitana/vitacura/b_81160827e21945574de3036c9a6e70e4790b7427; se lee igual
00:44:17 DEBUG   La red no quedó en silencio en https://www.toctoc.com/arriendo/departamento/metropolitana/vitacura/b_dd470a6196689e0d8f0f051c723f233fb535a000; se lee igual
00:44:31 INFO    Enriquecido y descartado: 75BRH (arriendo de $2.931.142 sobre el máximo negociable de $1.904.000)
00:44:58 INFO    Enriquecido y descartado: 75BRH (arriendo de $1.954.095 sobre el máximo negociable de $1.904.000)
00:45:14 DEBUG   [toctoc] 1 avisos vía estado-embebido
00:45:24 DEBUG   [toctoc] 1 avisos vía estado-embebido
00:45:31 DEBUG   La red no quedó en silencio en https://www.toctoc.com/arriendo/departamento/metropolitana/vitacura/b_a980d8085ff1b8a8ad39918e8343fc77f14f4e9d; se lee igual
00:46:29 INFO    Enriquecido y descartado: 75BRH (arriendo de $4.299.009 sobre el máximo negociable de $1.904.000)
00:46:33 INFO    Fichas leídas: 45 — 0 ganaron el año, 0 la dirección; 5 se descartaron al verlas (0 por viejos)
00:46:34 INFO    Listo: 0 avisados de 40 candidatos
