19:33:40 INFO    UF = $40.871.14 (API del día)
19:33:40 INFO    Barriendo TocToc (toctoc)…
19:33:40 INFO    Barriendo Chilepropiedades (chilepropiedades)…
19:33:40 INFO    Barriendo GoPlaceIt (goplaceit)…
19:33:40 INFO    Barriendo Yapo (yapo)…
19:33:41 DEBUG   [chilepropiedades] 10 avisos vía tarjetas
19:33:42 DEBUG   [yapo] 30 avisos vía tarjetas
19:33:43 DEBUG   [chilepropiedades] 10 avisos vía tarjetas
19:33:44 DEBUG   [yapo] 30 avisos vía tarjetas
19:33:44 DEBUG   [goplaceit] 30 avisos vía json-ld
19:33:45 DEBUG   [chilepropiedades] 10 avisos vía tarjetas
19:33:45 INFO      chilepropiedades: 30 avisos en 5s
19:33:45 INFO    Barriendo BuscoNido (busconido)…
19:33:46 DEBUG   [busconido] 23 avisos vía tarjetas
19:33:46 INFO      busconido: 23 avisos en 1s
19:33:46 INFO    Barriendo BienesOnline (bienesonline)…
19:33:47 DEBUG   [yapo] 30 avisos vía tarjetas
19:33:47 INFO      yapo: 90 avisos en 6s
19:33:47 INFO    Barriendo Economicos (El Mercurio) (economicos)…
19:33:47 DEBUG   [bienesonline] 2 avisos vía tarjetas
19:33:47 INFO      bienesonline: 2 avisos en 1s
19:33:47 INFO    Barriendo iCasas (icasas)…
19:33:47 WARNING https://www.economicos.cl/search/propiedades/vitacura/arriendo/departamento/0 respondió 403
19:33:47 INFO    [economicos] https://www.economicos.cl/search/propiedades/vitacura/arriendo/departamento/0 rebotó al GET; se reintenta con navegador
19:33:48 DEBUG   [icasas] 15 avisos vía tarjetas
19:33:48 DEBUG   La red no quedó en silencio en https://www.toctoc.com/arriendo/departamento/metropolitana/vitacura/3-dormitorios; se lee igual
19:33:49 DEBUG   [toctoc] 20 avisos vía json-ld
19:33:49 INFO      economicos: 0 avisos en 3s
19:33:49 INFO    Barriendo Doomos (doomos)…
19:33:50 DEBUG   [icasas] 15 avisos vía tarjetas
19:33:50 INFO      icasas: 30 avisos en 3s
19:33:50 INFO    Barriendo Top Propiedades (toppropiedades)…
19:33:50 WARNING https://www.doomos.cl/departamentos-vitacura-arriendo respondió 403
19:33:50 INFO    [doomos] https://www.doomos.cl/departamentos-vitacura-arriendo rebotó al GET; se reintenta con navegador
19:33:51 INFO      doomos: 0 avisos en 1s
19:33:51 INFO    Barriendo Nuroa (nuroa)…
19:33:51 DEBUG   Encoding detection: ascii is most likely the one.
19:33:52 DEBUG   [nuroa] 25 avisos vía json-ld
19:33:53 DEBUG   [toppropiedades] 1 avisos vía json-ld
19:33:55 DEBUG   [nuroa] 25 avisos vía json-ld
19:33:55 DEBUG   [toppropiedades] 1 avisos vía json-ld
19:33:56 DEBUG   La red no quedó en silencio en https://www.toctoc.com/arriendo/departamento/metropolitana/vitacura/3-dormitorios?pagina=2; se lee igual
19:33:56 DEBUG   [nuroa] 25 avisos vía json-ld
19:33:57 DEBUG   [toctoc] 20 avisos vía json-ld
19:33:57 DEBUG   [toppropiedades] 1 avisos vía json-ld
19:33:58 DEBUG   [nuroa] 25 avisos vía json-ld
19:33:59 INFO      nuroa: 100 avisos en 8s
19:33:59 INFO    Barriendo Mitula (mitula)…
19:33:59 DEBUG   [toppropiedades] 1 avisos vía json-ld
19:34:00 DEBUG   [mitula] 30 avisos vía json-ld
19:34:01 DEBUG   [toppropiedades] 1 avisos vía json-ld
19:34:02 DEBUG   [mitula] 30 avisos vía json-ld
19:34:03 INFO      mitula: 60 avisos en 4s
19:34:03 INFO    Barriendo Houm (houm)…
19:34:03 DEBUG   [toppropiedades] 1 avisos vía json-ld
19:34:04 DEBUG   La red no quedó en silencio en https://www.toctoc.com/arriendo/departamento/metropolitana/vitacura/3-dormitorios?pagina=3; se lee igual
19:34:05 DEBUG   [toctoc] 65 avisos vía json-ld
19:34:05 DEBUG   [toppropiedades] 1 avisos vía json-ld
19:34:07 DEBUG   [toppropiedades] 1 avisos vía json-ld
19:34:07 INFO      toppropiedades: 8 avisos en 18s
19:34:07 INFO    Barriendo Hey! Homes (heyhomes)…
19:34:10 DEBUG   [heyhomes] 9 avisos vía tarjetas
19:34:10 INFO      heyhomes: 9 avisos en 3s
19:34:10 INFO    Barriendo Engel & Völkers (engelvoelkers)…
19:34:11 DEBUG   La red no quedó en silencio en https://houm.com/cl/arriendo-departamentos-region-metropolitana/vitacura/3-dormitorios; se lee igual
19:34:12 DEBUG   [houm] 28 avisos vía json-ld
19:34:16 DEBUG   [toctoc] 20 avisos vía json-ld
19:34:19 DEBUG   [engelvoelkers] 17 avisos vía tarjetas
19:34:19 INFO      engelvoelkers: 17 avisos en 8s
19:34:19 INFO    Barriendo RE/MAX Chile (remax)…
19:34:24 DEBUG   La red no quedó en silencio en https://houm.com/cl/arriendo-departamento-región-metropolitana/las-condes/170742; se lee igual
19:34:24 DEBUG   [houm] 1 avisos vía estado-embebido
19:34:24 DEBUG   [toctoc] 20 avisos vía json-ld
19:34:27 DEBUG   [goplaceit] 30 avisos vía json-ld
19:34:27 INFO      remax: 0 avisos en 9s
19:34:27 INFO    Barriendo Fuenzalida Propiedades (fuenzalida)…
19:34:30 DEBUG   [fuenzalida] 16 avisos vía tarjetas
19:34:33 DEBUG   [fuenzalida] 20 avisos vía tarjetas
19:34:34 DEBUG   La red no quedó en silencio en https://houm.com/cl/arriendo-departamento-región-metropolitana/las-condes/175757; se lee igual
19:34:34 DEBUG   [toctoc] 5 avisos vía json-ld
19:34:34 INFO      toctoc: 150 avisos en 54s
19:34:34 INFO    Barriendo Century 21 Chile (century21)…
19:34:34 DEBUG   [houm] 1 avisos vía estado-embebido
19:34:36 DEBUG   [fuenzalida] 20 avisos vía tarjetas
19:34:36 INFO      fuenzalida: 56 avisos en 8s
19:34:36 INFO    Barriendo Property Partners (propertypartners)…
19:34:36 INFO      century21: 0 avisos en 2s
19:34:36 INFO    Barriendo Acceso Inmobiliario (accesoinmobiliario)…
19:34:36 DEBUG   [propertypartners] 1 avisos vía tarjetas
19:34:36 INFO      propertypartners: 1 avisos en 0s
19:34:36 INFO    Barriendo Magnolia Property (magnoliaproperty)…
19:34:37 DEBUG   [magnoliaproperty] 6 avisos vía tarjetas
19:34:37 INFO      magnoliaproperty: 6 avisos en 1s
19:34:37 INFO    Barriendo Portilla Propiedades (portillapropiedades)…
19:34:38 DEBUG   [portillapropiedades] 2 avisos vía tarjetas
19:34:38 INFO      portillapropiedades: 2 avisos en 1s
19:34:38 INFO    Barriendo Nativo Propiedades (nativopropiedades)…
19:34:38 DEBUG   [nativopropiedades] 7 avisos vía tarjetas
19:34:38 INFO      nativopropiedades: 7 avisos en 1s
19:34:38 INFO    Barriendo Enlace Inmobiliario (enlaceinmobiliario)…
19:34:39 WARNING https://www.enlaceinmobiliario.cl/ respondió 403
19:34:39 INFO    [enlaceinmobiliario] https://www.enlaceinmobiliario.cl/ rebotó al GET; se reintenta con navegador
19:34:40 DEBUG   [accesoinmobiliario] 16 avisos vía tarjetas
19:34:42 DEBUG   La red no quedó en silencio en https://houm.com/cl/arriendo-departamento-región-metropolitana/ñuñoa/176912; se lee igual
19:34:42 DEBUG   [houm] 1 avisos vía estado-embebido
19:34:42 INFO      enlaceinmobiliario: 0 avisos en 4s
19:34:42 INFO    Barriendo Rentas.cl (rentas_cl)…
19:34:44 DEBUG   [accesoinmobiliario] 1 avisos vía tarjetas
19:34:45 DEBUG   [rentas_cl] 1 avisos vía json-ld
19:34:45 INFO      rentas_cl: 1 avisos en 2s
19:34:45 INFO    Barriendo Arriendos.cl (arriendos_cl)…
19:34:45 INFO      arriendos_cl: 0 avisos en 1s
19:34:45 INFO    Barriendo Propiedades.cl (propiedades_cl)…
19:34:46 DEBUG   [propiedades_cl] 6 avisos vía tarjetas
19:34:46 INFO      propiedades_cl: 6 avisos en 1s
19:34:46 INFO    Barriendo Clasificados.cl (clasificados_cl)…
19:34:48 DEBUG   [accesoinmobiliario] 1 avisos vía tarjetas
19:34:49 DEBUG   [clasificados_cl] 1 avisos vía tarjetas
19:34:49 INFO      clasificados_cl: 1 avisos en 2s
19:34:52 DEBUG   La red no quedó en silencio en https://houm.com/cl/arriendo-departamento-región-metropolitana/ñuñoa/174379; se lee igual
19:34:52 DEBUG   [houm] 1 avisos vía estado-embebido
19:34:54 DEBUG   [accesoinmobiliario] 1 avisos vía tarjetas
19:35:00 DEBUG   La red no quedó en silencio en https://houm.com/cl/arriendo-departamento-región-metropolitana/recoleta/178185; se lee igual
19:35:00 DEBUG   [houm] 1 avisos vía estado-embebido
19:35:06 DEBUG   [accesoinmobiliario] 1 avisos vía tarjetas
19:35:09 DEBUG   La red no quedó en silencio en https://houm.com/cl/arriendo-departamento-región-metropolitana/las-condes/177842; se lee igual
19:35:09 DEBUG   [houm] 1 avisos vía estado-embebido
19:35:11 DEBUG   [accesoinmobiliario] 1 avisos vía tarjetas
19:35:11 INFO      accesoinmobiliario: 21 avisos en 35s
19:35:14 DEBUG   [goplaceit] 30 avisos vía json-ld
19:35:17 DEBUG   La red no quedó en silencio en https://houm.com/cl/arriendo-departamento-región-metropolitana/recoleta/176958; se lee igual
19:35:17 DEBUG   [houm] 1 avisos vía estado-embebido
19:35:24 DEBUG   La red no quedó en silencio en https://houm.com/cl/arriendo-departamento-región-metropolitana/recoleta/90462; se lee igual
19:35:25 DEBUG   [houm] 1 avisos vía estado-embebido
19:35:25 INFO      houm: 36 avisos en 82s
19:35:39 INFO      goplaceit: 90 avisos en 119s
19:35:39 INFO    Total crudo: 746 avisos
19:35:39 INFO    Después de deduplicar: 431
19:35:39 INFO    Pasaron los filtros: 67
19:36:37 DEBUG   Ficha de HW5MX sin candidato propio; no se fusiona
19:36:38 WARNING Se pasó del tiempo al abrir http://GG.CC (Error); se lee lo que alcanzó a llegar
19:36:42 DEBUG   [toctoc] 1 avisos vía estado-embebido
19:36:43 DEBUG   [busconido] 11 avisos vía tarjetas
19:36:43 DEBUG   Ficha de 8EPNP sin candidato propio; no se fusiona
19:36:45 DEBUG   [busconido] 11 avisos vía tarjetas
19:36:45 DEBUG   Ficha de YYHED sin candidato propio; no se fusiona
19:36:47 DEBUG   [busconido] 10 avisos vía tarjetas
19:36:47 DEBUG   Ficha de 7GC3T sin candidato propio; no se fusiona
19:36:49 DEBUG   [busconido] 11 avisos vía tarjetas
19:36:49 DEBUG   Ficha de YF5CG sin candidato propio; no se fusiona
19:36:51 DEBUG   [busconido] 5 avisos vía tarjetas
19:36:51 DEBUG   Ficha de 263YQ sin candidato propio; no se fusiona
19:36:53 DEBUG   [busconido] 10 avisos vía tarjetas
19:36:53 DEBUG   Ficha de K56PQ sin candidato propio; no se fusiona
19:36:55 DEBUG   [busconido] 11 avisos vía tarjetas
19:36:55 DEBUG   Ficha de AK7SS sin candidato propio; no se fusiona
19:36:57 DEBUG   [busconido] 11 avisos vía tarjetas
19:36:57 DEBUG   Ficha de W7NQZ sin candidato propio; no se fusiona
19:36:59 DEBUG   [busconido] 10 avisos vía tarjetas
19:36:59 DEBUG   Ficha de 8Z6BV sin candidato propio; no se fusiona
19:37:01 DEBUG   [busconido] 11 avisos vía tarjetas
19:37:01 DEBUG   Ficha de ZXRB3 sin candidato propio; no se fusiona
19:37:03 DEBUG   [busconido] 10 avisos vía tarjetas
19:37:03 DEBUG   Ficha de 67ACN sin candidato propio; no se fusiona
19:37:05 DEBUG   [busconido] 11 avisos vía tarjetas
19:37:05 DEBUG   Ficha de CJP3F sin candidato propio; no se fusiona
19:37:07 DEBUG   [busconido] 10 avisos vía tarjetas
19:37:07 DEBUG   Ficha de SMCCK sin candidato propio; no se fusiona
19:37:11 DEBUG   [toctoc] 1 avisos vía estado-embebido
19:37:11 INFO    Enriquecido y descartado: 42KXU (arriendo de $3.269.691 sobre el máximo negociable de $1.904.000)
19:37:11 DEBUG   [busconido] 10 avisos vía tarjetas
19:37:11 DEBUG   Ficha de BE893 sin candidato propio; no se fusiona
19:37:15 DEBUG   Pin del mapa para B8V89: -33.37497, -70.52501
19:37:15 DEBUG   [toctoc] 1 avisos vía estado-embebido
19:37:15 INFO    Enriquecido y descartado: 82VWD (arriendo de $2.370.526 sobre el máximo negociable de $1.904.000)
19:37:21 DEBUG   Pin del mapa para ERRDS: -33.40255, -70.59464
19:37:21 DEBUG   [toctoc] 1 avisos vía estado-embebido
19:37:21 INFO    Enriquecido y descartado: TT59B (arriendo de $5.068.021 sobre el máximo negociable de $1.904.000)
19:37:27 DEBUG   [toctoc] 1 avisos vía estado-embebido
19:37:27 INFO    Enriquecido y descartado: BXBRK (arriendo de $3.065.336 sobre el máximo negociable de $1.904.000)
19:37:31 DEBUG   [toctoc] 1 avisos vía estado-embebido
19:37:31 INFO    Enriquecido y descartado: 4PNXC (arriendo de $3.065.336 sobre el máximo negociable de $1.904.000)
19:37:36 DEBUG   [toctoc] 1 avisos vía estado-embebido
19:37:36 INFO    Enriquecido y descartado: QTDYS (arriendo de $3.269.691 sobre el máximo negociable de $1.904.000)
19:37:40 DEBUG   [toctoc] 1 avisos vía estado-embebido
19:37:45 DEBUG   [mitula] 3 avisos vía tarjetas
19:37:48 DEBUG   [engelvoelkers] 1 avisos vía json-ld
19:37:54 DEBUG   [toctoc] 1 avisos vía estado-embebido
19:37:59 DEBUG   [toctoc] 1 avisos vía estado-embebido
19:38:07 DEBUG   [toctoc] 1 avisos vía estado-embebido
19:38:12 DEBUG   [toctoc] 1 avisos vía estado-embebido
19:38:12 DEBUG   [chilepropiedades] 2 avisos vía json-ld
19:38:17 DEBUG   [toctoc] 1 avisos vía estado-embebido
19:38:21 DEBUG   [toctoc] 1 avisos vía estado-embebido
19:38:21 INFO    Enriquecido y descartado: QKSRR (arriendo de $3.474.047 sobre el máximo negociable de $1.904.000)
19:38:26 INFO    Enriquecido y descartado: 75BRH (arriendo de $2.931.142 sobre el máximo negociable de $1.904.000)
19:38:50 INFO    Enriquecido y descartado: 75BRH (arriendo de $2.149.504 sobre el máximo negociable de $1.904.000)
19:38:58 INFO    Enriquecido y descartado: 75BRH (arriendo de $1.954.095 sobre el máximo negociable de $1.904.000)
19:39:15 DEBUG   [toctoc] 1 avisos vía estado-embebido
19:39:19 DEBUG   [toctoc] 1 avisos vía estado-embebido
19:39:24 DEBUG   [toctoc] 1 avisos vía estado-embebido
19:39:24 INFO    Enriquecido y descartado: 4V73Z (arriendo de $4.700.181 sobre el máximo negociable de $1.904.000)
19:39:29 DEBUG   [toctoc] 1 avisos vía estado-embebido
19:39:29 INFO    Enriquecido y descartado: 8YSPF (arriendo de $4.500.000 sobre el máximo negociable de $1.904.000)
19:39:34 DEBUG   [toctoc] 1 avisos vía estado-embebido
19:39:34 INFO    Enriquecido y descartado: JUGWX (arriendo de $2.166.170 sobre el máximo negociable de $1.904.000)
19:39:40 DEBUG   [toctoc] 1 avisos vía estado-embebido
19:39:40 INFO    Enriquecido y descartado: 3N59D (arriendo de $3.065.336 sobre el máximo negociable de $1.904.000)
19:39:46 DEBUG   [toctoc] 1 avisos vía estado-embebido
19:39:46 INFO    Enriquecido y descartado: JKM2T (arriendo de $2.574.882 sobre el máximo negociable de $1.904.000)
19:39:51 DEBUG   [toctoc] 1 avisos vía estado-embebido
19:39:51 INFO    Enriquecido y descartado: 8QS4E (arriendo de $3.269.691 sobre el máximo negociable de $1.904.000)
19:40:01 DEBUG   La red no quedó en silencio en https://www.toctoc.com/arriendo/departamento/metropolitana/vitacura/b_03ecfd136674f0a5db3fdc6deb27e17d6ffcf563; se lee igual
19:40:01 DEBUG   [toctoc] 1 avisos vía estado-embebido
19:40:01 INFO    Enriquecido y descartado: Y77D2 (arriendo de $2.002.686 sobre el máximo negociable de $1.904.000)
19:40:05 DEBUG   [toctoc] 1 avisos vía estado-embebido
19:40:05 INFO    Enriquecido y descartado: KWC9W (arriendo de $3.082.000 sobre el máximo negociable de $1.904.000)
19:40:10 DEBUG   [toctoc] 1 avisos vía estado-embebido
19:40:14 DEBUG   [toctoc] 1 avisos vía estado-embebido
19:40:18 DEBUG   [toctoc] 1 avisos vía estado-embebido
19:40:22 DEBUG   [toctoc] 1 avisos vía estado-embebido
19:40:27 INFO    Enriquecido y descartado: 75BRH (arriendo de $4.611.664 sobre el máximo negociable de $1.904.000)
19:40:35 DEBUG   [toctoc] 1 avisos vía estado-embebido
19:40:35 INFO    Fichas leídas: 67 — 0 ganaron el año, 2 la dirección; 19 se descartaron al verlas (0 por viejos)
19:40:36 INFO    Listo: 0 avisados de 48 candidatos
