21:29:15 INFO    UF = $41.065.38 (API del día)
21:29:15 INFO    Barriendo TocToc (toctoc)…
21:29:15 INFO    Barriendo Chilepropiedades (chilepropiedades)…
21:29:15 INFO    Barriendo GoPlaceIt (goplaceit)…
21:29:15 INFO    Barriendo Yapo (yapo)…
21:29:15 WARNING https://www.yapo.cl/bienes-raices-alquiler-apartamentos/region-metropolitana-vitacura respondió 403
21:29:15 INFO    [yapo] https://www.yapo.cl/bienes-raices-alquiler-apartamentos/region-metropolitana-vitacura rebotó al GET; se reintenta con navegador
21:29:15 DEBUG   [chilepropiedades] 10 avisos vía tarjetas
21:29:17 DEBUG   [chilepropiedades] 10 avisos vía tarjetas
21:29:19 DEBUG   [chilepropiedades] 10 avisos vía tarjetas
21:29:19 INFO      chilepropiedades: 30 avisos en 5s
21:29:19 INFO    Barriendo BuscoNido (busconido)…
21:29:20 DEBUG   [busconido] 23 avisos vía tarjetas
21:29:20 INFO      busconido: 23 avisos en 1s
21:29:20 INFO    Barriendo BienesOnline (bienesonline)…
21:29:21 DEBUG   [bienesonline] 12 avisos vía tarjetas
21:29:21 INFO      bienesonline: 12 avisos en 1s
21:29:21 INFO    Barriendo Economicos (El Mercurio) (economicos)…
21:29:21 WARNING https://www.economicos.cl/search/propiedades/vitacura/arriendo/departamento/0 respondió 403
21:29:21 INFO    [economicos] https://www.economicos.cl/search/propiedades/vitacura/arriendo/departamento/0 rebotó al GET; se reintenta con navegador
21:29:22 DEBUG   La red no quedó en silencio en https://www.yapo.cl/bienes-raices-alquiler-apartamentos/region-metropolitana-vitacura; se lee igual
21:29:22 INFO      yapo: 0 avisos en 7s
21:29:22 INFO    Barriendo iCasas (icasas)…
21:29:22 DEBUG   La red no quedó en silencio en https://www.toctoc.com/arriendo/departamento/metropolitana/vitacura/3-dormitorios; se lee igual
21:29:23 DEBUG   [icasas] 15 avisos vía tarjetas
21:29:23 DEBUG   [toctoc] 20 avisos vía json-ld
21:29:24 INFO      economicos: 0 avisos en 3s
21:29:24 INFO    Barriendo Doomos (doomos)…
21:29:25 DEBUG   [icasas] 15 avisos vía tarjetas
21:29:25 INFO      icasas: 30 avisos en 3s
21:29:25 INFO    Barriendo Top Propiedades (toppropiedades)…
21:29:26 DEBUG   [goplaceit] 30 avisos vía json-ld
21:29:28 DEBUG   [toppropiedades] 1 avisos vía json-ld
21:29:30 DEBUG   [toppropiedades] 1 avisos vía json-ld
21:29:30 DEBUG   [doomos] 33 avisos vía tarjetas
21:29:31 INFO      doomos: 33 avisos en 6s
21:29:31 INFO    Barriendo Nuroa (nuroa)…
21:29:31 DEBUG   Encoding detection: ascii is most likely the one.
21:29:31 DEBUG   La red no quedó en silencio en https://www.toctoc.com/arriendo/departamento/metropolitana/vitacura/3-dormitorios?pagina=2; se lee igual
21:29:32 DEBUG   [toctoc] 20 avisos vía json-ld
21:29:32 DEBUG   [nuroa] 25 avisos vía json-ld
21:29:32 DEBUG   [toppropiedades] 1 avisos vía json-ld
21:29:34 DEBUG   [nuroa] 25 avisos vía json-ld
21:29:34 DEBUG   [toppropiedades] 1 avisos vía json-ld
21:29:36 DEBUG   [nuroa] 25 avisos vía json-ld
21:29:36 DEBUG   [toppropiedades] 1 avisos vía json-ld
21:29:38 DEBUG   [nuroa] 25 avisos vía json-ld
21:29:38 INFO      nuroa: 100 avisos en 7s
21:29:38 INFO    Barriendo Mitula (mitula)…
21:29:38 DEBUG   [toppropiedades] 1 avisos vía json-ld
21:29:38 DEBUG   [toctoc] 15 avisos vía json-ld
21:29:40 DEBUG   [mitula] 30 avisos vía json-ld
21:29:40 DEBUG   [toppropiedades] 1 avisos vía json-ld
21:29:41 DEBUG   [mitula] 30 avisos vía json-ld
21:29:42 INFO      mitula: 60 avisos en 4s
21:29:42 INFO    Barriendo Houm (houm)…
21:29:42 DEBUG   [toppropiedades] 1 avisos vía json-ld
21:29:42 INFO      toppropiedades: 8 avisos en 18s
21:29:42 INFO    Barriendo Hey! Homes (heyhomes)…
21:29:45 DEBUG   [heyhomes] 9 avisos vía tarjetas
21:29:45 INFO      heyhomes: 9 avisos en 3s
21:29:45 INFO    Barriendo Engel & Völkers (engelvoelkers)…
21:29:45 DEBUG   La red no quedó en silencio en https://www.toctoc.com/arriendo/departamento/metropolitana/vitacura/4-dormitorios; se lee igual
21:29:46 DEBUG   [toctoc] 20 avisos vía json-ld
21:29:49 DEBUG   La red no quedó en silencio en https://houm.com/cl/arriendo-departamentos-region-metropolitana/vitacura/3-dormitorios; se lee igual
21:29:50 DEBUG   [houm] 28 avisos vía json-ld
21:29:53 DEBUG   [engelvoelkers] 16 avisos vía tarjetas
21:29:53 INFO      engelvoelkers: 16 avisos en 8s
21:29:53 INFO    Barriendo RE/MAX Chile (remax)…
21:29:56 DEBUG   La red no quedó en silencio en https://www.toctoc.com/arriendo/departamento/metropolitana/vitacura/4-dormitorios?pagina=2; se lee igual
21:29:57 DEBUG   [toctoc] 20 avisos vía json-ld
21:30:00 INFO      remax: 0 avisos en 7s
21:30:00 INFO    Barriendo Fuenzalida Propiedades (fuenzalida)…
21:30:04 DEBUG   La red no quedó en silencio en https://houm.com/cl/arriendo-departamento-región-metropolitana/las-condes/170742; se lee igual
21:30:04 DEBUG   [houm] 1 avisos vía estado-embebido
21:30:07 DEBUG   La red no quedó en silencio en https://www.toctoc.com/arriendo/departamento/metropolitana/vitacura/4-dormitorios?pagina=3; se lee igual
21:30:07 DEBUG   [toctoc] 20 avisos vía json-ld
21:30:07 INFO      toctoc: 115 avisos en 53s
21:30:07 INFO    Barriendo Century 21 Chile (century21)…
21:30:08 DEBUG   [goplaceit] 30 avisos vía json-ld
21:30:09 INFO      century21: 0 avisos en 2s
21:30:09 INFO    Barriendo Property Partners (propertypartners)…
21:30:09 DEBUG   [propertypartners] 1 avisos vía tarjetas
21:30:09 INFO      propertypartners: 1 avisos en 0s
21:30:09 INFO    Barriendo Acceso Inmobiliario (accesoinmobiliario)…
21:30:14 DEBUG   La red no quedó en silencio en https://houm.com/cl/arriendo-departamento-región-metropolitana/lo-barnechea/74201; se lee igual
21:30:15 DEBUG   [houm] 1 avisos vía estado-embebido
21:30:16 DEBUG   [accesoinmobiliario] 16 avisos vía tarjetas
21:30:18 DEBUG   [fuenzalida] 16 avisos vía tarjetas
21:30:21 DEBUG   [accesoinmobiliario] 1 avisos vía tarjetas
21:30:24 DEBUG   La red no quedó en silencio en https://houm.com/cl/arriendo-departamento-región-metropolitana/recoleta/179872; se lee igual
21:30:24 DEBUG   [houm] 1 avisos vía estado-embebido
21:30:25 DEBUG   [accesoinmobiliario] 1 avisos vía tarjetas
21:30:31 DEBUG   [fuenzalida] 20 avisos vía tarjetas
21:30:31 DEBUG   [accesoinmobiliario] 1 avisos vía tarjetas
21:30:32 DEBUG   La red no quedó en silencio en https://houm.com/cl/arriendo-departamento-región-metropolitana/recoleta/178185; se lee igual
21:30:32 DEBUG   [houm] 1 avisos vía estado-embebido
21:30:34 DEBUG   [accesoinmobiliario] 1 avisos vía tarjetas
21:30:41 DEBUG   La red no quedó en silencio en https://houm.com/cl/arriendo-departamento-región-metropolitana/recoleta/176207; se lee igual
21:30:41 DEBUG   [houm] 1 avisos vía estado-embebido
21:30:42 DEBUG   [fuenzalida] 20 avisos vía tarjetas
21:30:42 INFO      fuenzalida: 56 avisos en 42s
21:30:42 INFO    Barriendo Magnolia Property (magnoliaproperty)…
21:30:43 DEBUG   [magnoliaproperty] 6 avisos vía tarjetas
21:30:43 INFO      magnoliaproperty: 6 avisos en 1s
21:30:43 INFO    Barriendo Portilla Propiedades (portillapropiedades)…
21:30:43 DEBUG   [accesoinmobiliario] 1 avisos vía tarjetas
21:30:44 DEBUG   [portillapropiedades] 2 avisos vía tarjetas
21:30:44 INFO      portillapropiedades: 2 avisos en 1s
21:30:44 INFO    Barriendo Nativo Propiedades (nativopropiedades)…
21:30:44 DEBUG   [nativopropiedades] 10 avisos vía tarjetas
21:30:44 INFO      nativopropiedades: 10 avisos en 1s
21:30:44 INFO    Barriendo Enlace Inmobiliario (enlaceinmobiliario)…
21:30:45 WARNING https://www.enlaceinmobiliario.cl/ respondió 403
21:30:45 INFO    [enlaceinmobiliario] https://www.enlaceinmobiliario.cl/ rebotó al GET; se reintenta con navegador
21:30:46 DEBUG   [goplaceit] 30 avisos vía json-ld
21:30:49 DEBUG   La red no quedó en silencio en https://houm.com/cl/arriendo-departamento-región-metropolitana/las-condes/177842; se lee igual
21:30:49 DEBUG   [houm] 1 avisos vía estado-embebido
21:30:55 DEBUG   La red no quedó en silencio en https://www.enlaceinmobiliario.cl/; se lee igual
21:30:55 INFO      enlaceinmobiliario: 0 avisos en 10s
21:30:55 INFO    Barriendo Rentas.cl (rentas_cl)…
21:30:57 DEBUG   [rentas_cl] 1 avisos vía json-ld
21:30:57 INFO      rentas_cl: 1 avisos en 2s
21:30:57 INFO    Barriendo Arriendos.cl (arriendos_cl)…
21:30:58 INFO      arriendos_cl: 0 avisos en 1s
21:30:58 INFO    Barriendo Propiedades.cl (propiedades_cl)…
21:30:58 DEBUG   [propiedades_cl] 6 avisos vía tarjetas
21:30:58 INFO      propiedades_cl: 6 avisos en 1s
21:30:58 INFO    Barriendo Clasificados.cl (clasificados_cl)…
21:31:01 DEBUG   [accesoinmobiliario] 1 avisos vía tarjetas
21:31:01 INFO      accesoinmobiliario: 22 avisos en 51s
21:31:02 DEBUG   [clasificados_cl] 1 avisos vía tarjetas
21:31:02 INFO      clasificados_cl: 1 avisos en 3s
21:31:02 DEBUG   La red no quedó en silencio en https://houm.com/cl/arriendo-departamento-región-metropolitana/recoleta/176958; se lee igual
21:31:02 DEBUG   [houm] 1 avisos vía estado-embebido
21:31:09 DEBUG   La red no quedó en silencio en https://houm.com/cl/arriendo-departamento-región-metropolitana/recoleta/90462; se lee igual
21:31:09 DEBUG   [houm] 1 avisos vía estado-embebido
21:31:09 INFO      houm: 36 avisos en 88s
21:31:15 INFO      goplaceit: 90 avisos en 121s
21:31:15 INFO    Total crudo: 667 avisos
21:31:16 INFO    Después de deduplicar: 483
21:31:16 INFO    Pasaron los filtros: 56
21:31:34 DEBUG   [doomos] 18 avisos vía tarjetas
21:31:34 DEBUG   Ficha de YVT22 sin candidato propio; no se fusiona
21:31:37 DEBUG   Ficha de HW5MX sin candidato propio; no se fusiona
21:31:40 DEBUG   [doomos] 27 avisos vía tarjetas
21:31:40 DEBUG   Ficha de U44VT sin candidato propio; no se fusiona
21:31:42 DEBUG   [doomos] 27 avisos vía tarjetas
21:31:42 DEBUG   Ficha de KNAE9 sin candidato propio; no se fusiona
21:31:44 DEBUG   [doomos] 27 avisos vía tarjetas
21:31:44 DEBUG   Ficha de PR3QK sin candidato propio; no se fusiona
21:31:46 DEBUG   [doomos] 27 avisos vía tarjetas
21:31:46 DEBUG   Ficha de 2HWEW sin candidato propio; no se fusiona
21:31:48 DEBUG   [doomos] 27 avisos vía tarjetas
21:31:48 DEBUG   Ficha de ZWNAN sin candidato propio; no se fusiona
21:31:52 DEBUG   [toctoc] 1 avisos vía estado-embebido
21:31:53 DEBUG   [busconido] 11 avisos vía tarjetas
21:31:53 DEBUG   Ficha de PEFRY sin candidato propio; no se fusiona
21:31:54 DEBUG   [busconido] 10 avisos vía tarjetas
21:31:54 DEBUG   Ficha de G8RYE sin candidato propio; no se fusiona
21:31:56 DEBUG   [busconido] 10 avisos vía tarjetas
21:31:56 DEBUG   Ficha de 5QRMA sin candidato propio; no se fusiona
21:31:58 DEBUG   [busconido] 10 avisos vía tarjetas
21:31:58 DEBUG   Ficha de 8MNYE sin candidato propio; no se fusiona
21:32:00 DEBUG   [busconido] 11 avisos vía tarjetas
21:32:00 DEBUG   Ficha de 6YUHY sin candidato propio; no se fusiona
21:32:02 DEBUG   [doomos] 27 avisos vía tarjetas
21:32:02 DEBUG   Ficha de FQ6XQ sin candidato propio; no se fusiona
21:32:03 DEBUG   [busconido] 10 avisos vía tarjetas
21:32:03 DEBUG   Ficha de HGG77 sin candidato propio; no se fusiona
21:32:05 DEBUG   [busconido] 10 avisos vía tarjetas
21:32:05 DEBUG   Ficha de U8U6G sin candidato propio; no se fusiona
21:32:09 INFO    Enriquecido y descartado: YAVJA (arriendo de $3.517.371 sobre el máximo negociable de $1.904.000)
21:32:19 INFO    Enriquecido y descartado: CC2AY (arriendo de $2.032.258 sobre el máximo negociable de $1.904.000)
21:32:20 DEBUG   [busconido] 10 avisos vía tarjetas
21:32:20 DEBUG   Ficha de AJ8FF sin candidato propio; no se fusiona
21:32:22 DEBUG   [busconido] 11 avisos vía tarjetas
21:32:22 DEBUG   Ficha de VQADQ sin candidato propio; no se fusiona
21:32:29 DEBUG   [doomos] 18 avisos vía tarjetas
21:32:29 DEBUG   Ficha de J5JN4 sin candidato propio; no se fusiona
21:32:36 DEBUG   [engelvoelkers] 1 avisos vía json-ld
21:32:42 DEBUG   [doomos] 27 avisos vía tarjetas
21:32:42 DEBUG   Ficha de P8XMT sin candidato propio; no se fusiona
21:32:43 DEBUG   [chilepropiedades] 2 avisos vía json-ld
21:32:46 DEBUG   [toctoc] 1 avisos vía estado-embebido
21:32:50 DEBUG   [toctoc] 1 avisos vía estado-embebido
21:32:54 DEBUG   [toctoc] 1 avisos vía estado-embebido
21:33:02 DEBUG   [toctoc] 1 avisos vía estado-embebido
21:33:06 DEBUG   [toctoc] 1 avisos vía estado-embebido
21:33:09 DEBUG   [toctoc] 1 avisos vía estado-embebido
21:33:31 INFO    Enriquecido y descartado: 75BRH (arriendo de $2.149.504 sobre el máximo negociable de $1.904.000)
21:33:35 INFO    Enriquecido y descartado: 75BRH (arriendo de $1.954.095 sobre el máximo negociable de $1.904.000)
21:33:52 DEBUG   [toctoc] 1 avisos vía estado-embebido
21:33:56 WARNING robots.txt no permite https://www.nuroa.cl/adform/10342-912-3e9b-1a0e30e-bd4c-4f30fb45531b-7a22?click_type=0&pos=16&searchType=1&page=1&section=1&t_sec=1&sectionType=1&pageViewId=e881c0d0-9ffe-4c51-8548-0339eadbecb7&t_pvid=e881c0d0-9ffe-4c51-8548-0339eadbecb7&userAgent=Mozilla%2F5.0+%28compatible%3B+radar-arriendos%2F1.0%3B+uso+personal%2C+busqueda+de+arriendo%3B+%2Bhttps%3A%2F%2Fgithub.com%2Falfonsoandona%2Farriendos-vitacura%29&browser=1&isHuman=true&userIp=172.172.206.34&what=vitacura+departamento&search_terms=vitacura+departamento&origin=1&t_or=1&splitTestId=0 — se omite
21:33:56 WARNING robots.txt no permite https://www.nuroa.cl/adform/10342-912-e7f8-1a0a016-97e0-4460cb69457-7a3c?click_type=0&pos=22&searchType=1&page=3&section=1&t_sec=1&sectionType=1&pageViewId=fa2c8d3c-d444-485e-9a8a-aa83e5377873&t_pvid=fa2c8d3c-d444-485e-9a8a-aa83e5377873&userAgent=Mozilla%2F5.0+%28compatible%3B+radar-arriendos%2F1.0%3B+uso+personal%2C+busqueda+de+arriendo%3B+%2Bhttps%3A%2F%2Fgithub.com%2Falfonsoandona%2Farriendos-vitacura%29&browser=1&isHuman=true&userIp=172.172.206.34&what=vitacura+departamento&search_terms=vitacura+departamento&origin=1&t_or=1&splitTestId=0 — se omite
21:34:01 DEBUG   [toctoc] 1 avisos vía estado-embebido
21:34:02 DEBUG   [mitula] 3 avisos vía tarjetas
21:34:05 INFO    Enriquecido y descartado: 75BRH (arriendo de $4.299.009 sobre el máximo negociable de $1.904.000)
21:34:09 INFO    Fichas leídas: 56 — 0 ganaron el año, 0 la dirección; 5 se descartaron al verlas (0 por viejos)
21:34:10 INFO    Listo: 0 avisados de 51 candidatos
