19:34:37 INFO    UF = $41.081.76 (API del día)
19:34:37 INFO    Barriendo TocToc (toctoc)…
19:34:37 INFO    Barriendo Chilepropiedades (chilepropiedades)…
19:34:37 INFO    Barriendo GoPlaceIt (goplaceit)…
19:34:37 INFO    Barriendo Yapo (yapo)…
19:34:38 WARNING https://www.yapo.cl/bienes-raices-alquiler-apartamentos/region-metropolitana-vitacura respondió 403
19:34:38 INFO    [yapo] https://www.yapo.cl/bienes-raices-alquiler-apartamentos/region-metropolitana-vitacura rebotó al GET; se reintenta con navegador
19:34:38 DEBUG   [chilepropiedades] 10 avisos vía tarjetas
19:34:40 DEBUG   [chilepropiedades] 10 avisos vía tarjetas
19:34:41 DEBUG   [goplaceit] 30 avisos vía json-ld
19:34:42 DEBUG   [chilepropiedades] 10 avisos vía tarjetas
19:34:42 INFO      chilepropiedades: 30 avisos en 5s
19:34:42 INFO    Barriendo BuscoNido (busconido)…
19:34:42 DEBUG   [busconido] 23 avisos vía tarjetas
19:34:42 INFO      busconido: 23 avisos en 0s
19:34:42 INFO    Barriendo BienesOnline (bienesonline)…
19:34:43 DEBUG   [bienesonline] 12 avisos vía tarjetas
19:34:43 INFO      bienesonline: 12 avisos en 1s
19:34:43 INFO    Barriendo Economicos (El Mercurio) (economicos)…
19:34:44 WARNING https://www.economicos.cl/search/propiedades/vitacura/arriendo/departamento/0 respondió 403
19:34:44 INFO    [economicos] https://www.economicos.cl/search/propiedades/vitacura/arriendo/departamento/0 rebotó al GET; se reintenta con navegador
19:34:45 DEBUG   La red no quedó en silencio en https://www.toctoc.com/arriendo/departamento/metropolitana/vitacura/3-dormitorios; se lee igual
19:34:46 DEBUG   [toctoc] 20 avisos vía json-ld
19:34:47 DEBUG   La red no quedó en silencio en https://www.yapo.cl/bienes-raices-alquiler-apartamentos/region-metropolitana-vitacura; se lee igual
19:34:47 INFO      yapo: 0 avisos en 10s
19:34:47 INFO    Barriendo iCasas (icasas)…
19:34:48 DEBUG   [icasas] 15 avisos vía tarjetas
19:34:49 INFO      economicos: 0 avisos en 5s
19:34:49 INFO    Barriendo Doomos (doomos)…
19:34:50 DEBUG   [icasas] 15 avisos vía tarjetas
19:34:50 INFO      icasas: 30 avisos en 3s
19:34:50 INFO    Barriendo Top Propiedades (toppropiedades)…
19:34:51 DEBUG   [doomos] 33 avisos vía tarjetas
19:34:51 INFO      doomos: 33 avisos en 3s
19:34:51 INFO    Barriendo Nuroa (nuroa)…
19:34:52 DEBUG   Encoding detection: ascii is most likely the one.
19:34:53 DEBUG   [nuroa] 25 avisos vía json-ld
19:34:54 DEBUG   [toppropiedades] 1 avisos vía json-ld
19:34:55 DEBUG   [nuroa] 25 avisos vía json-ld
19:34:56 DEBUG   La red no quedó en silencio en https://www.toctoc.com/arriendo/departamento/metropolitana/vitacura/3-dormitorios?pagina=2; se lee igual
19:34:56 DEBUG   [toppropiedades] 1 avisos vía json-ld
19:34:56 DEBUG   [toctoc] 20 avisos vía json-ld
19:34:57 DEBUG   [nuroa] 25 avisos vía json-ld
19:34:58 DEBUG   [toppropiedades] 1 avisos vía json-ld
19:34:59 DEBUG   [nuroa] 25 avisos vía json-ld
19:35:00 INFO      nuroa: 100 avisos en 8s
19:35:00 INFO    Barriendo Mitula (mitula)…
19:35:00 DEBUG   [toppropiedades] 1 avisos vía json-ld
19:35:02 DEBUG   [mitula] 30 avisos vía json-ld
19:35:02 DEBUG   [toppropiedades] 1 avisos vía json-ld
19:35:04 DEBUG   [mitula] 30 avisos vía json-ld
19:35:04 INFO      mitula: 60 avisos en 4s
19:35:04 INFO    Barriendo Houm (houm)…
19:35:04 DEBUG   [toppropiedades] 1 avisos vía json-ld
19:35:05 DEBUG   [toctoc] 12 avisos vía json-ld
19:35:06 DEBUG   [toppropiedades] 1 avisos vía json-ld
19:35:08 DEBUG   [toppropiedades] 1 avisos vía json-ld
19:35:08 INFO      toppropiedades: 8 avisos en 18s
19:35:08 INFO    Barriendo Hey! Homes (heyhomes)…
19:35:11 DEBUG   [heyhomes] 9 avisos vía tarjetas
19:35:11 INFO      heyhomes: 9 avisos en 3s
19:35:11 INFO    Barriendo Engel & Völkers (engelvoelkers)…
19:35:12 DEBUG   La red no quedó en silencio en https://houm.com/cl/arriendo-departamentos-region-metropolitana/vitacura/3-dormitorios; se lee igual
19:35:12 DEBUG   [houm] 28 avisos vía json-ld
19:35:15 DEBUG   La red no quedó en silencio en https://www.toctoc.com/arriendo/departamento/metropolitana/vitacura/4-dormitorios; se lee igual
19:35:15 DEBUG   [toctoc] 20 avisos vía json-ld
19:35:20 DEBUG   [engelvoelkers] 16 avisos vía tarjetas
19:35:20 INFO      engelvoelkers: 16 avisos en 9s
19:35:20 INFO    Barriendo RE/MAX Chile (remax)…
19:35:24 DEBUG   La red no quedó en silencio en https://houm.com/cl/arriendo-departamento-región-metropolitana/las-condes/170742; se lee igual
19:35:24 DEBUG   [houm] 1 avisos vía estado-embebido
19:35:26 DEBUG   [toctoc] 16 avisos vía json-ld
19:35:27 DEBUG   [goplaceit] 30 avisos vía json-ld
19:35:30 INFO      remax: 0 avisos en 11s
19:35:30 INFO    Barriendo Fuenzalida Propiedades (fuenzalida)…
19:35:34 DEBUG   La red no quedó en silencio en https://houm.com/cl/arriendo-departamento-región-metropolitana/lo-barnechea/74201; se lee igual
19:35:34 DEBUG   [houm] 1 avisos vía estado-embebido
19:35:35 DEBUG   [fuenzalida] 16 avisos vía tarjetas
19:35:37 DEBUG   La red no quedó en silencio en https://www.toctoc.com/arriendo/departamento/metropolitana/vitacura/4-dormitorios?pagina=3; se lee igual
19:35:38 DEBUG   [toctoc] 20 avisos vía json-ld
19:35:38 INFO      toctoc: 108 avisos en 61s
19:35:38 INFO    Barriendo Century 21 Chile (century21)…
19:35:39 INFO      century21: 0 avisos en 1s
19:35:39 INFO    Barriendo Property Partners (propertypartners)…
19:35:39 DEBUG   [propertypartners] 1 avisos vía tarjetas
19:35:39 INFO      propertypartners: 1 avisos en 0s
19:35:39 INFO    Barriendo Acceso Inmobiliario (accesoinmobiliario)…
19:35:41 DEBUG   [fuenzalida] 20 avisos vía tarjetas
19:35:45 DEBUG   La red no quedó en silencio en https://houm.com/cl/arriendo-departamento-región-metropolitana/recoleta/179872; se lee igual
19:35:45 DEBUG   [houm] 1 avisos vía estado-embebido
19:35:46 DEBUG   [accesoinmobiliario] 15 avisos vía tarjetas
19:35:49 DEBUG   [fuenzalida] 20 avisos vía tarjetas
19:35:49 INFO      fuenzalida: 56 avisos en 19s
19:35:49 INFO    Barriendo Magnolia Property (magnoliaproperty)…
19:35:50 DEBUG   [magnoliaproperty] 6 avisos vía tarjetas
19:35:50 INFO      magnoliaproperty: 6 avisos en 0s
19:35:50 INFO    Barriendo Portilla Propiedades (portillapropiedades)…
19:35:50 DEBUG   [portillapropiedades] 2 avisos vía tarjetas
19:35:50 INFO      portillapropiedades: 2 avisos en 0s
19:35:50 INFO    Barriendo Nativo Propiedades (nativopropiedades)…
19:35:51 DEBUG   [nativopropiedades] 10 avisos vía tarjetas
19:35:51 INFO      nativopropiedades: 10 avisos en 1s
19:35:51 INFO    Barriendo Enlace Inmobiliario (enlaceinmobiliario)…
19:35:51 WARNING https://www.enlaceinmobiliario.cl/ respondió 403
19:35:51 INFO    [enlaceinmobiliario] https://www.enlaceinmobiliario.cl/ rebotó al GET; se reintenta con navegador
19:35:54 DEBUG   La red no quedó en silencio en https://houm.com/cl/arriendo-departamento-región-metropolitana/recoleta/178185; se lee igual
19:35:54 DEBUG   [houm] 1 avisos vía estado-embebido
19:35:59 DEBUG   La red no quedó en silencio en https://www.goplaceit.com/cl/propiedad/arriendo/departamento/vitacura/12099484-departamento-en-arriendo-en-vitacura?&prev=perfil-comuna; se lee igual
19:36:00 DEBUG   La red no quedó en silencio en https://www.enlaceinmobiliario.cl/; se lee igual
19:36:01 INFO      enlaceinmobiliario: 0 avisos en 10s
19:36:01 INFO    Barriendo Rentas.cl (rentas_cl)…
19:36:03 DEBUG   [rentas_cl] 1 avisos vía json-ld
19:36:03 INFO      rentas_cl: 1 avisos en 2s
19:36:03 INFO    Barriendo Arriendos.cl (arriendos_cl)…
19:36:04 INFO      arriendos_cl: 0 avisos en 1s
19:36:04 INFO    Barriendo Propiedades.cl (propiedades_cl)…
19:36:05 DEBUG   [propiedades_cl] 6 avisos vía tarjetas
19:36:05 INFO      propiedades_cl: 6 avisos en 1s
19:36:05 INFO    Barriendo Clasificados.cl (clasificados_cl)…
19:36:06 DEBUG   [clasificados_cl] 1 avisos vía tarjetas
19:36:06 INFO      clasificados_cl: 1 avisos en 1s
19:36:08 DEBUG   La red no quedó en silencio en https://houm.com/cl/arriendo-departamento-región-metropolitana/recoleta/176207; se lee igual
19:36:08 DEBUG   [houm] 1 avisos vía estado-embebido
19:36:16 DEBUG   [accesoinmobiliario] 1 avisos vía tarjetas
19:36:16 DEBUG   La red no quedó en silencio en https://houm.com/cl/arriendo-departamento-región-metropolitana/las-condes/177842; se lee igual
19:36:16 DEBUG   [houm] 1 avisos vía estado-embebido
19:36:19 DEBUG   [accesoinmobiliario] 1 avisos vía tarjetas
19:36:21 DEBUG   [goplaceit] 30 avisos vía json-ld
19:36:23 DEBUG   [accesoinmobiliario] 1 avisos vía tarjetas
19:36:26 DEBUG   La red no quedó en silencio en https://houm.com/cl/arriendo-departamento-región-metropolitana/recoleta/176958; se lee igual
19:36:26 DEBUG   [houm] 1 avisos vía estado-embebido
19:36:28 DEBUG   [accesoinmobiliario] 1 avisos vía tarjetas
19:36:28 INFO      accesoinmobiliario: 19 avisos en 49s
19:36:34 DEBUG   La red no quedó en silencio en https://houm.com/cl/arriendo-departamento-región-metropolitana/recoleta/90462; se lee igual
19:36:34 DEBUG   [houm] 1 avisos vía estado-embebido
19:36:34 INFO      houm: 36 avisos en 90s
19:36:50 INFO      goplaceit: 90 avisos en 133s
19:36:50 INFO    Total crudo: 657 avisos
19:36:51 INFO    Después de deduplicar: 487
19:36:51 INFO    Pasaron los filtros: 57
19:37:17 DEBUG   [doomos] 18 avisos vía tarjetas
19:37:17 DEBUG   Ficha de YVT22 sin candidato propio; no se fusiona
19:37:18 DEBUG   Ficha de HW5MX sin candidato propio; no se fusiona
19:37:19 DEBUG   [doomos] 27 avisos vía tarjetas
19:37:19 DEBUG   Ficha de U44VT sin candidato propio; no se fusiona
19:37:22 DEBUG   [doomos] 27 avisos vía tarjetas
19:37:22 DEBUG   Ficha de KNAE9 sin candidato propio; no se fusiona
19:37:25 DEBUG   [doomos] 27 avisos vía tarjetas
19:37:25 DEBUG   Ficha de PR3QK sin candidato propio; no se fusiona
19:37:26 DEBUG   [doomos] 27 avisos vía tarjetas
19:37:26 DEBUG   Ficha de 2HWEW sin candidato propio; no se fusiona
19:37:28 DEBUG   [doomos] 27 avisos vía tarjetas
19:37:28 DEBUG   Ficha de ZWNAN sin candidato propio; no se fusiona
19:37:34 DEBUG   [toctoc] 1 avisos vía estado-embebido
19:37:34 DEBUG   [busconido] 10 avisos vía tarjetas
19:37:34 DEBUG   Ficha de P33NM sin candidato propio; no se fusiona
19:37:36 DEBUG   [busconido] 11 avisos vía tarjetas
19:37:36 DEBUG   Ficha de 73VAV sin candidato propio; no se fusiona
19:37:37 DEBUG   [doomos] 27 avisos vía tarjetas
19:37:37 DEBUG   Ficha de FQ6XQ sin candidato propio; no se fusiona
19:37:42 DEBUG   [toctoc] 1 avisos vía estado-embebido
19:37:47 DEBUG   [toctoc] 1 avisos vía estado-embebido
19:37:47 DEBUG   [busconido] 11 avisos vía tarjetas
19:37:47 DEBUG   Ficha de Q9JX8 sin candidato propio; no se fusiona
19:37:52 INFO    Enriquecido y descartado: YAVJA (arriendo de $3.517.371 sobre el máximo negociable de $1.904.000)
19:37:52 DEBUG   [busconido] 11 avisos vía tarjetas
19:37:52 DEBUG   Ficha de YF9WC sin candidato propio; no se fusiona
19:38:04 INFO    Enriquecido y descartado: CC2AY (arriendo de $2.032.258 sobre el máximo negociable de $1.904.000)
19:38:04 DEBUG   [busconido] 10 avisos vía tarjetas
19:38:04 DEBUG   Ficha de DBFNP sin candidato propio; no se fusiona
19:38:06 DEBUG   [doomos] 18 avisos vía tarjetas
19:38:06 DEBUG   Ficha de J5JN4 sin candidato propio; no se fusiona
19:38:06 WARNING robots.txt no permite https://www.nuroa.cl/adform/10342-912-101d5-1a0ff48-a45a-2e1434470692-7ad1?click_type=0&pos=15&searchType=1&page=1&section=1&t_sec=1&sectionType=1&pageViewId=0ea3e7c5-8161-408c-aef0-466cde32870b&t_pvid=0ea3e7c5-8161-408c-aef0-466cde32870b&userAgent=Mozilla%2F5.0+%28compatible%3B+radar-arriendos%2F1.0%3B+uso+personal%2C+busqueda+de+arriendo%3B+%2Bhttps%3A%2F%2Fgithub.com%2Falfonsoandona%2Farriendos-vitacura%29&browser=1&isHuman=true&userIp=172.182.226.66&what=vitacura+departamento&search_terms=vitacura+departamento&origin=1&t_or=1&splitTestId=0 — se omite
19:38:11 DEBUG   [toctoc] 1 avisos vía estado-embebido
19:38:19 DEBUG   [engelvoelkers] 1 avisos vía json-ld
19:38:24 DEBUG   [doomos] 27 avisos vía tarjetas
19:38:24 DEBUG   Ficha de P8XMT sin candidato propio; no se fusiona
19:38:30 DEBUG   [toctoc] 1 avisos vía estado-embebido
19:38:35 DEBUG   [toctoc] 1 avisos vía estado-embebido
19:38:40 DEBUG   [toctoc] 1 avisos vía estado-embebido
19:38:50 DEBUG   [toctoc] 1 avisos vía estado-embebido
19:38:55 DEBUG   [toctoc] 1 avisos vía estado-embebido
19:39:00 DEBUG   [toctoc] 1 avisos vía estado-embebido
19:39:07 DEBUG   La red no quedó en silencio en https://www.toctoc.com/arriendo/departamento/metropolitana/vitacura/b_bac4e00f3f8fbaaa186a9e419a8f56ded4737558; se lee igual
19:39:07 DEBUG   [toctoc] 1 avisos vía estado-embebido
19:39:28 INFO    Enriquecido y descartado: 75BRH (arriendo de $2.149.504 sobre el máximo negociable de $1.904.000)
19:39:32 INFO    Enriquecido y descartado: 75BRH (arriendo de $1.954.095 sobre el máximo negociable de $1.904.000)
19:39:48 DEBUG   [toctoc] 1 avisos vía estado-embebido
19:39:56 DEBUG   [toctoc] 1 avisos vía estado-embebido
19:39:56 WARNING robots.txt no permite https://www.nuroa.cl/adform/10342-912-3e9b-1a0e30e-bd4c-4f30fb45531b-7a22?click_type=0&pos=22&searchType=1&page=1&section=1&t_sec=1&sectionType=1&pageViewId=0ea3e7c5-8161-408c-aef0-466cde32870b&t_pvid=0ea3e7c5-8161-408c-aef0-466cde32870b&userAgent=Mozilla%2F5.0+%28compatible%3B+radar-arriendos%2F1.0%3B+uso+personal%2C+busqueda+de+arriendo%3B+%2Bhttps%3A%2F%2Fgithub.com%2Falfonsoandona%2Farriendos-vitacura%29&browser=1&isHuman=true&userIp=172.182.226.66&what=vitacura+departamento&search_terms=vitacura+departamento&origin=1&t_or=1&splitTestId=0 — se omite
19:39:56 WARNING robots.txt no permite https://www.nuroa.cl/adform/10342-912-e7f8-1a0a016-97e0-4460cb69457-7a3c?click_type=0&pos=2&searchType=1&page=4&section=1&t_sec=1&sectionType=1&pageViewId=6d64dcfe-adda-43c7-a443-1fc46f4bb521&t_pvid=6d64dcfe-adda-43c7-a443-1fc46f4bb521&userAgent=Mozilla%2F5.0+%28compatible%3B+radar-arriendos%2F1.0%3B+uso+personal%2C+busqueda+de+arriendo%3B+%2Bhttps%3A%2F%2Fgithub.com%2Falfonsoandona%2Farriendos-vitacura%29&browser=1&isHuman=true&userIp=172.182.226.66&what=vitacura+departamento&search_terms=vitacura+departamento&origin=1&t_or=1&splitTestId=0 — se omite
19:40:01 DEBUG   [toctoc] 1 avisos vía estado-embebido
19:40:02 DEBUG   [mitula] 3 avisos vía tarjetas
19:40:06 INFO    Enriquecido y descartado: 75BRH (arriendo de $4.299.009 sobre el máximo negociable de $1.904.000)
19:40:10 INFO    Fichas leídas: 57 — 0 ganaron el año, 0 la dirección; 5 se descartaron al verlas (0 por viejos)
19:40:11 INFO    Listo: 0 avisados de 52 candidatos
