19:50:56 INFO    UF = $41.089.96 (API del día)
19:50:56 INFO    Barriendo TocToc (toctoc)…
19:50:56 INFO    Barriendo Chilepropiedades (chilepropiedades)…
19:50:56 INFO    Barriendo GoPlaceIt (goplaceit)…
19:50:56 INFO    Barriendo Yapo (yapo)…
19:50:57 WARNING https://www.yapo.cl/bienes-raices-alquiler-apartamentos/region-metropolitana-vitacura respondió 403
19:50:57 INFO    [yapo] https://www.yapo.cl/bienes-raices-alquiler-apartamentos/region-metropolitana-vitacura rebotó al GET; se reintenta con navegador
19:50:57 DEBUG   [chilepropiedades] 10 avisos vía tarjetas
19:50:59 DEBUG   [chilepropiedades] 10 avisos vía tarjetas
19:51:01 DEBUG   [chilepropiedades] 10 avisos vía tarjetas
19:51:01 INFO      chilepropiedades: 30 avisos en 4s
19:51:01 INFO    Barriendo BuscoNido (busconido)…
19:51:02 DEBUG   [busconido] 23 avisos vía tarjetas
19:51:02 INFO      busconido: 23 avisos en 1s
19:51:02 INFO    Barriendo BienesOnline (bienesonline)…
19:51:02 DEBUG   [bienesonline] 12 avisos vía tarjetas
19:51:02 INFO      bienesonline: 12 avisos en 1s
19:51:02 INFO    Barriendo Economicos (El Mercurio) (economicos)…
19:51:03 WARNING https://www.economicos.cl/search/propiedades/vitacura/arriendo/departamento/0 respondió 403
19:51:03 INFO    [economicos] https://www.economicos.cl/search/propiedades/vitacura/arriendo/departamento/0 rebotó al GET; se reintenta con navegador
19:51:05 DEBUG   La red no quedó en silencio en https://www.yapo.cl/bienes-raices-alquiler-apartamentos/region-metropolitana-vitacura; se lee igual
19:51:05 INFO      yapo: 0 avisos en 9s
19:51:05 INFO    Barriendo iCasas (icasas)…
19:51:05 DEBUG   La red no quedó en silencio en https://www.toctoc.com/arriendo/departamento/metropolitana/vitacura/3-dormitorios; se lee igual
19:51:06 DEBUG   [toctoc] 20 avisos vía json-ld
19:51:06 DEBUG   [icasas] 15 avisos vía tarjetas
19:51:07 INFO      economicos: 0 avisos en 5s
19:51:07 INFO    Barriendo Doomos (doomos)…
19:51:08 WARNING https://www.doomos.cl/departamentos-vitacura-arriendo respondió 403
19:51:08 INFO    [doomos] https://www.doomos.cl/departamentos-vitacura-arriendo rebotó al GET; se reintenta con navegador
19:51:08 DEBUG   [icasas] 15 avisos vía tarjetas
19:51:08 INFO      icasas: 30 avisos en 3s
19:51:08 INFO    Barriendo Top Propiedades (toppropiedades)…
19:51:09 DEBUG   [goplaceit] 30 avisos vía json-ld
19:51:10 INFO      doomos: 0 avisos en 3s
19:51:10 INFO    Barriendo Nuroa (nuroa)…
19:51:11 DEBUG   Encoding detection: ascii is most likely the one.
19:51:12 DEBUG   [nuroa] 25 avisos vía json-ld
19:51:12 DEBUG   [toppropiedades] 1 avisos vía json-ld
19:51:14 DEBUG   [nuroa] 25 avisos vía json-ld
19:51:14 DEBUG   [toppropiedades] 1 avisos vía json-ld
19:51:15 DEBUG   La red no quedó en silencio en https://www.toctoc.com/arriendo/departamento/metropolitana/vitacura/3-dormitorios?pagina=2; se lee igual
19:51:15 DEBUG   [toctoc] 20 avisos vía json-ld
19:51:15 DEBUG   [nuroa] 25 avisos vía json-ld
19:51:16 DEBUG   [toppropiedades] 1 avisos vía json-ld
19:51:18 DEBUG   [nuroa] 25 avisos vía json-ld
19:51:18 DEBUG   [toppropiedades] 1 avisos vía json-ld
19:51:18 INFO      nuroa: 100 avisos en 8s
19:51:18 INFO    Barriendo Mitula (mitula)…
19:51:20 DEBUG   [mitula] 30 avisos vía json-ld
19:51:20 DEBUG   [toppropiedades] 1 avisos vía json-ld
19:51:22 DEBUG   [mitula] 30 avisos vía json-ld
19:51:22 INFO      mitula: 60 avisos en 4s
19:51:22 INFO    Barriendo Houm (houm)…
19:51:22 DEBUG   [toppropiedades] 1 avisos vía json-ld
19:51:22 DEBUG   [toctoc] 13 avisos vía json-ld
19:51:24 DEBUG   [toppropiedades] 1 avisos vía json-ld
19:51:26 DEBUG   [toppropiedades] 1 avisos vía json-ld
19:51:26 INFO      toppropiedades: 8 avisos en 18s
19:51:26 INFO    Barriendo Hey! Homes (heyhomes)…
19:51:29 DEBUG   [heyhomes] 9 avisos vía tarjetas
19:51:29 INFO      heyhomes: 9 avisos en 3s
19:51:29 INFO    Barriendo Engel & Völkers (engelvoelkers)…
19:51:30 DEBUG   La red no quedó en silencio en https://houm.com/cl/arriendo-departamentos-region-metropolitana/vitacura/3-dormitorios; se lee igual
19:51:30 DEBUG   [houm] 28 avisos vía json-ld
19:51:31 DEBUG   La red no quedó en silencio en https://www.toctoc.com/arriendo/departamento/metropolitana/vitacura/4-dormitorios; se lee igual
19:51:31 WARNING [toctoc] https://www.toctoc.com/arriendo/departamento/metropolitana/vitacura/4-dormitorios falló: Page.content: Unable to retrieve content because the page is navigating and changing the content.
19:51:31 WARNING   toctoc: Page.content: Unable to retrieve content because the page is navigating and changing the content.
19:51:31 INFO      toctoc: 53 avisos en 35s
19:51:31 INFO    Barriendo RE/MAX Chile (remax)…
19:51:35 DEBUG   [engelvoelkers] 16 avisos vía tarjetas
19:51:35 INFO      engelvoelkers: 16 avisos en 7s
19:51:35 INFO    Barriendo Fuenzalida Propiedades (fuenzalida)…
19:51:38 INFO      remax: 0 avisos en 6s
19:51:38 INFO    Barriendo Century 21 Chile (century21)…
19:51:39 DEBUG   [fuenzalida] 16 avisos vía tarjetas
19:51:39 INFO      century21: 0 avisos en 2s
19:51:39 INFO    Barriendo Property Partners (propertypartners)…
19:51:39 DEBUG   [propertypartners] 1 avisos vía tarjetas
19:51:39 INFO      propertypartners: 1 avisos en 0s
19:51:39 INFO    Barriendo Acceso Inmobiliario (accesoinmobiliario)…
19:51:41 DEBUG   La red no quedó en silencio en https://houm.com/cl/arriendo-departamento-región-metropolitana/las-condes/170742; se lee igual
19:51:41 DEBUG   [houm] 1 avisos vía estado-embebido
19:51:43 DEBUG   [fuenzalida] 20 avisos vía tarjetas
19:51:43 DEBUG   [accesoinmobiliario] 15 avisos vía tarjetas
19:51:47 DEBUG   [fuenzalida] 20 avisos vía tarjetas
19:51:47 INFO      fuenzalida: 56 avisos en 11s
19:51:47 INFO    Barriendo Magnolia Property (magnoliaproperty)…
19:51:48 DEBUG   [magnoliaproperty] 7 avisos vía tarjetas
19:51:48 INFO      magnoliaproperty: 7 avisos en 1s
19:51:48 INFO    Barriendo Portilla Propiedades (portillapropiedades)…
19:51:48 DEBUG   [portillapropiedades] 2 avisos vía tarjetas
19:51:48 INFO      portillapropiedades: 2 avisos en 1s
19:51:48 INFO    Barriendo Nativo Propiedades (nativopropiedades)…
19:51:49 DEBUG   La red no quedó en silencio en https://houm.com/cl/arriendo-departamento-región-metropolitana/lo-barnechea/74201; se lee igual
19:51:49 DEBUG   [houm] 1 avisos vía estado-embebido
19:51:49 DEBUG   [nativopropiedades] 10 avisos vía tarjetas
19:51:49 INFO      nativopropiedades: 10 avisos en 1s
19:51:49 INFO    Barriendo Enlace Inmobiliario (enlaceinmobiliario)…
19:51:49 WARNING https://www.enlaceinmobiliario.cl/ respondió 403
19:51:49 INFO    [enlaceinmobiliario] https://www.enlaceinmobiliario.cl/ rebotó al GET; se reintenta con navegador
19:51:52 DEBUG   [goplaceit] 30 avisos vía json-ld
19:51:57 DEBUG   La red no quedó en silencio en https://houm.com/cl/arriendo-departamento-región-metropolitana/recoleta/179872; se lee igual
19:51:57 DEBUG   [houm] 1 avisos vía estado-embebido
19:51:59 DEBUG   La red no quedó en silencio en https://www.enlaceinmobiliario.cl/; se lee igual
19:51:59 INFO      enlaceinmobiliario: 0 avisos en 10s
19:51:59 INFO    Barriendo Rentas.cl (rentas_cl)…
19:51:59 DEBUG   [accesoinmobiliario] 1 avisos vía tarjetas
19:52:01 DEBUG   [rentas_cl] 1 avisos vía json-ld
19:52:01 INFO      rentas_cl: 1 avisos en 2s
19:52:01 INFO    Barriendo Arriendos.cl (arriendos_cl)…
19:52:02 INFO      arriendos_cl: 0 avisos en 1s
19:52:02 INFO    Barriendo Propiedades.cl (propiedades_cl)…
19:52:03 DEBUG   [propiedades_cl] 6 avisos vía tarjetas
19:52:03 INFO      propiedades_cl: 6 avisos en 1s
19:52:03 INFO    Barriendo Clasificados.cl (clasificados_cl)…
19:52:06 DEBUG   [clasificados_cl] 1 avisos vía tarjetas
19:52:06 INFO      clasificados_cl: 1 avisos en 3s
19:52:07 DEBUG   La red no quedó en silencio en https://houm.com/cl/arriendo-departamento-región-metropolitana/recoleta/178185; se lee igual
19:52:07 DEBUG   [houm] 1 avisos vía estado-embebido
19:52:16 DEBUG   La red no quedó en silencio en https://houm.com/cl/arriendo-departamento-región-metropolitana/recoleta/176207; se lee igual
19:52:17 DEBUG   [houm] 1 avisos vía estado-embebido
19:52:25 DEBUG   La red no quedó en silencio en https://houm.com/cl/arriendo-departamento-región-metropolitana/las-condes/177842; se lee igual
19:52:25 DEBUG   [houm] 1 avisos vía estado-embebido
19:52:27 DEBUG   [accesoinmobiliario] 1 avisos vía tarjetas
19:52:27 INFO      accesoinmobiliario: 17 avisos en 47s
19:52:34 DEBUG   [goplaceit] 30 avisos vía json-ld
19:52:34 DEBUG   La red no quedó en silencio en https://houm.com/cl/arriendo-departamento-región-metropolitana/recoleta/176958; se lee igual
19:52:34 DEBUG   [houm] 1 avisos vía estado-embebido
19:52:42 DEBUG   La red no quedó en silencio en https://houm.com/cl/arriendo-departamento-región-metropolitana/recoleta/90462; se lee igual
19:52:42 DEBUG   [houm] 1 avisos vía estado-embebido
19:52:42 INFO      houm: 36 avisos en 80s
19:52:56 INFO      goplaceit: 90 avisos en 120s
19:52:56 INFO    Total crudo: 568 avisos
19:52:57 INFO    Después de deduplicar: 432
19:52:57 INFO    Pasaron los filtros: 45
19:53:17 DEBUG   Ficha de HW5MX sin candidato propio; no se fusiona
19:53:21 DEBUG   [toctoc] 1 avisos vía estado-embebido
19:53:21 DEBUG   [busconido] 10 avisos vía tarjetas
19:53:21 DEBUG   Ficha de 6669H sin candidato propio; no se fusiona
19:53:25 DEBUG   [toctoc] 1 avisos vía estado-embebido
19:53:26 DEBUG   [busconido] 10 avisos vía tarjetas
19:53:26 DEBUG   Ficha de 4TBZ6 sin candidato propio; no se fusiona
19:53:28 DEBUG   [busconido] 10 avisos vía tarjetas
19:53:28 DEBUG   Ficha de HAZYC sin candidato propio; no se fusiona
19:53:30 DEBUG   [busconido] 11 avisos vía tarjetas
19:53:30 DEBUG   Ficha de RBUTV sin candidato propio; no se fusiona
19:53:34 INFO    Enriquecido y descartado: YAVJA (arriendo de $3.517.371 sobre el máximo negociable de $1.904.000)
19:53:35 DEBUG   [busconido] 10 avisos vía tarjetas
19:53:35 DEBUG   Ficha de Q4F5D sin candidato propio; no se fusiona
19:53:48 INFO    Enriquecido y descartado: CC2AY (arriendo de $2.032.258 sobre el máximo negociable de $1.904.000)
19:53:48 WARNING robots.txt no permite https://www.nuroa.cl/adform/10342-912-101d5-1a0ff48-a45a-2e1434470692-7ad1?click_type=0&pos=15&searchType=1&page=1&section=1&t_sec=1&sectionType=1&pageViewId=f64e3faf-3a48-430b-95c7-6bc90cb612f7&t_pvid=f64e3faf-3a48-430b-95c7-6bc90cb612f7&userAgent=Mozilla%2F5.0+%28compatible%3B+radar-arriendos%2F1.0%3B+uso+personal%2C+busqueda+de+arriendo%3B+%2Bhttps%3A%2F%2Fgithub.com%2Falfonsoandona%2Farriendos-vitacura%29&browser=1&isHuman=true&userIp=20.127.247.146&what=vitacura+departamento&search_terms=vitacura+departamento&origin=1&t_or=1&splitTestId=0 — se omite
19:53:48 DEBUG   [mitula] 3 avisos vía tarjetas
19:53:56 DEBUG   [engelvoelkers] 1 avisos vía json-ld
19:54:03 DEBUG   [toctoc] 1 avisos vía estado-embebido
19:54:07 DEBUG   [toctoc] 1 avisos vía estado-embebido
19:54:11 DEBUG   [toctoc] 1 avisos vía estado-embebido
19:54:19 DEBUG   [toctoc] 1 avisos vía estado-embebido
19:54:19 WARNING robots.txt no permite https://www.nuroa.cl/adform/10342-912-4d50-1a0e30c-9b06-5d5e6067edc0-77f6?click_type=0&pos=17&searchType=2&page=1&section=1&t_sec=1&sectionType=1&pageViewId=f64e3faf-3a48-430b-95c7-6bc90cb612f7&t_pvid=f64e3faf-3a48-430b-95c7-6bc90cb612f7&userAgent=Mozilla%2F5.0+%28compatible%3B+radar-arriendos%2F1.0%3B+uso+personal%2C+busqueda+de+arriendo%3B+%2Bhttps%3A%2F%2Fgithub.com%2Falfonsoandona%2Farriendos-vitacura%29&browser=1&isHuman=true&userIp=20.127.247.146&what=vitacura+departamento&search_terms=vitacura+departamento&origin=1&t_or=1&splitTestId=0 — se omite
19:54:23 DEBUG   [toctoc] 1 avisos vía estado-embebido
19:54:27 DEBUG   [toctoc] 1 avisos vía estado-embebido
19:54:51 INFO    Enriquecido y descartado: 75BRH (arriendo de $2.149.504 sobre el máximo negociable de $1.904.000)
19:54:54 INFO    Enriquecido y descartado: 75BRH (arriendo de $1.954.095 sobre el máximo negociable de $1.904.000)
19:55:11 DEBUG   [toctoc] 1 avisos vía estado-embebido
19:55:11 DEBUG   [magnoliaproperty] 2 avisos vía tarjetas
19:55:12 INFO    Enriquecido y descartado: TW38B (arriendo de $3.081.747 sobre el máximo negociable de $1.904.000)
19:55:16 WARNING robots.txt no permite https://www.nuroa.cl/adform/10342-912-3e9b-1a0e30e-bd4c-4f30fb45531b-7a22?click_type=0&pos=21&searchType=1&page=1&section=1&t_sec=1&sectionType=1&pageViewId=f64e3faf-3a48-430b-95c7-6bc90cb612f7&t_pvid=f64e3faf-3a48-430b-95c7-6bc90cb612f7&userAgent=Mozilla%2F5.0+%28compatible%3B+radar-arriendos%2F1.0%3B+uso+personal%2C+busqueda+de+arriendo%3B+%2Bhttps%3A%2F%2Fgithub.com%2Falfonsoandona%2Farriendos-vitacura%29&browser=1&isHuman=true&userIp=20.127.247.146&what=vitacura+departamento&search_terms=vitacura+departamento&origin=1&t_or=1&splitTestId=0 — se omite
19:55:16 WARNING robots.txt no permite https://www.nuroa.cl/adform/10342-912-e7f8-1a0a016-97e0-4460cb69457-7a3c?click_type=0&pos=1&searchType=1&page=4&section=1&t_sec=1&sectionType=1&pageViewId=b2197102-2ebd-42bf-bd03-b7e8ac396c17&t_pvid=b2197102-2ebd-42bf-bd03-b7e8ac396c17&userAgent=Mozilla%2F5.0+%28compatible%3B+radar-arriendos%2F1.0%3B+uso+personal%2C+busqueda+de+arriendo%3B+%2Bhttps%3A%2F%2Fgithub.com%2Falfonsoandona%2Farriendos-vitacura%29&browser=1&isHuman=true&userIp=20.127.247.146&what=vitacura+departamento&search_terms=vitacura+departamento&origin=1&t_or=1&splitTestId=0 — se omite
19:55:21 INFO    Enriquecido y descartado: 75BRH (arriendo de $4.299.009 sobre el máximo negociable de $1.904.000)
19:55:26 INFO    Fichas leídas: 45 — 0 ganaron el año, 0 la dirección; 6 se descartaron al verlas (0 por viejos)
19:55:27 INFO    Listo: 0 avisados de 39 candidatos
