15:03:19 INFO    UF = $40.967.24 (API del día)
15:03:19 INFO    Barriendo TocToc (toctoc)…
15:03:19 INFO    Barriendo Chilepropiedades (chilepropiedades)…
15:03:19 INFO    Barriendo GoPlaceIt (goplaceit)…
15:03:19 INFO    Barriendo Yapo (yapo)…
15:03:20 DEBUG   [chilepropiedades] 10 avisos vía tarjetas
15:03:22 DEBUG   [chilepropiedades] 10 avisos vía tarjetas
15:03:23 DEBUG   [goplaceit] 30 avisos vía json-ld
15:03:24 DEBUG   [chilepropiedades] 10 avisos vía tarjetas
15:03:24 INFO      chilepropiedades: 30 avisos en 5s
15:03:24 INFO    Barriendo BuscoNido (busconido)…
15:03:25 DEBUG   [busconido] 23 avisos vía tarjetas
15:03:25 INFO      busconido: 23 avisos en 1s
15:03:25 INFO    Barriendo BienesOnline (bienesonline)…
15:03:26 DEBUG   [bienesonline] 16 avisos vía tarjetas
15:03:26 INFO      bienesonline: 16 avisos en 1s
15:03:26 INFO    Barriendo Economicos (El Mercurio) (economicos)…
15:03:26 WARNING https://www.economicos.cl/search/propiedades/vitacura/arriendo/departamento/0 respondió 403
15:03:26 INFO    [economicos] https://www.economicos.cl/search/propiedades/vitacura/arriendo/departamento/0 rebotó al GET; se reintenta con navegador
15:03:27 DEBUG   La red no quedó en silencio en https://www.toctoc.com/arriendo/departamento/metropolitana/vitacura/3-dormitorios; se lee igual
15:03:27 INFO      yapo: 0 avisos en 8s
15:03:27 INFO    Barriendo iCasas (icasas)…
15:03:27 DEBUG   [toctoc] 20 avisos vía json-ld
15:03:28 DEBUG   [icasas] 15 avisos vía tarjetas
15:03:28 INFO      economicos: 0 avisos en 3s
15:03:28 INFO    Barriendo Doomos (doomos)…
15:03:28 WARNING https://www.doomos.cl/departamentos-vitacura-arriendo respondió 403
15:03:28 INFO    [doomos] https://www.doomos.cl/departamentos-vitacura-arriendo rebotó al GET; se reintenta con navegador
15:03:30 DEBUG   [icasas] 15 avisos vía tarjetas
15:03:30 INFO      icasas: 30 avisos en 3s
15:03:30 INFO    Barriendo Top Propiedades (toppropiedades)…
15:03:32 INFO      doomos: 0 avisos en 4s
15:03:32 INFO    Barriendo Nuroa (nuroa)…
15:03:33 DEBUG   Encoding detection: ascii is most likely the one.
15:03:34 DEBUG   [toppropiedades] 1 avisos vía json-ld
15:03:34 DEBUG   [nuroa] 25 avisos vía json-ld
15:03:35 DEBUG   La red no quedó en silencio en https://www.toctoc.com/arriendo/departamento/metropolitana/vitacura/3-dormitorios?pagina=2; se lee igual
15:03:36 DEBUG   [toppropiedades] 1 avisos vía json-ld
15:03:36 DEBUG   [nuroa] 25 avisos vía json-ld
15:03:36 DEBUG   [toctoc] 20 avisos vía json-ld
15:03:38 DEBUG   [toppropiedades] 1 avisos vía json-ld
15:03:38 DEBUG   [nuroa] 25 avisos vía json-ld
15:03:40 DEBUG   [toppropiedades] 1 avisos vía json-ld
15:03:40 DEBUG   [nuroa] 25 avisos vía json-ld
15:03:41 INFO      nuroa: 100 avisos en 8s
15:03:41 INFO    Barriendo Mitula (mitula)…
15:03:42 DEBUG   [toppropiedades] 1 avisos vía json-ld
15:03:43 DEBUG   [mitula] 30 avisos vía json-ld
15:03:43 DEBUG   La red no quedó en silencio en https://www.toctoc.com/arriendo/departamento/metropolitana/vitacura/3-dormitorios?pagina=3; se lee igual
15:03:44 DEBUG   [toctoc] 20 avisos vía json-ld
15:03:44 DEBUG   [toppropiedades] 1 avisos vía json-ld
15:03:44 DEBUG   [mitula] 30 avisos vía json-ld
15:03:45 INFO      mitula: 60 avisos en 4s
15:03:45 INFO    Barriendo Houm (houm)…
15:03:46 DEBUG   [toppropiedades] 1 avisos vía json-ld
15:03:48 DEBUG   [toppropiedades] 1 avisos vía json-ld
15:03:48 INFO      toppropiedades: 8 avisos en 18s
15:03:48 INFO    Barriendo Hey! Homes (heyhomes)…
15:03:50 DEBUG   [toctoc] 20 avisos vía json-ld
15:03:50 DEBUG   [houm] 28 avisos vía json-ld
15:03:51 DEBUG   [heyhomes] 9 avisos vía tarjetas
15:03:51 INFO      heyhomes: 9 avisos en 3s
15:03:51 INFO    Barriendo Engel & Völkers (engelvoelkers)…
15:03:56 DEBUG   [toctoc] 13 avisos vía json-ld
15:04:00 DEBUG   [engelvoelkers] 16 avisos vía tarjetas
15:04:00 INFO      engelvoelkers: 16 avisos en 9s
15:04:00 INFO    Barriendo RE/MAX Chile (remax)…
15:04:02 DEBUG   La red no quedó en silencio en https://houm.com/cl/arriendo-departamento-región-metropolitana/las-condes/170742; se lee igual
15:04:02 DEBUG   [houm] 1 avisos vía estado-embebido
15:04:03 DEBUG   [goplaceit] 30 avisos vía json-ld
15:04:07 INFO      remax: 0 avisos en 7s
15:04:07 INFO    Barriendo Fuenzalida Propiedades (fuenzalida)…
15:04:08 DEBUG   La red no quedó en silencio en https://www.toctoc.com/arriendo/departamento/metropolitana/vitacura/4-dormitorios?pagina=3; se lee igual
15:04:09 DEBUG   [toctoc] 20 avisos vía json-ld
15:04:09 INFO      toctoc: 113 avisos en 50s
15:04:09 INFO    Barriendo Century 21 Chile (century21)…
15:04:10 DEBUG   [fuenzalida] 16 avisos vía tarjetas
15:04:11 INFO      century21: 0 avisos en 2s
15:04:11 INFO    Barriendo Property Partners (propertypartners)…
15:04:11 DEBUG   [propertypartners] 1 avisos vía tarjetas
15:04:11 INFO      propertypartners: 1 avisos en 0s
15:04:11 INFO    Barriendo Acceso Inmobiliario (accesoinmobiliario)…
15:04:13 DEBUG   [fuenzalida] 20 avisos vía tarjetas
15:04:14 DEBUG   La red no quedó en silencio en https://houm.com/cl/arriendo-departamento-región-metropolitana/las-condes/175757; se lee igual
15:04:14 DEBUG   [houm] 1 avisos vía estado-embebido
15:04:15 DEBUG   [accesoinmobiliario] 16 avisos vía tarjetas
15:04:16 DEBUG   [fuenzalida] 20 avisos vía tarjetas
15:04:16 INFO      fuenzalida: 56 avisos en 9s
15:04:16 INFO    Barriendo Magnolia Property (magnoliaproperty)…
15:04:17 DEBUG   [magnoliaproperty] 6 avisos vía tarjetas
15:04:17 INFO      magnoliaproperty: 6 avisos en 1s
15:04:17 INFO    Barriendo Portilla Propiedades (portillapropiedades)…
15:04:18 DEBUG   [portillapropiedades] 2 avisos vía tarjetas
15:04:18 INFO      portillapropiedades: 2 avisos en 1s
15:04:18 INFO    Barriendo Nativo Propiedades (nativopropiedades)…
15:04:19 DEBUG   [nativopropiedades] 10 avisos vía tarjetas
15:04:19 INFO      nativopropiedades: 10 avisos en 1s
15:04:19 INFO    Barriendo Enlace Inmobiliario (enlaceinmobiliario)…
15:04:19 WARNING https://www.enlaceinmobiliario.cl/ respondió 403
15:04:19 INFO    [enlaceinmobiliario] https://www.enlaceinmobiliario.cl/ rebotó al GET; se reintenta con navegador
15:04:23 DEBUG   La red no quedó en silencio en https://houm.com/cl/arriendo-departamento-región-metropolitana/lo-barnechea/74201; se lee igual
15:04:23 DEBUG   [houm] 1 avisos vía estado-embebido
15:04:27 INFO      enlaceinmobiliario: 0 avisos en 9s
15:04:27 INFO    Barriendo Rentas.cl (rentas_cl)…
15:04:29 DEBUG   [rentas_cl] 1 avisos vía json-ld
15:04:29 INFO      rentas_cl: 1 avisos en 2s
15:04:29 INFO    Barriendo Arriendos.cl (arriendos_cl)…
15:04:30 INFO      arriendos_cl: 0 avisos en 1s
15:04:30 INFO    Barriendo Propiedades.cl (propiedades_cl)…
15:04:31 DEBUG   [propiedades_cl] 6 avisos vía tarjetas
15:04:31 INFO      propiedades_cl: 6 avisos en 1s
15:04:31 INFO    Barriendo Clasificados.cl (clasificados_cl)…
15:04:33 DEBUG   [accesoinmobiliario] 1 avisos vía tarjetas
15:04:34 DEBUG   La red no quedó en silencio en https://houm.com/cl/arriendo-departamento-región-metropolitana/providencia/175947; se lee igual
15:04:34 DEBUG   [clasificados_cl] 1 avisos vía tarjetas
15:04:34 INFO      clasificados_cl: 1 avisos en 2s
15:04:34 DEBUG   [houm] 1 avisos vía estado-embebido
15:04:36 DEBUG   [accesoinmobiliario] 1 avisos vía tarjetas
15:04:40 DEBUG   [accesoinmobiliario] 1 avisos vía tarjetas
15:04:43 DEBUG   La red no quedó en silencio en https://houm.com/cl/arriendo-departamento-región-metropolitana/ñuñoa/174379; se lee igual
15:04:43 DEBUG   [houm] 1 avisos vía estado-embebido
15:04:46 DEBUG   [goplaceit] 30 avisos vía json-ld
15:04:53 DEBUG   La red no quedó en silencio en https://houm.com/cl/arriendo-departamento-región-metropolitana/recoleta/179872; se lee igual
15:04:53 DEBUG   [houm] 1 avisos vía estado-embebido
15:04:59 INFO      accesoinmobiliario: 19 avisos en 48s
15:05:01 DEBUG   La red no quedó en silencio en https://houm.com/cl/arriendo-departamento-región-metropolitana/recoleta/178185; se lee igual
15:05:01 DEBUG   [houm] 1 avisos vía estado-embebido
15:05:09 DEBUG   La red no quedó en silencio en https://houm.com/cl/arriendo-departamento-región-metropolitana/las-condes/177842; se lee igual
15:05:09 DEBUG   [houm] 1 avisos vía estado-embebido
15:05:09 INFO      houm: 36 avisos en 84s
15:05:14 INFO      goplaceit: 90 avisos en 115s
15:05:14 INFO    Total crudo: 633 avisos
15:05:15 INFO    Después de deduplicar: 391
15:05:15 INFO    Pasaron los filtros: 31
15:05:31 DEBUG   Ficha de HW5MX sin candidato propio; no se fusiona
15:05:33 DEBUG   [busconido] 11 avisos vía tarjetas
15:05:33 DEBUG   Ficha de S6ZJR sin candidato propio; no se fusiona
15:05:35 DEBUG   [busconido] 11 avisos vía tarjetas
15:05:35 DEBUG   Ficha de FUBZE sin candidato propio; no se fusiona
15:05:37 DEBUG   [busconido] 10 avisos vía tarjetas
15:05:37 DEBUG   Ficha de FNP3V sin candidato propio; no se fusiona
15:05:39 DEBUG   [busconido] 10 avisos vía tarjetas
15:05:39 DEBUG   Ficha de QR4FC sin candidato propio; no se fusiona
15:05:42 INFO    Enriquecido y descartado: YAVJA (arriendo de $3.517.371 sobre el máximo negociable de $1.904.000)
15:05:46 INFO    Enriquecido y descartado: CC2AY (arriendo de $2.032.258 sobre el máximo negociable de $1.904.000)
15:05:52 DEBUG   [toctoc] 1 avisos vía estado-embebido
15:06:05 DEBUG   [toctoc] 1 avisos vía estado-embebido
15:06:13 DEBUG   [toctoc] 1 avisos vía estado-embebido
15:06:18 DEBUG   [toctoc] 1 avisos vía estado-embebido
15:06:22 INFO    Enriquecido y descartado: 75BRH (arriendo de $2.931.142 sobre el máximo negociable de $1.904.000)
15:06:45 INFO    Enriquecido y descartado: 75BRH (arriendo de $2.149.504 sobre el máximo negociable de $1.904.000)
15:06:48 INFO    Enriquecido y descartado: 75BRH (arriendo de $1.954.095 sobre el máximo negociable de $1.904.000)
15:07:10 DEBUG   La red no quedó en silencio en https://www.toctoc.com/arriendo/departamento/metropolitana/vitacura/b_5a37b5df7f9d79c4bd1ab716a6babbded3d95b42; se lee igual
15:07:10 DEBUG   [toctoc] 1 avisos vía estado-embebido
15:07:14 INFO    Enriquecido y descartado: 75BRH (arriendo de $4.299.009 sobre el máximo negociable de $1.904.000)
15:07:18 INFO    Fichas leídas: 31 — 0 ganaron el año, 0 la dirección; 6 se descartaron al verlas (0 por viejos)
15:07:19 INFO    Listo: 0 avisados de 25 candidatos
