15:48:31 INFO    UF = $40.999.93 (API del día)
15:48:31 INFO    Barriendo TocToc (toctoc)…
15:48:31 INFO    Barriendo Chilepropiedades (chilepropiedades)…
15:48:31 INFO    Barriendo GoPlaceIt (goplaceit)…
15:48:31 INFO    Barriendo Yapo (yapo)…
15:48:32 WARNING https://www.yapo.cl/bienes-raices-alquiler-apartamentos/region-metropolitana-vitacura respondió 403
15:48:32 INFO    [yapo] https://www.yapo.cl/bienes-raices-alquiler-apartamentos/region-metropolitana-vitacura rebotó al GET; se reintenta con navegador
15:48:32 DEBUG   [chilepropiedades] 10 avisos vía tarjetas
15:48:34 DEBUG   [chilepropiedades] 10 avisos vía tarjetas
15:48:36 DEBUG   [chilepropiedades] 10 avisos vía tarjetas
15:48:36 INFO      chilepropiedades: 30 avisos en 4s
15:48:36 INFO    Barriendo BuscoNido (busconido)…
15:48:37 DEBUG   [busconido] 23 avisos vía tarjetas
15:48:37 INFO      busconido: 23 avisos en 1s
15:48:37 INFO    Barriendo BienesOnline (bienesonline)…
15:48:38 DEBUG   [bienesonline] 1 avisos vía tarjetas
15:48:38 INFO      bienesonline: 1 avisos en 1s
15:48:38 INFO    Barriendo Economicos (El Mercurio) (economicos)…
15:48:38 WARNING https://www.economicos.cl/search/propiedades/vitacura/arriendo/departamento/0 respondió 403
15:48:38 INFO    [economicos] https://www.economicos.cl/search/propiedades/vitacura/arriendo/departamento/0 rebotó al GET; se reintenta con navegador
15:48:39 DEBUG   La red no quedó en silencio en https://www.yapo.cl/bienes-raices-alquiler-apartamentos/region-metropolitana-vitacura; se lee igual
15:48:39 INFO      yapo: 0 avisos en 7s
15:48:39 INFO    Barriendo iCasas (icasas)…
15:48:39 DEBUG   La red no quedó en silencio en https://www.toctoc.com/arriendo/departamento/metropolitana/vitacura/3-dormitorios; se lee igual
15:48:39 DEBUG   [toctoc] 20 avisos vía json-ld
15:48:40 DEBUG   [icasas] 15 avisos vía tarjetas
15:48:40 INFO      economicos: 0 avisos en 3s
15:48:40 INFO    Barriendo Doomos (doomos)…
15:48:41 DEBUG   [icasas] 15 avisos vía tarjetas
15:48:41 INFO      icasas: 30 avisos en 3s
15:48:41 INFO    Barriendo Top Propiedades (toppropiedades)…
15:48:42 DEBUG   [goplaceit] 30 avisos vía json-ld
15:48:43 DEBUG   [doomos] 32 avisos vía tarjetas
15:48:43 INFO      doomos: 32 avisos en 2s
15:48:43 INFO    Barriendo Nuroa (nuroa)…
15:48:43 DEBUG   Encoding detection: ascii is most likely the one.
15:48:44 DEBUG   [nuroa] 25 avisos vía json-ld
15:48:45 DEBUG   [toppropiedades] 1 avisos vía json-ld
15:48:46 DEBUG   [nuroa] 25 avisos vía json-ld
15:48:47 DEBUG   [toctoc] 20 avisos vía json-ld
15:48:47 DEBUG   [toppropiedades] 1 avisos vía json-ld
15:48:48 DEBUG   [nuroa] 25 avisos vía json-ld
15:48:49 DEBUG   [toppropiedades] 1 avisos vía json-ld
15:48:50 DEBUG   [nuroa] 25 avisos vía json-ld
15:48:50 INFO      nuroa: 100 avisos en 8s
15:48:50 INFO    Barriendo Mitula (mitula)…
15:48:51 DEBUG   [toppropiedades] 1 avisos vía json-ld
15:48:52 DEBUG   [mitula] 30 avisos vía json-ld
15:48:53 DEBUG   [toctoc] 20 avisos vía json-ld
15:48:53 DEBUG   [toppropiedades] 1 avisos vía json-ld
15:48:54 DEBUG   [mitula] 30 avisos vía json-ld
15:48:54 INFO      mitula: 60 avisos en 4s
15:48:54 INFO    Barriendo Houm (houm)…
15:48:55 DEBUG   [toppropiedades] 1 avisos vía json-ld
15:48:57 DEBUG   [toppropiedades] 1 avisos vía json-ld
15:48:58 DEBUG   [toctoc] 20 avisos vía json-ld
15:48:59 DEBUG   [toppropiedades] 1 avisos vía json-ld
15:48:59 INFO      toppropiedades: 8 avisos en 18s
15:48:59 INFO    Barriendo Hey! Homes (heyhomes)…
15:49:02 DEBUG   [heyhomes] 9 avisos vía tarjetas
15:49:02 INFO      heyhomes: 9 avisos en 3s
15:49:02 INFO    Barriendo Engel & Völkers (engelvoelkers)…
15:49:05 DEBUG   La red no quedó en silencio en https://houm.com/cl/arriendo-departamentos-region-metropolitana/vitacura/3-dormitorios; se lee igual
15:49:05 DEBUG   [houm] 28 avisos vía json-ld
15:49:08 DEBUG   La red no quedó en silencio en https://www.toctoc.com/arriendo/departamento/metropolitana/vitacura/4-dormitorios?pagina=2; se lee igual
15:49:09 DEBUG   [toctoc] 17 avisos vía json-ld
15:49:13 DEBUG   [engelvoelkers] 16 avisos vía tarjetas
15:49:13 INFO      engelvoelkers: 16 avisos en 10s
15:49:13 INFO    Barriendo RE/MAX Chile (remax)…
15:49:16 DEBUG   La red no quedó en silencio en https://houm.com/cl/arriendo-departamento-región-metropolitana/las-condes/170742; se lee igual
15:49:16 DEBUG   [houm] 1 avisos vía estado-embebido
15:49:18 DEBUG   [toctoc] 20 avisos vía json-ld
15:49:18 INFO      toctoc: 117 avisos en 47s
15:49:18 INFO    Barriendo Fuenzalida Propiedades (fuenzalida)…
15:49:19 DEBUG   [goplaceit] 30 avisos vía json-ld
15:49:23 DEBUG   [fuenzalida] 16 avisos vía tarjetas
15:49:23 INFO      remax: 0 avisos en 10s
15:49:23 INFO    Barriendo Century 21 Chile (century21)…
15:49:24 INFO      century21: 0 avisos en 1s
15:49:24 INFO    Barriendo Property Partners (propertypartners)…
15:49:25 DEBUG   [propertypartners] 1 avisos vía tarjetas
15:49:25 INFO      propertypartners: 1 avisos en 0s
15:49:25 INFO    Barriendo Acceso Inmobiliario (accesoinmobiliario)…
15:49:27 DEBUG   La red no quedó en silencio en https://houm.com/cl/arriendo-departamento-región-metropolitana/lo-barnechea/74201; se lee igual
15:49:27 DEBUG   [houm] 1 avisos vía estado-embebido
15:49:29 DEBUG   [fuenzalida] 20 avisos vía tarjetas
15:49:29 DEBUG   [accesoinmobiliario] 16 avisos vía tarjetas
15:49:35 DEBUG   [fuenzalida] 20 avisos vía tarjetas
15:49:35 INFO      fuenzalida: 56 avisos en 17s
15:49:35 INFO    Barriendo Magnolia Property (magnoliaproperty)…
15:49:36 DEBUG   La red no quedó en silencio en https://houm.com/cl/arriendo-departamento-región-metropolitana/ñuñoa/174379; se lee igual
15:49:36 DEBUG   [magnoliaproperty] 6 avisos vía tarjetas
15:49:36 INFO      magnoliaproperty: 6 avisos en 1s
15:49:36 INFO    Barriendo Portilla Propiedades (portillapropiedades)…
15:49:36 DEBUG   [houm] 1 avisos vía estado-embebido
15:49:37 DEBUG   [portillapropiedades] 2 avisos vía tarjetas
15:49:37 INFO      portillapropiedades: 2 avisos en 1s
15:49:37 INFO    Barriendo Nativo Propiedades (nativopropiedades)…
15:49:37 DEBUG   [nativopropiedades] 10 avisos vía tarjetas
15:49:37 INFO      nativopropiedades: 10 avisos en 1s
15:49:37 INFO    Barriendo Enlace Inmobiliario (enlaceinmobiliario)…
15:49:38 WARNING https://www.enlaceinmobiliario.cl/ respondió 403
15:49:38 INFO    [enlaceinmobiliario] https://www.enlaceinmobiliario.cl/ rebotó al GET; se reintenta con navegador
15:49:45 DEBUG   La red no quedó en silencio en https://houm.com/cl/arriendo-departamento-región-metropolitana/recoleta/179872; se lee igual
15:49:45 DEBUG   [houm] 1 avisos vía estado-embebido
15:49:47 DEBUG   La red no quedó en silencio en https://www.enlaceinmobiliario.cl/; se lee igual
15:49:47 INFO      enlaceinmobiliario: 0 avisos en 9s
15:49:47 INFO    Barriendo Rentas.cl (rentas_cl)…
15:49:48 DEBUG   [accesoinmobiliario] 1 avisos vía tarjetas
15:49:49 DEBUG   [rentas_cl] 1 avisos vía json-ld
15:49:49 INFO      rentas_cl: 1 avisos en 2s
15:49:49 INFO    Barriendo Arriendos.cl (arriendos_cl)…
15:49:50 INFO      arriendos_cl: 0 avisos en 1s
15:49:50 INFO    Barriendo Propiedades.cl (propiedades_cl)…
15:49:51 DEBUG   [propiedades_cl] 6 avisos vía tarjetas
15:49:51 INFO      propiedades_cl: 6 avisos en 1s
15:49:51 INFO    Barriendo Clasificados.cl (clasificados_cl)…
15:49:54 DEBUG   [clasificados_cl] 1 avisos vía tarjetas
15:49:54 INFO      clasificados_cl: 1 avisos en 2s
15:49:55 DEBUG   La red no quedó en silencio en https://houm.com/cl/arriendo-departamento-región-metropolitana/recoleta/178185; se lee igual
15:49:55 DEBUG   [houm] 1 avisos vía estado-embebido
15:50:00 DEBUG   [goplaceit] 30 avisos vía json-ld
15:50:04 DEBUG   La red no quedó en silencio en https://houm.com/cl/arriendo-departamento-región-metropolitana/las-condes/177842; se lee igual
15:50:04 DEBUG   [houm] 1 avisos vía estado-embebido
15:50:09 DEBUG   [accesoinmobiliario] 1 avisos vía tarjetas
15:50:13 DEBUG   La red no quedó en silencio en https://houm.com/cl/arriendo-departamento-región-metropolitana/recoleta/176958; se lee igual
15:50:13 DEBUG   [houm] 1 avisos vía estado-embebido
15:50:19 DEBUG   [accesoinmobiliario] 1 avisos vía tarjetas
15:50:19 INFO      accesoinmobiliario: 19 avisos en 55s
15:50:21 DEBUG   La red no quedó en silencio en https://houm.com/cl/arriendo-departamento-región-metropolitana/recoleta/90462; se lee igual
15:50:21 DEBUG   [houm] 1 avisos vía estado-embebido
15:50:21 INFO      houm: 36 avisos en 88s
15:50:30 INFO      goplaceit: 90 avisos en 119s
15:50:30 INFO    Total crudo: 654 avisos
15:50:30 INFO    Después de deduplicar: 488
15:50:31 INFO    Pasaron los filtros: 49
15:50:49 DEBUG   [doomos] 18 avisos vía tarjetas
15:50:49 DEBUG   Ficha de YVT22 sin candidato propio; no se fusiona
15:50:51 DEBUG   Ficha de HW5MX sin candidato propio; no se fusiona
15:50:53 DEBUG   [doomos] 27 avisos vía tarjetas
15:50:53 DEBUG   Ficha de U44VT sin candidato propio; no se fusiona
15:50:58 DEBUG   [doomos] 27 avisos vía tarjetas
15:50:58 DEBUG   Ficha de KNAE9 sin candidato propio; no se fusiona
15:51:04 DEBUG   [doomos] 27 avisos vía tarjetas
15:51:04 DEBUG   Ficha de PR3QK sin candidato propio; no se fusiona
15:51:08 DEBUG   [doomos] 27 avisos vía tarjetas
15:51:08 DEBUG   Ficha de 2HWEW sin candidato propio; no se fusiona
15:51:09 DEBUG   [doomos] 27 avisos vía tarjetas
15:51:09 DEBUG   Ficha de ZWNAN sin candidato propio; no se fusiona
15:51:13 DEBUG   [toctoc] 1 avisos vía estado-embebido
15:51:14 DEBUG   [busconido] 11 avisos vía tarjetas
15:51:14 DEBUG   Ficha de 73MJ8 sin candidato propio; no se fusiona
15:51:16 DEBUG   [busconido] 10 avisos vía tarjetas
15:51:16 DEBUG   Ficha de WQEA3 sin candidato propio; no se fusiona
15:51:19 DEBUG   [doomos] 27 avisos vía tarjetas
15:51:19 DEBUG   Ficha de FQ6XQ sin candidato propio; no se fusiona
15:51:19 DEBUG   [busconido] 10 avisos vía tarjetas
15:51:19 DEBUG   Ficha de 7TE33 sin candidato propio; no se fusiona
15:51:23 INFO    Enriquecido y descartado: YAVJA (arriendo de $3.517.371 sobre el máximo negociable de $1.904.000)
15:51:27 INFO    Enriquecido y descartado: CC2AY (arriendo de $2.032.258 sobre el máximo negociable de $1.904.000)
15:51:28 WARNING robots.txt no permite https://placehold.co/1920x1080.mp4 — se omite
15:51:31 DEBUG   [doomos] 18 avisos vía tarjetas
15:51:31 DEBUG   Ficha de J5JN4 sin candidato propio; no se fusiona
15:51:38 DEBUG   La red no quedó en silencio en https://www.toctoc.com/arriendo/departamento/metropolitana/vitacura/b_ac8626fbaf17f6797538373e1135be54043ecbc1; se lee igual
15:51:38 DEBUG   [toctoc] 1 avisos vía estado-embebido
15:51:46 DEBUG   [engelvoelkers] 1 avisos vía json-ld
15:51:52 DEBUG   [doomos] 27 avisos vía tarjetas
15:51:52 DEBUG   Ficha de P8XMT sin candidato propio; no se fusiona
15:51:56 DEBUG   [toctoc] 1 avisos vía estado-embebido
15:52:00 DEBUG   [toctoc] 1 avisos vía estado-embebido
15:52:07 DEBUG   [toctoc] 1 avisos vía estado-embebido
15:52:07 DEBUG   [chilepropiedades] 2 avisos vía json-ld
15:52:07 WARNING robots.txt no permite https://www.nuroa.cl/adform/10342-912-b45c-1a0ce6e-984c-ada286d9a1f6-77e4?click_type=0&pos=4&searchType=2&page=1&section=1&t_sec=1&sectionType=1&pageViewId=cd1385b1-7cc1-4ffd-af54-4f1a0d86c45a&t_pvid=cd1385b1-7cc1-4ffd-af54-4f1a0d86c45a&userAgent=Mozilla%2F5.0+%28compatible%3B+radar-arriendos%2F1.0%3B+uso+personal%2C+busqueda+de+arriendo%3B+%2Bhttps%3A%2F%2Fgithub.com%2Falfonsoandona%2Farriendos-vitacura%29&browser=1&isHuman=true&userIp=20.186.238.145&what=vitacura+departamento&search_terms=vitacura+departamento&origin=1&t_or=1&splitTestId=0 — se omite
15:52:11 DEBUG   [toctoc] 1 avisos vía estado-embebido
15:52:16 INFO    Enriquecido y descartado: 75BRH (arriendo de $2.931.142 sobre el máximo negociable de $1.904.000)
15:52:37 INFO    Enriquecido y descartado: 75BRH (arriendo de $2.149.504 sobre el máximo negociable de $1.904.000)
15:52:40 INFO    Enriquecido y descartado: 75BRH (arriendo de $1.954.095 sobre el máximo negociable de $1.904.000)
15:52:55 DEBUG   [toctoc] 1 avisos vía estado-embebido
15:53:01 DEBUG   [toctoc] 1 avisos vía estado-embebido
15:53:05 WARNING robots.txt no permite https://www.nuroa.cl/adform/10342-912-e7f8-1a0a016-97e0-4460cb69457-7a3c?click_type=0&pos=20&searchType=1&page=2&section=1&t_sec=1&sectionType=1&pageViewId=9d156647-a021-46c8-8eac-f4cf523ad0c8&t_pvid=9d156647-a021-46c8-8eac-f4cf523ad0c8&userAgent=Mozilla%2F5.0+%28compatible%3B+radar-arriendos%2F1.0%3B+uso+personal%2C+busqueda+de+arriendo%3B+%2Bhttps%3A%2F%2Fgithub.com%2Falfonsoandona%2Farriendos-vitacura%29&browser=1&isHuman=true&userIp=20.186.238.145&what=vitacura+departamento&search_terms=vitacura+departamento&origin=1&t_or=1&splitTestId=0 — se omite
15:53:09 DEBUG   [toctoc] 1 avisos vía estado-embebido
15:53:13 INFO    Enriquecido y descartado: 75BRH (arriendo de $4.299.009 sobre el máximo negociable de $1.904.000)
15:53:17 INFO    Fichas leídas: 49 — 0 ganaron el año, 0 la dirección; 6 se descartaron al verlas (0 por viejos)
15:53:18 INFO    Listo: 0 avisados de 43 candidatos
