00:47:25 INFO    UF = $40.869.82 (API del día)
00:47:25 INFO    Barriendo TocToc (toctoc)…
00:47:25 INFO    Barriendo Chilepropiedades (chilepropiedades)…
00:47:25 INFO    Barriendo GoPlaceIt (goplaceit)…
00:47:25 INFO    Barriendo Yapo (yapo)…
00:47:25 DEBUG   [chilepropiedades] 10 avisos vía tarjetas
00:47:27 DEBUG   [yapo] 30 avisos vía tarjetas
00:47:27 DEBUG   [chilepropiedades] 10 avisos vía tarjetas
00:47:28 DEBUG   [goplaceit] 30 avisos vía json-ld
00:47:29 DEBUG   [yapo] 30 avisos vía tarjetas
00:47:29 DEBUG   [chilepropiedades] 10 avisos vía tarjetas
00:47:29 INFO      chilepropiedades: 30 avisos en 5s
00:47:29 INFO    Barriendo BuscoNido (busconido)…
00:47:30 DEBUG   [busconido] 23 avisos vía tarjetas
00:47:30 INFO      busconido: 23 avisos en 1s
00:47:30 INFO    Barriendo BienesOnline (bienesonline)…
00:47:31 DEBUG   [yapo] 30 avisos vía tarjetas
00:47:31 INFO      yapo: 90 avisos en 6s
00:47:31 INFO    Barriendo Economicos (El Mercurio) (economicos)…
00:47:31 DEBUG   [bienesonline] 2 avisos vía tarjetas
00:47:31 INFO      bienesonline: 2 avisos en 1s
00:47:31 INFO    Barriendo iCasas (icasas)…
00:47:31 DEBUG   [economicos] 20 avisos vía tarjetas
00:47:31 DEBUG   [toctoc] 20 avisos vía json-ld
00:47:32 DEBUG   [icasas] 15 avisos vía tarjetas
00:47:33 DEBUG   [economicos] 18 avisos vía tarjetas
00:47:34 DEBUG   [icasas] 15 avisos vía tarjetas
00:47:34 INFO      icasas: 30 avisos en 3s
00:47:34 INFO    Barriendo Doomos (doomos)…
00:47:35 DEBUG   [economicos] 13 avisos vía tarjetas
00:47:35 INFO      economicos: 51 avisos en 4s
00:47:35 INFO    Barriendo Top Propiedades (toppropiedades)…
00:47:36 DEBUG   [doomos] 31 avisos vía tarjetas
00:47:36 INFO      doomos: 31 avisos en 2s
00:47:36 INFO    Barriendo Nuroa (nuroa)…
00:47:36 DEBUG   Encoding detection: ascii is most likely the one.
00:47:37 DEBUG   [nuroa] 25 avisos vía json-ld
00:47:38 DEBUG   La red no quedó en silencio en https://www.toctoc.com/arriendo/departamento/metropolitana/vitacura/3-dormitorios?pagina=2; se lee igual
00:47:39 DEBUG   [toctoc] 20 avisos vía json-ld
00:47:39 DEBUG   [toppropiedades] 1 avisos vía json-ld
00:47:40 DEBUG   [nuroa] 25 avisos vía json-ld
00:47:41 DEBUG   [toppropiedades] 1 avisos vía json-ld
00:47:42 DEBUG   [nuroa] 25 avisos vía json-ld
00:47:43 DEBUG   [toppropiedades] 1 avisos vía json-ld
00:47:44 DEBUG   [nuroa] 25 avisos vía json-ld
00:47:44 INFO      nuroa: 100 avisos en 8s
00:47:44 INFO    Barriendo Mitula (mitula)…
00:47:45 DEBUG   [toppropiedades] 1 avisos vía json-ld
00:47:46 DEBUG   [mitula] 30 avisos vía json-ld
00:47:46 DEBUG   [toctoc] 20 avisos vía json-ld
00:47:47 DEBUG   [toppropiedades] 1 avisos vía json-ld
00:47:47 DEBUG   [mitula] 30 avisos vía json-ld
00:47:48 INFO      mitula: 60 avisos en 4s
00:47:48 INFO    Barriendo Houm (houm)…
00:47:49 DEBUG   [toppropiedades] 1 avisos vía json-ld
00:47:51 DEBUG   [toppropiedades] 1 avisos vía json-ld
00:47:53 DEBUG   La red no quedó en silencio en https://www.toctoc.com/arriendo/departamento/metropolitana/vitacura/4-dormitorios; se lee igual
00:47:53 DEBUG   [toppropiedades] 1 avisos vía json-ld
00:47:53 INFO      toppropiedades: 8 avisos en 18s
00:47:53 INFO    Barriendo Hey! Homes (heyhomes)…
00:47:54 DEBUG   [toctoc] 20 avisos vía json-ld
00:47:56 DEBUG   [heyhomes] 9 avisos vía tarjetas
00:47:56 INFO      heyhomes: 9 avisos en 3s
00:47:56 INFO    Barriendo Engel & Völkers (engelvoelkers)…
00:47:58 DEBUG   La red no quedó en silencio en https://houm.com/cl/arriendo-departamentos-region-metropolitana/vitacura/3-dormitorios; se lee igual
00:47:59 DEBUG   [houm] 28 avisos vía json-ld
00:48:01 DEBUG   [engelvoelkers] 17 avisos vía tarjetas
00:48:01 INFO      engelvoelkers: 17 avisos en 6s
00:48:01 INFO    Barriendo RE/MAX Chile (remax)…
00:48:04 DEBUG   [toctoc] 20 avisos vía json-ld
00:48:04 DEBUG   [goplaceit] 30 avisos vía json-ld
00:48:08 INFO      remax: 0 avisos en 7s
00:48:08 INFO    Barriendo Fuenzalida Propiedades (fuenzalida)…
00:48:11 DEBUG   La red no quedó en silencio en https://houm.com/cl/arriendo-departamento-región-metropolitana/las-condes/170742; se lee igual
00:48:11 DEBUG   [fuenzalida] 16 avisos vía tarjetas
00:48:12 DEBUG   [houm] 1 avisos vía estado-embebido
00:48:14 DEBUG   [toctoc] 6 avisos vía json-ld
00:48:14 INFO      toctoc: 106 avisos en 49s
00:48:14 INFO    Barriendo Century 21 Chile (century21)…
00:48:14 DEBUG   [fuenzalida] 20 avisos vía tarjetas
00:48:15 INFO      century21: 0 avisos en 2s
00:48:15 INFO    Barriendo Property Partners (propertypartners)…
00:48:16 DEBUG   [propertypartners] 1 avisos vía tarjetas
00:48:16 INFO      propertypartners: 1 avisos en 0s
00:48:16 INFO    Barriendo Acceso Inmobiliario (accesoinmobiliario)…
00:48:17 DEBUG   [fuenzalida] 20 avisos vía tarjetas
00:48:17 INFO      fuenzalida: 56 avisos en 9s
00:48:17 INFO    Barriendo Magnolia Property (magnoliaproperty)…
00:48:18 DEBUG   [magnoliaproperty] 6 avisos vía tarjetas
00:48:18 INFO      magnoliaproperty: 6 avisos en 1s
00:48:18 INFO    Barriendo Portilla Propiedades (portillapropiedades)…
00:48:19 DEBUG   [portillapropiedades] 2 avisos vía tarjetas
00:48:19 INFO      portillapropiedades: 2 avisos en 1s
00:48:19 INFO    Barriendo Nativo Propiedades (nativopropiedades)…
00:48:20 DEBUG   [nativopropiedades] 7 avisos vía tarjetas
00:48:20 INFO      nativopropiedades: 7 avisos en 1s
00:48:20 INFO    Barriendo Enlace Inmobiliario (enlaceinmobiliario)…
00:48:20 WARNING https://www.enlaceinmobiliario.cl/ respondió 403
00:48:20 INFO    [enlaceinmobiliario] https://www.enlaceinmobiliario.cl/ rebotó al GET; se reintenta con navegador
00:48:21 DEBUG   La red no quedó en silencio en https://houm.com/cl/arriendo-departamento-región-metropolitana/las-condes/175757; se lee igual
00:48:21 DEBUG   [houm] 1 avisos vía estado-embebido
00:48:22 DEBUG   [accesoinmobiliario] 16 avisos vía tarjetas
00:48:27 INFO      enlaceinmobiliario: 0 avisos en 7s
00:48:27 INFO    Barriendo Rentas.cl (rentas_cl)…
00:48:28 DEBUG   [rentas_cl] 1 avisos vía json-ld
00:48:28 INFO      rentas_cl: 1 avisos en 2s
00:48:28 INFO    Barriendo Arriendos.cl (arriendos_cl)…
00:48:29 DEBUG   [accesoinmobiliario] 1 avisos vía tarjetas
00:48:29 INFO      arriendos_cl: 0 avisos en 1s
00:48:29 INFO    Barriendo Propiedades.cl (propiedades_cl)…
00:48:30 DEBUG   [propiedades_cl] 6 avisos vía tarjetas
00:48:30 INFO      propiedades_cl: 6 avisos en 1s
00:48:30 INFO    Barriendo Clasificados.cl (clasificados_cl)…
00:48:33 DEBUG   La red no quedó en silencio en https://houm.com/cl/arriendo-departamento-región-metropolitana/ñuñoa/176912; se lee igual
00:48:33 INFO      clasificados_cl: 0 avisos en 2s
00:48:33 DEBUG   [houm] 1 avisos vía estado-embebido
00:48:35 DEBUG   [accesoinmobiliario] 1 avisos vía tarjetas
00:48:41 DEBUG   La red no quedó en silencio en https://houm.com/cl/arriendo-departamento-región-metropolitana/ñuñoa/174379; se lee igual
00:48:41 DEBUG   [houm] 1 avisos vía estado-embebido
00:48:46 DEBUG   [accesoinmobiliario] 1 avisos vía tarjetas
00:48:50 DEBUG   [goplaceit] 30 avisos vía json-ld
00:48:50 DEBUG   La red no quedó en silencio en https://houm.com/cl/arriendo-departamento-región-metropolitana/recoleta/178185; se lee igual
00:48:50 DEBUG   [houm] 1 avisos vía estado-embebido
00:48:51 DEBUG   [accesoinmobiliario] 1 avisos vía tarjetas
00:48:56 DEBUG   [accesoinmobiliario] 1 avisos vía tarjetas
00:48:56 INFO      accesoinmobiliario: 21 avisos en 40s
00:48:59 DEBUG   La red no quedó en silencio en https://houm.com/cl/arriendo-departamento-región-metropolitana/las-condes/177842; se lee igual
00:48:59 DEBUG   [houm] 1 avisos vía estado-embebido
00:49:06 DEBUG   La red no quedó en silencio en https://houm.com/cl/arriendo-departamento-región-metropolitana/recoleta/176958; se lee igual
00:49:06 DEBUG   [houm] 1 avisos vía estado-embebido
00:49:14 DEBUG   La red no quedó en silencio en https://houm.com/cl/arriendo-departamento-región-metropolitana/recoleta/90462; se lee igual
00:49:14 DEBUG   [houm] 1 avisos vía estado-embebido
00:49:14 INFO      houm: 36 avisos en 86s
00:49:17 INFO      goplaceit: 90 avisos en 112s
00:49:17 INFO    Total crudo: 783 avisos
00:49:17 INFO    Después de deduplicar: 507
00:49:17 INFO    Pasaron los filtros: 65
00:49:55 DEBUG   [economicos] 1 avisos vía tarjetas
00:49:56 DEBUG   [doomos] 18 avisos vía tarjetas
00:49:56 DEBUG   Ficha de YVT22 sin candidato propio; no se fusiona
00:49:57 DEBUG   Ficha de HW5MX sin candidato propio; no se fusiona
00:49:57 DEBUG   [economicos] 1 avisos vía tarjetas
00:49:59 DEBUG   [economicos] 1 avisos vía tarjetas
00:50:01 DEBUG   [economicos] 1 avisos vía tarjetas
00:50:03 DEBUG   [economicos] 1 avisos vía tarjetas
00:50:04 DEBUG   [doomos] 27 avisos vía tarjetas
00:50:04 DEBUG   Ficha de U44VT sin candidato propio; no se fusiona
00:50:05 DEBUG   [economicos] 1 avisos vía tarjetas
00:50:06 DEBUG   [doomos] 27 avisos vía tarjetas
00:50:06 DEBUG   Ficha de 2HWEW sin candidato propio; no se fusiona
00:50:08 DEBUG   [doomos] 27 avisos vía tarjetas
00:50:08 DEBUG   Ficha de ZWNAN sin candidato propio; no se fusiona
00:50:08 DEBUG   [economicos] 1 avisos vía tarjetas
00:50:10 DEBUG   [economicos] 1 avisos vía tarjetas
00:50:10 DEBUG   Ficha de XEC3Z sin candidato propio; no se fusiona
00:50:12 DEBUG   [economicos] 1 avisos vía tarjetas
00:50:13 WARNING Se pasó del tiempo al abrir http://GG.CC (Error); se lee lo que alcanzó a llegar
00:50:19 DEBUG   [toctoc] 1 avisos vía estado-embebido
00:50:20 DEBUG   [busconido] 11 avisos vía tarjetas
00:50:20 DEBUG   Ficha de 8EPNP sin candidato propio; no se fusiona
00:50:22 DEBUG   [busconido] 10 avisos vía tarjetas
00:50:22 DEBUG   Ficha de VWVRP sin candidato propio; no se fusiona
00:50:22 DEBUG   Pin del mapa para 3GGPP: -33.40588, -70.59576
00:50:22 DEBUG   [yapo] 1 avisos vía json-ld
00:50:22 INFO    Enriquecido y descartado: 3GGPP (34 años (construido en 1992), sobre el máximo de 30)
00:50:24 DEBUG   [busconido] 11 avisos vía tarjetas
00:50:24 DEBUG   Ficha de YYHED sin candidato propio; no se fusiona
00:50:26 DEBUG   [busconido] 10 avisos vía tarjetas
00:50:26 DEBUG   Ficha de 7GC3T sin candidato propio; no se fusiona
00:50:28 DEBUG   [busconido] 10 avisos vía tarjetas
00:50:28 DEBUG   Ficha de TX2VW sin candidato propio; no se fusiona
00:50:30 DEBUG   [busconido] 11 avisos vía tarjetas
00:50:30 DEBUG   Ficha de AK7SS sin candidato propio; no se fusiona
00:50:32 DEBUG   [busconido] 10 avisos vía tarjetas
00:50:32 DEBUG   Ficha de W7NQZ sin candidato propio; no se fusiona
00:50:34 DEBUG   [busconido] 11 avisos vía tarjetas
00:50:34 DEBUG   Ficha de VJTVY sin candidato propio; no se fusiona
00:50:36 DEBUG   [busconido] 10 avisos vía tarjetas
00:50:36 DEBUG   Ficha de SMCCK sin candidato propio; no se fusiona
00:50:36 DEBUG   [economicos] 1 avisos vía tarjetas
00:50:36 INFO    Enriquecido y descartado: S84GC (arriendo de $3.108.725 sobre el máximo negociable de $1.904.000)
00:50:38 DEBUG   [busconido] 10 avisos vía tarjetas
00:50:38 DEBUG   Ficha de BE893 sin candidato propio; no se fusiona
00:50:38 DEBUG   [economicos] 1 avisos vía tarjetas
00:50:40 DEBUG   [busconido] 10 avisos vía tarjetas
00:50:40 DEBUG   Ficha de UVQY7 sin candidato propio; no se fusiona
00:50:41 DEBUG   [doomos] 18 avisos vía tarjetas
00:50:41 DEBUG   Ficha de J5JN4 sin candidato propio; no se fusiona
00:50:47 DEBUG   [toctoc] 1 avisos vía estado-embebido
00:50:52 DEBUG   [doomos] 27 avisos vía tarjetas
00:50:52 DEBUG   Ficha de P8XMT sin candidato propio; no se fusiona
00:50:53 DEBUG   [mitula] 3 avisos vía tarjetas
00:50:57 DEBUG   [engelvoelkers] 1 avisos vía json-ld
00:51:04 DEBUG   [toctoc] 1 avisos vía estado-embebido
00:51:08 DEBUG   [toctoc] 1 avisos vía estado-embebido
00:51:17 DEBUG   [toctoc] 1 avisos vía estado-embebido
00:51:18 DEBUG   Ficha de FMDKM sin candidato propio; no se fusiona
00:51:23 DEBUG   [toctoc] 1 avisos vía estado-embebido
00:51:23 DEBUG   [chilepropiedades] 2 avisos vía json-ld
00:51:28 DEBUG   [toctoc] 1 avisos vía estado-embebido
00:51:32 DEBUG   [toctoc] 1 avisos vía estado-embebido
00:51:36 INFO    Enriquecido y descartado: 75BRH (arriendo de $2.931.142 sobre el máximo negociable de $1.904.000)
00:52:01 INFO    Enriquecido y descartado: 75BRH (arriendo de $2.149.504 sobre el máximo negociable de $1.904.000)
00:52:09 INFO    Enriquecido y descartado: 75BRH (arriendo de $1.954.095 sobre el máximo negociable de $1.904.000)
00:52:25 DEBUG   [toctoc] 1 avisos vía estado-embebido
00:52:34 DEBUG   [toctoc] 1 avisos vía estado-embebido
00:52:38 DEBUG   [toctoc] 1 avisos vía estado-embebido
00:52:42 INFO    Enriquecido y descartado: 75BRH (arriendo de $4.611.664 sobre el máximo negociable de $1.904.000)
00:52:46 INFO    Fichas leídas: 65 — 1 ganaron el año, 1 la dirección; 6 se descartaron al verlas (1 por viejos)
00:52:48 INFO    Listo: 0 avisados de 59 candidatos
