15:19:30 INFO    UF = $40.918.25 (API del día)
15:19:30 INFO    Barriendo TocToc (toctoc)…
15:19:30 INFO    Barriendo Chilepropiedades (chilepropiedades)…
15:19:30 INFO    Barriendo GoPlaceIt (goplaceit)…
15:19:30 INFO    Barriendo Yapo (yapo)…
15:19:31 DEBUG   [chilepropiedades] 10 avisos vía tarjetas
15:19:32 INFO      yapo: 0 avisos en 2s
15:19:32 INFO    Barriendo BuscoNido (busconido)…
15:19:33 DEBUG   [chilepropiedades] 10 avisos vía tarjetas
15:19:33 DEBUG   [busconido] 23 avisos vía tarjetas
15:19:33 INFO      busconido: 23 avisos en 1s
15:19:33 INFO    Barriendo BienesOnline (bienesonline)…
15:19:34 DEBUG   [bienesonline] 11 avisos vía tarjetas
15:19:34 INFO      bienesonline: 11 avisos en 1s
15:19:34 INFO    Barriendo Economicos (El Mercurio) (economicos)…
15:19:34 DEBUG   [goplaceit] 30 avisos vía json-ld
15:19:34 WARNING https://www.economicos.cl/search/propiedades/vitacura/arriendo/departamento/0 respondió 403
15:19:34 INFO    [economicos] https://www.economicos.cl/search/propiedades/vitacura/arriendo/departamento/0 rebotó al GET; se reintenta con navegador
15:19:35 DEBUG   [chilepropiedades] 10 avisos vía tarjetas
15:19:35 INFO      chilepropiedades: 30 avisos en 5s
15:19:35 INFO    Barriendo iCasas (icasas)…
15:19:36 DEBUG   [icasas] 15 avisos vía tarjetas
15:19:37 DEBUG   [toctoc] 20 avisos vía json-ld
15:19:38 DEBUG   [icasas] 15 avisos vía tarjetas
15:19:38 INFO      icasas: 30 avisos en 3s
15:19:38 INFO    Barriendo Doomos (doomos)…
15:19:39 INFO      economicos: 0 avisos en 5s
15:19:39 INFO    Barriendo Top Propiedades (toppropiedades)…
15:19:42 DEBUG   [doomos] 32 avisos vía tarjetas
15:19:42 INFO      doomos: 32 avisos en 4s
15:19:42 INFO    Barriendo Nuroa (nuroa)…
15:19:42 DEBUG   [toppropiedades] 1 avisos vía json-ld
15:19:43 DEBUG   Encoding detection: ascii is most likely the one.
15:19:44 DEBUG   [nuroa] 25 avisos vía json-ld
15:19:44 DEBUG   [toppropiedades] 1 avisos vía json-ld
15:19:45 DEBUG   La red no quedó en silencio en https://www.toctoc.com/arriendo/departamento/metropolitana/vitacura/3-dormitorios?pagina=2; se lee igual
15:19:45 DEBUG   [toctoc] 20 avisos vía json-ld
15:19:46 DEBUG   [nuroa] 25 avisos vía json-ld
15:19:46 DEBUG   [toppropiedades] 1 avisos vía json-ld
15:19:48 DEBUG   [nuroa] 25 avisos vía json-ld
15:19:48 DEBUG   [toppropiedades] 1 avisos vía json-ld
15:19:50 DEBUG   [nuroa] 25 avisos vía json-ld
15:19:50 INFO      nuroa: 100 avisos en 8s
15:19:50 INFO    Barriendo Mitula (mitula)…
15:19:50 DEBUG   [toppropiedades] 1 avisos vía json-ld
15:19:51 DEBUG   [toctoc] 20 avisos vía json-ld
15:19:52 DEBUG   [mitula] 30 avisos vía json-ld
15:19:52 DEBUG   [toppropiedades] 1 avisos vía json-ld
15:19:54 DEBUG   [mitula] 30 avisos vía json-ld
15:19:54 INFO      mitula: 60 avisos en 4s
15:19:54 INFO    Barriendo Houm (houm)…
15:19:54 DEBUG   [toppropiedades] 1 avisos vía json-ld
15:19:56 DEBUG   [toppropiedades] 1 avisos vía json-ld
15:19:56 INFO      toppropiedades: 8 avisos en 18s
15:19:56 INFO    Barriendo Hey! Homes (heyhomes)…
15:19:57 DEBUG   [toctoc] 20 avisos vía json-ld
15:19:59 DEBUG   [heyhomes] 9 avisos vía tarjetas
15:19:59 INFO      heyhomes: 9 avisos en 3s
15:19:59 INFO    Barriendo Engel & Völkers (engelvoelkers)…
15:20:00 DEBUG   [houm] 28 avisos vía json-ld
15:20:05 DEBUG   [engelvoelkers] 18 avisos vía tarjetas
15:20:05 INFO      engelvoelkers: 18 avisos en 6s
15:20:05 INFO    Barriendo RE/MAX Chile (remax)…
15:20:07 DEBUG   [toctoc] 20 avisos vía json-ld
15:20:10 DEBUG   [goplaceit] 30 avisos vía json-ld
15:20:12 DEBUG   La red no quedó en silencio en https://houm.com/cl/arriendo-departamento-región-metropolitana/las-condes/170742; se lee igual
15:20:12 DEBUG   [houm] 1 avisos vía estado-embebido
15:20:14 INFO      remax: 0 avisos en 8s
15:20:14 INFO    Barriendo Fuenzalida Propiedades (fuenzalida)…
15:20:17 DEBUG   [fuenzalida] 16 avisos vía tarjetas
15:20:19 DEBUG   La red no quedó en silencio en https://www.toctoc.com/arriendo/departamento/metropolitana/vitacura/4-dormitorios?pagina=3; se lee igual
15:20:20 DEBUG   [toctoc] 40 avisos vía estado-embebido
15:20:20 INFO      toctoc: 140 avisos en 49s
15:20:20 INFO    Barriendo Century 21 Chile (century21)…
15:20:20 DEBUG   [fuenzalida] 20 avisos vía tarjetas
15:20:22 INFO      century21: 0 avisos en 2s
15:20:22 INFO    Barriendo Property Partners (propertypartners)…
15:20:22 DEBUG   [propertypartners] 1 avisos vía tarjetas
15:20:22 INFO      propertypartners: 1 avisos en 0s
15:20:22 INFO    Barriendo Acceso Inmobiliario (accesoinmobiliario)…
15:20:25 DEBUG   La red no quedó en silencio en https://houm.com/cl/arriendo-departamento-región-metropolitana/las-condes/175757; se lee igual
15:20:25 DEBUG   [houm] 1 avisos vía estado-embebido
15:20:26 DEBUG   [accesoinmobiliario] 16 avisos vía tarjetas
15:20:27 DEBUG   [fuenzalida] 20 avisos vía tarjetas
15:20:27 INFO      fuenzalida: 56 avisos en 13s
15:20:27 INFO    Barriendo Magnolia Property (magnoliaproperty)…
15:20:28 DEBUG   [magnoliaproperty] 8 avisos vía tarjetas
15:20:28 INFO      magnoliaproperty: 8 avisos en 1s
15:20:28 INFO    Barriendo Portilla Propiedades (portillapropiedades)…
15:20:29 DEBUG   [portillapropiedades] 2 avisos vía tarjetas
15:20:29 INFO      portillapropiedades: 2 avisos en 1s
15:20:29 INFO    Barriendo Nativo Propiedades (nativopropiedades)…
15:20:29 DEBUG   [nativopropiedades] 10 avisos vía tarjetas
15:20:30 INFO      nativopropiedades: 10 avisos en 1s
15:20:30 INFO    Barriendo Enlace Inmobiliario (enlaceinmobiliario)…
15:20:30 WARNING https://www.enlaceinmobiliario.cl/ respondió 403
15:20:30 INFO    [enlaceinmobiliario] https://www.enlaceinmobiliario.cl/ rebotó al GET; se reintenta con navegador
15:20:33 DEBUG   La red no quedó en silencio en https://houm.com/cl/arriendo-departamento-región-metropolitana/ñuñoa/164010; se lee igual
15:20:34 DEBUG   [houm] 1 avisos vía estado-embebido
15:20:36 INFO      enlaceinmobiliario: 0 avisos en 6s
15:20:36 INFO    Barriendo Rentas.cl (rentas_cl)…
15:20:38 DEBUG   [rentas_cl] 1 avisos vía json-ld
15:20:38 INFO      rentas_cl: 1 avisos en 2s
15:20:38 INFO    Barriendo Arriendos.cl (arriendos_cl)…
15:20:39 INFO      arriendos_cl: 0 avisos en 1s
15:20:39 INFO    Barriendo Propiedades.cl (propiedades_cl)…
15:20:40 DEBUG   [propiedades_cl] 6 avisos vía tarjetas
15:20:40 INFO      propiedades_cl: 6 avisos en 1s
15:20:40 INFO    Barriendo Clasificados.cl (clasificados_cl)…
15:20:42 INFO      clasificados_cl: 0 avisos en 2s
15:20:43 DEBUG   La red no quedó en silencio en https://houm.com/cl/arriendo-departamento-región-metropolitana/lo-barnechea/74201; se lee igual
15:20:44 DEBUG   [houm] 1 avisos vía estado-embebido
15:20:44 DEBUG   [accesoinmobiliario] 1 avisos vía tarjetas
15:20:50 DEBUG   [accesoinmobiliario] 1 avisos vía tarjetas
15:20:51 DEBUG   La red no quedó en silencio en https://houm.com/cl/arriendo-departamento-región-metropolitana/providencia/175947; se lee igual
15:20:51 DEBUG   [houm] 1 avisos vía estado-embebido
15:20:52 DEBUG   [goplaceit] 30 avisos vía json-ld
15:20:59 DEBUG   La red no quedó en silencio en https://houm.com/cl/arriendo-departamento-región-metropolitana/ñuñoa/174379; se lee igual
15:20:59 DEBUG   [houm] 1 avisos vía estado-embebido
15:20:59 INFO      accesoinmobiliario: 18 avisos en 38s
15:21:07 DEBUG   La red no quedó en silencio en https://houm.com/cl/arriendo-departamento-región-metropolitana/recoleta/179872; se lee igual
15:21:07 DEBUG   [houm] 1 avisos vía estado-embebido
15:21:14 DEBUG   La red no quedó en silencio en https://houm.com/cl/arriendo-departamento-región-metropolitana/recoleta/178185; se lee igual
15:21:14 DEBUG   [houm] 1 avisos vía estado-embebido
15:21:14 INFO      houm: 36 avisos en 80s
15:21:20 INFO      goplaceit: 90 avisos en 109s
15:21:20 INFO    Total crudo: 689 avisos
15:21:20 INFO    Después de deduplicar: 436
15:21:20 INFO    Pasaron los filtros: 52
15:21:43 DEBUG   [doomos] 18 avisos vía tarjetas
15:21:43 DEBUG   Ficha de YVT22 sin candidato propio; no se fusiona
15:21:43 DEBUG   Ficha de HW5MX sin candidato propio; no se fusiona
15:21:45 DEBUG   [doomos] 27 avisos vía tarjetas
15:21:45 DEBUG   Ficha de U44VT sin candidato propio; no se fusiona
15:21:48 DEBUG   [doomos] 27 avisos vía tarjetas
15:21:48 DEBUG   Ficha de KNAE9 sin candidato propio; no se fusiona
15:21:49 DEBUG   [doomos] 27 avisos vía tarjetas
15:21:49 DEBUG   Ficha de PR3QK sin candidato propio; no se fusiona
15:21:50 DEBUG   [doomos] 27 avisos vía tarjetas
15:21:50 DEBUG   Ficha de 2HWEW sin candidato propio; no se fusiona
15:21:52 DEBUG   [doomos] 27 avisos vía tarjetas
15:21:52 DEBUG   Ficha de ZWNAN sin candidato propio; no se fusiona
15:21:55 DEBUG   [doomos] 27 avisos vía tarjetas
15:21:55 DEBUG   Ficha de FDXSM sin candidato propio; no se fusiona
15:21:56 DEBUG   [magnoliaproperty] 2 avisos vía tarjetas
15:21:56 DEBUG   Ficha de G4H4N sin candidato propio; no se fusiona
15:21:56 DEBUG   [busconido] 10 avisos vía tarjetas
15:21:56 DEBUG   Ficha de TKTCZ sin candidato propio; no se fusiona
15:21:59 DEBUG   [doomos] 27 avisos vía tarjetas
15:21:59 DEBUG   Ficha de FQ6XQ sin candidato propio; no se fusiona
15:21:59 DEBUG   [busconido] 10 avisos vía tarjetas
15:21:59 DEBUG   Ficha de ZKWUC sin candidato propio; no se fusiona
15:22:01 DEBUG   [busconido] 10 avisos vía tarjetas
15:22:01 DEBUG   Ficha de X4AHM sin candidato propio; no se fusiona
15:22:03 DEBUG   [busconido] 11 avisos vía tarjetas
15:22:03 DEBUG   Ficha de X2YEB sin candidato propio; no se fusiona
15:22:07 INFO    Enriquecido y descartado: YAVJA (arriendo de $3.517.371 sobre el máximo negociable de $1.904.000)
15:22:11 INFO    Enriquecido y descartado: CC2AY (arriendo de $2.032.258 sobre el máximo negociable de $1.904.000)
15:22:12 DEBUG   [magnoliaproperty] 2 avisos vía tarjetas
15:22:15 DEBUG   [doomos] 18 avisos vía tarjetas
15:22:15 DEBUG   Ficha de J5JN4 sin candidato propio; no se fusiona
15:22:21 DEBUG   [toctoc] 1 avisos vía estado-embebido
15:22:32 DEBUG   [engelvoelkers] 1 avisos vía json-ld
15:22:34 DEBUG   [doomos] 27 avisos vía tarjetas
15:22:34 DEBUG   Ficha de P8XMT sin candidato propio; no se fusiona
15:22:41 DEBUG   La red no quedó en silencio en https://www.toctoc.com/arriendo/departamento/metropolitana/vitacura/b_62313db937b2eb47fc03dd6bc00d3af11b5bf811; se lee igual
15:22:41 DEBUG   [toctoc] 1 avisos vía estado-embebido
15:22:46 DEBUG   [toctoc] 1 avisos vía estado-embebido
15:22:54 DEBUG   [toctoc] 1 avisos vía estado-embebido
15:22:59 DEBUG   [toctoc] 1 avisos vía estado-embebido
15:23:04 DEBUG   [toctoc] 1 avisos vía estado-embebido
15:23:05 DEBUG   [chilepropiedades] 2 avisos vía json-ld
15:23:10 DEBUG   [toctoc] 1 avisos vía estado-embebido
15:23:14 DEBUG   [toctoc] 1 avisos vía estado-embebido
15:23:20 DEBUG   [toctoc] 1 avisos vía estado-embebido
15:23:24 INFO    Enriquecido y descartado: 75BRH (arriendo de $2.931.142 sobre el máximo negociable de $1.904.000)
15:23:48 INFO    Enriquecido y descartado: 75BRH (arriendo de $2.149.504 sobre el máximo negociable de $1.904.000)
15:23:52 INFO    Enriquecido y descartado: 75BRH (arriendo de $1.954.095 sobre el máximo negociable de $1.904.000)
15:24:08 DEBUG   [toctoc] 1 avisos vía estado-embebido
15:24:19 DEBUG   La red no quedó en silencio en https://www.toctoc.com/arriendo/departamento/metropolitana/vitacura/b_5a37b5df7f9d79c4bd1ab716a6babbded3d95b42; se lee igual
15:24:19 DEBUG   [toctoc] 1 avisos vía estado-embebido
15:24:24 DEBUG   [toctoc] 1 avisos vía estado-embebido
15:24:28 INFO    Enriquecido y descartado: 75BRH (arriendo de $4.299.009 sobre el máximo negociable de $1.904.000)
15:24:32 INFO    Fichas leídas: 52 — 0 ganaron el año, 0 la dirección; 6 se descartaron al verlas (0 por viejos)
15:24:33 INFO    Listo: 0 avisados de 46 candidatos
