19:12:26 INFO    UF = $40.879.04 (API del día)
19:12:26 INFO    Barriendo TocToc (toctoc)…
19:12:26 INFO    Barriendo Chilepropiedades (chilepropiedades)…
19:12:26 INFO    Barriendo GoPlaceIt (goplaceit)…
19:12:26 INFO    Barriendo Yapo (yapo)…
19:12:27 DEBUG   [chilepropiedades] 10 avisos vía tarjetas
19:12:28 INFO      yapo: 0 avisos en 2s
19:12:28 INFO    Barriendo BuscoNido (busconido)…
19:12:29 DEBUG   [chilepropiedades] 10 avisos vía tarjetas
19:12:29 DEBUG   [busconido] 23 avisos vía tarjetas
19:12:29 INFO      busconido: 23 avisos en 1s
19:12:29 INFO    Barriendo BienesOnline (bienesonline)…
19:12:30 DEBUG   [goplaceit] 30 avisos vía json-ld
19:12:30 DEBUG   [bienesonline] 17 avisos vía tarjetas
19:12:30 INFO      bienesonline: 17 avisos en 1s
19:12:30 INFO    Barriendo Economicos (El Mercurio) (economicos)…
19:12:31 DEBUG   [economicos] 20 avisos vía tarjetas
19:12:31 DEBUG   [chilepropiedades] 10 avisos vía tarjetas
19:12:31 INFO      chilepropiedades: 30 avisos en 5s
19:12:31 INFO    Barriendo iCasas (icasas)…
19:12:32 DEBUG   [icasas] 15 avisos vía tarjetas
19:12:32 DEBUG   [toctoc] 20 avisos vía json-ld
19:12:33 DEBUG   [economicos] 18 avisos vía tarjetas
19:12:34 DEBUG   [icasas] 15 avisos vía tarjetas
19:12:34 INFO      icasas: 30 avisos en 3s
19:12:34 INFO    Barriendo Doomos (doomos)…
19:12:34 DEBUG   [economicos] 13 avisos vía tarjetas
19:12:34 INFO      economicos: 51 avisos en 4s
19:12:34 INFO    Barriendo Top Propiedades (toppropiedades)…
19:12:35 DEBUG   [doomos] 32 avisos vía tarjetas
19:12:35 INFO      doomos: 32 avisos en 2s
19:12:35 INFO    Barriendo Nuroa (nuroa)…
19:12:36 DEBUG   Encoding detection: ascii is most likely the one.
19:12:37 DEBUG   [nuroa] 25 avisos vía json-ld
19:12:39 DEBUG   [toppropiedades] 1 avisos vía json-ld
19:12:39 DEBUG   La red no quedó en silencio en https://www.toctoc.com/arriendo/departamento/metropolitana/vitacura/3-dormitorios?pagina=2; se lee igual
19:12:40 DEBUG   [nuroa] 25 avisos vía json-ld
19:12:41 DEBUG   [toctoc] 68 avisos vía json-ld
19:12:41 DEBUG   [toppropiedades] 1 avisos vía json-ld
19:12:41 DEBUG   [nuroa] 25 avisos vía json-ld
19:12:43 DEBUG   [toppropiedades] 1 avisos vía json-ld
19:12:43 DEBUG   [nuroa] 25 avisos vía json-ld
19:12:44 INFO      nuroa: 100 avisos en 8s
19:12:44 INFO    Barriendo Mitula (mitula)…
19:12:45 DEBUG   [toppropiedades] 1 avisos vía json-ld
19:12:45 DEBUG   [mitula] 30 avisos vía json-ld
19:12:47 DEBUG   [toppropiedades] 1 avisos vía json-ld
19:12:47 DEBUG   [toctoc] 20 avisos vía json-ld
19:12:47 DEBUG   [mitula] 30 avisos vía json-ld
19:12:48 INFO      mitula: 60 avisos en 4s
19:12:48 INFO    Barriendo Houm (houm)…
19:12:49 DEBUG   [toppropiedades] 1 avisos vía json-ld
19:12:51 DEBUG   [toppropiedades] 1 avisos vía json-ld
19:12:53 DEBUG   [toppropiedades] 1 avisos vía json-ld
19:12:53 INFO      toppropiedades: 8 avisos en 18s
19:12:53 INFO    Barriendo Hey! Homes (heyhomes)…
19:12:54 DEBUG   La red no quedó en silencio en https://www.toctoc.com/arriendo/departamento/metropolitana/vitacura/4-dormitorios; se lee igual
19:12:54 DEBUG   [toctoc] 20 avisos vía json-ld
19:12:55 DEBUG   [heyhomes] 9 avisos vía tarjetas
19:12:55 INFO      heyhomes: 9 avisos en 3s
19:12:55 INFO    Barriendo Engel & Völkers (engelvoelkers)…
19:12:57 DEBUG   La red no quedó en silencio en https://houm.com/cl/arriendo-departamentos-region-metropolitana/vitacura/3-dormitorios; se lee igual
19:12:57 DEBUG   [houm] 28 avisos vía json-ld
19:13:02 DEBUG   [engelvoelkers] 15 avisos vía tarjetas
19:13:02 INFO      engelvoelkers: 15 avisos en 7s
19:13:02 INFO    Barriendo RE/MAX Chile (remax)…
19:13:03 DEBUG   [toctoc] 20 avisos vía json-ld
19:13:10 DEBUG   La red no quedó en silencio en https://houm.com/cl/arriendo-departamento-región-metropolitana/las-condes/170742; se lee igual
19:13:10 DEBUG   [houm] 1 avisos vía estado-embebido
19:13:12 INFO      remax: 0 avisos en 9s
19:13:12 INFO    Barriendo Fuenzalida Propiedades (fuenzalida)…
19:13:15 DEBUG   [fuenzalida] 16 avisos vía tarjetas
19:13:15 DEBUG   [goplaceit] 30 avisos vía json-ld
19:13:16 DEBUG   [toctoc] 4 avisos vía json-ld
19:13:16 INFO      toctoc: 152 avisos en 50s
19:13:16 INFO    Barriendo Century 21 Chile (century21)…
19:13:18 DEBUG   [fuenzalida] 20 avisos vía tarjetas
19:13:18 INFO      century21: 0 avisos en 2s
19:13:18 INFO    Barriendo Property Partners (propertypartners)…
19:13:18 DEBUG   [propertypartners] 1 avisos vía tarjetas
19:13:18 INFO      propertypartners: 1 avisos en 0s
19:13:18 INFO    Barriendo Acceso Inmobiliario (accesoinmobiliario)…
19:13:21 DEBUG   [fuenzalida] 20 avisos vía tarjetas
19:13:21 INFO      fuenzalida: 56 avisos en 9s
19:13:21 INFO    Barriendo Magnolia Property (magnoliaproperty)…
19:13:22 DEBUG   [magnoliaproperty] 6 avisos vía tarjetas
19:13:22 INFO      magnoliaproperty: 6 avisos en 1s
19:13:22 INFO    Barriendo Portilla Propiedades (portillapropiedades)…
19:13:23 DEBUG   [portillapropiedades] 2 avisos vía tarjetas
19:13:23 INFO      portillapropiedades: 2 avisos en 1s
19:13:23 INFO    Barriendo Nativo Propiedades (nativopropiedades)…
19:13:23 DEBUG   La red no quedó en silencio en https://houm.com/cl/arriendo-departamento-región-metropolitana/las-condes/175757; se lee igual
19:13:23 DEBUG   [houm] 1 avisos vía estado-embebido
19:13:23 DEBUG   [accesoinmobiliario] 15 avisos vía tarjetas
19:13:23 DEBUG   [nativopropiedades] 7 avisos vía tarjetas
19:13:23 INFO      nativopropiedades: 7 avisos en 1s
19:13:23 INFO    Barriendo Enlace Inmobiliario (enlaceinmobiliario)…
19:13:23 WARNING https://www.enlaceinmobiliario.cl/ respondió 403
19:13:23 INFO    [enlaceinmobiliario] https://www.enlaceinmobiliario.cl/ rebotó al GET; se reintenta con navegador
19:13:28 DEBUG   [accesoinmobiliario] 1 avisos vía tarjetas
19:13:30 DEBUG   La red no quedó en silencio en https://houm.com/cl/arriendo-departamento-región-metropolitana/ñuñoa/174379; se lee igual
19:13:31 DEBUG   [houm] 1 avisos vía estado-embebido
19:13:31 INFO      enlaceinmobiliario: 0 avisos en 8s
19:13:31 INFO    Barriendo Rentas.cl (rentas_cl)…
19:13:33 DEBUG   [rentas_cl] 1 avisos vía json-ld
19:13:33 INFO      rentas_cl: 1 avisos en 2s
19:13:33 INFO    Barriendo Arriendos.cl (arriendos_cl)…
19:13:34 INFO      arriendos_cl: 0 avisos en 1s
19:13:34 INFO    Barriendo Propiedades.cl (propiedades_cl)…
19:13:35 DEBUG   [propiedades_cl] 6 avisos vía tarjetas
19:13:35 INFO      propiedades_cl: 6 avisos en 1s
19:13:35 INFO    Barriendo Clasificados.cl (clasificados_cl)…
19:13:38 DEBUG   [clasificados_cl] 1 avisos vía tarjetas
19:13:38 INFO      clasificados_cl: 1 avisos en 3s
19:13:40 DEBUG   La red no quedó en silencio en https://houm.com/cl/arriendo-departamento-región-metropolitana/recoleta/178185; se lee igual
19:13:40 DEBUG   [houm] 1 avisos vía estado-embebido
19:13:48 DEBUG   La red no quedó en silencio en https://houm.com/cl/arriendo-departamento-región-metropolitana/las-condes/177842; se lee igual
19:13:48 DEBUG   [accesoinmobiliario] 1 avisos vía tarjetas
19:13:48 DEBUG   [houm] 1 avisos vía estado-embebido
19:13:50 INFO      accesoinmobiliario: 17 avisos en 32s
19:13:55 DEBUG   [goplaceit] 30 avisos vía json-ld
19:13:57 DEBUG   La red no quedó en silencio en https://houm.com/cl/arriendo-departamento-región-metropolitana/recoleta/176958; se lee igual
19:13:57 DEBUG   [houm] 1 avisos vía estado-embebido
19:14:05 DEBUG   La red no quedó en silencio en https://houm.com/cl/arriendo-departamento-región-metropolitana/recoleta/90462; se lee igual
19:14:05 DEBUG   [houm] 1 avisos vía estado-embebido
19:14:12 DEBUG   La red no quedó en silencio en https://houm.com/cl/arriendo-departamento-región-metropolitana/ñuñoa/148216; se lee igual
19:14:12 DEBUG   [houm] 1 avisos vía estado-embebido
19:14:12 INFO      houm: 36 avisos en 85s
19:14:20 INFO      goplaceit: 90 avisos en 114s
19:14:20 INFO    Total crudo: 750 avisos
19:14:20 INFO    Después de deduplicar: 499
19:14:20 INFO    Pasaron los filtros: 87
19:14:52 DEBUG   [economicos] 1 avisos vía tarjetas
19:14:53 DEBUG   [doomos] 18 avisos vía tarjetas
19:14:53 DEBUG   Ficha de YVT22 sin candidato propio; no se fusiona
19:14:55 DEBUG   Ficha de HW5MX sin candidato propio; no se fusiona
19:14:55 DEBUG   [economicos] 1 avisos vía tarjetas
19:14:57 DEBUG   [economicos] 1 avisos vía tarjetas
19:14:59 DEBUG   [economicos] 1 avisos vía tarjetas
19:15:01 DEBUG   [economicos] 1 avisos vía tarjetas
19:15:02 DEBUG   [doomos] 27 avisos vía tarjetas
19:15:02 DEBUG   Ficha de U44VT sin candidato propio; no se fusiona
19:15:03 DEBUG   [doomos] 27 avisos vía tarjetas
19:15:03 DEBUG   Ficha de KNAE9 sin candidato propio; no se fusiona
19:15:07 DEBUG   [doomos] 27 avisos vía tarjetas
19:15:07 DEBUG   Ficha de PR3QK sin candidato propio; no se fusiona
19:15:08 DEBUG   [doomos] 27 avisos vía tarjetas
19:15:08 DEBUG   Ficha de 2HWEW sin candidato propio; no se fusiona
19:15:08 DEBUG   [economicos] 1 avisos vía tarjetas
19:15:10 DEBUG   [doomos] 27 avisos vía tarjetas
19:15:10 DEBUG   Ficha de ZWNAN sin candidato propio; no se fusiona
19:15:10 DEBUG   [economicos] 1 avisos vía tarjetas
19:15:15 DEBUG   Pin del mapa para 926YZ: -33.40410, -70.59081
19:15:15 DEBUG   [toctoc] 1 avisos vía estado-embebido
19:15:15 INFO    Enriquecido y descartado: P9HA4 (arriendo de $2.575.380 sobre el máximo negociable de $1.904.000)
19:15:21 DEBUG   La red no quedó en silencio en https://www.toctoc.com/arriendo/departamento/metropolitana/vitacura/b_b8e9650ab3cede08eadf62f5c2c528b50c99d78c; se lee igual
19:15:22 DEBUG   Pin del mapa para WUDC7: -33.40513, -70.59400
19:15:22 DEBUG   [toctoc] 1 avisos vía estado-embebido
19:15:22 INFO    Enriquecido y descartado: BYPVE (100 m² totales, no llega a más de 100 m²)
19:15:22 DEBUG   [economicos] 1 avisos vía tarjetas
19:15:22 DEBUG   Ficha de XEC3Z sin candidato propio; no se fusiona
19:15:24 DEBUG   [economicos] 1 avisos vía tarjetas
19:15:30 DEBUG   La red no quedó en silencio en https://www.toctoc.com/arriendo/departamento/metropolitana/vitacura/b_fcce67f64655e74722493467e0943e3acb167be3; se lee igual
19:15:30 DEBUG   [toctoc] 1 avisos vía estado-embebido
19:15:31 DEBUG   [busconido] 10 avisos vía tarjetas
19:15:31 DEBUG   Ficha de JX7T6 sin candidato propio; no se fusiona
19:15:33 DEBUG   [busconido] 10 avisos vía tarjetas
19:15:33 DEBUG   Ficha de 8ZVSG sin candidato propio; no se fusiona
19:15:35 DEBUG   [busconido] 10 avisos vía tarjetas
19:15:35 DEBUG   Ficha de KTFQD sin candidato propio; no se fusiona
19:15:37 DEBUG   [busconido] 11 avisos vía tarjetas
19:15:37 DEBUG   Ficha de E8QZY sin candidato propio; no se fusiona
19:15:39 DEBUG   [busconido] 11 avisos vía tarjetas
19:15:39 DEBUG   Ficha de 46TGY sin candidato propio; no se fusiona
19:15:39 DEBUG   [economicos] 1 avisos vía tarjetas
19:15:39 INFO    Enriquecido y descartado: S84GC (arriendo de $3.108.725 sobre el máximo negociable de $1.904.000)
19:15:43 INFO    Enriquecido y descartado: YAVJA (arriendo de $3.517.371 sobre el máximo negociable de $1.904.000)
19:15:43 DEBUG   [economicos] 1 avisos vía tarjetas
19:15:47 DEBUG   Pin del mapa para GDEV4: -33.40522, -70.59529
19:15:47 DEBUG   [toctoc] 1 avisos vía estado-embebido
19:15:47 INFO    Enriquecido y descartado: URZMS (arriendo de $3.600.000 sobre el máximo negociable de $1.904.000)
19:15:52 DEBUG   Pin del mapa para VB9ST: -33.38575, -70.56115
19:15:52 DEBUG   [toctoc] 1 avisos vía estado-embebido
19:15:52 INFO    Enriquecido y descartado: VZXBC (arriendo de $3.474.718 sobre el máximo negociable de $1.904.000)
19:15:56 DEBUG   Pin del mapa para MVQQV: -33.40571, -70.59718
19:15:56 DEBUG   [toctoc] 1 avisos vía estado-embebido
19:15:56 INFO    Enriquecido y descartado: DZCSP (arriendo de $3.270.323 sobre el máximo negociable de $1.904.000)
19:16:01 DEBUG   Pin del mapa para 9YQR3: -33.37213, -70.54192
19:16:01 DEBUG   [toctoc] 1 avisos vía estado-embebido
19:16:01 INFO    Enriquecido y descartado: E9R23 (arriendo de $4.496.694 sobre el máximo negociable de $1.904.000)
19:16:06 INFO    Enriquecido y descartado: CC2AY (arriendo de $2.032.258 sobre el máximo negociable de $1.904.000)
19:16:12 DEBUG   La red no quedó en silencio en https://www.toctoc.com/arriendo/departamento/metropolitana/vitacura/b_cb4f3892be878d5f5d5f71b811a6f8c135f3484d; se lee igual
19:16:13 DEBUG   Pin del mapa para EJMU3: -33.39788, -70.58897
19:16:13 DEBUG   [toctoc] 1 avisos vía estado-embebido
19:16:13 INFO    Enriquecido y descartado: W6ATB (arriendo de $2.411.863 sobre el máximo negociable de $1.904.000)
19:16:19 DEBUG   La red no quedó en silencio en https://www.toctoc.com/arriendo/departamento/metropolitana/vitacura/b_40eebbc34fc5cea0e96afef7a202dc66ed8880a7; se lee igual
19:16:19 DEBUG   Pin del mapa para HCBT4: -33.40571, -70.59352
19:16:19 DEBUG   [toctoc] 1 avisos vía estado-embebido
19:16:20 INFO    Enriquecido y descartado: XGTG5 (45 años (construido en 1981), sobre el máximo de 30)
19:16:24 DEBUG   [toctoc] 1 avisos vía tarjetas
19:16:24 INFO    Enriquecido y descartado: 4PNXC (arriendo de $3.065.928 sobre el máximo negociable de $1.904.000)
19:16:28 DEBUG   Pin del mapa para D2GPN: -33.39031, -70.59455
19:16:28 DEBUG   [toctoc] 1 avisos vía estado-embebido
19:16:28 INFO    Enriquecido y descartado: YNANX (arriendo de $3.270.323 sobre el máximo negociable de $1.904.000)
19:16:33 DEBUG   Pin del mapa para X3YFD: -33.40596, -70.59695
19:16:33 DEBUG   [toctoc] 1 avisos vía estado-embebido
19:16:33 INFO    Enriquecido y descartado: B5SVA (arriendo de $3.270.323 sobre el máximo negociable de $1.904.000)
19:16:38 DEBUG   Pin del mapa para JS3C5: -33.37683, -70.54385
19:16:38 DEBUG   [toctoc] 1 avisos vía estado-embebido
19:16:38 INFO    Enriquecido y descartado: 4JZ9G (arriendo de $1.962.194 sobre el máximo negociable de $1.904.000)
19:16:43 DEBUG   [toctoc] 1 avisos vía estado-embebido
19:16:43 INFO    Enriquecido y descartado: QTDYS (arriendo de $3.270.323 sobre el máximo negociable de $1.904.000)
19:16:48 DEBUG   [toctoc] 1 avisos vía estado-embebido
19:16:48 INFO    Enriquecido y descartado: XYCGS (arriendo de $2.411.863 sobre el máximo negociable de $1.904.000)
19:16:48 DEBUG   [busconido] 10 avisos vía tarjetas
19:16:48 DEBUG   Ficha de 93APS sin candidato propio; no se fusiona
19:16:50 DEBUG   [busconido] 10 avisos vía tarjetas
19:16:50 DEBUG   Ficha de 45SXZ sin candidato propio; no se fusiona
19:16:51 DEBUG   [doomos] 18 avisos vía tarjetas
19:16:51 DEBUG   Ficha de J5JN4 sin candidato propio; no se fusiona
19:16:58 DEBUG   [toctoc] 1 avisos vía estado-embebido
19:17:03 DEBUG   [doomos] 27 avisos vía tarjetas
19:17:03 DEBUG   Ficha de P8XMT sin candidato propio; no se fusiona
19:17:09 DEBUG   [engelvoelkers] 1 avisos vía json-ld
19:17:10 DEBUG   [mitula] 3 avisos vía tarjetas
19:17:17 DEBUG   [toctoc] 1 avisos vía estado-embebido
19:17:28 DEBUG   La red no quedó en silencio en https://www.toctoc.com/arriendo/departamento/metropolitana/vitacura/b_62313db937b2eb47fc03dd6bc00d3af11b5bf811; se lee igual
19:17:28 DEBUG   [toctoc] 1 avisos vía estado-embebido
19:17:28 DEBUG   [chilepropiedades] 2 avisos vía json-ld
19:17:33 DEBUG   [toctoc] 1 avisos vía estado-embebido
19:17:39 DEBUG   La red no quedó en silencio en https://www.toctoc.com/arriendo/departamento/metropolitana/vitacura/b_ed422a19d8fe7c5a675f79548ce59f765efd9391; se lee igual
19:17:39 DEBUG   [toctoc] 1 avisos vía estado-embebido
19:17:39 INFO    Enriquecido y descartado: 2VPS4 (arriendo de $4.006.146 sobre el máximo negociable de $1.904.000)
19:17:46 DEBUG   La red no quedó en silencio en https://www.toctoc.com/arriendo/departamento/metropolitana/vitacura/b_a7fcb2d18be259e7b3308fcb57b4283acb63013b; se lee igual
19:17:46 DEBUG   [toctoc] 1 avisos vía estado-embebido
19:17:46 INFO    Enriquecido y descartado: QKSRR (arriendo de $3.474.718 sobre el máximo negociable de $1.904.000)
19:17:50 INFO    Enriquecido y descartado: 75BRH (arriendo de $2.931.142 sobre el máximo negociable de $1.904.000)
19:17:57 DEBUG   La red no quedó en silencio en https://www.toctoc.com/arriendo/departamento/metropolitana/vitacura/b_de4250f307596f05a7484792c53fb8e3790615d1; se lee igual
19:17:57 DEBUG   [toctoc] 1 avisos vía estado-embebido
19:17:57 INFO    Enriquecido y descartado: THCTF (arriendo de $2.493.621 sobre el máximo negociable de $1.904.000)
19:18:24 INFO    Enriquecido y descartado: 75BRH (arriendo de $1.954.095 sobre el máximo negociable de $1.904.000)
19:18:40 DEBUG   [toctoc] 1 avisos vía estado-embebido
19:18:47 DEBUG   La red no quedó en silencio en https://www.toctoc.com/arriendo/departamento/metropolitana/vitacura/b_3599595eb74b1ccd4c4e3e7f485eb32dee7e0f88; se lee igual
19:19:13 DEBUG   La red no quedó en silencio en https://www.toctoc.com/arriendo/departamento/metropolitana/vitacura/b_cd078d1f413118637c0700bf4c847dea7d58a88d; se lee igual
19:19:31 DEBUG   La red no quedó en silencio en https://www.toctoc.com/arriendo/departamento/metropolitana/vitacura/b_70250cafe96b0cfb65091be7ab43dd8275930762; se lee igual
19:19:31 DEBUG   [toctoc] 1 avisos vía estado-embebido
19:19:31 INFO    Enriquecido y descartado: 8YSPF (arriendo de $4.500.000 sobre el máximo negociable de $1.904.000)
19:19:38 DEBUG   La red no quedó en silencio en https://www.toctoc.com/arriendo/departamento/metropolitana/vitacura/b_d0b41f84a990505cbf3360992a0f55bee303881a; se lee igual
19:19:38 DEBUG   [toctoc] 1 avisos vía estado-embebido
19:19:38 INFO    Enriquecido y descartado: 3N59D (arriendo de $3.065.928 sobre el máximo negociable de $1.904.000)
19:19:45 DEBUG   La red no quedó en silencio en https://www.toctoc.com/arriendo/departamento/metropolitana/vitacura/b_7fa134b9a7261bc3bdafd256cd9cda62293987ed; se lee igual
19:19:45 DEBUG   [toctoc] 1 avisos vía estado-embebido
19:19:45 INFO    Enriquecido y descartado: 4W5ZG (arriendo de $3.597.356 sobre el máximo negociable de $1.904.000)
19:19:52 DEBUG   La red no quedó en silencio en https://www.toctoc.com/arriendo/departamento/metropolitana/vitacura/b_f1833020bc5ec239390c9be467e6bcf7a2648821; se lee igual
19:19:52 DEBUG   [toctoc] 1 avisos vía estado-embebido
19:19:52 INFO    Enriquecido y descartado: JKM2T (arriendo de $2.289.226 sobre el máximo negociable de $1.904.000)
19:20:00 DEBUG   [toctoc] 1 avisos vía estado-embebido
19:20:00 INFO    Enriquecido y descartado: 9JAPA (arriendo de $2.452.742 sobre el máximo negociable de $1.904.000)
19:20:07 DEBUG   [toctoc] 1 avisos vía estado-embebido
19:20:12 DEBUG   [toctoc] 1 avisos vía estado-embebido
19:20:18 DEBUG   [toctoc] 1 avisos vía estado-embebido
19:20:25 DEBUG   La red no quedó en silencio en https://www.toctoc.com/arriendo/departamento/metropolitana/vitacura/b_5acaafcd00128d3e4cb605d4f6d3b2f9454c00a2; se lee igual
19:20:25 DEBUG   [toctoc] 1 avisos vía estado-embebido
19:20:31 DEBUG   La red no quedó en silencio en https://www.toctoc.com/arriendo/departamento/metropolitana/vitacura/b_81160827e21945574de3036c9a6e70e4790b7427; se lee igual
19:20:31 DEBUG   [toctoc] 1 avisos vía estado-embebido
19:20:38 DEBUG   La red no quedó en silencio en https://www.toctoc.com/arriendo/departamento/metropolitana/vitacura/b_5a37b5df7f9d79c4bd1ab716a6babbded3d95b42; se lee igual
19:21:07 DEBUG   La red no quedó en silencio en https://www.toctoc.com/arriendo/departamento/metropolitana/vitacura/b_a980d8085ff1b8a8ad39918e8343fc77f14f4e9d; se lee igual
19:21:26 INFO    Enriquecido y descartado: 75BRH (arriendo de $4.299.009 sobre el máximo negociable de $1.904.000)
19:21:30 INFO    Fichas leídas: 87 — 5 ganaron el año, 12 la dirección; 28 se descartaron al verlas (1 por viejos)
19:21:31 INFO    Listo: 0 avisados de 59 candidatos
