00:44:56 INFO    UF = $40.881.68 (API del día)
00:44:56 INFO    Barriendo TocToc (toctoc)…
00:44:56 INFO    Barriendo Chilepropiedades (chilepropiedades)…
00:44:56 INFO    Barriendo GoPlaceIt (goplaceit)…
00:44:56 INFO    Barriendo Yapo (yapo)…
00:44:56 DEBUG   [chilepropiedades] 10 avisos vía tarjetas
00:44:58 DEBUG   [yapo] 30 avisos vía tarjetas
00:44:58 DEBUG   [chilepropiedades] 10 avisos vía tarjetas
00:44:59 DEBUG   [goplaceit] 30 avisos vía json-ld
00:45:00 DEBUG   [yapo] 30 avisos vía tarjetas
00:45:00 DEBUG   [chilepropiedades] 10 avisos vía tarjetas
00:45:00 INFO      chilepropiedades: 30 avisos en 5s
00:45:00 INFO    Barriendo BuscoNido (busconido)…
00:45:01 DEBUG   [busconido] 23 avisos vía tarjetas
00:45:01 INFO      busconido: 23 avisos en 0s
00:45:01 INFO    Barriendo BienesOnline (bienesonline)…
00:45:02 DEBUG   [yapo] 30 avisos vía tarjetas
00:45:02 INFO      yapo: 90 avisos en 6s
00:45:02 INFO    Barriendo Economicos (El Mercurio) (economicos)…
00:45:02 DEBUG   [bienesonline] 13 avisos vía tarjetas
00:45:02 INFO      bienesonline: 13 avisos en 1s
00:45:02 INFO    Barriendo iCasas (icasas)…
00:45:03 WARNING https://www.economicos.cl/search/propiedades/vitacura/arriendo/departamento/0 respondió 403
00:45:03 INFO    [economicos] https://www.economicos.cl/search/propiedades/vitacura/arriendo/departamento/0 rebotó al GET; se reintenta con navegador
00:45:03 DEBUG   [icasas] 15 avisos vía tarjetas
00:45:04 DEBUG   La red no quedó en silencio en https://www.toctoc.com/arriendo/departamento/metropolitana/vitacura/3-dormitorios; se lee igual
00:45:04 INFO      economicos: 0 avisos en 2s
00:45:04 INFO    Barriendo Doomos (doomos)…
00:45:04 DEBUG   [toctoc] 72 avisos vía json-ld
00:45:05 DEBUG   [icasas] 15 avisos vía tarjetas
00:45:05 INFO      icasas: 30 avisos en 3s
00:45:05 INFO    Barriendo Top Propiedades (toppropiedades)…
00:45:07 DEBUG   [doomos] 32 avisos vía tarjetas
00:45:07 INFO      doomos: 32 avisos en 3s
00:45:07 INFO    Barriendo Nuroa (nuroa)…
00:45:07 DEBUG   Encoding detection: ascii is most likely the one.
00:45:09 DEBUG   [nuroa] 25 avisos vía json-ld
00:45:09 DEBUG   [toppropiedades] 1 avisos vía json-ld
00:45:11 DEBUG   [toppropiedades] 1 avisos vía json-ld
00:45:11 DEBUG   [nuroa] 25 avisos vía json-ld
00:45:12 DEBUG   La red no quedó en silencio en https://www.toctoc.com/arriendo/departamento/metropolitana/vitacura/3-dormitorios?pagina=2; se lee igual
00:45:12 DEBUG   [toctoc] 72 avisos vía json-ld
00:45:13 DEBUG   [toppropiedades] 1 avisos vía json-ld
00:45:13 DEBUG   [nuroa] 25 avisos vía json-ld
00:45:15 DEBUG   [toppropiedades] 1 avisos vía json-ld
00:45:15 DEBUG   [nuroa] 25 avisos vía json-ld
00:45:15 INFO      nuroa: 100 avisos en 8s
00:45:15 INFO    Barriendo Mitula (mitula)…
00:45:17 DEBUG   [toppropiedades] 1 avisos vía json-ld
00:45:17 DEBUG   [mitula] 30 avisos vía json-ld
00:45:19 DEBUG   [toppropiedades] 1 avisos vía json-ld
00:45:19 DEBUG   [mitula] 30 avisos vía json-ld
00:45:20 INFO      mitula: 60 avisos en 4s
00:45:20 INFO    Barriendo Houm (houm)…
00:45:20 DEBUG   [toctoc] 20 avisos vía json-ld
00:45:21 DEBUG   [toppropiedades] 1 avisos vía json-ld
00:45:23 DEBUG   [toppropiedades] 1 avisos vía json-ld
00:45:23 INFO      toppropiedades: 8 avisos en 18s
00:45:23 INFO    Barriendo Hey! Homes (heyhomes)…
00:45:25 DEBUG   [heyhomes] 9 avisos vía tarjetas
00:45:25 INFO      heyhomes: 9 avisos en 3s
00:45:25 INFO    Barriendo Engel & Völkers (engelvoelkers)…
00:45:28 DEBUG   La red no quedó en silencio en https://houm.com/cl/arriendo-departamentos-region-metropolitana/vitacura/3-dormitorios; se lee igual
00:45:28 DEBUG   [toctoc] 20 avisos vía json-ld
00:45:28 DEBUG   [houm] 28 avisos vía json-ld
00:45:33 DEBUG   [engelvoelkers] 15 avisos vía tarjetas
00:45:33 INFO      engelvoelkers: 15 avisos en 7s
00:45:33 INFO    Barriendo RE/MAX Chile (remax)…
00:45:39 DEBUG   [toctoc] 20 avisos vía json-ld
00:45:39 DEBUG   La red no quedó en silencio en https://houm.com/cl/arriendo-departamento-región-metropolitana/las-condes/170742; se lee igual
00:45:39 DEBUG   [houm] 1 avisos vía estado-embebido
00:45:42 DEBUG   [goplaceit] 30 avisos vía json-ld
00:45:46 DEBUG   La red no quedó en silencio en https://www.remax.cl/es-cl/busqueda/metropolitana-de-santiago/santiago/vitacura/residencial-departamento/arriendo/; se lee igual
00:45:47 DEBUG   [remax] 5 avisos vía tarjetas
00:45:49 DEBUG   La red no quedó en silencio en https://www.toctoc.com/arriendo/departamento/metropolitana/vitacura/4-dormitorios?pagina=3; se lee igual
00:45:50 DEBUG   [toctoc] 4 avisos vía json-ld
00:45:50 INFO      toctoc: 208 avisos en 54s
00:45:50 INFO    Barriendo Fuenzalida Propiedades (fuenzalida)…
00:45:53 DEBUG   [fuenzalida] 16 avisos vía tarjetas
00:45:55 DEBUG   La red no quedó en silencio en https://houm.com/cl/arriendo-departamento-región-metropolitana/las-condes/175757; se lee igual
00:45:55 DEBUG   [houm] 1 avisos vía estado-embebido
00:45:56 DEBUG   [fuenzalida] 20 avisos vía tarjetas
00:45:58 DEBUG   [fuenzalida] 20 avisos vía tarjetas
00:45:58 INFO      fuenzalida: 56 avisos en 9s
00:45:58 INFO    Barriendo Century 21 Chile (century21)…
00:45:59 INFO      century21: 0 avisos en 1s
00:45:59 INFO    Barriendo Property Partners (propertypartners)…
00:46:00 DEBUG   La red no quedó en silencio en https://www.remax.cl/es-cl/busqueda/metropolitana-de-santiago/santiago/vitacura/residencial-departamento/arriendo/?page=2; se lee igual
00:46:00 DEBUG   [propertypartners] 1 avisos vía tarjetas
00:46:00 INFO      propertypartners: 1 avisos en 1s
00:46:00 INFO    Barriendo Acceso Inmobiliario (accesoinmobiliario)…
00:46:00 DEBUG   [remax] 5 avisos vía tarjetas
00:46:00 INFO      remax: 10 avisos en 28s
00:46:00 INFO    Barriendo Magnolia Property (magnoliaproperty)…
00:46:01 DEBUG   [magnoliaproperty] 6 avisos vía tarjetas
00:46:01 INFO      magnoliaproperty: 6 avisos en 1s
00:46:01 INFO    Barriendo Portilla Propiedades (portillapropiedades)…
00:46:03 DEBUG   [portillapropiedades] 2 avisos vía tarjetas
00:46:03 INFO      portillapropiedades: 2 avisos en 2s
00:46:03 INFO    Barriendo Nativo Propiedades (nativopropiedades)…
00:46:04 DEBUG   [nativopropiedades] 10 avisos vía tarjetas
00:46:04 INFO      nativopropiedades: 10 avisos en 1s
00:46:04 INFO    Barriendo Enlace Inmobiliario (enlaceinmobiliario)…
00:46:04 WARNING https://www.enlaceinmobiliario.cl/ respondió 403
00:46:04 INFO    [enlaceinmobiliario] https://www.enlaceinmobiliario.cl/ rebotó al GET; se reintenta con navegador
00:46:05 DEBUG   La red no quedó en silencio en https://houm.com/cl/arriendo-departamento-región-metropolitana/ñuñoa/164010; se lee igual
00:46:05 DEBUG   [houm] 1 avisos vía estado-embebido
00:46:07 DEBUG   [accesoinmobiliario] 16 avisos vía tarjetas
00:46:12 INFO      enlaceinmobiliario: 0 avisos en 9s
00:46:12 INFO    Barriendo Rentas.cl (rentas_cl)…
00:46:15 DEBUG   [rentas_cl] 1 avisos vía json-ld
00:46:15 INFO      rentas_cl: 1 avisos en 2s
00:46:15 INFO    Barriendo Arriendos.cl (arriendos_cl)…
00:46:16 INFO      arriendos_cl: 0 avisos en 1s
00:46:16 INFO    Barriendo Propiedades.cl (propiedades_cl)…
00:46:16 DEBUG   La red no quedó en silencio en https://houm.com/cl/arriendo-departamento-región-metropolitana/ñuñoa/174379; se lee igual
00:46:16 DEBUG   [propiedades_cl] 6 avisos vía tarjetas
00:46:16 INFO      propiedades_cl: 6 avisos en 0s
00:46:16 INFO    Barriendo Clasificados.cl (clasificados_cl)…
00:46:16 DEBUG   [houm] 1 avisos vía estado-embebido
00:46:18 DEBUG   [accesoinmobiliario] 1 avisos vía tarjetas
00:46:19 DEBUG   [clasificados_cl] 1 avisos vía tarjetas
00:46:19 INFO      clasificados_cl: 1 avisos en 3s
00:46:26 DEBUG   La red no quedó en silencio en https://houm.com/cl/arriendo-departamento-región-metropolitana/recoleta/178185; se lee igual
00:46:26 DEBUG   [houm] 1 avisos vía estado-embebido
00:46:27 DEBUG   [accesoinmobiliario] 1 avisos vía tarjetas
00:46:29 DEBUG   [goplaceit] 30 avisos vía json-ld
00:46:31 DEBUG   [accesoinmobiliario] 1 avisos vía tarjetas
00:46:35 DEBUG   La red no quedó en silencio en https://houm.com/cl/arriendo-departamento-región-metropolitana/las-condes/177842; se lee igual
00:46:35 DEBUG   [houm] 1 avisos vía estado-embebido
00:46:42 DEBUG   La red no quedó en silencio en https://houm.com/cl/arriendo-departamento-región-metropolitana/recoleta/176958; se lee igual
00:46:43 DEBUG   [houm] 1 avisos vía estado-embebido
00:46:49 INFO      accesoinmobiliario: 19 avisos en 49s
00:46:51 DEBUG   La red no quedó en silencio en https://houm.com/cl/arriendo-departamento-región-metropolitana/recoleta/90462; se lee igual
00:46:51 DEBUG   [houm] 1 avisos vía estado-embebido
00:46:51 INFO      houm: 36 avisos en 91s
00:46:59 INFO      goplaceit: 90 avisos en 123s
00:46:59 INFO    Total crudo: 856 avisos
00:46:59 INFO    Después de deduplicar: 477
00:47:00 INFO    Pasaron los filtros: 88
00:47:42 DEBUG   [doomos] 16 avisos vía tarjetas
00:47:42 DEBUG   Ficha de YVT22 sin candidato propio; no se fusiona
00:47:42 DEBUG   Ficha de HW5MX sin candidato propio; no se fusiona
00:47:43 DEBUG   [doomos] 25 avisos vía tarjetas
00:47:43 DEBUG   Ficha de U44VT sin candidato propio; no se fusiona
00:47:46 DEBUG   [doomos] 25 avisos vía tarjetas
00:47:46 DEBUG   Ficha de KNAE9 sin candidato propio; no se fusiona
00:47:47 DEBUG   [doomos] 25 avisos vía tarjetas
00:47:47 DEBUG   Ficha de PR3QK sin candidato propio; no se fusiona
00:47:49 DEBUG   [doomos] 25 avisos vía tarjetas
00:47:49 DEBUG   Ficha de 2HWEW sin candidato propio; no se fusiona
00:47:51 DEBUG   [doomos] 25 avisos vía tarjetas
00:47:51 DEBUG   Ficha de ZWNAN sin candidato propio; no se fusiona
00:47:58 DEBUG   La red no quedó en silencio en https://www.toctoc.com/arriendo/departamento/metropolitana/vitacura/b_eed9994dc8f633417ac8d88f031e3ce25c593554; se lee igual
00:47:58 DEBUG   Pin del mapa para HR46R: -33.38350, -70.57951
00:47:58 DEBUG   [toctoc] 1 avisos vía estado-embebido
00:47:58 INFO    Enriquecido y descartado: HR46R (arriendo de $2.575.546 sobre el máximo negociable de $1.904.000)
00:48:04 DEBUG   Pin del mapa para 926YZ: -33.40410, -70.59081
00:48:04 DEBUG   [toctoc] 1 avisos vía estado-embebido
00:48:04 INFO    Enriquecido y descartado: P9HA4 (arriendo de $2.575.546 sobre el máximo negociable de $1.904.000)
00:48:08 DEBUG   Pin del mapa para WUDC7: -33.40513, -70.59400
00:48:08 DEBUG   [toctoc] 1 avisos vía estado-embebido
00:48:08 INFO    Enriquecido y descartado: BYPVE (100 m² totales, no llega a más de 100 m²)
00:48:13 DEBUG   Pin del mapa para VVV4B: -33.40490, -70.59654
00:48:13 DEBUG   [toctoc] 1 avisos vía estado-embebido
00:48:13 INFO    Enriquecido y descartado: K7URV (arriendo de $3.474.943 sobre el máximo negociable de $1.904.000)
00:48:14 DEBUG   [busconido] 11 avisos vía tarjetas
00:48:14 DEBUG   Ficha de CAJ2A sin candidato propio; no se fusiona
00:48:17 INFO    Enriquecido y descartado: YAVJA (arriendo de $3.517.371 sobre el máximo negociable de $1.904.000)
00:48:24 DEBUG   [toctoc] 1 avisos vía estado-embebido
00:48:29 DEBUG   [toctoc] 1 avisos vía estado-embebido
00:48:29 INFO    Enriquecido y descartado: QVSRP (arriendo de $2.534.664 sobre el máximo negociable de $1.904.000)
00:48:35 DEBUG   Pin del mapa para EAZDB: -33.40383, -70.59820
00:48:35 DEBUG   [toctoc] 1 avisos vía estado-embebido
00:48:35 INFO    Enriquecido y descartado: 358CJ (arriendo de $4.701.393 sobre el máximo negociable de $1.904.000)
00:48:40 DEBUG   Pin del mapa para GDEV4: -33.40522, -70.59529
00:48:40 DEBUG   [toctoc] 1 avisos vía estado-embebido
00:48:40 INFO    Enriquecido y descartado: URZMS (arriendo de $3.600.000 sobre el máximo negociable de $1.904.000)
00:48:45 DEBUG   Pin del mapa para VB9ST: -33.38575, -70.56115
00:48:45 DEBUG   [toctoc] 1 avisos vía estado-embebido
00:48:45 INFO    Enriquecido y descartado: VZXBC (arriendo de $3.474.943 sobre el máximo negociable de $1.904.000)
00:48:50 DEBUG   Pin del mapa para M5RJ8: -33.39740, -70.57464
00:48:50 DEBUG   [toctoc] 1 avisos vía estado-embebido
00:48:50 INFO    Enriquecido y descartado: 6YDNS (arriendo de $3.066.126 sobre el máximo negociable de $1.904.000)
00:48:57 DEBUG   Pin del mapa para 4VJEF: -33.37100, -70.54310
00:48:57 DEBUG   [toctoc] 1 avisos vía estado-embebido
00:48:57 INFO    Enriquecido y descartado: EVN6W (arriendo de $4.006.405 sobre el máximo negociable de $1.904.000)
00:49:03 DEBUG   Pin del mapa para MVQQV: -33.40571, -70.59718
00:49:03 DEBUG   [toctoc] 1 avisos vía estado-embebido
00:49:03 INFO    Enriquecido y descartado: DZCSP (arriendo de $3.270.534 sobre el máximo negociable de $1.904.000)
00:49:08 DEBUG   Pin del mapa para MMTCX: -33.39463, -70.59722
00:49:08 DEBUG   [toctoc] 1 avisos vía estado-embebido
00:49:08 INFO    Enriquecido y descartado: DUR7W (48 años (construido en 1978), sobre el máximo de 30)
00:49:15 DEBUG   La red no quedó en silencio en https://www.toctoc.com/arriendo/departamento/metropolitana/vitacura/b_dbb221698b970441018e72769a23887c47f09081; se lee igual
00:49:15 DEBUG   Pin del mapa para SNVMM: -33.40320, -70.59258
00:49:15 DEBUG   [toctoc] 1 avisos vía estado-embebido
00:49:15 INFO    Enriquecido y descartado: W3RD8 (arriendo de $3.066.126 sobre el máximo negociable de $1.904.000)
00:49:21 DEBUG   Pin del mapa para 9YQR3: -33.37213, -70.54192
00:49:21 DEBUG   [toctoc] 1 avisos vía estado-embebido
00:49:21 INFO    Enriquecido y descartado: E9R23 (arriendo de $4.496.985 sobre el máximo negociable de $1.904.000)
00:49:24 INFO    Enriquecido y descartado: CC2AY (arriendo de $2.032.258 sobre el máximo negociable de $1.904.000)
00:49:29 DEBUG   Pin del mapa para EJMU3: -33.39788, -70.58897
00:49:29 DEBUG   [toctoc] 1 avisos vía estado-embebido
00:49:29 INFO    Enriquecido y descartado: W6ATB (arriendo de $2.412.019 sobre el máximo negociable de $1.904.000)
00:49:34 DEBUG   Pin del mapa para HCBT4: -33.40571, -70.59352
00:49:34 DEBUG   [toctoc] 1 avisos vía estado-embebido
00:49:34 INFO    Enriquecido y descartado: XGTG5 (45 años (construido en 1981), sobre el máximo de 30)
00:49:40 DEBUG   [toctoc] 1 avisos vía estado-embebido
00:49:40 INFO    Enriquecido y descartado: 4PNXC (arriendo de $3.066.126 sobre el máximo negociable de $1.904.000)
00:49:45 DEBUG   Pin del mapa para D2GPN: -33.39031, -70.59455
00:49:45 DEBUG   [toctoc] 1 avisos vía estado-embebido
00:49:45 INFO    Enriquecido y descartado: YNANX (arriendo de $3.270.534 sobre el máximo negociable de $1.904.000)
00:49:50 DEBUG   Pin del mapa para X3YFD: -33.40596, -70.59695
00:49:50 DEBUG   [toctoc] 1 avisos vía estado-embebido
00:49:50 INFO    Enriquecido y descartado: B5SVA (arriendo de $3.270.534 sobre el máximo negociable de $1.904.000)
00:49:57 DEBUG   La red no quedó en silencio en https://www.toctoc.com/arriendo/departamento/metropolitana/vitacura/b_78062b914728fa9bedfa556c1597c4261cee4ea5; se lee igual
00:49:57 DEBUG   Pin del mapa para XTBEF: -33.40317, -70.59270
00:49:57 DEBUG   [toctoc] 1 avisos vía estado-embebido
00:49:57 INFO    Enriquecido y descartado: WEDX5 (arriendo de $1.921.439 sobre el máximo negociable de $1.904.000)
00:50:03 DEBUG   Pin del mapa para JS3C5: -33.37683, -70.54385
00:50:03 DEBUG   [toctoc] 1 avisos vía estado-embebido
00:50:03 INFO    Enriquecido y descartado: 4JZ9G (arriendo de $1.962.321 sobre el máximo negociable de $1.904.000)
00:50:03 DEBUG   [busconido] 10 avisos vía tarjetas
00:50:03 DEBUG   Ficha de 9PHHM sin candidato propio; no se fusiona
00:50:09 DEBUG   [toctoc] 1 avisos vía estado-embebido
00:50:09 INFO    Enriquecido y descartado: 4PNXC (arriendo de $2.166.729 sobre el máximo negociable de $1.904.000)
00:50:14 DEBUG   [toctoc] 1 avisos vía estado-embebido
00:50:14 INFO    Enriquecido y descartado: QPXSM (arriendo de $2.044.084 sobre el máximo negociable de $1.904.000)
00:50:20 DEBUG   [toctoc] 1 avisos vía estado-embebido
00:50:20 INFO    Enriquecido y descartado: QTDYS (arriendo de $3.270.534 sobre el máximo negociable de $1.904.000)
00:50:25 DEBUG   [toctoc] 1 avisos vía estado-embebido
00:50:25 INFO    Enriquecido y descartado: B2N6Q (arriendo de $3.270.534 sobre el máximo negociable de $1.904.000)
00:50:31 DEBUG   [toctoc] 1 avisos vía estado-embebido
00:50:31 INFO    Enriquecido y descartado: XYCGS (arriendo de $2.412.019 sobre el máximo negociable de $1.904.000)
00:50:36 DEBUG   [toctoc] 1 avisos vía estado-embebido
00:50:36 INFO    Enriquecido y descartado: DNSPN (arriendo de $3.066.126 sobre el máximo negociable de $1.904.000)
00:50:56 WARNING Error en https://www.doomos.cl/de/1465886_arriendo-departamento-en-av-kennedy-vitacura.html (intento 1/3): HTTPSConnectionPool(host='www.doomos.cl', port=443): Read timed out. (read timeout=20)
00:51:18 WARNING Error en https://www.doomos.cl/de/1465886_arriendo-departamento-en-av-kennedy-vitacura.html (intento 2/3): HTTPSConnectionPool(host='www.doomos.cl', port=443): Read timed out. (read timeout=20)
00:51:42 WARNING Error en https://www.doomos.cl/de/1465886_arriendo-departamento-en-av-kennedy-vitacura.html (intento 3/3): HTTPSConnectionPool(host='www.doomos.cl', port=443): Read timed out. (read timeout=20)
00:51:47 DEBUG   [toctoc] 1 avisos vía estado-embebido
00:52:05 DEBUG   [doomos] 25 avisos vía tarjetas
00:52:05 DEBUG   Ficha de P8XMT sin candidato propio; no se fusiona
00:52:10 DEBUG   [engelvoelkers] 1 avisos vía json-ld
00:52:11 WARNING https://casas.mitula.cl/adform/24301-256-71d2-e85ea3c58286-894b-1a03922-bb1d respondió 404
00:52:18 DEBUG   La red no quedó en silencio en https://www.toctoc.com/arriendo/departamento/metropolitana/vitacura/b_8e6e657f30127209018991e0ad1aa3be0153aa48; se lee igual
00:52:26 DEBUG   [toctoc] 1 avisos vía estado-embebido
00:52:31 DEBUG   [toctoc] 1 avisos vía estado-embebido
00:52:32 DEBUG   [yapo] 1 avisos vía json-ld
00:52:37 DEBUG   [toctoc] 1 avisos vía estado-embebido
00:52:37 INFO    Enriquecido y descartado: 2VPS4 (arriendo de $4.006.405 sobre el máximo negociable de $1.904.000)
00:52:42 DEBUG   [toctoc] 1 avisos vía estado-embebido
00:52:42 INFO    Enriquecido y descartado: QKSRR (arriendo de $3.474.943 sobre el máximo negociable de $1.904.000)
00:52:46 INFO    Enriquecido y descartado: 75BRH (arriendo de $2.931.142 sobre el máximo negociable de $1.904.000)
00:52:51 DEBUG   [toctoc] 1 avisos vía estado-embebido
00:52:51 INFO    Enriquecido y descartado: THCTF (arriendo de $2.493.782 sobre el máximo negociable de $1.904.000)
00:53:16 INFO    Enriquecido y descartado: 75BRH (arriendo de $1.954.095 sobre el máximo negociable de $1.904.000)
00:53:26 DEBUG   [toctoc] 1 avisos vía estado-embebido
00:53:26 INFO    Enriquecido y descartado: 6KA2M (arriendo de $3.066.126 sobre el máximo negociable de $1.904.000)
00:53:39 DEBUG   [toctoc] 1 avisos vía estado-embebido
00:53:44 DEBUG   [toctoc] 1 avisos vía estado-embebido
00:53:44 INFO    Enriquecido y descartado: 4V73Z (arriendo de $4.701.393 sobre el máximo negociable de $1.904.000)
00:53:51 DEBUG   La red no quedó en silencio en https://www.toctoc.com/arriendo/departamento/metropolitana/vitacura/b_cd078d1f413118637c0700bf4c847dea7d58a88d; se lee igual
00:53:52 DEBUG   [toctoc] 1 avisos vía estado-embebido
00:53:52 INFO    Enriquecido y descartado: ZDZSQ (arriendo de $2.248.492 sobre el máximo negociable de $1.904.000)
00:53:56 DEBUG   [toctoc] 1 avisos vía estado-embebido
00:53:56 INFO    Enriquecido y descartado: 8YSPF (arriendo de $4.500.000 sobre el máximo negociable de $1.904.000)
00:54:02 DEBUG   [toctoc] 1 avisos vía estado-embebido
00:54:02 INFO    Enriquecido y descartado: 3N59D (arriendo de $3.066.126 sobre el máximo negociable de $1.904.000)
00:54:09 DEBUG   La red no quedó en silencio en https://www.toctoc.com/arriendo/departamento/metropolitana/vitacura/b_7fa134b9a7261bc3bdafd256cd9cda62293987ed; se lee igual
00:54:17 DEBUG   La red no quedó en silencio en https://www.toctoc.com/arriendo/departamento/metropolitana/vitacura/b_f1833020bc5ec239390c9be467e6bcf7a2648821; se lee igual
00:54:17 DEBUG   [toctoc] 1 avisos vía estado-embebido
00:54:17 INFO    Enriquecido y descartado: JKM2T (arriendo de $2.289.374 sobre el máximo negociable de $1.904.000)
00:54:27 DEBUG   [toctoc] 1 avisos vía estado-embebido
00:54:27 INFO    Enriquecido y descartado: 9JAPA (arriendo de $2.452.901 sobre el máximo negociable de $1.904.000)
00:54:33 DEBUG   [toctoc] 1 avisos vía estado-embebido
00:54:38 DEBUG   [toctoc] 1 avisos vía estado-embebido
00:54:44 DEBUG   [toctoc] 1 avisos vía estado-embebido
00:54:44 INFO    Enriquecido y descartado: K7URV (arriendo de $2.861.718 sobre el máximo negociable de $1.904.000)
00:54:51 DEBUG   [toctoc] 1 avisos vía estado-embebido
00:54:58 DEBUG   La red no quedó en silencio en https://www.toctoc.com/arriendo/departamento/metropolitana/vitacura/b_5acaafcd00128d3e4cb605d4f6d3b2f9454c00a2; se lee igual
00:54:58 DEBUG   [toctoc] 1 avisos vía estado-embebido
00:55:05 DEBUG   La red no quedó en silencio en https://www.toctoc.com/arriendo/departamento/metropolitana/vitacura/b_81160827e21945574de3036c9a6e70e4790b7427; se lee igual
00:55:18 DEBUG   [toctoc] 1 avisos vía estado-embebido
00:55:23 DEBUG   [toctoc] 1 avisos vía estado-embebido
00:55:27 INFO    Enriquecido y descartado: 75BRH (arriendo de $4.299.009 sobre el máximo negociable de $1.904.000)
00:55:36 DEBUG   [toctoc] 1 avisos vía estado-embebido
00:55:43 DEBUG   La red no quedó en silencio en https://www.toctoc.com/arriendo/departamento/metropolitana/vitacura/b_a980d8085ff1b8a8ad39918e8343fc77f14f4e9d; se lee igual
00:55:44 INFO    Fichas leídas: 88 — 11 ganaron el año, 19 la dirección; 43 se descartaron al verlas (2 por viejos)
00:55:44 INFO    Libreta, segunda pasada: 1 más ganaron el año
00:55:45 INFO    Listo: 0 avisados de 45 candidatos
