15:58:16 INFO    UF = $40.991.75 (API del día)
15:58:16 INFO    Barriendo TocToc (toctoc)…
15:58:16 INFO    Barriendo Chilepropiedades (chilepropiedades)…
15:58:16 INFO    Barriendo GoPlaceIt (goplaceit)…
15:58:16 INFO    Barriendo Yapo (yapo)…
15:58:16 WARNING https://www.yapo.cl/bienes-raices-alquiler-apartamentos/region-metropolitana-vitacura respondió 403
15:58:16 INFO    [yapo] https://www.yapo.cl/bienes-raices-alquiler-apartamentos/region-metropolitana-vitacura rebotó al GET; se reintenta con navegador
15:58:16 DEBUG   [chilepropiedades] 10 avisos vía tarjetas
15:58:18 DEBUG   [chilepropiedades] 10 avisos vía tarjetas
15:58:20 DEBUG   [chilepropiedades] 10 avisos vía tarjetas
15:58:20 INFO      chilepropiedades: 30 avisos en 5s
15:58:20 INFO    Barriendo BuscoNido (busconido)…
15:58:21 DEBUG   [busconido] 23 avisos vía tarjetas
15:58:21 INFO      busconido: 23 avisos en 1s
15:58:21 INFO    Barriendo BienesOnline (bienesonline)…
15:58:22 DEBUG   [bienesonline] 1 avisos vía tarjetas
15:58:22 INFO      bienesonline: 1 avisos en 1s
15:58:22 INFO    Barriendo Economicos (El Mercurio) (economicos)…
15:58:22 WARNING https://www.economicos.cl/search/propiedades/vitacura/arriendo/departamento/0 respondió 403
15:58:22 INFO    [economicos] https://www.economicos.cl/search/propiedades/vitacura/arriendo/departamento/0 rebotó al GET; se reintenta con navegador
15:58:23 DEBUG   La red no quedó en silencio en https://www.yapo.cl/bienes-raices-alquiler-apartamentos/region-metropolitana-vitacura; se lee igual
15:58:23 INFO      yapo: 0 avisos en 7s
15:58:23 INFO    Barriendo iCasas (icasas)…
15:58:23 DEBUG   La red no quedó en silencio en https://www.toctoc.com/arriendo/departamento/metropolitana/vitacura/3-dormitorios; se lee igual
15:58:24 DEBUG   [toctoc] 65 avisos vía json-ld
15:58:24 DEBUG   [icasas] 15 avisos vía tarjetas
15:58:25 INFO      economicos: 0 avisos en 2s
15:58:25 INFO    Barriendo Doomos (doomos)…
15:58:25 WARNING https://www.doomos.cl/departamentos-vitacura-arriendo respondió 403
15:58:25 INFO    [doomos] https://www.doomos.cl/departamentos-vitacura-arriendo rebotó al GET; se reintenta con navegador
15:58:26 DEBUG   [icasas] 15 avisos vía tarjetas
15:58:26 INFO      icasas: 30 avisos en 3s
15:58:26 INFO    Barriendo Top Propiedades (toppropiedades)…
15:58:26 DEBUG   [goplaceit] 30 avisos vía json-ld
15:58:28 INFO      doomos: 0 avisos en 3s
15:58:28 INFO    Barriendo Nuroa (nuroa)…
15:58:28 DEBUG   Encoding detection: ascii is most likely the one.
15:58:29 DEBUG   [nuroa] 25 avisos vía json-ld
15:58:30 DEBUG   [toppropiedades] 1 avisos vía json-ld
15:58:31 DEBUG   [nuroa] 25 avisos vía json-ld
15:58:32 DEBUG   La red no quedó en silencio en https://www.toctoc.com/arriendo/departamento/metropolitana/vitacura/3-dormitorios?pagina=2; se lee igual
15:58:32 DEBUG   [toppropiedades] 1 avisos vía json-ld
15:58:32 DEBUG   [toctoc] 20 avisos vía json-ld
15:58:33 DEBUG   [nuroa] 25 avisos vía json-ld
15:58:34 DEBUG   [toppropiedades] 1 avisos vía json-ld
15:58:35 DEBUG   [nuroa] 25 avisos vía json-ld
15:58:36 INFO      nuroa: 100 avisos en 8s
15:58:36 INFO    Barriendo Mitula (mitula)…
15:58:36 DEBUG   [toppropiedades] 1 avisos vía json-ld
15:58:38 DEBUG   [mitula] 30 avisos vía json-ld
15:58:38 DEBUG   [toppropiedades] 1 avisos vía json-ld
15:58:39 DEBUG   La red no quedó en silencio en https://www.toctoc.com/arriendo/departamento/metropolitana/vitacura/3-dormitorios?pagina=3; se lee igual
15:58:40 DEBUG   [mitula] 30 avisos vía json-ld
15:58:40 INFO      mitula: 60 avisos en 5s
15:58:40 INFO    Barriendo Houm (houm)…
15:58:40 DEBUG   [toppropiedades] 1 avisos vía json-ld
15:58:40 DEBUG   [toctoc] 20 avisos vía json-ld
15:58:42 DEBUG   [toppropiedades] 1 avisos vía json-ld
15:58:44 DEBUG   [toppropiedades] 1 avisos vía json-ld
15:58:44 INFO      toppropiedades: 8 avisos en 18s
15:58:44 INFO    Barriendo Hey! Homes (heyhomes)…
15:58:47 DEBUG   [heyhomes] 9 avisos vía tarjetas
15:58:47 INFO      heyhomes: 9 avisos en 3s
15:58:47 INFO    Barriendo Engel & Völkers (engelvoelkers)…
15:58:49 DEBUG   La red no quedó en silencio en https://houm.com/cl/arriendo-departamentos-region-metropolitana/vitacura/3-dormitorios; se lee igual
15:58:49 DEBUG   [houm] 28 avisos vía json-ld
15:58:52 DEBUG   La red no quedó en silencio en https://www.toctoc.com/arriendo/departamento/metropolitana/vitacura/4-dormitorios; se lee igual
15:58:52 DEBUG   [toctoc] 20 avisos vía json-ld
15:58:55 DEBUG   [engelvoelkers] 17 avisos vía tarjetas
15:58:55 INFO      engelvoelkers: 17 avisos en 8s
15:58:55 INFO    Barriendo RE/MAX Chile (remax)…
15:59:00 DEBUG   La red no quedó en silencio en https://houm.com/cl/arriendo-departamento-región-metropolitana/las-condes/170742; se lee igual
15:59:01 DEBUG   [houm] 1 avisos vía estado-embebido
15:59:02 DEBUG   La red no quedó en silencio en https://www.toctoc.com/arriendo/departamento/metropolitana/vitacura/4-dormitorios?pagina=2; se lee igual
15:59:02 DEBUG   [toctoc] 14 avisos vía json-ld
15:59:05 INFO      remax: 0 avisos en 10s
15:59:05 INFO    Barriendo Fuenzalida Propiedades (fuenzalida)…
15:59:10 DEBUG   [fuenzalida] 16 avisos vía tarjetas
15:59:13 DEBUG   La red no quedó en silencio en https://houm.com/cl/arriendo-departamento-región-metropolitana/lo-barnechea/74201; se lee igual
15:59:13 DEBUG   [houm] 1 avisos vía estado-embebido
15:59:13 DEBUG   La red no quedó en silencio en https://www.toctoc.com/arriendo/departamento/metropolitana/vitacura/4-dormitorios?pagina=3; se lee igual
15:59:14 DEBUG   [toctoc] 20 avisos vía json-ld
15:59:14 INFO      toctoc: 159 avisos en 58s
15:59:14 INFO    Barriendo Century 21 Chile (century21)…
15:59:16 INFO      century21: 0 avisos en 2s
15:59:16 INFO    Barriendo Property Partners (propertypartners)…
15:59:16 DEBUG   [goplaceit] 30 avisos vía json-ld
15:59:16 DEBUG   [propertypartners] 1 avisos vía tarjetas
15:59:16 INFO      propertypartners: 1 avisos en 1s
15:59:16 INFO    Barriendo Acceso Inmobiliario (accesoinmobiliario)…
15:59:17 DEBUG   [fuenzalida] 20 avisos vía tarjetas
15:59:21 DEBUG   La red no quedó en silencio en https://houm.com/cl/arriendo-departamento-región-metropolitana/providencia/175947; se lee igual
15:59:21 DEBUG   [houm] 1 avisos vía estado-embebido
15:59:23 DEBUG   [fuenzalida] 20 avisos vía tarjetas
15:59:23 INFO      fuenzalida: 56 avisos en 17s
15:59:23 INFO    Barriendo Magnolia Property (magnoliaproperty)…
15:59:23 DEBUG   [accesoinmobiliario] 16 avisos vía tarjetas
15:59:23 DEBUG   [magnoliaproperty] 6 avisos vía tarjetas
15:59:23 INFO      magnoliaproperty: 6 avisos en 1s
15:59:23 INFO    Barriendo Portilla Propiedades (portillapropiedades)…
15:59:24 DEBUG   [portillapropiedades] 2 avisos vía tarjetas
15:59:24 INFO      portillapropiedades: 2 avisos en 1s
15:59:24 INFO    Barriendo Nativo Propiedades (nativopropiedades)…
15:59:25 DEBUG   [nativopropiedades] 10 avisos vía tarjetas
15:59:25 INFO      nativopropiedades: 10 avisos en 1s
15:59:25 INFO    Barriendo Enlace Inmobiliario (enlaceinmobiliario)…
15:59:25 WARNING https://www.enlaceinmobiliario.cl/ respondió 403
15:59:25 INFO    [enlaceinmobiliario] https://www.enlaceinmobiliario.cl/ rebotó al GET; se reintenta con navegador
15:59:30 DEBUG   La red no quedó en silencio en https://houm.com/cl/arriendo-departamento-región-metropolitana/ñuñoa/174379; se lee igual
15:59:31 DEBUG   [houm] 1 avisos vía estado-embebido
15:59:34 DEBUG   La red no quedó en silencio en https://www.enlaceinmobiliario.cl/; se lee igual
15:59:34 INFO      enlaceinmobiliario: 0 avisos en 9s
15:59:34 INFO    Barriendo Rentas.cl (rentas_cl)…
15:59:36 DEBUG   [accesoinmobiliario] 1 avisos vía tarjetas
15:59:36 DEBUG   [rentas_cl] 1 avisos vía json-ld
15:59:36 INFO      rentas_cl: 1 avisos en 2s
15:59:36 INFO    Barriendo Arriendos.cl (arriendos_cl)…
15:59:37 INFO      arriendos_cl: 0 avisos en 1s
15:59:37 INFO    Barriendo Propiedades.cl (propiedades_cl)…
15:59:39 DEBUG   [propiedades_cl] 6 avisos vía tarjetas
15:59:39 INFO      propiedades_cl: 6 avisos en 1s
15:59:39 INFO    Barriendo Clasificados.cl (clasificados_cl)…
15:59:41 INFO      clasificados_cl: 0 avisos en 2s
15:59:42 DEBUG   La red no quedó en silencio en https://houm.com/cl/arriendo-departamento-región-metropolitana/recoleta/179872; se lee igual
15:59:42 DEBUG   [houm] 1 avisos vía estado-embebido
15:59:48 DEBUG   [accesoinmobiliario] 1 avisos vía tarjetas
15:59:50 DEBUG   La red no quedó en silencio en https://houm.com/cl/arriendo-departamento-región-metropolitana/recoleta/178185; se lee igual
15:59:50 DEBUG   [houm] 1 avisos vía estado-embebido
15:59:52 DEBUG   [accesoinmobiliario] 1 avisos vía tarjetas
15:59:57 DEBUG   [goplaceit] 30 avisos vía json-ld
16:00:00 DEBUG   La red no quedó en silencio en https://houm.com/cl/arriendo-departamento-región-metropolitana/las-condes/177842; se lee igual
16:00:00 DEBUG   [houm] 1 avisos vía estado-embebido
16:00:02 DEBUG   [accesoinmobiliario] 1 avisos vía tarjetas
16:00:05 DEBUG   [accesoinmobiliario] 1 avisos vía tarjetas
16:00:09 DEBUG   La red no quedó en silencio en https://houm.com/cl/arriendo-departamento-región-metropolitana/recoleta/176958; se lee igual
16:00:09 DEBUG   [houm] 1 avisos vía estado-embebido
16:00:09 INFO      houm: 36 avisos en 89s
16:00:11 INFO      accesoinmobiliario: 21 avisos en 55s
16:00:25 INFO      goplaceit: 90 avisos en 129s
16:00:25 INFO    Total crudo: 666 avisos
16:00:25 INFO    Después de deduplicar: 399
16:00:26 INFO    Pasaron los filtros: 79
16:01:02 DEBUG   Ficha de HW5MX sin candidato propio; no se fusiona
16:01:06 DEBUG   Pin del mapa para SNENN: -33.37213, -70.54192
16:01:06 DEBUG   [toctoc] 1 avisos vía estado-embebido
16:01:06 INFO    Enriquecido y descartado: SNENN (arriendo de $4.509.092 sobre el máximo negociable de $1.904.000)
16:01:11 DEBUG   Pin del mapa para M8AQP: -33.39273, -70.55917
16:01:11 DEBUG   [toctoc] 1 avisos vía estado-embebido
16:01:11 INFO    Enriquecido y descartado: THCTF (arriendo de $2.500.497 sobre el máximo negociable de $1.904.000)
16:01:15 DEBUG   Pin del mapa para 7P9WG: -33.39300, -70.55940
16:01:15 DEBUG   [toctoc] 1 avisos vía estado-embebido
16:01:15 INFO    Enriquecido y descartado: TN2VX (arriendo de $1.967.604 sobre el máximo negociable de $1.904.000)
16:01:16 DEBUG   [mitula] 3 avisos vía tarjetas
16:01:16 INFO    Enriquecido y descartado: 7KKTD (96 m² totales, no llega a más de 100 m²)
16:01:17 DEBUG   [busconido] 11 avisos vía tarjetas
16:01:17 DEBUG   Ficha de FSGHR sin candidato propio; no se fusiona
16:01:23 DEBUG   La red no quedó en silencio en https://www.toctoc.com/arriendo/departamento/metropolitana/vitacura/b_eed9994dc8f633417ac8d88f031e3ce25c593554; se lee igual
16:01:23 DEBUG   [toctoc] 1 avisos vía estado-embebido
16:01:23 INFO    Enriquecido y descartado: HR46R (arriendo de $2.582.480 sobre el máximo negociable de $1.904.000)
16:01:28 INFO    Enriquecido y descartado: YAVJA (arriendo de $3.517.371 sobre el máximo negociable de $1.904.000)
16:01:34 DEBUG   La red no quedó en silencio en https://www.toctoc.com/arriendo/departamento/metropolitana/vitacura/b_44526e9257874b1339a676d1a43c1dbd98a29a31; se lee igual
16:01:34 DEBUG   [toctoc] 1 avisos vía estado-embebido
16:01:34 INFO    Enriquecido y descartado: QVSRP (arriendo de $2.541.488 sobre el máximo negociable de $1.904.000)
16:01:39 DEBUG   Pin del mapa para EAZDB: -33.40383, -70.59820
16:01:39 DEBUG   [toctoc] 1 avisos vía estado-embebido
16:01:39 INFO    Enriquecido y descartado: 358CJ (arriendo de $4.714.051 sobre el máximo negociable de $1.904.000)
16:01:44 DEBUG   Pin del mapa para GDEV4: -33.40522, -70.59529
16:01:44 DEBUG   [toctoc] 1 avisos vía estado-embebido
16:01:44 INFO    Enriquecido y descartado: URZMS (arriendo de $3.600.000 sobre el máximo negociable de $1.904.000)
16:01:49 DEBUG   Pin del mapa para VB9ST: -33.38575, -70.56115
16:01:49 DEBUG   [toctoc] 1 avisos vía estado-embebido
16:01:49 INFO    Enriquecido y descartado: VZXBC (arriendo de $3.484.299 sobre el máximo negociable de $1.904.000)
16:01:54 DEBUG   Pin del mapa para MVQQV: -33.40571, -70.59718
16:01:54 DEBUG   [toctoc] 1 avisos vía estado-embebido
16:01:54 INFO    Enriquecido y descartado: DZCSP (arriendo de $3.279.340 sobre el máximo negociable de $1.904.000)
16:01:59 DEBUG   Pin del mapa para B8V89: -33.37497, -70.52501
16:01:59 DEBUG   [toctoc] 1 avisos vía estado-embebido
16:01:59 INFO    Enriquecido y descartado: 82VWD (arriendo de $2.377.522 sobre el máximo negociable de $1.904.000)
16:02:04 DEBUG   [toctoc] 1 avisos vía estado-embebido
16:02:04 INFO    Enriquecido y descartado: A3DAT (arriendo de $4.509.092 sobre el máximo negociable de $1.904.000)
16:02:11 DEBUG   La red no quedó en silencio en https://www.toctoc.com/arriendo/departamento/metropolitana/vitacura/b_dbb221698b970441018e72769a23887c47f09081; se lee igual
16:02:11 DEBUG   Pin del mapa para SNVMM: -33.40320, -70.59258
16:02:11 DEBUG   [toctoc] 1 avisos vía estado-embebido
16:02:11 INFO    Enriquecido y descartado: W3RD8 (arriendo de $3.074.381 sobre el máximo negociable de $1.904.000)
16:02:15 DEBUG   Pin del mapa para 9YQR3: -33.37213, -70.54192
16:02:15 DEBUG   [toctoc] 1 avisos vía estado-embebido
16:02:15 INFO    Enriquecido y descartado: E9R23 (arriendo de $4.509.092 sobre el máximo negociable de $1.904.000)
16:02:20 DEBUG   Pin del mapa para ERRDS: -33.40255, -70.59464
16:02:20 DEBUG   [toctoc] 1 avisos vía estado-embebido
16:02:20 INFO    Enriquecido y descartado: TT59B (arriendo de $5.082.977 sobre el máximo negociable de $1.904.000)
16:02:24 INFO    Enriquecido y descartado: CC2AY (arriendo de $2.032.258 sobre el máximo negociable de $1.904.000)
16:02:30 DEBUG   La red no quedó en silencio en https://www.toctoc.com/arriendo/departamento/metropolitana/vitacura/b_da3f8698ca94b0159a10308397de11b6a6752f28; se lee igual
16:02:30 DEBUG   [toctoc] 1 avisos vía estado-embebido
16:02:30 INFO    Enriquecido y descartado: SA9ZC (arriendo de $2.377.522 sobre el máximo negociable de $1.904.000)
16:02:35 DEBUG   [toctoc] 1 avisos vía estado-embebido
16:02:35 INFO    Enriquecido y descartado: 38X23 (arriendo de $2.951.406 sobre el máximo negociable de $1.904.000)
16:02:40 DEBUG   Pin del mapa para HCBT4: -33.40571, -70.59352
16:02:40 DEBUG   [toctoc] 1 avisos vía estado-embebido
16:02:40 INFO    Enriquecido y descartado: XGTG5 (45 años (construido en 1981), sobre el máximo de 30)
16:02:46 DEBUG   La red no quedó en silencio en https://www.toctoc.com/arriendo/departamento/metropolitana/vitacura/b_9a747b26eaf684c56987bab00d955e03561103f2; se lee igual
16:02:46 DEBUG   Pin del mapa para 3DU7Q: -33.40490, -70.59654
16:02:46 DEBUG   [toctoc] 1 avisos vía estado-embebido
16:02:46 INFO    Enriquecido y descartado: K7URV (arriendo de $2.869.422 sobre el máximo negociable de $1.904.000)
16:02:51 DEBUG   [toctoc] 1 avisos vía estado-embebido
16:02:51 INFO    Enriquecido y descartado: 4PNXC (arriendo de $3.074.381 sobre el máximo negociable de $1.904.000)
16:02:57 DEBUG   Pin del mapa para D2GPN: -33.39031, -70.59455
16:02:57 DEBUG   [toctoc] 1 avisos vía estado-embebido
16:02:57 INFO    Enriquecido y descartado: YNANX (arriendo de $3.279.340 sobre el máximo negociable de $1.904.000)
16:03:03 DEBUG   La red no quedó en silencio en https://www.toctoc.com/arriendo/departamento/metropolitana/vitacura/b_91921cebd4ad898bdf6cd9a4785da97c43b7329e; se lee igual
16:03:03 DEBUG   Pin del mapa para X3YFD: -33.40596, -70.59695
16:03:03 DEBUG   [toctoc] 1 avisos vía estado-embebido
16:03:03 INFO    Enriquecido y descartado: B5SVA (arriendo de $3.279.340 sobre el máximo negociable de $1.904.000)
16:03:08 DEBUG   Pin del mapa para VVV4B: -33.40490, -70.59654
16:03:08 DEBUG   [toctoc] 1 avisos vía estado-embebido
16:03:08 INFO    Enriquecido y descartado: K7URV (arriendo de $3.484.299 sobre el máximo negociable de $1.904.000)
16:03:12 DEBUG   Pin del mapa para JS3C5: -33.37683, -70.54385
16:03:12 DEBUG   [toctoc] 1 avisos vía estado-embebido
16:03:12 INFO    Enriquecido y descartado: 4JZ9G (arriendo de $1.967.604 sobre el máximo negociable de $1.904.000)
16:03:19 DEBUG   La red no quedó en silencio en https://www.toctoc.com/arriendo/departamento/metropolitana/vitacura/b_ae63028595277380474c038b32e632fef8eb79f4; se lee igual
16:03:19 DEBUG   Pin del mapa para Q9CNR: -33.38895, -70.55647
16:03:19 DEBUG   [toctoc] 1 avisos vía estado-embebido
16:03:19 INFO    Enriquecido y descartado: JUGWX (arriendo de $2.172.563 sobre el máximo negociable de $1.904.000)
16:03:24 DEBUG   Pin del mapa para XTVNR: -33.37472, -70.52492
16:03:24 DEBUG   [toctoc] 1 avisos vía estado-embebido
16:03:24 INFO    Enriquecido y descartado: DTVTC (arriendo de $2.400.000 sobre el máximo negociable de $1.904.000)
16:03:29 DEBUG   [toctoc] 1 avisos vía estado-embebido
16:03:29 INFO    Enriquecido y descartado: 4PNXC (arriendo de $2.172.563 sobre el máximo negociable de $1.904.000)
16:03:33 DEBUG   [toctoc] 1 avisos vía estado-embebido
16:03:33 INFO    Enriquecido y descartado: QTDYS (arriendo de $3.279.340 sobre el máximo negociable de $1.904.000)
16:03:40 DEBUG   La red no quedó en silencio en https://www.toctoc.com/arriendo/departamento/metropolitana/vitacura/b_193d01d486dd17f7dae602bd11501fb28c6959b9; se lee igual
16:03:40 DEBUG   [toctoc] 1 avisos vía estado-embebido
16:03:40 INFO    Enriquecido y descartado: B2N6Q (arriendo de $3.279.340 sobre el máximo negociable de $1.904.000)
16:03:45 DEBUG   [toctoc] 1 avisos vía estado-embebido
16:03:45 INFO    Enriquecido y descartado: XYCGS (arriendo de $2.418.513 sobre el máximo negociable de $1.904.000)
16:03:49 DEBUG   [toctoc] 1 avisos vía estado-embebido
16:03:53 DEBUG   [toctoc] 1 avisos vía estado-embebido
16:03:54 DEBUG   [mitula] 3 avisos vía tarjetas
16:04:02 DEBUG   [engelvoelkers] 1 avisos vía json-ld
16:04:03 DEBUG   [mitula] 3 avisos vía tarjetas
16:04:12 DEBUG   [toctoc] 1 avisos vía estado-embebido
16:04:21 DEBUG   [toctoc] 1 avisos vía estado-embebido
16:04:21 DEBUG   [chilepropiedades] 2 avisos vía json-ld
16:04:26 DEBUG   [toctoc] 1 avisos vía estado-embebido
16:04:26 INFO    Enriquecido y descartado: 2VPS4 (arriendo de $4.017.192 sobre el máximo negociable de $1.904.000)
16:04:30 INFO    Enriquecido y descartado: 75BRH (arriendo de $2.931.142 sobre el máximo negociable de $1.904.000)
16:04:53 INFO    Enriquecido y descartado: 75BRH (arriendo de $2.149.504 sobre el máximo negociable de $1.904.000)
16:04:57 INFO    Enriquecido y descartado: 75BRH (arriendo de $1.954.095 sobre el máximo negociable de $1.904.000)
16:05:05 DEBUG   [toctoc] 1 avisos vía estado-embebido
16:05:05 INFO    Enriquecido y descartado: 6KA2M (arriendo de $3.074.381 sobre el máximo negociable de $1.904.000)
16:05:17 DEBUG   [toctoc] 1 avisos vía estado-embebido
16:05:22 DEBUG   [toctoc] 1 avisos vía estado-embebido
16:05:22 INFO    Enriquecido y descartado: 4V73Z (arriendo de $4.714.051 sobre el máximo negociable de $1.904.000)
16:05:27 DEBUG   [toctoc] 1 avisos vía estado-embebido
16:05:27 INFO    Enriquecido y descartado: AGWHG (arriendo de $5.738.845 sobre el máximo negociable de $1.904.000)
16:05:33 DEBUG   [toctoc] 1 avisos vía estado-embebido
16:05:39 DEBUG   [toctoc] 1 avisos vía estado-embebido
16:05:39 INFO    Enriquecido y descartado: 8YSPF (arriendo de $4.500.000 sobre el máximo negociable de $1.904.000)
16:05:44 DEBUG   [toctoc] 1 avisos vía estado-embebido
16:05:44 INFO    Enriquecido y descartado: J5A6C (arriendo de $3.484.299 sobre el máximo negociable de $1.904.000)
16:05:50 DEBUG   La red no quedó en silencio en https://www.toctoc.com/arriendo/departamento/metropolitana/vitacura/b_93d43990d974a75fee82bd3d512436c7853056ee; se lee igual
16:05:50 DEBUG   [toctoc] 1 avisos vía estado-embebido
16:05:50 INFO    Enriquecido y descartado: 5ESQB (arriendo de $4.509.092 sobre el máximo negociable de $1.904.000)
16:05:59 DEBUG   [toctoc] 1 avisos vía estado-embebido
16:05:59 INFO    Enriquecido y descartado: 9JAPA (arriendo de $2.459.505 sobre el máximo negociable de $1.904.000)
16:06:03 DEBUG   [toctoc] 1 avisos vía estado-embebido
16:06:03 INFO    Enriquecido y descartado: KWC9W (arriendo de $3.082.000 sobre el máximo negociable de $1.904.000)
16:06:09 DEBUG   [toctoc] 1 avisos vía estado-embebido
16:06:14 DEBUG   [toctoc] 1 avisos vía estado-embebido
16:06:19 DEBUG   [toctoc] 1 avisos vía estado-embebido
16:06:23 DEBUG   [toctoc] 1 avisos vía estado-embebido
16:06:28 DEBUG   [toctoc] 1 avisos vía estado-embebido
16:06:32 DEBUG   [toctoc] 1 avisos vía estado-embebido
16:06:36 INFO    Enriquecido y descartado: 75BRH (arriendo de $4.299.009 sobre el máximo negociable de $1.904.000)
16:06:41 DEBUG   [toctoc] 1 avisos vía estado-embebido
16:06:41 INFO    Enriquecido y descartado: PY7N4 (arriendo de $1.926.612 sobre el máximo negociable de $1.904.000)
16:06:50 DEBUG   [toctoc] 1 avisos vía estado-embebido
16:06:50 INFO    Fichas leídas: 79 — 8 ganaron el año, 19 la dirección; 46 se descartaron al verlas (1 por viejos)
16:06:51 INFO    Listo: 1 avisados de 33 candidatos
