19:01:50 INFO    UF = $40.967.24 (API del día)
19:01:50 INFO    Barriendo TocToc (toctoc)…
19:01:50 INFO    Barriendo Chilepropiedades (chilepropiedades)…
19:01:50 INFO    Barriendo GoPlaceIt (goplaceit)…
19:01:50 INFO    Barriendo Yapo (yapo)…
19:01:50 DEBUG   [chilepropiedades] 10 avisos vía tarjetas
19:01:52 DEBUG   [chilepropiedades] 10 avisos vía tarjetas
19:01:53 DEBUG   [goplaceit] 30 avisos vía json-ld
19:01:54 DEBUG   [chilepropiedades] 10 avisos vía tarjetas
19:01:54 INFO      chilepropiedades: 30 avisos en 5s
19:01:54 INFO    Barriendo BuscoNido (busconido)…
19:01:55 DEBUG   [busconido] 23 avisos vía tarjetas
19:01:55 INFO      busconido: 23 avisos en 1s
19:01:55 INFO    Barriendo BienesOnline (bienesonline)…
19:01:56 DEBUG   [bienesonline] 15 avisos vía tarjetas
19:01:56 INFO      bienesonline: 15 avisos en 1s
19:01:56 INFO    Barriendo Economicos (El Mercurio) (economicos)…
19:01:56 WARNING https://www.economicos.cl/search/propiedades/vitacura/arriendo/departamento/0 respondió 403
19:01:56 INFO    [economicos] https://www.economicos.cl/search/propiedades/vitacura/arriendo/departamento/0 rebotó al GET; se reintenta con navegador
19:01:57 INFO      yapo: 0 avisos en 7s
19:01:57 INFO    Barriendo iCasas (icasas)…
19:01:57 DEBUG   La red no quedó en silencio en https://www.toctoc.com/arriendo/departamento/metropolitana/vitacura/3-dormitorios; se lee igual
19:01:57 DEBUG   [icasas] 15 avisos vía tarjetas
19:01:58 DEBUG   [toctoc] 20 avisos vía json-ld
19:01:58 INFO      economicos: 0 avisos en 2s
19:01:58 INFO    Barriendo Doomos (doomos)…
19:01:59 DEBUG   [icasas] 15 avisos vía tarjetas
19:01:59 INFO      icasas: 30 avisos en 3s
19:01:59 INFO    Barriendo Top Propiedades (toppropiedades)…
19:02:01 DEBUG   [doomos] 31 avisos vía tarjetas
19:02:02 INFO      doomos: 31 avisos en 3s
19:02:02 INFO    Barriendo Nuroa (nuroa)…
19:02:02 DEBUG   Encoding detection: ascii is most likely the one.
19:02:03 DEBUG   [toppropiedades] 1 avisos vía json-ld
19:02:03 DEBUG   [nuroa] 25 avisos vía json-ld
19:02:05 DEBUG   [toctoc] 20 avisos vía json-ld
19:02:05 DEBUG   [toppropiedades] 1 avisos vía json-ld
19:02:05 DEBUG   [nuroa] 25 avisos vía json-ld
19:02:07 DEBUG   [toppropiedades] 1 avisos vía json-ld
19:02:07 DEBUG   [nuroa] 25 avisos vía json-ld
19:02:09 DEBUG   [toppropiedades] 1 avisos vía json-ld
19:02:09 DEBUG   [nuroa] 25 avisos vía json-ld
19:02:09 INFO      nuroa: 100 avisos en 8s
19:02:09 INFO    Barriendo Mitula (mitula)…
19:02:10 WARNING https://casas.mitula.cl/casas/arriendo-departamentos-vitacura respondió 401
19:02:10 INFO    [mitula] https://casas.mitula.cl/casas/arriendo-departamentos-vitacura rebotó al GET; se reintenta con navegador
19:02:11 DEBUG   [toppropiedades] 1 avisos vía json-ld
19:02:13 DEBUG   La red no quedó en silencio en https://www.toctoc.com/arriendo/departamento/metropolitana/vitacura/3-dormitorios?pagina=3; se lee igual
19:02:13 DEBUG   [toppropiedades] 1 avisos vía json-ld
19:02:13 DEBUG   [toctoc] 20 avisos vía json-ld
19:02:14 INFO      mitula: 0 avisos en 5s
19:02:14 INFO    Barriendo Houm (houm)…
19:02:15 DEBUG   [toppropiedades] 1 avisos vía json-ld
19:02:17 DEBUG   [toppropiedades] 1 avisos vía json-ld
19:02:17 INFO      toppropiedades: 8 avisos en 18s
19:02:17 INFO    Barriendo Hey! Homes (heyhomes)…
19:02:20 DEBUG   [heyhomes] 9 avisos vía tarjetas
19:02:20 INFO      heyhomes: 9 avisos en 3s
19:02:20 INFO    Barriendo Engel & Völkers (engelvoelkers)…
19:02:21 DEBUG   La red no quedó en silencio en https://www.toctoc.com/arriendo/departamento/metropolitana/vitacura/4-dormitorios; se lee igual
19:02:21 DEBUG   [toctoc] 20 avisos vía json-ld
19:02:24 DEBUG   [goplaceit] 30 avisos vía json-ld
19:02:25 DEBUG   La red no quedó en silencio en https://houm.com/cl/arriendo-departamentos-region-metropolitana/vitacura/3-dormitorios; se lee igual
19:02:25 DEBUG   [houm] 28 avisos vía json-ld
19:02:28 DEBUG   [engelvoelkers] 16 avisos vía tarjetas
19:02:28 INFO      engelvoelkers: 16 avisos en 8s
19:02:28 INFO    Barriendo RE/MAX Chile (remax)…
19:02:32 DEBUG   La red no quedó en silencio en https://www.toctoc.com/arriendo/departamento/metropolitana/vitacura/4-dormitorios?pagina=2; se lee igual
19:02:32 DEBUG   [toctoc] 13 avisos vía json-ld
19:02:36 INFO      remax: 0 avisos en 9s
19:02:36 INFO    Barriendo Fuenzalida Propiedades (fuenzalida)…
19:02:38 DEBUG   La red no quedó en silencio en https://houm.com/cl/arriendo-departamento-región-metropolitana/las-condes/170742; se lee igual
19:02:38 DEBUG   [houm] 1 avisos vía estado-embebido
19:02:39 DEBUG   [fuenzalida] 16 avisos vía tarjetas
19:02:42 DEBUG   [fuenzalida] 20 avisos vía tarjetas
19:02:45 DEBUG   La red no quedó en silencio en https://www.toctoc.com/arriendo/departamento/metropolitana/vitacura/4-dormitorios?pagina=3; se lee igual
19:02:45 DEBUG   [fuenzalida] 20 avisos vía tarjetas
19:02:45 INFO      fuenzalida: 56 avisos en 9s
19:02:45 INFO    Barriendo Century 21 Chile (century21)…
19:02:45 DEBUG   [toctoc] 20 avisos vía json-ld
19:02:45 INFO      toctoc: 113 avisos en 56s
19:02:45 INFO    Barriendo Property Partners (propertypartners)…
19:02:46 DEBUG   [propertypartners] 1 avisos vía tarjetas
19:02:46 INFO      propertypartners: 1 avisos en 0s
19:02:46 INFO    Barriendo Acceso Inmobiliario (accesoinmobiliario)…
19:02:47 INFO      century21: 0 avisos en 1s
19:02:47 INFO    Barriendo Magnolia Property (magnoliaproperty)…
19:02:47 DEBUG   La red no quedó en silencio en https://houm.com/cl/arriendo-departamento-región-metropolitana/las-condes/175757; se lee igual
19:02:47 DEBUG   [houm] 1 avisos vía estado-embebido
19:02:47 DEBUG   [magnoliaproperty] 8 avisos vía tarjetas
19:02:47 INFO      magnoliaproperty: 8 avisos en 1s
19:02:47 INFO    Barriendo Portilla Propiedades (portillapropiedades)…
19:02:48 DEBUG   [portillapropiedades] 2 avisos vía tarjetas
19:02:48 INFO      portillapropiedades: 2 avisos en 1s
19:02:48 INFO    Barriendo Nativo Propiedades (nativopropiedades)…
19:02:48 DEBUG   [nativopropiedades] 10 avisos vía tarjetas
19:02:48 INFO      nativopropiedades: 10 avisos en 1s
19:02:48 INFO    Barriendo Enlace Inmobiliario (enlaceinmobiliario)…
19:02:49 WARNING https://www.enlaceinmobiliario.cl/ respondió 403
19:02:49 INFO    [enlaceinmobiliario] https://www.enlaceinmobiliario.cl/ rebotó al GET; se reintenta con navegador
19:02:49 DEBUG   [accesoinmobiliario] 16 avisos vía tarjetas
19:02:56 DEBUG   La red no quedó en silencio en https://houm.com/cl/arriendo-departamento-región-metropolitana/lo-barnechea/74201; se lee igual
19:02:56 DEBUG   La red no quedó en silencio en https://www.enlaceinmobiliario.cl/; se lee igual
19:02:56 INFO      enlaceinmobiliario: 0 avisos en 8s
19:02:56 INFO    Barriendo Rentas.cl (rentas_cl)…
19:02:56 DEBUG   [houm] 1 avisos vía estado-embebido
19:02:58 DEBUG   [rentas_cl] 1 avisos vía json-ld
19:02:58 INFO      rentas_cl: 1 avisos en 2s
19:02:58 INFO    Barriendo Arriendos.cl (arriendos_cl)…
19:02:59 INFO      arriendos_cl: 0 avisos en 1s
19:02:59 INFO    Barriendo Propiedades.cl (propiedades_cl)…
19:03:00 DEBUG   [propiedades_cl] 6 avisos vía tarjetas
19:03:00 INFO      propiedades_cl: 6 avisos en 1s
19:03:00 INFO    Barriendo Clasificados.cl (clasificados_cl)…
19:03:03 DEBUG   [clasificados_cl] 1 avisos vía tarjetas
19:03:03 INFO      clasificados_cl: 1 avisos en 3s
19:03:05 DEBUG   La red no quedó en silencio en https://houm.com/cl/arriendo-departamento-región-metropolitana/providencia/175947; se lee igual
19:03:05 DEBUG   [houm] 1 avisos vía estado-embebido
19:03:07 DEBUG   [accesoinmobiliario] 1 avisos vía tarjetas
19:03:13 DEBUG   [accesoinmobiliario] 1 avisos vía tarjetas
19:03:13 DEBUG   La red no quedó en silencio en https://houm.com/cl/arriendo-departamento-región-metropolitana/ñuñoa/174379; se lee igual
19:03:13 DEBUG   [houm] 1 avisos vía estado-embebido
19:03:15 DEBUG   [accesoinmobiliario] 1 avisos vía tarjetas
19:03:15 DEBUG   [goplaceit] 30 avisos vía json-ld
19:03:22 DEBUG   La red no quedó en silencio en https://houm.com/cl/arriendo-departamento-región-metropolitana/recoleta/179872; se lee igual
19:03:22 DEBUG   [houm] 1 avisos vía estado-embebido
19:03:28 INFO      accesoinmobiliario: 19 avisos en 42s
19:03:31 DEBUG   La red no quedó en silencio en https://houm.com/cl/arriendo-departamento-región-metropolitana/recoleta/178185; se lee igual
19:03:31 DEBUG   [houm] 1 avisos vía estado-embebido
19:03:39 DEBUG   La red no quedó en silencio en https://houm.com/cl/arriendo-departamento-región-metropolitana/las-condes/177842; se lee igual
19:03:39 DEBUG   [houm] 1 avisos vía estado-embebido
19:03:39 INFO      houm: 36 avisos en 84s
19:03:43 INFO      goplaceit: 90 avisos en 113s
19:03:43 INFO    Total crudo: 605 avisos
19:03:43 INFO    Después de deduplicar: 363
19:03:43 INFO    Pasaron los filtros: 42
19:03:59 DEBUG   [doomos] 18 avisos vía tarjetas
19:03:59 DEBUG   Ficha de YVT22 sin candidato propio; no se fusiona
19:04:00 DEBUG   Ficha de HW5MX sin candidato propio; no se fusiona
19:04:03 DEBUG   [doomos] 27 avisos vía tarjetas
19:04:03 DEBUG   Ficha de U44VT sin candidato propio; no se fusiona
19:04:05 DEBUG   [doomos] 27 avisos vía tarjetas
19:04:05 DEBUG   Ficha de KNAE9 sin candidato propio; no se fusiona
19:04:06 DEBUG   [doomos] 27 avisos vía tarjetas
19:04:06 DEBUG   Ficha de PR3QK sin candidato propio; no se fusiona
19:04:09 DEBUG   [doomos] 27 avisos vía tarjetas
19:04:09 DEBUG   Ficha de 2HWEW sin candidato propio; no se fusiona
19:04:11 DEBUG   [doomos] 27 avisos vía tarjetas
19:04:11 DEBUG   Ficha de ZWNAN sin candidato propio; no se fusiona
19:04:15 DEBUG   [doomos] 27 avisos vía tarjetas
19:04:15 DEBUG   Ficha de FDXSM sin candidato propio; no se fusiona
19:04:15 DEBUG   [busconido] 11 avisos vía tarjetas
19:04:15 DEBUG   Ficha de S6ZJR sin candidato propio; no se fusiona
19:04:21 DEBUG   [doomos] 27 avisos vía tarjetas
19:04:21 DEBUG   Ficha de FQ6XQ sin candidato propio; no se fusiona
19:04:21 DEBUG   [busconido] 11 avisos vía tarjetas
19:04:21 DEBUG   Ficha de FUBZE sin candidato propio; no se fusiona
19:04:23 DEBUG   [busconido] 10 avisos vía tarjetas
19:04:23 DEBUG   Ficha de FNP3V sin candidato propio; no se fusiona
19:04:25 DEBUG   [busconido] 10 avisos vía tarjetas
19:04:25 DEBUG   Ficha de QR4FC sin candidato propio; no se fusiona
19:04:29 INFO    Enriquecido y descartado: YAVJA (arriendo de $3.517.371 sobre el máximo negociable de $1.904.000)
19:04:33 INFO    Enriquecido y descartado: CC2AY (arriendo de $2.032.258 sobre el máximo negociable de $1.904.000)
19:04:35 DEBUG   [doomos] 18 avisos vía tarjetas
19:04:35 DEBUG   Ficha de J5JN4 sin candidato propio; no se fusiona
19:04:40 DEBUG   [toctoc] 1 avisos vía estado-embebido
19:04:48 DEBUG   [doomos] 27 avisos vía tarjetas
19:04:48 DEBUG   Ficha de P8XMT sin candidato propio; no se fusiona
19:04:54 DEBUG   [toctoc] 1 avisos vía estado-embebido
19:05:00 DEBUG   [toctoc] 1 avisos vía estado-embebido
19:05:07 INFO    Enriquecido y descartado: 75BRH (arriendo de $2.931.142 sobre el máximo negociable de $1.904.000)
19:05:08 DEBUG   [magnoliaproperty] 2 avisos vía tarjetas
19:05:08 INFO    Enriquecido y descartado: SY6C4 (arriendo de $3.687.051 sobre el máximo negociable de $1.904.000)
19:05:29 INFO    Enriquecido y descartado: 75BRH (arriendo de $2.149.504 sobre el máximo negociable de $1.904.000)
19:05:32 INFO    Enriquecido y descartado: 75BRH (arriendo de $1.954.095 sobre el máximo negociable de $1.904.000)
19:05:50 DEBUG   [toctoc] 1 avisos vía estado-embebido
19:06:00 DEBUG   La red no quedó en silencio en https://www.toctoc.com/arriendo/departamento/metropolitana/vitacura/b_5a37b5df7f9d79c4bd1ab716a6babbded3d95b42; se lee igual
19:06:01 DEBUG   [toctoc] 1 avisos vía estado-embebido
19:06:05 INFO    Enriquecido y descartado: 75BRH (arriendo de $4.299.009 sobre el máximo negociable de $1.904.000)
19:06:08 INFO    Fichas leídas: 42 — 0 ganaron el año, 0 la dirección; 7 se descartaron al verlas (0 por viejos)
19:06:09 INFO    Listo: 0 avisados de 35 candidatos
