00:48:38 INFO    UF = $40.918.25 (API del día)
00:48:38 INFO    Barriendo TocToc (toctoc)…
00:48:38 INFO    Barriendo Chilepropiedades (chilepropiedades)…
00:48:38 INFO    Barriendo GoPlaceIt (goplaceit)…
00:48:38 INFO    Barriendo Yapo (yapo)…
00:48:38 DEBUG   [chilepropiedades] 10 avisos vía tarjetas
00:48:40 INFO      yapo: 0 avisos en 2s
00:48:40 INFO    Barriendo BuscoNido (busconido)…
00:48:40 DEBUG   [chilepropiedades] 10 avisos vía tarjetas
00:48:40 DEBUG   [busconido] 23 avisos vía tarjetas
00:48:40 INFO      busconido: 23 avisos en 1s
00:48:40 INFO    Barriendo BienesOnline (bienesonline)…
00:48:41 DEBUG   [bienesonline] 13 avisos vía tarjetas
00:48:41 INFO      bienesonline: 13 avisos en 1s
00:48:41 INFO    Barriendo Economicos (El Mercurio) (economicos)…
00:48:42 WARNING https://www.economicos.cl/search/propiedades/vitacura/arriendo/departamento/0 respondió 403
00:48:42 INFO    [economicos] https://www.economicos.cl/search/propiedades/vitacura/arriendo/departamento/0 rebotó al GET; se reintenta con navegador
00:48:42 DEBUG   [goplaceit] 30 avisos vía json-ld
00:48:42 DEBUG   [chilepropiedades] 10 avisos vía tarjetas
00:48:42 INFO      chilepropiedades: 30 avisos en 5s
00:48:42 INFO    Barriendo iCasas (icasas)…
00:48:43 DEBUG   [icasas] 15 avisos vía tarjetas
00:48:43 INFO      economicos: 0 avisos en 2s
00:48:43 INFO    Barriendo Doomos (doomos)…
00:48:45 DEBUG   [icasas] 15 avisos vía tarjetas
00:48:45 INFO      icasas: 30 avisos en 3s
00:48:45 INFO    Barriendo Top Propiedades (toppropiedades)…
00:48:45 DEBUG   [doomos] 32 avisos vía tarjetas
00:48:46 DEBUG   La red no quedó en silencio en https://www.toctoc.com/arriendo/departamento/metropolitana/vitacura/3-dormitorios; se lee igual
00:48:46 INFO      doomos: 32 avisos en 2s
00:48:46 INFO    Barriendo Nuroa (nuroa)…
00:48:46 DEBUG   Encoding detection: ascii is most likely the one.
00:48:47 DEBUG   [toctoc] 20 avisos vía json-ld
00:48:47 DEBUG   [nuroa] 25 avisos vía json-ld
00:48:49 DEBUG   [toppropiedades] 1 avisos vía json-ld
00:48:50 DEBUG   [nuroa] 25 avisos vía json-ld
00:48:51 DEBUG   [nuroa] 25 avisos vía json-ld
00:48:51 DEBUG   [toppropiedades] 1 avisos vía json-ld
00:48:53 DEBUG   [toppropiedades] 1 avisos vía json-ld
00:48:54 DEBUG   [nuroa] 25 avisos vía json-ld
00:48:54 INFO      nuroa: 100 avisos en 8s
00:48:54 INFO    Barriendo Mitula (mitula)…
00:48:54 DEBUG   La red no quedó en silencio en https://www.toctoc.com/arriendo/departamento/metropolitana/vitacura/3-dormitorios?pagina=2; se lee igual
00:48:55 DEBUG   [toppropiedades] 1 avisos vía json-ld
00:48:56 DEBUG   [mitula] 30 avisos vía json-ld
00:48:56 DEBUG   [toctoc] 20 avisos vía json-ld
00:48:57 DEBUG   [toppropiedades] 1 avisos vía json-ld
00:48:58 DEBUG   [mitula] 30 avisos vía json-ld
00:48:58 INFO      mitula: 60 avisos en 4s
00:48:58 INFO    Barriendo Houm (houm)…
00:48:59 DEBUG   [toppropiedades] 1 avisos vía json-ld
00:49:01 DEBUG   [toppropiedades] 1 avisos vía json-ld
00:49:02 DEBUG   [toctoc] 20 avisos vía json-ld
00:49:03 DEBUG   [toppropiedades] 1 avisos vía json-ld
00:49:03 INFO      toppropiedades: 8 avisos en 18s
00:49:03 INFO    Barriendo Hey! Homes (heyhomes)…
00:49:06 DEBUG   [heyhomes] 9 avisos vía tarjetas
00:49:06 INFO      heyhomes: 9 avisos en 3s
00:49:06 INFO    Barriendo Engel & Völkers (engelvoelkers)…
00:49:09 DEBUG   La red no quedó en silencio en https://houm.com/cl/arriendo-departamentos-region-metropolitana/vitacura/3-dormitorios; se lee igual
00:49:09 DEBUG   [houm] 28 avisos vía json-ld
00:49:12 DEBUG   [toctoc] 20 avisos vía json-ld
00:49:14 DEBUG   [engelvoelkers] 18 avisos vía tarjetas
00:49:14 INFO      engelvoelkers: 18 avisos en 8s
00:49:14 INFO    Barriendo RE/MAX Chile (remax)…
00:49:21 DEBUG   La red no quedó en silencio en https://houm.com/cl/arriendo-departamento-región-metropolitana/las-condes/170742; se lee igual
00:49:21 DEBUG   [houm] 1 avisos vía estado-embebido
00:49:23 DEBUG   La red no quedó en silencio en https://www.toctoc.com/arriendo/departamento/metropolitana/vitacura/4-dormitorios?pagina=2; se lee igual
00:49:24 DEBUG   [toctoc] 20 avisos vía json-ld
00:49:26 INFO      remax: 0 avisos en 12s
00:49:26 INFO    Barriendo Fuenzalida Propiedades (fuenzalida)…
00:49:27 DEBUG   [goplaceit] 30 avisos vía json-ld
00:49:29 DEBUG   [fuenzalida] 16 avisos vía tarjetas
00:49:32 DEBUG   [fuenzalida] 20 avisos vía tarjetas
00:49:33 DEBUG   La red no quedó en silencio en https://houm.com/cl/arriendo-departamento-región-metropolitana/las-condes/175757; se lee igual
00:49:33 DEBUG   [houm] 1 avisos vía estado-embebido
00:49:35 DEBUG   [toctoc] 40 avisos vía estado-embebido
00:49:35 INFO      toctoc: 140 avisos en 57s
00:49:35 INFO    Barriendo Century 21 Chile (century21)…
00:49:35 DEBUG   [fuenzalida] 20 avisos vía tarjetas
00:49:35 INFO      fuenzalida: 56 avisos en 9s
00:49:35 INFO    Barriendo Property Partners (propertypartners)…
00:49:36 DEBUG   [propertypartners] 1 avisos vía tarjetas
00:49:36 INFO      propertypartners: 1 avisos en 0s
00:49:36 INFO    Barriendo Acceso Inmobiliario (accesoinmobiliario)…
00:49:36 INFO      century21: 0 avisos en 1s
00:49:36 INFO    Barriendo Magnolia Property (magnoliaproperty)…
00:49:36 DEBUG   [magnoliaproperty] 6 avisos vía tarjetas
00:49:36 INFO      magnoliaproperty: 6 avisos en 0s
00:49:36 INFO    Barriendo Portilla Propiedades (portillapropiedades)…
00:49:37 DEBUG   [portillapropiedades] 2 avisos vía tarjetas
00:49:37 INFO      portillapropiedades: 2 avisos en 0s
00:49:37 INFO    Barriendo Nativo Propiedades (nativopropiedades)…
00:49:38 DEBUG   [nativopropiedades] 10 avisos vía tarjetas
00:49:38 INFO      nativopropiedades: 10 avisos en 1s
00:49:38 INFO    Barriendo Enlace Inmobiliario (enlaceinmobiliario)…
00:49:38 WARNING https://www.enlaceinmobiliario.cl/ respondió 403
00:49:38 INFO    [enlaceinmobiliario] https://www.enlaceinmobiliario.cl/ rebotó al GET; se reintenta con navegador
00:49:41 DEBUG   [accesoinmobiliario] 16 avisos vía tarjetas
00:49:42 DEBUG   La red no quedó en silencio en https://houm.com/cl/arriendo-departamento-región-metropolitana/lo-barnechea/74201; se lee igual
00:49:42 DEBUG   [houm] 1 avisos vía estado-embebido
00:49:47 DEBUG   [accesoinmobiliario] 1 avisos vía tarjetas
00:49:48 INFO      enlaceinmobiliario: 0 avisos en 10s
00:49:48 INFO    Barriendo Rentas.cl (rentas_cl)…
00:49:50 DEBUG   [rentas_cl] 1 avisos vía json-ld
00:49:50 INFO      rentas_cl: 1 avisos en 2s
00:49:50 INFO    Barriendo Arriendos.cl (arriendos_cl)…
00:49:51 INFO      arriendos_cl: 0 avisos en 1s
00:49:51 INFO    Barriendo Propiedades.cl (propiedades_cl)…
00:49:51 DEBUG   [propiedades_cl] 6 avisos vía tarjetas
00:49:51 INFO      propiedades_cl: 6 avisos en 1s
00:49:51 INFO    Barriendo Clasificados.cl (clasificados_cl)…
00:49:55 DEBUG   La red no quedó en silencio en https://houm.com/cl/arriendo-departamento-región-metropolitana/providencia/175947; se lee igual
00:49:55 DEBUG   [houm] 1 avisos vía estado-embebido
00:49:56 DEBUG   [clasificados_cl] 1 avisos vía tarjetas
00:49:56 INFO      clasificados_cl: 1 avisos en 5s
00:50:05 DEBUG   La red no quedó en silencio en https://houm.com/cl/arriendo-departamento-región-metropolitana/ñuñoa/174379; se lee igual
00:50:05 DEBUG   [accesoinmobiliario] 1 avisos vía tarjetas
00:50:05 DEBUG   [houm] 1 avisos vía estado-embebido
00:50:08 DEBUG   [accesoinmobiliario] 1 avisos vía tarjetas
00:50:12 INFO      accesoinmobiliario: 19 avisos en 36s
00:50:15 DEBUG   [goplaceit] 30 avisos vía json-ld
00:50:16 DEBUG   La red no quedó en silencio en https://houm.com/cl/arriendo-departamento-región-metropolitana/recoleta/179872; se lee igual
00:50:16 DEBUG   [houm] 1 avisos vía estado-embebido
00:50:24 DEBUG   La red no quedó en silencio en https://houm.com/cl/arriendo-departamento-región-metropolitana/recoleta/178185; se lee igual
00:50:24 DEBUG   [houm] 1 avisos vía estado-embebido
00:50:31 DEBUG   La red no quedó en silencio en https://houm.com/cl/arriendo-departamento-región-metropolitana/las-condes/177842; se lee igual
00:50:32 DEBUG   [houm] 1 avisos vía estado-embebido
00:50:32 INFO      houm: 36 avisos en 93s
00:50:42 DEBUG   La red no quedó en silencio en https://www.goplaceit.com/cl/propiedad/arriendo/departamento/vitacura/12332860-se-arrienda-dpto-vespucio-norte?&prev=perfil-comuna; se lee igual
00:50:42 INFO      goplaceit: 90 avisos en 124s
00:50:42 INFO    Total crudo: 691 avisos
00:50:42 INFO    Después de deduplicar: 419
00:50:42 INFO    Pasaron los filtros: 48
00:51:06 DEBUG   [doomos] 18 avisos vía tarjetas
00:51:06 DEBUG   Ficha de YVT22 sin candidato propio; no se fusiona
00:51:07 DEBUG   Ficha de HW5MX sin candidato propio; no se fusiona
00:51:08 DEBUG   [doomos] 27 avisos vía tarjetas
00:51:08 DEBUG   Ficha de U44VT sin candidato propio; no se fusiona
00:51:10 DEBUG   [doomos] 27 avisos vía tarjetas
00:51:10 DEBUG   Ficha de KNAE9 sin candidato propio; no se fusiona
00:51:12 DEBUG   [doomos] 27 avisos vía tarjetas
00:51:12 DEBUG   Ficha de PR3QK sin candidato propio; no se fusiona
00:51:18 DEBUG   [doomos] 27 avisos vía tarjetas
00:51:18 DEBUG   Ficha de 2HWEW sin candidato propio; no se fusiona
00:51:20 DEBUG   [doomos] 27 avisos vía tarjetas
00:51:20 DEBUG   Ficha de ZWNAN sin candidato propio; no se fusiona
00:51:22 DEBUG   [doomos] 27 avisos vía tarjetas
00:51:22 DEBUG   Ficha de FDXSM sin candidato propio; no se fusiona
00:51:23 DEBUG   [busconido] 10 avisos vía tarjetas
00:51:23 DEBUG   Ficha de TKTCZ sin candidato propio; no se fusiona
00:51:24 DEBUG   [doomos] 27 avisos vía tarjetas
00:51:24 DEBUG   Ficha de FQ6XQ sin candidato propio; no se fusiona
00:51:25 DEBUG   [busconido] 10 avisos vía tarjetas
00:51:25 DEBUG   Ficha de ZKWUC sin candidato propio; no se fusiona
00:51:27 DEBUG   [busconido] 10 avisos vía tarjetas
00:51:27 DEBUG   Ficha de X4AHM sin candidato propio; no se fusiona
00:51:29 DEBUG   [busconido] 11 avisos vía tarjetas
00:51:29 DEBUG   Ficha de X2YEB sin candidato propio; no se fusiona
00:51:32 INFO    Enriquecido y descartado: YAVJA (arriendo de $3.517.371 sobre el máximo negociable de $1.904.000)
00:51:36 INFO    Enriquecido y descartado: CC2AY (arriendo de $2.032.258 sobre el máximo negociable de $1.904.000)
00:51:39 DEBUG   [doomos] 18 avisos vía tarjetas
00:51:39 DEBUG   Ficha de J5JN4 sin candidato propio; no se fusiona
00:51:45 DEBUG   [toctoc] 1 avisos vía estado-embebido
00:51:57 DEBUG   [engelvoelkers] 1 avisos vía json-ld
00:51:58 DEBUG   [doomos] 27 avisos vía tarjetas
00:51:58 DEBUG   Ficha de P8XMT sin candidato propio; no se fusiona
00:52:05 DEBUG   [toctoc] 1 avisos vía estado-embebido
00:52:14 DEBUG   [toctoc] 1 avisos vía estado-embebido
00:52:19 DEBUG   [toctoc] 1 avisos vía estado-embebido
00:52:19 DEBUG   [chilepropiedades] 2 avisos vía json-ld
00:52:26 DEBUG   [toctoc] 1 avisos vía estado-embebido
00:52:32 DEBUG   [toctoc] 1 avisos vía estado-embebido
00:52:36 DEBUG   [toctoc] 1 avisos vía estado-embebido
00:52:41 INFO    Enriquecido y descartado: 75BRH (arriendo de $2.931.142 sobre el máximo negociable de $1.904.000)
00:53:03 INFO    Enriquecido y descartado: 75BRH (arriendo de $2.149.504 sobre el máximo negociable de $1.904.000)
00:53:06 INFO    Enriquecido y descartado: 75BRH (arriendo de $1.954.095 sobre el máximo negociable de $1.904.000)
00:53:21 WARNING robots.txt no permite https://www.nuroa.cl/adform/10342-912-e7f8-1a0a016-97e0-4460cb69457-7a3c?click_type=0&pos=1&searchType=1&page=1&section=1&t_sec=1&sectionType=1&pageViewId=51ebaca1-c372-45f7-9468-540cafbc240e&t_pvid=51ebaca1-c372-45f7-9468-540cafbc240e&userAgent=Mozilla%2F5.0+%28compatible%3B+radar-arriendos%2F1.0%3B+uso+personal%2C+busqueda+de+arriendo%3B+%2Bhttps%3A%2F%2Fgithub.com%2Falfonsoandona%2Farriendos-vitacura%29&browser=1&isHuman=true&userIp=172.208.153.18&what=vitacura+departamento&search_terms=vitacura+departamento&origin=1&t_or=1&splitTestId=0 — se omite
00:53:27 DEBUG   [toctoc] 1 avisos vía estado-embebido
00:53:32 DEBUG   [toctoc] 1 avisos vía estado-embebido
00:53:36 INFO    Enriquecido y descartado: 75BRH (arriendo de $4.299.009 sobre el máximo negociable de $1.904.000)
00:53:40 INFO    Fichas leídas: 48 — 0 ganaron el año, 0 la dirección; 6 se descartaron al verlas (0 por viejos)
00:53:41 INFO    Listo: 0 avisados de 42 candidatos
