22:19:24 INFO    UF = $41.040.82 (API del día)
22:19:24 INFO    Barriendo TocToc (toctoc)…
22:19:24 INFO    Barriendo Chilepropiedades (chilepropiedades)…
22:19:24 INFO    Barriendo GoPlaceIt (goplaceit)…
22:19:24 INFO    Barriendo Yapo (yapo)…
22:19:24 WARNING https://www.yapo.cl/bienes-raices-alquiler-apartamentos/region-metropolitana-vitacura respondió 403
22:19:24 INFO    [yapo] https://www.yapo.cl/bienes-raices-alquiler-apartamentos/region-metropolitana-vitacura rebotó al GET; se reintenta con navegador
22:19:24 DEBUG   [chilepropiedades] 10 avisos vía tarjetas
22:19:26 DEBUG   [chilepropiedades] 10 avisos vía tarjetas
22:19:28 DEBUG   [chilepropiedades] 10 avisos vía tarjetas
22:19:28 INFO      chilepropiedades: 30 avisos en 4s
22:19:28 INFO    Barriendo BuscoNido (busconido)…
22:19:29 DEBUG   [goplaceit] 30 avisos vía json-ld
22:19:29 DEBUG   [busconido] 23 avisos vía tarjetas
22:19:29 INFO      busconido: 23 avisos en 1s
22:19:29 INFO    Barriendo BienesOnline (bienesonline)…
22:19:32 DEBUG   [toctoc] 20 avisos vía json-ld
22:19:35 DEBUG   La red no quedó en silencio en https://www.yapo.cl/bienes-raices-alquiler-apartamentos/region-metropolitana-vitacura; se lee igual
22:19:35 INFO      yapo: 0 avisos en 12s
22:19:35 INFO    Barriendo Economicos (El Mercurio) (economicos)…
22:19:36 DEBUG   [economicos] 20 avisos vía tarjetas
22:19:38 DEBUG   [economicos] 18 avisos vía tarjetas
22:19:40 DEBUG   [toctoc] 1 avisos vía tarjetas
22:19:40 WARNING Error en https://www.bienesonline.cl/ (intento 1/3): HTTPSConnectionPool(host='bienesonline.ai', port=443): Max retries exceeded with url: /es/chile (Caused by NameResolutionError("HTTPSConnection(host='bienesonline.ai', port=443): Failed to resolve 'bienesonline.ai' ([Errno -3] Temporary failure in name resolution)"))
22:19:40 DEBUG   [economicos] 13 avisos vía tarjetas
22:19:40 INFO      economicos: 51 avisos en 5s
22:19:40 INFO    Barriendo iCasas (icasas)…
22:19:41 DEBUG   [icasas] 15 avisos vía tarjetas
22:19:43 DEBUG   [icasas] 15 avisos vía tarjetas
22:19:43 INFO      icasas: 30 avisos en 3s
22:19:43 INFO    Barriendo Doomos (doomos)…
22:19:45 DEBUG   [toctoc] 20 avisos vía json-ld
22:19:45 DEBUG   [doomos] 33 avisos vía tarjetas
22:19:45 INFO      doomos: 33 avisos en 3s
22:19:45 INFO    Barriendo Top Propiedades (toppropiedades)…
22:19:49 DEBUG   [toppropiedades] 1 avisos vía json-ld
22:19:50 DEBUG   [toctoc] 20 avisos vía json-ld
22:19:51 DEBUG   [toppropiedades] 1 avisos vía json-ld
22:19:52 WARNING Error en https://www.bienesonline.cl/ (intento 2/3): HTTPSConnectionPool(host='bienesonline.ai', port=443): Max retries exceeded with url: /es/chile (Caused by NameResolutionError("HTTPSConnection(host='bienesonline.ai', port=443): Failed to resolve 'bienesonline.ai' ([Errno -3] Temporary failure in name resolution)"))
22:19:53 DEBUG   [toppropiedades] 1 avisos vía json-ld
22:19:55 DEBUG   [toppropiedades] 1 avisos vía json-ld
22:19:55 DEBUG   [toctoc] 15 avisos vía json-ld
22:19:57 DEBUG   [toppropiedades] 1 avisos vía json-ld
22:19:59 DEBUG   [toppropiedades] 1 avisos vía json-ld
22:19:59 DEBUG   [goplaceit] 30 avisos vía json-ld
22:20:01 DEBUG   [toppropiedades] 1 avisos vía json-ld
22:20:02 DEBUG   La red no quedó en silencio en https://www.toctoc.com/arriendo/departamento/metropolitana/vitacura/4-dormitorios?pagina=3; se lee igual
22:20:03 DEBUG   [toctoc] 20 avisos vía json-ld
22:20:03 INFO      toctoc: 96 avisos en 39s
22:20:03 INFO    Barriendo Nuroa (nuroa)…
22:20:03 DEBUG   [toppropiedades] 1 avisos vía json-ld
22:20:03 INFO      toppropiedades: 8 avisos en 17s
22:20:03 INFO    Barriendo Mitula (mitula)…
22:20:03 DEBUG   Encoding detection: ascii is most likely the one.
22:20:07 WARNING Error en https://www.bienesonline.cl/ (intento 3/3): HTTPSConnectionPool(host='bienesonline.ai', port=443): Max retries exceeded with url: /es/chile (Caused by NameResolutionError("HTTPSConnection(host='bienesonline.ai', port=443): Failed to resolve 'bienesonline.ai' ([Errno -3] Temporary failure in name resolution)"))
22:20:07 WARNING   bienesonline: el dominio no existe (DNS no resuelve) — la URL está mala o el sitio se dio de baja
22:20:07 INFO      bienesonline: 0 avisos en 37s
22:20:07 INFO    Barriendo Houm (houm)…
22:20:08 WARNING https://casas.mitula.cl/casas/arriendo-departamentos-vitacura respondió 500
22:20:08 WARNING   mitula: HTTP 500
22:20:08 INFO      mitula: 0 avisos en 5s
22:20:08 INFO    Barriendo Hey! Homes (heyhomes)…
22:20:09 DEBUG   [nuroa] 25 avisos vía json-ld
22:20:11 DEBUG   [heyhomes] 9 avisos vía tarjetas
22:20:11 INFO      heyhomes: 9 avisos en 3s
22:20:11 INFO    Barriendo Engel & Völkers (engelvoelkers)…
22:20:13 DEBUG   [nuroa] 25 avisos vía json-ld
22:20:14 DEBUG   [nuroa] 25 avisos vía json-ld
22:20:14 DEBUG   La red no quedó en silencio en https://houm.com/cl/arriendo-departamentos-region-metropolitana/vitacura/3-dormitorios; se lee igual
22:20:14 DEBUG   [houm] 28 avisos vía json-ld
22:20:18 DEBUG   [engelvoelkers] 17 avisos vía tarjetas
22:20:18 INFO      engelvoelkers: 17 avisos en 7s
22:20:18 INFO    Barriendo RE/MAX Chile (remax)…
22:20:19 DEBUG   [nuroa] 25 avisos vía json-ld
22:20:19 INFO      nuroa: 100 avisos en 17s
22:20:19 INFO    Barriendo Fuenzalida Propiedades (fuenzalida)…
22:20:22 DEBUG   La red no quedó en silencio en https://houm.com/cl/arriendo-departamento-región-metropolitana/las-condes/170742; se lee igual
22:20:23 DEBUG   [houm] 1 avisos vía estado-embebido
22:20:23 DEBUG   [fuenzalida] 16 avisos vía tarjetas
22:20:27 DEBUG   [fuenzalida] 20 avisos vía tarjetas
22:20:29 DEBUG   La red no quedó en silencio en https://www.remax.cl/es-cl/busqueda/metropolitana-de-santiago/santiago/vitacura/residencial-departamento/arriendo/; se lee igual
22:20:30 DEBUG   [remax] 4 avisos vía tarjetas
22:20:30 DEBUG   [fuenzalida] 20 avisos vía tarjetas
22:20:30 INFO      fuenzalida: 56 avisos en 11s
22:20:30 INFO    Barriendo Century 21 Chile (century21)…
22:20:32 INFO      century21: 0 avisos en 2s
22:20:32 INFO    Barriendo Property Partners (propertypartners)…
22:20:32 DEBUG   [propertypartners] 1 avisos vía tarjetas
22:20:32 INFO      propertypartners: 1 avisos en 0s
22:20:32 INFO    Barriendo Acceso Inmobiliario (accesoinmobiliario)…
22:20:33 DEBUG   [goplaceit] 30 avisos vía json-ld
22:20:34 DEBUG   La red no quedó en silencio en https://houm.com/cl/arriendo-departamento-región-metropolitana/lo-barnechea/74201; se lee igual
22:20:34 DEBUG   [houm] 1 avisos vía estado-embebido
22:20:36 INFO      remax: 4 avisos en 18s
22:20:36 INFO    Barriendo Magnolia Property (magnoliaproperty)…
22:20:37 DEBUG   [magnoliaproperty] 6 avisos vía tarjetas
22:20:37 INFO      magnoliaproperty: 6 avisos en 1s
22:20:37 INFO    Barriendo Portilla Propiedades (portillapropiedades)…
22:20:37 DEBUG   [accesoinmobiliario] 16 avisos vía tarjetas
22:20:38 DEBUG   [portillapropiedades] 2 avisos vía tarjetas
22:20:38 INFO      portillapropiedades: 2 avisos en 1s
22:20:38 INFO    Barriendo Nativo Propiedades (nativopropiedades)…
22:20:39 DEBUG   [nativopropiedades] 10 avisos vía tarjetas
22:20:39 INFO      nativopropiedades: 10 avisos en 1s
22:20:39 INFO    Barriendo Enlace Inmobiliario (enlaceinmobiliario)…
22:20:39 WARNING https://www.enlaceinmobiliario.cl/ respondió 403
22:20:39 INFO    [enlaceinmobiliario] https://www.enlaceinmobiliario.cl/ rebotó al GET; se reintenta con navegador
22:20:45 DEBUG   La red no quedó en silencio en https://houm.com/cl/arriendo-departamento-región-metropolitana/recoleta/179872; se lee igual
22:20:45 DEBUG   [houm] 1 avisos vía estado-embebido
22:20:46 INFO      enlaceinmobiliario: 0 avisos en 7s
22:20:46 INFO    Barriendo Rentas.cl (rentas_cl)…
22:20:48 DEBUG   [rentas_cl] 1 avisos vía json-ld
22:20:48 INFO      rentas_cl: 1 avisos en 2s
22:20:48 INFO    Barriendo Arriendos.cl (arriendos_cl)…
22:20:49 INFO      arriendos_cl: 0 avisos en 1s
22:20:49 INFO    Barriendo Propiedades.cl (propiedades_cl)…
22:20:50 DEBUG   [propiedades_cl] 6 avisos vía tarjetas
22:20:50 INFO      propiedades_cl: 6 avisos en 1s
22:20:50 INFO    Barriendo Clasificados.cl (clasificados_cl)…
22:20:51 DEBUG   [accesoinmobiliario] 1 avisos vía tarjetas
22:20:53 DEBUG   [clasificados_cl] 1 avisos vía tarjetas
22:20:53 INFO      clasificados_cl: 1 avisos en 3s
22:20:56 DEBUG   La red no quedó en silencio en https://houm.com/cl/arriendo-departamento-región-metropolitana/recoleta/178185; se lee igual
22:20:56 DEBUG   [houm] 1 avisos vía estado-embebido
22:20:57 DEBUG   [accesoinmobiliario] 1 avisos vía tarjetas
22:21:02 DEBUG   [accesoinmobiliario] 1 avisos vía tarjetas
22:21:05 DEBUG   La red no quedó en silencio en https://houm.com/cl/arriendo-departamento-región-metropolitana/recoleta/176207; se lee igual
22:21:05 DEBUG   [houm] 1 avisos vía estado-embebido
22:21:11 INFO      goplaceit: 90 avisos en 107s
22:21:13 DEBUG   La red no quedó en silencio en https://houm.com/cl/arriendo-departamento-región-metropolitana/las-condes/177842; se lee igual
22:21:13 DEBUG   [houm] 1 avisos vía estado-embebido
22:21:20 DEBUG   La red no quedó en silencio en https://houm.com/cl/arriendo-departamento-región-metropolitana/recoleta/176958; se lee igual
22:21:20 DEBUG   [accesoinmobiliario] 1 avisos vía tarjetas
22:21:20 INFO      accesoinmobiliario: 20 avisos en 48s
22:21:20 DEBUG   [houm] 1 avisos vía estado-embebido
22:21:28 DEBUG   La red no quedó en silencio en https://houm.com/cl/arriendo-departamento-región-metropolitana/recoleta/90462; se lee igual
22:21:28 DEBUG   [houm] 1 avisos vía estado-embebido
22:21:28 INFO      houm: 36 avisos en 81s
22:21:28 INFO    Total crudo: 630 avisos
22:21:28 INFO    Después de deduplicar: 472
22:21:28 INFO    Pasaron los filtros: 67
22:21:43 DEBUG   [economicos] 1 avisos vía tarjetas
22:21:45 DEBUG   [doomos] 18 avisos vía tarjetas
22:21:45 DEBUG   Ficha de YVT22 sin candidato propio; no se fusiona
22:21:47 DEBUG   Ficha de HW5MX sin candidato propio; no se fusiona
22:21:47 DEBUG   [economicos] 1 avisos vía tarjetas
22:21:49 DEBUG   [economicos] 1 avisos vía tarjetas
22:21:51 DEBUG   [economicos] 1 avisos vía tarjetas
22:21:53 DEBUG   [economicos] 1 avisos vía tarjetas
22:21:55 DEBUG   [economicos] 1 avisos vía tarjetas
22:21:57 DEBUG   [economicos] 1 avisos vía tarjetas
22:22:00 DEBUG   [doomos] 27 avisos vía tarjetas
22:22:00 DEBUG   Ficha de U44VT sin candidato propio; no se fusiona
22:22:03 DEBUG   [doomos] 27 avisos vía tarjetas
22:22:03 DEBUG   Ficha de KNAE9 sin candidato propio; no se fusiona
22:22:13 DEBUG   [doomos] 27 avisos vía tarjetas
22:22:13 DEBUG   Ficha de PR3QK sin candidato propio; no se fusiona
22:22:16 DEBUG   [doomos] 27 avisos vía tarjetas
22:22:16 DEBUG   Ficha de 2HWEW sin candidato propio; no se fusiona
22:22:16 DEBUG   [economicos] 1 avisos vía tarjetas
22:22:21 DEBUG   [doomos] 27 avisos vía tarjetas
22:22:21 DEBUG   Ficha de ZWNAN sin candidato propio; no se fusiona
22:22:21 DEBUG   [economicos] 1 avisos vía tarjetas
22:22:23 DEBUG   [economicos] 1 avisos vía tarjetas
22:22:23 DEBUG   Ficha de XEC3Z sin candidato propio; no se fusiona
22:22:25 DEBUG   [economicos] 1 avisos vía tarjetas
22:22:29 DEBUG   [toctoc] 9 avisos vía estado-embebido
22:22:29 DEBUG   Ficha de TMTCR sin candidato propio; no se fusiona
22:22:34 DEBUG   [toctoc] 1 avisos vía estado-embebido
22:22:34 DEBUG   [busconido] 10 avisos vía tarjetas
22:22:34 DEBUG   Ficha de VHW97 sin candidato propio; no se fusiona
22:22:36 DEBUG   [busconido] 11 avisos vía tarjetas
22:22:36 DEBUG   Ficha de 5G5TS sin candidato propio; no se fusiona
22:22:38 DEBUG   [busconido] 11 avisos vía tarjetas
22:22:38 DEBUG   Ficha de FYAVK sin candidato propio; no se fusiona
22:22:40 DEBUG   [busconido] 10 avisos vía tarjetas
22:22:40 DEBUG   Ficha de Y69M8 sin candidato propio; no se fusiona
22:22:42 DEBUG   [doomos] 27 avisos vía tarjetas
22:22:42 DEBUG   Ficha de FQ6XQ sin candidato propio; no se fusiona
22:22:42 DEBUG   [busconido] 10 avisos vía tarjetas
22:22:42 DEBUG   Ficha de 3SSBS sin candidato propio; no se fusiona
22:22:44 DEBUG   [busconido] 10 avisos vía tarjetas
22:22:44 DEBUG   Ficha de KWJ7Y sin candidato propio; no se fusiona
22:22:44 DEBUG   [economicos] 1 avisos vía tarjetas
22:22:44 INFO    Enriquecido y descartado: S84GC (arriendo de $3.108.725 sobre el máximo negociable de $1.904.000)
22:22:49 INFO    Enriquecido y descartado: YAVJA (arriendo de $3.517.371 sobre el máximo negociable de $1.904.000)
22:22:49 DEBUG   [economicos] 1 avisos vía tarjetas
22:22:57 INFO    Enriquecido y descartado: CC2AY (arriendo de $2.032.258 sobre el máximo negociable de $1.904.000)
22:22:57 WARNING robots.txt no permite https://placehold.co/1920x1080.mp4 — se omite
22:23:05 DEBUG   [doomos] 18 avisos vía tarjetas
22:23:05 DEBUG   Ficha de J5JN4 sin candidato propio; no se fusiona
22:23:16 DEBUG   La red no quedó en silencio en https://www.toctoc.com/arriendo/departamento/metropolitana/vitacura/b_ac8626fbaf17f6797538373e1135be54043ecbc1; se lee igual
22:23:16 DEBUG   [toctoc] 1 avisos vía estado-embebido
22:23:24 DEBUG   [engelvoelkers] 1 avisos vía json-ld
22:23:48 WARNING Error en https://www.doomos.cl/de/2168989_estupendo-depto-excelente-ubicacion-vitacura.html (intento 1/3): HTTPSConnectionPool(host='www.doomos.cl', port=443): Read timed out. (read timeout=20)
22:24:10 WARNING Error en https://www.doomos.cl/de/2168989_estupendo-depto-excelente-ubicacion-vitacura.html (intento 2/3): HTTPSConnectionPool(host='www.doomos.cl', port=443): Read timed out. (read timeout=20)
22:24:28 DEBUG   [doomos] 27 avisos vía tarjetas
22:24:28 DEBUG   Ficha de P8XMT sin candidato propio; no se fusiona
22:24:35 DEBUG   [toctoc] 1 avisos vía estado-embebido
22:24:40 DEBUG   [toctoc] 1 avisos vía estado-embebido
22:24:50 DEBUG   [toctoc] 1 avisos vía estado-embebido
22:24:56 DEBUG   [toctoc] 1 avisos vía estado-embebido
22:24:56 WARNING robots.txt no permite https://www.nuroa.cl/adform/10342-912-b45c-1a0ce6e-984c-ada286d9a1f6-77e4?click_type=0&pos=23&searchType=2&page=1&section=1&t_sec=1&sectionType=1&pageViewId=27091418-147d-41ef-b562-e96b01ec52a0&t_pvid=27091418-147d-41ef-b562-e96b01ec52a0&userAgent=Mozilla%2F5.0+%28compatible%3B+radar-arriendos%2F1.0%3B+uso+personal%2C+busqueda+de+arriendo%3B+%2Bhttps%3A%2F%2Fgithub.com%2Falfonsoandona%2Farriendos-vitacura%29&browser=1&isHuman=true&userIp=158.23.27.7&what=vitacura+departamento&search_terms=vitacura+departamento&origin=1&t_or=1&splitTestId=0 — se omite
22:25:02 DEBUG   [toctoc] 1 avisos vía estado-embebido
22:25:06 INFO    Enriquecido y descartado: 75BRH (arriendo de $2.931.142 sobre el máximo negociable de $1.904.000)
22:25:32 INFO    Enriquecido y descartado: 75BRH (arriendo de $2.149.504 sobre el máximo negociable de $1.904.000)
22:25:35 INFO    Enriquecido y descartado: 75BRH (arriendo de $1.954.095 sobre el máximo negociable de $1.904.000)
22:25:51 DEBUG   [toctoc] 1 avisos vía estado-embebido
22:25:56 DEBUG   [toctoc] 1 avisos vía estado-embebido
22:26:00 WARNING robots.txt no permite https://www.nuroa.cl/adform/10342-912-3e9b-1a0e30e-bd4c-4f30fb45531b-7a22?click_type=0&pos=6&searchType=1&page=1&section=1&t_sec=1&sectionType=1&pageViewId=27091418-147d-41ef-b562-e96b01ec52a0&t_pvid=27091418-147d-41ef-b562-e96b01ec52a0&userAgent=Mozilla%2F5.0+%28compatible%3B+radar-arriendos%2F1.0%3B+uso+personal%2C+busqueda+de+arriendo%3B+%2Bhttps%3A%2F%2Fgithub.com%2Falfonsoandona%2Farriendos-vitacura%29&browser=1&isHuman=true&userIp=158.23.27.7&what=vitacura+departamento&search_terms=vitacura+departamento&origin=1&t_or=1&splitTestId=0 — se omite
22:26:00 WARNING robots.txt no permite https://www.nuroa.cl/adform/10342-912-e7f8-1a0a016-97e0-4460cb69457-7a3c?click_type=0&pos=13&searchType=1&page=3&section=1&t_sec=1&sectionType=1&pageViewId=29c4a330-c06e-422f-b86d-613217f8d846&t_pvid=29c4a330-c06e-422f-b86d-613217f8d846&userAgent=Mozilla%2F5.0+%28compatible%3B+radar-arriendos%2F1.0%3B+uso+personal%2C+busqueda+de+arriendo%3B+%2Bhttps%3A%2F%2Fgithub.com%2Falfonsoandona%2Farriendos-vitacura%29&browser=1&isHuman=true&userIp=158.23.27.7&what=vitacura+departamento&search_terms=vitacura+departamento&origin=1&t_or=1&splitTestId=0 — se omite
22:26:06 DEBUG   [toctoc] 1 avisos vía estado-embebido
22:26:09 INFO    Enriquecido y descartado: 75BRH (arriendo de $4.299.009 sobre el máximo negociable de $1.904.000)
22:26:13 INFO    Fichas leídas: 67 — 0 ganaron el año, 1 la dirección; 7 se descartaron al verlas (0 por viejos)
22:26:14 INFO    Listo: 0 avisados de 60 candidatos
