17:16:31 INFO    No se pudo traer la UF del día (ReadTimeout); se usa el respaldo
17:16:31 INFO    UF = $40.918.25 (caché de hace 0 día(s) — la API no respondió)
17:16:31 INFO    Barriendo TocToc (toctoc)…
17:16:31 INFO    Barriendo Chilepropiedades (chilepropiedades)…
17:16:31 INFO    Barriendo GoPlaceIt (goplaceit)…
17:16:31 INFO    Barriendo Yapo (yapo)…
17:16:32 DEBUG   [chilepropiedades] 10 avisos vía tarjetas
17:16:34 DEBUG   [chilepropiedades] 10 avisos vía tarjetas
17:16:35 DEBUG   [goplaceit] 30 avisos vía json-ld
17:16:35 INFO      yapo: 0 avisos en 4s
17:16:35 INFO    Barriendo BuscoNido (busconido)…
17:16:36 DEBUG   [chilepropiedades] 10 avisos vía tarjetas
17:16:36 INFO      chilepropiedades: 30 avisos en 4s
17:16:36 INFO    Barriendo BienesOnline (bienesonline)…
17:16:36 DEBUG   [busconido] 23 avisos vía tarjetas
17:16:36 INFO      busconido: 23 avisos en 1s
17:16:36 INFO    Barriendo Economicos (El Mercurio) (economicos)…
17:16:37 WARNING https://www.economicos.cl/search/propiedades/vitacura/arriendo/departamento/0 respondió 403
17:16:37 INFO    [economicos] https://www.economicos.cl/search/propiedades/vitacura/arriendo/departamento/0 rebotó al GET; se reintenta con navegador
17:16:37 DEBUG   [bienesonline] 14 avisos vía tarjetas
17:16:37 INFO      bienesonline: 14 avisos en 1s
17:16:37 INFO    Barriendo iCasas (icasas)…
17:16:38 DEBUG   [icasas] 15 avisos vía tarjetas
17:16:39 DEBUG   La red no quedó en silencio en https://www.toctoc.com/arriendo/departamento/metropolitana/vitacura/3-dormitorios; se lee igual
17:16:40 DEBUG   [icasas] 15 avisos vía tarjetas
17:16:40 INFO      icasas: 30 avisos en 3s
17:16:40 INFO    Barriendo Doomos (doomos)…
17:16:40 DEBUG   [toctoc] 20 avisos vía json-ld
17:16:40 INFO      economicos: 0 avisos en 4s
17:16:40 INFO    Barriendo Top Propiedades (toppropiedades)…
17:16:42 DEBUG   [doomos] 32 avisos vía tarjetas
17:16:42 INFO      doomos: 32 avisos en 3s
17:16:42 INFO    Barriendo Nuroa (nuroa)…
17:16:43 DEBUG   Encoding detection: ascii is most likely the one.
17:16:44 DEBUG   [nuroa] 25 avisos vía json-ld
17:16:44 DEBUG   [toppropiedades] 1 avisos vía json-ld
17:16:46 DEBUG   [toppropiedades] 1 avisos vía json-ld
17:16:46 DEBUG   [nuroa] 25 avisos vía json-ld
17:16:48 DEBUG   La red no quedó en silencio en https://www.toctoc.com/arriendo/departamento/metropolitana/vitacura/3-dormitorios?pagina=2; se lee igual
17:16:48 DEBUG   [toppropiedades] 1 avisos vía json-ld
17:16:48 DEBUG   [nuroa] 25 avisos vía json-ld
17:16:49 DEBUG   [toctoc] 20 avisos vía json-ld
17:16:50 DEBUG   [toppropiedades] 1 avisos vía json-ld
17:16:50 DEBUG   [nuroa] 25 avisos vía json-ld
17:16:51 INFO      nuroa: 100 avisos en 8s
17:16:51 INFO    Barriendo Mitula (mitula)…
17:16:51 WARNING https://casas.mitula.cl/casas/arriendo-departamentos-vitacura respondió 401
17:16:51 INFO    [mitula] https://casas.mitula.cl/casas/arriendo-departamentos-vitacura rebotó al GET; se reintenta con navegador
17:16:52 DEBUG   [toppropiedades] 1 avisos vía json-ld
17:16:53 INFO      mitula: 0 avisos en 3s
17:16:53 INFO    Barriendo Houm (houm)…
17:16:54 DEBUG   [toppropiedades] 1 avisos vía json-ld
17:16:56 DEBUG   [toppropiedades] 1 avisos vía json-ld
17:16:57 DEBUG   [toctoc] 20 avisos vía json-ld
17:16:58 DEBUG   [toppropiedades] 1 avisos vía json-ld
17:16:58 INFO      toppropiedades: 8 avisos en 18s
17:16:58 INFO    Barriendo Hey! Homes (heyhomes)…
17:17:01 DEBUG   [heyhomes] 9 avisos vía tarjetas
17:17:01 INFO      heyhomes: 9 avisos en 3s
17:17:01 INFO    Barriendo Engel & Völkers (engelvoelkers)…
17:17:04 DEBUG   La red no quedó en silencio en https://houm.com/cl/arriendo-departamentos-region-metropolitana/vitacura/3-dormitorios; se lee igual
17:17:04 DEBUG   [houm] 28 avisos vía json-ld
17:17:06 DEBUG   La red no quedó en silencio en https://www.toctoc.com/arriendo/departamento/metropolitana/vitacura/4-dormitorios; se lee igual
17:17:06 DEBUG   [toctoc] 20 avisos vía json-ld
17:17:10 DEBUG   [engelvoelkers] 16 avisos vía tarjetas
17:17:10 INFO      engelvoelkers: 16 avisos en 9s
17:17:10 INFO    Barriendo RE/MAX Chile (remax)…
17:17:16 DEBUG   La red no quedó en silencio en https://houm.com/cl/arriendo-departamento-región-metropolitana/las-condes/170742; se lee igual
17:17:16 DEBUG   [houm] 1 avisos vía estado-embebido
17:17:17 DEBUG   La red no quedó en silencio en https://www.toctoc.com/arriendo/departamento/metropolitana/vitacura/4-dormitorios?pagina=2; se lee igual
17:17:18 DEBUG   [toctoc] 20 avisos vía json-ld
17:17:19 DEBUG   [goplaceit] 30 avisos vía json-ld
17:17:21 INFO      remax: 0 avisos en 11s
17:17:21 INFO    Barriendo Fuenzalida Propiedades (fuenzalida)…
17:17:24 DEBUG   [fuenzalida] 16 avisos vía tarjetas
17:17:26 DEBUG   La red no quedó en silencio en https://houm.com/cl/arriendo-departamento-región-metropolitana/las-condes/175757; se lee igual
17:17:26 DEBUG   [houm] 1 avisos vía estado-embebido
17:17:27 DEBUG   [fuenzalida] 20 avisos vía tarjetas
17:17:28 DEBUG   La red no quedó en silencio en https://www.toctoc.com/arriendo/departamento/metropolitana/vitacura/4-dormitorios?pagina=3; se lee igual
17:17:28 DEBUG   [toctoc] 20 avisos vía json-ld
17:17:28 INFO      toctoc: 120 avisos en 57s
17:17:28 INFO    Barriendo Century 21 Chile (century21)…
17:17:29 DEBUG   [fuenzalida] 20 avisos vía tarjetas
17:17:29 INFO      fuenzalida: 56 avisos en 8s
17:17:29 INFO    Barriendo Property Partners (propertypartners)…
17:17:30 INFO      century21: 0 avisos en 1s
17:17:30 INFO    Barriendo Acceso Inmobiliario (accesoinmobiliario)…
17:17:30 DEBUG   [propertypartners] 1 avisos vía tarjetas
17:17:30 INFO      propertypartners: 1 avisos en 1s
17:17:30 INFO    Barriendo Magnolia Property (magnoliaproperty)…
17:17:31 DEBUG   [magnoliaproperty] 6 avisos vía tarjetas
17:17:31 INFO      magnoliaproperty: 6 avisos en 1s
17:17:31 INFO    Barriendo Portilla Propiedades (portillapropiedades)…
17:17:31 DEBUG   [portillapropiedades] 2 avisos vía tarjetas
17:17:31 INFO      portillapropiedades: 2 avisos en 0s
17:17:31 INFO    Barriendo Nativo Propiedades (nativopropiedades)…
17:17:32 DEBUG   [nativopropiedades] 10 avisos vía tarjetas
17:17:32 INFO      nativopropiedades: 10 avisos en 1s
17:17:32 INFO    Barriendo Enlace Inmobiliario (enlaceinmobiliario)…
17:17:32 WARNING https://www.enlaceinmobiliario.cl/ respondió 403
17:17:32 INFO    [enlaceinmobiliario] https://www.enlaceinmobiliario.cl/ rebotó al GET; se reintenta con navegador
17:17:33 DEBUG   [accesoinmobiliario] 16 avisos vía tarjetas
17:17:36 DEBUG   La red no quedó en silencio en https://houm.com/cl/arriendo-departamento-región-metropolitana/lo-barnechea/74201; se lee igual
17:17:36 DEBUG   [houm] 1 avisos vía estado-embebido
17:17:43 INFO      enlaceinmobiliario: 0 avisos en 11s
17:17:43 INFO    Barriendo Rentas.cl (rentas_cl)…
17:17:45 DEBUG   [rentas_cl] 1 avisos vía json-ld
17:17:45 INFO      rentas_cl: 1 avisos en 2s
17:17:45 INFO    Barriendo Arriendos.cl (arriendos_cl)…
17:17:45 INFO      arriendos_cl: 0 avisos en 1s
17:17:45 INFO    Barriendo Propiedades.cl (propiedades_cl)…
17:17:47 DEBUG   [propiedades_cl] 6 avisos vía tarjetas
17:17:47 INFO      propiedades_cl: 6 avisos en 1s
17:17:47 INFO    Barriendo Clasificados.cl (clasificados_cl)…
17:17:48 DEBUG   La red no quedó en silencio en https://houm.com/cl/arriendo-departamento-región-metropolitana/providencia/175947; se lee igual
17:17:48 DEBUG   [houm] 1 avisos vía estado-embebido
17:17:52 DEBUG   [clasificados_cl] 1 avisos vía tarjetas
17:17:52 INFO      clasificados_cl: 1 avisos en 5s
17:17:54 INFO      accesoinmobiliario: 16 avisos en 24s
17:17:56 DEBUG   La red no quedó en silencio en https://houm.com/cl/arriendo-departamento-región-metropolitana/ñuñoa/174379; se lee igual
17:17:56 DEBUG   [houm] 1 avisos vía estado-embebido
17:18:04 DEBUG   La red no quedó en silencio en https://houm.com/cl/arriendo-departamento-región-metropolitana/recoleta/179872; se lee igual
17:18:04 DEBUG   [houm] 1 avisos vía estado-embebido
17:18:05 DEBUG   [goplaceit] 30 avisos vía json-ld
17:18:11 DEBUG   La red no quedó en silencio en https://houm.com/cl/arriendo-departamento-región-metropolitana/recoleta/178185; se lee igual
17:18:12 DEBUG   [houm] 1 avisos vía estado-embebido
17:18:19 DEBUG   La red no quedó en silencio en https://houm.com/cl/arriendo-departamento-región-metropolitana/las-condes/177842; se lee igual
17:18:19 DEBUG   [houm] 1 avisos vía estado-embebido
17:18:19 INFO      houm: 36 avisos en 86s
17:18:28 INFO      goplaceit: 90 avisos en 117s
17:18:28 INFO    Total crudo: 607 avisos
17:18:28 INFO    Después de deduplicar: 342
17:18:28 INFO    Pasaron los filtros: 44
17:18:48 DEBUG   [doomos] 18 avisos vía tarjetas
17:18:48 DEBUG   Ficha de YVT22 sin candidato propio; no se fusiona
17:18:49 DEBUG   Ficha de HW5MX sin candidato propio; no se fusiona
17:18:50 DEBUG   [doomos] 27 avisos vía tarjetas
17:18:50 DEBUG   Ficha de U44VT sin candidato propio; no se fusiona
17:18:52 DEBUG   [doomos] 27 avisos vía tarjetas
17:18:52 DEBUG   Ficha de KNAE9 sin candidato propio; no se fusiona
17:18:55 DEBUG   [doomos] 27 avisos vía tarjetas
17:18:55 DEBUG   Ficha de PR3QK sin candidato propio; no se fusiona
17:18:56 DEBUG   [doomos] 27 avisos vía tarjetas
17:18:56 DEBUG   Ficha de 2HWEW sin candidato propio; no se fusiona
17:18:58 DEBUG   [doomos] 27 avisos vía tarjetas
17:18:58 DEBUG   Ficha de ZWNAN sin candidato propio; no se fusiona
17:19:00 DEBUG   [doomos] 27 avisos vía tarjetas
17:19:00 DEBUG   Ficha de FDXSM sin candidato propio; no se fusiona
17:19:02 DEBUG   Pin del mapa para 6Z2UN: -33.42075, -70.58471
17:19:02 INFO    Enriquecido y descartado: 6Z2UN (Las Condes a 4.8 km, fuera del anillo de 1.2 km)
17:19:03 DEBUG   [busconido] 10 avisos vía tarjetas
17:19:03 DEBUG   Ficha de TKTCZ sin candidato propio; no se fusiona
17:19:04 DEBUG   [doomos] 27 avisos vía tarjetas
17:19:04 DEBUG   Ficha de FQ6XQ sin candidato propio; no se fusiona
17:19:04 DEBUG   [busconido] 10 avisos vía tarjetas
17:19:04 DEBUG   Ficha de ZKWUC sin candidato propio; no se fusiona
17:19:06 DEBUG   [busconido] 10 avisos vía tarjetas
17:19:06 DEBUG   Ficha de X4AHM sin candidato propio; no se fusiona
17:19:11 INFO    Enriquecido y descartado: YAVJA (arriendo de $3.517.371 sobre el máximo negociable de $1.904.000)
17:19:15 INFO    Enriquecido y descartado: CC2AY (arriendo de $2.032.258 sobre el máximo negociable de $1.904.000)
17:19:16 DEBUG   [doomos] 18 avisos vía tarjetas
17:19:16 DEBUG   Ficha de J5JN4 sin candidato propio; no se fusiona
17:19:25 DEBUG   [doomos] 27 avisos vía tarjetas
17:19:25 DEBUG   Ficha de P8XMT sin candidato propio; no se fusiona
17:19:30 DEBUG   [toctoc] 1 avisos vía estado-embebido
17:19:39 DEBUG   [toctoc] 1 avisos vía estado-embebido
17:19:44 DEBUG   [toctoc] 1 avisos vía estado-embebido
17:19:49 DEBUG   [toctoc] 1 avisos vía estado-embebido
17:19:54 DEBUG   [toctoc] 1 avisos vía estado-embebido
17:20:00 DEBUG   [toctoc] 1 avisos vía estado-embebido
17:20:05 INFO    Enriquecido y descartado: 75BRH (arriendo de $2.931.142 sobre el máximo negociable de $1.904.000)
17:20:27 INFO    Enriquecido y descartado: 75BRH (arriendo de $2.149.504 sobre el máximo negociable de $1.904.000)
17:20:31 INFO    Enriquecido y descartado: 75BRH (arriendo de $1.954.095 sobre el máximo negociable de $1.904.000)
17:20:46 WARNING robots.txt no permite https://www.nuroa.cl/adform/10342-912-e7f8-1a0a016-97e0-4460cb69457-7a3c?click_type=0&pos=1&searchType=1&page=1&section=1&t_sec=1&sectionType=1&pageViewId=8b1a1a82-a410-420d-8921-35ee5085f608&t_pvid=8b1a1a82-a410-420d-8921-35ee5085f608&userAgent=Mozilla%2F5.0+%28compatible%3B+radar-arriendos%2F1.0%3B+uso+personal%2C+busqueda+de+arriendo%3B+%2Bhttps%3A%2F%2Fgithub.com%2Falfonsoandona%2Farriendos-vitacura%29&browser=1&isHuman=true&userIp=52.161.82.106&what=vitacura+departamento&search_terms=vitacura+departamento&origin=1&t_or=1&splitTestId=0 — se omite
17:20:52 DEBUG   [toctoc] 1 avisos vía estado-embebido
17:20:55 INFO    Enriquecido y descartado: 75BRH (arriendo de $4.299.009 sobre el máximo negociable de $1.904.000)
17:20:59 INFO    Fichas leídas: 44 — 1 ganaron el año, 0 la dirección; 7 se descartaron al verlas (0 por viejos)
17:21:01 INFO    Listo: 0 avisados de 37 candidatos
