19:16:48 INFO    UF = $40.959.07 (API del día)
19:16:48 INFO    Barriendo TocToc (toctoc)…
19:16:48 INFO    Barriendo Chilepropiedades (chilepropiedades)…
19:16:48 INFO    Barriendo GoPlaceIt (goplaceit)…
19:16:48 INFO    Barriendo Yapo (yapo)…
19:16:49 DEBUG   [chilepropiedades] 10 avisos vía tarjetas
19:16:50 INFO      yapo: 0 avisos en 2s
19:16:50 INFO    Barriendo BuscoNido (busconido)…
19:16:51 DEBUG   [chilepropiedades] 10 avisos vía tarjetas
19:16:51 DEBUG   [busconido] 23 avisos vía tarjetas
19:16:51 INFO      busconido: 23 avisos en 1s
19:16:51 INFO    Barriendo BienesOnline (bienesonline)…
19:16:53 DEBUG   [chilepropiedades] 10 avisos vía tarjetas
19:16:53 INFO      chilepropiedades: 30 avisos en 5s
19:16:53 INFO    Barriendo Economicos (El Mercurio) (economicos)…
19:16:53 DEBUG   [goplaceit] 30 avisos vía json-ld
19:16:54 DEBUG   [toctoc] 20 avisos vía json-ld
19:16:58 DEBUG   [economicos] 20 avisos vía tarjetas
19:17:01 DEBUG   [toctoc] 20 avisos vía json-ld
19:17:01 WARNING Error en https://www.bienesonline.cl/ (intento 1/3): HTTPSConnectionPool(host='bienesonline.ai', port=443): Max retries exceeded with url: /es/chile (Caused by NameResolutionError("HTTPSConnection(host='bienesonline.ai', port=443): Failed to resolve 'bienesonline.ai' ([Errno -3] Temporary failure in name resolution)"))
19:17:03 DEBUG   [economicos] 18 avisos vía tarjetas
19:17:04 DEBUG   [economicos] 12 avisos vía tarjetas
19:17:04 INFO      economicos: 50 avisos en 11s
19:17:04 INFO    Barriendo iCasas (icasas)…
19:17:04 DEBUG   [icasas] 15 avisos vía tarjetas
19:17:06 DEBUG   [toctoc] 20 avisos vía json-ld
19:17:06 DEBUG   [icasas] 15 avisos vía tarjetas
19:17:06 INFO      icasas: 30 avisos en 3s
19:17:06 INFO    Barriendo Doomos (doomos)…
19:17:09 DEBUG   [doomos] 31 avisos vía tarjetas
19:17:09 INFO      doomos: 31 avisos en 2s
19:17:09 INFO    Barriendo Top Propiedades (toppropiedades)…
19:17:12 WARNING Error en https://www.bienesonline.cl/ (intento 2/3): HTTPSConnectionPool(host='bienesonline.ai', port=443): Max retries exceeded with url: /es/chile (Caused by NameResolutionError("HTTPSConnection(host='bienesonline.ai', port=443): Failed to resolve 'bienesonline.ai' ([Errno -3] Temporary failure in name resolution)"))
19:17:13 DEBUG   [toppropiedades] 1 avisos vía json-ld
19:17:13 DEBUG   [toctoc] 20 avisos vía json-ld
19:17:15 DEBUG   [toppropiedades] 1 avisos vía json-ld
19:17:17 DEBUG   [toppropiedades] 1 avisos vía json-ld
19:17:19 DEBUG   [toppropiedades] 1 avisos vía json-ld
19:17:20 DEBUG   [toctoc] 13 avisos vía json-ld
19:17:21 DEBUG   [toppropiedades] 1 avisos vía json-ld
19:17:21 DEBUG   [goplaceit] 30 avisos vía json-ld
19:17:23 DEBUG   [toppropiedades] 1 avisos vía json-ld
19:17:24 WARNING Error en https://www.bienesonline.cl/ (intento 3/3): HTTPSConnectionPool(host='bienesonline.ai', port=443): Max retries exceeded with url: /es/chile (Caused by NameResolutionError("HTTPSConnection(host='bienesonline.ai', port=443): Failed to resolve 'bienesonline.ai' ([Errno -3] Temporary failure in name resolution)"))
19:17:24 WARNING   bienesonline: el dominio no existe (DNS no resuelve) — la URL está mala o el sitio se dio de baja
19:17:24 INFO      bienesonline: 0 avisos en 33s
19:17:24 INFO    Barriendo Nuroa (nuroa)…
19:17:25 DEBUG   [toppropiedades] 1 avisos vía json-ld
19:17:25 DEBUG   Encoding detection: ascii is most likely the one.
19:17:26 DEBUG   [toctoc] 20 avisos vía json-ld
19:17:26 DEBUG   [nuroa] 25 avisos vía json-ld
19:17:27 INFO      toctoc: 113 avisos en 38s
19:17:27 INFO    Barriendo Mitula (mitula)…
19:17:27 DEBUG   [toppropiedades] 1 avisos vía json-ld
19:17:27 INFO      toppropiedades: 8 avisos en 18s
19:17:27 INFO    Barriendo Houm (houm)…
19:17:28 DEBUG   [nuroa] 25 avisos vía json-ld
19:17:29 DEBUG   [mitula] 30 avisos vía json-ld
19:17:31 DEBUG   [nuroa] 25 avisos vía json-ld
19:17:31 DEBUG   [mitula] 30 avisos vía json-ld
19:17:31 INFO      mitula: 60 avisos en 5s
19:17:31 INFO    Barriendo Hey! Homes (heyhomes)…
19:17:32 DEBUG   [nuroa] 25 avisos vía json-ld
19:17:33 INFO      nuroa: 100 avisos en 8s
19:17:33 INFO    Barriendo Engel & Völkers (engelvoelkers)…
19:17:34 DEBUG   [heyhomes] 9 avisos vía tarjetas
19:17:34 INFO      heyhomes: 9 avisos en 3s
19:17:34 INFO    Barriendo RE/MAX Chile (remax)…
19:17:35 DEBUG   La red no quedó en silencio en https://houm.com/cl/arriendo-departamentos-region-metropolitana/vitacura/3-dormitorios; se lee igual
19:17:36 DEBUG   [houm] 28 avisos vía json-ld
19:17:38 DEBUG   [engelvoelkers] 16 avisos vía tarjetas
19:17:38 INFO      engelvoelkers: 16 avisos en 6s
19:17:38 INFO    Barriendo Fuenzalida Propiedades (fuenzalida)…
19:17:41 DEBUG   [fuenzalida] 16 avisos vía tarjetas
19:17:44 DEBUG   [fuenzalida] 20 avisos vía tarjetas
19:17:45 DEBUG   La red no quedó en silencio en https://www.remax.cl/es-cl/busqueda/metropolitana-de-santiago/santiago/vitacura/residencial-departamento/arriendo/; se lee igual
19:17:45 DEBUG   [remax] 4 avisos vía tarjetas
19:17:48 DEBUG   La red no quedó en silencio en https://houm.com/cl/arriendo-departamento-región-metropolitana/las-condes/170742; se lee igual
19:17:48 DEBUG   [houm] 1 avisos vía estado-embebido
19:17:49 DEBUG   [fuenzalida] 20 avisos vía tarjetas
19:17:49 INFO      fuenzalida: 56 avisos en 10s
19:17:49 INFO    Barriendo Century 21 Chile (century21)…
19:17:51 INFO      century21: 0 avisos en 2s
19:17:51 INFO    Barriendo Property Partners (propertypartners)…
19:17:51 INFO      remax: 4 avisos en 17s
19:17:51 INFO    Barriendo Acceso Inmobiliario (accesoinmobiliario)…
19:17:51 DEBUG   [propertypartners] 1 avisos vía tarjetas
19:17:51 INFO      propertypartners: 1 avisos en 0s
19:17:51 INFO    Barriendo Magnolia Property (magnoliaproperty)…
19:17:52 DEBUG   [magnoliaproperty] 7 avisos vía tarjetas
19:17:52 INFO      magnoliaproperty: 7 avisos en 1s
19:17:52 INFO    Barriendo Portilla Propiedades (portillapropiedades)…
19:17:53 DEBUG   [portillapropiedades] 2 avisos vía tarjetas
19:17:53 INFO      portillapropiedades: 2 avisos en 1s
19:17:53 INFO    Barriendo Nativo Propiedades (nativopropiedades)…
19:17:54 DEBUG   [nativopropiedades] 10 avisos vía tarjetas
19:17:54 INFO      nativopropiedades: 10 avisos en 1s
19:17:54 INFO    Barriendo Enlace Inmobiliario (enlaceinmobiliario)…
19:17:54 WARNING https://www.enlaceinmobiliario.cl/ respondió 403
19:17:54 INFO    [enlaceinmobiliario] https://www.enlaceinmobiliario.cl/ rebotó al GET; se reintenta con navegador
19:17:57 DEBUG   La red no quedó en silencio en https://houm.com/cl/arriendo-departamento-región-metropolitana/las-condes/175757; se lee igual
19:17:57 DEBUG   [houm] 1 avisos vía estado-embebido
19:17:58 DEBUG   [accesoinmobiliario] 16 avisos vía tarjetas
19:18:02 DEBUG   [goplaceit] 30 avisos vía json-ld
19:18:02 INFO      enlaceinmobiliario: 0 avisos en 8s
19:18:02 INFO    Barriendo Rentas.cl (rentas_cl)…
19:18:04 DEBUG   [rentas_cl] 1 avisos vía json-ld
19:18:04 INFO      rentas_cl: 1 avisos en 2s
19:18:04 INFO    Barriendo Arriendos.cl (arriendos_cl)…
19:18:05 INFO      arriendos_cl: 0 avisos en 1s
19:18:05 INFO    Barriendo Propiedades.cl (propiedades_cl)…
19:18:06 DEBUG   [propiedades_cl] 6 avisos vía tarjetas
19:18:06 INFO      propiedades_cl: 6 avisos en 1s
19:18:06 INFO    Barriendo Clasificados.cl (clasificados_cl)…
19:18:09 DEBUG   [clasificados_cl] 1 avisos vía tarjetas
19:18:09 INFO      clasificados_cl: 1 avisos en 2s
19:18:10 DEBUG   La red no quedó en silencio en https://houm.com/cl/arriendo-departamento-región-metropolitana/lo-barnechea/74201; se lee igual
19:18:10 DEBUG   [houm] 1 avisos vía estado-embebido
19:18:18 DEBUG   La red no quedó en silencio en https://houm.com/cl/arriendo-departamento-región-metropolitana/providencia/175947; se lee igual
19:18:18 DEBUG   [houm] 1 avisos vía estado-embebido
19:18:19 DEBUG   [accesoinmobiliario] 1 avisos vía tarjetas
19:18:24 DEBUG   [accesoinmobiliario] 1 avisos vía tarjetas
19:18:27 DEBUG   La red no quedó en silencio en https://houm.com/cl/arriendo-departamento-región-metropolitana/ñuñoa/174379; se lee igual
19:18:27 DEBUG   [houm] 1 avisos vía estado-embebido
19:18:29 DEBUG   [accesoinmobiliario] 1 avisos vía tarjetas
19:18:36 DEBUG   La red no quedó en silencio en https://houm.com/cl/arriendo-departamento-región-metropolitana/recoleta/179872; se lee igual
19:18:36 DEBUG   [houm] 1 avisos vía estado-embebido
19:18:39 INFO      goplaceit: 90 avisos en 111s
19:18:47 DEBUG   La red no quedó en silencio en https://houm.com/cl/arriendo-departamento-región-metropolitana/recoleta/178185; se lee igual
19:18:47 DEBUG   [houm] 1 avisos vía estado-embebido
19:18:47 DEBUG   [accesoinmobiliario] 1 avisos vía tarjetas
19:18:47 INFO      accesoinmobiliario: 20 avisos en 56s
19:18:55 DEBUG   La red no quedó en silencio en https://houm.com/cl/arriendo-departamento-región-metropolitana/las-condes/177842; se lee igual
19:18:55 DEBUG   [houm] 1 avisos vía estado-embebido
19:18:55 INFO      houm: 36 avisos en 88s
19:18:55 INFO    Total crudo: 704 avisos
19:18:55 INFO    Después de deduplicar: 471
19:18:55 INFO    Pasaron los filtros: 53
19:19:09 DEBUG   [economicos] 1 avisos vía tarjetas
19:19:11 DEBUG   [doomos] 18 avisos vía tarjetas
19:19:11 DEBUG   Ficha de YVT22 sin candidato propio; no se fusiona
19:19:12 DEBUG   Ficha de HW5MX sin candidato propio; no se fusiona
19:19:12 DEBUG   [economicos] 1 avisos vía tarjetas
19:19:14 DEBUG   [economicos] 1 avisos vía tarjetas
19:19:16 DEBUG   [economicos] 1 avisos vía tarjetas
19:19:18 DEBUG   [economicos] 1 avisos vía tarjetas
19:19:19 DEBUG   [doomos] 27 avisos vía tarjetas
19:19:19 DEBUG   Ficha de U44VT sin candidato propio; no se fusiona
19:19:21 DEBUG   [doomos] 27 avisos vía tarjetas
19:19:21 DEBUG   Ficha de KNAE9 sin candidato propio; no se fusiona
19:19:23 DEBUG   [doomos] 27 avisos vía tarjetas
19:19:23 DEBUG   Ficha de PR3QK sin candidato propio; no se fusiona
19:19:25 DEBUG   [doomos] 27 avisos vía tarjetas
19:19:25 DEBUG   Ficha de 2HWEW sin candidato propio; no se fusiona
19:19:25 DEBUG   [economicos] 1 avisos vía tarjetas
19:19:27 DEBUG   [doomos] 27 avisos vía tarjetas
19:19:27 DEBUG   Ficha de ZWNAN sin candidato propio; no se fusiona
19:19:27 DEBUG   [economicos] 1 avisos vía tarjetas
19:19:29 DEBUG   [doomos] 27 avisos vía tarjetas
19:19:29 DEBUG   Ficha de FDXSM sin candidato propio; no se fusiona
19:19:29 DEBUG   [economicos] 1 avisos vía tarjetas
19:19:29 DEBUG   Ficha de XEC3Z sin candidato propio; no se fusiona
19:19:31 DEBUG   [economicos] 1 avisos vía tarjetas
19:19:32 DEBUG   [busconido] 10 avisos vía tarjetas
19:19:32 DEBUG   Ficha de SFK6F sin candidato propio; no se fusiona
19:19:34 DEBUG   [doomos] 27 avisos vía tarjetas
19:19:34 DEBUG   Ficha de FQ6XQ sin candidato propio; no se fusiona
19:19:34 DEBUG   [busconido] 10 avisos vía tarjetas
19:19:34 DEBUG   Ficha de J8DZ8 sin candidato propio; no se fusiona
19:19:34 DEBUG   [economicos] 1 avisos vía tarjetas
19:19:34 INFO    Enriquecido y descartado: S84GC (arriendo de $3.108.725 sobre el máximo negociable de $1.904.000)
19:19:38 INFO    Enriquecido y descartado: YAVJA (arriendo de $3.517.371 sobre el máximo negociable de $1.904.000)
19:19:38 DEBUG   [economicos] 1 avisos vía tarjetas
19:19:43 INFO    Enriquecido y descartado: CC2AY (arriendo de $2.032.258 sobre el máximo negociable de $1.904.000)
19:19:44 DEBUG   [busconido] 11 avisos vía tarjetas
19:19:44 DEBUG   Ficha de S76FE sin candidato propio; no se fusiona
19:19:45 DEBUG   [doomos] 18 avisos vía tarjetas
19:19:45 DEBUG   Ficha de J5JN4 sin candidato propio; no se fusiona
19:19:52 DEBUG   [toctoc] 1 avisos vía estado-embebido
19:20:03 DEBUG   [doomos] 27 avisos vía tarjetas
19:20:03 DEBUG   Ficha de P8XMT sin candidato propio; no se fusiona
19:20:10 DEBUG   [toctoc] 1 avisos vía estado-embebido
19:20:18 DEBUG   La red no quedó en silencio en https://www.toctoc.com/arriendo/departamento/metropolitana/vitacura/b_a3f11e3da22b023d55153cd78c67bf4d8e101cb9; se lee igual
19:20:18 DEBUG   [toctoc] 1 avisos vía estado-embebido
19:20:28 DEBUG   [toctoc] 1 avisos vía estado-embebido
19:20:33 DEBUG   [toctoc] 1 avisos vía estado-embebido
19:20:37 INFO    Enriquecido y descartado: 75BRH (arriendo de $2.931.142 sobre el máximo negociable de $1.904.000)
19:21:01 INFO    Enriquecido y descartado: 75BRH (arriendo de $2.149.504 sobre el máximo negociable de $1.904.000)
19:21:05 INFO    Enriquecido y descartado: 75BRH (arriendo de $1.954.095 sobre el máximo negociable de $1.904.000)
19:21:25 DEBUG   [toctoc] 1 avisos vía estado-embebido
19:21:35 DEBUG   [toctoc] 1 avisos vía estado-embebido
19:21:39 INFO    Enriquecido y descartado: 75BRH (arriendo de $4.299.009 sobre el máximo negociable de $1.904.000)
19:21:43 INFO    Fichas leídas: 53 — 0 ganaron el año, 1 la dirección; 7 se descartaron al verlas (0 por viejos)
19:21:44 INFO    Listo: 0 avisados de 46 candidatos
