01:12:35 INFO    UF = $41.008.10 (API del día)
01:12:35 INFO    Barriendo TocToc (toctoc)…
01:12:35 INFO    Barriendo Chilepropiedades (chilepropiedades)…
01:12:35 INFO    Barriendo GoPlaceIt (goplaceit)…
01:12:35 INFO    Barriendo Yapo (yapo)…
01:12:36 WARNING https://www.yapo.cl/bienes-raices-alquiler-apartamentos/region-metropolitana-vitacura respondió 403
01:12:36 INFO    [yapo] https://www.yapo.cl/bienes-raices-alquiler-apartamentos/region-metropolitana-vitacura rebotó al GET; se reintenta con navegador
01:12:36 DEBUG   [chilepropiedades] 10 avisos vía tarjetas
01:12:38 DEBUG   [chilepropiedades] 10 avisos vía tarjetas
01:12:39 DEBUG   [goplaceit] 30 avisos vía json-ld
01:12:40 DEBUG   [chilepropiedades] 10 avisos vía tarjetas
01:12:40 INFO      chilepropiedades: 30 avisos en 5s
01:12:40 INFO    Barriendo BuscoNido (busconido)…
01:12:40 DEBUG   [busconido] 23 avisos vía tarjetas
01:12:40 INFO      busconido: 23 avisos en 1s
01:12:40 INFO    Barriendo BienesOnline (bienesonline)…
01:12:42 DEBUG   [bienesonline] 17 avisos vía tarjetas
01:12:42 INFO      bienesonline: 17 avisos en 2s
01:12:42 INFO    Barriendo Economicos (El Mercurio) (economicos)…
01:12:42 WARNING https://www.economicos.cl/search/propiedades/vitacura/arriendo/departamento/0 respondió 403
01:12:42 INFO    [economicos] https://www.economicos.cl/search/propiedades/vitacura/arriendo/departamento/0 rebotó al GET; se reintenta con navegador
01:12:43 DEBUG   La red no quedó en silencio en https://www.toctoc.com/arriendo/departamento/metropolitana/vitacura/3-dormitorios; se lee igual
01:12:44 DEBUG   [toctoc] 20 avisos vía json-ld
01:12:45 DEBUG   La red no quedó en silencio en https://www.yapo.cl/bienes-raices-alquiler-apartamentos/region-metropolitana-vitacura; se lee igual
01:12:46 INFO      yapo: 0 avisos en 10s
01:12:46 INFO    Barriendo iCasas (icasas)…
01:12:46 DEBUG   [icasas] 15 avisos vía tarjetas
01:12:47 INFO      economicos: 0 avisos en 5s
01:12:47 INFO    Barriendo Doomos (doomos)…
01:12:48 DEBUG   [icasas] 15 avisos vía tarjetas
01:12:48 INFO      icasas: 30 avisos en 2s
01:12:48 INFO    Barriendo Top Propiedades (toppropiedades)…
01:12:49 DEBUG   [doomos] 32 avisos vía tarjetas
01:12:49 INFO      doomos: 32 avisos en 2s
01:12:49 INFO    Barriendo Nuroa (nuroa)…
01:12:50 DEBUG   Encoding detection: ascii is most likely the one.
01:12:51 DEBUG   [nuroa] 25 avisos vía json-ld
01:12:52 DEBUG   [toppropiedades] 1 avisos vía json-ld
01:12:53 DEBUG   [nuroa] 25 avisos vía json-ld
01:12:54 DEBUG   [toppropiedades] 1 avisos vía json-ld
01:12:54 DEBUG   La red no quedó en silencio en https://www.toctoc.com/arriendo/departamento/metropolitana/vitacura/3-dormitorios?pagina=2; se lee igual
01:12:55 DEBUG   [toctoc] 20 avisos vía json-ld
01:12:55 DEBUG   [nuroa] 25 avisos vía json-ld
01:12:56 DEBUG   [toppropiedades] 1 avisos vía json-ld
01:12:57 DEBUG   [nuroa] 25 avisos vía json-ld
01:12:57 INFO      nuroa: 100 avisos en 8s
01:12:57 INFO    Barriendo Mitula (mitula)…
01:12:58 DEBUG   [toppropiedades] 1 avisos vía json-ld
01:12:59 DEBUG   [mitula] 30 avisos vía json-ld
01:13:00 DEBUG   [toppropiedades] 1 avisos vía json-ld
01:13:02 DEBUG   [mitula] 30 avisos vía json-ld
01:13:02 INFO      mitula: 60 avisos en 5s
01:13:02 INFO    Barriendo Houm (houm)…
01:13:02 DEBUG   [toppropiedades] 1 avisos vía json-ld
01:13:03 DEBUG   La red no quedó en silencio en https://www.toctoc.com/arriendo/departamento/metropolitana/vitacura/3-dormitorios?pagina=3; se lee igual
01:13:03 DEBUG   [toctoc] 20 avisos vía json-ld
01:13:04 DEBUG   [toppropiedades] 1 avisos vía json-ld
01:13:06 DEBUG   [toppropiedades] 1 avisos vía json-ld
01:13:06 INFO      toppropiedades: 8 avisos en 18s
01:13:06 INFO    Barriendo Hey! Homes (heyhomes)…
01:13:09 DEBUG   [heyhomes] 9 avisos vía tarjetas
01:13:09 INFO      heyhomes: 9 avisos en 3s
01:13:09 INFO    Barriendo Engel & Völkers (engelvoelkers)…
01:13:10 DEBUG   La red no quedó en silencio en https://houm.com/cl/arriendo-departamentos-region-metropolitana/vitacura/3-dormitorios; se lee igual
01:13:10 DEBUG   [houm] 28 avisos vía json-ld
01:13:11 DEBUG   [toctoc] 20 avisos vía json-ld
01:13:15 DEBUG   [engelvoelkers] 15 avisos vía tarjetas
01:13:15 INFO      engelvoelkers: 15 avisos en 6s
01:13:15 INFO    Barriendo RE/MAX Chile (remax)…
01:13:21 DEBUG   La red no quedó en silencio en https://houm.com/cl/arriendo-departamento-región-metropolitana/las-condes/170742; se lee igual
01:13:21 DEBUG   [houm] 1 avisos vía estado-embebido
01:13:22 DEBUG   La red no quedó en silencio en https://www.toctoc.com/arriendo/departamento/metropolitana/vitacura/4-dormitorios?pagina=2; se lee igual
01:13:22 DEBUG   [toctoc] 20 avisos vía json-ld
01:13:24 DEBUG   [goplaceit] 30 avisos vía json-ld
01:13:25 INFO      remax: 0 avisos en 11s
01:13:25 INFO    Barriendo Fuenzalida Propiedades (fuenzalida)…
01:13:29 DEBUG   [fuenzalida] 16 avisos vía tarjetas
01:13:31 DEBUG   La red no quedó en silencio en https://houm.com/cl/arriendo-departamento-región-metropolitana/lo-barnechea/74201; se lee igual
01:13:31 DEBUG   [houm] 1 avisos vía estado-embebido
01:13:32 DEBUG   [fuenzalida] 20 avisos vía tarjetas
01:13:32 DEBUG   [toctoc] 20 avisos vía json-ld
01:13:33 INFO      toctoc: 120 avisos en 57s
01:13:33 INFO    Barriendo Century 21 Chile (century21)…
01:13:34 INFO      century21: 0 avisos en 1s
01:13:34 INFO    Barriendo Property Partners (propertypartners)…
01:13:34 DEBUG   [propertypartners] 1 avisos vía tarjetas
01:13:34 INFO      propertypartners: 1 avisos en 1s
01:13:34 INFO    Barriendo Acceso Inmobiliario (accesoinmobiliario)…
01:13:35 DEBUG   [fuenzalida] 20 avisos vía tarjetas
01:13:35 INFO      fuenzalida: 56 avisos en 9s
01:13:35 INFO    Barriendo Magnolia Property (magnoliaproperty)…
01:13:35 DEBUG   [magnoliaproperty] 7 avisos vía tarjetas
01:13:35 INFO      magnoliaproperty: 7 avisos en 0s
01:13:35 INFO    Barriendo Portilla Propiedades (portillapropiedades)…
01:13:36 DEBUG   [portillapropiedades] 2 avisos vía tarjetas
01:13:36 INFO      portillapropiedades: 2 avisos en 1s
01:13:36 INFO    Barriendo Nativo Propiedades (nativopropiedades)…
01:13:36 DEBUG   [nativopropiedades] 10 avisos vía tarjetas
01:13:36 INFO      nativopropiedades: 10 avisos en 1s
01:13:36 INFO    Barriendo Enlace Inmobiliario (enlaceinmobiliario)…
01:13:37 WARNING https://www.enlaceinmobiliario.cl/ respondió 403
01:13:37 INFO    [enlaceinmobiliario] https://www.enlaceinmobiliario.cl/ rebotó al GET; se reintenta con navegador
01:13:38 DEBUG   [accesoinmobiliario] 16 avisos vía tarjetas
01:13:40 DEBUG   La red no quedó en silencio en https://houm.com/cl/arriendo-departamento-región-metropolitana/recoleta/179872; se lee igual
01:13:40 DEBUG   [houm] 1 avisos vía estado-embebido
01:13:47 DEBUG   La red no quedó en silencio en https://www.enlaceinmobiliario.cl/; se lee igual
01:13:47 INFO      enlaceinmobiliario: 0 avisos en 10s
01:13:47 INFO    Barriendo Rentas.cl (rentas_cl)…
01:13:49 DEBUG   [rentas_cl] 1 avisos vía json-ld
01:13:49 INFO      rentas_cl: 1 avisos en 2s
01:13:49 INFO    Barriendo Arriendos.cl (arriendos_cl)…
01:13:50 INFO      arriendos_cl: 0 avisos en 1s
01:13:50 INFO    Barriendo Propiedades.cl (propiedades_cl)…
01:13:50 DEBUG   [propiedades_cl] 6 avisos vía tarjetas
01:13:50 INFO      propiedades_cl: 6 avisos en 0s
01:13:50 INFO    Barriendo Clasificados.cl (clasificados_cl)…
01:13:50 DEBUG   La red no quedó en silencio en https://houm.com/cl/arriendo-departamento-región-metropolitana/recoleta/178185; se lee igual
01:13:51 DEBUG   [houm] 1 avisos vía estado-embebido
01:13:53 DEBUG   [clasificados_cl] 1 avisos vía tarjetas
01:13:53 INFO      clasificados_cl: 1 avisos en 3s
01:13:57 DEBUG   [accesoinmobiliario] 1 avisos vía tarjetas
01:14:00 DEBUG   La red no quedó en silencio en https://houm.com/cl/arriendo-departamento-región-metropolitana/recoleta/176207; se lee igual
01:14:00 DEBUG   [houm] 1 avisos vía estado-embebido
01:14:07 DEBUG   La red no quedó en silencio en https://houm.com/cl/arriendo-departamento-región-metropolitana/las-condes/177842; se lee igual
01:14:08 DEBUG   [houm] 1 avisos vía estado-embebido
01:14:10 DEBUG   [goplaceit] 30 avisos vía json-ld
01:14:13 DEBUG   [accesoinmobiliario] 1 avisos vía tarjetas
01:14:16 DEBUG   La red no quedó en silencio en https://houm.com/cl/arriendo-departamento-región-metropolitana/recoleta/176958; se lee igual
01:14:16 DEBUG   [houm] 1 avisos vía estado-embebido
01:14:26 DEBUG   La red no quedó en silencio en https://houm.com/cl/arriendo-departamento-región-metropolitana/recoleta/90462; se lee igual
01:14:26 DEBUG   [houm] 1 avisos vía estado-embebido
01:14:26 INFO      houm: 36 avisos en 84s
01:14:28 DEBUG   [accesoinmobiliario] 1 avisos vía tarjetas
01:14:28 INFO      accesoinmobiliario: 19 avisos en 54s
01:14:36 INFO      goplaceit: 90 avisos en 121s
01:14:36 INFO    Total crudo: 673 avisos
01:14:37 INFO    Después de deduplicar: 472
01:14:37 INFO    Pasaron los filtros: 49
01:14:58 DEBUG   [doomos] 18 avisos vía tarjetas
01:14:58 DEBUG   Ficha de YVT22 sin candidato propio; no se fusiona
01:14:59 DEBUG   Ficha de HW5MX sin candidato propio; no se fusiona
01:15:02 DEBUG   [doomos] 27 avisos vía tarjetas
01:15:02 DEBUG   Ficha de U44VT sin candidato propio; no se fusiona
01:15:11 DEBUG   [doomos] 27 avisos vía tarjetas
01:15:11 DEBUG   Ficha de KNAE9 sin candidato propio; no se fusiona
01:15:16 DEBUG   [doomos] 27 avisos vía tarjetas
01:15:16 DEBUG   Ficha de PR3QK sin candidato propio; no se fusiona
01:15:21 DEBUG   [doomos] 27 avisos vía tarjetas
01:15:21 DEBUG   Ficha de 2HWEW sin candidato propio; no se fusiona
01:15:26 DEBUG   [doomos] 27 avisos vía tarjetas
01:15:26 DEBUG   Ficha de ZWNAN sin candidato propio; no se fusiona
01:15:26 DEBUG   [busconido] 10 avisos vía tarjetas
01:15:26 DEBUG   Ficha de 2F857 sin candidato propio; no se fusiona
01:15:28 DEBUG   [busconido] 10 avisos vía tarjetas
01:15:28 DEBUG   Ficha de 62YXU sin candidato propio; no se fusiona
01:15:39 DEBUG   [doomos] 27 avisos vía tarjetas
01:15:39 DEBUG   Ficha de FQ6XQ sin candidato propio; no se fusiona
01:15:40 DEBUG   [busconido] 11 avisos vía tarjetas
01:15:40 DEBUG   Ficha de QVJ9C sin candidato propio; no se fusiona
01:15:42 DEBUG   [busconido] 10 avisos vía tarjetas
01:15:42 DEBUG   Ficha de RAVFS sin candidato propio; no se fusiona
01:15:44 DEBUG   [busconido] 10 avisos vía tarjetas
01:15:44 DEBUG   Ficha de AM5PH sin candidato propio; no se fusiona
01:15:47 INFO    Enriquecido y descartado: YAVJA (arriendo de $3.517.371 sobre el máximo negociable de $1.904.000)
01:15:50 INFO    Enriquecido y descartado: CC2AY (arriendo de $2.032.258 sobre el máximo negociable de $1.904.000)
01:15:51 DEBUG   [busconido] 10 avisos vía tarjetas
01:15:51 DEBUG   Ficha de V5F7H sin candidato propio; no se fusiona
01:15:54 INFO    Enriquecido y descartado: 7DKB3 (arriendo de $2.266.750 sobre el máximo negociable de $1.904.000)
01:16:01 DEBUG   [doomos] 18 avisos vía tarjetas
01:16:01 DEBUG   Ficha de J5JN4 sin candidato propio; no se fusiona
01:16:07 DEBUG   [engelvoelkers] 1 avisos vía json-ld
01:16:13 DEBUG   [doomos] 27 avisos vía tarjetas
01:16:13 DEBUG   Ficha de P8XMT sin candidato propio; no se fusiona
01:16:20 DEBUG   [toctoc] 1 avisos vía estado-embebido
01:16:29 DEBUG   [toctoc] 1 avisos vía estado-embebido
01:16:34 DEBUG   [toctoc] 1 avisos vía estado-embebido
01:16:35 DEBUG   [chilepropiedades] 2 avisos vía json-ld
01:16:35 WARNING robots.txt no permite https://www.nuroa.cl/adform/10342-912-b45c-1a0ce6e-984c-ada286d9a1f6-77e4?click_type=0&pos=13&searchType=2&page=1&section=1&t_sec=1&sectionType=1&pageViewId=f6394941-6410-4ef9-a604-79063ef00496&t_pvid=f6394941-6410-4ef9-a604-79063ef00496&userAgent=Mozilla%2F5.0+%28compatible%3B+radar-arriendos%2F1.0%3B+uso+personal%2C+busqueda+de+arriendo%3B+%2Bhttps%3A%2F%2Fgithub.com%2Falfonsoandona%2Farriendos-vitacura%29&browser=1&isHuman=true&userIp=172.184.213.230&what=vitacura+departamento&search_terms=vitacura+departamento&origin=1&t_or=1&splitTestId=0 — se omite
01:16:41 DEBUG   [toctoc] 1 avisos vía estado-embebido
01:16:44 INFO    Enriquecido y descartado: 75BRH (arriendo de $2.931.142 sobre el máximo negociable de $1.904.000)
01:17:05 INFO    Enriquecido y descartado: 75BRH (arriendo de $2.149.504 sobre el máximo negociable de $1.904.000)
01:17:09 INFO    Enriquecido y descartado: 75BRH (arriendo de $1.954.095 sobre el máximo negociable de $1.904.000)
01:17:25 DEBUG   [toctoc] 1 avisos vía estado-embebido
01:17:30 DEBUG   [toctoc] 1 avisos vía estado-embebido
01:17:33 WARNING robots.txt no permite https://www.nuroa.cl/adform/10342-912-e7f8-1a0a016-97e0-4460cb69457-7a3c?click_type=0&pos=6&searchType=1&page=3&section=1&t_sec=1&sectionType=1&pageViewId=b260613c-1b69-4f5c-9d4b-ca1ab5a9d444&t_pvid=b260613c-1b69-4f5c-9d4b-ca1ab5a9d444&userAgent=Mozilla%2F5.0+%28compatible%3B+radar-arriendos%2F1.0%3B+uso+personal%2C+busqueda+de+arriendo%3B+%2Bhttps%3A%2F%2Fgithub.com%2Falfonsoandona%2Farriendos-vitacura%29&browser=1&isHuman=true&userIp=172.184.213.230&what=vitacura+departamento&search_terms=vitacura+departamento&origin=1&t_or=1&splitTestId=0 — se omite
01:17:39 DEBUG   [toctoc] 1 avisos vía estado-embebido
01:17:42 INFO    Enriquecido y descartado: 75BRH (arriendo de $4.299.009 sobre el máximo negociable de $1.904.000)
01:17:45 INFO    Fichas leídas: 49 — 0 ganaron el año, 0 la dirección; 7 se descartaron al verlas (0 por viejos)
01:17:47 INFO    Listo: 0 avisados de 42 candidatos
