19:09:11 INFO    UF = $40.975.41 (API del día)
19:09:11 INFO    Barriendo TocToc (toctoc)…
19:09:11 INFO    Barriendo Chilepropiedades (chilepropiedades)…
19:09:11 INFO    Barriendo GoPlaceIt (goplaceit)…
19:09:11 INFO    Barriendo Yapo (yapo)…
19:09:11 DEBUG   [chilepropiedades] 10 avisos vía tarjetas
19:09:12 INFO      yapo: 0 avisos en 2s
19:09:12 INFO    Barriendo BuscoNido (busconido)…
19:09:13 DEBUG   [busconido] 23 avisos vía tarjetas
19:09:13 INFO      busconido: 23 avisos en 0s
19:09:13 INFO    Barriendo BienesOnline (bienesonline)…
19:09:13 DEBUG   [chilepropiedades] 10 avisos vía tarjetas
19:09:14 DEBUG   [goplaceit] 30 avisos vía json-ld
19:09:14 DEBUG   [bienesonline] 15 avisos vía tarjetas
19:09:14 INFO      bienesonline: 15 avisos en 1s
19:09:14 INFO    Barriendo Economicos (El Mercurio) (economicos)…
19:09:14 WARNING https://www.economicos.cl/search/propiedades/vitacura/arriendo/departamento/0 respondió 403
19:09:14 INFO    [economicos] https://www.economicos.cl/search/propiedades/vitacura/arriendo/departamento/0 rebotó al GET; se reintenta con navegador
19:09:15 DEBUG   [chilepropiedades] 10 avisos vía tarjetas
19:09:15 INFO      chilepropiedades: 30 avisos en 5s
19:09:15 INFO    Barriendo iCasas (icasas)…
19:09:16 DEBUG   [icasas] 15 avisos vía tarjetas
19:09:18 DEBUG   [icasas] 15 avisos vía tarjetas
19:09:18 INFO      icasas: 30 avisos en 2s
19:09:18 INFO    Barriendo Doomos (doomos)…
19:09:19 DEBUG   La red no quedó en silencio en https://www.toctoc.com/arriendo/departamento/metropolitana/vitacura/3-dormitorios; se lee igual
19:09:19 INFO      economicos: 0 avisos en 5s
19:09:19 INFO    Barriendo Top Propiedades (toppropiedades)…
19:09:19 DEBUG   [toctoc] 20 avisos vía json-ld
19:09:20 DEBUG   [doomos] 31 avisos vía tarjetas
19:09:20 INFO      doomos: 31 avisos en 3s
19:09:20 INFO    Barriendo Nuroa (nuroa)…
19:09:21 DEBUG   Encoding detection: ascii is most likely the one.
19:09:22 DEBUG   [nuroa] 25 avisos vía json-ld
19:09:24 DEBUG   [nuroa] 25 avisos vía json-ld
19:09:24 DEBUG   [toppropiedades] 1 avisos vía json-ld
19:09:26 DEBUG   [nuroa] 25 avisos vía json-ld
19:09:26 DEBUG   [toppropiedades] 1 avisos vía json-ld
19:09:27 DEBUG   La red no quedó en silencio en https://www.toctoc.com/arriendo/departamento/metropolitana/vitacura/3-dormitorios?pagina=2; se lee igual
19:09:28 DEBUG   [toctoc] 62 avisos vía json-ld
19:09:28 DEBUG   [nuroa] 25 avisos vía json-ld
19:09:29 DEBUG   [toppropiedades] 1 avisos vía json-ld
19:09:29 INFO      nuroa: 100 avisos en 9s
19:09:29 INFO    Barriendo Mitula (mitula)…
19:09:30 DEBUG   [toppropiedades] 1 avisos vía json-ld
19:09:31 DEBUG   [mitula] 30 avisos vía json-ld
19:09:32 DEBUG   [toppropiedades] 1 avisos vía json-ld
19:09:33 DEBUG   [mitula] 30 avisos vía json-ld
19:09:33 INFO      mitula: 60 avisos en 4s
19:09:33 INFO    Barriendo Houm (houm)…
19:09:34 DEBUG   [toppropiedades] 1 avisos vía json-ld
19:09:35 DEBUG   La red no quedó en silencio en https://www.toctoc.com/arriendo/departamento/metropolitana/vitacura/3-dormitorios?pagina=3; se lee igual
19:09:36 DEBUG   [toppropiedades] 1 avisos vía json-ld
19:09:37 DEBUG   [toctoc] 20 avisos vía json-ld
19:09:38 DEBUG   [toppropiedades] 1 avisos vía json-ld
19:09:39 INFO      toppropiedades: 8 avisos en 20s
19:09:39 INFO    Barriendo Hey! Homes (heyhomes)…
19:09:41 DEBUG   [heyhomes] 9 avisos vía tarjetas
19:09:41 INFO      heyhomes: 9 avisos en 3s
19:09:41 INFO    Barriendo Engel & Völkers (engelvoelkers)…
19:09:42 DEBUG   La red no quedó en silencio en https://houm.com/cl/arriendo-departamentos-region-metropolitana/vitacura/3-dormitorios; se lee igual
19:09:43 DEBUG   [houm] 28 avisos vía json-ld
19:09:45 DEBUG   [goplaceit] 30 avisos vía json-ld
19:09:47 DEBUG   La red no quedó en silencio en https://www.toctoc.com/arriendo/departamento/metropolitana/vitacura/4-dormitorios; se lee igual
19:09:48 DEBUG   [toctoc] 33 avisos vía json-ld
19:09:49 DEBUG   [engelvoelkers] 16 avisos vía tarjetas
19:09:49 INFO      engelvoelkers: 16 avisos en 8s
19:09:49 INFO    Barriendo RE/MAX Chile (remax)…
19:09:55 DEBUG   La red no quedó en silencio en https://houm.com/cl/arriendo-departamento-región-metropolitana/las-condes/170742; se lee igual
19:09:55 DEBUG   [houm] 1 avisos vía estado-embebido
19:09:59 DEBUG   La red no quedó en silencio en https://www.toctoc.com/arriendo/departamento/metropolitana/vitacura/4-dormitorios?pagina=2; se lee igual
19:10:00 WARNING [toctoc] https://www.toctoc.com/arriendo/departamento/metropolitana/vitacura/4-dormitorios?pagina=2 falló: Page.content: Unable to retrieve content because the page is navigating and changing the content.
19:10:00 WARNING   toctoc: Page.content: Unable to retrieve content because the page is navigating and changing the content.
19:10:00 INFO      toctoc: 135 avisos en 49s
19:10:00 INFO    Barriendo Fuenzalida Propiedades (fuenzalida)…
19:10:02 DEBUG   La red no quedó en silencio en https://www.remax.cl/es-cl/busqueda/metropolitana-de-santiago/santiago/vitacura/residencial-departamento/arriendo/; se lee igual
19:10:02 DEBUG   [remax] 4 avisos vía tarjetas
19:10:03 DEBUG   [fuenzalida] 16 avisos vía tarjetas
19:10:06 DEBUG   [fuenzalida] 20 avisos vía tarjetas
19:10:07 INFO      remax: 4 avisos en 18s
19:10:07 INFO    Barriendo Century 21 Chile (century21)…
19:10:08 INFO      century21: 0 avisos en 1s
19:10:08 INFO    Barriendo Property Partners (propertypartners)…
19:10:08 DEBUG   [propertypartners] 1 avisos vía tarjetas
19:10:08 INFO      propertypartners: 1 avisos en 1s
19:10:08 INFO    Barriendo Acceso Inmobiliario (accesoinmobiliario)…
19:10:09 DEBUG   [fuenzalida] 20 avisos vía tarjetas
19:10:09 INFO      fuenzalida: 56 avisos en 9s
19:10:09 INFO    Barriendo Magnolia Property (magnoliaproperty)…
19:10:09 DEBUG   [magnoliaproperty] 7 avisos vía tarjetas
19:10:09 INFO      magnoliaproperty: 7 avisos en 0s
19:10:09 INFO    Barriendo Portilla Propiedades (portillapropiedades)…
19:10:10 DEBUG   La red no quedó en silencio en https://houm.com/cl/arriendo-departamento-región-metropolitana/las-condes/175757; se lee igual
19:10:10 DEBUG   [portillapropiedades] 2 avisos vía tarjetas
19:10:10 INFO      portillapropiedades: 2 avisos en 1s
19:10:10 INFO    Barriendo Nativo Propiedades (nativopropiedades)…
19:10:10 DEBUG   [houm] 1 avisos vía estado-embebido
19:10:11 DEBUG   [nativopropiedades] 10 avisos vía tarjetas
19:10:11 INFO      nativopropiedades: 10 avisos en 1s
19:10:11 INFO    Barriendo Enlace Inmobiliario (enlaceinmobiliario)…
19:10:11 WARNING https://www.enlaceinmobiliario.cl/ respondió 403
19:10:11 INFO    [enlaceinmobiliario] https://www.enlaceinmobiliario.cl/ rebotó al GET; se reintenta con navegador
19:10:11 INFO      accesoinmobiliario: 0 avisos en 3s
19:10:11 INFO    Barriendo Rentas.cl (rentas_cl)…
19:10:13 DEBUG   [rentas_cl] 1 avisos vía json-ld
19:10:13 INFO      rentas_cl: 1 avisos en 2s
19:10:13 INFO    Barriendo Arriendos.cl (arriendos_cl)…
19:10:15 INFO      arriendos_cl: 0 avisos en 1s
19:10:15 INFO    Barriendo Propiedades.cl (propiedades_cl)…
19:10:15 DEBUG   [propiedades_cl] 6 avisos vía tarjetas
19:10:15 INFO      propiedades_cl: 6 avisos en 0s
19:10:15 INFO    Barriendo Clasificados.cl (clasificados_cl)…
19:10:17 DEBUG   La red no quedó en silencio en https://houm.com/cl/arriendo-departamento-región-metropolitana/lo-barnechea/74201; se lee igual
19:10:18 DEBUG   [houm] 1 avisos vía estado-embebido
19:10:18 INFO      clasificados_cl: 0 avisos en 3s
19:10:21 DEBUG   La red no quedó en silencio en https://www.enlaceinmobiliario.cl/; se lee igual
19:10:21 INFO      enlaceinmobiliario: 0 avisos en 11s
19:10:28 DEBUG   [goplaceit] 30 avisos vía json-ld
19:10:29 DEBUG   La red no quedó en silencio en https://houm.com/cl/arriendo-departamento-región-metropolitana/providencia/175947; se lee igual
19:10:29 DEBUG   [houm] 1 avisos vía estado-embebido
19:10:36 DEBUG   La red no quedó en silencio en https://houm.com/cl/arriendo-departamento-región-metropolitana/ñuñoa/174379; se lee igual
19:10:37 DEBUG   [houm] 1 avisos vía estado-embebido
19:10:44 DEBUG   La red no quedó en silencio en https://houm.com/cl/arriendo-departamento-región-metropolitana/recoleta/179872; se lee igual
19:10:44 DEBUG   [houm] 1 avisos vía estado-embebido
19:10:50 INFO      goplaceit: 90 avisos en 100s
19:10:52 DEBUG   La red no quedó en silencio en https://houm.com/cl/arriendo-departamento-región-metropolitana/recoleta/178185; se lee igual
19:10:52 DEBUG   [houm] 1 avisos vía estado-embebido
19:10:59 DEBUG   La red no quedó en silencio en https://houm.com/cl/arriendo-departamento-región-metropolitana/las-condes/177842; se lee igual
19:10:59 DEBUG   [houm] 1 avisos vía estado-embebido
19:10:59 INFO      houm: 36 avisos en 86s
19:10:59 INFO    Total crudo: 670 avisos
19:11:00 INFO    Después de deduplicar: 424
19:11:00 INFO    Pasaron los filtros: 101
19:11:47 DEBUG   [doomos] 18 avisos vía tarjetas
19:11:47 DEBUG   Ficha de YVT22 sin candidato propio; no se fusiona
19:11:48 DEBUG   Ficha de HW5MX sin candidato propio; no se fusiona
19:11:49 DEBUG   [doomos] 27 avisos vía tarjetas
19:11:49 DEBUG   Ficha de U44VT sin candidato propio; no se fusiona
19:11:51 DEBUG   [doomos] 27 avisos vía tarjetas
19:11:51 DEBUG   Ficha de KNAE9 sin candidato propio; no se fusiona
19:11:53 DEBUG   [doomos] 27 avisos vía tarjetas
19:11:53 DEBUG   Ficha de PR3QK sin candidato propio; no se fusiona
19:11:55 DEBUG   [doomos] 27 avisos vía tarjetas
19:11:55 DEBUG   Ficha de 2HWEW sin candidato propio; no se fusiona
19:11:57 DEBUG   [doomos] 27 avisos vía tarjetas
19:11:57 DEBUG   Ficha de ZWNAN sin candidato propio; no se fusiona
19:12:03 DEBUG   Pin del mapa para BXKP3: -33.39289, -70.55517
19:12:03 DEBUG   [toctoc] 1 avisos vía estado-embebido
19:12:03 INFO    Enriquecido y descartado: QGAQW (arriendo de $2.200.000 sobre el máximo negociable de $1.904.000)
19:12:09 DEBUG   Pin del mapa para 38X23: -33.38401, -70.53539
19:12:09 DEBUG   [toctoc] 1 avisos vía estado-embebido
19:12:09 INFO    Enriquecido y descartado: 38X23 (arriendo de $2.950.230 sobre el máximo negociable de $1.904.000)
19:12:11 DEBUG   [doomos] 27 avisos vía tarjetas
19:12:11 DEBUG   Ficha de FDXSM sin candidato propio; no se fusiona
19:12:11 DEBUG   [busconido] 11 avisos vía tarjetas
19:12:11 DEBUG   Ficha de HSU25 sin candidato propio; no se fusiona
19:12:12 DEBUG   [doomos] 27 avisos vía tarjetas
19:12:12 DEBUG   Ficha de FQ6XQ sin candidato propio; no se fusiona
19:12:13 DEBUG   [busconido] 11 avisos vía tarjetas
19:12:13 DEBUG   Ficha de EZJCH sin candidato propio; no se fusiona
19:12:15 DEBUG   [busconido] 10 avisos vía tarjetas
19:12:15 DEBUG   Ficha de ASYEC sin candidato propio; no se fusiona
19:12:17 DEBUG   [busconido] 10 avisos vía tarjetas
19:12:17 DEBUG   Ficha de 7VFKS sin candidato propio; no se fusiona
19:12:24 DEBUG   La red no quedó en silencio en https://www.toctoc.com/arriendo/departamento/metropolitana/vitacura/b_db1c9954c3af679b1b95b3877d97e19d61c70cea; se lee igual
19:12:24 DEBUG   [toctoc] 1 avisos vía estado-embebido
19:12:24 INFO    Enriquecido y descartado: UGFAF (arriendo de $2.000.000 sobre el máximo negociable de $1.904.000)
19:12:30 DEBUG   [toctoc] 1 avisos vía estado-embebido
19:12:30 INFO    Enriquecido y descartado: HENSJ (arriendo de $6.556.066 sobre el máximo negociable de $1.904.000)
19:12:34 INFO    Enriquecido y descartado: YAVJA (arriendo de $3.517.371 sobre el máximo negociable de $1.904.000)
19:12:41 DEBUG   La red no quedó en silencio en https://www.toctoc.com/arriendo/departamento/metropolitana/vitacura/b_a4e157adc45ae70af95fc992dba1d862f93d40f6; se lee igual
19:12:41 DEBUG   [toctoc] 1 avisos vía estado-embebido
19:12:41 INFO    Enriquecido y descartado: E366M (arriendo de $2.400.000 sobre el máximo negociable de $1.904.000)
19:12:47 DEBUG   Pin del mapa para 2CV94: -33.40143, -70.58206
19:12:47 DEBUG   [toctoc] 1 avisos vía estado-embebido
19:12:47 INFO    Enriquecido y descartado: NBFJR (arriendo de $3.073.156 sobre el máximo negociable de $1.904.000)
19:12:52 DEBUG   Pin del mapa para RR676: -33.40632, -70.59601
19:12:52 DEBUG   [toctoc] 1 avisos vía estado-embebido
19:12:52 INFO    Enriquecido y descartado: KRW5G (33 años (construido en 1993), sobre el máximo de 30)
19:12:58 DEBUG   Pin del mapa para E4WAD: -33.39546, -70.59965
19:12:58 DEBUG   [toctoc] 1 avisos vía estado-embebido
19:12:58 INFO    Enriquecido y descartado: TVY5S (arriendo de $3.482.910 sobre el máximo negociable de $1.904.000)
19:13:03 DEBUG   Pin del mapa para 6JZTZ: -33.40602, -70.59617
19:13:03 DEBUG   [toctoc] 1 avisos vía estado-embebido
19:13:03 INFO    Enriquecido y descartado: T3P3G (arriendo de $3.600.000 sobre el máximo negociable de $1.904.000)
19:13:09 DEBUG   Pin del mapa para TWM7T: -33.36858, -70.54374
19:13:09 DEBUG   [toctoc] 1 avisos vía estado-embebido
19:13:09 INFO    Enriquecido y descartado: VM5YC (arriendo de $3.892.664 sobre el máximo negociable de $1.904.000)
19:13:13 DEBUG   Pin del mapa para WH6RU: -33.40143, -70.58206
19:13:13 DEBUG   [toctoc] 1 avisos vía estado-embebido
19:13:13 INFO    Enriquecido y descartado: NBFJR (arriendo de $2.868.279 sobre el máximo negociable de $1.904.000)
19:13:19 DEBUG   Pin del mapa para CSV7D: -33.40591, -70.59624
19:13:19 DEBUG   [toctoc] 1 avisos vía estado-embebido
19:13:19 INFO    Enriquecido y descartado: CHMX5 (arriendo de $2.500.000 sobre el máximo negociable de $1.904.000)
19:13:26 DEBUG   Pin del mapa para QJRRW: -33.39747, -70.57429
19:13:26 DEBUG   [toctoc] 1 avisos vía estado-embebido
19:13:26 INFO    Enriquecido y descartado: 2E849 (arriendo de $3.073.156 sobre el máximo negociable de $1.904.000)
19:13:32 DEBUG   Pin del mapa para GDEV4: -33.40522, -70.59529
19:13:32 DEBUG   [toctoc] 1 avisos vía estado-embebido
19:13:32 INFO    Enriquecido y descartado: URZMS (arriendo de $3.600.000 sobre el máximo negociable de $1.904.000)
19:13:37 DEBUG   Pin del mapa para VB9ST: -33.38575, -70.56115
19:13:37 DEBUG   [toctoc] 1 avisos vía estado-embebido
19:13:38 INFO    Enriquecido y descartado: VZXBC (arriendo de $3.482.910 sobre el máximo negociable de $1.904.000)
19:13:43 DEBUG   Pin del mapa para MVQQV: -33.40571, -70.59718
19:13:43 DEBUG   [toctoc] 1 avisos vía estado-embebido
19:13:43 INFO    Enriquecido y descartado: DZCSP (arriendo de $3.278.033 sobre el máximo negociable de $1.904.000)
19:13:49 DEBUG   Pin del mapa para B8V89: -33.37497, -70.52501
19:13:49 DEBUG   [toctoc] 1 avisos vía estado-embebido
19:13:49 INFO    Enriquecido y descartado: 82VWD (arriendo de $2.376.574 sobre el máximo negociable de $1.904.000)
19:13:56 DEBUG   Pin del mapa para HQU2S: -33.40597, -70.59658
19:13:56 DEBUG   [toctoc] 1 avisos vía estado-embebido
19:13:56 INFO    Enriquecido y descartado: JJ52S (arriendo de $3.278.033 sobre el máximo negociable de $1.904.000)
19:14:02 DEBUG   [toctoc] 1 avisos vía estado-embebido
19:14:02 INFO    Enriquecido y descartado: A3DAT (arriendo de $4.507.295 sobre el máximo negociable de $1.904.000)
19:14:07 DEBUG   Pin del mapa para 9YQR3: -33.37213, -70.54192
19:14:07 DEBUG   [toctoc] 1 avisos vía estado-embebido
19:14:07 INFO    Enriquecido y descartado: E9R23 (arriendo de $4.507.295 sobre el máximo negociable de $1.904.000)
19:14:14 DEBUG   Pin del mapa para ERRDS: -33.40255, -70.59464
19:14:14 DEBUG   [toctoc] 1 avisos vía estado-embebido
19:14:14 INFO    Enriquecido y descartado: TT59B (arriendo de $5.080.951 sobre el máximo negociable de $1.904.000)
19:14:17 INFO    Enriquecido y descartado: CC2AY (arriendo de $2.032.258 sobre el máximo negociable de $1.904.000)
19:14:22 DEBUG   [toctoc] 1 avisos vía estado-embebido
19:14:22 INFO    Enriquecido y descartado: SA9ZC (arriendo de $2.376.574 sobre el máximo negociable de $1.904.000)
19:14:29 DEBUG   Pin del mapa para HCBT4: -33.40571, -70.59352
19:14:29 DEBUG   [toctoc] 1 avisos vía estado-embebido
19:14:29 INFO    Enriquecido y descartado: XGTG5 (45 años (construido en 1981), sobre el máximo de 30)
19:14:35 DEBUG   Pin del mapa para 3DU7Q: -33.40490, -70.59654
19:14:35 DEBUG   [toctoc] 1 avisos vía estado-embebido
19:14:35 INFO    Enriquecido y descartado: K7URV (arriendo de $2.868.279 sobre el máximo negociable de $1.904.000)
19:14:40 DEBUG   Pin del mapa para D2GPN: -33.39031, -70.59455
19:14:40 DEBUG   [toctoc] 1 avisos vía estado-embebido
19:14:40 INFO    Enriquecido y descartado: YNANX (arriendo de $3.278.033 sobre el máximo negociable de $1.904.000)
19:14:45 DEBUG   Pin del mapa para X3YFD: -33.40596, -70.59695
19:14:45 DEBUG   [toctoc] 1 avisos vía estado-embebido
19:14:45 INFO    Enriquecido y descartado: B5SVA (arriendo de $3.278.033 sobre el máximo negociable de $1.904.000)
19:14:51 DEBUG   Pin del mapa para JS3C5: -33.37683, -70.54385
19:14:51 DEBUG   [toctoc] 1 avisos vía estado-embebido
19:14:51 INFO    Enriquecido y descartado: 4JZ9G (arriendo de $1.966.820 sobre el máximo negociable de $1.904.000)
19:14:56 DEBUG   Pin del mapa para Q9CNR: -33.38895, -70.55647
19:14:56 DEBUG   [toctoc] 1 avisos vía estado-embebido
19:14:56 INFO    Enriquecido y descartado: JUGWX (arriendo de $2.171.697 sobre el máximo negociable de $1.904.000)
19:15:01 DEBUG   Pin del mapa para XTVNR: -33.37472, -70.52492
19:15:02 DEBUG   [toctoc] 1 avisos vía estado-embebido
19:15:02 INFO    Enriquecido y descartado: DTVTC (arriendo de $2.400.000 sobre el máximo negociable de $1.904.000)
19:15:07 DEBUG   [toctoc] 1 avisos vía estado-embebido
19:15:07 INFO    Enriquecido y descartado: QTDYS (arriendo de $3.278.033 sobre el máximo negociable de $1.904.000)
19:15:13 DEBUG   [toctoc] 1 avisos vía estado-embebido
19:15:13 INFO    Enriquecido y descartado: XYCGS (arriendo de $2.417.549 sobre el máximo negociable de $1.904.000)
19:15:20 DEBUG   [toctoc] 1 avisos vía estado-embebido
19:15:20 INFO    Enriquecido y descartado: B2N6Q (arriendo de $3.278.033 sobre el máximo negociable de $1.904.000)
19:15:21 DEBUG   [doomos] 18 avisos vía tarjetas
19:15:21 DEBUG   Ficha de J5JN4 sin candidato propio; no se fusiona
19:15:29 DEBUG   [doomos] 27 avisos vía tarjetas
19:15:29 DEBUG   Ficha de P8XMT sin candidato propio; no se fusiona
19:15:37 DEBUG   [toctoc] 1 avisos vía estado-embebido
19:15:37 INFO    Enriquecido y descartado: 2VPS4 (arriendo de $4.015.590 sobre el máximo negociable de $1.904.000)
19:15:43 DEBUG   [toctoc] 1 avisos vía estado-embebido
19:15:49 DEBUG   [toctoc] 1 avisos vía estado-embebido
19:15:49 INFO    Enriquecido y descartado: MGX6E (arriendo de $2.376.574 sobre el máximo negociable de $1.904.000)
19:15:55 DEBUG   [toctoc] 1 avisos vía estado-embebido
19:15:55 INFO    Enriquecido y descartado: 9RFTP (arriendo de $3.441.934 sobre el máximo negociable de $1.904.000)
19:16:00 DEBUG   [toctoc] 1 avisos vía estado-embebido
19:16:00 INFO    Enriquecido y descartado: WPEBD (arriendo de $2.048.771 sobre el máximo negociable de $1.904.000)
19:16:04 INFO    Enriquecido y descartado: 75BRH (arriendo de $2.931.142 sobre el máximo negociable de $1.904.000)
19:16:11 DEBUG   [toctoc] 1 avisos vía estado-embebido
19:16:11 INFO    Enriquecido y descartado: THCTF (arriendo de $2.499.500 sobre el máximo negociable de $1.904.000)
19:16:17 DEBUG   [toctoc] 1 avisos vía estado-embebido
19:16:17 INFO    Enriquecido y descartado: MM5R4 (arriendo de $3.687.787 sobre el máximo negociable de $1.904.000)
19:16:22 DEBUG   [toctoc] 1 avisos vía estado-embebido
19:16:22 INFO    Enriquecido y descartado: JX2H8 (arriendo de $3.687.787 sobre el máximo negociable de $1.904.000)
19:16:43 INFO    Enriquecido y descartado: 75BRH (arriendo de $2.149.504 sobre el máximo negociable de $1.904.000)
19:16:48 DEBUG   [toctoc] 1 avisos vía estado-embebido
19:16:55 DEBUG   [toctoc] 1 avisos vía estado-embebido
19:16:55 INFO    Enriquecido y descartado: G5RCS (arriendo de $3.073.156 sobre el máximo negociable de $1.904.000)
19:16:58 INFO    Enriquecido y descartado: 75BRH (arriendo de $1.954.095 sobre el máximo negociable de $1.904.000)
19:17:07 DEBUG   [toctoc] 1 avisos vía estado-embebido
19:17:07 INFO    Enriquecido y descartado: 6KA2M (arriendo de $3.073.156 sobre el máximo negociable de $1.904.000)
19:17:13 DEBUG   [toctoc] 1 avisos vía estado-embebido
19:17:13 INFO    Enriquecido y descartado: RRGQS (arriendo de $3.687.787 sobre el máximo negociable de $1.904.000)
19:17:20 DEBUG   [toctoc] 1 avisos vía estado-embebido
19:17:20 INFO    Enriquecido y descartado: NBFJR (34 años (construido en 1992), sobre el máximo de 30)
19:17:32 DEBUG   [toctoc] 1 avisos vía estado-embebido
19:17:39 DEBUG   [toctoc] 1 avisos vía estado-embebido
19:17:39 INFO    Enriquecido y descartado: 4V73Z (arriendo de $4.712.172 sobre el máximo negociable de $1.904.000)
19:17:44 DEBUG   [toctoc] 1 avisos vía estado-embebido
19:17:44 INFO    Enriquecido y descartado: AGWHG (arriendo de $5.736.557 sobre el máximo negociable de $1.904.000)
19:17:51 DEBUG   La red no quedó en silencio en https://www.toctoc.com/arriendo/departamento/metropolitana/vitacura/b_70250cafe96b0cfb65091be7ab43dd8275930762; se lee igual
19:17:51 DEBUG   [toctoc] 1 avisos vía estado-embebido
19:17:51 INFO    Enriquecido y descartado: 8YSPF (arriendo de $4.500.000 sobre el máximo negociable de $1.904.000)
19:17:59 DEBUG   [toctoc] 1 avisos vía estado-embebido
19:17:59 INFO    Enriquecido y descartado: J5A6C (arriendo de $3.482.910 sobre el máximo negociable de $1.904.000)
19:18:04 DEBUG   [toctoc] 1 avisos vía estado-embebido
19:18:04 INFO    Enriquecido y descartado: 5ESQB (arriendo de $4.507.295 sobre el máximo negociable de $1.904.000)
19:18:13 DEBUG   [toctoc] 1 avisos vía estado-embebido
19:18:13 INFO    Enriquecido y descartado: 9JAPA (arriendo de $2.458.525 sobre el máximo negociable de $1.904.000)
19:18:18 DEBUG   [toctoc] 1 avisos vía estado-embebido
19:18:18 INFO    Enriquecido y descartado: KWC9W (arriendo de $3.082.000 sobre el máximo negociable de $1.904.000)
19:18:24 DEBUG   [toctoc] 1 avisos vía estado-embebido
19:18:31 DEBUG   [toctoc] 1 avisos vía estado-embebido
19:18:38 DEBUG   [toctoc] 1 avisos vía estado-embebido
19:18:38 INFO    Enriquecido y descartado: K7URV (arriendo de $3.482.910 sobre el máximo negociable de $1.904.000)
19:18:43 DEBUG   [toctoc] 1 avisos vía estado-embebido
19:18:50 DEBUG   [toctoc] 1 avisos vía estado-embebido
19:18:56 DEBUG   [toctoc] 1 avisos vía estado-embebido
19:19:02 DEBUG   [toctoc] 1 avisos vía estado-embebido
19:19:02 INFO    Enriquecido y descartado: WPEBD (arriendo de $2.253.648 sobre el máximo negociable de $1.904.000)
19:19:05 INFO    Enriquecido y descartado: 75BRH (arriendo de $4.299.009 sobre el máximo negociable de $1.904.000)
19:19:10 DEBUG   [toctoc] 1 avisos vía estado-embebido
19:19:11 INFO    Enriquecido y descartado: WPEBD (arriendo de $2.253.648 sobre el máximo negociable de $1.904.000)
19:19:16 DEBUG   [toctoc] 1 avisos vía estado-embebido
19:19:16 INFO    Enriquecido y descartado: PY7N4 (arriendo de $1.925.844 sobre el máximo negociable de $1.904.000)
19:19:22 DEBUG   [toctoc] 1 avisos vía estado-embebido
19:19:27 DEBUG   [toctoc] 1 avisos vía estado-embebido
19:19:27 INFO    Enriquecido y descartado: E366M (arriendo de $2.253.648 sobre el máximo negociable de $1.904.000)
19:19:32 DEBUG   [toctoc] 1 avisos vía estado-embebido
19:19:32 INFO    Enriquecido y descartado: RSJ4J (arriendo de $2.253.648 sobre el máximo negociable de $1.904.000)
19:19:32 INFO    Fichas leídas: 100 — 9 ganaron el año, 24 la dirección; 62 se descartaron al verlas (3 por viejos)
19:19:34 INFO    Listo: 0 avisados de 39 candidatos
