02:44:23 INFO    UF = $41.098.15 (API del día)
02:44:23 INFO    Barriendo TocToc (toctoc)…
02:44:23 INFO    Barriendo Chilepropiedades (chilepropiedades)…
02:44:23 INFO    Barriendo GoPlaceIt (goplaceit)…
02:44:23 INFO    Barriendo Yapo (yapo)…
02:44:24 WARNING https://www.yapo.cl/bienes-raices-alquiler-apartamentos/region-metropolitana-vitacura respondió 403
02:44:24 INFO    [yapo] https://www.yapo.cl/bienes-raices-alquiler-apartamentos/region-metropolitana-vitacura rebotó al GET; se reintenta con navegador
02:44:24 DEBUG   [chilepropiedades] 10 avisos vía tarjetas
02:44:26 DEBUG   [chilepropiedades] 10 avisos vía tarjetas
02:44:27 INFO      goplaceit: 0 avisos en 4s
02:44:27 INFO    Barriendo BuscoNido (busconido)…
02:44:28 DEBUG   [chilepropiedades] 10 avisos vía tarjetas
02:44:28 INFO      chilepropiedades: 30 avisos en 5s
02:44:28 INFO    Barriendo BienesOnline (bienesonline)…
02:44:28 DEBUG   [busconido] 23 avisos vía tarjetas
02:44:28 INFO      busconido: 23 avisos en 1s
02:44:28 INFO    Barriendo Economicos (El Mercurio) (economicos)…
02:44:28 WARNING https://www.economicos.cl/search/propiedades/vitacura/arriendo/departamento/0 respondió 403
02:44:28 INFO    [economicos] https://www.economicos.cl/search/propiedades/vitacura/arriendo/departamento/0 rebotó al GET; se reintenta con navegador
02:44:29 DEBUG   [bienesonline] 13 avisos vía tarjetas
02:44:29 INFO      bienesonline: 13 avisos en 1s
02:44:29 INFO    Barriendo iCasas (icasas)…
02:44:30 DEBUG   [icasas] 15 avisos vía tarjetas
02:44:30 DEBUG   [toctoc] 20 avisos vía json-ld
02:44:31 INFO      economicos: 0 avisos en 3s
02:44:31 INFO    Barriendo Doomos (doomos)…
02:44:32 DEBUG   [icasas] 15 avisos vía tarjetas
02:44:32 INFO      icasas: 30 avisos en 3s
02:44:32 INFO    Barriendo Top Propiedades (toppropiedades)…
02:44:34 DEBUG   La red no quedó en silencio en https://www.yapo.cl/bienes-raices-alquiler-apartamentos/region-metropolitana-vitacura; se lee igual
02:44:34 INFO      yapo: 0 avisos en 11s
02:44:34 INFO    Barriendo Nuroa (nuroa)…
02:44:34 DEBUG   Encoding detection: ascii is most likely the one.
02:44:35 DEBUG   [nuroa] 25 avisos vía json-ld
02:44:35 DEBUG   [toppropiedades] 1 avisos vía json-ld
02:44:37 DEBUG   [nuroa] 25 avisos vía json-ld
02:44:38 DEBUG   [toppropiedades] 1 avisos vía json-ld
02:44:39 DEBUG   [nuroa] 25 avisos vía json-ld
02:44:40 DEBUG   [toppropiedades] 1 avisos vía json-ld
02:44:41 DEBUG   [nuroa] 25 avisos vía json-ld
02:44:42 INFO      nuroa: 100 avisos en 8s
02:44:42 INFO    Barriendo Mitula (mitula)…
02:44:42 DEBUG   [toppropiedades] 1 avisos vía json-ld
02:44:42 DEBUG   [toctoc] 20 avisos vía json-ld
02:44:43 DEBUG   [mitula] 30 avisos vía json-ld
02:44:43 DEBUG   [toppropiedades] 1 avisos vía json-ld
02:44:45 DEBUG   [mitula] 30 avisos vía json-ld
02:44:45 DEBUG   [toppropiedades] 1 avisos vía json-ld
02:44:46 INFO      mitula: 60 avisos en 4s
02:44:46 INFO    Barriendo Houm (houm)…
02:44:47 DEBUG   [toppropiedades] 1 avisos vía json-ld
02:44:48 DEBUG   [toctoc] 14 avisos vía json-ld
02:44:49 DEBUG   [toppropiedades] 1 avisos vía json-ld
02:44:49 INFO      toppropiedades: 8 avisos en 18s
02:44:49 INFO    Barriendo Hey! Homes (heyhomes)…
02:44:50 DEBUG   [houm] 28 avisos vía json-ld
02:44:52 DEBUG   [heyhomes] 9 avisos vía tarjetas
02:44:52 INFO      heyhomes: 9 avisos en 3s
02:44:52 INFO    Barriendo Engel & Völkers (engelvoelkers)…
02:44:55 DEBUG   [toctoc] 20 avisos vía json-ld
02:44:57 DEBUG   La red no quedó en silencio en https://houm.com/cl/arriendo-departamento-región-metropolitana/las-condes/170742; se lee igual
02:44:57 DEBUG   [houm] 1 avisos vía estado-embebido
02:44:58 DEBUG   [engelvoelkers] 16 avisos vía tarjetas
02:44:58 INFO      engelvoelkers: 16 avisos en 6s
02:44:58 INFO    Barriendo RE/MAX Chile (remax)…
02:45:01 WARNING Error en https://www.doomos.cl/departamentos-vitacura-arriendo (intento 1/3): HTTPSConnectionPool(host='www.doomos.cl', port=443): Read timed out. (read timeout=20)
02:45:02 DEBUG   [houm] 1 avisos vía estado-embebido
02:45:05 DEBUG   [toctoc] 16 avisos vía json-ld
02:45:06 INFO      remax: 0 avisos en 7s
02:45:06 INFO    Barriendo Fuenzalida Propiedades (fuenzalida)…
02:45:09 DEBUG   [toctoc] 20 avisos vía json-ld
02:45:09 INFO      toctoc: 110 avisos en 46s
02:45:09 INFO    Barriendo Century 21 Chile (century21)…
02:45:10 DEBUG   [houm] 1 avisos vía estado-embebido
02:45:11 INFO      century21: 0 avisos en 2s
02:45:11 INFO    Barriendo Property Partners (propertypartners)…
02:45:11 DEBUG   [propertypartners] 1 avisos vía tarjetas
02:45:11 INFO      propertypartners: 1 avisos en 0s
02:45:11 INFO    Barriendo Acceso Inmobiliario (accesoinmobiliario)…
02:45:14 DEBUG   [accesoinmobiliario] 15 avisos vía tarjetas
02:45:15 DEBUG   [houm] 1 avisos vía estado-embebido
02:45:19 DEBUG   [houm] 1 avisos vía estado-embebido
02:45:22 INFO      accesoinmobiliario: 15 avisos en 11s
02:45:22 INFO    Barriendo Magnolia Property (magnoliaproperty)…
02:45:23 DEBUG   [magnoliaproperty] 6 avisos vía tarjetas
02:45:23 INFO      magnoliaproperty: 6 avisos en 1s
02:45:23 INFO    Barriendo Portilla Propiedades (portillapropiedades)…
02:45:24 WARNING Error en https://www.doomos.cl/departamentos-vitacura-arriendo (intento 2/3): HTTPSConnectionPool(host='www.doomos.cl', port=443): Read timed out. (read timeout=20)
02:45:24 DEBUG   [portillapropiedades] 2 avisos vía tarjetas
02:45:24 INFO      portillapropiedades: 2 avisos en 1s
02:45:24 INFO    Barriendo Nativo Propiedades (nativopropiedades)…
02:45:24 DEBUG   [houm] 1 avisos vía estado-embebido
02:45:25 DEBUG   [nativopropiedades] 10 avisos vía tarjetas
02:45:25 INFO      nativopropiedades: 10 avisos en 1s
02:45:25 INFO    Barriendo Enlace Inmobiliario (enlaceinmobiliario)…
02:45:25 WARNING https://www.enlaceinmobiliario.cl/ respondió 403
02:45:25 INFO    [enlaceinmobiliario] https://www.enlaceinmobiliario.cl/ rebotó al GET; se reintenta con navegador
02:45:26 WARNING Error en https://fuenzalida.com/fuenzalida/propiedades/arriendo/?operacion=Arriendo (intento 1/3): HTTPSConnectionPool(host='fuenzalida.com', port=443): Read timed out. (read timeout=20)
02:45:28 WARNING https://fuenzalida.com/fuenzalida/propiedades/arriendo/?operacion=Arriendo respondió 500
02:45:28 WARNING   fuenzalida: HTTP 500
02:45:28 INFO      fuenzalida: 0 avisos en 22s
02:45:28 INFO    Barriendo Rentas.cl (rentas_cl)…
02:45:29 DEBUG   [houm] 1 avisos vía estado-embebido
02:45:30 DEBUG   [rentas_cl] 1 avisos vía json-ld
02:45:30 INFO      rentas_cl: 1 avisos en 2s
02:45:30 INFO    Barriendo Arriendos.cl (arriendos_cl)…
02:45:31 DEBUG   [arriendos_cl] 1 avisos vía tarjetas
02:45:31 INFO      arriendos_cl: 1 avisos en 1s
02:45:31 INFO    Barriendo Propiedades.cl (propiedades_cl)…
02:45:32 DEBUG   La red no quedó en silencio en https://www.enlaceinmobiliario.cl/; se lee igual
02:45:32 INFO      enlaceinmobiliario: 0 avisos en 7s
02:45:32 INFO    Barriendo Clasificados.cl (clasificados_cl)…
02:45:32 DEBUG   [propiedades_cl] 6 avisos vía tarjetas
02:45:32 INFO      propiedades_cl: 6 avisos en 1s
02:45:33 DEBUG   [houm] 1 avisos vía estado-embebido
02:45:33 INFO      houm: 36 avisos en 47s
02:45:34 DEBUG   [clasificados_cl] 1 avisos vía tarjetas
02:45:34 INFO      clasificados_cl: 1 avisos en 3s
02:45:48 WARNING Error en https://www.doomos.cl/departamentos-vitacura-arriendo (intento 3/3): HTTPSConnectionPool(host='www.doomos.cl', port=443): Read timed out. (read timeout=20)
02:45:48 WARNING   doomos: el sitio no respondió a tiempo
02:45:48 INFO      doomos: 0 avisos en 76s
02:45:48 INFO    Total crudo: 478 avisos
02:45:48 INFO    Después de deduplicar: 381
02:45:48 INFO    Pasaron los filtros: 30
02:46:03 DEBUG   Ficha de HW5MX sin candidato propio; no se fusiona
02:46:04 DEBUG   [chilepropiedades] 2 avisos vía json-ld
02:46:04 INFO    Enriquecido y descartado: FSAGK (79.5 m² totales, no llega a más de 100 m²)
02:46:09 DEBUG   [toctoc] 1 avisos vía estado-embebido
02:46:13 DEBUG   Pin del mapa para 8NAUT: -33.37732, -70.56947
02:46:13 DEBUG   [toctoc] 1 avisos vía estado-embebido
02:46:14 DEBUG   [busconido] 10 avisos vía tarjetas
02:46:14 DEBUG   Ficha de 6669H sin candidato propio; no se fusiona
02:46:17 DEBUG   [toctoc] 1 avisos vía estado-embebido
02:46:18 DEBUG   [busconido] 10 avisos vía tarjetas
02:46:18 DEBUG   Ficha de 4TBZ6 sin candidato propio; no se fusiona
02:46:20 DEBUG   [busconido] 10 avisos vía tarjetas
02:46:20 DEBUG   Ficha de HAZYC sin candidato propio; no se fusiona
02:46:24 DEBUG   [toctoc] 1 avisos vía estado-embebido
02:46:24 DEBUG   [busconido] 11 avisos vía tarjetas
02:46:24 DEBUG   Ficha de RBUTV sin candidato propio; no se fusiona
02:46:24 WARNING robots.txt no permite https://www.nuroa.cl/adform/10342-912-101d5-1a0ff48-a45a-2e1434470692-7ad1?click_type=0&pos=17&searchType=1&page=1&section=1&t_sec=1&sectionType=1&pageViewId=fa4308e9-9070-4ae1-b502-8e956b2e6c3c&t_pvid=fa4308e9-9070-4ae1-b502-8e956b2e6c3c&userAgent=Mozilla%2F5.0+%28compatible%3B+radar-arriendos%2F1.0%3B+uso+personal%2C+busqueda+de+arriendo%3B+%2Bhttps%3A%2F%2Fgithub.com%2Falfonsoandona%2Farriendos-vitacura%29&browser=1&isHuman=true&userIp=20.220.125.203&what=vitacura+departamento&search_terms=vitacura+departamento&origin=1&t_or=1&splitTestId=0 — se omite
02:46:25 DEBUG   [mitula] 3 avisos vía tarjetas
02:46:29 DEBUG   [engelvoelkers] 1 avisos vía json-ld
02:46:34 DEBUG   [toctoc] 1 avisos vía estado-embebido
02:46:37 DEBUG   [toctoc] 1 avisos vía estado-embebido
02:46:41 DEBUG   [toctoc] 1 avisos vía estado-embebido
02:46:45 DEBUG   [toctoc] 1 avisos vía estado-embebido
02:46:49 DEBUG   [toctoc] 1 avisos vía estado-embebido
02:46:53 DEBUG   [toctoc] 1 avisos vía estado-embebido
02:46:57 DEBUG   [toctoc] 1 avisos vía estado-embebido
02:47:01 DEBUG   [toctoc] 1 avisos vía estado-embebido
02:47:05 DEBUG   [toctoc] 1 avisos vía estado-embebido
02:47:10 DEBUG   [toctoc] 1 avisos vía estado-embebido
02:47:10 WARNING robots.txt no permite https://www.nuroa.cl/adform/10342-912-3e9b-1a0e30e-bd4c-4f30fb45531b-7a22?click_type=0&pos=23&searchType=1&page=1&section=1&t_sec=1&sectionType=1&pageViewId=fa4308e9-9070-4ae1-b502-8e956b2e6c3c&t_pvid=fa4308e9-9070-4ae1-b502-8e956b2e6c3c&userAgent=Mozilla%2F5.0+%28compatible%3B+radar-arriendos%2F1.0%3B+uso+personal%2C+busqueda+de+arriendo%3B+%2Bhttps%3A%2F%2Fgithub.com%2Falfonsoandona%2Farriendos-vitacura%29&browser=1&isHuman=true&userIp=20.220.125.203&what=vitacura+departamento&search_terms=vitacura+departamento&origin=1&t_or=1&splitTestId=0 — se omite
02:47:10 WARNING robots.txt no permite https://www.nuroa.cl/adform/10342-912-e7f8-1a0a016-97e0-4460cb69457-7a3c?click_type=0&pos=2&searchType=1&page=4&section=1&t_sec=1&sectionType=1&pageViewId=61a4b85e-54af-4cdf-ab2f-808fcc60fdc7&t_pvid=61a4b85e-54af-4cdf-ab2f-808fcc60fdc7&userAgent=Mozilla%2F5.0+%28compatible%3B+radar-arriendos%2F1.0%3B+uso+personal%2C+busqueda+de+arriendo%3B+%2Bhttps%3A%2F%2Fgithub.com%2Falfonsoandona%2Farriendos-vitacura%29&browser=1&isHuman=true&userIp=20.220.125.203&what=vitacura+departamento&search_terms=vitacura+departamento&origin=1&t_or=1&splitTestId=0 — se omite
02:47:14 DEBUG   [toctoc] 1 avisos vía estado-embebido
02:47:14 DEBUG   [mitula] 3 avisos vía tarjetas
02:47:14 INFO    Fichas leídas: 30 — 1 ganaron el año, 2 la dirección; 1 se descartaron al verlas (0 por viejos)
02:47:15 INFO    Listo: 0 avisados de 29 candidatos
