14:16:05 INFO    No se pudo traer la UF del día (ReadTimeout); se usa el respaldo
14:16:05 INFO    UF = $40.879.04 (caché de hace 0 día(s) — la API no respondió)
14:16:05 INFO    Barriendo TocToc (toctoc)…
14:16:05 INFO    Barriendo Chilepropiedades (chilepropiedades)…
14:16:05 INFO    Barriendo GoPlaceIt (goplaceit)…
14:16:05 INFO    Barriendo Yapo (yapo)…
14:16:05 DEBUG   [chilepropiedades] 10 avisos vía tarjetas
14:16:06 INFO      yapo: 0 avisos en 2s
14:16:06 INFO    Barriendo BuscoNido (busconido)…
14:16:07 DEBUG   [busconido] 23 avisos vía tarjetas
14:16:07 INFO      busconido: 23 avisos en 1s
14:16:07 INFO    Barriendo BienesOnline (bienesonline)…
14:16:07 DEBUG   [chilepropiedades] 10 avisos vía tarjetas
14:16:08 DEBUG   [goplaceit] 30 avisos vía json-ld
14:16:08 DEBUG   [bienesonline] 16 avisos vía tarjetas
14:16:08 INFO      bienesonline: 16 avisos en 1s
14:16:08 INFO    Barriendo Economicos (El Mercurio) (economicos)…
14:16:08 WARNING https://www.economicos.cl/search/propiedades/vitacura/arriendo/departamento/0 respondió 403
14:16:08 INFO    [economicos] https://www.economicos.cl/search/propiedades/vitacura/arriendo/departamento/0 rebotó al GET; se reintenta con navegador
14:16:09 DEBUG   [chilepropiedades] 10 avisos vía tarjetas
14:16:09 INFO      chilepropiedades: 30 avisos en 5s
14:16:09 INFO    Barriendo iCasas (icasas)…
14:16:10 DEBUG   [icasas] 15 avisos vía tarjetas
14:16:12 DEBUG   [icasas] 15 avisos vía tarjetas
14:16:12 INFO      icasas: 30 avisos en 2s
14:16:12 INFO    Barriendo Doomos (doomos)…
14:16:12 DEBUG   [toctoc] 20 avisos vía json-ld
14:16:13 INFO      economicos: 0 avisos en 5s
14:16:13 INFO    Barriendo Top Propiedades (toppropiedades)…
14:16:14 DEBUG   [doomos] 32 avisos vía tarjetas
14:16:14 INFO      doomos: 32 avisos en 2s
14:16:14 INFO    Barriendo Nuroa (nuroa)…
14:16:15 DEBUG   Encoding detection: ascii is most likely the one.
14:16:15 DEBUG   La red no quedó en silencio en https://www.goplaceit.com/cl/propiedad/arriendo/departamento/vitacura/11242195-departamento-en-arriendo-en-tabancura-4d3borientevista-4-habitaciones-127-m2?source=perfil-comuna; se lee igual
14:16:16 DEBUG   [nuroa] 25 avisos vía json-ld
14:16:17 DEBUG   [toppropiedades] 1 avisos vía json-ld
14:16:18 DEBUG   [nuroa] 25 avisos vía json-ld
14:16:19 DEBUG   [toppropiedades] 1 avisos vía json-ld
14:16:20 DEBUG   [nuroa] 25 avisos vía json-ld
14:16:20 DEBUG   La red no quedó en silencio en https://www.toctoc.com/arriendo/departamento/metropolitana/vitacura/3-dormitorios?pagina=2; se lee igual
14:16:20 DEBUG   [toctoc] 71 avisos vía json-ld
14:16:21 DEBUG   [toppropiedades] 1 avisos vía json-ld
14:16:22 DEBUG   [nuroa] 25 avisos vía json-ld
14:16:22 INFO      nuroa: 100 avisos en 8s
14:16:22 INFO    Barriendo Mitula (mitula)…
14:16:23 DEBUG   [toppropiedades] 1 avisos vía json-ld
14:16:24 DEBUG   [mitula] 30 avisos vía json-ld
14:16:25 DEBUG   [toppropiedades] 1 avisos vía json-ld
14:16:26 DEBUG   [mitula] 30 avisos vía json-ld
14:16:26 INFO      mitula: 60 avisos en 4s
14:16:26 INFO    Barriendo Houm (houm)…
14:16:27 DEBUG   [toctoc] 20 avisos vía json-ld
14:16:27 DEBUG   [toppropiedades] 1 avisos vía json-ld
14:16:29 DEBUG   [toppropiedades] 1 avisos vía json-ld
14:16:31 DEBUG   [toppropiedades] 1 avisos vía json-ld
14:16:31 INFO      toppropiedades: 8 avisos en 18s
14:16:31 INFO    Barriendo Hey! Homes (heyhomes)…
14:16:34 DEBUG   [toctoc] 20 avisos vía json-ld
14:16:34 DEBUG   La red no quedó en silencio en https://houm.com/cl/arriendo-departamentos-region-metropolitana/vitacura/3-dormitorios; se lee igual
14:16:34 DEBUG   [heyhomes] 9 avisos vía tarjetas
14:16:34 INFO      heyhomes: 9 avisos en 3s
14:16:34 INFO    Barriendo Engel & Völkers (engelvoelkers)…
14:16:34 DEBUG   [houm] 28 avisos vía json-ld
14:16:40 DEBUG   [toctoc] 20 avisos vía json-ld
14:16:41 DEBUG   [engelvoelkers] 15 avisos vía tarjetas
14:16:41 INFO      engelvoelkers: 15 avisos en 6s
14:16:41 INFO    Barriendo RE/MAX Chile (remax)…
14:16:47 DEBUG   La red no quedó en silencio en https://houm.com/cl/arriendo-departamento-región-metropolitana/las-condes/170742; se lee igual
14:16:47 DEBUG   [houm] 1 avisos vía estado-embebido
14:16:51 DEBUG   La red no quedó en silencio en https://www.toctoc.com/arriendo/departamento/metropolitana/vitacura/4-dormitorios?pagina=3; se lee igual
14:16:51 DEBUG   [toctoc] 3 avisos vía json-ld
14:16:51 INFO      toctoc: 154 avisos en 46s
14:16:51 INFO    Barriendo Fuenzalida Propiedades (fuenzalida)…
14:16:52 INFO      remax: 0 avisos en 12s
14:16:52 INFO    Barriendo Century 21 Chile (century21)…
14:16:53 INFO      century21: 0 avisos en 1s
14:16:53 INFO    Barriendo Property Partners (propertypartners)…
14:16:53 DEBUG   [goplaceit] 30 avisos vía json-ld
14:16:54 DEBUG   [propertypartners] 1 avisos vía tarjetas
14:16:54 INFO      propertypartners: 1 avisos en 0s
14:16:54 INFO    Barriendo Acceso Inmobiliario (accesoinmobiliario)…
14:16:54 DEBUG   [fuenzalida] 16 avisos vía tarjetas
14:16:57 DEBUG   [fuenzalida] 20 avisos vía tarjetas
14:16:59 DEBUG   La red no quedó en silencio en https://houm.com/cl/arriendo-departamento-región-metropolitana/las-condes/175757; se lee igual
14:16:59 DEBUG   [houm] 1 avisos vía estado-embebido
14:17:00 DEBUG   [fuenzalida] 20 avisos vía tarjetas
14:17:00 INFO      fuenzalida: 56 avisos en 9s
14:17:00 INFO    Barriendo Magnolia Property (magnoliaproperty)…
14:17:00 DEBUG   [accesoinmobiliario] 16 avisos vía tarjetas
14:17:01 DEBUG   [magnoliaproperty] 6 avisos vía tarjetas
14:17:01 INFO      magnoliaproperty: 6 avisos en 0s
14:17:01 INFO    Barriendo Portilla Propiedades (portillapropiedades)…
14:17:02 DEBUG   [portillapropiedades] 2 avisos vía tarjetas
14:17:02 INFO      portillapropiedades: 2 avisos en 1s
14:17:02 INFO    Barriendo Nativo Propiedades (nativopropiedades)…
14:17:02 DEBUG   [nativopropiedades] 7 avisos vía tarjetas
14:17:02 INFO      nativopropiedades: 7 avisos en 1s
14:17:02 INFO    Barriendo Enlace Inmobiliario (enlaceinmobiliario)…
14:17:02 WARNING https://www.enlaceinmobiliario.cl/ respondió 403
14:17:02 INFO    [enlaceinmobiliario] https://www.enlaceinmobiliario.cl/ rebotó al GET; se reintenta con navegador
14:17:05 DEBUG   [accesoinmobiliario] 1 avisos vía tarjetas
14:17:08 INFO      enlaceinmobiliario: 0 avisos en 5s
14:17:08 INFO    Barriendo Rentas.cl (rentas_cl)…
14:17:08 DEBUG   La red no quedó en silencio en https://houm.com/cl/arriendo-departamento-región-metropolitana/ñuñoa/174379; se lee igual
14:17:08 DEBUG   [houm] 1 avisos vía estado-embebido
14:17:10 DEBUG   [rentas_cl] 1 avisos vía json-ld
14:17:10 INFO      rentas_cl: 1 avisos en 2s
14:17:10 INFO    Barriendo Arriendos.cl (arriendos_cl)…
14:17:11 INFO      arriendos_cl: 0 avisos en 1s
14:17:11 INFO    Barriendo Propiedades.cl (propiedades_cl)…
14:17:12 DEBUG   [propiedades_cl] 6 avisos vía tarjetas
14:17:12 INFO      propiedades_cl: 6 avisos en 1s
14:17:12 INFO    Barriendo Clasificados.cl (clasificados_cl)…
14:17:14 DEBUG   [accesoinmobiliario] 1 avisos vía tarjetas
14:17:15 DEBUG   [clasificados_cl] 1 avisos vía tarjetas
14:17:15 INFO      clasificados_cl: 1 avisos en 3s
14:17:17 DEBUG   La red no quedó en silencio en https://houm.com/cl/arriendo-departamento-región-metropolitana/recoleta/178185; se lee igual
14:17:17 DEBUG   [houm] 1 avisos vía estado-embebido
14:17:19 DEBUG   [accesoinmobiliario] 1 avisos vía tarjetas
14:17:26 DEBUG   La red no quedó en silencio en https://houm.com/cl/arriendo-departamento-región-metropolitana/las-condes/177842; se lee igual
14:17:26 DEBUG   [houm] 1 avisos vía estado-embebido
14:17:31 DEBUG   [goplaceit] 30 avisos vía json-ld
14:17:34 DEBUG   La red no quedó en silencio en https://houm.com/cl/arriendo-departamento-región-metropolitana/recoleta/176958; se lee igual
14:17:34 DEBUG   [houm] 1 avisos vía estado-embebido
14:17:36 DEBUG   [accesoinmobiliario] 1 avisos vía tarjetas
14:17:36 INFO      accesoinmobiliario: 20 avisos en 42s
14:17:44 DEBUG   La red no quedó en silencio en https://houm.com/cl/arriendo-departamento-región-metropolitana/recoleta/90462; se lee igual
14:17:44 DEBUG   [houm] 1 avisos vía estado-embebido
14:17:51 DEBUG   La red no quedó en silencio en https://houm.com/cl/arriendo-departamento-región-metropolitana/ñuñoa/148216; se lee igual
14:17:51 DEBUG   [houm] 1 avisos vía estado-embebido
14:17:51 INFO      houm: 36 avisos en 85s
14:17:55 INFO      goplaceit: 90 avisos en 110s
14:17:55 INFO    Total crudo: 703 avisos
14:17:56 INFO    Después de deduplicar: 452
14:17:56 INFO    Pasaron los filtros: 73
14:18:21 DEBUG   [doomos] 16 avisos vía tarjetas
14:18:21 DEBUG   Ficha de YVT22 sin candidato propio; no se fusiona
14:18:22 DEBUG   Ficha de HW5MX sin candidato propio; no se fusiona
14:18:23 DEBUG   [doomos] 25 avisos vía tarjetas
14:18:23 DEBUG   Ficha de U44VT sin candidato propio; no se fusiona
14:18:25 DEBUG   [doomos] 25 avisos vía tarjetas
14:18:25 DEBUG   Ficha de KNAE9 sin candidato propio; no se fusiona
14:18:28 DEBUG   [doomos] 25 avisos vía tarjetas
14:18:28 DEBUG   Ficha de PR3QK sin candidato propio; no se fusiona
14:18:30 DEBUG   [doomos] 25 avisos vía tarjetas
14:18:30 DEBUG   Ficha de 2HWEW sin candidato propio; no se fusiona
14:18:31 DEBUG   [doomos] 25 avisos vía tarjetas
14:18:31 DEBUG   Ficha de ZWNAN sin candidato propio; no se fusiona
14:18:39 DEBUG   La red no quedó en silencio en https://www.toctoc.com/arriendo/departamento/metropolitana/vitacura/b_e3998751bdf18056ec3bc1295092fa3b6525235f; se lee igual
14:18:39 DEBUG   Pin del mapa para 926YZ: -33.40410, -70.59081
14:18:39 DEBUG   [toctoc] 1 avisos vía estado-embebido
14:18:39 INFO    Enriquecido y descartado: P9HA4 (arriendo de $2.575.380 sobre el máximo negociable de $1.904.000)
14:18:43 DEBUG   Pin del mapa para 3DU7Q: -33.40490, -70.59654
14:18:43 DEBUG   [toctoc] 1 avisos vía estado-embebido
14:18:43 INFO    Enriquecido y descartado: K7URV (arriendo de $2.861.533 sobre el máximo negociable de $1.904.000)
14:18:49 DEBUG   Pin del mapa para QE3CP: -33.40454, -70.59420
14:18:49 DEBUG   [toctoc] 1 avisos vía estado-embebido
14:18:49 INFO    Enriquecido y descartado: QE3CP (arriendo de $3.066.027 sobre el máximo negociable de $1.904.000)
14:18:55 DEBUG   Pin del mapa para VVV4B: -33.40490, -70.59654
14:18:55 DEBUG   [toctoc] 1 avisos vía estado-embebido
14:18:55 INFO    Enriquecido y descartado: K7URV (arriendo de $3.474.831 sobre el máximo negociable de $1.904.000)
14:19:00 DEBUG   [toctoc] 1 avisos vía estado-embebido
14:19:06 DEBUG   Pin del mapa para AZ5YE: -33.40537, -70.59387
14:19:06 DEBUG   [toctoc] 1 avisos vía estado-embebido
14:19:10 INFO    Enriquecido y descartado: YAVJA (arriendo de $3.517.371 sobre el máximo negociable de $1.904.000)
14:19:15 DEBUG   Pin del mapa para GDEV4: -33.40522, -70.59529
14:19:15 DEBUG   [toctoc] 1 avisos vía estado-embebido
14:19:15 INFO    Enriquecido y descartado: URZMS (arriendo de $3.600.000 sobre el máximo negociable de $1.904.000)
14:19:22 DEBUG   Pin del mapa para VB9ST: -33.38575, -70.56115
14:19:22 DEBUG   [toctoc] 1 avisos vía estado-embebido
14:19:22 INFO    Enriquecido y descartado: VZXBC (arriendo de $3.474.831 sobre el máximo negociable de $1.904.000)
14:19:29 DEBUG   La red no quedó en silencio en https://www.toctoc.com/arriendo/departamento/metropolitana/vitacura/b_fdb4b03bf40a845a9531de6e18e3c2511bbd30ad; se lee igual
14:19:29 DEBUG   Pin del mapa para MVQQV: -33.40571, -70.59718
14:19:29 DEBUG   [toctoc] 1 avisos vía estado-embebido
14:19:29 INFO    Enriquecido y descartado: DZCSP (arriendo de $3.270.429 sobre el máximo negociable de $1.904.000)
14:19:34 DEBUG   Pin del mapa para 9YQR3: -33.37213, -70.54192
14:19:34 DEBUG   [toctoc] 1 avisos vía estado-embebido
14:19:35 INFO    Enriquecido y descartado: E9R23 (arriendo de $4.496.840 sobre el máximo negociable de $1.904.000)
14:19:39 INFO    Enriquecido y descartado: CC2AY (arriendo de $2.032.258 sobre el máximo negociable de $1.904.000)
14:19:46 DEBUG   La red no quedó en silencio en https://www.toctoc.com/arriendo/departamento/metropolitana/vitacura/b_cb4f3892be878d5f5d5f71b811a6f8c135f3484d; se lee igual
14:19:46 DEBUG   Pin del mapa para EJMU3: -33.39788, -70.58897
14:19:46 DEBUG   [toctoc] 1 avisos vía estado-embebido
14:19:46 INFO    Enriquecido y descartado: W6ATB (arriendo de $2.411.941 sobre el máximo negociable de $1.904.000)
14:19:51 DEBUG   Pin del mapa para HCBT4: -33.40571, -70.59352
14:19:51 DEBUG   [toctoc] 1 avisos vía estado-embebido
14:19:51 INFO    Enriquecido y descartado: XGTG5 (45 años (construido en 1981), sobre el máximo de 30)
14:19:57 DEBUG   Pin del mapa para D2GPN: -33.39031, -70.59455
14:19:57 DEBUG   [toctoc] 1 avisos vía estado-embebido
14:19:57 INFO    Enriquecido y descartado: YNANX (arriendo de $3.270.429 sobre el máximo negociable de $1.904.000)
14:20:03 DEBUG   Pin del mapa para X3YFD: -33.40596, -70.59695
14:20:03 DEBUG   [toctoc] 1 avisos vía estado-embebido
14:20:03 INFO    Enriquecido y descartado: B5SVA (arriendo de $3.270.429 sobre el máximo negociable de $1.904.000)
14:20:08 DEBUG   Pin del mapa para JS3C5: -33.37683, -70.54385
14:20:08 DEBUG   [toctoc] 1 avisos vía estado-embebido
14:20:08 INFO    Enriquecido y descartado: 4JZ9G (arriendo de $1.962.257 sobre el máximo negociable de $1.904.000)
14:20:13 DEBUG   [toctoc] 1 avisos vía estado-embebido
14:20:13 INFO    Enriquecido y descartado: QTDYS (arriendo de $3.270.429 sobre el máximo negociable de $1.904.000)
14:20:18 DEBUG   [toctoc] 1 avisos vía estado-embebido
14:20:18 INFO    Enriquecido y descartado: XYCGS (arriendo de $2.411.941 sobre el máximo negociable de $1.904.000)
14:20:23 DEBUG   [toctoc] 1 avisos vía estado-embebido
14:20:23 INFO    Enriquecido y descartado: B2N6Q (arriendo de $3.270.429 sobre el máximo negociable de $1.904.000)
14:20:24 DEBUG   [doomos] 16 avisos vía tarjetas
14:20:24 DEBUG   Ficha de J5JN4 sin candidato propio; no se fusiona
14:20:30 DEBUG   [toctoc] 1 avisos vía estado-embebido
14:20:36 DEBUG   [doomos] 25 avisos vía tarjetas
14:20:36 DEBUG   Ficha de P8XMT sin candidato propio; no se fusiona
14:20:39 DEBUG   [engelvoelkers] 1 avisos vía json-ld
14:20:40 DEBUG   [mitula] 3 avisos vía tarjetas
14:20:47 DEBUG   La red no quedó en silencio en https://www.toctoc.com/arriendo/departamento/metropolitana/vitacura/b_5a83ec5d9ddeec1014e84fbdea5c301beaad18d5; se lee igual
14:20:47 DEBUG   [toctoc] 1 avisos vía estado-embebido
14:20:56 DEBUG   [toctoc] 1 avisos vía estado-embebido
14:20:56 DEBUG   [chilepropiedades] 2 avisos vía json-ld
14:21:02 DEBUG   [toctoc] 1 avisos vía estado-embebido
14:21:09 DEBUG   La red no quedó en silencio en https://www.toctoc.com/arriendo/departamento/metropolitana/vitacura/b_ed422a19d8fe7c5a675f79548ce59f765efd9391; se lee igual
14:21:09 DEBUG   [toctoc] 1 avisos vía estado-embebido
14:21:09 INFO    Enriquecido y descartado: 2VPS4 (arriendo de $4.006.275 sobre el máximo negociable de $1.904.000)
14:21:16 DEBUG   La red no quedó en silencio en https://www.toctoc.com/arriendo/departamento/metropolitana/vitacura/b_a7fcb2d18be259e7b3308fcb57b4283acb63013b; se lee igual
14:21:16 DEBUG   [toctoc] 1 avisos vía estado-embebido
14:21:16 INFO    Enriquecido y descartado: QKSRR (arriendo de $3.474.831 sobre el máximo negociable de $1.904.000)
14:21:19 INFO    Enriquecido y descartado: 75BRH (arriendo de $2.931.142 sobre el máximo negociable de $1.904.000)
14:21:25 DEBUG   [toctoc] 1 avisos vía estado-embebido
14:21:25 INFO    Enriquecido y descartado: THCTF (arriendo de $2.493.702 sobre el máximo negociable de $1.904.000)
14:21:48 INFO    Enriquecido y descartado: 75BRH (arriendo de $1.954.095 sobre el máximo negociable de $1.904.000)
14:21:58 DEBUG   [toctoc] 1 avisos vía estado-embebido
14:21:58 INFO    Enriquecido y descartado: 6KA2M (arriendo de $3.066.027 sobre el máximo negociable de $1.904.000)
14:22:11 DEBUG   [toctoc] 1 avisos vía estado-embebido
14:22:16 DEBUG   [toctoc] 1 avisos vía estado-embebido
14:22:16 INFO    Enriquecido y descartado: 4V73Z (arriendo de $4.701.241 sobre el máximo negociable de $1.904.000)
14:22:22 DEBUG   [toctoc] 1 avisos vía estado-embebido
14:22:22 INFO    Enriquecido y descartado: ZDZSQ (arriendo de $2.248.420 sobre el máximo negociable de $1.904.000)
14:22:27 DEBUG   [toctoc] 1 avisos vía estado-embebido
14:22:27 INFO    Enriquecido y descartado: 8YSPF (arriendo de $4.500.000 sobre el máximo negociable de $1.904.000)
14:22:33 DEBUG   [toctoc] 1 avisos vía estado-embebido
14:22:33 INFO    Enriquecido y descartado: 3N59D (arriendo de $3.066.027 sobre el máximo negociable de $1.904.000)
14:22:38 DEBUG   [toctoc] 1 avisos vía estado-embebido
14:22:38 INFO    Enriquecido y descartado: 4W5ZG (arriendo de $3.597.472 sobre el máximo negociable de $1.904.000)
14:22:43 DEBUG   [toctoc] 1 avisos vía estado-embebido
14:22:43 INFO    Enriquecido y descartado: JKM2T (arriendo de $2.289.300 sobre el máximo negociable de $1.904.000)
14:22:52 DEBUG   [toctoc] 1 avisos vía estado-embebido
14:22:52 INFO    Enriquecido y descartado: 9JAPA (arriendo de $2.452.822 sobre el máximo negociable de $1.904.000)
14:22:57 DEBUG   [toctoc] 1 avisos vía estado-embebido
14:23:01 DEBUG   [toctoc] 1 avisos vía estado-embebido
14:23:06 DEBUG   [toctoc] 1 avisos vía estado-embebido
14:23:13 DEBUG   [toctoc] 1 avisos vía estado-embebido
14:23:17 DEBUG   [toctoc] 1 avisos vía estado-embebido
14:23:23 DEBUG   [toctoc] 1 avisos vía estado-embebido
14:23:28 DEBUG   [toctoc] 1 avisos vía estado-embebido
14:23:32 INFO    Enriquecido y descartado: 75BRH (arriendo de $4.299.009 sobre el máximo negociable de $1.904.000)
14:23:35 INFO    Fichas leídas: 73 — 5 ganaron el año, 13 la dirección; 32 se descartaron al verlas (1 por viejos)
14:23:37 INFO    Listo: 0 avisados de 41 candidatos
