06:48:08 INFO    UF = $40.869.82 (API del día)
06:48:08 INFO    Barriendo TocToc (toctoc)…
06:48:08 INFO    Barriendo Chilepropiedades (chilepropiedades)…
06:48:08 INFO    Barriendo GoPlaceIt (goplaceit)…
06:48:08 INFO    Barriendo Yapo (yapo)…
06:48:09 DEBUG   [chilepropiedades] 10 avisos vía tarjetas
06:48:10 DEBUG   [yapo] 30 avisos vía tarjetas
06:48:11 DEBUG   [chilepropiedades] 10 avisos vía tarjetas
06:48:12 DEBUG   [goplaceit] 30 avisos vía json-ld
06:48:12 DEBUG   [yapo] 30 avisos vía tarjetas
06:48:13 DEBUG   [chilepropiedades] 10 avisos vía tarjetas
06:48:13 INFO      chilepropiedades: 30 avisos en 5s
06:48:13 INFO    Barriendo BuscoNido (busconido)…
06:48:13 DEBUG   [busconido] 23 avisos vía tarjetas
06:48:13 INFO      busconido: 23 avisos en 1s
06:48:13 INFO    Barriendo BienesOnline (bienesonline)…
06:48:14 DEBUG   [yapo] 30 avisos vía tarjetas
06:48:14 INFO      yapo: 90 avisos en 6s
06:48:14 INFO    Barriendo Economicos (El Mercurio) (economicos)…
06:48:15 DEBUG   [bienesonline] 16 avisos vía tarjetas
06:48:15 INFO      bienesonline: 16 avisos en 1s
06:48:15 INFO    Barriendo iCasas (icasas)…
06:48:15 DEBUG   [toctoc] 20 avisos vía json-ld
06:48:16 DEBUG   [icasas] 15 avisos vía tarjetas
06:48:17 DEBUG   [icasas] 15 avisos vía tarjetas
06:48:17 INFO      icasas: 30 avisos en 3s
06:48:17 INFO    Barriendo Doomos (doomos)…
06:48:20 DEBUG   [doomos] 30 avisos vía tarjetas
06:48:20 INFO      doomos: 30 avisos en 3s
06:48:20 INFO    Barriendo Top Propiedades (toppropiedades)…
06:48:22 DEBUG   La red no quedó en silencio en https://www.toctoc.com/arriendo/departamento/metropolitana/vitacura/3-dormitorios?pagina=2; se lee igual
06:48:22 DEBUG   [toctoc] 20 avisos vía json-ld
06:48:24 DEBUG   [toppropiedades] 1 avisos vía json-ld
06:48:26 DEBUG   [toppropiedades] 1 avisos vía json-ld
06:48:28 DEBUG   [toppropiedades] 1 avisos vía json-ld
06:48:29 DEBUG   La red no quedó en silencio en https://www.toctoc.com/arriendo/departamento/metropolitana/vitacura/3-dormitorios?pagina=3; se lee igual
06:48:29 DEBUG   [toctoc] 20 avisos vía json-ld
06:48:30 DEBUG   [toppropiedades] 1 avisos vía json-ld
06:48:32 DEBUG   [toppropiedades] 1 avisos vía json-ld
06:48:34 DEBUG   [toppropiedades] 1 avisos vía json-ld
06:48:34 DEBUG   [toctoc] 20 avisos vía json-ld
06:48:36 DEBUG   [toppropiedades] 1 avisos vía json-ld
06:48:38 DEBUG   [toppropiedades] 1 avisos vía json-ld
06:48:38 INFO      toppropiedades: 8 avisos en 18s
06:48:38 INFO    Barriendo Nuroa (nuroa)…
06:48:38 DEBUG   Encoding detection: ascii is most likely the one.
06:48:40 DEBUG   [nuroa] 25 avisos vía json-ld
06:48:41 DEBUG   [toctoc] 20 avisos vía json-ld
06:48:42 DEBUG   [nuroa] 25 avisos vía json-ld
06:48:43 DEBUG   [goplaceit] 30 avisos vía json-ld
06:48:44 DEBUG   [nuroa] 25 avisos vía json-ld
06:48:45 WARNING Error en https://www.economicos.cl/search/propiedades/vitacura/arriendo/departamento/0 (intento 1/3): HTTPSConnectionPool(host='www.economicos.cl', port=443): Max retries exceeded with url: /search/propiedades/vitacura/arriendo/departamento/0 (Caused by ConnectTimeoutError(<HTTPSConnection(host='www.economicos.cl', port=443) at 0x7f2de05246b0>, 'Connection to www.economicos.cl timed out. (connect timeout=20)'))
06:48:46 DEBUG   [nuroa] 25 avisos vía json-ld
06:48:46 INFO      nuroa: 100 avisos en 8s
06:48:46 INFO    Barriendo Mitula (mitula)…
06:48:48 DEBUG   [mitula] 30 avisos vía json-ld
06:48:48 DEBUG   [toctoc] 8 avisos vía json-ld
06:48:48 INFO      toctoc: 108 avisos en 40s
06:48:48 INFO    Barriendo Houm (houm)…
06:48:50 DEBUG   [mitula] 30 avisos vía json-ld
06:48:50 INFO      mitula: 60 avisos en 4s
06:48:50 INFO    Barriendo Hey! Homes (heyhomes)…
06:48:53 DEBUG   [heyhomes] 9 avisos vía tarjetas
06:48:53 INFO      heyhomes: 9 avisos en 3s
06:48:53 INFO    Barriendo Engel & Völkers (engelvoelkers)…
06:48:55 DEBUG   La red no quedó en silencio en https://houm.com/cl/arriendo-departamentos-region-metropolitana/vitacura/3-dormitorios; se lee igual
06:48:56 DEBUG   [houm] 28 avisos vía json-ld
06:49:00 DEBUG   [engelvoelkers] 17 avisos vía tarjetas
06:49:00 INFO      engelvoelkers: 17 avisos en 7s
06:49:00 INFO    Barriendo RE/MAX Chile (remax)…
06:49:04 DEBUG   La red no quedó en silencio en https://houm.com/cl/arriendo-departamento-región-metropolitana/las-condes/170742; se lee igual
06:49:04 DEBUG   [houm] 1 avisos vía estado-embebido
06:49:07 WARNING Error en https://www.economicos.cl/search/propiedades/vitacura/arriendo/departamento/0 (intento 2/3): HTTPSConnectionPool(host='www.economicos.cl', port=443): Max retries exceeded with url: /search/propiedades/vitacura/arriendo/departamento/0 (Caused by ConnectTimeoutError(<HTTPSConnection(host='www.economicos.cl', port=443) at 0x7f2de07117c0>, 'Connection to www.economicos.cl timed out. (connect timeout=20)'))
06:49:08 INFO      remax: 0 avisos en 9s
06:49:08 INFO    Barriendo Fuenzalida Propiedades (fuenzalida)…
06:49:11 DEBUG   [fuenzalida] 16 avisos vía tarjetas
06:49:14 DEBUG   [fuenzalida] 20 avisos vía tarjetas
06:49:16 DEBUG   La red no quedó en silencio en https://houm.com/cl/arriendo-departamento-región-metropolitana/las-condes/175757; se lee igual
06:49:16 DEBUG   [houm] 1 avisos vía estado-embebido
06:49:16 DEBUG   [fuenzalida] 20 avisos vía tarjetas
06:49:16 INFO      fuenzalida: 56 avisos en 8s
06:49:16 INFO    Barriendo Century 21 Chile (century21)…
06:49:16 DEBUG   [goplaceit] 30 avisos vía json-ld
06:49:18 INFO      century21: 0 avisos en 2s
06:49:18 INFO    Barriendo Property Partners (propertypartners)…
06:49:19 DEBUG   [propertypartners] 1 avisos vía tarjetas
06:49:19 INFO      propertypartners: 1 avisos en 0s
06:49:19 INFO    Barriendo Acceso Inmobiliario (accesoinmobiliario)…
06:49:23 DEBUG   [accesoinmobiliario] 16 avisos vía tarjetas
06:49:23 DEBUG   La red no quedó en silencio en https://houm.com/cl/arriendo-departamento-región-metropolitana/ñuñoa/176912; se lee igual
06:49:24 DEBUG   [houm] 1 avisos vía estado-embebido
06:49:30 DEBUG   [accesoinmobiliario] 1 avisos vía tarjetas
06:49:31 WARNING Error en https://www.economicos.cl/search/propiedades/vitacura/arriendo/departamento/0 (intento 3/3): HTTPSConnectionPool(host='www.economicos.cl', port=443): Max retries exceeded with url: /search/propiedades/vitacura/arriendo/departamento/0 (Caused by ConnectTimeoutError(<HTTPSConnection(host='www.economicos.cl', port=443) at 0x7f2dd3bf2120>, 'Connection to www.economicos.cl timed out. (connect timeout=20)'))
06:49:31 WARNING   economicos: el sitio no respondió a tiempo
06:49:31 INFO      economicos: 0 avisos en 76s
06:49:31 INFO    Barriendo Magnolia Property (magnoliaproperty)…
06:49:32 DEBUG   [magnoliaproperty] 6 avisos vía tarjetas
06:49:32 INFO      magnoliaproperty: 6 avisos en 1s
06:49:32 INFO    Barriendo Portilla Propiedades (portillapropiedades)…
06:49:32 DEBUG   [portillapropiedades] 2 avisos vía tarjetas
06:49:32 INFO      portillapropiedades: 2 avisos en 1s
06:49:32 INFO    Barriendo Nativo Propiedades (nativopropiedades)…
06:49:33 DEBUG   La red no quedó en silencio en https://houm.com/cl/arriendo-departamento-región-metropolitana/ñuñoa/174379; se lee igual
06:49:33 DEBUG   [nativopropiedades] 7 avisos vía tarjetas
06:49:33 INFO      nativopropiedades: 7 avisos en 1s
06:49:33 INFO    Barriendo Enlace Inmobiliario (enlaceinmobiliario)…
06:49:33 DEBUG   [houm] 1 avisos vía estado-embebido
06:49:33 WARNING https://www.enlaceinmobiliario.cl/ respondió 403
06:49:33 INFO    [enlaceinmobiliario] https://www.enlaceinmobiliario.cl/ rebotó al GET; se reintenta con navegador
06:49:35 DEBUG   [accesoinmobiliario] 1 avisos vía tarjetas
06:49:39 INFO      enlaceinmobiliario: 0 avisos en 6s
06:49:39 INFO    Barriendo Rentas.cl (rentas_cl)…
06:49:41 DEBUG   La red no quedó en silencio en https://houm.com/cl/arriendo-departamento-región-metropolitana/recoleta/178185; se lee igual
06:49:41 DEBUG   [houm] 1 avisos vía estado-embebido
06:49:41 DEBUG   [rentas_cl] 1 avisos vía json-ld
06:49:41 INFO      rentas_cl: 1 avisos en 2s
06:49:41 INFO    Barriendo Arriendos.cl (arriendos_cl)…
06:49:42 INFO      arriendos_cl: 0 avisos en 1s
06:49:42 INFO    Barriendo Propiedades.cl (propiedades_cl)…
06:49:43 DEBUG   [accesoinmobiliario] 1 avisos vía tarjetas
06:49:43 DEBUG   [propiedades_cl] 6 avisos vía tarjetas
06:49:43 INFO      propiedades_cl: 6 avisos en 1s
06:49:43 INFO    Barriendo Clasificados.cl (clasificados_cl)…
06:49:45 DEBUG   [accesoinmobiliario] 1 avisos vía tarjetas
06:49:46 DEBUG   [clasificados_cl] 1 avisos vía tarjetas
06:49:46 INFO      clasificados_cl: 1 avisos en 3s
06:49:50 DEBUG   La red no quedó en silencio en https://houm.com/cl/arriendo-departamento-región-metropolitana/recoleta/176958; se lee igual
06:49:50 DEBUG   [houm] 1 avisos vía estado-embebido
06:49:55 INFO      goplaceit: 90 avisos en 106s
06:49:56 DEBUG   [accesoinmobiliario] 1 avisos vía tarjetas
06:49:58 DEBUG   [accesoinmobiliario] 1 avisos vía tarjetas
06:49:58 INFO      accesoinmobiliario: 22 avisos en 39s
06:49:58 DEBUG   La red no quedó en silencio en https://houm.com/cl/arriendo-departamento-región-metropolitana/recoleta/90462; se lee igual
06:49:59 DEBUG   [houm] 1 avisos vía estado-embebido
06:50:06 DEBUG   La red no quedó en silencio en https://houm.com/cl/arriendo-departamento-región-metropolitana/ñuñoa/178435; se lee igual
06:50:06 DEBUG   [houm] 1 avisos vía estado-embebido
06:50:06 INFO      houm: 36 avisos en 78s
06:50:06 INFO    Total crudo: 749 avisos
06:50:06 INFO    Después de deduplicar: 473
06:50:07 INFO    Pasaron los filtros: 55
06:50:47 DEBUG   [doomos] 18 avisos vía tarjetas
06:50:47 DEBUG   Ficha de YVT22 sin candidato propio; no se fusiona
06:50:49 DEBUG   Ficha de HW5MX sin candidato propio; no se fusiona
06:50:49 DEBUG   [chilepropiedades] 2 avisos vía json-ld
06:50:50 DEBUG   [doomos] 27 avisos vía tarjetas
06:50:50 DEBUG   Ficha de U44VT sin candidato propio; no se fusiona
06:50:52 DEBUG   [doomos] 27 avisos vía tarjetas
06:50:52 DEBUG   Ficha de 2HWEW sin candidato propio; no se fusiona
06:51:00 DEBUG   [doomos] 27 avisos vía tarjetas
06:51:00 DEBUG   Ficha de ZWNAN sin candidato propio; no se fusiona
06:51:02 WARNING Se pasó del tiempo al abrir http://GG.CC (Error); se lee lo que alcanzó a llegar
06:51:08 DEBUG   [toctoc] 1 avisos vía estado-embebido
06:51:09 DEBUG   [busconido] 11 avisos vía tarjetas
06:51:09 DEBUG   Ficha de 8EPNP sin candidato propio; no se fusiona
06:51:10 DEBUG   [busconido] 11 avisos vía tarjetas
06:51:10 DEBUG   Ficha de 488TZ sin candidato propio; no se fusiona
06:51:12 DEBUG   [busconido] 10 avisos vía tarjetas
06:51:12 DEBUG   Ficha de VWVRP sin candidato propio; no se fusiona
06:51:14 DEBUG   [busconido] 11 avisos vía tarjetas
06:51:14 DEBUG   Ficha de YYHED sin candidato propio; no se fusiona
06:51:16 DEBUG   [busconido] 10 avisos vía tarjetas
06:51:16 DEBUG   Ficha de TX2VW sin candidato propio; no se fusiona
06:51:18 DEBUG   [busconido] 11 avisos vía tarjetas
06:51:18 DEBUG   Ficha de AK7SS sin candidato propio; no se fusiona
06:51:20 DEBUG   [busconido] 11 avisos vía tarjetas
06:51:20 DEBUG   Ficha de W7NQZ sin candidato propio; no se fusiona
06:51:22 DEBUG   [busconido] 11 avisos vía tarjetas
06:51:22 DEBUG   Ficha de VJTVY sin candidato propio; no se fusiona
06:51:24 DEBUG   [busconido] 10 avisos vía tarjetas
06:51:24 DEBUG   Ficha de SMCCK sin candidato propio; no se fusiona
06:51:26 DEBUG   [busconido] 10 avisos vía tarjetas
06:51:26 DEBUG   Ficha de BE893 sin candidato propio; no se fusiona
06:51:28 DEBUG   [busconido] 10 avisos vía tarjetas
06:51:28 DEBUG   Ficha de UVQY7 sin candidato propio; no se fusiona
06:51:29 WARNING https://www.bienesonline.cl/es/chile/hualpen/propiedad/125450-se-arrienda-departamento-altos-de-hualpen respondió 404
06:51:31 DEBUG   [doomos] 18 avisos vía tarjetas
06:51:31 DEBUG   Ficha de J5JN4 sin candidato propio; no se fusiona
06:51:35 DEBUG   [toctoc] 1 avisos vía estado-embebido
06:51:41 DEBUG   [doomos] 27 avisos vía tarjetas
06:51:41 DEBUG   Ficha de P8XMT sin candidato propio; no se fusiona
06:51:42 DEBUG   [mitula] 3 avisos vía tarjetas
06:51:45 DEBUG   [engelvoelkers] 1 avisos vía json-ld
06:51:52 DEBUG   [toctoc] 1 avisos vía estado-embebido
06:51:56 DEBUG   [toctoc] 1 avisos vía estado-embebido
06:52:04 DEBUG   [toctoc] 1 avisos vía estado-embebido
06:52:05 DEBUG   Ficha de FMDKM sin candidato propio; no se fusiona
06:52:10 DEBUG   [toctoc] 1 avisos vía estado-embebido
06:52:15 DEBUG   [toctoc] 1 avisos vía estado-embebido
06:52:18 DEBUG   [toctoc] 1 avisos vía estado-embebido
06:52:23 INFO    Enriquecido y descartado: 75BRH (arriendo de $2.931.142 sobre el máximo negociable de $1.904.000)
06:52:47 INFO    Enriquecido y descartado: 75BRH (arriendo de $2.149.504 sobre el máximo negociable de $1.904.000)
06:52:55 INFO    Enriquecido y descartado: 75BRH (arriendo de $1.954.095 sobre el máximo negociable de $1.904.000)
06:53:12 DEBUG   [toctoc] 1 avisos vía estado-embebido
06:53:21 DEBUG   [toctoc] 1 avisos vía estado-embebido
06:53:25 DEBUG   [toctoc] 1 avisos vía estado-embebido
06:53:29 INFO    Enriquecido y descartado: 75BRH (arriendo de $4.611.664 sobre el máximo negociable de $1.904.000)
06:53:34 INFO    Fichas leídas: 55 — 0 ganaron el año, 1 la dirección; 4 se descartaron al verlas (0 por viejos)
06:53:35 INFO    Listo: 0 avisados de 51 candidatos
