22:58:38 INFO    UF = $41.098.15 (API del día)
22:58:38 INFO    Barriendo TocToc (toctoc)…
22:58:38 INFO    Barriendo Chilepropiedades (chilepropiedades)…
22:58:38 INFO    Barriendo GoPlaceIt (goplaceit)…
22:58:38 INFO    Barriendo Yapo (yapo)…
22:58:39 WARNING https://www.yapo.cl/bienes-raices-alquiler-apartamentos/region-metropolitana-vitacura respondió 403
22:58:39 INFO    [yapo] https://www.yapo.cl/bienes-raices-alquiler-apartamentos/region-metropolitana-vitacura rebotó al GET; se reintenta con navegador
22:58:39 DEBUG   [chilepropiedades] 10 avisos vía tarjetas
22:58:41 DEBUG   [chilepropiedades] 10 avisos vía tarjetas
22:58:43 DEBUG   [chilepropiedades] 10 avisos vía tarjetas
22:58:43 INFO      chilepropiedades: 30 avisos en 5s
22:58:43 INFO    Barriendo BuscoNido (busconido)…
22:58:44 DEBUG   [busconido] 23 avisos vía tarjetas
22:58:44 INFO      busconido: 23 avisos en 1s
22:58:44 INFO    Barriendo BienesOnline (bienesonline)…
22:58:45 DEBUG   [bienesonline] 13 avisos vía tarjetas
22:58:45 INFO      bienesonline: 13 avisos en 1s
22:58:45 INFO    Barriendo Economicos (El Mercurio) (economicos)…
22:58:46 DEBUG   [toctoc] 20 avisos vía json-ld
22:58:46 WARNING https://www.economicos.cl/search/propiedades/vitacura/arriendo/departamento/0 respondió 403
22:58:46 INFO    [economicos] https://www.economicos.cl/search/propiedades/vitacura/arriendo/departamento/0 rebotó al GET; se reintenta con navegador
22:58:46 DEBUG   La red no quedó en silencio en https://www.yapo.cl/bienes-raices-alquiler-apartamentos/region-metropolitana-vitacura; se lee igual
22:58:46 INFO      yapo: 0 avisos en 7s
22:58:46 INFO    Barriendo iCasas (icasas)…
22:58:47 DEBUG   [icasas] 15 avisos vía tarjetas
22:58:47 INFO      economicos: 0 avisos en 2s
22:58:47 INFO    Barriendo Doomos (doomos)…
22:58:49 DEBUG   [icasas] 15 avisos vía tarjetas
22:58:49 INFO      icasas: 30 avisos en 3s
22:58:49 INFO    Barriendo Top Propiedades (toppropiedades)…
22:58:49 DEBUG   [goplaceit] 30 avisos vía json-ld
22:58:49 DEBUG   [doomos] 33 avisos vía tarjetas
22:58:49 INFO      doomos: 33 avisos en 2s
22:58:49 INFO    Barriendo Nuroa (nuroa)…
22:58:50 DEBUG   Encoding detection: ascii is most likely the one.
22:58:51 DEBUG   [nuroa] 25 avisos vía json-ld
22:58:52 DEBUG   [toppropiedades] 1 avisos vía json-ld
22:58:53 DEBUG   [nuroa] 25 avisos vía json-ld
22:58:54 DEBUG   [toppropiedades] 1 avisos vía json-ld
22:58:54 DEBUG   La red no quedó en silencio en https://www.toctoc.com/arriendo/departamento/metropolitana/vitacura/3-dormitorios?pagina=2; se lee igual
22:58:55 DEBUG   [nuroa] 25 avisos vía json-ld
22:58:56 DEBUG   [toctoc] 20 avisos vía json-ld
22:58:56 DEBUG   [toppropiedades] 1 avisos vía json-ld
22:58:57 DEBUG   [nuroa] 25 avisos vía json-ld
22:58:57 INFO      nuroa: 100 avisos en 8s
22:58:57 INFO    Barriendo Mitula (mitula)…
22:58:58 WARNING https://casas.mitula.cl/casas/arriendo-departamentos-vitacura respondió 401
22:58:58 INFO    [mitula] https://casas.mitula.cl/casas/arriendo-departamentos-vitacura rebotó al GET; se reintenta con navegador
22:58:58 DEBUG   [toppropiedades] 1 avisos vía json-ld
22:59:00 DEBUG   [toppropiedades] 1 avisos vía json-ld
22:59:02 DEBUG   [toppropiedades] 1 avisos vía json-ld
22:59:03 INFO      mitula: 0 avisos en 6s
22:59:03 INFO    Barriendo Houm (houm)…
22:59:03 DEBUG   [toctoc] 14 avisos vía json-ld
22:59:04 DEBUG   [toppropiedades] 1 avisos vía json-ld
22:59:06 DEBUG   [toppropiedades] 1 avisos vía json-ld
22:59:06 INFO      toppropiedades: 8 avisos en 18s
22:59:06 INFO    Barriendo Hey! Homes (heyhomes)…
22:59:11 DEBUG   [heyhomes] 9 avisos vía tarjetas
22:59:11 INFO      heyhomes: 9 avisos en 4s
22:59:11 INFO    Barriendo Engel & Völkers (engelvoelkers)…
22:59:11 DEBUG   La red no quedó en silencio en https://houm.com/cl/arriendo-departamentos-region-metropolitana/vitacura/3-dormitorios; se lee igual
22:59:11 DEBUG   [houm] 28 avisos vía json-ld
22:59:14 DEBUG   La red no quedó en silencio en https://www.toctoc.com/arriendo/departamento/metropolitana/vitacura/4-dormitorios; se lee igual
22:59:18 DEBUG   [engelvoelkers] 16 avisos vía tarjetas
22:59:18 INFO      engelvoelkers: 16 avisos en 7s
22:59:18 INFO    Barriendo RE/MAX Chile (remax)…
22:59:25 DEBUG   La red no quedó en silencio en https://houm.com/cl/arriendo-departamento-región-metropolitana/las-condes/170742; se lee igual
22:59:25 DEBUG   [houm] 1 avisos vía estado-embebido
22:59:32 INFO      remax: 0 avisos en 14s
22:59:32 INFO    Barriendo Fuenzalida Propiedades (fuenzalida)…
22:59:37 DEBUG   [fuenzalida] 16 avisos vía tarjetas
22:59:38 WARNING [toctoc] https://www.toctoc.com/arriendo/departamento/metropolitana/vitacura/4-dormitorios falló: Page.content: Unable to retrieve content because the page is navigating and changing the content.
22:59:38 WARNING   toctoc: Page.content: Unable to retrieve content because the page is navigating and changing the content.
22:59:38 INFO      toctoc: 54 avisos en 59s
22:59:38 INFO    Barriendo Century 21 Chile (century21)…
22:59:39 INFO      century21: 0 avisos en 1s
22:59:39 INFO    Barriendo Property Partners (propertypartners)…
22:59:39 DEBUG   La red no quedó en silencio en https://houm.com/cl/arriendo-departamento-región-metropolitana/lo-barnechea/74201; se lee igual
22:59:40 DEBUG   [propertypartners] 1 avisos vía tarjetas
22:59:40 INFO      propertypartners: 1 avisos en 0s
22:59:40 INFO    Barriendo Acceso Inmobiliario (accesoinmobiliario)…
22:59:40 DEBUG   [houm] 1 avisos vía estado-embebido
22:59:41 DEBUG   [goplaceit] 30 avisos vía json-ld
22:59:42 DEBUG   [fuenzalida] 20 avisos vía tarjetas
22:59:43 DEBUG   [accesoinmobiliario] 15 avisos vía tarjetas
22:59:46 DEBUG   [fuenzalida] 20 avisos vía tarjetas
22:59:46 INFO      fuenzalida: 56 avisos en 15s
22:59:46 INFO    Barriendo Magnolia Property (magnoliaproperty)…
22:59:47 DEBUG   [magnoliaproperty] 6 avisos vía tarjetas
22:59:47 INFO      magnoliaproperty: 6 avisos en 1s
22:59:47 INFO    Barriendo Portilla Propiedades (portillapropiedades)…
22:59:47 DEBUG   [portillapropiedades] 2 avisos vía tarjetas
22:59:47 INFO      portillapropiedades: 2 avisos en 1s
22:59:47 INFO    Barriendo Nativo Propiedades (nativopropiedades)…
22:59:48 DEBUG   La red no quedó en silencio en https://houm.com/cl/arriendo-departamento-región-metropolitana/recoleta/179872; se lee igual
22:59:48 DEBUG   [houm] 1 avisos vía estado-embebido
22:59:48 DEBUG   [nativopropiedades] 10 avisos vía tarjetas
22:59:48 INFO      nativopropiedades: 10 avisos en 1s
22:59:48 INFO    Barriendo Enlace Inmobiliario (enlaceinmobiliario)…
22:59:48 WARNING https://www.enlaceinmobiliario.cl/ respondió 403
22:59:48 INFO    [enlaceinmobiliario] https://www.enlaceinmobiliario.cl/ rebotó al GET; se reintenta con navegador
22:59:57 DEBUG   La red no quedó en silencio en https://houm.com/cl/arriendo-departamento-región-metropolitana/recoleta/178185; se lee igual
22:59:57 DEBUG   [houm] 1 avisos vía estado-embebido
22:59:58 DEBUG   La red no quedó en silencio en https://www.enlaceinmobiliario.cl/; se lee igual
22:59:58 INFO      enlaceinmobiliario: 0 avisos en 10s
22:59:58 INFO    Barriendo Rentas.cl (rentas_cl)…
23:00:01 DEBUG   [rentas_cl] 1 avisos vía json-ld
23:00:01 INFO      rentas_cl: 1 avisos en 2s
23:00:01 INFO    Barriendo Arriendos.cl (arriendos_cl)…
23:00:02 DEBUG   [arriendos_cl] 1 avisos vía tarjetas
23:00:02 INFO      arriendos_cl: 1 avisos en 1s
23:00:02 INFO    Barriendo Propiedades.cl (propiedades_cl)…
23:00:03 DEBUG   [propiedades_cl] 6 avisos vía tarjetas
23:00:03 INFO      propiedades_cl: 6 avisos en 1s
23:00:03 INFO    Barriendo Clasificados.cl (clasificados_cl)…
23:00:07 DEBUG   La red no quedó en silencio en https://houm.com/cl/arriendo-departamento-región-metropolitana/recoleta/176207; se lee igual
23:00:07 DEBUG   [houm] 1 avisos vía estado-embebido
23:00:09 INFO      accesoinmobiliario: 15 avisos en 30s
23:00:16 DEBUG   La red no quedó en silencio en https://houm.com/cl/arriendo-departamento-región-metropolitana/las-condes/177842; se lee igual
23:00:17 DEBUG   [houm] 1 avisos vía estado-embebido
23:00:19 INFO      clasificados_cl: 0 avisos en 16s
23:00:21 DEBUG   [goplaceit] 30 avisos vía json-ld
23:00:24 DEBUG   La red no quedó en silencio en https://houm.com/cl/arriendo-departamento-región-metropolitana/recoleta/176958; se lee igual
23:00:25 DEBUG   [houm] 1 avisos vía estado-embebido
23:00:32 DEBUG   La red no quedó en silencio en https://houm.com/cl/arriendo-departamento-región-metropolitana/recoleta/90462; se lee igual
23:00:32 DEBUG   [houm] 1 avisos vía estado-embebido
23:00:32 INFO      houm: 36 avisos en 90s
23:00:44 INFO      goplaceit: 90 avisos en 126s
23:00:44 INFO    Total crudo: 540 avisos
23:00:44 INFO    Después de deduplicar: 392
23:00:45 INFO    Pasaron los filtros: 50
23:01:20 DEBUG   [doomos] 18 avisos vía tarjetas
23:01:20 DEBUG   Ficha de YVT22 sin candidato propio; no se fusiona
23:01:21 DEBUG   Ficha de HW5MX sin candidato propio; no se fusiona
23:01:28 DEBUG   La red no quedó en silencio en https://www.toctoc.com/arriendo/departamento/metropolitana/vitacura/b_e80645cb60ab60b8fef8813a1dff931f17eccc68; se lee igual
23:01:44 DEBUG   [doomos] 27 avisos vía tarjetas
23:01:44 DEBUG   Ficha de U44VT sin candidato propio; no se fusiona
23:02:04 WARNING Error en https://www.doomos.cl/de/1379469_vitacura-depto-amoblado-3-dorm-2-banos-ser-y-estar.html (intento 1/3): HTTPSConnectionPool(host='www.doomos.cl', port=443): Read timed out. (read timeout=20)
23:02:27 WARNING Error en https://www.doomos.cl/de/1379469_vitacura-depto-amoblado-3-dorm-2-banos-ser-y-estar.html (intento 2/3): HTTPSConnectionPool(host='www.doomos.cl', port=443): Read timed out. (read timeout=20)
23:02:51 WARNING Error en https://www.doomos.cl/de/1379469_vitacura-depto-amoblado-3-dorm-2-banos-ser-y-estar.html (intento 3/3): HTTPSConnectionPool(host='www.doomos.cl', port=443): Read timed out. (read timeout=20)
23:03:11 WARNING Error en https://www.doomos.cl/de/1379469_vitacura-depto-amoblado-3-dorm-2-banos-ser-y-estar.html (intento 1/3): HTTPSConnectionPool(host='www.doomos.cl', port=443): Read timed out. (read timeout=20)
23:03:33 WARNING Error en https://www.doomos.cl/de/1379469_vitacura-depto-amoblado-3-dorm-2-banos-ser-y-estar.html (intento 2/3): HTTPSConnectionPool(host='www.doomos.cl', port=443): Read timed out. (read timeout=20)
23:03:57 WARNING Error en https://www.doomos.cl/de/1379469_vitacura-depto-amoblado-3-dorm-2-banos-ser-y-estar.html (intento 3/3): HTTPSConnectionPool(host='www.doomos.cl', port=443): Read timed out. (read timeout=20)
23:04:17 WARNING Error en https://www.doomos.cl/de/3060819_arriendo-departamento-2hab-2ba-vitacura.html (intento 1/3): HTTPSConnectionPool(host='www.doomos.cl', port=443): Read timed out. (read timeout=20)
23:04:39 WARNING Error en https://www.doomos.cl/de/3060819_arriendo-departamento-2hab-2ba-vitacura.html (intento 2/3): HTTPSConnectionPool(host='www.doomos.cl', port=443): Read timed out. (read timeout=20)
23:05:03 WARNING Error en https://www.doomos.cl/de/3060819_arriendo-departamento-2hab-2ba-vitacura.html (intento 3/3): HTTPSConnectionPool(host='www.doomos.cl', port=443): Read timed out. (read timeout=20)
23:05:23 WARNING Error en https://www.doomos.cl/de/2168989_estupendo-depto-excelente-ubicacion-vitacura.html (intento 1/3): HTTPSConnectionPool(host='www.doomos.cl', port=443): Read timed out. (read timeout=20)
23:05:46 WARNING Error en https://www.doomos.cl/de/2168989_estupendo-depto-excelente-ubicacion-vitacura.html (intento 2/3): HTTPSConnectionPool(host='www.doomos.cl', port=443): Read timed out. (read timeout=20)
23:06:08 DEBUG   [doomos] 27 avisos vía tarjetas
23:06:08 DEBUG   Ficha de ZWNAN sin candidato propio; no se fusiona
23:06:08 DEBUG   [busconido] 10 avisos vía tarjetas
23:06:08 DEBUG   Ficha de 6669H sin candidato propio; no se fusiona
23:06:28 WARNING Error en https://www.doomos.cl/de/3070749_arriendo-departamento-3hab-3ba-vitacura.html (intento 1/3): HTTPSConnectionPool(host='www.doomos.cl', port=443): Read timed out. (read timeout=20)
23:06:50 WARNING Error en https://www.doomos.cl/de/3070749_arriendo-departamento-3hab-3ba-vitacura.html (intento 2/3): HTTPSConnectionPool(host='www.doomos.cl', port=443): Read timed out. (read timeout=20)
23:07:15 WARNING Error en https://www.doomos.cl/de/3070749_arriendo-departamento-3hab-3ba-vitacura.html (intento 3/3): HTTPSConnectionPool(host='www.doomos.cl', port=443): Read timed out. (read timeout=20)
23:07:22 DEBUG   La red no quedó en silencio en https://www.toctoc.com/arriendo/departamento/metropolitana/vitacura/b_c4be107ad31f48717bdfa13c9fbb5ce9bff27315; se lee igual
23:07:27 DEBUG   [busconido] 10 avisos vía tarjetas
23:07:27 DEBUG   Ficha de 4TBZ6 sin candidato propio; no se fusiona
23:07:29 DEBUG   [busconido] 10 avisos vía tarjetas
23:07:29 DEBUG   Ficha de HAZYC sin candidato propio; no se fusiona
23:07:31 DEBUG   [busconido] 11 avisos vía tarjetas
23:07:31 DEBUG   Ficha de RBUTV sin candidato propio; no se fusiona
23:07:35 INFO    Enriquecido y descartado: YAVJA (arriendo de $3.517.371 sobre el máximo negociable de $1.904.000)
23:07:47 INFO    Enriquecido y descartado: CC2AY (arriendo de $2.032.258 sobre el máximo negociable de $1.904.000)
23:08:07 WARNING Error en https://www.doomos.cl/de/1465886_arriendo-departamento-en-av-kennedy-vitacura.html (intento 1/3): HTTPSConnectionPool(host='www.doomos.cl', port=443): Read timed out. (read timeout=20)
23:08:29 WARNING Error en https://www.doomos.cl/de/1465886_arriendo-departamento-en-av-kennedy-vitacura.html (intento 2/3): HTTPSConnectionPool(host='www.doomos.cl', port=443): Read timed out. (read timeout=20)
23:08:53 WARNING Error en https://www.doomos.cl/de/1465886_arriendo-departamento-en-av-kennedy-vitacura.html (intento 3/3): HTTPSConnectionPool(host='www.doomos.cl', port=443): Read timed out. (read timeout=20)
23:08:53 WARNING robots.txt no permite https://www.nuroa.cl/adform/10342-912-101d5-1a0ff48-a45a-2e1434470692-7ad1?click_type=0&pos=16&searchType=1&page=1&section=1&t_sec=1&sectionType=1&pageViewId=c18f36fe-1b4a-4fef-8279-e7d55ef3dbd5&t_pvid=c18f36fe-1b4a-4fef-8279-e7d55ef3dbd5&userAgent=Mozilla%2F5.0+%28compatible%3B+radar-arriendos%2F1.0%3B+uso+personal%2C+busqueda+de+arriendo%3B+%2Bhttps%3A%2F%2Fgithub.com%2Falfonsoandona%2Farriendos-vitacura%29&browser=1&isHuman=true&userIp=52.165.213.182&what=vitacura+departamento&search_terms=vitacura+departamento&origin=1&t_or=1&splitTestId=0 — se omite
23:09:01 DEBUG   [engelvoelkers] 1 avisos vía json-ld
23:09:26 WARNING Error en https://www.doomos.cl/de/2168989_estupendo-depto-excelente-ubicacion-vitacura.html (intento 1/3): HTTPSConnectionPool(host='www.doomos.cl', port=443): Read timed out. (read timeout=20)
23:09:48 WARNING Error en https://www.doomos.cl/de/2168989_estupendo-depto-excelente-ubicacion-vitacura.html (intento 2/3): HTTPSConnectionPool(host='www.doomos.cl', port=443): Read timed out. (read timeout=20)
23:10:12 WARNING Error en https://www.doomos.cl/de/2168989_estupendo-depto-excelente-ubicacion-vitacura.html (intento 3/3): HTTPSConnectionPool(host='www.doomos.cl', port=443): Read timed out. (read timeout=20)
23:10:18 DEBUG   [toctoc] 1 avisos vía estado-embebido
23:10:25 DEBUG   [toctoc] 1 avisos vía estado-embebido
23:10:32 DEBUG   La red no quedó en silencio en https://www.toctoc.com/arriendo/departamento/metropolitana/vitacura/o_8e1fe6e00d197403a401ae5bbd160793bac49116; se lee igual
23:10:43 DEBUG   [toctoc] 1 avisos vía estado-embebido
23:10:47 WARNING robots.txt no permite https://www.nuroa.cl/adform/10342-912-bb8f-1a0f9f6-abb2-77f6c1d45b3f-7ce9?click_type=0&pos=23&searchType=2&page=1&section=1&t_sec=1&sectionType=1&pageViewId=c18f36fe-1b4a-4fef-8279-e7d55ef3dbd5&t_pvid=c18f36fe-1b4a-4fef-8279-e7d55ef3dbd5&userAgent=Mozilla%2F5.0+%28compatible%3B+radar-arriendos%2F1.0%3B+uso+personal%2C+busqueda+de+arriendo%3B+%2Bhttps%3A%2F%2Fgithub.com%2Falfonsoandona%2Farriendos-vitacura%29&browser=1&isHuman=true&userIp=52.165.213.182&what=vitacura+departamento&search_terms=vitacura+departamento&origin=1&t_or=1&splitTestId=0 — se omite
23:10:47 WARNING robots.txt no permite https://www.nuroa.cl/adform/10342-912-4d50-1a0e30c-9b06-5d5e6067edc0-77f6?click_type=0&pos=17&searchType=2&page=1&section=1&t_sec=1&sectionType=1&pageViewId=c18f36fe-1b4a-4fef-8279-e7d55ef3dbd5&t_pvid=c18f36fe-1b4a-4fef-8279-e7d55ef3dbd5&userAgent=Mozilla%2F5.0+%28compatible%3B+radar-arriendos%2F1.0%3B+uso+personal%2C+busqueda+de+arriendo%3B+%2Bhttps%3A%2F%2Fgithub.com%2Falfonsoandona%2Farriendos-vitacura%29&browser=1&isHuman=true&userIp=52.165.213.182&what=vitacura+departamento&search_terms=vitacura+departamento&origin=1&t_or=1&splitTestId=0 — se omite
23:10:52 DEBUG   [toctoc] 1 avisos vía estado-embebido
23:11:15 INFO    Enriquecido y descartado: 75BRH (arriendo de $2.149.504 sobre el máximo negociable de $1.904.000)
23:11:19 INFO    Enriquecido y descartado: 75BRH (arriendo de $1.954.095 sobre el máximo negociable de $1.904.000)
23:11:37 DEBUG   La red no quedó en silencio en https://www.toctoc.com/arriendo/departamento/metropolitana/vitacura/b_8d7cfebe1062033f05e1df1296cb8647a46a8d1b; se lee igual
23:11:46 WARNING robots.txt no permite https://www.nuroa.cl/adform/10342-912-3e9b-1a0e30e-bd4c-4f30fb45531b-7a22?click_type=0&pos=22&searchType=1&page=1&section=1&t_sec=1&sectionType=1&pageViewId=c18f36fe-1b4a-4fef-8279-e7d55ef3dbd5&t_pvid=c18f36fe-1b4a-4fef-8279-e7d55ef3dbd5&userAgent=Mozilla%2F5.0+%28compatible%3B+radar-arriendos%2F1.0%3B+uso+personal%2C+busqueda+de+arriendo%3B+%2Bhttps%3A%2F%2Fgithub.com%2Falfonsoandona%2Farriendos-vitacura%29&browser=1&isHuman=true&userIp=52.165.213.182&what=vitacura+departamento&search_terms=vitacura+departamento&origin=1&t_or=1&splitTestId=0 — se omite
23:11:46 WARNING robots.txt no permite https://www.nuroa.cl/adform/10342-912-e7f8-1a0a016-97e0-4460cb69457-7a3c?click_type=0&pos=1&searchType=1&page=4&section=1&t_sec=1&sectionType=1&pageViewId=b2541a0a-7f92-4256-9cf9-2495e8527601&t_pvid=b2541a0a-7f92-4256-9cf9-2495e8527601&userAgent=Mozilla%2F5.0+%28compatible%3B+radar-arriendos%2F1.0%3B+uso+personal%2C+busqueda+de+arriendo%3B+%2Bhttps%3A%2F%2Fgithub.com%2Falfonsoandona%2Farriendos-vitacura%29&browser=1&isHuman=true&userIp=52.165.213.182&what=vitacura+departamento&search_terms=vitacura+departamento&origin=1&t_or=1&splitTestId=0 — se omite
23:11:50 INFO    Enriquecido y descartado: 75BRH (arriendo de $4.299.009 sobre el máximo negociable de $1.904.000)
23:11:54 INFO    Fichas leídas: 50 — 0 ganaron el año, 0 la dirección; 5 se descartaron al verlas (0 por viejos)
23:11:55 INFO    Listo: 0 avisados de 45 candidatos
