15:35:38 INFO    UF = $40.885.63 (API del día)
15:35:38 INFO    Barriendo TocToc (toctoc)…
15:35:38 INFO    Barriendo Chilepropiedades (chilepropiedades)…
15:35:38 INFO    Barriendo GoPlaceIt (goplaceit)…
15:35:38 INFO    Barriendo Yapo (yapo)…
15:35:39 DEBUG   [chilepropiedades] 10 avisos vía tarjetas
15:35:41 DEBUG   [chilepropiedades] 10 avisos vía tarjetas
15:35:41 INFO      yapo: 0 avisos en 3s
15:35:41 INFO    Barriendo BuscoNido (busconido)…
15:35:42 DEBUG   [busconido] 23 avisos vía tarjetas
15:35:42 INFO      busconido: 23 avisos en 1s
15:35:42 INFO    Barriendo BienesOnline (bienesonline)…
15:35:42 DEBUG   [goplaceit] 30 avisos vía json-ld
15:35:43 DEBUG   [chilepropiedades] 10 avisos vía tarjetas
15:35:43 DEBUG   [bienesonline] 10 avisos vía tarjetas
15:35:43 INFO      bienesonline: 10 avisos en 1s
15:35:43 INFO    Barriendo Economicos (El Mercurio) (economicos)…
15:35:43 INFO      chilepropiedades: 30 avisos en 5s
15:35:43 INFO    Barriendo iCasas (icasas)…
15:35:44 WARNING https://www.economicos.cl/search/propiedades/vitacura/arriendo/departamento/0 respondió 403
15:35:44 INFO    [economicos] https://www.economicos.cl/search/propiedades/vitacura/arriendo/departamento/0 rebotó al GET; se reintenta con navegador
15:35:44 DEBUG   [icasas] 15 avisos vía tarjetas
15:35:46 DEBUG   [icasas] 15 avisos vía tarjetas
15:35:46 INFO      icasas: 30 avisos en 2s
15:35:46 INFO    Barriendo Doomos (doomos)…
15:35:46 WARNING https://www.doomos.cl/departamentos-vitacura-arriendo respondió 403
15:35:46 INFO    [doomos] https://www.doomos.cl/departamentos-vitacura-arriendo rebotó al GET; se reintenta con navegador
15:35:46 DEBUG   [toctoc] 20 avisos vía json-ld
15:35:48 INFO      economicos: 0 avisos en 4s
15:35:48 INFO    Barriendo Top Propiedades (toppropiedades)…
15:35:48 INFO      doomos: 0 avisos en 2s
15:35:48 INFO    Barriendo Nuroa (nuroa)…
15:35:49 DEBUG   Encoding detection: ascii is most likely the one.
15:35:50 DEBUG   [nuroa] 25 avisos vía json-ld
15:35:51 DEBUG   [toppropiedades] 1 avisos vía json-ld
15:35:52 DEBUG   [nuroa] 25 avisos vía json-ld
15:35:53 DEBUG   [toppropiedades] 1 avisos vía json-ld
15:35:54 DEBUG   [nuroa] 25 avisos vía json-ld
15:35:54 DEBUG   [toctoc] 20 avisos vía json-ld
15:35:55 DEBUG   [toppropiedades] 1 avisos vía json-ld
15:35:56 DEBUG   [nuroa] 25 avisos vía json-ld
15:35:56 INFO      nuroa: 100 avisos en 8s
15:35:56 INFO    Barriendo Mitula (mitula)…
15:35:57 DEBUG   [toppropiedades] 1 avisos vía json-ld
15:35:59 DEBUG   [mitula] 30 avisos vía json-ld
15:35:59 DEBUG   [toppropiedades] 1 avisos vía json-ld
15:36:01 DEBUG   [mitula] 30 avisos vía json-ld
15:36:01 INFO      mitula: 60 avisos en 5s
15:36:01 INFO    Barriendo Houm (houm)…
15:36:01 DEBUG   [toppropiedades] 1 avisos vía json-ld
15:36:02 DEBUG   La red no quedó en silencio en https://www.toctoc.com/arriendo/departamento/metropolitana/vitacura/3-dormitorios?pagina=3; se lee igual
15:36:02 DEBUG   [toctoc] 20 avisos vía json-ld
15:36:03 DEBUG   [toppropiedades] 1 avisos vía json-ld
15:36:05 DEBUG   [toppropiedades] 1 avisos vía json-ld
15:36:05 INFO      toppropiedades: 8 avisos en 18s
15:36:05 INFO    Barriendo Hey! Homes (heyhomes)…
15:36:08 DEBUG   [heyhomes] 9 avisos vía tarjetas
15:36:08 INFO      heyhomes: 9 avisos en 3s
15:36:08 INFO    Barriendo Engel & Völkers (engelvoelkers)…
15:36:10 DEBUG   La red no quedó en silencio en https://houm.com/cl/arriendo-departamentos-region-metropolitana/vitacura/3-dormitorios; se lee igual
15:36:10 DEBUG   [houm] 28 avisos vía json-ld
15:36:12 DEBUG   [toctoc] 20 avisos vía json-ld
15:36:16 DEBUG   [engelvoelkers] 16 avisos vía tarjetas
15:36:16 INFO      engelvoelkers: 16 avisos en 8s
15:36:16 INFO    Barriendo RE/MAX Chile (remax)…
15:36:21 DEBUG   La red no quedó en silencio en https://houm.com/cl/arriendo-departamento-región-metropolitana/las-condes/170742; se lee igual
15:36:21 DEBUG   [houm] 1 avisos vía estado-embebido
15:36:22 DEBUG   [toctoc] 20 avisos vía json-ld
15:36:24 DEBUG   [goplaceit] 30 avisos vía json-ld
15:36:27 INFO      remax: 0 avisos en 11s
15:36:27 INFO    Barriendo Fuenzalida Propiedades (fuenzalida)…
15:36:30 DEBUG   [fuenzalida] 16 avisos vía tarjetas
15:36:31 DEBUG   La red no quedó en silencio en https://houm.com/cl/arriendo-departamento-región-metropolitana/las-condes/175757; se lee igual
15:36:32 DEBUG   [houm] 1 avisos vía estado-embebido
15:36:33 DEBUG   [fuenzalida] 20 avisos vía tarjetas
15:36:33 DEBUG   [toctoc] 3 avisos vía json-ld
15:36:33 INFO      toctoc: 103 avisos en 55s
15:36:33 INFO    Barriendo Century 21 Chile (century21)…
15:36:35 INFO      century21: 0 avisos en 1s
15:36:35 INFO    Barriendo Property Partners (propertypartners)…
15:36:36 DEBUG   [propertypartners] 1 avisos vía tarjetas
15:36:36 INFO      propertypartners: 1 avisos en 1s
15:36:36 INFO    Barriendo Acceso Inmobiliario (accesoinmobiliario)…
15:36:36 DEBUG   [fuenzalida] 20 avisos vía tarjetas
15:36:36 INFO      fuenzalida: 56 avisos en 8s
15:36:36 INFO    Barriendo Magnolia Property (magnoliaproperty)…
15:36:36 DEBUG   [magnoliaproperty] 6 avisos vía tarjetas
15:36:36 INFO      magnoliaproperty: 6 avisos en 1s
15:36:36 INFO    Barriendo Portilla Propiedades (portillapropiedades)…
15:36:37 DEBUG   [portillapropiedades] 2 avisos vía tarjetas
15:36:37 INFO      portillapropiedades: 2 avisos en 1s
15:36:37 INFO    Barriendo Nativo Propiedades (nativopropiedades)…
15:36:38 DEBUG   [nativopropiedades] 10 avisos vía tarjetas
15:36:38 INFO      nativopropiedades: 10 avisos en 1s
15:36:38 INFO    Barriendo Enlace Inmobiliario (enlaceinmobiliario)…
15:36:38 WARNING https://www.enlaceinmobiliario.cl/ respondió 403
15:36:38 INFO    [enlaceinmobiliario] https://www.enlaceinmobiliario.cl/ rebotó al GET; se reintenta con navegador
15:36:40 DEBUG   [accesoinmobiliario] 14 avisos vía tarjetas
15:36:41 DEBUG   La red no quedó en silencio en https://houm.com/cl/arriendo-departamento-región-metropolitana/ñuñoa/164010; se lee igual
15:36:41 DEBUG   [houm] 1 avisos vía estado-embebido
15:36:46 INFO      enlaceinmobiliario: 0 avisos en 8s
15:36:46 INFO    Barriendo Rentas.cl (rentas_cl)…
15:36:48 DEBUG   [rentas_cl] 1 avisos vía json-ld
15:36:48 INFO      rentas_cl: 1 avisos en 2s
15:36:48 INFO    Barriendo Arriendos.cl (arriendos_cl)…
15:36:49 INFO      arriendos_cl: 0 avisos en 1s
15:36:49 INFO    Barriendo Propiedades.cl (propiedades_cl)…
15:36:50 DEBUG   [propiedades_cl] 6 avisos vía tarjetas
15:36:50 INFO      propiedades_cl: 6 avisos en 0s
15:36:50 INFO    Barriendo Clasificados.cl (clasificados_cl)…
15:36:52 INFO      clasificados_cl: 0 avisos en 3s
15:36:55 DEBUG   La red no quedó en silencio en https://houm.com/cl/arriendo-departamento-región-metropolitana/providencia/175947; se lee igual
15:36:55 DEBUG   [houm] 1 avisos vía estado-embebido
15:37:05 INFO      accesoinmobiliario: 14 avisos en 29s
15:37:05 DEBUG   La red no quedó en silencio en https://houm.com/cl/arriendo-departamento-región-metropolitana/ñuñoa/174379; se lee igual
15:37:05 DEBUG   [houm] 1 avisos vía estado-embebido
15:37:11 DEBUG   [goplaceit] 30 avisos vía json-ld
15:37:13 DEBUG   La red no quedó en silencio en https://houm.com/cl/arriendo-departamento-región-metropolitana/recoleta/178185; se lee igual
15:37:13 DEBUG   [houm] 1 avisos vía estado-embebido
15:37:20 DEBUG   La red no quedó en silencio en https://houm.com/cl/arriendo-departamento-región-metropolitana/las-condes/177842; se lee igual
15:37:20 DEBUG   [houm] 1 avisos vía estado-embebido
15:37:28 DEBUG   La red no quedó en silencio en https://houm.com/cl/arriendo-departamento-región-metropolitana/recoleta/176958; se lee igual
15:37:28 DEBUG   [houm] 1 avisos vía estado-embebido
15:37:28 INFO      houm: 36 avisos en 87s
15:37:34 INFO      goplaceit: 90 avisos en 116s
15:37:34 INFO    Total crudo: 611 avisos
15:37:35 INFO    Después de deduplicar: 391
15:37:35 INFO    Pasaron los filtros: 37
15:37:58 DEBUG   Ficha de HW5MX sin candidato propio; no se fusiona
15:38:04 DEBUG   [toctoc] 1 avisos vía estado-embebido
15:38:04 DEBUG   [busconido] 10 avisos vía tarjetas
15:38:04 DEBUG   Ficha de R5TRQ sin candidato propio; no se fusiona
15:38:06 DEBUG   [busconido] 11 avisos vía tarjetas
15:38:06 DEBUG   Ficha de YXYA8 sin candidato propio; no se fusiona
15:38:10 INFO    Enriquecido y descartado: YAVJA (arriendo de $3.517.371 sobre el máximo negociable de $1.904.000)
15:38:14 INFO    Enriquecido y descartado: CC2AY (arriendo de $2.032.258 sobre el máximo negociable de $1.904.000)
15:38:14 DEBUG   [busconido] 10 avisos vía tarjetas
15:38:14 DEBUG   Ficha de 5EFJD sin candidato propio; no se fusiona
15:38:20 DEBUG   [toctoc] 1 avisos vía estado-embebido
15:38:29 DEBUG   [engelvoelkers] 1 avisos vía json-ld
15:38:35 DEBUG   [toctoc] 1 avisos vía estado-embebido
15:38:40 DEBUG   [toctoc] 1 avisos vía estado-embebido
15:38:51 DEBUG   [toctoc] 1 avisos vía estado-embebido
15:38:57 DEBUG   [toctoc] 1 avisos vía estado-embebido
15:39:05 DEBUG   La red no quedó en silencio en https://www.toctoc.com/arriendo/departamento/metropolitana/vitacura/b_8c9ee4012cd3abae9a346f5c20131ca3ab90095d; se lee igual
15:39:11 DEBUG   [toctoc] 1 avisos vía estado-embebido
15:39:16 DEBUG   [toctoc] 1 avisos vía estado-embebido
15:39:20 INFO    Enriquecido y descartado: 75BRH (arriendo de $2.931.142 sobre el máximo negociable de $1.904.000)
15:39:45 INFO    Enriquecido y descartado: 75BRH (arriendo de $1.954.095 sobre el máximo negociable de $1.904.000)
15:39:49 DEBUG   Ficha de 75BRH sin candidato propio; no se fusiona
15:39:52 DEBUG   Ficha de 75BRH sin candidato propio; no se fusiona
15:39:55 DEBUG   Ficha de 75BRH sin candidato propio; no se fusiona
15:40:00 DEBUG   [toctoc] 1 avisos vía estado-embebido
15:40:04 DEBUG   Ficha de 75BRH sin candidato propio; no se fusiona
15:40:09 DEBUG   [toctoc] 1 avisos vía estado-embebido
15:40:16 DEBUG   [toctoc] 1 avisos vía estado-embebido
15:40:20 DEBUG   Ficha de 75BRH sin candidato propio; no se fusiona
15:40:23 DEBUG   Ficha de 75BRH sin candidato propio; no se fusiona
15:40:23 INFO    Fichas leídas: 37 — 0 ganaron el año, 0 la dirección; 4 se descartaron al verlas (0 por viejos)
15:40:25 INFO    Listo: 0 avisados de 33 candidatos
