19:21:34 INFO    UF = $40.901.94 (API del día)
19:21:34 INFO    Barriendo TocToc (toctoc)…
19:21:34 INFO    Barriendo Chilepropiedades (chilepropiedades)…
19:21:34 INFO    Barriendo GoPlaceIt (goplaceit)…
19:21:34 INFO    Barriendo Yapo (yapo)…
19:21:34 DEBUG   [chilepropiedades] 10 avisos vía tarjetas
19:21:35 INFO      yapo: 0 avisos en 2s
19:21:35 INFO    Barriendo BuscoNido (busconido)…
19:21:36 DEBUG   [chilepropiedades] 10 avisos vía tarjetas
19:21:36 DEBUG   [busconido] 23 avisos vía tarjetas
19:21:36 INFO      busconido: 23 avisos en 1s
19:21:36 INFO    Barriendo BienesOnline (bienesonline)…
19:21:37 DEBUG   [bienesonline] 9 avisos vía tarjetas
19:21:37 INFO      bienesonline: 9 avisos en 1s
19:21:37 INFO    Barriendo Economicos (El Mercurio) (economicos)…
19:21:37 WARNING https://www.economicos.cl/search/propiedades/vitacura/arriendo/departamento/0 respondió 403
19:21:38 INFO    [economicos] https://www.economicos.cl/search/propiedades/vitacura/arriendo/departamento/0 rebotó al GET; se reintenta con navegador
19:21:38 DEBUG   [goplaceit] 30 avisos vía json-ld
19:21:38 DEBUG   [chilepropiedades] 10 avisos vía tarjetas
19:21:38 INFO      chilepropiedades: 30 avisos en 4s
19:21:38 INFO    Barriendo iCasas (icasas)…
19:21:39 DEBUG   [icasas] 15 avisos vía tarjetas
19:21:39 INFO      economicos: 0 avisos en 2s
19:21:39 INFO    Barriendo Doomos (doomos)…
19:21:39 WARNING https://www.doomos.cl/departamentos-vitacura-arriendo respondió 403
19:21:39 INFO    [doomos] https://www.doomos.cl/departamentos-vitacura-arriendo rebotó al GET; se reintenta con navegador
19:21:41 DEBUG   [icasas] 15 avisos vía tarjetas
19:21:41 INFO      icasas: 30 avisos en 3s
19:21:41 INFO    Barriendo Top Propiedades (toppropiedades)…
19:21:41 DEBUG   La red no quedó en silencio en https://www.toctoc.com/arriendo/departamento/metropolitana/vitacura/3-dormitorios; se lee igual
19:21:42 DEBUG   [toctoc] 20 avisos vía json-ld
19:21:43 INFO      doomos: 0 avisos en 4s
19:21:43 INFO    Barriendo Nuroa (nuroa)…
19:21:44 DEBUG   Encoding detection: ascii is most likely the one.
19:21:45 DEBUG   [toppropiedades] 1 avisos vía json-ld
19:21:45 DEBUG   [nuroa] 25 avisos vía json-ld
19:21:46 DEBUG   La red no quedó en silencio en https://www.goplaceit.com/cl/propiedad/arriendo/departamento/vitacura/11862019-departamento-en-arriendo-en-vitacura?source=perfil-comuna; se lee igual
19:21:47 DEBUG   [toppropiedades] 1 avisos vía json-ld
19:21:47 DEBUG   [nuroa] 25 avisos vía json-ld
19:21:49 DEBUG   [toppropiedades] 1 avisos vía json-ld
19:21:49 DEBUG   [nuroa] 25 avisos vía json-ld
19:21:50 DEBUG   [toctoc] 20 avisos vía json-ld
19:21:51 DEBUG   [toppropiedades] 1 avisos vía json-ld
19:21:51 DEBUG   [nuroa] 25 avisos vía json-ld
19:21:51 INFO      nuroa: 100 avisos en 8s
19:21:51 INFO    Barriendo Mitula (mitula)…
19:21:53 DEBUG   [mitula] 30 avisos vía json-ld
19:21:53 DEBUG   [toppropiedades] 1 avisos vía json-ld
19:21:55 DEBUG   [toppropiedades] 1 avisos vía json-ld
19:21:55 DEBUG   [mitula] 30 avisos vía json-ld
19:21:55 INFO      mitula: 60 avisos en 4s
19:21:55 INFO    Barriendo Houm (houm)…
19:21:57 DEBUG   [toppropiedades] 1 avisos vía json-ld
19:21:57 DEBUG   La red no quedó en silencio en https://www.toctoc.com/arriendo/departamento/metropolitana/vitacura/3-dormitorios?pagina=3; se lee igual
19:21:57 DEBUG   [toctoc] 20 avisos vía json-ld
19:21:59 DEBUG   [toppropiedades] 1 avisos vía json-ld
19:21:59 INFO      toppropiedades: 8 avisos en 18s
19:21:59 INFO    Barriendo Hey! Homes (heyhomes)…
19:22:01 DEBUG   [heyhomes] 9 avisos vía tarjetas
19:22:01 INFO      heyhomes: 9 avisos en 3s
19:22:01 INFO    Barriendo Engel & Völkers (engelvoelkers)…
19:22:04 DEBUG   La red no quedó en silencio en https://houm.com/cl/arriendo-departamentos-region-metropolitana/vitacura/3-dormitorios; se lee igual
19:22:05 DEBUG   [houm] 28 avisos vía json-ld
19:22:06 DEBUG   [toctoc] 20 avisos vía json-ld
19:22:10 DEBUG   [engelvoelkers] 17 avisos vía tarjetas
19:22:10 INFO      engelvoelkers: 17 avisos en 8s
19:22:10 INFO    Barriendo RE/MAX Chile (remax)…
19:22:16 DEBUG   La red no quedó en silencio en https://houm.com/cl/arriendo-departamento-región-metropolitana/las-condes/170742; se lee igual
19:22:16 DEBUG   La red no quedó en silencio en https://www.toctoc.com/arriendo/departamento/metropolitana/vitacura/4-dormitorios?pagina=2; se lee igual
19:22:16 DEBUG   [houm] 1 avisos vía estado-embebido
19:22:17 DEBUG   [toctoc] 20 avisos vía json-ld
19:22:24 DEBUG   La red no quedó en silencio en https://www.remax.cl/es-cl/busqueda/metropolitana-de-santiago/santiago/vitacura/residencial-departamento/arriendo/; se lee igual
19:22:25 DEBUG   [remax] 5 avisos vía tarjetas
19:22:28 DEBUG   La red no quedó en silencio en https://houm.com/cl/arriendo-departamento-región-metropolitana/las-condes/175757; se lee igual
19:22:28 DEBUG   [houm] 1 avisos vía estado-embebido
19:22:30 DEBUG   [toctoc] 1 avisos vía json-ld
19:22:30 INFO      toctoc: 101 avisos en 57s
19:22:30 INFO    Barriendo Fuenzalida Propiedades (fuenzalida)…
19:22:31 DEBUG   [goplaceit] 30 avisos vía json-ld
19:22:33 DEBUG   [fuenzalida] 16 avisos vía tarjetas
19:22:34 INFO      remax: 5 avisos en 24s
19:22:34 INFO    Barriendo Century 21 Chile (century21)…
19:22:36 INFO      century21: 0 avisos en 2s
19:22:36 INFO    Barriendo Property Partners (propertypartners)…
19:22:36 DEBUG   [propertypartners] 1 avisos vía tarjetas
19:22:36 INFO      propertypartners: 1 avisos en 0s
19:22:36 INFO    Barriendo Acceso Inmobiliario (accesoinmobiliario)…
19:22:37 DEBUG   [fuenzalida] 20 avisos vía tarjetas
19:22:38 DEBUG   La red no quedó en silencio en https://houm.com/cl/arriendo-departamento-región-metropolitana/ñuñoa/164010; se lee igual
19:22:38 DEBUG   [houm] 1 avisos vía estado-embebido
19:22:40 DEBUG   [fuenzalida] 20 avisos vía tarjetas
19:22:40 INFO      fuenzalida: 56 avisos en 10s
19:22:40 INFO    Barriendo Magnolia Property (magnoliaproperty)…
19:22:41 DEBUG   [magnoliaproperty] 7 avisos vía tarjetas
19:22:41 INFO      magnoliaproperty: 7 avisos en 1s
19:22:41 INFO    Barriendo Portilla Propiedades (portillapropiedades)…
19:22:41 DEBUG   [accesoinmobiliario] 16 avisos vía tarjetas
19:22:41 DEBUG   [portillapropiedades] 2 avisos vía tarjetas
19:22:41 INFO      portillapropiedades: 2 avisos en 0s
19:22:41 INFO    Barriendo Nativo Propiedades (nativopropiedades)…
19:22:42 DEBUG   [nativopropiedades] 10 avisos vía tarjetas
19:22:42 INFO      nativopropiedades: 10 avisos en 1s
19:22:42 INFO    Barriendo Enlace Inmobiliario (enlaceinmobiliario)…
19:22:42 WARNING https://www.enlaceinmobiliario.cl/ respondió 403
19:22:42 INFO    [enlaceinmobiliario] https://www.enlaceinmobiliario.cl/ rebotó al GET; se reintenta con navegador
19:22:48 DEBUG   La red no quedó en silencio en https://houm.com/cl/arriendo-departamento-región-metropolitana/lo-barnechea/74201; se lee igual
19:22:48 DEBUG   [houm] 1 avisos vía estado-embebido
19:22:49 INFO      enlaceinmobiliario: 0 avisos en 7s
19:22:49 INFO    Barriendo Rentas.cl (rentas_cl)…
19:22:51 DEBUG   [accesoinmobiliario] 1 avisos vía tarjetas
19:22:51 DEBUG   [rentas_cl] 1 avisos vía json-ld
19:22:51 INFO      rentas_cl: 1 avisos en 2s
19:22:51 INFO    Barriendo Arriendos.cl (arriendos_cl)…
19:22:52 INFO      arriendos_cl: 0 avisos en 1s
19:22:52 INFO    Barriendo Propiedades.cl (propiedades_cl)…
19:22:53 DEBUG   [propiedades_cl] 6 avisos vía tarjetas
19:22:53 INFO      propiedades_cl: 6 avisos en 1s
19:22:53 INFO    Barriendo Clasificados.cl (clasificados_cl)…
19:22:55 DEBUG   [accesoinmobiliario] 1 avisos vía tarjetas
19:22:56 DEBUG   [clasificados_cl] 1 avisos vía tarjetas
19:22:56 INFO      clasificados_cl: 1 avisos en 3s
19:22:58 DEBUG   La red no quedó en silencio en https://houm.com/cl/arriendo-departamento-región-metropolitana/providencia/175947; se lee igual
19:22:58 DEBUG   [houm] 1 avisos vía estado-embebido
19:23:06 DEBUG   La red no quedó en silencio en https://houm.com/cl/arriendo-departamento-región-metropolitana/ñuñoa/174379; se lee igual
19:23:06 DEBUG   [houm] 1 avisos vía estado-embebido
19:23:12 DEBUG   [accesoinmobiliario] 1 avisos vía tarjetas
19:23:14 DEBUG   La red no quedó en silencio en https://houm.com/cl/arriendo-departamento-región-metropolitana/recoleta/178185; se lee igual
19:23:14 DEBUG   [houm] 1 avisos vía estado-embebido
19:23:15 DEBUG   [goplaceit] 30 avisos vía json-ld
19:23:16 DEBUG   [accesoinmobiliario] 1 avisos vía tarjetas
19:23:22 DEBUG   La red no quedó en silencio en https://houm.com/cl/arriendo-departamento-región-metropolitana/las-condes/177842; se lee igual
19:23:22 DEBUG   [houm] 1 avisos vía estado-embebido
19:23:22 INFO      houm: 36 avisos en 87s
19:23:22 DEBUG   [accesoinmobiliario] 1 avisos vía tarjetas
19:23:22 INFO      accesoinmobiliario: 21 avisos en 46s
19:23:42 INFO      goplaceit: 90 avisos en 128s
19:23:42 INFO    Total crudo: 623 avisos
19:23:42 INFO    Después de deduplicar: 372
19:23:42 DEBUG   Libreta: juan de barros 3885 se construyó en 2018 (accesoinmobiliario)
19:23:42 INFO    Pasaron los filtros: 35
19:23:59 DEBUG   Ficha de HW5MX sin candidato propio; no se fusiona
19:24:04 DEBUG   [toctoc] 1 avisos vía estado-embebido
19:24:04 DEBUG   [busconido] 10 avisos vía tarjetas
19:24:04 DEBUG   Ficha de TKTCZ sin candidato propio; no se fusiona
19:24:06 DEBUG   [busconido] 10 avisos vía tarjetas
19:24:06 DEBUG   Ficha de ZKWUC sin candidato propio; no se fusiona
19:24:08 DEBUG   [busconido] 10 avisos vía tarjetas
19:24:08 DEBUG   Ficha de X4AHM sin candidato propio; no se fusiona
19:24:10 DEBUG   [busconido] 11 avisos vía tarjetas
19:24:10 DEBUG   Ficha de B7P2V sin candidato propio; no se fusiona
19:24:14 INFO    Enriquecido y descartado: YAVJA (arriendo de $3.517.371 sobre el máximo negociable de $1.904.000)
19:24:18 INFO    Enriquecido y descartado: CC2AY (arriendo de $2.032.258 sobre el máximo negociable de $1.904.000)
19:24:19 DEBUG   [busconido] 10 avisos vía tarjetas
19:24:19 DEBUG   Ficha de MV9WV sin candidato propio; no se fusiona
19:24:31 DEBUG   [engelvoelkers] 1 avisos vía json-ld
19:24:36 DEBUG   [toctoc] 1 avisos vía estado-embebido
19:24:45 DEBUG   [toctoc] 1 avisos vía estado-embebido
19:24:45 DEBUG   [chilepropiedades] 2 avisos vía json-ld
19:24:50 DEBUG   [toctoc] 1 avisos vía estado-embebido
19:24:54 INFO    Enriquecido y descartado: 75BRH (arriendo de $2.931.142 sobre el máximo negociable de $1.904.000)
19:25:18 INFO    Enriquecido y descartado: 75BRH (arriendo de $2.149.504 sobre el máximo negociable de $1.904.000)
19:25:22 INFO    Enriquecido y descartado: 75BRH (arriendo de $1.954.095 sobre el máximo negociable de $1.904.000)
19:25:40 DEBUG   La red no quedó en silencio en https://www.toctoc.com/arriendo/departamento/metropolitana/vitacura/b_8d7cfebe1062033f05e1df1296cb8647a46a8d1b; se lee igual
19:25:40 DEBUG   [toctoc] 1 avisos vía estado-embebido
19:25:49 DEBUG   [toctoc] 1 avisos vía estado-embebido
19:25:53 INFO    Enriquecido y descartado: 75BRH (arriendo de $4.299.009 sobre el máximo negociable de $1.904.000)
19:25:57 INFO    Fichas leídas: 35 — 0 ganaron el año, 0 la dirección; 6 se descartaron al verlas (0 por viejos)
19:25:58 INFO    Listo: 0 avisados de 29 candidatos
