15:24:13 INFO    No se pudo traer la UF del día (ReadTimeout); se usa el respaldo
15:24:13 INFO    UF = $40.857.96 (caché de hace 1 día(s) — la API no respondió)
15:24:13 INFO    Barriendo TocToc (toctoc)…
15:24:13 INFO    Barriendo Chilepropiedades (chilepropiedades)…
15:24:13 INFO    Barriendo GoPlaceIt (goplaceit)…
15:24:13 INFO    Barriendo Yapo (yapo)…
15:24:14 DEBUG   [chilepropiedades] 11 avisos vía tarjetas
15:24:16 DEBUG   [yapo] 30 avisos vía tarjetas
15:24:16 DEBUG   [chilepropiedades] 11 avisos vía tarjetas
15:24:17 DEBUG   [yapo] 30 avisos vía tarjetas
15:24:18 DEBUG   [chilepropiedades] 11 avisos vía tarjetas
15:24:18 DEBUG   [goplaceit] 30 avisos vía json-ld
15:24:18 INFO      chilepropiedades: 33 avisos en 5s
15:24:18 INFO    Barriendo BuscoNido (busconido)…
15:24:19 INFO      busconido: 0 avisos en 1s
15:24:19 INFO    Barriendo ComunaVitacura.cl (comunavitacura)…
15:24:20 DEBUG   [yapo] 30 avisos vía tarjetas
15:24:20 INFO      yapo: 90 avisos en 6s
15:24:20 INFO    Barriendo BienesOnline (bienesonline)…
15:24:21 INFO      comunavitacura: 0 avisos en 2s
15:24:21 INFO    Barriendo Economicos (El Mercurio) (economicos)…
15:24:21 DEBUG   [bienesonline] 18 avisos vía tarjetas
15:24:21 INFO      bienesonline: 18 avisos en 2s
15:24:21 INFO    Barriendo iCasas (icasas)…
15:24:21 WARNING https://www.economicos.cl/search/propiedades/vitacura/arriendo/departamento/0 respondió 403
15:24:21 INFO    [economicos] https://www.economicos.cl/search/propiedades/vitacura/arriendo/departamento/0 rebotó al GET; se reintenta con navegador
15:24:22 DEBUG   [icasas] 15 avisos vía tarjetas
15:24:24 DEBUG   [icasas] 15 avisos vía tarjetas
15:24:24 INFO      icasas: 30 avisos en 2s
15:24:24 INFO    Barriendo Doomos (doomos)…
15:24:24 INFO      economicos: 0 avisos en 3s
15:24:24 INFO    Barriendo Top Propiedades (toppropiedades)…
15:24:26 DEBUG   [toctoc] 128 avisos vía estado-embebido
15:24:27 DEBUG   [doomos] 33 avisos vía tarjetas
15:24:27 INFO      doomos: 33 avisos en 3s
15:24:27 INFO    Barriendo Trovit (trovit)…
15:24:27 DEBUG   [toppropiedades] 1 avisos vía json-ld
15:24:29 DEBUG   [trovit] 30 avisos vía json-ld
15:24:30 DEBUG   [toppropiedades] 1 avisos vía json-ld
15:24:31 DEBUG   [toppropiedades] 1 avisos vía json-ld
15:24:32 DEBUG   [trovit] 30 avisos vía json-ld
15:24:34 DEBUG   [toppropiedades] 1 avisos vía json-ld
15:24:35 DEBUG   [toctoc] 128 avisos vía estado-embebido
15:24:35 DEBUG   [trovit] 30 avisos vía json-ld
15:24:36 DEBUG   [toppropiedades] 1 avisos vía json-ld
15:24:36 INFO      trovit: 90 avisos en 9s
15:24:36 INFO    Barriendo Nuroa (nuroa)…
15:24:37 DEBUG   Encoding detection: ascii is most likely the one.
15:24:38 DEBUG   [toppropiedades] 1 avisos vía json-ld
15:24:38 DEBUG   [nuroa] 25 avisos vía json-ld
15:24:40 DEBUG   [toppropiedades] 1 avisos vía json-ld
15:24:40 DEBUG   [nuroa] 25 avisos vía json-ld
15:24:40 INFO      nuroa: 50 avisos en 4s
15:24:40 INFO    Barriendo Mitula (mitula)…
15:24:41 DEBUG   [toppropiedades] 1 avisos vía json-ld
15:24:42 INFO      toppropiedades: 8 avisos en 18s
15:24:42 INFO    Barriendo Nestoria (nestoria)…
15:24:43 DEBUG   [mitula] 30 avisos vía json-ld
15:24:43 DEBUG   [nestoria] 25 avisos vía json-ld
15:24:44 INFO      nestoria: 25 avisos en 2s
15:24:44 INFO    Barriendo Houm (houm)…
15:24:45 DEBUG   [mitula] 30 avisos vía json-ld
15:24:45 INFO      mitula: 60 avisos en 5s
15:24:45 INFO    Barriendo Hey! Homes (heyhomes)…
15:24:48 DEBUG   [heyhomes] 9 avisos vía tarjetas
15:24:48 INFO      heyhomes: 9 avisos en 3s
15:24:48 INFO    Barriendo AssetPlan (assetplan)…
15:24:49 DEBUG   [toctoc] 128 avisos vía estado-embebido
15:24:51 DEBUG   [goplaceit] 30 avisos vía json-ld
15:24:54 DEBUG   La red no quedó en silencio en https://houm.com/cl/arriendo-departamentos-region-metropolitana/vitacura/3-dormitorios; se lee igual
15:24:55 DEBUG   [houm] 28 avisos vía json-ld
15:24:56 INFO      assetplan: 0 avisos en 8s
15:24:56 INFO    Barriendo Engel & Völkers (engelvoelkers)…
15:25:02 DEBUG   [toctoc] 106 avisos vía estado-embebido
15:25:06 DEBUG   [engelvoelkers] 16 avisos vía tarjetas
15:25:06 INFO      engelvoelkers: 16 avisos en 10s
15:25:06 INFO    Barriendo RE/MAX Chile (remax)…
15:25:08 DEBUG   La red no quedó en silencio en https://houm.com/cl/arriendo-departamento-región-metropolitana/las-condes/170742; se lee igual
15:25:08 DEBUG   [houm] 1 avisos vía estado-embebido
15:25:14 DEBUG   [toctoc] 106 avisos vía estado-embebido
15:25:15 INFO      remax: 0 avisos en 9s
15:25:15 INFO    Barriendo Fuenzalida Propiedades (fuenzalida)…
15:25:18 DEBUG   [fuenzalida] 20 avisos vía tarjetas
15:25:20 DEBUG   La red no quedó en silencio en https://houm.com/cl/arriendo-departamento-región-metropolitana/las-condes/173143; se lee igual
15:25:21 DEBUG   [houm] 1 avisos vía estado-embebido
15:25:22 DEBUG   [fuenzalida] 20 avisos vía tarjetas
15:25:25 DEBUG   [fuenzalida] 20 avisos vía tarjetas
15:25:25 INFO      fuenzalida: 60 avisos en 10s
15:25:25 INFO    Barriendo Century 21 Chile (century21)…
15:25:26 INFO      century21: 0 avisos en 1s
15:25:26 INFO    Barriendo Property Partners (propertypartners)…
15:25:26 DEBUG   [propertypartners] 1 avisos vía tarjetas
15:25:26 INFO      propertypartners: 1 avisos en 1s
15:25:26 INFO    Barriendo Acceso Inmobiliario (accesoinmobiliario)…
15:25:32 DEBUG   [toctoc] 106 avisos vía estado-embebido
15:25:32 INFO      toctoc: 702 avisos en 79s
15:25:32 INFO    Barriendo Magnolia Property (magnoliaproperty)…
15:25:32 DEBUG   La red no quedó en silencio en https://houm.com/cl/arriendo-departamento-región-metropolitana/las-condes/173170; se lee igual
15:25:33 DEBUG   [magnoliaproperty] 6 avisos vía tarjetas
15:25:33 INFO      magnoliaproperty: 6 avisos en 1s
15:25:33 INFO    Barriendo Portilla Propiedades (portillapropiedades)…
15:25:33 DEBUG   [houm] 1 avisos vía estado-embebido
15:25:33 DEBUG   [portillapropiedades] 2 avisos vía tarjetas
15:25:33 INFO      portillapropiedades: 2 avisos en 0s
15:25:33 INFO    Barriendo Nativo Propiedades (nativopropiedades)…
15:25:34 DEBUG   [nativopropiedades] 7 avisos vía tarjetas
15:25:34 INFO      nativopropiedades: 7 avisos en 1s
15:25:34 INFO    Barriendo Zenta Group (zentagroup)…
15:25:34 INFO      zentagroup: 0 avisos en 0s
15:25:34 INFO    Barriendo Enlace Inmobiliario (enlaceinmobiliario)…
15:25:34 WARNING https://www.enlaceinmobiliario.cl/ respondió 403
15:25:34 INFO    [enlaceinmobiliario] https://www.enlaceinmobiliario.cl/ rebotó al GET; se reintenta con navegador
15:25:36 DEBUG   [accesoinmobiliario] 16 avisos vía tarjetas
15:25:40 INFO      enlaceinmobiliario: 0 avisos en 6s
15:25:40 INFO    Barriendo Rentas.cl (rentas_cl)…
15:25:42 DEBUG   [rentas_cl] 1 avisos vía json-ld
15:25:42 INFO      rentas_cl: 1 avisos en 2s
15:25:42 INFO    Barriendo Arriendos.cl (arriendos_cl)…
15:25:42 DEBUG   La red no quedó en silencio en https://houm.com/cl/arriendo-departamento-región-metropolitana/las-condes/175757; se lee igual
15:25:42 DEBUG   [houm] 1 avisos vía estado-embebido
15:25:43 INFO      arriendos_cl: 0 avisos en 1s
15:25:43 INFO    Barriendo Propiedades.cl (propiedades_cl)…
15:25:45 DEBUG   [propiedades_cl] 6 avisos vía tarjetas
15:25:45 INFO      propiedades_cl: 6 avisos en 1s
15:25:45 INFO    Barriendo Clasificados.cl (clasificados_cl)…
15:25:45 DEBUG   [accesoinmobiliario] 1 avisos vía tarjetas
15:25:47 DEBUG   [clasificados_cl] 1 avisos vía tarjetas
15:25:47 INFO      clasificados_cl: 1 avisos en 3s
15:25:48 DEBUG   [goplaceit] 30 avisos vía json-ld
15:25:51 DEBUG   La red no quedó en silencio en https://houm.com/cl/arriendo-departamento-región-metropolitana/ñuñoa/176912; se lee igual
15:25:52 DEBUG   [houm] 1 avisos vía estado-embebido
15:25:54 DEBUG   [accesoinmobiliario] 1 avisos vía tarjetas
15:26:02 DEBUG   La red no quedó en silencio en https://houm.com/cl/arriendo-departamento-región-metropolitana/ñuñoa/174379; se lee igual
15:26:02 DEBUG   [houm] 1 avisos vía estado-embebido
15:26:04 DEBUG   [accesoinmobiliario] 1 avisos vía tarjetas
15:26:08 INFO      accesoinmobiliario: 19 avisos en 42s
15:26:11 DEBUG   La red no quedó en silencio en https://houm.com/cl/arriendo-departamento-región-metropolitana/providencia/175432; se lee igual
15:26:12 DEBUG   [houm] 1 avisos vía estado-embebido
15:26:19 DEBUG   La red no quedó en silencio en https://houm.com/cl/arriendo-departamento-región-metropolitana/recoleta/176958; se lee igual
15:26:19 DEBUG   [houm] 1 avisos vía estado-embebido
15:26:19 INFO      houm: 36 avisos en 96s
15:26:20 INFO      goplaceit: 90 avisos en 126s
15:26:20 INFO    Total crudo: 1393 avisos
15:26:20 INFO    Después de deduplicar: 529
15:26:20 INFO    Pasaron los filtros: 84
15:26:20 INFO    Ubicados en el mapa: 8 (con 0 consultas nuevas)
15:26:22 DEBUG   [yapo] 2 avisos vía json-ld
15:26:22 DEBUG   [chilepropiedades] 2 avisos vía json-ld
15:26:28 DEBUG   [toctoc] 1 avisos vía estado-embebido
15:26:32 DEBUG   Ficha de EKBQX sin candidato propio; no se fusiona
15:26:38 DEBUG   [toctoc] 1 avisos vía estado-embebido
15:26:42 DEBUG   [toctoc] 1 avisos vía estado-embebido
15:26:45 DEBUG   Ficha de EHCY9 sin candidato propio; no se fusiona
15:26:45 DEBUG   [chilepropiedades] 2 avisos vía json-ld
15:26:46 DEBUG   [doomos] 24 avisos vía tarjetas
15:26:46 DEBUG   Ficha de YVT22 sin candidato propio; no se fusiona
15:26:53 DEBUG   La red no quedó en silencio en https://www.toctoc.com/propiedades/arriendocorredorasr/departamento/vitacura/adm-depto-4d3b/4235478; se lee igual
15:26:53 DEBUG   [toctoc] 1 avisos vía estado-embebido
15:26:53 DEBUG   [chilepropiedades] 2 avisos vía json-ld
15:27:00 DEBUG   [toctoc] 1 avisos vía estado-embebido
15:27:01 DEBUG   [yapo] 2 avisos vía tarjetas
15:27:01 DEBUG   Ficha de P3JCQ sin candidato propio; no se fusiona
15:27:01 DEBUG   [chilepropiedades] 2 avisos vía json-ld
15:27:01 INFO    Enriquecido y descartado: DB2HZ (90 m² totales, no llega a más de 100 m²)
15:27:06 DEBUG   [toctoc] 1 avisos vía estado-embebido
15:27:11 DEBUG   [toctoc] 1 avisos vía estado-embebido
15:27:16 DEBUG   [toctoc] 1 avisos vía estado-embebido
15:27:18 DEBUG   [doomos] 32 avisos vía tarjetas
15:27:18 DEBUG   Ficha de U44VT sin candidato propio; no se fusiona
15:27:21 DEBUG   [doomos] 33 avisos vía tarjetas
15:27:21 DEBUG   Ficha de KNAE9 sin candidato propio; no se fusiona
15:27:26 DEBUG   [toctoc] 1 avisos vía estado-embebido
15:27:28 DEBUG   [mitula] 3 avisos vía tarjetas
15:27:28 DEBUG   Ficha de XPKMN sin candidato propio; no se fusiona
15:27:33 DEBUG   [toctoc] 1 avisos vía estado-embebido
15:27:39 DEBUG   [toctoc] 1 avisos vía estado-embebido
15:27:40 DEBUG   [yapo] 2 avisos vía json-ld
15:27:44 DEBUG   [engelvoelkers] 1 avisos vía json-ld
15:27:49 DEBUG   [toctoc] 1 avisos vía estado-embebido
15:27:54 DEBUG   [toctoc] 1 avisos vía estado-embebido
15:27:55 DEBUG   [doomos] 33 avisos vía tarjetas
15:27:55 DEBUG   Ficha de RUEW5 sin candidato propio; no se fusiona
15:27:58 DEBUG   [doomos] 33 avisos vía tarjetas
15:27:58 DEBUG   Ficha de 9YX2Z sin candidato propio; no se fusiona
15:27:59 DEBUG   [doomos] 33 avisos vía tarjetas
15:27:59 DEBUG   Ficha de NB2ZR sin candidato propio; no se fusiona
15:28:03 DEBUG   [engelvoelkers] 1 avisos vía json-ld
15:28:12 DEBUG   [doomos] 33 avisos vía tarjetas
15:28:12 DEBUG   Ficha de EXF5X sin candidato propio; no se fusiona
15:28:14 DEBUG   [doomos] 33 avisos vía tarjetas
15:28:14 DEBUG   Ficha de DJVBS sin candidato propio; no se fusiona
15:28:18 DEBUG   [engelvoelkers] 1 avisos vía json-ld
15:28:22 DEBUG   Ficha de DSKEC sin candidato propio; no se fusiona
15:28:24 DEBUG   [doomos] 33 avisos vía tarjetas
15:28:24 DEBUG   Ficha de ZWNAN sin candidato propio; no se fusiona
15:28:24 INFO    Fichas leídas: 45 — 0 ganaron el año, 1 la dirección, 1 se descartaron al verlas
15:28:24 INFO    27 avisos por mandar, tope 8: se posponen 19
15:28:24 DEBUG   [chilepropiedades] 2 avisos vía json-ld
15:28:26 DEBUG   [chilepropiedades] 2 avisos vía json-ld
15:28:28 DEBUG   [engelvoelkers] 1 avisos vía json-ld
15:28:29 DEBUG   [mitula] 3 avisos vía tarjetas
15:28:29 DEBUG   Ficha de XPKMN sin candidato propio; no se fusiona
15:28:33 DEBUG   [toctoc] 1 avisos vía estado-embebido
15:28:36 DEBUG   [doomos] 33 avisos vía tarjetas
15:28:36 DEBUG   Ficha de RUEW5 sin candidato propio; no se fusiona
15:28:37 DEBUG   [doomos] 33 avisos vía tarjetas
15:28:37 DEBUG   Ficha de 9YX2Z sin candidato propio; no se fusiona
15:28:40 INFO    Listo: 8 avisados de 83 candidatos
