01:08:44 INFO    UF = $40.871.14 (API del día)
01:08:44 INFO    Barriendo TocToc (toctoc)…
01:08:44 INFO    Barriendo Chilepropiedades (chilepropiedades)…
01:08:44 INFO    Barriendo GoPlaceIt (goplaceit)…
01:08:44 INFO    Barriendo Yapo (yapo)…
01:08:44 DEBUG   [chilepropiedades] 10 avisos vía tarjetas
01:08:46 DEBUG   [yapo] 30 avisos vía tarjetas
01:08:46 DEBUG   [chilepropiedades] 10 avisos vía tarjetas
01:08:47 DEBUG   [goplaceit] 30 avisos vía json-ld
01:08:48 DEBUG   [yapo] 30 avisos vía tarjetas
01:08:48 DEBUG   [chilepropiedades] 10 avisos vía tarjetas
01:08:48 INFO      chilepropiedades: 30 avisos en 5s
01:08:48 INFO    Barriendo BuscoNido (busconido)…
01:08:49 DEBUG   [busconido] 23 avisos vía tarjetas
01:08:49 INFO      busconido: 23 avisos en 1s
01:08:49 INFO    Barriendo BienesOnline (bienesonline)…
01:08:50 DEBUG   [bienesonline] 2 avisos vía tarjetas
01:08:50 INFO      bienesonline: 2 avisos en 1s
01:08:50 INFO    Barriendo Economicos (El Mercurio) (economicos)…
01:08:50 DEBUG   [yapo] 30 avisos vía tarjetas
01:08:50 INFO      yapo: 90 avisos en 6s
01:08:50 INFO    Barriendo iCasas (icasas)…
01:08:50 DEBUG   [economicos] 20 avisos vía tarjetas
01:08:51 DEBUG   [toctoc] 20 avisos vía json-ld
01:08:51 DEBUG   [icasas] 15 avisos vía tarjetas
01:08:52 DEBUG   [economicos] 18 avisos vía tarjetas
01:08:53 DEBUG   [icasas] 15 avisos vía tarjetas
01:08:53 INFO      icasas: 30 avisos en 3s
01:08:53 INFO    Barriendo Doomos (doomos)…
01:08:54 DEBUG   [economicos] 13 avisos vía tarjetas
01:08:54 INFO      economicos: 51 avisos en 4s
01:08:54 INFO    Barriendo Top Propiedades (toppropiedades)…
01:08:56 DEBUG   [toctoc] 20 avisos vía json-ld
01:08:58 DEBUG   [toppropiedades] 1 avisos vía json-ld
01:09:00 DEBUG   [toppropiedades] 1 avisos vía json-ld
01:09:01 DEBUG   [toctoc] 20 avisos vía json-ld
01:09:02 DEBUG   [toppropiedades] 1 avisos vía json-ld
01:09:04 DEBUG   [toppropiedades] 1 avisos vía json-ld
01:09:05 DEBUG   [toctoc] 20 avisos vía json-ld
01:09:06 DEBUG   [toppropiedades] 1 avisos vía json-ld
01:09:08 DEBUG   [toppropiedades] 1 avisos vía json-ld
01:09:10 DEBUG   [toctoc] 20 avisos vía json-ld
01:09:10 DEBUG   [toppropiedades] 1 avisos vía json-ld
01:09:12 DEBUG   [doomos] 31 avisos vía tarjetas
01:09:12 INFO      doomos: 31 avisos en 19s
01:09:12 INFO    Barriendo Nuroa (nuroa)…
01:09:12 DEBUG   Encoding detection: ascii is most likely the one.
01:09:12 DEBUG   [toppropiedades] 1 avisos vía json-ld
01:09:12 INFO      toppropiedades: 8 avisos en 18s
01:09:12 INFO    Barriendo Mitula (mitula)…
01:09:13 DEBUG   [nuroa] 25 avisos vía json-ld
01:09:14 DEBUG   [mitula] 30 avisos vía json-ld
01:09:15 DEBUG   [toctoc] 5 avisos vía json-ld
01:09:15 INFO      toctoc: 105 avisos en 31s
01:09:15 INFO    Barriendo Houm (houm)…
01:09:15 DEBUG   [nuroa] 25 avisos vía json-ld
01:09:16 DEBUG   [goplaceit] 30 avisos vía json-ld
01:09:16 DEBUG   [mitula] 30 avisos vía json-ld
01:09:16 INFO      mitula: 60 avisos en 4s
01:09:16 INFO    Barriendo Hey! Homes (heyhomes)…
01:09:17 DEBUG   [nuroa] 25 avisos vía json-ld
01:09:19 DEBUG   [heyhomes] 9 avisos vía tarjetas
01:09:19 INFO      heyhomes: 9 avisos en 3s
01:09:19 INFO    Barriendo Engel & Völkers (engelvoelkers)…
01:09:19 DEBUG   [nuroa] 25 avisos vía json-ld
01:09:19 INFO      nuroa: 100 avisos en 8s
01:09:19 INFO    Barriendo RE/MAX Chile (remax)…
01:09:22 DEBUG   La red no quedó en silencio en https://houm.com/cl/arriendo-departamentos-region-metropolitana/vitacura/3-dormitorios; se lee igual
01:09:23 DEBUG   [houm] 28 avisos vía json-ld
01:09:23 DEBUG   [engelvoelkers] 17 avisos vía tarjetas
01:09:23 INFO      engelvoelkers: 17 avisos en 4s
01:09:23 INFO    Barriendo Fuenzalida Propiedades (fuenzalida)…
01:09:26 DEBUG   [fuenzalida] 16 avisos vía tarjetas
01:09:27 INFO      remax: 0 avisos en 7s
01:09:27 INFO    Barriendo Century 21 Chile (century21)…
01:09:28 INFO      century21: 0 avisos en 2s
01:09:28 INFO    Barriendo Property Partners (propertypartners)…
01:09:29 DEBUG   [propertypartners] 1 avisos vía tarjetas
01:09:29 INFO      propertypartners: 1 avisos en 0s
01:09:29 INFO    Barriendo Acceso Inmobiliario (accesoinmobiliario)…
01:09:29 DEBUG   [fuenzalida] 20 avisos vía tarjetas
01:09:32 DEBUG   [fuenzalida] 20 avisos vía tarjetas
01:09:32 INFO      fuenzalida: 56 avisos en 9s
01:09:32 INFO    Barriendo Magnolia Property (magnoliaproperty)…
01:09:33 DEBUG   [accesoinmobiliario] 16 avisos vía tarjetas
01:09:33 DEBUG   [magnoliaproperty] 8 avisos vía tarjetas
01:09:33 INFO      magnoliaproperty: 8 avisos en 1s
01:09:33 INFO    Barriendo Portilla Propiedades (portillapropiedades)…
01:09:33 DEBUG   [portillapropiedades] 2 avisos vía tarjetas
01:09:33 INFO      portillapropiedades: 2 avisos en 1s
01:09:33 INFO    Barriendo Nativo Propiedades (nativopropiedades)…
01:09:34 DEBUG   La red no quedó en silencio en https://houm.com/cl/arriendo-departamento-región-metropolitana/las-condes/170742; se lee igual
01:09:34 DEBUG   [houm] 1 avisos vía estado-embebido
01:09:34 DEBUG   [nativopropiedades] 7 avisos vía tarjetas
01:09:34 INFO      nativopropiedades: 7 avisos en 1s
01:09:34 INFO    Barriendo Enlace Inmobiliario (enlaceinmobiliario)…
01:09:34 WARNING https://www.enlaceinmobiliario.cl/ respondió 403
01:09:34 INFO    [enlaceinmobiliario] https://www.enlaceinmobiliario.cl/ rebotó al GET; se reintenta con navegador
01:09:37 DEBUG   [accesoinmobiliario] 1 avisos vía tarjetas
01:09:41 INFO      enlaceinmobiliario: 0 avisos en 7s
01:09:41 INFO    Barriendo Rentas.cl (rentas_cl)…
01:09:43 DEBUG   [rentas_cl] 1 avisos vía json-ld
01:09:43 INFO      rentas_cl: 1 avisos en 2s
01:09:43 INFO    Barriendo Arriendos.cl (arriendos_cl)…
01:09:43 DEBUG   La red no quedó en silencio en https://houm.com/cl/arriendo-departamento-región-metropolitana/las-condes/175757; se lee igual
01:09:44 INFO      arriendos_cl: 0 avisos en 1s
01:09:44 INFO    Barriendo Propiedades.cl (propiedades_cl)…
01:09:44 DEBUG   [houm] 1 avisos vía estado-embebido
01:09:45 DEBUG   [propiedades_cl] 6 avisos vía tarjetas
01:09:45 INFO      propiedades_cl: 6 avisos en 1s
01:09:45 INFO    Barriendo Clasificados.cl (clasificados_cl)…
01:09:45 DEBUG   [accesoinmobiliario] 1 avisos vía tarjetas
01:09:47 DEBUG   [clasificados_cl] 1 avisos vía tarjetas
01:09:47 INFO      clasificados_cl: 1 avisos en 3s
01:09:51 DEBUG   [accesoinmobiliario] 1 avisos vía tarjetas
01:09:52 DEBUG   La red no quedó en silencio en https://houm.com/cl/arriendo-departamento-región-metropolitana/ñuñoa/176912; se lee igual
01:09:52 DEBUG   [houm] 1 avisos vía estado-embebido
01:09:54 DEBUG   [goplaceit] 30 avisos vía json-ld
01:10:01 DEBUG   La red no quedó en silencio en https://houm.com/cl/arriendo-departamento-región-metropolitana/ñuñoa/174379; se lee igual
01:10:01 DEBUG   [houm] 1 avisos vía estado-embebido
01:10:02 DEBUG   [accesoinmobiliario] 1 avisos vía tarjetas
01:10:06 DEBUG   [accesoinmobiliario] 1 avisos vía tarjetas
01:10:06 INFO      accesoinmobiliario: 21 avisos en 38s
01:10:09 DEBUG   La red no quedó en silencio en https://houm.com/cl/arriendo-departamento-región-metropolitana/recoleta/178185; se lee igual
01:10:09 DEBUG   [houm] 1 avisos vía estado-embebido
01:10:16 DEBUG   La red no quedó en silencio en https://houm.com/cl/arriendo-departamento-región-metropolitana/las-condes/177842; se lee igual
01:10:16 DEBUG   [houm] 1 avisos vía estado-embebido
01:10:22 INFO      goplaceit: 90 avisos en 98s
01:10:23 DEBUG   La red no quedó en silencio en https://houm.com/cl/arriendo-departamento-región-metropolitana/recoleta/176958; se lee igual
01:10:23 DEBUG   [houm] 1 avisos vía estado-embebido
01:10:30 DEBUG   La red no quedó en silencio en https://houm.com/cl/arriendo-departamento-región-metropolitana/recoleta/90462; se lee igual
01:10:30 DEBUG   [houm] 1 avisos vía estado-embebido
01:10:30 INFO      houm: 36 avisos en 75s
01:10:30 INFO    Total crudo: 785 avisos
01:10:30 INFO    Después de deduplicar: 508
01:10:31 INFO    Pasaron los filtros: 66
01:11:00 DEBUG   [economicos] 1 avisos vía tarjetas
01:11:02 DEBUG   [doomos] 18 avisos vía tarjetas
01:11:02 DEBUG   Ficha de YVT22 sin candidato propio; no se fusiona
01:11:03 DEBUG   Ficha de HW5MX sin candidato propio; no se fusiona
01:11:03 DEBUG   [economicos] 1 avisos vía tarjetas
01:11:05 DEBUG   [economicos] 1 avisos vía tarjetas
01:11:07 DEBUG   [economicos] 1 avisos vía tarjetas
01:11:09 DEBUG   [economicos] 1 avisos vía tarjetas
01:11:10 DEBUG   [doomos] 27 avisos vía tarjetas
01:11:10 DEBUG   Ficha de U44VT sin candidato propio; no se fusiona
01:11:11 DEBUG   [economicos] 1 avisos vía tarjetas
01:11:12 DEBUG   [doomos] 27 avisos vía tarjetas
01:11:12 DEBUG   Ficha de 2HWEW sin candidato propio; no se fusiona
01:11:14 DEBUG   [doomos] 27 avisos vía tarjetas
01:11:14 DEBUG   Ficha de ZWNAN sin candidato propio; no se fusiona
01:11:14 DEBUG   [economicos] 1 avisos vía tarjetas
01:11:16 DEBUG   [economicos] 1 avisos vía tarjetas
01:11:16 DEBUG   Ficha de XEC3Z sin candidato propio; no se fusiona
01:11:18 DEBUG   [economicos] 1 avisos vía tarjetas
01:11:19 WARNING Se pasó del tiempo al abrir http://GG.CC (Error); se lee lo que alcanzó a llegar
01:11:23 DEBUG   [toctoc] 1 avisos vía estado-embebido
01:11:24 DEBUG   [busconido] 11 avisos vía tarjetas
01:11:24 DEBUG   Ficha de 8EPNP sin candidato propio; no se fusiona
01:11:26 DEBUG   [busconido] 11 avisos vía tarjetas
01:11:26 DEBUG   Ficha de YYHED sin candidato propio; no se fusiona
01:11:28 DEBUG   [busconido] 10 avisos vía tarjetas
01:11:28 DEBUG   Ficha de 7GC3T sin candidato propio; no se fusiona
01:11:30 DEBUG   [busconido] 11 avisos vía tarjetas
01:11:30 DEBUG   Ficha de YF5CG sin candidato propio; no se fusiona
01:11:32 DEBUG   [busconido] 5 avisos vía tarjetas
01:11:32 DEBUG   Ficha de 263YQ sin candidato propio; no se fusiona
01:11:34 DEBUG   [busconido] 10 avisos vía tarjetas
01:11:34 DEBUG   Ficha de K56PQ sin candidato propio; no se fusiona
01:11:36 DEBUG   [busconido] 11 avisos vía tarjetas
01:11:36 DEBUG   Ficha de AK7SS sin candidato propio; no se fusiona
01:11:38 DEBUG   [busconido] 11 avisos vía tarjetas
01:11:38 DEBUG   Ficha de W7NQZ sin candidato propio; no se fusiona
01:11:40 DEBUG   [busconido] 10 avisos vía tarjetas
01:11:40 DEBUG   Ficha de 8Z6BV sin candidato propio; no se fusiona
01:11:42 DEBUG   [busconido] 11 avisos vía tarjetas
01:11:42 DEBUG   Ficha de ZXRB3 sin candidato propio; no se fusiona
01:11:44 DEBUG   [busconido] 10 avisos vía tarjetas
01:11:44 DEBUG   Ficha de 67ACN sin candidato propio; no se fusiona
01:11:46 DEBUG   [busconido] 11 avisos vía tarjetas
01:11:46 DEBUG   Ficha de CJP3F sin candidato propio; no se fusiona
01:11:48 DEBUG   [busconido] 10 avisos vía tarjetas
01:11:48 DEBUG   Ficha de SMCCK sin candidato propio; no se fusiona
01:11:48 DEBUG   [economicos] 1 avisos vía tarjetas
01:11:48 INFO    Enriquecido y descartado: S84GC (arriendo de $3.108.725 sobre el máximo negociable de $1.904.000)
01:11:50 DEBUG   [busconido] 10 avisos vía tarjetas
01:11:50 DEBUG   Ficha de BE893 sin candidato propio; no se fusiona
01:11:50 DEBUG   [economicos] 1 avisos vía tarjetas
01:11:52 DEBUG   [doomos] 18 avisos vía tarjetas
01:11:52 DEBUG   Ficha de J5JN4 sin candidato propio; no se fusiona
01:11:57 DEBUG   [toctoc] 1 avisos vía estado-embebido
01:12:03 DEBUG   [doomos] 27 avisos vía tarjetas
01:12:03 DEBUG   Ficha de P8XMT sin candidato propio; no se fusiona
01:12:04 DEBUG   [mitula] 3 avisos vía tarjetas
01:12:07 DEBUG   [engelvoelkers] 1 avisos vía json-ld
01:12:12 DEBUG   [toctoc] 1 avisos vía estado-embebido
01:12:16 DEBUG   [toctoc] 1 avisos vía estado-embebido
01:12:23 DEBUG   [toctoc] 1 avisos vía estado-embebido
01:12:27 DEBUG   [toctoc] 1 avisos vía estado-embebido
01:12:28 DEBUG   [chilepropiedades] 2 avisos vía json-ld
01:12:34 DEBUG   [toctoc] 1 avisos vía estado-embebido
01:12:39 DEBUG   [toctoc] 1 avisos vía estado-embebido
01:12:43 INFO    Enriquecido y descartado: 75BRH (arriendo de $2.931.142 sobre el máximo negociable de $1.904.000)
01:13:05 INFO    Enriquecido y descartado: 75BRH (arriendo de $2.149.504 sobre el máximo negociable de $1.904.000)
01:13:13 INFO    Enriquecido y descartado: 75BRH (arriendo de $1.954.095 sobre el máximo negociable de $1.904.000)
01:13:29 DEBUG   [toctoc] 1 avisos vía estado-embebido
01:13:38 DEBUG   [toctoc] 1 avisos vía estado-embebido
01:13:43 DEBUG   [toctoc] 1 avisos vía estado-embebido
01:13:47 INFO    Enriquecido y descartado: 75BRH (arriendo de $4.611.664 sobre el máximo negociable de $1.904.000)
01:13:51 INFO    Fichas leídas: 66 — 0 ganaron el año, 1 la dirección; 5 se descartaron al verlas (0 por viejos)
01:13:51 INFO    Listo: 0 avisados de 61 candidatos
