18:35:07 INFO    UF = $40.860.60 (API del día)
18:35:07 INFO    Barriendo TocToc (toctoc)…
18:35:07 INFO    Barriendo Chilepropiedades (chilepropiedades)…
18:35:07 INFO    Barriendo GoPlaceIt (goplaceit)…
18:35:07 INFO    Barriendo Yapo (yapo)…
18:35:08 DEBUG   [chilepropiedades] 10 avisos vía tarjetas
18:35:10 DEBUG   [yapo] 30 avisos vía tarjetas
18:35:10 DEBUG   [chilepropiedades] 10 avisos vía tarjetas
18:35:12 DEBUG   [yapo] 30 avisos vía tarjetas
18:35:12 DEBUG   [chilepropiedades] 10 avisos vía tarjetas
18:35:12 INFO      chilepropiedades: 30 avisos en 5s
18:35:12 INFO    Barriendo BuscoNido (busconido)…
18:35:13 DEBUG   [goplaceit] 30 avisos vía json-ld
18:35:13 INFO      busconido: 0 avisos en 1s
18:35:13 INFO    Barriendo BienesOnline (bienesonline)…
18:35:14 DEBUG   [yapo] 30 avisos vía tarjetas
18:35:14 INFO      yapo: 90 avisos en 7s
18:35:14 INFO    Barriendo Economicos (El Mercurio) (economicos)…
18:35:15 DEBUG   [bienesonline] 16 avisos vía tarjetas
18:35:15 INFO      bienesonline: 16 avisos en 2s
18:35:15 INFO    Barriendo iCasas (icasas)…
18:35:15 WARNING https://www.economicos.cl/search/propiedades/vitacura/arriendo/departamento/0 respondió 403
18:35:15 INFO    [economicos] https://www.economicos.cl/search/propiedades/vitacura/arriendo/departamento/0 rebotó al GET; se reintenta con navegador
18:35:15 DEBUG   [icasas] 15 avisos vía tarjetas
18:35:18 DEBUG   [toctoc] 148 avisos vía estado-embebido
18:35:18 INFO      economicos: 0 avisos en 3s
18:35:18 INFO    Barriendo Doomos (doomos)…
18:35:18 DEBUG   [icasas] 15 avisos vía tarjetas
18:35:18 INFO      icasas: 30 avisos en 3s
18:35:18 INFO    Barriendo Top Propiedades (toppropiedades)…
18:35:21 DEBUG   [doomos] 31 avisos vía tarjetas
18:35:21 INFO      doomos: 31 avisos en 3s
18:35:21 INFO    Barriendo Trovit (trovit)…
18:35:22 DEBUG   [toppropiedades] 1 avisos vía json-ld
18:35:22 DEBUG   [trovit] 30 avisos vía json-ld
18:35:24 DEBUG   [toppropiedades] 1 avisos vía json-ld
18:35:25 DEBUG   [trovit] 30 avisos vía json-ld
18:35:26 DEBUG   [toppropiedades] 1 avisos vía json-ld
18:35:27 DEBUG   [trovit] 30 avisos vía json-ld
18:35:27 INFO      trovit: 90 avisos en 7s
18:35:27 INFO    Barriendo Nuroa (nuroa)…
18:35:28 DEBUG   [toppropiedades] 1 avisos vía json-ld
18:35:28 DEBUG   Encoding detection: ascii is most likely the one.
18:35:30 DEBUG   [nuroa] 25 avisos vía json-ld
18:35:30 DEBUG   [toppropiedades] 1 avisos vía json-ld
18:35:31 DEBUG   [nuroa] 25 avisos vía json-ld
18:35:32 DEBUG   [toppropiedades] 1 avisos vía json-ld
18:35:34 DEBUG   [toppropiedades] 1 avisos vía json-ld
18:35:34 DEBUG   [toctoc] 148 avisos vía estado-embebido
18:35:34 DEBUG   [nuroa] 25 avisos vía json-ld
18:35:36 DEBUG   [toppropiedades] 1 avisos vía json-ld
18:35:36 INFO      toppropiedades: 8 avisos en 18s
18:35:36 INFO    Barriendo Mitula (mitula)…
18:35:36 DEBUG   [nuroa] 25 avisos vía json-ld
18:35:37 INFO      nuroa: 100 avisos en 9s
18:35:37 INFO    Barriendo Nestoria (nestoria)…
18:35:38 DEBUG   [mitula] 30 avisos vía json-ld
18:35:38 DEBUG   [nestoria] 25 avisos vía json-ld
18:35:39 INFO      nestoria: 25 avisos en 2s
18:35:39 INFO    Barriendo Houm (houm)…
18:35:40 DEBUG   [mitula] 30 avisos vía json-ld
18:35:40 INFO      mitula: 60 avisos en 4s
18:35:40 INFO    Barriendo Hey! Homes (heyhomes)…
18:35:43 DEBUG   [toctoc] 148 avisos vía estado-embebido
18:35:43 DEBUG   [heyhomes] 9 avisos vía tarjetas
18:35:43 INFO      heyhomes: 9 avisos en 3s
18:35:43 INFO    Barriendo AssetPlan (assetplan)…
18:35:44 DEBUG   [goplaceit] 30 avisos vía json-ld
18:35:47 DEBUG   La red no quedó en silencio en https://houm.com/cl/arriendo-departamentos-region-metropolitana/vitacura/3-dormitorios; se lee igual
18:35:47 DEBUG   [houm] 28 avisos vía json-ld
18:35:52 DEBUG   [toctoc] 108 avisos vía estado-embebido
18:35:53 INFO      assetplan: 0 avisos en 10s
18:35:53 INFO    Barriendo Engel & Völkers (engelvoelkers)…
18:36:00 DEBUG   [toctoc] 110 avisos vía estado-embebido
18:36:00 DEBUG   La red no quedó en silencio en https://houm.com/cl/arriendo-departamento-región-metropolitana/las-condes/170742; se lee igual
18:36:01 DEBUG   [houm] 1 avisos vía estado-embebido
18:36:04 DEBUG   [engelvoelkers] 16 avisos vía tarjetas
18:36:04 INFO      engelvoelkers: 16 avisos en 11s
18:36:04 INFO    Barriendo RE/MAX Chile (remax)…
18:36:11 DEBUG   [toctoc] 108 avisos vía estado-embebido
18:36:11 INFO      toctoc: 770 avisos en 63s
18:36:11 INFO    Barriendo Fuenzalida Propiedades (fuenzalida)…
18:36:12 DEBUG   La red no quedó en silencio en https://houm.com/cl/arriendo-departamento-región-metropolitana/las-condes/175757; se lee igual
18:36:12 DEBUG   [houm] 1 avisos vía estado-embebido
18:36:15 DEBUG   [fuenzalida] 16 avisos vía tarjetas
18:36:15 INFO      remax: 0 avisos en 11s
18:36:15 INFO    Barriendo Century 21 Chile (century21)…
18:36:16 INFO      century21: 0 avisos en 1s
18:36:16 INFO    Barriendo Property Partners (propertypartners)…
18:36:17 DEBUG   [propertypartners] 1 avisos vía tarjetas
18:36:17 INFO      propertypartners: 1 avisos en 0s
18:36:17 INFO    Barriendo Acceso Inmobiliario (accesoinmobiliario)…
18:36:18 DEBUG   [fuenzalida] 20 avisos vía tarjetas
18:36:22 DEBUG   [fuenzalida] 20 avisos vía tarjetas
18:36:22 INFO      fuenzalida: 56 avisos en 11s
18:36:22 INFO    Barriendo Magnolia Property (magnoliaproperty)…
18:36:22 DEBUG   [magnoliaproperty] 6 avisos vía tarjetas
18:36:22 INFO      magnoliaproperty: 6 avisos en 1s
18:36:22 INFO    Barriendo Portilla Propiedades (portillapropiedades)…
18:36:22 DEBUG   [accesoinmobiliario] 15 avisos vía tarjetas
18:36:23 DEBUG   La red no quedó en silencio en https://houm.com/cl/arriendo-departamento-región-metropolitana/ñuñoa/176912; se lee igual
18:36:23 DEBUG   [portillapropiedades] 2 avisos vía tarjetas
18:36:23 INFO      portillapropiedades: 2 avisos en 1s
18:36:23 INFO    Barriendo Nativo Propiedades (nativopropiedades)…
18:36:23 DEBUG   [houm] 1 avisos vía estado-embebido
18:36:24 DEBUG   [nativopropiedades] 7 avisos vía tarjetas
18:36:24 INFO      nativopropiedades: 7 avisos en 1s
18:36:24 INFO    Barriendo Enlace Inmobiliario (enlaceinmobiliario)…
18:36:24 WARNING https://www.enlaceinmobiliario.cl/ respondió 403
18:36:24 INFO    [enlaceinmobiliario] https://www.enlaceinmobiliario.cl/ rebotó al GET; se reintenta con navegador
18:36:30 INFO      enlaceinmobiliario: 0 avisos en 6s
18:36:30 INFO    Barriendo Rentas.cl (rentas_cl)…
18:36:32 DEBUG   [rentas_cl] 1 avisos vía json-ld
18:36:32 INFO      rentas_cl: 1 avisos en 2s
18:36:32 INFO    Barriendo Arriendos.cl (arriendos_cl)…
18:36:33 DEBUG   La red no quedó en silencio en https://houm.com/cl/arriendo-departamento-región-metropolitana/ñuñoa/174379; se lee igual
18:36:33 DEBUG   [houm] 1 avisos vía estado-embebido
18:36:33 INFO      arriendos_cl: 0 avisos en 1s
18:36:33 INFO    Barriendo Propiedades.cl (propiedades_cl)…
18:36:34 DEBUG   [propiedades_cl] 6 avisos vía tarjetas
18:36:34 INFO      propiedades_cl: 6 avisos en 1s
18:36:34 INFO    Barriendo Clasificados.cl (clasificados_cl)…
18:36:37 DEBUG   [clasificados_cl] 1 avisos vía tarjetas
18:36:37 INFO      clasificados_cl: 1 avisos en 3s
18:36:38 DEBUG   [accesoinmobiliario] 1 avisos vía tarjetas
18:36:38 INFO      accesoinmobiliario: 16 avisos en 22s
18:36:41 DEBUG   [goplaceit] 30 avisos vía json-ld
18:36:42 DEBUG   La red no quedó en silencio en https://houm.com/cl/arriendo-departamento-región-metropolitana/recoleta/176958; se lee igual
18:36:43 DEBUG   [houm] 1 avisos vía estado-embebido
18:36:50 DEBUG   La red no quedó en silencio en https://houm.com/cl/arriendo-departamento-región-metropolitana/recoleta/90462; se lee igual
18:36:50 DEBUG   [houm] 1 avisos vía estado-embebido
18:36:58 DEBUG   La red no quedó en silencio en https://houm.com/cl/arriendo-departamento-región-metropolitana/recoleta/177459; se lee igual
18:36:58 DEBUG   [houm] 1 avisos vía estado-embebido
18:37:03 INFO      goplaceit: 90 avisos en 116s
18:37:05 DEBUG   La red no quedó en silencio en https://houm.com/cl/arriendo-departamento-región-metropolitana/independencia/167934; se lee igual
18:37:05 DEBUG   [houm] 1 avisos vía estado-embebido
18:37:05 INFO      houm: 36 avisos en 86s
18:37:05 INFO    Total crudo: 1497 avisos
18:37:06 INFO    Después de deduplicar: 521
18:37:06 INFO    Pasaron los filtros: 63
18:37:09 DEBUG   [doomos] 20 avisos vía tarjetas
18:37:09 DEBUG   Ficha de YVT22 sin candidato propio; no se fusiona
18:37:11 DEBUG   [doomos] 28 avisos vía tarjetas
18:37:11 DEBUG   Ficha de U44VT sin candidato propio; no se fusiona
18:37:13 DEBUG   [doomos] 29 avisos vía tarjetas
18:37:13 DEBUG   Ficha de ZWNAN sin candidato propio; no se fusiona
18:37:14 DEBUG   [doomos] 29 avisos vía tarjetas
18:37:14 DEBUG   Ficha de 2HWEW sin candidato propio; no se fusiona
18:37:24 DEBUG   [toctoc] 1 avisos vía estado-embebido
18:37:25 DEBUG   [mitula] 3 avisos vía tarjetas
18:37:25 INFO    Enriquecido y descartado: 3CEB4 (59 m² totales, no llega a más de 100 m²)
18:37:50 INFO    Enriquecido y descartado: B9ABC (arriendo de $1.954.095 sobre el máximo negociable de $1.904.000)
18:37:54 INFO    Enriquecido y descartado: SRZBT (arriendo de $2.931.142 sobre el máximo negociable de $1.904.000)
18:38:01 INFO    Enriquecido y descartado: TH9YK (arriendo de $2.149.504 sobre el máximo negociable de $1.904.000)
18:38:05 DEBUG   [engelvoelkers] 1 avisos vía json-ld
18:38:05 INFO    Enriquecido y descartado: VJ3BP (arriendo de $2.533.357 sobre el máximo negociable de $1.904.000)
18:38:05 WARNING https://www.bienesonline.cl/es/chile/llanquihue/propiedad/42585-campo-917-ha-valle-cochamo-x-region respondió 404
18:38:11 DEBUG   [toctoc] 1 avisos vía estado-embebido
18:38:17 DEBUG   [toctoc] 1 avisos vía estado-embebido
18:38:22 DEBUG   [toctoc] 1 avisos vía estado-embebido
18:38:22 DEBUG   [chilepropiedades] 2 avisos vía json-ld
18:38:28 DEBUG   [toctoc] 1 avisos vía estado-embebido
18:38:28 DEBUG   [chilepropiedades] 2 avisos vía json-ld
18:38:33 DEBUG   [toctoc] 1 avisos vía estado-embebido
18:38:39 DEBUG   [toctoc] 1 avisos vía estado-embebido
18:38:43 DEBUG   [engelvoelkers] 1 avisos vía json-ld
18:38:43 INFO    Enriquecido y descartado: 6UUYB (2 dormitorios, bajo el mínimo de 3)
18:38:49 DEBUG   [toctoc] 1 avisos vía estado-embebido
18:38:54 DEBUG   [toctoc] 1 avisos vía estado-embebido
18:38:54 INFO    Enriquecido y descartado: 5ZREX (39 años (construido en 1987), sobre el máximo de 30)
18:38:54 WARNING robots.txt no permite https://www.nuroa.cl/adform/10342-912-5f3d-19e92d3-bae6-98ff4d8aca01-7f27?click_type=0&pos=12&searchType=1&page=1&section=1&t_sec=1&sectionType=1&pageViewId=64ef1b3f-7ab5-4420-991b-e9fd37c1f0d4&t_pvid=64ef1b3f-7ab5-4420-991b-e9fd37c1f0d4&userAgent=Mozilla%2F5.0+%28compatible%3B+radar-arriendos%2F1.0%3B+uso+personal%2C+busqueda+de+arriendo%3B+%2Bhttps%3A%2F%2Fgithub.com%2Falfonsoandona%2Farriendos-vitacura%29&browser=1&isHuman=true&userIp=172.184.247.88&what=vitacura+departamento&search_terms=vitacura+departamento&origin=1&t_or=1&splitTestId=0 — se omite
18:39:01 DEBUG   La red no quedó en silencio en https://www.toctoc.com/propiedades/arriendocorredorasr/departamento/vitacura/departamento-en-arriendo-de-3-dorm-en-tabancura-vitacura/a980d8085ff1b8a8ad39918e8343fc77f14f4e9d; se lee igual
18:39:01 DEBUG   [toctoc] 1 avisos vía estado-embebido
18:39:03 DEBUG   [doomos] 29 avisos vía tarjetas
18:39:03 DEBUG   Ficha de RUEW5 sin candidato propio; no se fusiona
18:39:05 DEBUG   [doomos] 29 avisos vía tarjetas
18:39:05 DEBUG   Ficha de 9YX2Z sin candidato propio; no se fusiona
18:39:09 DEBUG   [engelvoelkers] 1 avisos vía json-ld
18:39:24 DEBUG   [doomos] 29 avisos vía tarjetas
18:39:24 DEBUG   Ficha de EXF5X sin candidato propio; no se fusiona
18:39:29 DEBUG   [doomos] 29 avisos vía tarjetas
18:39:29 DEBUG   Ficha de DJVBS sin candidato propio; no se fusiona
18:39:29 INFO    Fichas leídas: 45 — 4 ganaron el año, 0 la dirección; 7 se descartaron al verlas (1 por viejos)
18:39:30 INFO    Listo: 0 avisados de 56 candidatos
