15:28:27 INFO    No se pudo traer la UF del día (ReadTimeout); se usa el respaldo
15:28:27 INFO    UF = $40.877.73 (caché de hace 0 día(s) — la API no respondió)
15:28:27 INFO    Barriendo TocToc (toctoc)…
15:28:27 INFO    Barriendo Chilepropiedades (chilepropiedades)…
15:28:27 INFO    Barriendo GoPlaceIt (goplaceit)…
15:28:27 INFO    Barriendo Yapo (yapo)…
15:28:27 DEBUG   [chilepropiedades] 10 avisos vía tarjetas
15:28:29 DEBUG   [yapo] 30 avisos vía tarjetas
15:28:29 DEBUG   [chilepropiedades] 10 avisos vía tarjetas
15:28:30 DEBUG   [goplaceit] 30 avisos vía json-ld
15:28:32 DEBUG   [chilepropiedades] 10 avisos vía tarjetas
15:28:32 DEBUG   [yapo] 30 avisos vía tarjetas
15:28:32 INFO      chilepropiedades: 30 avisos en 5s
15:28:32 INFO    Barriendo BuscoNido (busconido)…
15:28:33 DEBUG   [busconido] 23 avisos vía tarjetas
15:28:33 INFO      busconido: 23 avisos en 1s
15:28:33 INFO    Barriendo BienesOnline (bienesonline)…
15:28:34 DEBUG   [yapo] 30 avisos vía tarjetas
15:28:34 INFO      yapo: 90 avisos en 7s
15:28:34 INFO    Barriendo Economicos (El Mercurio) (economicos)…
15:28:34 WARNING https://www.economicos.cl/search/propiedades/vitacura/arriendo/departamento/0 respondió 403
15:28:34 INFO    [economicos] https://www.economicos.cl/search/propiedades/vitacura/arriendo/departamento/0 rebotó al GET; se reintenta con navegador
15:28:35 DEBUG   [bienesonline] 17 avisos vía tarjetas
15:28:35 INFO      bienesonline: 17 avisos en 2s
15:28:35 INFO    Barriendo iCasas (icasas)…
15:28:35 DEBUG   La red no quedó en silencio en https://www.toctoc.com/arriendo/departamento/metropolitana/vitacura/3-dormitorios; se lee igual
15:28:35 DEBUG   [icasas] 15 avisos vía tarjetas
15:28:36 DEBUG   [toctoc] 20 avisos vía json-ld
15:28:37 INFO      economicos: 0 avisos en 3s
15:28:37 INFO    Barriendo Doomos (doomos)…
15:28:37 DEBUG   [icasas] 15 avisos vía tarjetas
15:28:37 INFO      icasas: 30 avisos en 3s
15:28:37 INFO    Barriendo Top Propiedades (toppropiedades)…
15:28:39 DEBUG   [doomos] 32 avisos vía tarjetas
15:28:39 INFO      doomos: 32 avisos en 2s
15:28:39 INFO    Barriendo Nuroa (nuroa)…
15:28:40 DEBUG   Encoding detection: ascii is most likely the one.
15:28:41 DEBUG   [nuroa] 25 avisos vía json-ld
15:28:42 DEBUG   [toppropiedades] 1 avisos vía json-ld
15:28:43 DEBUG   [nuroa] 25 avisos vía json-ld
15:28:44 DEBUG   La red no quedó en silencio en https://www.toctoc.com/arriendo/departamento/metropolitana/vitacura/3-dormitorios?pagina=2; se lee igual
15:28:44 DEBUG   [toppropiedades] 1 avisos vía json-ld
15:28:44 DEBUG   [toctoc] 20 avisos vía json-ld
15:28:45 DEBUG   [nuroa] 25 avisos vía json-ld
15:28:46 DEBUG   [toppropiedades] 1 avisos vía json-ld
15:28:47 DEBUG   [nuroa] 25 avisos vía json-ld
15:28:47 INFO      nuroa: 100 avisos en 9s
15:28:47 INFO    Barriendo Mitula (mitula)…
15:28:48 DEBUG   [toppropiedades] 1 avisos vía json-ld
15:28:50 DEBUG   [toppropiedades] 1 avisos vía json-ld
15:28:50 DEBUG   [mitula] 30 avisos vía json-ld
15:28:52 DEBUG   [mitula] 30 avisos vía json-ld
15:28:52 INFO      mitula: 60 avisos en 5s
15:28:52 INFO    Barriendo Houm (houm)…
15:28:52 DEBUG   [toppropiedades] 1 avisos vía json-ld
15:28:53 DEBUG   [toctoc] 20 avisos vía json-ld
15:28:54 DEBUG   [toppropiedades] 1 avisos vía json-ld
15:28:56 DEBUG   [toppropiedades] 1 avisos vía json-ld
15:28:56 INFO      toppropiedades: 8 avisos en 19s
15:28:56 INFO    Barriendo Hey! Homes (heyhomes)…
15:28:59 DEBUG   [heyhomes] 9 avisos vía tarjetas
15:28:59 INFO      heyhomes: 9 avisos en 3s
15:28:59 INFO    Barriendo Engel & Völkers (engelvoelkers)…
15:29:00 DEBUG   La red no quedó en silencio en https://houm.com/cl/arriendo-departamentos-region-metropolitana/vitacura/3-dormitorios; se lee igual
15:29:00 DEBUG   [houm] 28 avisos vía json-ld
15:29:03 DEBUG   [goplaceit] 30 avisos vía json-ld
15:29:03 DEBUG   [toctoc] 20 avisos vía json-ld
15:29:06 DEBUG   [engelvoelkers] 15 avisos vía tarjetas
15:29:06 INFO      engelvoelkers: 15 avisos en 8s
15:29:06 INFO    Barriendo RE/MAX Chile (remax)…
15:29:11 DEBUG   La red no quedó en silencio en https://houm.com/cl/arriendo-departamento-región-metropolitana/las-condes/170742; se lee igual
15:29:11 DEBUG   [houm] 1 avisos vía estado-embebido
15:29:15 INFO      remax: 0 avisos en 9s
15:29:15 INFO    Barriendo Fuenzalida Propiedades (fuenzalida)…
15:29:17 DEBUG   La red no quedó en silencio en https://www.toctoc.com/arriendo/departamento/metropolitana/vitacura/4-dormitorios?pagina=2; se lee igual
15:29:18 DEBUG   [toctoc] 20 avisos vía json-ld
15:29:18 DEBUG   [fuenzalida] 16 avisos vía tarjetas
15:29:22 DEBUG   [fuenzalida] 20 avisos vía tarjetas
15:29:25 DEBUG   [fuenzalida] 20 avisos vía tarjetas
15:29:25 INFO      fuenzalida: 56 avisos en 10s
15:29:25 INFO    Barriendo Century 21 Chile (century21)…
15:29:25 DEBUG   [toctoc] 3 avisos vía json-ld
15:29:25 INFO      toctoc: 103 avisos en 58s
15:29:25 INFO    Barriendo Property Partners (propertypartners)…
15:29:26 DEBUG   La red no quedó en silencio en https://houm.com/cl/arriendo-departamento-región-metropolitana/las-condes/175757; se lee igual
15:29:26 DEBUG   [houm] 1 avisos vía estado-embebido
15:29:26 DEBUG   [propertypartners] 1 avisos vía tarjetas
15:29:26 INFO      propertypartners: 1 avisos en 1s
15:29:26 INFO    Barriendo Acceso Inmobiliario (accesoinmobiliario)…
15:29:26 INFO      century21: 0 avisos en 1s
15:29:26 INFO    Barriendo Magnolia Property (magnoliaproperty)…
15:29:26 DEBUG   [magnoliaproperty] 6 avisos vía tarjetas
15:29:26 INFO      magnoliaproperty: 6 avisos en 0s
15:29:26 INFO    Barriendo Portilla Propiedades (portillapropiedades)…
15:29:27 DEBUG   [portillapropiedades] 2 avisos vía tarjetas
15:29:27 INFO      portillapropiedades: 2 avisos en 1s
15:29:27 INFO    Barriendo Nativo Propiedades (nativopropiedades)…
15:29:28 DEBUG   [nativopropiedades] 7 avisos vía tarjetas
15:29:28 INFO      nativopropiedades: 7 avisos en 1s
15:29:28 INFO    Barriendo Enlace Inmobiliario (enlaceinmobiliario)…
15:29:28 WARNING https://www.enlaceinmobiliario.cl/ respondió 403
15:29:28 INFO    [enlaceinmobiliario] https://www.enlaceinmobiliario.cl/ rebotó al GET; se reintenta con navegador
15:29:32 DEBUG   [accesoinmobiliario] 15 avisos vía tarjetas
15:29:34 DEBUG   La red no quedó en silencio en https://houm.com/cl/arriendo-departamento-región-metropolitana/ñuñoa/174379; se lee igual
15:29:34 DEBUG   [houm] 1 avisos vía estado-embebido
15:29:37 INFO      enlaceinmobiliario: 0 avisos en 9s
15:29:37 INFO    Barriendo Rentas.cl (rentas_cl)…
15:29:39 DEBUG   [rentas_cl] 1 avisos vía json-ld
15:29:39 INFO      rentas_cl: 1 avisos en 2s
15:29:39 INFO    Barriendo Arriendos.cl (arriendos_cl)…
15:29:39 DEBUG   [accesoinmobiliario] 1 avisos vía tarjetas
15:29:40 INFO      arriendos_cl: 0 avisos en 1s
15:29:40 INFO    Barriendo Propiedades.cl (propiedades_cl)…
15:29:41 DEBUG   [propiedades_cl] 6 avisos vía tarjetas
15:29:41 INFO      propiedades_cl: 6 avisos en 0s
15:29:41 INFO    Barriendo Clasificados.cl (clasificados_cl)…
15:29:43 DEBUG   [clasificados_cl] 1 avisos vía tarjetas
15:29:43 INFO      clasificados_cl: 1 avisos en 3s
15:29:45 DEBUG   La red no quedó en silencio en https://houm.com/cl/arriendo-departamento-región-metropolitana/recoleta/178185; se lee igual
15:29:45 DEBUG   [houm] 1 avisos vía estado-embebido
15:29:55 DEBUG   [goplaceit] 30 avisos vía json-ld
15:29:56 DEBUG   La red no quedó en silencio en https://houm.com/cl/arriendo-departamento-región-metropolitana/las-condes/177842; se lee igual
15:29:56 DEBUG   [houm] 1 avisos vía estado-embebido
15:29:57 DEBUG   [accesoinmobiliario] 1 avisos vía tarjetas
15:30:02 INFO      accesoinmobiliario: 17 avisos en 36s
15:30:05 DEBUG   La red no quedó en silencio en https://houm.com/cl/arriendo-departamento-región-metropolitana/recoleta/176958; se lee igual
15:30:05 DEBUG   [houm] 1 avisos vía estado-embebido
15:30:12 DEBUG   La red no quedó en silencio en https://houm.com/cl/arriendo-departamento-región-metropolitana/recoleta/90462; se lee igual
15:30:13 DEBUG   [houm] 1 avisos vía estado-embebido
15:30:20 DEBUG   La red no quedó en silencio en https://houm.com/cl/arriendo-departamento-región-metropolitana/ñuñoa/148216; se lee igual
15:30:20 DEBUG   [houm] 1 avisos vía estado-embebido
15:30:20 INFO      houm: 36 avisos en 88s
15:30:21 INFO      goplaceit: 90 avisos en 114s
15:30:21 INFO    Total crudo: 740 avisos
15:30:22 INFO    Después de deduplicar: 472
15:30:22 INFO    Pasaron los filtros: 51
15:30:48 DEBUG   [doomos] 18 avisos vía tarjetas
15:30:48 DEBUG   Ficha de YVT22 sin candidato propio; no se fusiona
15:30:49 DEBUG   Ficha de HW5MX sin candidato propio; no se fusiona
15:30:50 DEBUG   [doomos] 27 avisos vía tarjetas
15:30:50 DEBUG   Ficha de U44VT sin candidato propio; no se fusiona
15:30:52 DEBUG   [doomos] 27 avisos vía tarjetas
15:30:52 DEBUG   Ficha de KNAE9 sin candidato propio; no se fusiona
15:30:54 DEBUG   [doomos] 27 avisos vía tarjetas
15:30:54 DEBUG   Ficha de PR3QK sin candidato propio; no se fusiona
15:30:56 DEBUG   [doomos] 27 avisos vía tarjetas
15:30:56 DEBUG   Ficha de 2HWEW sin candidato propio; no se fusiona
15:30:58 DEBUG   [doomos] 27 avisos vía tarjetas
15:30:58 DEBUG   Ficha de ZWNAN sin candidato propio; no se fusiona
15:31:03 DEBUG   [toctoc] 1 avisos vía estado-embebido
15:31:04 DEBUG   [busconido] 10 avisos vía tarjetas
15:31:04 DEBUG   Ficha de JX7T6 sin candidato propio; no se fusiona
15:31:06 DEBUG   [busconido] 10 avisos vía tarjetas
15:31:06 DEBUG   Ficha de 8ZVSG sin candidato propio; no se fusiona
15:31:08 DEBUG   [busconido] 10 avisos vía tarjetas
15:31:08 DEBUG   Ficha de KTFQD sin candidato propio; no se fusiona
15:31:10 DEBUG   [busconido] 11 avisos vía tarjetas
15:31:10 DEBUG   Ficha de E8QZY sin candidato propio; no se fusiona
15:31:11 DEBUG   [busconido] 11 avisos vía tarjetas
15:31:11 DEBUG   Ficha de 46TGY sin candidato propio; no se fusiona
15:31:15 INFO    Enriquecido y descartado: YAVJA (arriendo de $3.517.371 sobre el máximo negociable de $1.904.000)
15:31:19 INFO    Enriquecido y descartado: CC2AY (arriendo de $2.032.258 sobre el máximo negociable de $1.904.000)
15:31:19 DEBUG   [busconido] 10 avisos vía tarjetas
15:31:19 DEBUG   Ficha de 93APS sin candidato propio; no se fusiona
15:31:21 DEBUG   [busconido] 10 avisos vía tarjetas
15:31:21 DEBUG   Ficha de 45SXZ sin candidato propio; no se fusiona
15:31:23 DEBUG   [doomos] 18 avisos vía tarjetas
15:31:23 DEBUG   Ficha de J5JN4 sin candidato propio; no se fusiona
15:31:29 DEBUG   [toctoc] 1 avisos vía estado-embebido
15:31:34 DEBUG   [doomos] 27 avisos vía tarjetas
15:31:34 DEBUG   Ficha de P8XMT sin candidato propio; no se fusiona
15:31:38 DEBUG   [engelvoelkers] 1 avisos vía json-ld
15:31:39 DEBUG   [mitula] 3 avisos vía tarjetas
15:31:46 DEBUG   [toctoc] 1 avisos vía estado-embebido
15:31:51 DEBUG   [toctoc] 1 avisos vía estado-embebido
15:31:57 DEBUG   [toctoc] 1 avisos vía estado-embebido
15:32:06 DEBUG   [toctoc] 1 avisos vía estado-embebido
15:32:11 DEBUG   [toctoc] 1 avisos vía estado-embebido
15:32:12 DEBUG   [chilepropiedades] 2 avisos vía json-ld
15:32:18 DEBUG   [toctoc] 1 avisos vía estado-embebido
15:32:24 DEBUG   [toctoc] 1 avisos vía estado-embebido
15:32:27 INFO    Enriquecido y descartado: 75BRH (arriendo de $2.931.142 sobre el máximo negociable de $1.904.000)
15:32:53 INFO    Enriquecido y descartado: 75BRH (arriendo de $1.954.095 sobre el máximo negociable de $1.904.000)
15:33:09 DEBUG   [toctoc] 1 avisos vía estado-embebido
15:33:20 DEBUG   La red no quedó en silencio en https://www.toctoc.com/arriendo/departamento/metropolitana/vitacura/b_5a37b5df7f9d79c4bd1ab716a6babbded3d95b42; se lee igual
15:33:20 DEBUG   [toctoc] 1 avisos vía estado-embebido
15:33:26 DEBUG   [toctoc] 1 avisos vía estado-embebido
15:33:29 INFO    Enriquecido y descartado: 75BRH (arriendo de $4.299.009 sobre el máximo negociable de $1.904.000)
15:33:33 INFO    Fichas leídas: 51 — 0 ganaron el año, 0 la dirección; 5 se descartaron al verlas (0 por viejos)
15:33:34 INFO    Listo: 0 avisados de 46 candidatos
