21:05:36 INFO    UF = $41.057.20 (API del día)
21:05:36 INFO    Barriendo TocToc (toctoc)…
21:05:36 INFO    Barriendo Chilepropiedades (chilepropiedades)…
21:05:36 INFO    Barriendo GoPlaceIt (goplaceit)…
21:05:36 INFO    Barriendo Yapo (yapo)…
21:05:36 WARNING https://www.yapo.cl/bienes-raices-alquiler-apartamentos/region-metropolitana-vitacura respondió 403
21:05:36 INFO    [yapo] https://www.yapo.cl/bienes-raices-alquiler-apartamentos/region-metropolitana-vitacura rebotó al GET; se reintenta con navegador
21:05:36 DEBUG   [chilepropiedades] 10 avisos vía tarjetas
21:05:38 DEBUG   [chilepropiedades] 10 avisos vía tarjetas
21:05:40 DEBUG   [goplaceit] 30 avisos vía json-ld
21:05:40 DEBUG   [chilepropiedades] 10 avisos vía tarjetas
21:05:40 INFO      chilepropiedades: 30 avisos en 5s
21:05:40 INFO    Barriendo BuscoNido (busconido)…
21:05:41 DEBUG   [busconido] 23 avisos vía tarjetas
21:05:41 INFO      busconido: 23 avisos en 1s
21:05:41 INFO    Barriendo BienesOnline (bienesonline)…
21:05:42 DEBUG   [bienesonline] 13 avisos vía tarjetas
21:05:42 INFO      bienesonline: 13 avisos en 1s
21:05:42 INFO    Barriendo Economicos (El Mercurio) (economicos)…
21:05:43 WARNING https://www.economicos.cl/search/propiedades/vitacura/arriendo/departamento/0 respondió 403
21:05:43 INFO    [economicos] https://www.economicos.cl/search/propiedades/vitacura/arriendo/departamento/0 rebotó al GET; se reintenta con navegador
21:05:44 DEBUG   [toctoc] 20 avisos vía json-ld
21:05:46 DEBUG   La red no quedó en silencio en https://www.yapo.cl/bienes-raices-alquiler-apartamentos/region-metropolitana-vitacura; se lee igual
21:05:47 INFO      yapo: 0 avisos en 11s
21:05:47 INFO    Barriendo iCasas (icasas)…
21:05:47 DEBUG   [icasas] 15 avisos vía tarjetas
21:05:48 INFO      economicos: 0 avisos en 6s
21:05:48 INFO    Barriendo Doomos (doomos)…
21:05:49 DEBUG   [icasas] 15 avisos vía tarjetas
21:05:49 INFO      icasas: 30 avisos en 2s
21:05:49 INFO    Barriendo Top Propiedades (toppropiedades)…
21:05:51 DEBUG   [doomos] 33 avisos vía tarjetas
21:05:51 INFO      doomos: 33 avisos en 2s
21:05:51 INFO    Barriendo Nuroa (nuroa)…
21:05:52 DEBUG   Encoding detection: ascii is most likely the one.
21:05:53 DEBUG   [nuroa] 25 avisos vía json-ld
21:05:53 DEBUG   [toppropiedades] 1 avisos vía json-ld
21:05:54 DEBUG   [nuroa] 25 avisos vía json-ld
21:05:55 DEBUG   [toppropiedades] 1 avisos vía json-ld
21:05:55 DEBUG   [toctoc] 20 avisos vía json-ld
21:05:56 DEBUG   [nuroa] 25 avisos vía json-ld
21:05:57 DEBUG   [toppropiedades] 1 avisos vía json-ld
21:05:58 DEBUG   [nuroa] 25 avisos vía json-ld
21:05:59 INFO      nuroa: 100 avisos en 8s
21:05:59 INFO    Barriendo Mitula (mitula)…
21:05:59 DEBUG   [toppropiedades] 1 avisos vía json-ld
21:06:01 DEBUG   [mitula] 30 avisos vía json-ld
21:06:01 DEBUG   [toppropiedades] 1 avisos vía json-ld
21:06:02 DEBUG   [mitula] 30 avisos vía json-ld
21:06:03 INFO      mitula: 60 avisos en 4s
21:06:03 INFO    Barriendo Houm (houm)…
21:06:03 DEBUG   La red no quedó en silencio en https://www.toctoc.com/arriendo/departamento/metropolitana/vitacura/3-dormitorios?pagina=3; se lee igual
21:06:03 DEBUG   [toctoc] 18 avisos vía json-ld
21:06:03 DEBUG   [toppropiedades] 1 avisos vía json-ld
21:06:05 DEBUG   [toppropiedades] 1 avisos vía json-ld
21:06:07 DEBUG   [toppropiedades] 1 avisos vía json-ld
21:06:07 INFO      toppropiedades: 8 avisos en 18s
21:06:07 INFO    Barriendo Hey! Homes (heyhomes)…
21:06:10 DEBUG   [heyhomes] 9 avisos vía tarjetas
21:06:10 INFO      heyhomes: 9 avisos en 3s
21:06:10 INFO    Barriendo Engel & Völkers (engelvoelkers)…
21:06:10 DEBUG   La red no quedó en silencio en https://houm.com/cl/arriendo-departamentos-region-metropolitana/vitacura/3-dormitorios; se lee igual
21:06:10 DEBUG   [houm] 28 avisos vía json-ld
21:06:12 DEBUG   La red no quedó en silencio en https://www.toctoc.com/arriendo/departamento/metropolitana/vitacura/4-dormitorios; se lee igual
21:06:13 DEBUG   [toctoc] 20 avisos vía json-ld
21:06:17 DEBUG   [engelvoelkers] 16 avisos vía tarjetas
21:06:17 INFO      engelvoelkers: 16 avisos en 7s
21:06:17 INFO    Barriendo RE/MAX Chile (remax)…
21:06:22 DEBUG   La red no quedó en silencio en https://houm.com/cl/arriendo-departamento-región-metropolitana/las-condes/170742; se lee igual
21:06:22 DEBUG   [houm] 1 avisos vía estado-embebido
21:06:24 DEBUG   La red no quedó en silencio en https://www.toctoc.com/arriendo/departamento/metropolitana/vitacura/4-dormitorios?pagina=2; se lee igual
21:06:24 DEBUG   [toctoc] 15 avisos vía json-ld
21:06:25 DEBUG   [goplaceit] 30 avisos vía json-ld
21:06:28 INFO      remax: 0 avisos en 11s
21:06:28 INFO    Barriendo Fuenzalida Propiedades (fuenzalida)…
21:06:31 DEBUG   [fuenzalida] 16 avisos vía tarjetas
21:06:32 DEBUG   La red no quedó en silencio en https://houm.com/cl/arriendo-departamento-región-metropolitana/lo-barnechea/74201; se lee igual
21:06:33 DEBUG   [houm] 1 avisos vía estado-embebido
21:06:34 DEBUG   [fuenzalida] 20 avisos vía tarjetas
21:06:35 DEBUG   La red no quedó en silencio en https://www.toctoc.com/arriendo/departamento/metropolitana/vitacura/4-dormitorios?pagina=3; se lee igual
21:06:35 DEBUG   [toctoc] 20 avisos vía json-ld
21:06:35 INFO      toctoc: 113 avisos en 60s
21:06:35 INFO    Barriendo Century 21 Chile (century21)…
21:06:36 INFO      century21: 0 avisos en 1s
21:06:36 INFO    Barriendo Property Partners (propertypartners)…
21:06:37 DEBUG   [propertypartners] 1 avisos vía tarjetas
21:06:37 INFO      propertypartners: 1 avisos en 1s
21:06:37 INFO    Barriendo Acceso Inmobiliario (accesoinmobiliario)…
21:06:37 DEBUG   [fuenzalida] 20 avisos vía tarjetas
21:06:37 INFO      fuenzalida: 56 avisos en 9s
21:06:37 INFO    Barriendo Magnolia Property (magnoliaproperty)…
21:06:38 DEBUG   [magnoliaproperty] 8 avisos vía tarjetas
21:06:38 INFO      magnoliaproperty: 8 avisos en 1s
21:06:38 INFO    Barriendo Portilla Propiedades (portillapropiedades)…
21:06:38 DEBUG   [portillapropiedades] 2 avisos vía tarjetas
21:06:38 INFO      portillapropiedades: 2 avisos en 1s
21:06:38 INFO    Barriendo Nativo Propiedades (nativopropiedades)…
21:06:39 DEBUG   [nativopropiedades] 10 avisos vía tarjetas
21:06:39 INFO      nativopropiedades: 10 avisos en 1s
21:06:39 INFO    Barriendo Enlace Inmobiliario (enlaceinmobiliario)…
21:06:40 WARNING https://www.enlaceinmobiliario.cl/ respondió 403
21:06:40 INFO    [enlaceinmobiliario] https://www.enlaceinmobiliario.cl/ rebotó al GET; se reintenta con navegador
21:06:42 DEBUG   La red no quedó en silencio en https://houm.com/cl/arriendo-departamento-región-metropolitana/recoleta/179872; se lee igual
21:06:43 DEBUG   [houm] 1 avisos vía estado-embebido
21:06:44 DEBUG   [accesoinmobiliario] 15 avisos vía tarjetas
21:06:46 INFO      enlaceinmobiliario: 0 avisos en 7s
21:06:46 INFO    Barriendo Rentas.cl (rentas_cl)…
21:06:54 DEBUG   La red no quedó en silencio en https://houm.com/cl/arriendo-departamento-región-metropolitana/recoleta/178185; se lee igual
21:06:54 DEBUG   [houm] 1 avisos vía estado-embebido
21:06:56 DEBUG   [accesoinmobiliario] 1 avisos vía tarjetas
21:07:00 DEBUG   [accesoinmobiliario] 1 avisos vía tarjetas
21:07:03 DEBUG   La red no quedó en silencio en https://houm.com/cl/arriendo-departamento-región-metropolitana/recoleta/176207; se lee igual
21:07:03 DEBUG   [houm] 1 avisos vía estado-embebido
21:07:06 DEBUG   [accesoinmobiliario] 1 avisos vía tarjetas
21:07:08 DEBUG   [goplaceit] 30 avisos vía json-ld
21:07:11 DEBUG   [accesoinmobiliario] 1 avisos vía tarjetas
21:07:11 DEBUG   La red no quedó en silencio en https://houm.com/cl/arriendo-departamento-región-metropolitana/las-condes/177842; se lee igual
21:07:11 DEBUG   [houm] 1 avisos vía estado-embebido
21:07:13 DEBUG   [accesoinmobiliario] 1 avisos vía tarjetas
21:07:17 DEBUG   [accesoinmobiliario] 1 avisos vía tarjetas
21:07:17 DEBUG   [rentas_cl] 1 avisos vía json-ld
21:07:17 INFO      rentas_cl: 1 avisos en 31s
21:07:17 INFO    Barriendo Arriendos.cl (arriendos_cl)…
21:07:18 INFO      arriendos_cl: 0 avisos en 1s
21:07:18 INFO    Barriendo Propiedades.cl (propiedades_cl)…
21:07:19 DEBUG   [propiedades_cl] 6 avisos vía tarjetas
21:07:19 INFO      propiedades_cl: 6 avisos en 1s
21:07:19 INFO    Barriendo Clasificados.cl (clasificados_cl)…
21:07:21 DEBUG   La red no quedó en silencio en https://houm.com/cl/arriendo-departamento-región-metropolitana/recoleta/176958; se lee igual
21:07:21 DEBUG   [houm] 1 avisos vía estado-embebido
21:07:22 DEBUG   [clasificados_cl] 1 avisos vía tarjetas
21:07:22 INFO      clasificados_cl: 1 avisos en 3s
21:07:23 DEBUG   [accesoinmobiliario] 1 avisos vía tarjetas
21:07:23 INFO      accesoinmobiliario: 22 avisos en 46s
21:07:30 DEBUG   La red no quedó en silencio en https://houm.com/cl/arriendo-departamento-región-metropolitana/recoleta/90462; se lee igual
21:07:30 DEBUG   [houm] 1 avisos vía estado-embebido
21:07:30 INFO      houm: 36 avisos en 88s
21:07:35 INFO      goplaceit: 90 avisos en 119s
21:07:35 INFO    Total crudo: 668 avisos
21:07:36 INFO    Después de deduplicar: 502
21:07:36 INFO    Pasaron los filtros: 58
21:08:02 DEBUG   [doomos] 18 avisos vía tarjetas
21:08:02 DEBUG   Ficha de YVT22 sin candidato propio; no se fusiona
21:08:04 DEBUG   Ficha de HW5MX sin candidato propio; no se fusiona
21:08:05 DEBUG   [doomos] 27 avisos vía tarjetas
21:08:05 DEBUG   Ficha de U44VT sin candidato propio; no se fusiona
21:08:09 DEBUG   [doomos] 27 avisos vía tarjetas
21:08:09 DEBUG   Ficha de KNAE9 sin candidato propio; no se fusiona
21:08:12 DEBUG   [doomos] 27 avisos vía tarjetas
21:08:12 DEBUG   Ficha de PR3QK sin candidato propio; no se fusiona
21:08:21 DEBUG   [doomos] 27 avisos vía tarjetas
21:08:21 DEBUG   Ficha de 2HWEW sin candidato propio; no se fusiona
21:08:31 DEBUG   [doomos] 27 avisos vía tarjetas
21:08:31 DEBUG   Ficha de ZWNAN sin candidato propio; no se fusiona
21:08:36 DEBUG   Pin del mapa para RKEHY: -33.37711, -70.54439
21:08:36 DEBUG   [toctoc] 1 avisos vía estado-embebido
21:08:43 DEBUG   [toctoc] 1 avisos vía estado-embebido
21:08:47 DEBUG   Pin del mapa para T4FAW: -33.40457, -70.59423
21:08:47 DEBUG   [toctoc] 1 avisos vía estado-embebido
21:08:50 DEBUG   [doomos] 27 avisos vía tarjetas
21:08:50 DEBUG   Ficha de FQ6XQ sin candidato propio; no se fusiona
21:08:51 DEBUG   [busconido] 10 avisos vía tarjetas
21:08:51 DEBUG   Ficha de ZZ3U5 sin candidato propio; no se fusiona
21:08:53 DEBUG   [busconido] 11 avisos vía tarjetas
21:08:53 DEBUG   Ficha de KYGF2 sin candidato propio; no se fusiona
21:08:57 INFO    Enriquecido y descartado: YAVJA (arriendo de $3.517.371 sobre el máximo negociable de $1.904.000)
21:08:57 DEBUG   [busconido] 11 avisos vía tarjetas
21:08:57 DEBUG   Ficha de C7Q5F sin candidato propio; no se fusiona
21:09:05 INFO    Enriquecido y descartado: CC2AY (arriendo de $2.032.258 sobre el máximo negociable de $1.904.000)
21:09:06 DEBUG   [busconido] 10 avisos vía tarjetas
21:09:06 DEBUG   Ficha de CTTGX sin candidato propio; no se fusiona
21:09:07 DEBUG   [busconido] 10 avisos vía tarjetas
21:09:07 DEBUG   Ficha de QPVS4 sin candidato propio; no se fusiona
21:09:11 INFO    Enriquecido y descartado: 7DKB3 (arriendo de $2.266.750 sobre el máximo negociable de $1.904.000)
21:09:13 DEBUG   [doomos] 18 avisos vía tarjetas
21:09:13 DEBUG   Ficha de J5JN4 sin candidato propio; no se fusiona
21:09:19 DEBUG   [toctoc] 1 avisos vía estado-embebido
21:09:27 DEBUG   [engelvoelkers] 1 avisos vía json-ld
21:09:33 DEBUG   [doomos] 27 avisos vía tarjetas
21:09:33 DEBUG   Ficha de P8XMT sin candidato propio; no se fusiona
21:09:38 DEBUG   [toctoc] 1 avisos vía estado-embebido
21:09:43 DEBUG   [toctoc] 1 avisos vía estado-embebido
21:09:48 DEBUG   [toctoc] 1 avisos vía estado-embebido
21:09:52 DEBUG   [toctoc] 1 avisos vía estado-embebido
21:10:00 DEBUG   Ficha de 3U2S4 sin candidato propio; no se fusiona
21:10:05 DEBUG   [toctoc] 1 avisos vía estado-embebido
21:10:10 DEBUG   [toctoc] 1 avisos vía estado-embebido
21:10:10 WARNING robots.txt no permite https://www.nuroa.cl/adform/10342-912-b45c-1a0ce6e-984c-ada286d9a1f6-77e4?click_type=0&pos=2&searchType=2&page=2&section=1&t_sec=1&sectionType=1&pageViewId=dc921045-5069-4a4a-bf38-29e5fd372d5c&t_pvid=dc921045-5069-4a4a-bf38-29e5fd372d5c&userAgent=Mozilla%2F5.0+%28compatible%3B+radar-arriendos%2F1.0%3B+uso+personal%2C+busqueda+de+arriendo%3B+%2Bhttps%3A%2F%2Fgithub.com%2Falfonsoandona%2Farriendos-vitacura%29&browser=1&isHuman=true&userIp=57.154.4.172&what=vitacura+departamento&search_terms=vitacura+departamento&origin=1&t_or=1&splitTestId=0 — se omite
21:10:15 DEBUG   [toctoc] 1 avisos vía estado-embebido
21:10:39 INFO    Enriquecido y descartado: 75BRH (arriendo de $2.149.504 sobre el máximo negociable de $1.904.000)
21:10:42 INFO    Enriquecido y descartado: 75BRH (arriendo de $1.954.095 sobre el máximo negociable de $1.904.000)
21:10:59 DEBUG   [toctoc] 1 avisos vía estado-embebido
21:11:03 WARNING robots.txt no permite https://www.nuroa.cl/adform/10342-912-3e9b-1a0e30e-bd4c-4f30fb45531b-7a22?click_type=0&pos=9&searchType=1&page=1&section=1&t_sec=1&sectionType=1&pageViewId=aa8db3fa-c575-440c-8d2c-7e54fdc4c209&t_pvid=aa8db3fa-c575-440c-8d2c-7e54fdc4c209&userAgent=Mozilla%2F5.0+%28compatible%3B+radar-arriendos%2F1.0%3B+uso+personal%2C+busqueda+de+arriendo%3B+%2Bhttps%3A%2F%2Fgithub.com%2Falfonsoandona%2Farriendos-vitacura%29&browser=1&isHuman=true&userIp=57.154.4.172&what=vitacura+departamento&search_terms=vitacura+departamento&origin=1&t_or=1&splitTestId=0 — se omite
21:11:03 WARNING robots.txt no permite https://www.nuroa.cl/adform/10342-912-e7f8-1a0a016-97e0-4460cb69457-7a3c?click_type=0&pos=16&searchType=1&page=3&section=1&t_sec=1&sectionType=1&pageViewId=58e3a756-6d47-4262-84f1-f09695ec6f6e&t_pvid=58e3a756-6d47-4262-84f1-f09695ec6f6e&userAgent=Mozilla%2F5.0+%28compatible%3B+radar-arriendos%2F1.0%3B+uso+personal%2C+busqueda+de+arriendo%3B+%2Bhttps%3A%2F%2Fgithub.com%2Falfonsoandona%2Farriendos-vitacura%29&browser=1&isHuman=true&userIp=57.154.4.172&what=vitacura+departamento&search_terms=vitacura+departamento&origin=1&t_or=1&splitTestId=0 — se omite
21:11:03 DEBUG   [bienesonline] 2 avisos vía json-ld
21:11:09 DEBUG   [toctoc] 1 avisos vía estado-embebido
21:11:12 INFO    Enriquecido y descartado: 75BRH (arriendo de $4.299.009 sobre el máximo negociable de $1.904.000)
21:11:16 INFO    Fichas leídas: 58 — 0 ganaron el año, 1 la dirección; 6 se descartaron al verlas (0 por viejos)
21:11:17 INFO    Listo: 0 avisados de 52 candidatos
