02:35:24 INFO    UF = $41.114.54 (API del día)
02:35:24 INFO    Barriendo TocToc (toctoc)…
02:35:24 INFO    Barriendo Chilepropiedades (chilepropiedades)…
02:35:24 INFO    Barriendo GoPlaceIt (goplaceit)…
02:35:24 INFO    Barriendo Yapo (yapo)…
02:35:24 WARNING https://www.yapo.cl/bienes-raices-alquiler-apartamentos/region-metropolitana-vitacura respondió 403
02:35:24 INFO    [yapo] https://www.yapo.cl/bienes-raices-alquiler-apartamentos/region-metropolitana-vitacura rebotó al GET; se reintenta con navegador
02:35:24 DEBUG   [chilepropiedades] 10 avisos vía tarjetas
02:35:26 DEBUG   [chilepropiedades] 10 avisos vía tarjetas
02:35:27 DEBUG   [goplaceit] 30 avisos vía json-ld
02:35:28 DEBUG   [chilepropiedades] 10 avisos vía tarjetas
02:35:28 INFO      chilepropiedades: 30 avisos en 5s
02:35:28 INFO    Barriendo BuscoNido (busconido)…
02:35:29 DEBUG   [busconido] 23 avisos vía tarjetas
02:35:29 INFO      busconido: 23 avisos en 1s
02:35:29 INFO    Barriendo BienesOnline (bienesonline)…
02:35:29 DEBUG   [toctoc] 20 avisos vía json-ld
02:35:30 DEBUG   [bienesonline] 13 avisos vía tarjetas
02:35:30 INFO      bienesonline: 13 avisos en 1s
02:35:30 INFO    Barriendo Economicos (El Mercurio) (economicos)…
02:35:31 DEBUG   [economicos] 20 avisos vía tarjetas
02:35:33 DEBUG   [economicos] 18 avisos vía tarjetas
02:35:34 DEBUG   La red no quedó en silencio en https://www.yapo.cl/bienes-raices-alquiler-apartamentos/region-metropolitana-vitacura; se lee igual
02:35:34 INFO      yapo: 0 avisos en 10s
02:35:34 INFO    Barriendo iCasas (icasas)…
02:35:34 DEBUG   [icasas] 15 avisos vía tarjetas
02:35:35 DEBUG   [economicos] 13 avisos vía tarjetas
02:35:35 INFO      economicos: 51 avisos en 4s
02:35:35 INFO    Barriendo Doomos (doomos)…
02:35:36 DEBUG   [icasas] 15 avisos vía tarjetas
02:35:36 INFO      icasas: 30 avisos en 3s
02:35:36 INFO    Barriendo Top Propiedades (toppropiedades)…
02:35:37 DEBUG   [doomos] 32 avisos vía tarjetas
02:35:37 INFO      doomos: 32 avisos en 3s
02:35:37 INFO    Barriendo Nuroa (nuroa)…
02:35:38 DEBUG   Encoding detection: ascii is most likely the one.
02:35:39 DEBUG   [toctoc] 20 avisos vía json-ld
02:35:39 DEBUG   [nuroa] 25 avisos vía json-ld
02:35:40 DEBUG   [toppropiedades] 1 avisos vía json-ld
02:35:41 DEBUG   [nuroa] 25 avisos vía json-ld
02:35:42 DEBUG   [toppropiedades] 1 avisos vía json-ld
02:35:43 DEBUG   [nuroa] 25 avisos vía json-ld
02:35:44 DEBUG   [toppropiedades] 1 avisos vía json-ld
02:35:45 DEBUG   [toctoc] 19 avisos vía json-ld
02:35:45 DEBUG   [nuroa] 25 avisos vía json-ld
02:35:45 INFO      nuroa: 100 avisos en 8s
02:35:45 INFO    Barriendo Mitula (mitula)…
02:35:46 DEBUG   [toppropiedades] 1 avisos vía json-ld
02:35:47 DEBUG   [mitula] 30 avisos vía json-ld
02:35:49 DEBUG   [mitula] 30 avisos vía json-ld
02:35:49 DEBUG   [toppropiedades] 1 avisos vía json-ld
02:35:49 INFO      mitula: 60 avisos en 4s
02:35:49 INFO    Barriendo Houm (houm)…
02:35:49 DEBUG   [toctoc] 20 avisos vía json-ld
02:35:50 DEBUG   [toppropiedades] 1 avisos vía json-ld
02:35:52 DEBUG   [toppropiedades] 1 avisos vía json-ld
02:35:54 DEBUG   [toppropiedades] 1 avisos vía json-ld
02:35:54 INFO      toppropiedades: 8 avisos en 18s
02:35:54 INFO    Barriendo Hey! Homes (heyhomes)…
02:35:56 DEBUG   La red no quedó en silencio en https://houm.com/cl/arriendo-departamentos-region-metropolitana/vitacura/3-dormitorios; se lee igual
02:35:56 DEBUG   [houm] 28 avisos vía json-ld
02:35:57 DEBUG   [heyhomes] 9 avisos vía tarjetas
02:35:57 INFO      heyhomes: 9 avisos en 2s
02:35:57 INFO    Barriendo Engel & Völkers (engelvoelkers)…
02:35:57 DEBUG   [toctoc] 13 avisos vía json-ld
02:35:59 DEBUG   [goplaceit] 30 avisos vía json-ld
02:36:02 DEBUG   [engelvoelkers] 18 avisos vía tarjetas
02:36:02 INFO      engelvoelkers: 18 avisos en 5s
02:36:02 INFO    Barriendo RE/MAX Chile (remax)…
02:36:04 DEBUG   La red no quedó en silencio en https://houm.com/cl/arriendo-departamento-región-metropolitana/las-condes/170742; se lee igual
02:36:04 DEBUG   [houm] 1 avisos vía estado-embebido
02:36:06 DEBUG   [toctoc] 20 avisos vía json-ld
02:36:06 INFO      toctoc: 112 avisos en 42s
02:36:06 INFO    Barriendo Fuenzalida Propiedades (fuenzalida)…
02:36:08 DEBUG   [fuenzalida] 16 avisos vía tarjetas
02:36:09 INFO      remax: 0 avisos en 7s
02:36:09 INFO    Barriendo Century 21 Chile (century21)…
02:36:10 DEBUG   [fuenzalida] 20 avisos vía tarjetas
02:36:10 INFO      century21: 0 avisos en 1s
02:36:10 INFO    Barriendo Property Partners (propertypartners)…
02:36:11 DEBUG   [propertypartners] 1 avisos vía tarjetas
02:36:11 INFO      propertypartners: 1 avisos en 0s
02:36:11 INFO    Barriendo Acceso Inmobiliario (accesoinmobiliario)…
02:36:12 DEBUG   [fuenzalida] 20 avisos vía tarjetas
02:36:12 INFO      fuenzalida: 56 avisos en 6s
02:36:12 INFO    Barriendo Magnolia Property (magnoliaproperty)…
02:36:12 DEBUG   [magnoliaproperty] 6 avisos vía tarjetas
02:36:12 INFO      magnoliaproperty: 6 avisos en 1s
02:36:12 INFO    Barriendo Portilla Propiedades (portillapropiedades)…
02:36:13 DEBUG   [portillapropiedades] 2 avisos vía tarjetas
02:36:13 INFO      portillapropiedades: 2 avisos en 0s
02:36:13 INFO    Barriendo Nativo Propiedades (nativopropiedades)…
02:36:13 DEBUG   [nativopropiedades] 10 avisos vía tarjetas
02:36:13 INFO      nativopropiedades: 10 avisos en 1s
02:36:13 INFO    Barriendo Enlace Inmobiliario (enlaceinmobiliario)…
02:36:14 WARNING https://www.enlaceinmobiliario.cl/ respondió 403
02:36:14 INFO    [enlaceinmobiliario] https://www.enlaceinmobiliario.cl/ rebotó al GET; se reintenta con navegador
02:36:14 DEBUG   [accesoinmobiliario] 15 avisos vía tarjetas
02:36:15 DEBUG   La red no quedó en silencio en https://houm.com/cl/arriendo-departamento-región-metropolitana/providencia/181498; se lee igual
02:36:15 DEBUG   [houm] 1 avisos vía estado-embebido
02:36:21 DEBUG   [accesoinmobiliario] 1 avisos vía tarjetas
02:36:21 DEBUG   La red no quedó en silencio en https://www.enlaceinmobiliario.cl/; se lee igual
02:36:22 INFO      enlaceinmobiliario: 0 avisos en 8s
02:36:22 INFO    Barriendo Rentas.cl (rentas_cl)…
02:36:24 DEBUG   [rentas_cl] 1 avisos vía json-ld
02:36:24 INFO      rentas_cl: 1 avisos en 2s
02:36:24 INFO    Barriendo Arriendos.cl (arriendos_cl)…
02:36:25 DEBUG   [arriendos_cl] 1 avisos vía tarjetas
02:36:25 INFO      arriendos_cl: 1 avisos en 1s
02:36:25 INFO    Barriendo Propiedades.cl (propiedades_cl)…
02:36:26 DEBUG   [propiedades_cl] 6 avisos vía tarjetas
02:36:26 INFO      propiedades_cl: 6 avisos en 1s
02:36:26 INFO    Barriendo Clasificados.cl (clasificados_cl)…
02:36:28 DEBUG   La red no quedó en silencio en https://houm.com/cl/arriendo-departamento-región-metropolitana/lo-barnechea/74201; se lee igual
02:36:28 DEBUG   [houm] 1 avisos vía estado-embebido
02:36:30 DEBUG   [clasificados_cl] 1 avisos vía tarjetas
02:36:30 INFO      clasificados_cl: 1 avisos en 4s
02:36:37 DEBUG   La red no quedó en silencio en https://houm.com/cl/arriendo-departamento-región-metropolitana/recoleta/178185; se lee igual
02:36:37 DEBUG   [houm] 1 avisos vía estado-embebido
02:36:39 DEBUG   [goplaceit] 30 avisos vía json-ld
02:36:45 DEBUG   La red no quedó en silencio en https://houm.com/cl/arriendo-departamento-región-metropolitana/recoleta/176207; se lee igual
02:36:45 DEBUG   [houm] 1 avisos vía estado-embebido
02:36:50 DEBUG   [accesoinmobiliario] 1 avisos vía tarjetas
02:36:53 DEBUG   La red no quedó en silencio en https://houm.com/cl/arriendo-departamento-región-metropolitana/las-condes/177842; se lee igual
02:36:53 DEBUG   [houm] 1 avisos vía estado-embebido
02:36:55 INFO      accesoinmobiliario: 17 avisos en 44s
02:37:01 DEBUG   La red no quedó en silencio en https://houm.com/cl/arriendo-departamento-región-metropolitana/recoleta/176958; se lee igual
02:37:01 DEBUG   [houm] 1 avisos vía estado-embebido
02:37:07 INFO      goplaceit: 90 avisos en 103s
02:37:08 DEBUG   La red no quedó en silencio en https://houm.com/cl/arriendo-departamento-región-metropolitana/recoleta/90462; se lee igual
02:37:08 DEBUG   [houm] 1 avisos vía estado-embebido
02:37:08 INFO      houm: 36 avisos en 79s
02:37:08 INFO    Total crudo: 713 avisos
02:37:08 INFO    Después de deduplicar: 547
02:37:09 INFO    Pasaron los filtros: 68
02:37:24 DEBUG   [economicos] 1 avisos vía tarjetas
02:37:42 DEBUG   [doomos] 18 avisos vía tarjetas
02:37:42 DEBUG   Ficha de YVT22 sin candidato propio; no se fusiona
02:37:44 DEBUG   Ficha de HW5MX sin candidato propio; no se fusiona
02:37:44 DEBUG   [economicos] 1 avisos vía tarjetas
02:37:46 DEBUG   [economicos] 1 avisos vía tarjetas
02:37:48 DEBUG   [economicos] 1 avisos vía tarjetas
02:37:50 DEBUG   [economicos] 1 avisos vía tarjetas
02:37:52 DEBUG   [economicos] 1 avisos vía tarjetas
02:37:53 DEBUG   [doomos] 27 avisos vía tarjetas
02:37:53 DEBUG   Ficha de U44VT sin candidato propio; no se fusiona
02:37:55 DEBUG   [doomos] 27 avisos vía tarjetas
02:37:55 DEBUG   Ficha de KNAE9 sin candidato propio; no se fusiona
02:37:57 DEBUG   [doomos] 27 avisos vía tarjetas
02:37:57 DEBUG   Ficha de PR3QK sin candidato propio; no se fusiona
02:38:00 DEBUG   [doomos] 27 avisos vía tarjetas
02:38:00 DEBUG   Ficha de 2HWEW sin candidato propio; no se fusiona
02:38:00 DEBUG   [economicos] 1 avisos vía tarjetas
02:38:02 DEBUG   [doomos] 27 avisos vía tarjetas
02:38:02 DEBUG   Ficha de ZWNAN sin candidato propio; no se fusiona
02:38:02 DEBUG   [economicos] 1 avisos vía tarjetas
02:38:04 DEBUG   [economicos] 1 avisos vía tarjetas
02:38:04 DEBUG   Ficha de XEC3Z sin candidato propio; no se fusiona
02:38:06 DEBUG   [economicos] 1 avisos vía tarjetas
02:38:10 DEBUG   [toctoc] 1 avisos vía estado-embebido
02:38:14 DEBUG   [toctoc] 1 avisos vía estado-embebido
02:38:14 DEBUG   [busconido] 11 avisos vía tarjetas
02:38:14 DEBUG   Ficha de 2FZ6T sin candidato propio; no se fusiona
02:38:26 DEBUG   [doomos] 27 avisos vía tarjetas
02:38:26 DEBUG   Ficha de FQ6XQ sin candidato propio; no se fusiona
02:38:30 DEBUG   [engelvoelkers] 1 avisos vía json-ld
02:38:33 DEBUG   [toctoc] 1 avisos vía estado-embebido
02:38:33 DEBUG   [economicos] 1 avisos vía tarjetas
02:38:33 INFO    Enriquecido y descartado: S84GC (arriendo de $3.108.725 sobre el máximo negociable de $1.904.000)
02:38:34 DEBUG   [busconido] 11 avisos vía tarjetas
02:38:34 DEBUG   Ficha de VXPXT sin candidato propio; no se fusiona
02:38:38 INFO    Enriquecido y descartado: YAVJA (arriendo de $3.517.371 sobre el máximo negociable de $1.904.000)
02:38:38 DEBUG   [economicos] 1 avisos vía tarjetas
02:38:50 INFO    Enriquecido y descartado: CC2AY (arriendo de $2.032.258 sobre el máximo negociable de $1.904.000)
02:38:52 DEBUG   [doomos] 18 avisos vía tarjetas
02:38:52 DEBUG   Ficha de J5JN4 sin candidato propio; no se fusiona
02:38:52 WARNING robots.txt no permite https://www.nuroa.cl/adform/10342-912-101d5-1a0ff48-a45a-2e1434470692-7ad1?click_type=0&pos=1&searchType=1&page=2&section=1&t_sec=1&sectionType=1&pageViewId=959c7b74-2af1-4b68-9dcb-95232c0942a6&t_pvid=959c7b74-2af1-4b68-9dcb-95232c0942a6&userAgent=Mozilla%2F5.0+%28compatible%3B+radar-arriendos%2F1.0%3B+uso+personal%2C+busqueda+de+arriendo%3B+%2Bhttps%3A%2F%2Fgithub.com%2Falfonsoandona%2Farriendos-vitacura%29&browser=1&isHuman=true&userIp=135.119.78.129&what=vitacura+departamento&search_terms=vitacura+departamento&origin=1&t_or=1&splitTestId=0 — se omite
02:38:56 DEBUG   [toctoc] 1 avisos vía estado-embebido
02:39:02 DEBUG   [toctoc] 1 avisos vía estado-embebido
02:39:09 DEBUG   [engelvoelkers] 1 avisos vía json-ld
02:39:17 DEBUG   [doomos] 27 avisos vía tarjetas
02:39:17 DEBUG   Ficha de P8XMT sin candidato propio; no se fusiona
02:39:21 DEBUG   [toctoc] 1 avisos vía estado-embebido
02:39:25 DEBUG   [toctoc] 1 avisos vía estado-embebido
02:39:29 DEBUG   [toctoc] 1 avisos vía estado-embebido
02:39:33 DEBUG   [toctoc] 1 avisos vía estado-embebido
02:39:34 DEBUG   [mitula] 3 avisos vía tarjetas
02:39:41 DEBUG   [toctoc] 1 avisos vía estado-embebido
02:39:45 DEBUG   [toctoc] 1 avisos vía estado-embebido
02:39:48 DEBUG   [toctoc] 1 avisos vía estado-embebido
02:39:52 DEBUG   [toctoc] 1 avisos vía estado-embebido
02:40:13 INFO    Enriquecido y descartado: 75BRH (arriendo de $2.149.504 sobre el máximo negociable de $1.904.000)
02:40:16 INFO    Enriquecido y descartado: 75BRH (arriendo de $1.954.095 sobre el máximo negociable de $1.904.000)
02:40:31 DEBUG   [toctoc] 1 avisos vía estado-embebido
02:40:35 WARNING robots.txt no permite https://www.nuroa.cl/adform/10342-912-3e9b-1a0e30e-bd4c-4f30fb45531b-7a22?click_type=0&pos=4&searchType=1&page=2&section=1&t_sec=1&sectionType=1&pageViewId=959c7b74-2af1-4b68-9dcb-95232c0942a6&t_pvid=959c7b74-2af1-4b68-9dcb-95232c0942a6&userAgent=Mozilla%2F5.0+%28compatible%3B+radar-arriendos%2F1.0%3B+uso+personal%2C+busqueda+de+arriendo%3B+%2Bhttps%3A%2F%2Fgithub.com%2Falfonsoandona%2Farriendos-vitacura%29&browser=1&isHuman=true&userIp=135.119.78.129&what=vitacura+departamento&search_terms=vitacura+departamento&origin=1&t_or=1&splitTestId=0 — se omite
02:40:35 WARNING robots.txt no permite https://www.nuroa.cl/adform/10342-912-e7f8-1a0a016-97e0-4460cb69457-7a3c?click_type=0&pos=8&searchType=1&page=4&section=1&t_sec=1&sectionType=1&pageViewId=a2aa5576-bd8f-400d-8b28-07638d0a0ef3&t_pvid=a2aa5576-bd8f-400d-8b28-07638d0a0ef3&userAgent=Mozilla%2F5.0+%28compatible%3B+radar-arriendos%2F1.0%3B+uso+personal%2C+busqueda+de+arriendo%3B+%2Bhttps%3A%2F%2Fgithub.com%2Falfonsoandona%2Farriendos-vitacura%29&browser=1&isHuman=true&userIp=135.119.78.129&what=vitacura+departamento&search_terms=vitacura+departamento&origin=1&t_or=1&splitTestId=0 — se omite
02:40:38 DEBUG   [toctoc] 1 avisos vía estado-embebido
02:40:41 INFO    Enriquecido y descartado: 75BRH (arriendo de $4.299.009 sobre el máximo negociable de $1.904.000)
02:40:45 INFO    Fichas leídas: 68 — 1 ganaron el año, 1 la dirección; 6 se descartaron al verlas (0 por viejos)
02:40:45 INFO    Listo: 0 avisados de 62 candidatos
