19:55:00 INFO    UF = $41.032.64 (API del día)
19:55:00 INFO    Barriendo TocToc (toctoc)…
19:55:00 INFO    Barriendo Chilepropiedades (chilepropiedades)…
19:55:00 INFO    Barriendo GoPlaceIt (goplaceit)…
19:55:00 INFO    Barriendo Yapo (yapo)…
19:55:00 WARNING https://www.yapo.cl/bienes-raices-alquiler-apartamentos/region-metropolitana-vitacura respondió 403
19:55:00 INFO    [yapo] https://www.yapo.cl/bienes-raices-alquiler-apartamentos/region-metropolitana-vitacura rebotó al GET; se reintenta con navegador
19:55:01 DEBUG   [chilepropiedades] 10 avisos vía tarjetas
19:55:03 DEBUG   [chilepropiedades] 10 avisos vía tarjetas
19:55:04 DEBUG   [goplaceit] 30 avisos vía json-ld
19:55:05 DEBUG   [chilepropiedades] 10 avisos vía tarjetas
19:55:05 INFO      chilepropiedades: 30 avisos en 5s
19:55:05 INFO    Barriendo BuscoNido (busconido)…
19:55:05 DEBUG   [busconido] 23 avisos vía tarjetas
19:55:05 INFO      busconido: 23 avisos en 0s
19:55:05 INFO    Barriendo BienesOnline (bienesonline)…
19:55:07 DEBUG   [bienesonline] 17 avisos vía tarjetas
19:55:07 INFO      bienesonline: 17 avisos en 1s
19:55:07 INFO    Barriendo Economicos (El Mercurio) (economicos)…
19:55:07 WARNING https://www.economicos.cl/search/propiedades/vitacura/arriendo/departamento/0 respondió 403
19:55:07 INFO    [economicos] https://www.economicos.cl/search/propiedades/vitacura/arriendo/departamento/0 rebotó al GET; se reintenta con navegador
19:55:07 DEBUG   La red no quedó en silencio en https://www.yapo.cl/bienes-raices-alquiler-apartamentos/region-metropolitana-vitacura; se lee igual
19:55:08 INFO      yapo: 0 avisos en 7s
19:55:08 INFO    Barriendo iCasas (icasas)…
19:55:08 DEBUG   [icasas] 15 avisos vía tarjetas
19:55:10 DEBUG   [icasas] 15 avisos vía tarjetas
19:55:10 INFO      icasas: 30 avisos en 2s
19:55:10 INFO    Barriendo Doomos (doomos)…
19:55:12 DEBUG   [toctoc] 20 avisos vía json-ld
19:55:13 INFO      economicos: 0 avisos en 6s
19:55:13 INFO    Barriendo Top Propiedades (toppropiedades)…
19:55:14 DEBUG   [doomos] 33 avisos vía tarjetas
19:55:14 INFO      doomos: 33 avisos en 4s
19:55:14 INFO    Barriendo Nuroa (nuroa)…
19:55:15 DEBUG   Encoding detection: ascii is most likely the one.
19:55:16 DEBUG   [nuroa] 25 avisos vía json-ld
19:55:18 DEBUG   [toppropiedades] 1 avisos vía json-ld
19:55:18 DEBUG   [nuroa] 25 avisos vía json-ld
19:55:20 DEBUG   [nuroa] 25 avisos vía json-ld
19:55:20 DEBUG   [toppropiedades] 1 avisos vía json-ld
19:55:21 DEBUG   La red no quedó en silencio en https://www.toctoc.com/arriendo/departamento/metropolitana/vitacura/3-dormitorios?pagina=2; se lee igual
19:55:21 DEBUG   [toctoc] 20 avisos vía json-ld
19:55:22 DEBUG   [nuroa] 25 avisos vía json-ld
19:55:22 DEBUG   [toppropiedades] 1 avisos vía json-ld
19:55:22 INFO      nuroa: 100 avisos en 8s
19:55:22 INFO    Barriendo Mitula (mitula)…
19:55:23 WARNING https://casas.mitula.cl/casas/arriendo-departamentos-vitacura respondió 401
19:55:23 INFO    [mitula] https://casas.mitula.cl/casas/arriendo-departamentos-vitacura rebotó al GET; se reintenta con navegador
19:55:23 DEBUG   [toppropiedades] 1 avisos vía json-ld
19:55:25 DEBUG   [toppropiedades] 1 avisos vía json-ld
19:55:26 INFO      mitula: 0 avisos en 3s
19:55:26 INFO    Barriendo Houm (houm)…
19:55:27 DEBUG   [toppropiedades] 1 avisos vía json-ld
19:55:29 DEBUG   [toppropiedades] 1 avisos vía json-ld
19:55:29 DEBUG   La red no quedó en silencio en https://www.toctoc.com/arriendo/departamento/metropolitana/vitacura/3-dormitorios?pagina=3; se lee igual
19:55:31 WARNING [toctoc] https://www.toctoc.com/arriendo/departamento/metropolitana/vitacura/3-dormitorios?pagina=3 falló: Page.content: Unable to retrieve content because the page is navigating and changing the content.
19:55:31 DEBUG   [toppropiedades] 1 avisos vía json-ld
19:55:32 INFO      toppropiedades: 8 avisos en 19s
19:55:32 INFO    Barriendo Hey! Homes (heyhomes)…
19:55:34 DEBUG   [heyhomes] 9 avisos vía tarjetas
19:55:34 INFO      heyhomes: 9 avisos en 3s
19:55:34 INFO    Barriendo Engel & Völkers (engelvoelkers)…
19:55:37 DEBUG   La red no quedó en silencio en https://houm.com/cl/arriendo-departamentos-region-metropolitana/vitacura/3-dormitorios; se lee igual
19:55:37 DEBUG   [houm] 28 avisos vía json-ld
19:55:39 DEBUG   [toctoc] 20 avisos vía json-ld
19:55:43 DEBUG   [engelvoelkers] 16 avisos vía tarjetas
19:55:43 INFO      engelvoelkers: 16 avisos en 8s
19:55:43 INFO    Barriendo RE/MAX Chile (remax)…
19:55:48 DEBUG   La red no quedó en silencio en https://houm.com/cl/arriendo-departamento-región-metropolitana/las-condes/170742; se lee igual
19:55:48 DEBUG   [houm] 1 avisos vía estado-embebido
19:55:50 DEBUG   La red no quedó en silencio en https://www.toctoc.com/arriendo/departamento/metropolitana/vitacura/4-dormitorios?pagina=2; se lee igual
19:55:51 WARNING [toctoc] https://www.toctoc.com/arriendo/departamento/metropolitana/vitacura/4-dormitorios?pagina=2 falló: Page.content: Unable to retrieve content because the page is navigating and changing the content.
19:55:51 WARNING   toctoc: Page.content: Unable to retrieve content because the page is navigating and changing the content.
19:55:51 INFO      toctoc: 60 avisos en 51s
19:55:51 INFO    Barriendo Fuenzalida Propiedades (fuenzalida)…
19:55:51 DEBUG   [goplaceit] 30 avisos vía json-ld
19:55:55 INFO      remax: 0 avisos en 12s
19:55:55 INFO    Barriendo Century 21 Chile (century21)…
19:55:56 INFO      century21: 0 avisos en 1s
19:55:56 INFO    Barriendo Property Partners (propertypartners)…
19:55:56 DEBUG   [propertypartners] 1 avisos vía tarjetas
19:55:56 INFO      propertypartners: 1 avisos en 1s
19:55:56 INFO    Barriendo Acceso Inmobiliario (accesoinmobiliario)…
19:55:58 DEBUG   La red no quedó en silencio en https://houm.com/cl/arriendo-departamento-región-metropolitana/las-condes/180318; se lee igual
19:55:59 DEBUG   [houm] 1 avisos vía estado-embebido
19:56:01 DEBUG   [accesoinmobiliario] 16 avisos vía tarjetas
19:56:08 DEBUG   La red no quedó en silencio en https://houm.com/cl/arriendo-departamento-región-metropolitana/lo-barnechea/74201; se lee igual
19:56:08 DEBUG   [houm] 1 avisos vía estado-embebido
19:56:11 WARNING Error en https://fuenzalida.com/fuenzalida/propiedades/arriendo/?operacion=Arriendo (intento 1/3): HTTPSConnectionPool(host='fuenzalida.com', port=443): Read timed out. (read timeout=20)
19:56:13 WARNING https://fuenzalida.com/fuenzalida/propiedades/arriendo/?operacion=Arriendo respondió 500
19:56:13 WARNING   fuenzalida: HTTP 500
19:56:13 INFO      fuenzalida: 0 avisos en 23s
19:56:13 INFO    Barriendo Magnolia Property (magnoliaproperty)…
19:56:14 DEBUG   [magnoliaproperty] 6 avisos vía tarjetas
19:56:14 INFO      magnoliaproperty: 6 avisos en 1s
19:56:14 INFO    Barriendo Portilla Propiedades (portillapropiedades)…
19:56:15 DEBUG   [portillapropiedades] 2 avisos vía tarjetas
19:56:15 INFO      portillapropiedades: 2 avisos en 1s
19:56:15 INFO    Barriendo Nativo Propiedades (nativopropiedades)…
19:56:15 DEBUG   [nativopropiedades] 10 avisos vía tarjetas
19:56:16 INFO      nativopropiedades: 10 avisos en 1s
19:56:16 INFO    Barriendo Enlace Inmobiliario (enlaceinmobiliario)…
19:56:16 WARNING https://www.enlaceinmobiliario.cl/ respondió 403
19:56:16 INFO    [enlaceinmobiliario] https://www.enlaceinmobiliario.cl/ rebotó al GET; se reintenta con navegador
19:56:18 DEBUG   La red no quedó en silencio en https://houm.com/cl/arriendo-departamento-región-metropolitana/recoleta/179872; se lee igual
19:56:18 DEBUG   [houm] 1 avisos vía estado-embebido
19:56:24 DEBUG   La red no quedó en silencio en https://www.enlaceinmobiliario.cl/; se lee igual
19:56:25 INFO      enlaceinmobiliario: 0 avisos en 9s
19:56:25 INFO    Barriendo Rentas.cl (rentas_cl)…
19:56:27 DEBUG   [rentas_cl] 1 avisos vía json-ld
19:56:27 INFO      rentas_cl: 1 avisos en 3s
19:56:27 INFO    Barriendo Arriendos.cl (arriendos_cl)…
19:56:27 DEBUG   [accesoinmobiliario] 1 avisos vía tarjetas
19:56:30 DEBUG   [goplaceit] 30 avisos vía json-ld
19:56:31 DEBUG   La red no quedó en silencio en https://houm.com/cl/arriendo-departamento-región-metropolitana/recoleta/178185; se lee igual
19:56:31 DEBUG   [houm] 1 avisos vía estado-embebido
19:56:40 DEBUG   La red no quedó en silencio en https://houm.com/cl/arriendo-departamento-región-metropolitana/recoleta/176207; se lee igual
19:56:40 DEBUG   [houm] 1 avisos vía estado-embebido
19:56:42 DEBUG   [accesoinmobiliario] 1 avisos vía tarjetas
19:56:48 DEBUG   La red no quedó en silencio en https://houm.com/cl/arriendo-departamento-región-metropolitana/las-condes/177842; se lee igual
19:56:48 DEBUG   [houm] 1 avisos vía estado-embebido
19:56:51 INFO      accesoinmobiliario: 18 avisos en 55s
19:56:51 INFO    Barriendo Propiedades.cl (propiedades_cl)…
19:56:51 DEBUG   [propiedades_cl] 6 avisos vía tarjetas
19:56:51 INFO      propiedades_cl: 6 avisos en 0s
19:56:51 INFO    Barriendo Clasificados.cl (clasificados_cl)…
19:56:54 DEBUG   [clasificados_cl] 1 avisos vía tarjetas
19:56:54 INFO      clasificados_cl: 1 avisos en 3s
19:56:58 DEBUG   La red no quedó en silencio en https://houm.com/cl/arriendo-departamento-región-metropolitana/recoleta/176958; se lee igual
19:56:58 DEBUG   [houm] 1 avisos vía estado-embebido
19:56:58 INFO      houm: 36 avisos en 93s
19:57:00 INFO      goplaceit: 90 avisos en 119s
19:57:06 WARNING Error en https://www.arriendos.cl/ (intento 1/3): HTTPSConnectionPool(host='www.arriendos.cl', port=443): Read timed out. (read timeout=20)
19:57:36 WARNING Error en https://www.arriendos.cl/ (intento 2/3): HTTPSConnectionPool(host='www.arriendos.cl', port=443): Read timed out.
19:57:46 INFO      arriendos_cl: 0 avisos en 79s
19:57:46 INFO    Total crudo: 497 avisos
19:57:47 INFO    Después de deduplicar: 353
19:57:47 INFO    Pasaron los filtros: 46
19:58:05 DEBUG   [doomos] 18 avisos vía tarjetas
19:58:05 DEBUG   Ficha de YVT22 sin candidato propio; no se fusiona
19:58:06 DEBUG   Ficha de HW5MX sin candidato propio; no se fusiona
19:58:08 DEBUG   [doomos] 27 avisos vía tarjetas
19:58:08 DEBUG   Ficha de U44VT sin candidato propio; no se fusiona
19:58:10 DEBUG   [doomos] 27 avisos vía tarjetas
19:58:10 DEBUG   Ficha de KNAE9 sin candidato propio; no se fusiona
19:58:12 DEBUG   [doomos] 27 avisos vía tarjetas
19:58:12 DEBUG   Ficha de PR3QK sin candidato propio; no se fusiona
19:58:16 DEBUG   [doomos] 27 avisos vía tarjetas
19:58:16 DEBUG   Ficha de 2HWEW sin candidato propio; no se fusiona
19:58:18 DEBUG   [doomos] 27 avisos vía tarjetas
19:58:18 DEBUG   Ficha de ZWNAN sin candidato propio; no se fusiona
19:58:18 DEBUG   [busconido] 10 avisos vía tarjetas
19:58:18 DEBUG   Ficha de RSF5N sin candidato propio; no se fusiona
19:58:20 DEBUG   [busconido] 11 avisos vía tarjetas
19:58:20 DEBUG   Ficha de 5G5TS sin candidato propio; no se fusiona
19:58:22 DEBUG   [busconido] 11 avisos vía tarjetas
19:58:22 DEBUG   Ficha de 98N9T sin candidato propio; no se fusiona
19:58:24 DEBUG   [busconido] 10 avisos vía tarjetas
19:58:24 DEBUG   Ficha de 34ZHW sin candidato propio; no se fusiona
19:58:26 DEBUG   [busconido] 10 avisos vía tarjetas
19:58:26 DEBUG   Ficha de 9DJRC sin candidato propio; no se fusiona
19:58:28 DEBUG   [doomos] 27 avisos vía tarjetas
19:58:28 DEBUG   Ficha de FQ6XQ sin candidato propio; no se fusiona
19:58:28 DEBUG   [busconido] 10 avisos vía tarjetas
19:58:28 DEBUG   Ficha de 3SSBS sin candidato propio; no se fusiona
19:58:30 DEBUG   [busconido] 10 avisos vía tarjetas
19:58:30 DEBUG   Ficha de KWJ7Y sin candidato propio; no se fusiona
19:58:34 INFO    Enriquecido y descartado: YAVJA (arriendo de $3.517.371 sobre el máximo negociable de $1.904.000)
19:58:41 INFO    Enriquecido y descartado: CC2AY (arriendo de $2.032.258 sobre el máximo negociable de $1.904.000)
19:58:43 DEBUG   [doomos] 18 avisos vía tarjetas
19:58:43 DEBUG   Ficha de J5JN4 sin candidato propio; no se fusiona
19:58:49 DEBUG   [engelvoelkers] 1 avisos vía json-ld
19:58:55 DEBUG   [doomos] 27 avisos vía tarjetas
19:58:55 DEBUG   Ficha de P8XMT sin candidato propio; no se fusiona
19:58:58 WARNING robots.txt no permite https://www.nuroa.cl/adform/10342-912-b45c-1a0ce6e-984c-ada286d9a1f6-77e4?click_type=0&pos=23&searchType=2&page=1&section=1&t_sec=1&sectionType=1&pageViewId=d83899de-a905-43b0-ac18-afaaed514e2f&t_pvid=d83899de-a905-43b0-ac18-afaaed514e2f&userAgent=Mozilla%2F5.0+%28compatible%3B+radar-arriendos%2F1.0%3B+uso+personal%2C+busqueda+de+arriendo%3B+%2Bhttps%3A%2F%2Fgithub.com%2Falfonsoandona%2Farriendos-vitacura%29&browser=1&isHuman=true&userIp=52.159.245.153&what=vitacura+departamento&search_terms=vitacura+departamento&origin=1&t_or=1&splitTestId=0 — se omite
19:59:05 DEBUG   [toctoc] 1 avisos vía estado-embebido
19:59:09 INFO    Enriquecido y descartado: 75BRH (arriendo de $2.931.142 sobre el máximo negociable de $1.904.000)
19:59:30 INFO    Enriquecido y descartado: 75BRH (arriendo de $2.149.504 sobre el máximo negociable de $1.904.000)
19:59:34 INFO    Enriquecido y descartado: 75BRH (arriendo de $1.954.095 sobre el máximo negociable de $1.904.000)
19:59:49 DEBUG   [toctoc] 1 avisos vía estado-embebido
19:59:56 DEBUG   [toctoc] 1 avisos vía estado-embebido
20:00:00 WARNING robots.txt no permite https://www.nuroa.cl/adform/10342-912-3e9b-1a0e30e-bd4c-4f30fb45531b-7a22?click_type=0&pos=4&searchType=1&page=1&section=1&t_sec=1&sectionType=1&pageViewId=d83899de-a905-43b0-ac18-afaaed514e2f&t_pvid=d83899de-a905-43b0-ac18-afaaed514e2f&userAgent=Mozilla%2F5.0+%28compatible%3B+radar-arriendos%2F1.0%3B+uso+personal%2C+busqueda+de+arriendo%3B+%2Bhttps%3A%2F%2Fgithub.com%2Falfonsoandona%2Farriendos-vitacura%29&browser=1&isHuman=true&userIp=52.159.245.153&what=vitacura+departamento&search_terms=vitacura+departamento&origin=1&t_or=1&splitTestId=0 — se omite
20:00:00 WARNING robots.txt no permite https://www.nuroa.cl/adform/10342-912-e7f8-1a0a016-97e0-4460cb69457-7a3c?click_type=0&pos=16&searchType=1&page=3&section=1&t_sec=1&sectionType=1&pageViewId=7bb2e33b-d661-432f-bc8c-0a286432ef6a&t_pvid=7bb2e33b-d661-432f-bc8c-0a286432ef6a&userAgent=Mozilla%2F5.0+%28compatible%3B+radar-arriendos%2F1.0%3B+uso+personal%2C+busqueda+de+arriendo%3B+%2Bhttps%3A%2F%2Fgithub.com%2Falfonsoandona%2Farriendos-vitacura%29&browser=1&isHuman=true&userIp=52.159.245.153&what=vitacura+departamento&search_terms=vitacura+departamento&origin=1&t_or=1&splitTestId=0 — se omite
20:00:06 DEBUG   [toctoc] 1 avisos vía estado-embebido
20:00:09 INFO    Enriquecido y descartado: 75BRH (arriendo de $4.299.009 sobre el máximo negociable de $1.904.000)
20:00:13 INFO    Fichas leídas: 46 — 0 ganaron el año, 0 la dirección; 6 se descartaron al verlas (0 por viejos)
20:00:14 INFO    Listo: 0 avisados de 40 candidatos
