15:55:46 INFO    UF = $40.934.58 (API del día)
15:55:46 INFO    Barriendo TocToc (toctoc)…
15:55:46 INFO    Barriendo Chilepropiedades (chilepropiedades)…
15:55:46 INFO    Barriendo GoPlaceIt (goplaceit)…
15:55:46 INFO    Barriendo Yapo (yapo)…
15:55:47 DEBUG   [chilepropiedades] 10 avisos vía tarjetas
15:55:49 DEBUG   [chilepropiedades] 10 avisos vía tarjetas
15:55:50 DEBUG   [goplaceit] 30 avisos vía json-ld
15:55:51 INFO      yapo: 0 avisos en 4s
15:55:51 INFO    Barriendo BuscoNido (busconido)…
15:55:51 DEBUG   [chilepropiedades] 10 avisos vía tarjetas
15:55:51 INFO      chilepropiedades: 30 avisos en 5s
15:55:51 INFO    Barriendo BienesOnline (bienesonline)…
15:55:51 DEBUG   [busconido] 23 avisos vía tarjetas
15:55:51 INFO      busconido: 23 avisos en 1s
15:55:51 INFO    Barriendo Economicos (El Mercurio) (economicos)…
15:55:52 DEBUG   [economicos] 20 avisos vía tarjetas
15:55:52 DEBUG   [bienesonline] 12 avisos vía tarjetas
15:55:52 INFO      bienesonline: 12 avisos en 1s
15:55:52 INFO    Barriendo iCasas (icasas)…
15:55:53 DEBUG   [icasas] 15 avisos vía tarjetas
15:55:54 DEBUG   La red no quedó en silencio en https://www.toctoc.com/arriendo/departamento/metropolitana/vitacura/3-dormitorios; se lee igual
15:55:54 DEBUG   [toctoc] 67 avisos vía json-ld
15:55:55 DEBUG   [icasas] 15 avisos vía tarjetas
15:55:55 INFO      icasas: 30 avisos en 3s
15:55:55 INFO    Barriendo Doomos (doomos)…
15:55:57 DEBUG   [doomos] 32 avisos vía tarjetas
15:55:57 INFO      doomos: 32 avisos en 2s
15:55:57 INFO    Barriendo Top Propiedades (toppropiedades)…
15:55:59 DEBUG   [economicos] 18 avisos vía tarjetas
15:55:59 DEBUG   [economicos] 12 avisos vía tarjetas
15:55:59 INFO      economicos: 50 avisos en 8s
15:55:59 INFO    Barriendo Nuroa (nuroa)…
15:55:59 DEBUG   Encoding detection: ascii is most likely the one.
15:56:01 DEBUG   [toppropiedades] 1 avisos vía json-ld
15:56:01 DEBUG   [nuroa] 25 avisos vía json-ld
15:56:01 DEBUG   La red no quedó en silencio en https://www.toctoc.com/arriendo/departamento/metropolitana/vitacura/3-dormitorios?pagina=2; se lee igual
15:56:02 DEBUG   [toctoc] 20 avisos vía json-ld
15:56:03 DEBUG   [toppropiedades] 1 avisos vía json-ld
15:56:03 DEBUG   [nuroa] 25 avisos vía json-ld
15:56:05 DEBUG   [toppropiedades] 1 avisos vía json-ld
15:56:05 DEBUG   [nuroa] 25 avisos vía json-ld
15:56:07 DEBUG   [toppropiedades] 1 avisos vía json-ld
15:56:07 DEBUG   [nuroa] 25 avisos vía json-ld
15:56:07 INFO      nuroa: 100 avisos en 8s
15:56:07 INFO    Barriendo Mitula (mitula)…
15:56:09 DEBUG   [toppropiedades] 1 avisos vía json-ld
15:56:09 DEBUG   [mitula] 30 avisos vía json-ld
15:56:09 DEBUG   La red no quedó en silencio en https://www.toctoc.com/arriendo/departamento/metropolitana/vitacura/3-dormitorios?pagina=3; se lee igual
15:56:10 DEBUG   [toctoc] 20 avisos vía json-ld
15:56:10 DEBUG   [toppropiedades] 1 avisos vía json-ld
15:56:11 DEBUG   [mitula] 30 avisos vía json-ld
15:56:11 INFO      mitula: 60 avisos en 4s
15:56:11 INFO    Barriendo Houm (houm)…
15:56:12 DEBUG   [toppropiedades] 1 avisos vía json-ld
15:56:14 DEBUG   [toppropiedades] 1 avisos vía json-ld
15:56:14 INFO      toppropiedades: 8 avisos en 18s
15:56:14 INFO    Barriendo Hey! Homes (heyhomes)…
15:56:15 DEBUG   [toctoc] 20 avisos vía json-ld
15:56:17 DEBUG   [heyhomes] 9 avisos vía tarjetas
15:56:17 INFO      heyhomes: 9 avisos en 3s
15:56:17 INFO    Barriendo Engel & Völkers (engelvoelkers)…
15:56:22 DEBUG   La red no quedó en silencio en https://www.toctoc.com/arriendo/departamento/metropolitana/vitacura/4-dormitorios?pagina=2; se lee igual
15:56:23 DEBUG   La red no quedó en silencio en https://houm.com/cl/arriendo-departamentos-region-metropolitana/vitacura/3-dormitorios; se lee igual
15:56:23 DEBUG   [toctoc] 16 avisos vía json-ld
15:56:23 DEBUG   [houm] 28 avisos vía json-ld
15:56:26 DEBUG   [goplaceit] 30 avisos vía json-ld
15:56:28 DEBUG   [engelvoelkers] 16 avisos vía tarjetas
15:56:28 INFO      engelvoelkers: 16 avisos en 11s
15:56:28 INFO    Barriendo RE/MAX Chile (remax)…
15:56:32 DEBUG   La red no quedó en silencio en https://www.toctoc.com/arriendo/departamento/metropolitana/vitacura/4-dormitorios?pagina=3; se lee igual
15:56:33 DEBUG   [toctoc] 36 avisos vía json-ld
15:56:33 INFO      toctoc: 179 avisos en 46s
15:56:33 INFO    Barriendo Fuenzalida Propiedades (fuenzalida)…
15:56:35 DEBUG   La red no quedó en silencio en https://houm.com/cl/arriendo-departamento-región-metropolitana/las-condes/170742; se lee igual
15:56:35 DEBUG   [houm] 1 avisos vía estado-embebido
15:56:36 DEBUG   [fuenzalida] 16 avisos vía tarjetas
15:56:38 INFO      remax: 0 avisos en 10s
15:56:38 INFO    Barriendo Century 21 Chile (century21)…
15:56:39 DEBUG   [fuenzalida] 20 avisos vía tarjetas
15:56:40 INFO      century21: 0 avisos en 2s
15:56:40 INFO    Barriendo Property Partners (propertypartners)…
15:56:40 DEBUG   [propertypartners] 1 avisos vía tarjetas
15:56:40 INFO      propertypartners: 1 avisos en 0s
15:56:40 INFO    Barriendo Acceso Inmobiliario (accesoinmobiliario)…
15:56:43 DEBUG   [fuenzalida] 20 avisos vía tarjetas
15:56:43 INFO      fuenzalida: 56 avisos en 10s
15:56:43 INFO    Barriendo Magnolia Property (magnoliaproperty)…
15:56:43 DEBUG   [magnoliaproperty] 7 avisos vía tarjetas
15:56:43 INFO      magnoliaproperty: 7 avisos en 1s
15:56:43 INFO    Barriendo Portilla Propiedades (portillapropiedades)…
15:56:43 DEBUG   La red no quedó en silencio en https://houm.com/cl/arriendo-departamento-región-metropolitana/las-condes/175757; se lee igual
15:56:44 DEBUG   [houm] 1 avisos vía estado-embebido
15:56:44 DEBUG   [portillapropiedades] 2 avisos vía tarjetas
15:56:44 INFO      portillapropiedades: 2 avisos en 1s
15:56:44 INFO    Barriendo Nativo Propiedades (nativopropiedades)…
15:56:45 DEBUG   [nativopropiedades] 10 avisos vía tarjetas
15:56:45 INFO      nativopropiedades: 10 avisos en 1s
15:56:45 INFO    Barriendo Enlace Inmobiliario (enlaceinmobiliario)…
15:56:45 DEBUG   [accesoinmobiliario] 14 avisos vía tarjetas
15:56:45 WARNING https://www.enlaceinmobiliario.cl/ respondió 403
15:56:45 INFO    [enlaceinmobiliario] https://www.enlaceinmobiliario.cl/ rebotó al GET; se reintenta con navegador
15:56:52 DEBUG   La red no quedó en silencio en https://houm.com/cl/arriendo-departamento-región-metropolitana/lo-barnechea/74201; se lee igual
15:56:52 DEBUG   [houm] 1 avisos vía estado-embebido
15:56:56 DEBUG   La red no quedó en silencio en https://www.enlaceinmobiliario.cl/; se lee igual
15:56:56 INFO      enlaceinmobiliario: 0 avisos en 11s
15:56:56 INFO    Barriendo Rentas.cl (rentas_cl)…
15:56:58 DEBUG   [rentas_cl] 1 avisos vía json-ld
15:56:58 INFO      rentas_cl: 1 avisos en 2s
15:56:58 INFO    Barriendo Arriendos.cl (arriendos_cl)…
15:56:59 INFO      arriendos_cl: 0 avisos en 1s
15:56:59 INFO    Barriendo Propiedades.cl (propiedades_cl)…
15:57:00 DEBUG   [propiedades_cl] 6 avisos vía tarjetas
15:57:00 INFO      propiedades_cl: 6 avisos en 1s
15:57:00 INFO    Barriendo Clasificados.cl (clasificados_cl)…
15:57:03 DEBUG   [clasificados_cl] 1 avisos vía tarjetas
15:57:03 INFO      clasificados_cl: 1 avisos en 3s
15:57:04 DEBUG   La red no quedó en silencio en https://houm.com/cl/arriendo-departamento-región-metropolitana/providencia/175947; se lee igual
15:57:04 DEBUG   [houm] 1 avisos vía estado-embebido
15:57:12 DEBUG   [goplaceit] 30 avisos vía json-ld
15:57:13 DEBUG   La red no quedó en silencio en https://houm.com/cl/arriendo-departamento-región-metropolitana/ñuñoa/174379; se lee igual
15:57:13 DEBUG   [houm] 1 avisos vía estado-embebido
15:57:19 DEBUG   [accesoinmobiliario] 1 avisos vía tarjetas
15:57:22 DEBUG   La red no quedó en silencio en https://houm.com/cl/arriendo-departamento-región-metropolitana/recoleta/179872; se lee igual
15:57:22 DEBUG   [houm] 1 avisos vía estado-embebido
15:57:30 DEBUG   La red no quedó en silencio en https://houm.com/cl/arriendo-departamento-región-metropolitana/recoleta/178185; se lee igual
15:57:30 DEBUG   [houm] 1 avisos vía estado-embebido
15:57:36 INFO      accesoinmobiliario: 15 avisos en 56s
15:57:40 DEBUG   La red no quedó en silencio en https://houm.com/cl/arriendo-departamento-región-metropolitana/las-condes/177842; se lee igual
15:57:40 DEBUG   [houm] 1 avisos vía estado-embebido
15:57:40 INFO      houm: 36 avisos en 88s
15:57:44 INFO      goplaceit: 90 avisos en 118s
15:57:44 INFO    Total crudo: 774 avisos
15:57:45 INFO    Después de deduplicar: 486
15:57:45 INFO    Pasaron los filtros: 90
15:58:20 DEBUG   [economicos] 1 avisos vía tarjetas
15:58:21 DEBUG   [doomos] 18 avisos vía tarjetas
15:58:21 DEBUG   Ficha de YVT22 sin candidato propio; no se fusiona
15:58:22 DEBUG   Ficha de HW5MX sin candidato propio; no se fusiona
15:58:22 DEBUG   [economicos] 1 avisos vía tarjetas
15:58:24 DEBUG   [economicos] 1 avisos vía tarjetas
15:58:26 DEBUG   [economicos] 1 avisos vía tarjetas
15:58:28 DEBUG   [economicos] 1 avisos vía tarjetas
15:58:29 DEBUG   [doomos] 27 avisos vía tarjetas
15:58:29 DEBUG   Ficha de U44VT sin candidato propio; no se fusiona
15:58:31 DEBUG   [doomos] 27 avisos vía tarjetas
15:58:31 DEBUG   Ficha de KNAE9 sin candidato propio; no se fusiona
15:58:32 DEBUG   [doomos] 27 avisos vía tarjetas
15:58:33 DEBUG   Ficha de PR3QK sin candidato propio; no se fusiona
15:58:34 DEBUG   [doomos] 27 avisos vía tarjetas
15:58:34 DEBUG   Ficha de 2HWEW sin candidato propio; no se fusiona
15:58:35 DEBUG   [economicos] 1 avisos vía tarjetas
15:58:37 DEBUG   [doomos] 27 avisos vía tarjetas
15:58:37 DEBUG   Ficha de ZWNAN sin candidato propio; no se fusiona
15:58:38 DEBUG   [doomos] 27 avisos vía tarjetas
15:58:38 DEBUG   Ficha de FDXSM sin candidato propio; no se fusiona
15:58:39 DEBUG   [economicos] 1 avisos vía tarjetas
15:58:45 DEBUG   La red no quedó en silencio en https://www.toctoc.com/arriendo/departamento/metropolitana/vitacura/b_043e126ef1dda658f8c2d47e1de018f363e7765b; se lee igual
15:58:45 DEBUG   Pin del mapa para VVV4B: -33.40490, -70.59654
15:58:45 DEBUG   [toctoc] 1 avisos vía estado-embebido
15:58:45 INFO    Enriquecido y descartado: K7URV (arriendo de $3.479.439 sobre el máximo negociable de $1.904.000)
15:58:45 DEBUG   [economicos] 1 avisos vía tarjetas
15:58:45 DEBUG   Ficha de XEC3Z sin candidato propio; no se fusiona
15:58:47 DEBUG   [economicos] 1 avisos vía tarjetas
15:58:48 DEBUG   [busconido] 10 avisos vía tarjetas
15:58:48 DEBUG   Ficha de TKTCZ sin candidato propio; no se fusiona
15:58:50 DEBUG   [busconido] 10 avisos vía tarjetas
15:58:50 DEBUG   Ficha de 225XZ sin candidato propio; no se fusiona
15:58:51 DEBUG   [doomos] 27 avisos vía tarjetas
15:58:51 DEBUG   Ficha de FQ6XQ sin candidato propio; no se fusiona
15:58:52 DEBUG   [busconido] 10 avisos vía tarjetas
15:58:52 DEBUG   Ficha de APHTA sin candidato propio; no se fusiona
15:58:54 DEBUG   [busconido] 10 avisos vía tarjetas
15:58:54 DEBUG   Ficha de ZKWUC sin candidato propio; no se fusiona
15:58:56 DEBUG   [busconido] 10 avisos vía tarjetas
15:58:56 DEBUG   Ficha de X4AHM sin candidato propio; no se fusiona
15:58:56 DEBUG   [economicos] 1 avisos vía tarjetas
15:58:56 INFO    Enriquecido y descartado: S84GC (arriendo de $3.108.725 sobre el máximo negociable de $1.904.000)
15:59:00 INFO    Enriquecido y descartado: YAVJA (arriendo de $3.517.371 sobre el máximo negociable de $1.904.000)
15:59:00 DEBUG   [economicos] 1 avisos vía tarjetas
15:59:05 DEBUG   Pin del mapa para EAZDB: -33.40383, -70.59820
15:59:05 DEBUG   [toctoc] 1 avisos vía estado-embebido
15:59:05 INFO    Enriquecido y descartado: 358CJ (arriendo de $4.707.477 sobre el máximo negociable de $1.904.000)
15:59:12 DEBUG   La red no quedó en silencio en https://www.toctoc.com/arriendo/departamento/metropolitana/vitacura/b_ac21a1a21b1efa645020b0fd08b4de7f52863715; se lee igual
15:59:12 DEBUG   Pin del mapa para GDEV4: -33.40522, -70.59529
15:59:12 DEBUG   [toctoc] 1 avisos vía estado-embebido
15:59:12 INFO    Enriquecido y descartado: URZMS (arriendo de $3.600.000 sobre el máximo negociable de $1.904.000)
15:59:19 DEBUG   La red no quedó en silencio en https://www.toctoc.com/arriendo/departamento/metropolitana/vitacura/b_5af5df066a164be24e3a506aba26295126d968c4; se lee igual
15:59:19 DEBUG   Pin del mapa para VB9ST: -33.38575, -70.56115
15:59:19 DEBUG   [toctoc] 1 avisos vía estado-embebido
15:59:19 INFO    Enriquecido y descartado: VZXBC (arriendo de $3.479.439 sobre el máximo negociable de $1.904.000)
15:59:25 DEBUG   Pin del mapa para MVQQV: -33.40571, -70.59718
15:59:25 DEBUG   [toctoc] 1 avisos vía estado-embebido
15:59:25 INFO    Enriquecido y descartado: DZCSP (arriendo de $3.274.766 sobre el máximo negociable de $1.904.000)
15:59:30 DEBUG   Pin del mapa para SNVMM: -33.40320, -70.59258
15:59:30 DEBUG   [toctoc] 1 avisos vía estado-embebido
15:59:30 INFO    Enriquecido y descartado: W3RD8 (arriendo de $3.070.094 sobre el máximo negociable de $1.904.000)
15:59:35 DEBUG   Pin del mapa para 9YQR3: -33.37213, -70.54192
15:59:35 DEBUG   [toctoc] 1 avisos vía estado-embebido
15:59:35 INFO    Enriquecido y descartado: E9R23 (arriendo de $4.502.804 sobre el máximo negociable de $1.904.000)
15:59:40 DEBUG   Pin del mapa para ERRDS: -33.40255, -70.59464
15:59:40 DEBUG   [toctoc] 1 avisos vía estado-embebido
15:59:40 INFO    Enriquecido y descartado: TT59B (arriendo de $5.075.888 sobre el máximo negociable de $1.904.000)
15:59:44 INFO    Enriquecido y descartado: CC2AY (arriendo de $2.032.258 sobre el máximo negociable de $1.904.000)
15:59:48 DEBUG   Pin del mapa para HCBT4: -33.40571, -70.59352
15:59:48 DEBUG   [toctoc] 1 avisos vía estado-embebido
15:59:48 INFO    Enriquecido y descartado: XGTG5 (45 años (construido en 1981), sobre el máximo de 30)
15:59:53 DEBUG   Pin del mapa para D2GPN: -33.39031, -70.59455
15:59:53 DEBUG   [toctoc] 1 avisos vía estado-embebido
15:59:53 INFO    Enriquecido y descartado: YNANX (arriendo de $3.274.766 sobre el máximo negociable de $1.904.000)
15:59:58 DEBUG   Pin del mapa para X3YFD: -33.40596, -70.59695
15:59:58 DEBUG   [toctoc] 1 avisos vía estado-embebido
15:59:58 INFO    Enriquecido y descartado: B5SVA (arriendo de $3.274.766 sobre el máximo negociable de $1.904.000)
16:00:02 DEBUG   Pin del mapa para JS3C5: -33.37683, -70.54385
16:00:02 DEBUG   [toctoc] 1 avisos vía estado-embebido
16:00:02 INFO    Enriquecido y descartado: 4JZ9G (arriendo de $1.964.860 sobre el máximo negociable de $1.904.000)
16:00:09 DEBUG   La red no quedó en silencio en https://www.toctoc.com/arriendo/departamento/metropolitana/vitacura/b_4399afa0d9272f8a5b053de793df299fb01e442e; se lee igual
16:00:09 DEBUG   [toctoc] 1 avisos vía estado-embebido
16:00:09 INFO    Enriquecido y descartado: QTDYS (arriendo de $3.274.766 sobre el máximo negociable de $1.904.000)
16:00:14 DEBUG   [toctoc] 1 avisos vía estado-embebido
16:00:14 INFO    Enriquecido y descartado: XYCGS (arriendo de $2.415.140 sobre el máximo negociable de $1.904.000)
16:00:19 DEBUG   [toctoc] 1 avisos vía estado-embebido
16:00:19 INFO    Enriquecido y descartado: B2N6Q (arriendo de $3.274.766 sobre el máximo negociable de $1.904.000)
16:00:23 INFO    Enriquecido y descartado: 7DKB3 (arriendo de $2.266.750 sobre el máximo negociable de $1.904.000)
16:00:30 DEBUG   La red no quedó en silencio en https://www.toctoc.com/arriendo/departamento/metropolitana/vitacura/b_c66cce81d291678a191d876b1151be6742d5a1c2; se lee igual
16:00:30 DEBUG   [toctoc] 1 avisos vía estado-embebido
16:00:30 INFO    Enriquecido y descartado: DNSPN (arriendo de $3.070.094 sobre el máximo negociable de $1.904.000)
16:00:31 DEBUG   [doomos] 18 avisos vía tarjetas
16:00:31 DEBUG   Ficha de J5JN4 sin candidato propio; no se fusiona
16:00:38 DEBUG   La red no quedó en silencio en https://www.toctoc.com/arriendo/departamento/metropolitana/vitacura/b_ac8626fbaf17f6797538373e1135be54043ecbc1; se lee igual
16:00:38 DEBUG   [toctoc] 1 avisos vía estado-embebido
16:00:47 DEBUG   [doomos] 27 avisos vía tarjetas
16:00:47 DEBUG   Ficha de P8XMT sin candidato propio; no se fusiona
16:00:51 DEBUG   [toctoc] 1 avisos vía estado-embebido
16:00:58 DEBUG   La red no quedó en silencio en https://www.toctoc.com/arriendo/departamento/metropolitana/vitacura/b_5a83ec5d9ddeec1014e84fbdea5c301beaad18d5; se lee igual
16:00:58 DEBUG   [toctoc] 1 avisos vía estado-embebido
16:01:07 DEBUG   [toctoc] 1 avisos vía estado-embebido
16:01:13 DEBUG   La red no quedó en silencio en https://www.toctoc.com/arriendo/departamento/metropolitana/vitacura/b_bac4e00f3f8fbaaa186a9e419a8f56ded4737558; se lee igual
16:01:13 DEBUG   [toctoc] 1 avisos vía estado-embebido
16:01:20 DEBUG   La red no quedó en silencio en https://www.toctoc.com/arriendo/departamento/metropolitana/vitacura/b_fdaeaea80544bc1bd42b35482c12994145198f76; se lee igual
16:01:20 DEBUG   [toctoc] 1 avisos vía estado-embebido
16:01:25 DEBUG   [toctoc] 1 avisos vía estado-embebido
16:01:25 INFO    Enriquecido y descartado: 2VPS4 (arriendo de $4.011.589 sobre el máximo negociable de $1.904.000)
16:01:29 INFO    Enriquecido y descartado: 75BRH (arriendo de $2.931.142 sobre el máximo negociable de $1.904.000)
16:01:51 INFO    Enriquecido y descartado: 75BRH (arriendo de $2.149.504 sobre el máximo negociable de $1.904.000)
16:01:55 INFO    Enriquecido y descartado: 75BRH (arriendo de $1.954.095 sobre el máximo negociable de $1.904.000)
16:02:03 DEBUG   [toctoc] 1 avisos vía estado-embebido
16:02:03 INFO    Enriquecido y descartado: 6KA2M (arriendo de $3.070.094 sobre el máximo negociable de $1.904.000)
16:02:16 DEBUG   [toctoc] 1 avisos vía estado-embebido
16:02:20 DEBUG   [toctoc] 1 avisos vía estado-embebido
16:02:20 INFO    Enriquecido y descartado: 4V73Z (arriendo de $4.707.477 sobre el máximo negociable de $1.904.000)
16:02:24 DEBUG   [toctoc] 1 avisos vía estado-embebido
16:02:24 INFO    Enriquecido y descartado: 8YSPF (arriendo de $4.500.000 sobre el máximo negociable de $1.904.000)
16:02:30 DEBUG   [toctoc] 1 avisos vía estado-embebido
16:02:30 INFO    Enriquecido y descartado: J5A6C (arriendo de $3.479.439 sobre el máximo negociable de $1.904.000)
16:02:35 DEBUG   [toctoc] 1 avisos vía estado-embebido
16:02:35 INFO    Enriquecido y descartado: JKM2T (arriendo de $2.292.336 sobre el máximo negociable de $1.904.000)
16:02:45 DEBUG   La red no quedó en silencio en https://www.toctoc.com/arriendo/departamento/metropolitana/vitacura/b_4bc544611a5e0bd2ed0afb5dc04c208bcb7e955f; se lee igual
16:02:45 DEBUG   [toctoc] 1 avisos vía estado-embebido
16:02:45 INFO    Enriquecido y descartado: 9JAPA (arriendo de $2.456.075 sobre el máximo negociable de $1.904.000)
16:02:45 WARNING robots.txt no permite https://www.nuroa.cl/adform/10342-912-e7f8-1a0a016-97e0-4460cb69457-7a3c?click_type=0&pos=2&searchType=1&page=1&section=1&t_sec=1&sectionType=1&pageViewId=60d95a9a-1b15-4cad-a54a-87abfcaaac4e&t_pvid=60d95a9a-1b15-4cad-a54a-87abfcaaac4e&userAgent=Mozilla%2F5.0+%28compatible%3B+radar-arriendos%2F1.0%3B+uso+personal%2C+busqueda+de+arriendo%3B+%2Bhttps%3A%2F%2Fgithub.com%2Falfonsoandona%2Farriendos-vitacura%29&browser=1&isHuman=true&userIp=48.217.140.229&what=vitacura+departamento&search_terms=vitacura+departamento&origin=1&t_or=1&splitTestId=0 — se omite
16:02:49 DEBUG   [toctoc] 1 avisos vía estado-embebido
16:02:56 DEBUG   La red no quedó en silencio en https://www.toctoc.com/arriendo/departamento/metropolitana/vitacura/b_56fff69b355f715bdcb0aa8ccde3cd03cee50962; se lee igual
16:02:57 DEBUG   [toctoc] 1 avisos vía estado-embebido
16:02:57 INFO    Enriquecido y descartado: Z4JHZ (arriendo de $5.075.888 sobre el máximo negociable de $1.904.000)
16:03:03 DEBUG   [toctoc] 1 avisos vía estado-embebido
16:03:08 DEBUG   [toctoc] 1 avisos vía estado-embebido
16:03:08 INFO    Enriquecido y descartado: SNDVP (arriendo de $2.128.598 sobre el máximo negociable de $1.904.000)
16:03:15 DEBUG   La red no quedó en silencio en https://www.toctoc.com/arriendo/departamento/metropolitana/vitacura/o_8e1fe6e00d197403a401ae5bbd160793bac49116; se lee igual
16:03:15 DEBUG   [toctoc] 1 avisos vía estado-embebido
16:03:21 DEBUG   [toctoc] 1 avisos vía tarjetas
16:03:26 DEBUG   [toctoc] 1 avisos vía estado-embebido
16:03:31 DEBUG   [toctoc] 1 avisos vía estado-embebido
16:03:35 DEBUG   [toctoc] 1 avisos vía estado-embebido
16:03:43 DEBUG   La red no quedó en silencio en https://www.goplaceit.com/cl/propiedad/arriendo/departamento/vitacura/12496192-departamento-en-arriendo-en-santa-teresa-de-los-andes; se lee igual
16:03:47 DEBUG   [toctoc] 1 avisos vía estado-embebido
16:03:47 INFO    Enriquecido y descartado: PY7N4 (arriendo de $2.005.794 sobre el máximo negociable de $1.904.000)
16:03:52 INFO    Fichas leídas: 90 — 6 ganaron el año, 13 la dirección; 33 se descartaron al verlas (1 por viejos)
16:03:53 INFO    Listo: 0 avisados de 57 candidatos
