16:10:12 INFO    UF = $41.008.10 (API del día)
16:10:12 INFO    Barriendo TocToc (toctoc)…
16:10:12 INFO    Barriendo Chilepropiedades (chilepropiedades)…
16:10:12 INFO    Barriendo GoPlaceIt (goplaceit)…
16:10:12 INFO    Barriendo Yapo (yapo)…
16:10:12 WARNING https://www.yapo.cl/bienes-raices-alquiler-apartamentos/region-metropolitana-vitacura respondió 403
16:10:12 INFO    [yapo] https://www.yapo.cl/bienes-raices-alquiler-apartamentos/region-metropolitana-vitacura rebotó al GET; se reintenta con navegador
16:10:13 DEBUG   [chilepropiedades] 10 avisos vía tarjetas
16:10:15 DEBUG   [chilepropiedades] 10 avisos vía tarjetas
16:10:16 DEBUG   [goplaceit] 30 avisos vía json-ld
16:10:17 DEBUG   [chilepropiedades] 10 avisos vía tarjetas
16:10:17 INFO      chilepropiedades: 30 avisos en 5s
16:10:17 INFO    Barriendo BuscoNido (busconido)…
16:10:17 DEBUG   [busconido] 23 avisos vía tarjetas
16:10:17 INFO      busconido: 23 avisos en 1s
16:10:17 INFO    Barriendo BienesOnline (bienesonline)…
16:10:19 DEBUG   [bienesonline] 10 avisos vía tarjetas
16:10:19 INFO      bienesonline: 10 avisos en 1s
16:10:19 INFO    Barriendo Economicos (El Mercurio) (economicos)…
16:10:19 WARNING https://www.economicos.cl/search/propiedades/vitacura/arriendo/departamento/0 respondió 403
16:10:19 INFO    [economicos] https://www.economicos.cl/search/propiedades/vitacura/arriendo/departamento/0 rebotó al GET; se reintenta con navegador
16:10:20 DEBUG   La red no quedó en silencio en https://www.yapo.cl/bienes-raices-alquiler-apartamentos/region-metropolitana-vitacura; se lee igual
16:10:20 INFO      yapo: 0 avisos en 8s
16:10:20 INFO    Barriendo iCasas (icasas)…
16:10:20 DEBUG   [icasas] 15 avisos vía tarjetas
16:10:22 DEBUG   [icasas] 15 avisos vía tarjetas
16:10:22 INFO      icasas: 30 avisos en 3s
16:10:22 INFO    Barriendo Doomos (doomos)…
16:10:24 DEBUG   [toctoc] 20 avisos vía json-ld
16:10:25 INFO      economicos: 0 avisos en 6s
16:10:25 INFO    Barriendo Top Propiedades (toppropiedades)…
16:10:29 DEBUG   [toppropiedades] 1 avisos vía json-ld
16:10:31 DEBUG   [toppropiedades] 1 avisos vía json-ld
16:10:32 DEBUG   La red no quedó en silencio en https://www.toctoc.com/arriendo/departamento/metropolitana/vitacura/3-dormitorios?pagina=2; se lee igual
16:10:32 DEBUG   [toctoc] 20 avisos vía json-ld
16:10:33 DEBUG   [toppropiedades] 1 avisos vía json-ld
16:10:35 DEBUG   [toppropiedades] 1 avisos vía json-ld
16:10:37 DEBUG   [toppropiedades] 1 avisos vía json-ld
16:10:39 DEBUG   [toppropiedades] 1 avisos vía json-ld
16:10:40 DEBUG   La red no quedó en silencio en https://www.toctoc.com/arriendo/departamento/metropolitana/vitacura/3-dormitorios?pagina=3; se lee igual
16:10:40 DEBUG   [toctoc] 20 avisos vía json-ld
16:10:41 DEBUG   [toppropiedades] 1 avisos vía json-ld
16:10:43 DEBUG   [toppropiedades] 1 avisos vía json-ld
16:10:43 INFO      toppropiedades: 8 avisos en 18s
16:10:43 INFO    Barriendo Nuroa (nuroa)…
16:10:44 DEBUG   Encoding detection: ascii is most likely the one.
16:10:45 DEBUG   [nuroa] 25 avisos vía json-ld
16:10:47 DEBUG   [nuroa] 25 avisos vía json-ld
16:10:47 DEBUG   [goplaceit] 30 avisos vía json-ld
16:10:47 DEBUG   La red no quedó en silencio en https://www.toctoc.com/arriendo/departamento/metropolitana/vitacura/4-dormitorios; se lee igual
16:10:49 DEBUG   [toctoc] 20 avisos vía json-ld
16:10:49 DEBUG   [nuroa] 25 avisos vía json-ld
16:10:51 DEBUG   [nuroa] 25 avisos vía json-ld
16:10:51 INFO      nuroa: 100 avisos en 8s
16:10:51 INFO    Barriendo Mitula (mitula)…
16:10:52 WARNING https://casas.mitula.cl/casas/arriendo-departamentos-vitacura respondió 401
16:10:52 INFO    [mitula] https://casas.mitula.cl/casas/arriendo-departamentos-vitacura rebotó al GET; se reintenta con navegador
16:10:53 WARNING Error en https://www.doomos.cl/departamentos-vitacura-arriendo (intento 1/3): HTTPSConnectionPool(host='www.doomos.cl', port=443): Read timed out. (read timeout=20)
16:10:56 INFO      mitula: 0 avisos en 5s
16:10:56 INFO    Barriendo Houm (houm)…
16:10:56 DEBUG   La red no quedó en silencio en https://www.toctoc.com/arriendo/departamento/metropolitana/vitacura/4-dormitorios?pagina=2; se lee igual
16:10:57 DEBUG   [toctoc] 20 avisos vía json-ld
16:11:02 DEBUG   [houm] 28 avisos vía json-ld
16:11:08 DEBUG   La red no quedó en silencio en https://www.toctoc.com/arriendo/departamento/metropolitana/vitacura/4-dormitorios?pagina=3; se lee igual
16:11:08 DEBUG   [toctoc] 20 avisos vía json-ld
16:11:09 INFO      toctoc: 120 avisos en 57s
16:11:09 INFO    Barriendo Hey! Homes (heyhomes)…
16:11:11 DEBUG   [heyhomes] 9 avisos vía tarjetas
16:11:11 INFO      heyhomes: 9 avisos en 3s
16:11:11 INFO    Barriendo Engel & Völkers (engelvoelkers)…
16:11:13 DEBUG   La red no quedó en silencio en https://houm.com/cl/arriendo-departamento-región-metropolitana/las-condes/170742; se lee igual
16:11:13 DEBUG   [houm] 1 avisos vía estado-embebido
16:11:15 WARNING Error en https://www.doomos.cl/departamentos-vitacura-arriendo (intento 2/3): HTTPSConnectionPool(host='www.doomos.cl', port=443): Read timed out. (read timeout=20)
16:11:16 DEBUG   [engelvoelkers] 15 avisos vía tarjetas
16:11:16 INFO      engelvoelkers: 15 avisos en 5s
16:11:16 INFO    Barriendo RE/MAX Chile (remax)…
16:11:21 INFO      remax: 0 avisos en 5s
16:11:21 INFO    Barriendo Fuenzalida Propiedades (fuenzalida)…
16:11:23 DEBUG   La red no quedó en silencio en https://houm.com/cl/arriendo-departamento-región-metropolitana/lo-barnechea/74201; se lee igual
16:11:24 DEBUG   [houm] 1 avisos vía estado-embebido
16:11:25 DEBUG   [fuenzalida] 16 avisos vía tarjetas
16:11:28 DEBUG   [goplaceit] 30 avisos vía json-ld
16:11:31 DEBUG   La red no quedó en silencio en https://houm.com/cl/arriendo-departamento-región-metropolitana/recoleta/179872; se lee igual
16:11:31 DEBUG   [houm] 1 avisos vía estado-embebido
16:11:31 DEBUG   [fuenzalida] 20 avisos vía tarjetas
16:11:36 DEBUG   [fuenzalida] 20 avisos vía tarjetas
16:11:36 INFO      fuenzalida: 56 avisos en 14s
16:11:36 INFO    Barriendo Century 21 Chile (century21)…
16:11:37 INFO      century21: 0 avisos en 1s
16:11:37 INFO    Barriendo Property Partners (propertypartners)…
16:11:37 DEBUG   [propertypartners] 1 avisos vía tarjetas
16:11:37 INFO      propertypartners: 1 avisos en 1s
16:11:37 INFO    Barriendo Acceso Inmobiliario (accesoinmobiliario)…
16:11:39 DEBUG   La red no quedó en silencio en https://houm.com/cl/arriendo-departamento-región-metropolitana/recoleta/178185; se lee igual
16:11:39 DEBUG   [houm] 1 avisos vía estado-embebido
16:11:39 WARNING Error en https://www.doomos.cl/departamentos-vitacura-arriendo (intento 3/3): HTTPSConnectionPool(host='www.doomos.cl', port=443): Read timed out. (read timeout=20)
16:11:39 WARNING   doomos: el sitio no respondió a tiempo
16:11:39 INFO      doomos: 0 avisos en 76s
16:11:39 INFO    Barriendo Magnolia Property (magnoliaproperty)…
16:11:39 DEBUG   [magnoliaproperty] 6 avisos vía tarjetas
16:11:39 INFO      magnoliaproperty: 6 avisos en 0s
16:11:39 INFO    Barriendo Portilla Propiedades (portillapropiedades)…
16:11:40 DEBUG   [portillapropiedades] 2 avisos vía tarjetas
16:11:40 INFO      portillapropiedades: 2 avisos en 1s
16:11:40 INFO    Barriendo Nativo Propiedades (nativopropiedades)…
16:11:41 DEBUG   [nativopropiedades] 10 avisos vía tarjetas
16:11:41 INFO      nativopropiedades: 10 avisos en 1s
16:11:41 INFO    Barriendo Enlace Inmobiliario (enlaceinmobiliario)…
16:11:41 WARNING https://www.enlaceinmobiliario.cl/ respondió 403
16:11:41 INFO    [enlaceinmobiliario] https://www.enlaceinmobiliario.cl/ rebotó al GET; se reintenta con navegador
16:11:42 DEBUG   [accesoinmobiliario] 16 avisos vía tarjetas
16:11:49 DEBUG   La red no quedó en silencio en https://houm.com/cl/arriendo-departamento-región-metropolitana/recoleta/176207; se lee igual
16:11:49 DEBUG   [houm] 1 avisos vía estado-embebido
16:11:50 DEBUG   La red no quedó en silencio en https://www.enlaceinmobiliario.cl/; se lee igual
16:11:50 INFO      enlaceinmobiliario: 0 avisos en 9s
16:11:50 INFO    Barriendo Rentas.cl (rentas_cl)…
16:11:52 DEBUG   [rentas_cl] 1 avisos vía json-ld
16:11:52 INFO      rentas_cl: 1 avisos en 2s
16:11:52 INFO    Barriendo Arriendos.cl (arriendos_cl)…
16:11:53 INFO      arriendos_cl: 0 avisos en 1s
16:11:53 INFO    Barriendo Propiedades.cl (propiedades_cl)…
16:11:54 DEBUG   [propiedades_cl] 6 avisos vía tarjetas
16:11:54 INFO      propiedades_cl: 6 avisos en 1s
16:11:54 INFO    Barriendo Clasificados.cl (clasificados_cl)…
16:11:56 DEBUG   [clasificados_cl] 1 avisos vía tarjetas
16:11:56 INFO      clasificados_cl: 1 avisos en 3s
16:11:56 DEBUG   [accesoinmobiliario] 1 avisos vía tarjetas
16:11:59 DEBUG   La red no quedó en silencio en https://houm.com/cl/arriendo-departamento-región-metropolitana/las-condes/177842; se lee igual
16:11:59 DEBUG   [houm] 1 avisos vía estado-embebido
16:12:00 INFO      goplaceit: 90 avisos en 108s
16:12:07 DEBUG   [accesoinmobiliario] 1 avisos vía tarjetas
16:12:07 DEBUG   La red no quedó en silencio en https://houm.com/cl/arriendo-departamento-región-metropolitana/recoleta/176958; se lee igual
16:12:07 DEBUG   [houm] 1 avisos vía estado-embebido
16:12:09 INFO      accesoinmobiliario: 18 avisos en 32s
16:12:15 DEBUG   La red no quedó en silencio en https://houm.com/cl/arriendo-departamento-región-metropolitana/recoleta/90462; se lee igual
16:12:15 DEBUG   [houm] 1 avisos vía estado-embebido
16:12:15 INFO      houm: 36 avisos en 79s
16:12:15 INFO    Total crudo: 572 avisos
16:12:15 INFO    Después de deduplicar: 384
16:12:16 INFO    Pasaron los filtros: 39
16:12:33 DEBUG   Ficha de HW5MX sin candidato propio; no se fusiona
16:12:38 DEBUG   [toctoc] 1 avisos vía tarjetas
16:12:38 DEBUG   [busconido] 10 avisos vía tarjetas
16:12:38 DEBUG   Ficha de 62YXU sin candidato propio; no se fusiona
16:12:40 DEBUG   [busconido] 10 avisos vía tarjetas
16:12:40 DEBUG   Ficha de ZKDXZ sin candidato propio; no se fusiona
16:12:44 DEBUG   [engelvoelkers] 1 avisos vía json-ld
16:12:44 INFO    Enriquecido y descartado: QSV2N (96 m² totales, no llega a más de 100 m²)
16:12:45 DEBUG   [busconido] 10 avisos vía tarjetas
16:12:45 DEBUG   Ficha de RAVFS sin candidato propio; no se fusiona
16:12:47 DEBUG   [busconido] 10 avisos vía tarjetas
16:12:47 DEBUG   Ficha de AM5PH sin candidato propio; no se fusiona
16:12:50 INFO    Enriquecido y descartado: YAVJA (arriendo de $3.517.371 sobre el máximo negociable de $1.904.000)
16:12:53 INFO    Enriquecido y descartado: CC2AY (arriendo de $2.032.258 sobre el máximo negociable de $1.904.000)
16:12:54 DEBUG   [busconido] 10 avisos vía tarjetas
16:12:54 DEBUG   Ficha de V5F7H sin candidato propio; no se fusiona
16:12:58 INFO    Enriquecido y descartado: 7DKB3 (arriendo de $2.266.750 sobre el máximo negociable de $1.904.000)
16:13:06 DEBUG   [engelvoelkers] 1 avisos vía json-ld
16:13:20 DEBUG   [toctoc] 1 avisos vía estado-embebido
16:13:20 DEBUG   [chilepropiedades] 2 avisos vía json-ld
16:13:20 WARNING robots.txt no permite https://www.nuroa.cl/adform/10342-912-b45c-1a0ce6e-984c-ada286d9a1f6-77e4?click_type=0&pos=11&searchType=2&page=1&section=1&t_sec=1&sectionType=1&pageViewId=fca1c432-e889-4eed-a1e3-46b46c3d0c32&t_pvid=fca1c432-e889-4eed-a1e3-46b46c3d0c32&userAgent=Mozilla%2F5.0+%28compatible%3B+radar-arriendos%2F1.0%3B+uso+personal%2C+busqueda+de+arriendo%3B+%2Bhttps%3A%2F%2Fgithub.com%2Falfonsoandona%2Farriendos-vitacura%29&browser=1&isHuman=true&userIp=52.157.32.197&what=vitacura+departamento&search_terms=vitacura+departamento&origin=1&t_or=1&splitTestId=0 — se omite
16:13:27 DEBUG   La red no quedó en silencio en https://www.toctoc.com/arriendo/departamento/metropolitana/vitacura/b_bac4e00f3f8fbaaa186a9e419a8f56ded4737558; se lee igual
16:13:27 DEBUG   [toctoc] 1 avisos vía estado-embebido
16:13:31 INFO    Enriquecido y descartado: 75BRH (arriendo de $2.931.142 sobre el máximo negociable de $1.904.000)
16:13:53 INFO    Enriquecido y descartado: 75BRH (arriendo de $2.149.504 sobre el máximo negociable de $1.904.000)
16:13:56 DEBUG   [goplaceit] 1 avisos vía tarjetas
16:13:56 INFO    Enriquecido y descartado: 75BRH (arriendo de $1.954.095 sobre el máximo negociable de $1.904.000)
16:14:00 DEBUG   Ficha de 75BRH sin candidato propio; no se fusiona
16:14:02 DEBUG   Ficha de 75BRH sin candidato propio; no se fusiona
16:14:06 DEBUG   Ficha de 75BRH sin candidato propio; no se fusiona
16:14:12 DEBUG   [toctoc] 1 avisos vía estado-embebido
16:14:17 DEBUG   [toctoc] 1 avisos vía estado-embebido
16:14:21 DEBUG   Ficha de 75BRH sin candidato propio; no se fusiona
16:14:21 WARNING robots.txt no permite https://www.nuroa.cl/adform/10342-912-e7f8-1a0a016-97e0-4460cb69457-7a3c?click_type=0&pos=5&searchType=1&page=3&section=1&t_sec=1&sectionType=1&pageViewId=704029b7-2fbc-416c-b3ab-d4f7b2f8f214&t_pvid=704029b7-2fbc-416c-b3ab-d4f7b2f8f214&userAgent=Mozilla%2F5.0+%28compatible%3B+radar-arriendos%2F1.0%3B+uso+personal%2C+busqueda+de+arriendo%3B+%2Bhttps%3A%2F%2Fgithub.com%2Falfonsoandona%2Farriendos-vitacura%29&browser=1&isHuman=true&userIp=52.157.32.197&what=vitacura+departamento&search_terms=vitacura+departamento&origin=1&t_or=1&splitTestId=0 — se omite
16:14:26 DEBUG   [toctoc] 1 avisos vía estado-embebido
16:14:29 DEBUG   Ficha de 75BRH sin candidato propio; no se fusiona
16:14:33 DEBUG   Ficha de 75BRH sin candidato propio; no se fusiona
16:14:33 INFO    Fichas leídas: 39 — 0 ganaron el año, 0 la dirección; 7 se descartaron al verlas (0 por viejos)
16:14:34 INFO    Listo: 0 avisados de 32 candidatos
