19:54:53 INFO    UF = $40.999.93 (API del día)
19:54:53 INFO    Barriendo TocToc (toctoc)…
19:54:53 INFO    Barriendo Chilepropiedades (chilepropiedades)…
19:54:53 INFO    Barriendo GoPlaceIt (goplaceit)…
19:54:53 INFO    Barriendo Yapo (yapo)…
19:54:53 WARNING https://www.yapo.cl/bienes-raices-alquiler-apartamentos/region-metropolitana-vitacura respondió 403
19:54:53 INFO    [yapo] https://www.yapo.cl/bienes-raices-alquiler-apartamentos/region-metropolitana-vitacura rebotó al GET; se reintenta con navegador
19:54:53 DEBUG   [chilepropiedades] 10 avisos vía tarjetas
19:54:55 DEBUG   [chilepropiedades] 10 avisos vía tarjetas
19:54:56 DEBUG   [goplaceit] 30 avisos vía json-ld
19:54:57 DEBUG   [chilepropiedades] 10 avisos vía tarjetas
19:54:57 INFO      chilepropiedades: 30 avisos en 5s
19:54:57 INFO    Barriendo BuscoNido (busconido)…
19:54:58 DEBUG   [busconido] 23 avisos vía tarjetas
19:54:58 INFO      busconido: 23 avisos en 1s
19:54:58 INFO    Barriendo BienesOnline (bienesonline)…
19:54:59 DEBUG   [bienesonline] 1 avisos vía tarjetas
19:54:59 INFO      bienesonline: 1 avisos en 1s
19:54:59 INFO    Barriendo Economicos (El Mercurio) (economicos)…
19:55:00 DEBUG   [economicos] 20 avisos vía tarjetas
19:55:00 DEBUG   La red no quedó en silencio en https://www.yapo.cl/bienes-raices-alquiler-apartamentos/region-metropolitana-vitacura; se lee igual
19:55:00 INFO      yapo: 0 avisos en 7s
19:55:00 INFO    Barriendo iCasas (icasas)…
19:55:01 DEBUG   [icasas] 15 avisos vía tarjetas
19:55:02 DEBUG   [icasas] 15 avisos vía tarjetas
19:55:02 INFO      icasas: 30 avisos en 3s
19:55:02 INFO    Barriendo Doomos (doomos)…
19:55:03 DEBUG   [toctoc] 20 avisos vía json-ld
19:55:05 DEBUG   [doomos] 32 avisos vía tarjetas
19:55:05 INFO      doomos: 32 avisos en 3s
19:55:05 INFO    Barriendo Top Propiedades (toppropiedades)…
19:55:07 DEBUG   [economicos] 18 avisos vía tarjetas
19:55:07 DEBUG   [economicos] 13 avisos vía tarjetas
19:55:07 INFO      economicos: 51 avisos en 8s
19:55:07 INFO    Barriendo Nuroa (nuroa)…
19:55:07 DEBUG   Encoding detection: ascii is most likely the one.
19:55:09 DEBUG   [nuroa] 25 avisos vía json-ld
19:55:09 DEBUG   [toppropiedades] 1 avisos vía json-ld
19:55:10 DEBUG   [nuroa] 25 avisos vía json-ld
19:55:10 DEBUG   La red no quedó en silencio en https://www.toctoc.com/arriendo/departamento/metropolitana/vitacura/3-dormitorios?pagina=2; se lee igual
19:55:11 DEBUG   [toppropiedades] 1 avisos vía json-ld
19:55:12 DEBUG   [nuroa] 25 avisos vía json-ld
19:55:13 DEBUG   [toppropiedades] 1 avisos vía json-ld
19:55:14 DEBUG   [nuroa] 25 avisos vía json-ld
19:55:14 INFO      nuroa: 100 avisos en 8s
19:55:14 INFO    Barriendo Mitula (mitula)…
19:55:14 WARNING [toctoc] https://www.toctoc.com/arriendo/departamento/metropolitana/vitacura/3-dormitorios?pagina=2 falló: Page.content: Unable to retrieve content because the page is navigating and changing the content.
19:55:15 DEBUG   [toppropiedades] 1 avisos vía json-ld
19:55:17 DEBUG   [mitula] 30 avisos vía json-ld
19:55:17 DEBUG   [toppropiedades] 1 avisos vía json-ld
19:55:18 DEBUG   [mitula] 30 avisos vía json-ld
19:55:18 INFO      mitula: 60 avisos en 4s
19:55:18 INFO    Barriendo Houm (houm)…
19:55:19 DEBUG   [toppropiedades] 1 avisos vía json-ld
19:55:21 DEBUG   [toppropiedades] 1 avisos vía json-ld
19:55:22 DEBUG   La red no quedó en silencio en https://www.toctoc.com/arriendo/departamento/metropolitana/vitacura/4-dormitorios; se lee igual
19:55:23 DEBUG   [toppropiedades] 1 avisos vía json-ld
19:55:23 INFO      toppropiedades: 8 avisos en 18s
19:55:23 INFO    Barriendo Hey! Homes (heyhomes)…
19:55:25 WARNING [toctoc] https://www.toctoc.com/arriendo/departamento/metropolitana/vitacura/4-dormitorios falló: Page.content: Unable to retrieve content because the page is navigating and changing the content.
19:55:25 WARNING   toctoc: Page.content: Unable to retrieve content because the page is navigating and changing the content.
19:55:25 INFO      toctoc: 20 avisos en 33s
19:55:25 INFO    Barriendo Engel & Völkers (engelvoelkers)…
19:55:26 DEBUG   [heyhomes] 9 avisos vía tarjetas
19:55:26 INFO      heyhomes: 9 avisos en 3s
19:55:26 INFO    Barriendo RE/MAX Chile (remax)…
19:55:28 DEBUG   [goplaceit] 30 avisos vía json-ld
19:55:30 DEBUG   La red no quedó en silencio en https://houm.com/cl/arriendo-departamentos-region-metropolitana/vitacura/3-dormitorios; se lee igual
19:55:30 DEBUG   [houm] 28 avisos vía json-ld
19:55:32 DEBUG   [engelvoelkers] 16 avisos vía tarjetas
19:55:32 INFO      engelvoelkers: 16 avisos en 7s
19:55:32 INFO    Barriendo Fuenzalida Propiedades (fuenzalida)…
19:55:36 DEBUG   [fuenzalida] 16 avisos vía tarjetas
19:55:38 DEBUG   La red no quedó en silencio en https://www.remax.cl/es-cl/busqueda/metropolitana-de-santiago/santiago/vitacura/residencial-departamento/arriendo/; se lee igual
19:55:38 DEBUG   [remax] 4 avisos vía tarjetas
19:55:39 DEBUG   [fuenzalida] 20 avisos vía tarjetas
19:55:43 DEBUG   [fuenzalida] 20 avisos vía tarjetas
19:55:43 INFO      fuenzalida: 56 avisos en 10s
19:55:43 INFO    Barriendo Century 21 Chile (century21)…
19:55:43 DEBUG   La red no quedó en silencio en https://houm.com/cl/arriendo-departamento-región-metropolitana/las-condes/170742; se lee igual
19:55:43 DEBUG   [houm] 1 avisos vía estado-embebido
19:55:44 INFO      century21: 0 avisos en 1s
19:55:44 INFO    Barriendo Property Partners (propertypartners)…
19:55:44 DEBUG   [propertypartners] 1 avisos vía tarjetas
19:55:44 INFO      propertypartners: 1 avisos en 1s
19:55:44 INFO    Barriendo Acceso Inmobiliario (accesoinmobiliario)…
19:55:48 DEBUG   La red no quedó en silencio en https://www.remax.cl/es-cl/busqueda/metropolitana-de-santiago/santiago/vitacura/residencial-departamento/arriendo/?page=2; se lee igual
19:55:49 DEBUG   [remax] 4 avisos vía tarjetas
19:55:49 INFO      remax: 8 avisos en 22s
19:55:49 INFO    Barriendo Magnolia Property (magnoliaproperty)…
19:55:49 DEBUG   [magnoliaproperty] 6 avisos vía tarjetas
19:55:49 INFO      magnoliaproperty: 6 avisos en 1s
19:55:49 INFO    Barriendo Portilla Propiedades (portillapropiedades)…
19:55:50 DEBUG   [portillapropiedades] 2 avisos vía tarjetas
19:55:50 INFO      portillapropiedades: 2 avisos en 0s
19:55:50 INFO    Barriendo Nativo Propiedades (nativopropiedades)…
19:55:50 DEBUG   [nativopropiedades] 10 avisos vía tarjetas
19:55:50 INFO      nativopropiedades: 10 avisos en 1s
19:55:50 INFO    Barriendo Enlace Inmobiliario (enlaceinmobiliario)…
19:55:51 WARNING https://www.enlaceinmobiliario.cl/ respondió 403
19:55:51 INFO    [enlaceinmobiliario] https://www.enlaceinmobiliario.cl/ rebotó al GET; se reintenta con navegador
19:55:52 DEBUG   [accesoinmobiliario] 16 avisos vía tarjetas
19:55:54 DEBUG   La red no quedó en silencio en https://houm.com/cl/arriendo-departamento-región-metropolitana/lo-barnechea/74201; se lee igual
19:55:54 DEBUG   [houm] 1 avisos vía estado-embebido
19:56:01 DEBUG   La red no quedó en silencio en https://www.enlaceinmobiliario.cl/; se lee igual
19:56:01 INFO      enlaceinmobiliario: 0 avisos en 10s
19:56:01 INFO    Barriendo Rentas.cl (rentas_cl)…
19:56:04 DEBUG   [rentas_cl] 1 avisos vía json-ld
19:56:04 INFO      rentas_cl: 1 avisos en 3s
19:56:04 INFO    Barriendo Arriendos.cl (arriendos_cl)…
19:56:05 INFO      arriendos_cl: 0 avisos en 1s
19:56:05 INFO    Barriendo Propiedades.cl (propiedades_cl)…
19:56:05 DEBUG   La red no quedó en silencio en https://houm.com/cl/arriendo-departamento-región-metropolitana/recoleta/179872; se lee igual
19:56:05 DEBUG   [houm] 1 avisos vía estado-embebido
19:56:05 DEBUG   [propiedades_cl] 6 avisos vía tarjetas
19:56:05 INFO      propiedades_cl: 6 avisos en 1s
19:56:05 INFO    Barriendo Clasificados.cl (clasificados_cl)…
19:56:09 DEBUG   [clasificados_cl] 1 avisos vía tarjetas
19:56:09 INFO      clasificados_cl: 1 avisos en 3s
19:56:12 DEBUG   [accesoinmobiliario] 1 avisos vía tarjetas
19:56:14 DEBUG   [goplaceit] 30 avisos vía json-ld
19:56:15 DEBUG   La red no quedó en silencio en https://houm.com/cl/arriendo-departamento-región-metropolitana/recoleta/178185; se lee igual
19:56:15 DEBUG   [houm] 1 avisos vía estado-embebido
19:56:24 DEBUG   La red no quedó en silencio en https://houm.com/cl/arriendo-departamento-región-metropolitana/las-condes/177842; se lee igual
19:56:24 DEBUG   [houm] 1 avisos vía estado-embebido
19:56:32 DEBUG   La red no quedó en silencio en https://houm.com/cl/arriendo-departamento-región-metropolitana/recoleta/176958; se lee igual
19:56:32 DEBUG   [houm] 1 avisos vía estado-embebido
19:56:38 DEBUG   [accesoinmobiliario] 1 avisos vía tarjetas
19:56:41 DEBUG   La red no quedó en silencio en https://houm.com/cl/arriendo-departamento-región-metropolitana/recoleta/90462; se lee igual
19:56:41 DEBUG   [houm] 1 avisos vía estado-embebido
19:56:47 INFO      goplaceit: 90 avisos en 114s
19:56:49 DEBUG   [accesoinmobiliario] 1 avisos vía tarjetas
19:56:49 INFO      accesoinmobiliario: 19 avisos en 64s
19:56:49 DEBUG   La red no quedó en silencio en https://houm.com/cl/arriendo-departamento-región-metropolitana/recoleta/177459; se lee igual
19:56:49 DEBUG   [houm] 1 avisos vía estado-embebido
19:56:49 INFO      houm: 36 avisos en 91s
19:56:49 INFO    Total crudo: 616 avisos
19:56:50 INFO    Después de deduplicar: 477
19:56:50 INFO    Pasaron los filtros: 55
19:57:06 DEBUG   [economicos] 1 avisos vía tarjetas
19:57:09 DEBUG   [doomos] 18 avisos vía tarjetas
19:57:09 DEBUG   Ficha de YVT22 sin candidato propio; no se fusiona
19:57:11 DEBUG   Ficha de HW5MX sin candidato propio; no se fusiona
19:57:12 DEBUG   [economicos] 1 avisos vía tarjetas
19:57:14 DEBUG   [economicos] 1 avisos vía tarjetas
19:57:16 DEBUG   [economicos] 1 avisos vía tarjetas
19:57:18 DEBUG   [economicos] 1 avisos vía tarjetas
19:57:20 DEBUG   [economicos] 1 avisos vía tarjetas
19:57:22 DEBUG   [economicos] 1 avisos vía tarjetas
19:57:29 DEBUG   [doomos] 27 avisos vía tarjetas
19:57:29 DEBUG   Ficha de U44VT sin candidato propio; no se fusiona
19:57:38 DEBUG   [doomos] 27 avisos vía tarjetas
19:57:38 DEBUG   Ficha de KNAE9 sin candidato propio; no se fusiona
19:57:45 DEBUG   [doomos] 27 avisos vía tarjetas
19:57:45 DEBUG   Ficha de PR3QK sin candidato propio; no se fusiona
19:57:57 DEBUG   [doomos] 27 avisos vía tarjetas
19:57:57 DEBUG   Ficha de 2HWEW sin candidato propio; no se fusiona
19:57:57 DEBUG   [economicos] 1 avisos vía tarjetas
19:58:05 DEBUG   [doomos] 27 avisos vía tarjetas
19:58:05 DEBUG   Ficha de ZWNAN sin candidato propio; no se fusiona
19:58:05 DEBUG   [economicos] 1 avisos vía tarjetas
19:58:07 DEBUG   [economicos] 1 avisos vía tarjetas
19:58:07 DEBUG   Ficha de XEC3Z sin candidato propio; no se fusiona
19:58:09 DEBUG   [economicos] 1 avisos vía tarjetas
19:58:09 DEBUG   [busconido] 11 avisos vía tarjetas
19:58:09 DEBUG   Ficha de 73MJ8 sin candidato propio; no se fusiona
19:58:11 DEBUG   [busconido] 10 avisos vía tarjetas
19:58:11 DEBUG   Ficha de WQEA3 sin candidato propio; no se fusiona
19:58:16 DEBUG   [doomos] 27 avisos vía tarjetas
19:58:16 DEBUG   Ficha de FQ6XQ sin candidato propio; no se fusiona
19:58:17 DEBUG   [busconido] 10 avisos vía tarjetas
19:58:17 DEBUG   Ficha de 7TE33 sin candidato propio; no se fusiona
19:58:17 DEBUG   [economicos] 1 avisos vía tarjetas
19:58:17 INFO    Enriquecido y descartado: S84GC (arriendo de $3.108.725 sobre el máximo negociable de $1.904.000)
19:58:19 DEBUG   [busconido] 10 avisos vía tarjetas
19:58:19 DEBUG   Ficha de SU4U9 sin candidato propio; no se fusiona
19:58:23 INFO    Enriquecido y descartado: YAVJA (arriendo de $3.517.371 sobre el máximo negociable de $1.904.000)
19:58:23 DEBUG   [economicos] 1 avisos vía tarjetas
19:58:27 INFO    Enriquecido y descartado: CC2AY (arriendo de $2.032.258 sobre el máximo negociable de $1.904.000)
19:58:27 WARNING robots.txt no permite https://placehold.co/1920x1080.mp4 — se omite
19:58:29 DEBUG   [doomos] 18 avisos vía tarjetas
19:58:29 DEBUG   Ficha de J5JN4 sin candidato propio; no se fusiona
19:58:36 DEBUG   [engelvoelkers] 1 avisos vía json-ld
19:58:46 DEBUG   [doomos] 27 avisos vía tarjetas
19:58:46 DEBUG   Ficha de P8XMT sin candidato propio; no se fusiona
19:58:49 DEBUG   [chilepropiedades] 2 avisos vía json-ld
19:58:50 WARNING robots.txt no permite https://www.nuroa.cl/adform/10342-912-b45c-1a0ce6e-984c-ada286d9a1f6-77e4?click_type=0&pos=4&searchType=2&page=1&section=1&t_sec=1&sectionType=1&pageViewId=ddab8988-4a73-41e1-9db9-796ef284f2af&t_pvid=ddab8988-4a73-41e1-9db9-796ef284f2af&userAgent=Mozilla%2F5.0+%28compatible%3B+radar-arriendos%2F1.0%3B+uso+personal%2C+busqueda+de+arriendo%3B+%2Bhttps%3A%2F%2Fgithub.com%2Falfonsoandona%2Farriendos-vitacura%29&browser=1&isHuman=true&userIp=4.242.29.34&what=vitacura+departamento&search_terms=vitacura+departamento&origin=1&t_or=1&splitTestId=0 — se omite
19:58:53 INFO    Enriquecido y descartado: 75BRH (arriendo de $2.931.142 sobre el máximo negociable de $1.904.000)
19:59:14 INFO    Enriquecido y descartado: 75BRH (arriendo de $2.149.504 sobre el máximo negociable de $1.904.000)
19:59:18 INFO    Enriquecido y descartado: 75BRH (arriendo de $1.954.095 sobre el máximo negociable de $1.904.000)
19:59:34 DEBUG   [toctoc] 1 avisos vía estado-embebido
19:59:40 DEBUG   [toctoc] 1 avisos vía estado-embebido
19:59:43 WARNING robots.txt no permite https://www.nuroa.cl/adform/10342-912-e7f8-1a0a016-97e0-4460cb69457-7a3c?click_type=0&pos=20&searchType=1&page=2&section=1&t_sec=1&sectionType=1&pageViewId=e72623ce-fc39-4a9e-9454-886302285174&t_pvid=e72623ce-fc39-4a9e-9454-886302285174&userAgent=Mozilla%2F5.0+%28compatible%3B+radar-arriendos%2F1.0%3B+uso+personal%2C+busqueda+de+arriendo%3B+%2Bhttps%3A%2F%2Fgithub.com%2Falfonsoandona%2Farriendos-vitacura%29&browser=1&isHuman=true&userIp=4.242.29.34&what=vitacura+departamento&search_terms=vitacura+departamento&origin=1&t_or=1&splitTestId=0 — se omite
19:59:46 INFO    Enriquecido y descartado: 75BRH (arriendo de $4.299.009 sobre el máximo negociable de $1.904.000)
19:59:50 INFO    Fichas leídas: 55 — 0 ganaron el año, 1 la dirección; 7 se descartaron al verlas (0 por viejos)
19:59:52 INFO    Listo: 0 avisados de 48 candidatos
