01:09:26 INFO    No se pudo traer la UF del día (ReadTimeout); se usa el respaldo
01:09:26 INFO    UF = $40.934.58 (caché de hace 1 día(s) — la API no respondió)
01:09:26 INFO    Barriendo TocToc (toctoc)…
01:09:26 INFO    Barriendo Chilepropiedades (chilepropiedades)…
01:09:26 INFO    Barriendo GoPlaceIt (goplaceit)…
01:09:26 INFO    Barriendo Yapo (yapo)…
01:09:27 DEBUG   [chilepropiedades] 10 avisos vía tarjetas
01:09:29 DEBUG   [chilepropiedades] 10 avisos vía tarjetas
01:09:29 DEBUG   [goplaceit] 30 avisos vía json-ld
01:09:31 DEBUG   [chilepropiedades] 10 avisos vía tarjetas
01:09:31 INFO      chilepropiedades: 30 avisos en 5s
01:09:31 INFO    Barriendo BuscoNido (busconido)…
01:09:31 INFO      yapo: 0 avisos en 5s
01:09:31 INFO    Barriendo BienesOnline (bienesonline)…
01:09:32 DEBUG   [busconido] 23 avisos vía tarjetas
01:09:32 INFO      busconido: 23 avisos en 1s
01:09:32 INFO    Barriendo Economicos (El Mercurio) (economicos)…
01:09:32 WARNING https://www.economicos.cl/search/propiedades/vitacura/arriendo/departamento/0 respondió 403
01:09:32 INFO    [economicos] https://www.economicos.cl/search/propiedades/vitacura/arriendo/departamento/0 rebotó al GET; se reintenta con navegador
01:09:32 DEBUG   [bienesonline] 12 avisos vía tarjetas
01:09:32 INFO      bienesonline: 12 avisos en 1s
01:09:32 INFO    Barriendo iCasas (icasas)…
01:09:33 DEBUG   [toctoc] 20 avisos vía json-ld
01:09:33 DEBUG   [icasas] 15 avisos vía tarjetas
01:09:34 INFO      economicos: 0 avisos en 2s
01:09:34 INFO    Barriendo Doomos (doomos)…
01:09:34 WARNING https://www.doomos.cl/departamentos-vitacura-arriendo respondió 403
01:09:34 INFO    [doomos] https://www.doomos.cl/departamentos-vitacura-arriendo rebotó al GET; se reintenta con navegador
01:09:35 DEBUG   [icasas] 15 avisos vía tarjetas
01:09:35 INFO      icasas: 30 avisos en 3s
01:09:35 INFO    Barriendo Top Propiedades (toppropiedades)…
01:09:38 DEBUG   [toppropiedades] 1 avisos vía json-ld
01:09:39 INFO      doomos: 0 avisos en 5s
01:09:39 INFO    Barriendo Nuroa (nuroa)…
01:09:39 DEBUG   Encoding detection: ascii is most likely the one.
01:09:40 DEBUG   [toppropiedades] 1 avisos vía json-ld
01:09:40 DEBUG   La red no quedó en silencio en https://www.toctoc.com/arriendo/departamento/metropolitana/vitacura/3-dormitorios?pagina=2; se lee igual
01:09:40 DEBUG   [nuroa] 25 avisos vía json-ld
01:09:41 DEBUG   [toctoc] 20 avisos vía json-ld
01:09:42 DEBUG   [toppropiedades] 1 avisos vía json-ld
01:09:42 DEBUG   [nuroa] 25 avisos vía json-ld
01:09:44 DEBUG   [toppropiedades] 1 avisos vía json-ld
01:09:44 DEBUG   [nuroa] 25 avisos vía json-ld
01:09:46 DEBUG   [toppropiedades] 1 avisos vía json-ld
01:09:46 DEBUG   [nuroa] 25 avisos vía json-ld
01:09:47 INFO      nuroa: 100 avisos en 8s
01:09:47 INFO    Barriendo Mitula (mitula)…
01:09:48 DEBUG   La red no quedó en silencio en https://www.toctoc.com/arriendo/departamento/metropolitana/vitacura/3-dormitorios?pagina=3; se lee igual
01:09:48 DEBUG   [toppropiedades] 1 avisos vía json-ld
01:09:48 DEBUG   [mitula] 30 avisos vía json-ld
01:09:49 DEBUG   [toctoc] 20 avisos vía json-ld
01:09:50 DEBUG   [toppropiedades] 1 avisos vía json-ld
01:09:50 DEBUG   [mitula] 30 avisos vía json-ld
01:09:51 INFO      mitula: 60 avisos en 4s
01:09:51 INFO    Barriendo Houm (houm)…
01:09:52 DEBUG   [toppropiedades] 1 avisos vía json-ld
01:09:52 INFO      toppropiedades: 8 avisos en 18s
01:09:52 INFO    Barriendo Hey! Homes (heyhomes)…
01:09:55 DEBUG   [heyhomes] 9 avisos vía tarjetas
01:09:55 INFO      heyhomes: 9 avisos en 3s
01:09:55 INFO    Barriendo Engel & Völkers (engelvoelkers)…
01:09:56 DEBUG   La red no quedó en silencio en https://www.toctoc.com/arriendo/departamento/metropolitana/vitacura/4-dormitorios; se lee igual
01:09:56 WARNING [toctoc] https://www.toctoc.com/arriendo/departamento/metropolitana/vitacura/4-dormitorios falló: Page.content: Unable to retrieve content because the page is navigating and changing the content.
01:09:56 WARNING   toctoc: Page.content: Unable to retrieve content because the page is navigating and changing the content.
01:09:56 INFO      toctoc: 60 avisos en 30s
01:09:56 INFO    Barriendo RE/MAX Chile (remax)…
01:09:59 DEBUG   [goplaceit] 30 avisos vía json-ld
01:10:01 DEBUG   La red no quedó en silencio en https://houm.com/cl/arriendo-departamentos-region-metropolitana/vitacura/3-dormitorios; se lee igual
01:10:01 DEBUG   [houm] 28 avisos vía json-ld
01:10:02 DEBUG   [engelvoelkers] 16 avisos vía tarjetas
01:10:02 INFO      engelvoelkers: 16 avisos en 7s
01:10:02 INFO    Barriendo Fuenzalida Propiedades (fuenzalida)…
01:10:04 INFO      remax: 0 avisos en 8s
01:10:04 INFO    Barriendo Century 21 Chile (century21)…
01:10:05 DEBUG   [fuenzalida] 16 avisos vía tarjetas
01:10:06 INFO      century21: 0 avisos en 1s
01:10:06 INFO    Barriendo Property Partners (propertypartners)…
01:10:06 DEBUG   [propertypartners] 1 avisos vía tarjetas
01:10:06 INFO      propertypartners: 1 avisos en 1s
01:10:06 INFO    Barriendo Acceso Inmobiliario (accesoinmobiliario)…
01:10:09 DEBUG   [fuenzalida] 20 avisos vía tarjetas
01:10:11 DEBUG   [accesoinmobiliario] 14 avisos vía tarjetas
01:10:12 DEBUG   La red no quedó en silencio en https://houm.com/cl/arriendo-departamento-región-metropolitana/las-condes/170742; se lee igual
01:10:12 DEBUG   [houm] 1 avisos vía estado-embebido
01:10:13 DEBUG   [fuenzalida] 20 avisos vía tarjetas
01:10:13 INFO      fuenzalida: 56 avisos en 11s
01:10:13 INFO    Barriendo Magnolia Property (magnoliaproperty)…
01:10:13 DEBUG   [magnoliaproperty] 6 avisos vía tarjetas
01:10:13 INFO      magnoliaproperty: 6 avisos en 1s
01:10:13 INFO    Barriendo Portilla Propiedades (portillapropiedades)…
01:10:14 DEBUG   [portillapropiedades] 2 avisos vía tarjetas
01:10:14 INFO      portillapropiedades: 2 avisos en 0s
01:10:14 INFO    Barriendo Nativo Propiedades (nativopropiedades)…
01:10:14 DEBUG   [accesoinmobiliario] 1 avisos vía tarjetas
01:10:15 DEBUG   [nativopropiedades] 10 avisos vía tarjetas
01:10:15 INFO      nativopropiedades: 10 avisos en 1s
01:10:15 INFO    Barriendo Enlace Inmobiliario (enlaceinmobiliario)…
01:10:15 WARNING https://www.enlaceinmobiliario.cl/ respondió 403
01:10:15 INFO    [enlaceinmobiliario] https://www.enlaceinmobiliario.cl/ rebotó al GET; se reintenta con navegador
01:10:21 DEBUG   La red no quedó en silencio en https://houm.com/cl/arriendo-departamento-región-metropolitana/las-condes/175757; se lee igual
01:10:21 DEBUG   [houm] 1 avisos vía estado-embebido
01:10:26 INFO      enlaceinmobiliario: 0 avisos en 11s
01:10:26 INFO    Barriendo Rentas.cl (rentas_cl)…
01:10:28 DEBUG   [rentas_cl] 1 avisos vía json-ld
01:10:28 INFO      rentas_cl: 1 avisos en 2s
01:10:28 INFO    Barriendo Arriendos.cl (arriendos_cl)…
01:10:29 INFO      arriendos_cl: 0 avisos en 1s
01:10:29 INFO    Barriendo Propiedades.cl (propiedades_cl)…
01:10:30 DEBUG   [propiedades_cl] 6 avisos vía tarjetas
01:10:30 INFO      propiedades_cl: 6 avisos en 1s
01:10:30 INFO    Barriendo Clasificados.cl (clasificados_cl)…
01:10:32 DEBUG   [clasificados_cl] 1 avisos vía tarjetas
01:10:32 INFO      clasificados_cl: 1 avisos en 2s
01:10:33 DEBUG   La red no quedó en silencio en https://houm.com/cl/arriendo-departamento-región-metropolitana/lo-barnechea/74201; se lee igual
01:10:33 DEBUG   [houm] 1 avisos vía estado-embebido
01:10:36 DEBUG   [goplaceit] 30 avisos vía json-ld
01:10:42 INFO      accesoinmobiliario: 15 avisos en 36s
01:10:43 DEBUG   La red no quedó en silencio en https://houm.com/cl/arriendo-departamento-región-metropolitana/providencia/175947; se lee igual
01:10:43 DEBUG   [houm] 1 avisos vía estado-embebido
01:10:50 DEBUG   La red no quedó en silencio en https://houm.com/cl/arriendo-departamento-región-metropolitana/ñuñoa/174379; se lee igual
01:10:50 DEBUG   [houm] 1 avisos vía estado-embebido
01:10:58 DEBUG   La red no quedó en silencio en https://houm.com/cl/arriendo-departamento-región-metropolitana/recoleta/179872; se lee igual
01:10:58 DEBUG   [houm] 1 avisos vía estado-embebido
01:11:01 INFO      goplaceit: 90 avisos en 95s
01:11:05 DEBUG   La red no quedó en silencio en https://houm.com/cl/arriendo-departamento-región-metropolitana/recoleta/178185; se lee igual
01:11:05 DEBUG   [houm] 1 avisos vía estado-embebido
01:11:12 DEBUG   La red no quedó en silencio en https://houm.com/cl/arriendo-departamento-región-metropolitana/las-condes/177842; se lee igual
01:11:12 DEBUG   [houm] 1 avisos vía estado-embebido
01:11:12 INFO      houm: 36 avisos en 82s
01:11:12 INFO    Total crudo: 572 avisos
01:11:13 INFO    Después de deduplicar: 333
01:11:13 INFO    Pasaron los filtros: 33
01:11:25 DEBUG   Ficha de HW5MX sin candidato propio; no se fusiona
01:11:31 DEBUG   Pin del mapa para XBB2P: -33.40150, -70.58141
01:11:31 DEBUG   [toctoc] 1 avisos vía estado-embebido
01:11:31 INFO    Enriquecido y descartado: XBB2P (35 años (construido en 1991), sobre el máximo de 30)
01:11:32 DEBUG   Pin del mapa para M5BYR: -33.40337, -70.58097
01:11:32 DEBUG   [propiedades_cl] 2 avisos vía tarjetas
01:11:32 DEBUG   Ficha de M5BYR sin candidato propio; no se fusiona
01:11:33 DEBUG   [busconido] 10 avisos vía tarjetas
01:11:33 DEBUG   Ficha de TKTCZ sin candidato propio; no se fusiona
01:11:34 DEBUG   [busconido] 10 avisos vía tarjetas
01:11:34 DEBUG   Ficha de 225XZ sin candidato propio; no se fusiona
01:11:36 DEBUG   [busconido] 10 avisos vía tarjetas
01:11:36 DEBUG   Ficha de APHTA sin candidato propio; no se fusiona
01:11:38 DEBUG   [busconido] 10 avisos vía tarjetas
01:11:38 DEBUG   Ficha de ZKWUC sin candidato propio; no se fusiona
01:11:40 DEBUG   [busconido] 10 avisos vía tarjetas
01:11:40 DEBUG   Ficha de X4AHM sin candidato propio; no se fusiona
01:11:44 INFO    Enriquecido y descartado: YAVJA (arriendo de $3.517.371 sobre el máximo negociable de $1.904.000)
01:11:49 INFO    Enriquecido y descartado: CC2AY (arriendo de $2.032.258 sobre el máximo negociable de $1.904.000)
01:11:53 INFO    Enriquecido y descartado: 7DKB3 (arriendo de $2.266.750 sobre el máximo negociable de $1.904.000)
01:12:10 DEBUG   [toctoc] 1 avisos vía estado-embebido
01:12:14 INFO    Enriquecido y descartado: 75BRH (arriendo de $2.931.142 sobre el máximo negociable de $1.904.000)
01:12:35 INFO    Enriquecido y descartado: 75BRH (arriendo de $2.149.504 sobre el máximo negociable de $1.904.000)
01:12:38 INFO    Enriquecido y descartado: 75BRH (arriendo de $1.954.095 sobre el máximo negociable de $1.904.000)
01:12:53 WARNING robots.txt no permite https://www.nuroa.cl/adform/10342-912-e7f8-1a0a016-97e0-4460cb69457-7a3c?click_type=0&pos=5&searchType=1&page=1&section=1&t_sec=1&sectionType=1&pageViewId=889159ad-a567-462c-8b52-1d4f73404c97&t_pvid=889159ad-a567-462c-8b52-1d4f73404c97&userAgent=Mozilla%2F5.0+%28compatible%3B+radar-arriendos%2F1.0%3B+uso+personal%2C+busqueda+de+arriendo%3B+%2Bhttps%3A%2F%2Fgithub.com%2Falfonsoandona%2Farriendos-vitacura%29&browser=1&isHuman=true&userIp=40.78.174.137&what=vitacura+departamento&search_terms=vitacura+departamento&origin=1&t_or=1&splitTestId=0 — se omite
01:12:59 DEBUG   [toctoc] 1 avisos vía estado-embebido
01:13:02 INFO    Enriquecido y descartado: 75BRH (arriendo de $4.299.009 sobre el máximo negociable de $1.904.000)
01:13:06 INFO    Fichas leídas: 33 — 1 ganaron el año, 0 la dirección; 8 se descartaron al verlas (1 por viejos)
01:13:13 INFO    Listo: 0 avisados de 25 candidatos
