21:07:34 INFO    UF = $41.049.01 (API del día)
21:07:34 INFO    Barriendo TocToc (toctoc)…
21:07:34 INFO    Barriendo Chilepropiedades (chilepropiedades)…
21:07:34 INFO    Barriendo GoPlaceIt (goplaceit)…
21:07:34 INFO    Barriendo Yapo (yapo)…
21:07:34 DEBUG   [chilepropiedades] 10 avisos vía tarjetas
21:07:34 WARNING https://www.yapo.cl/bienes-raices-alquiler-apartamentos/region-metropolitana-vitacura respondió 403
21:07:34 INFO    [yapo] https://www.yapo.cl/bienes-raices-alquiler-apartamentos/region-metropolitana-vitacura rebotó al GET; se reintenta con navegador
21:07:36 DEBUG   [chilepropiedades] 10 avisos vía tarjetas
21:07:37 DEBUG   [goplaceit] 30 avisos vía json-ld
21:07:38 INFO      toctoc: 0 avisos en 4s
21:07:38 INFO    Barriendo BuscoNido (busconido)…
21:07:38 DEBUG   [busconido] 23 avisos vía tarjetas
21:07:38 INFO      busconido: 23 avisos en 1s
21:07:38 INFO    Barriendo BienesOnline (bienesonline)…
21:07:38 DEBUG   [chilepropiedades] 10 avisos vía tarjetas
21:07:38 INFO      chilepropiedades: 30 avisos en 4s
21:07:38 INFO    Barriendo Economicos (El Mercurio) (economicos)…
21:07:39 DEBUG   [bienesonline] 16 avisos vía tarjetas
21:07:39 INFO      bienesonline: 16 avisos en 1s
21:07:39 INFO    Barriendo iCasas (icasas)…
21:07:40 DEBUG   [icasas] 15 avisos vía tarjetas
21:07:42 DEBUG   [icasas] 15 avisos vía tarjetas
21:07:42 INFO      icasas: 30 avisos en 2s
21:07:42 INFO    Barriendo Doomos (doomos)…
21:07:42 DEBUG   La red no quedó en silencio en https://www.yapo.cl/bienes-raices-alquiler-apartamentos/region-metropolitana-vitacura; se lee igual
21:07:42 INFO      yapo: 0 avisos en 8s
21:07:42 INFO    Barriendo Top Propiedades (toppropiedades)…
21:07:45 DEBUG   [doomos] 33 avisos vía tarjetas
21:07:45 INFO      doomos: 33 avisos en 3s
21:07:45 INFO    Barriendo Nuroa (nuroa)…
21:07:45 DEBUG   [toppropiedades] 1 avisos vía json-ld
21:07:45 DEBUG   Encoding detection: ascii is most likely the one.
21:07:46 DEBUG   [nuroa] 25 avisos vía json-ld
21:07:47 DEBUG   [toppropiedades] 1 avisos vía json-ld
21:07:48 DEBUG   [nuroa] 25 avisos vía json-ld
21:07:49 DEBUG   [toppropiedades] 1 avisos vía json-ld
21:07:50 DEBUG   [nuroa] 25 avisos vía json-ld
21:07:51 DEBUG   [toppropiedades] 1 avisos vía json-ld
21:07:52 DEBUG   [nuroa] 25 avisos vía json-ld
21:07:52 INFO      nuroa: 100 avisos en 7s
21:07:52 INFO    Barriendo Mitula (mitula)…
21:07:53 DEBUG   [toppropiedades] 1 avisos vía json-ld
21:07:54 DEBUG   [mitula] 30 avisos vía json-ld
21:07:55 DEBUG   [toppropiedades] 1 avisos vía json-ld
21:07:56 DEBUG   [mitula] 30 avisos vía json-ld
21:07:56 INFO      mitula: 60 avisos en 4s
21:07:56 INFO    Barriendo Houm (houm)…
21:07:57 DEBUG   [toppropiedades] 1 avisos vía json-ld
21:07:59 DEBUG   [toppropiedades] 1 avisos vía json-ld
21:07:59 INFO      toppropiedades: 8 avisos en 17s
21:07:59 INFO    Barriendo Hey! Homes (heyhomes)…
21:08:00 DEBUG   [goplaceit] 30 avisos vía json-ld
21:08:02 DEBUG   [heyhomes] 9 avisos vía tarjetas
21:08:02 INFO      heyhomes: 9 avisos en 3s
21:08:02 INFO    Barriendo Engel & Völkers (engelvoelkers)…
21:08:03 DEBUG   La red no quedó en silencio en https://houm.com/cl/arriendo-departamentos-region-metropolitana/vitacura/3-dormitorios; se lee igual
21:08:03 DEBUG   [houm] 28 avisos vía json-ld
21:08:06 DEBUG   [engelvoelkers] 16 avisos vía tarjetas
21:08:06 INFO      engelvoelkers: 16 avisos en 4s
21:08:06 INFO    Barriendo RE/MAX Chile (remax)…
21:08:08 WARNING Error en https://www.economicos.cl/search/propiedades/vitacura/arriendo/departamento/0 (intento 1/3): HTTPSConnectionPool(host='www.economicos.cl', port=443): Max retries exceeded with url: /search/propiedades/vitacura/arriendo/departamento/0 (Caused by ConnectTimeoutError(<HTTPSConnection(host='www.economicos.cl', port=443) at 0x7fdcdda3ad50>, 'Connection to www.economicos.cl timed out. (connect timeout=20)'))
21:08:11 DEBUG   La red no quedó en silencio en https://houm.com/cl/arriendo-departamento-región-metropolitana/las-condes/170742; se lee igual
21:08:11 DEBUG   [houm] 1 avisos vía estado-embebido
21:08:13 INFO      remax: 0 avisos en 6s
21:08:13 INFO    Barriendo Fuenzalida Propiedades (fuenzalida)…
21:08:20 DEBUG   La red no quedó en silencio en https://houm.com/cl/arriendo-departamento-región-metropolitana/lo-barnechea/74201; se lee igual
21:08:20 DEBUG   [fuenzalida] 16 avisos vía tarjetas
21:08:20 DEBUG   [houm] 1 avisos vía estado-embebido
21:08:25 DEBUG   [fuenzalida] 20 avisos vía tarjetas
21:08:27 DEBUG   La red no quedó en silencio en https://houm.com/cl/arriendo-departamento-región-metropolitana/recoleta/179872; se lee igual
21:08:27 DEBUG   [houm] 1 avisos vía estado-embebido
21:08:27 DEBUG   [goplaceit] 30 avisos vía json-ld
21:08:31 WARNING Error en https://www.economicos.cl/search/propiedades/vitacura/arriendo/departamento/0 (intento 2/3): HTTPSConnectionPool(host='www.economicos.cl', port=443): Max retries exceeded with url: /search/propiedades/vitacura/arriendo/departamento/0 (Caused by ConnectTimeoutError(<HTTPSConnection(host='www.economicos.cl', port=443) at 0x7fdcdd572ab0>, 'Connection to www.economicos.cl timed out. (connect timeout=20)'))
21:08:32 DEBUG   [fuenzalida] 20 avisos vía tarjetas
21:08:32 INFO      fuenzalida: 56 avisos en 19s
21:08:32 INFO    Barriendo Century 21 Chile (century21)…
21:08:33 INFO      century21: 0 avisos en 1s
21:08:33 INFO    Barriendo Property Partners (propertypartners)…
21:08:33 DEBUG   [propertypartners] 1 avisos vía tarjetas
21:08:33 INFO      propertypartners: 1 avisos en 0s
21:08:33 INFO    Barriendo Acceso Inmobiliario (accesoinmobiliario)…
21:08:34 DEBUG   La red no quedó en silencio en https://houm.com/cl/arriendo-departamento-región-metropolitana/recoleta/178185; se lee igual
21:08:34 DEBUG   [houm] 1 avisos vía estado-embebido
21:08:37 DEBUG   [accesoinmobiliario] 16 avisos vía tarjetas
21:08:41 DEBUG   La red no quedó en silencio en https://houm.com/cl/arriendo-departamento-región-metropolitana/recoleta/176207; se lee igual
21:08:42 DEBUG   [houm] 1 avisos vía estado-embebido
21:08:47 DEBUG   [accesoinmobiliario] 1 avisos vía tarjetas
21:08:49 DEBUG   La red no quedó en silencio en https://houm.com/cl/arriendo-departamento-región-metropolitana/las-condes/177842; se lee igual
21:08:49 DEBUG   [houm] 1 avisos vía estado-embebido
21:08:55 INFO      goplaceit: 90 avisos en 81s
21:08:55 INFO    Barriendo Magnolia Property (magnoliaproperty)…
21:08:55 WARNING Error en https://www.economicos.cl/search/propiedades/vitacura/arriendo/departamento/0 (intento 3/3): HTTPSConnectionPool(host='www.economicos.cl', port=443): Max retries exceeded with url: /search/propiedades/vitacura/arriendo/departamento/0 (Caused by ConnectTimeoutError(<HTTPSConnection(host='www.economicos.cl', port=443) at 0x7fdcddcc0a40>, 'Connection to www.economicos.cl timed out. (connect timeout=20)'))
21:08:55 WARNING   economicos: el sitio no respondió a tiempo
21:08:55 INFO      economicos: 0 avisos en 76s
21:08:55 INFO    Barriendo Portilla Propiedades (portillapropiedades)…
21:08:55 DEBUG   [portillapropiedades] 2 avisos vía tarjetas
21:08:55 INFO      portillapropiedades: 2 avisos en 0s
21:08:55 INFO    Barriendo Nativo Propiedades (nativopropiedades)…
21:08:55 DEBUG   [magnoliaproperty] 6 avisos vía tarjetas
21:08:55 INFO      magnoliaproperty: 6 avisos en 1s
21:08:55 INFO    Barriendo Enlace Inmobiliario (enlaceinmobiliario)…
21:08:56 WARNING https://www.enlaceinmobiliario.cl/ respondió 403
21:08:56 INFO    [enlaceinmobiliario] https://www.enlaceinmobiliario.cl/ rebotó al GET; se reintenta con navegador
21:08:56 DEBUG   [nativopropiedades] 10 avisos vía tarjetas
21:08:56 INFO      nativopropiedades: 10 avisos en 1s
21:08:56 INFO    Barriendo Rentas.cl (rentas_cl)…
21:08:57 DEBUG   La red no quedó en silencio en https://houm.com/cl/arriendo-departamento-región-metropolitana/recoleta/176958; se lee igual
21:08:57 DEBUG   [houm] 1 avisos vía estado-embebido
21:08:58 DEBUG   [rentas_cl] 1 avisos vía json-ld
21:08:58 INFO      rentas_cl: 1 avisos en 2s
21:08:58 INFO    Barriendo Arriendos.cl (arriendos_cl)…
21:08:59 INFO      arriendos_cl: 0 avisos en 1s
21:08:59 INFO    Barriendo Propiedades.cl (propiedades_cl)…
21:09:00 DEBUG   [propiedades_cl] 6 avisos vía tarjetas
21:09:00 INFO      propiedades_cl: 6 avisos en 0s
21:09:00 INFO    Barriendo Clasificados.cl (clasificados_cl)…
21:09:00 INFO      enlaceinmobiliario: 0 avisos en 5s
21:09:02 DEBUG   [clasificados_cl] 1 avisos vía tarjetas
21:09:02 INFO      clasificados_cl: 1 avisos en 2s
21:09:06 DEBUG   [accesoinmobiliario] 1 avisos vía tarjetas
21:09:06 DEBUG   La red no quedó en silencio en https://houm.com/cl/arriendo-departamento-región-metropolitana/recoleta/90462; se lee igual
21:09:06 DEBUG   [houm] 1 avisos vía estado-embebido
21:09:06 INFO      houm: 36 avisos en 71s
21:09:12 DEBUG   [accesoinmobiliario] 1 avisos vía tarjetas
21:09:12 INFO      accesoinmobiliario: 19 avisos en 39s
21:09:12 INFO    Total crudo: 553 avisos
21:09:13 INFO    Después de deduplicar: 414
21:09:13 DEBUG   Libreta: dr carlos loca 1080 se construyó en 2024 (accesoinmobiliario)
21:09:13 INFO    Pasaron los filtros: 43
21:09:23 DEBUG   [doomos] 18 avisos vía tarjetas
21:09:23 DEBUG   Ficha de YVT22 sin candidato propio; no se fusiona
21:09:25 DEBUG   Ficha de HW5MX sin candidato propio; no se fusiona
21:09:27 DEBUG   [doomos] 27 avisos vía tarjetas
21:09:27 DEBUG   Ficha de U44VT sin candidato propio; no se fusiona
21:09:29 DEBUG   [doomos] 27 avisos vía tarjetas
21:09:29 DEBUG   Ficha de KNAE9 sin candidato propio; no se fusiona
21:09:36 DEBUG   [doomos] 27 avisos vía tarjetas
21:09:36 DEBUG   Ficha de PR3QK sin candidato propio; no se fusiona
21:09:37 DEBUG   [doomos] 27 avisos vía tarjetas
21:09:37 DEBUG   Ficha de 2HWEW sin candidato propio; no se fusiona
21:09:40 DEBUG   [doomos] 27 avisos vía tarjetas
21:09:40 DEBUG   Ficha de ZWNAN sin candidato propio; no se fusiona
21:09:40 DEBUG   [busconido] 10 avisos vía tarjetas
21:09:40 DEBUG   Ficha de AX2GP sin candidato propio; no se fusiona
21:09:42 DEBUG   [busconido] 11 avisos vía tarjetas
21:09:42 DEBUG   Ficha de D9VJG sin candidato propio; no se fusiona
21:09:44 DEBUG   [doomos] 27 avisos vía tarjetas
21:09:44 DEBUG   Ficha de FQ6XQ sin candidato propio; no se fusiona
21:09:44 DEBUG   [busconido] 10 avisos vía tarjetas
21:09:44 DEBUG   Ficha de AKRWX sin candidato propio; no se fusiona
21:09:46 DEBUG   [busconido] 10 avisos vía tarjetas
21:09:46 DEBUG   Ficha de KWJ7Y sin candidato propio; no se fusiona
21:09:50 INFO    Enriquecido y descartado: YAVJA (arriendo de $3.517.371 sobre el máximo negociable de $1.904.000)
21:09:56 INFO    Enriquecido y descartado: CC2AY (arriendo de $2.032.258 sobre el máximo negociable de $1.904.000)
21:10:00 INFO    Enriquecido y descartado: 7DKB3 (arriendo de $2.266.750 sobre el máximo negociable de $1.904.000)
21:10:00 DEBUG   [busconido] 11 avisos vía tarjetas
21:10:00 DEBUG   Ficha de 56YFN sin candidato propio; no se fusiona
21:10:00 WARNING robots.txt no permite https://placehold.co/1920x1080.mp4 — se omite
21:10:01 DEBUG   [bienesonline] 2 avisos vía json-ld
21:10:03 DEBUG   [doomos] 18 avisos vía tarjetas
21:10:03 DEBUG   Ficha de J5JN4 sin candidato propio; no se fusiona
21:10:04 DEBUG   [mitula] 3 avisos vía tarjetas
21:10:11 DEBUG   [engelvoelkers] 1 avisos vía json-ld
21:10:33 DEBUG   [doomos] 27 avisos vía tarjetas
21:10:33 DEBUG   Ficha de P8XMT sin candidato propio; no se fusiona
21:10:37 WARNING robots.txt no permite https://www.nuroa.cl/adform/10342-912-b45c-1a0ce6e-984c-ada286d9a1f6-77e4?click_type=0&pos=24&searchType=2&page=1&section=1&t_sec=1&sectionType=1&pageViewId=f227b4fe-6e3e-4365-8ef4-e40c2160b30b&t_pvid=f227b4fe-6e3e-4365-8ef4-e40c2160b30b&userAgent=Mozilla%2F5.0+%28compatible%3B+radar-arriendos%2F1.0%3B+uso+personal%2C+busqueda+de+arriendo%3B+%2Bhttps%3A%2F%2Fgithub.com%2Falfonsoandona%2Farriendos-vitacura%29&browser=1&isHuman=true&userIp=134.33.78.210&what=vitacura+departamento&search_terms=vitacura+departamento&origin=1&t_or=1&splitTestId=0 — se omite
21:10:57 INFO    Enriquecido y descartado: 75BRH (arriendo de $2.149.504 sobre el máximo negociable de $1.904.000)
21:11:00 INFO    Enriquecido y descartado: 75BRH (arriendo de $1.954.095 sobre el máximo negociable de $1.904.000)
21:11:13 WARNING robots.txt no permite https://www.nuroa.cl/adform/10342-912-e7f8-1a0a016-97e0-4460cb69457-7a3c?click_type=0&pos=13&searchType=1&page=3&section=1&t_sec=1&sectionType=1&pageViewId=3982c8ca-98b7-4a75-815a-8a3e42c67edb&t_pvid=3982c8ca-98b7-4a75-815a-8a3e42c67edb&userAgent=Mozilla%2F5.0+%28compatible%3B+radar-arriendos%2F1.0%3B+uso+personal%2C+busqueda+de+arriendo%3B+%2Bhttps%3A%2F%2Fgithub.com%2Falfonsoandona%2Farriendos-vitacura%29&browser=1&isHuman=true&userIp=134.33.78.210&what=vitacura+departamento&search_terms=vitacura+departamento&origin=1&t_or=1&splitTestId=0 — se omite
21:11:16 INFO    Enriquecido y descartado: 75BRH (arriendo de $4.299.009 sobre el máximo negociable de $1.904.000)
21:11:19 INFO    Fichas leídas: 43 — 0 ganaron el año, 1 la dirección; 6 se descartaron al verlas (0 por viejos)
21:11:20 INFO    Listo: 0 avisados de 37 candidatos
