00:52:58 INFO    UF = $40.875.09 (API del día)
00:52:58 INFO    Barriendo TocToc (toctoc)…
00:52:58 INFO    Barriendo Chilepropiedades (chilepropiedades)…
00:52:58 INFO    Barriendo GoPlaceIt (goplaceit)…
00:52:58 INFO    Barriendo Yapo (yapo)…
00:52:58 DEBUG   [chilepropiedades] 10 avisos vía tarjetas
00:53:00 DEBUG   [yapo] 30 avisos vía tarjetas
00:53:00 DEBUG   [chilepropiedades] 10 avisos vía tarjetas
00:53:02 DEBUG   [yapo] 30 avisos vía tarjetas
00:53:02 DEBUG   [chilepropiedades] 10 avisos vía tarjetas
00:53:02 INFO      chilepropiedades: 30 avisos en 5s
00:53:02 INFO    Barriendo BuscoNido (busconido)…
00:53:03 DEBUG   [busconido] 23 avisos vía tarjetas
00:53:03 INFO      busconido: 23 avisos en 0s
00:53:03 INFO    Barriendo BienesOnline (bienesonline)…
00:53:03 DEBUG   [goplaceit] 30 avisos vía json-ld
00:53:04 DEBUG   [yapo] 30 avisos vía tarjetas
00:53:04 INFO      yapo: 90 avisos en 7s
00:53:04 INFO    Barriendo Economicos (El Mercurio) (economicos)…
00:53:04 DEBUG   [bienesonline] 18 avisos vía tarjetas
00:53:04 INFO      bienesonline: 18 avisos en 2s
00:53:04 INFO    Barriendo iCasas (icasas)…
00:53:05 WARNING https://www.economicos.cl/search/propiedades/vitacura/arriendo/departamento/0 respondió 403
00:53:05 INFO    [economicos] https://www.economicos.cl/search/propiedades/vitacura/arriendo/departamento/0 rebotó al GET; se reintenta con navegador
00:53:05 DEBUG   [icasas] 15 avisos vía tarjetas
00:53:07 DEBUG   [icasas] 15 avisos vía tarjetas
00:53:07 INFO      icasas: 30 avisos en 2s
00:53:07 INFO    Barriendo Doomos (doomos)…
00:53:08 DEBUG   [toctoc] 20 avisos vía json-ld
00:53:09 DEBUG   [doomos] 31 avisos vía tarjetas
00:53:09 INFO      doomos: 31 avisos en 2s
00:53:09 INFO    Barriendo Top Propiedades (toppropiedades)…
00:53:09 INFO      economicos: 0 avisos en 5s
00:53:09 INFO    Barriendo Nuroa (nuroa)…
00:53:10 DEBUG   Encoding detection: ascii is most likely the one.
00:53:11 DEBUG   [nuroa] 25 avisos vía json-ld
00:53:12 DEBUG   [toppropiedades] 1 avisos vía json-ld
00:53:13 DEBUG   [nuroa] 25 avisos vía json-ld
00:53:14 DEBUG   [toppropiedades] 1 avisos vía json-ld
00:53:15 DEBUG   [nuroa] 25 avisos vía json-ld
00:53:15 DEBUG   La red no quedó en silencio en https://www.toctoc.com/arriendo/departamento/metropolitana/vitacura/3-dormitorios?pagina=2; se lee igual
00:53:16 DEBUG   [toctoc] 63 avisos vía json-ld
00:53:16 DEBUG   [toppropiedades] 1 avisos vía json-ld
00:53:17 DEBUG   [nuroa] 25 avisos vía json-ld
00:53:17 INFO      nuroa: 100 avisos en 8s
00:53:17 INFO    Barriendo Mitula (mitula)…
00:53:18 DEBUG   [toppropiedades] 1 avisos vía json-ld
00:53:19 DEBUG   [mitula] 30 avisos vía json-ld
00:53:20 DEBUG   [toppropiedades] 1 avisos vía json-ld
00:53:21 DEBUG   [mitula] 30 avisos vía json-ld
00:53:21 INFO      mitula: 60 avisos en 4s
00:53:21 INFO    Barriendo Houm (houm)…
00:53:23 DEBUG   [toppropiedades] 1 avisos vía json-ld
00:53:23 DEBUG   La red no quedó en silencio en https://www.toctoc.com/arriendo/departamento/metropolitana/vitacura/3-dormitorios?pagina=3; se lee igual
00:53:24 DEBUG   [toppropiedades] 1 avisos vía json-ld
00:53:25 DEBUG   [toctoc] 20 avisos vía json-ld
00:53:26 DEBUG   [toppropiedades] 1 avisos vía json-ld
00:53:26 INFO      toppropiedades: 8 avisos en 18s
00:53:26 INFO    Barriendo Hey! Homes (heyhomes)…
00:53:29 DEBUG   [heyhomes] 9 avisos vía tarjetas
00:53:29 INFO      heyhomes: 9 avisos en 3s
00:53:29 INFO    Barriendo Engel & Völkers (engelvoelkers)…
00:53:32 DEBUG   La red no quedó en silencio en https://houm.com/cl/arriendo-departamentos-region-metropolitana/vitacura/3-dormitorios; se lee igual
00:53:32 DEBUG   [houm] 28 avisos vía json-ld
00:53:32 DEBUG   La red no quedó en silencio en https://www.toctoc.com/arriendo/departamento/metropolitana/vitacura/4-dormitorios; se lee igual
00:53:34 DEBUG   [toctoc] 48 avisos vía json-ld
00:53:38 DEBUG   [engelvoelkers] 14 avisos vía tarjetas
00:53:38 INFO      engelvoelkers: 14 avisos en 9s
00:53:38 INFO    Barriendo RE/MAX Chile (remax)…
00:53:44 DEBUG   La red no quedó en silencio en https://houm.com/cl/arriendo-departamento-región-metropolitana/las-condes/170742; se lee igual
00:53:44 DEBUG   [houm] 1 avisos vía estado-embebido
00:53:45 DEBUG   La red no quedó en silencio en https://www.toctoc.com/arriendo/departamento/metropolitana/vitacura/4-dormitorios?pagina=2; se lee igual
00:53:46 DEBUG   [toctoc] 20 avisos vía json-ld
00:53:47 DEBUG   [goplaceit] 30 avisos vía json-ld
00:53:53 DEBUG   La red no quedó en silencio en https://www.remax.cl/es-cl/busqueda/metropolitana-de-santiago/santiago/vitacura/residencial-departamento/arriendo/; se lee igual
00:53:53 DEBUG   [remax] 4 avisos vía tarjetas
00:53:54 DEBUG   La red no quedó en silencio en https://houm.com/cl/arriendo-departamento-región-metropolitana/las-condes/175757; se lee igual
00:53:55 DEBUG   [houm] 1 avisos vía estado-embebido
00:53:59 DEBUG   [toctoc] 8 avisos vía json-ld
00:53:59 INFO      toctoc: 179 avisos en 62s
00:53:59 INFO    Barriendo Fuenzalida Propiedades (fuenzalida)…
00:54:03 DEBUG   [fuenzalida] 16 avisos vía tarjetas
00:54:03 INFO      remax: 4 avisos en 25s
00:54:03 INFO    Barriendo Century 21 Chile (century21)…
00:54:04 INFO      century21: 0 avisos en 1s
00:54:04 INFO    Barriendo Property Partners (propertypartners)…
00:54:05 DEBUG   [propertypartners] 1 avisos vía tarjetas
00:54:05 INFO      propertypartners: 1 avisos en 1s
00:54:05 INFO    Barriendo Acceso Inmobiliario (accesoinmobiliario)…
00:54:06 DEBUG   [fuenzalida] 20 avisos vía tarjetas
00:54:06 DEBUG   La red no quedó en silencio en https://houm.com/cl/arriendo-departamento-región-metropolitana/ñuñoa/174379; se lee igual
00:54:07 DEBUG   [houm] 1 avisos vía estado-embebido
00:54:09 DEBUG   [fuenzalida] 20 avisos vía tarjetas
00:54:09 INFO      fuenzalida: 56 avisos en 10s
00:54:09 INFO    Barriendo Magnolia Property (magnoliaproperty)…
00:54:09 DEBUG   [magnoliaproperty] 6 avisos vía tarjetas
00:54:09 INFO      magnoliaproperty: 6 avisos en 0s
00:54:09 INFO    Barriendo Portilla Propiedades (portillapropiedades)…
00:54:09 DEBUG   [accesoinmobiliario] 15 avisos vía tarjetas
00:54:10 DEBUG   [portillapropiedades] 2 avisos vía tarjetas
00:54:10 INFO      portillapropiedades: 2 avisos en 1s
00:54:10 INFO    Barriendo Nativo Propiedades (nativopropiedades)…
00:54:11 DEBUG   [nativopropiedades] 7 avisos vía tarjetas
00:54:11 INFO      nativopropiedades: 7 avisos en 1s
00:54:11 INFO    Barriendo Enlace Inmobiliario (enlaceinmobiliario)…
00:54:11 WARNING https://www.enlaceinmobiliario.cl/ respondió 403
00:54:11 INFO    [enlaceinmobiliario] https://www.enlaceinmobiliario.cl/ rebotó al GET; se reintenta con navegador
00:54:15 DEBUG   La red no quedó en silencio en https://houm.com/cl/arriendo-departamento-región-metropolitana/recoleta/178185; se lee igual
00:54:15 DEBUG   [houm] 1 avisos vía estado-embebido
00:54:15 DEBUG   [accesoinmobiliario] 1 avisos vía tarjetas
00:54:21 INFO      enlaceinmobiliario: 0 avisos en 10s
00:54:21 INFO    Barriendo Rentas.cl (rentas_cl)…
00:54:24 DEBUG   [rentas_cl] 1 avisos vía json-ld
00:54:24 INFO      rentas_cl: 1 avisos en 3s
00:54:24 INFO    Barriendo Arriendos.cl (arriendos_cl)…
00:54:25 INFO      arriendos_cl: 0 avisos en 1s
00:54:25 INFO    Barriendo Propiedades.cl (propiedades_cl)…
00:54:25 DEBUG   [propiedades_cl] 6 avisos vía tarjetas
00:54:25 INFO      propiedades_cl: 6 avisos en 0s
00:54:25 INFO    Barriendo Clasificados.cl (clasificados_cl)…
00:54:26 DEBUG   La red no quedó en silencio en https://houm.com/cl/arriendo-departamento-región-metropolitana/las-condes/177842; se lee igual
00:54:26 DEBUG   [houm] 1 avisos vía estado-embebido
00:54:28 DEBUG   [clasificados_cl] 1 avisos vía tarjetas
00:54:28 INFO      clasificados_cl: 1 avisos en 3s
00:54:29 DEBUG   [accesoinmobiliario] 1 avisos vía tarjetas
00:54:34 DEBUG   La red no quedó en silencio en https://houm.com/cl/arriendo-departamento-región-metropolitana/recoleta/176958; se lee igual
00:54:35 DEBUG   [houm] 1 avisos vía estado-embebido
00:54:36 DEBUG   [accesoinmobiliario] 1 avisos vía tarjetas
00:54:38 DEBUG   [goplaceit] 30 avisos vía json-ld
00:54:43 DEBUG   La red no quedó en silencio en https://houm.com/cl/arriendo-departamento-región-metropolitana/recoleta/90462; se lee igual
00:54:43 DEBUG   [houm] 1 avisos vía estado-embebido
00:54:46 DEBUG   [accesoinmobiliario] 1 avisos vía tarjetas
00:54:46 INFO      accesoinmobiliario: 19 avisos en 41s
00:54:51 DEBUG   La red no quedó en silencio en https://houm.com/cl/arriendo-departamento-región-metropolitana/ñuñoa/148216; se lee igual
00:54:51 DEBUG   [houm] 1 avisos vía estado-embebido
00:54:51 INFO      houm: 36 avisos en 90s
00:55:03 INFO      goplaceit: 90 avisos en 126s
00:55:03 INFO    Total crudo: 821 avisos
00:55:04 INFO    Después de deduplicar: 483
00:55:04 INFO    Libreta: 1 entradas de un extractor viejo se olvidan
00:55:04 DEBUG   Libreta: n de la casa 1973 se construyó en 2016 (accesoinmobiliario)
00:55:04 INFO    Pasaron los filtros: 96
00:56:03 DEBUG   [doomos] 18 avisos vía tarjetas
00:56:03 DEBUG   Ficha de YVT22 sin candidato propio; no se fusiona
00:56:04 DEBUG   Ficha de HW5MX sin candidato propio; no se fusiona
00:56:05 DEBUG   [doomos] 27 avisos vía tarjetas
00:56:05 DEBUG   Ficha de U44VT sin candidato propio; no se fusiona
00:56:07 DEBUG   [doomos] 27 avisos vía tarjetas
00:56:07 DEBUG   Ficha de 2HWEW sin candidato propio; no se fusiona
00:56:09 DEBUG   [doomos] 27 avisos vía tarjetas
00:56:09 DEBUG   Ficha de ZWNAN sin candidato propio; no se fusiona
00:56:15 DEBUG   Pin del mapa para 6XS87: -33.39999, -70.58619
00:56:15 DEBUG   [toctoc] 1 avisos vía estado-embebido
00:56:15 INFO    Enriquecido y descartado: C6984 (arriendo de $3.883.008 sobre el máximo negociable de $1.904.000)
00:56:21 DEBUG   Pin del mapa para JBGCJ: -33.39289, -70.55517
00:56:21 DEBUG   [toctoc] 1 avisos vía estado-embebido
00:56:21 INFO    Enriquecido y descartado: QGAQW (arriendo de $2.200.000 sobre el máximo negociable de $1.904.000)
00:56:27 DEBUG   Pin del mapa para B2N6Q: -33.40680, -70.59746
00:56:27 DEBUG   [toctoc] 1 avisos vía estado-embebido
00:56:27 INFO    Enriquecido y descartado: B2N6Q (arriendo de $3.269.902 sobre el máximo negociable de $1.904.000)
00:56:32 DEBUG   Pin del mapa para V57Y8: -33.37208, -70.54712
00:56:32 DEBUG   [toctoc] 1 avisos vía estado-embebido
00:56:32 INFO    Enriquecido y descartado: 373NR (arriendo de $3.637.766 sobre el máximo negociable de $1.904.000)
00:56:34 DEBUG   [yapo] 1 avisos vía json-ld
00:56:41 DEBUG   La red no quedó en silencio en https://www.toctoc.com/arriendo/departamento/metropolitana/vitacura/b_fcce67f64655e74722493467e0943e3acb167be3; se lee igual
00:56:41 DEBUG   [toctoc] 1 avisos vía estado-embebido
00:56:42 DEBUG   [busconido] 10 avisos vía tarjetas
00:56:42 DEBUG   Ficha de XFEWE sin candidato propio; no se fusiona
00:56:44 DEBUG   [busconido] 11 avisos vía tarjetas
00:56:44 DEBUG   Ficha de 5QYB8 sin candidato propio; no se fusiona
00:56:46 DEBUG   [busconido] 10 avisos vía tarjetas
00:56:46 DEBUG   Ficha de KTFQD sin candidato propio; no se fusiona
00:56:52 DEBUG   [toctoc] 1 avisos vía estado-embebido
00:56:53 DEBUG   [busconido] 10 avisos vía tarjetas
00:56:53 DEBUG   Ficha de B6374 sin candidato propio; no se fusiona
00:56:55 DEBUG   [busconido] 11 avisos vía tarjetas
00:56:55 DEBUG   Ficha de X84C9 sin candidato propio; no se fusiona
00:57:00 DEBUG   [toctoc] 1 avisos vía estado-embebido
00:57:00 INFO    Enriquecido y descartado: 42KXU (arriendo de $3.269.902 sobre el máximo negociable de $1.904.000)
00:57:05 DEBUG   Pin del mapa para 2CV94: -33.40143, -70.58206
00:57:05 DEBUG   [toctoc] 1 avisos vía estado-embebido
00:57:05 INFO    Enriquecido y descartado: NBFJR (arriendo de $3.065.533 sobre el máximo negociable de $1.904.000)
00:57:10 DEBUG   Pin del mapa para 7DDFW: -33.39704, -70.58926
00:57:10 DEBUG   [toctoc] 1 avisos vía estado-embebido
00:57:10 INFO    Enriquecido y descartado: XX76M (arriendo de $3.678.639 sobre el máximo negociable de $1.904.000)
00:57:16 DEBUG   Pin del mapa para RR676: -33.40632, -70.59601
00:57:16 DEBUG   [toctoc] 1 avisos vía estado-embebido
00:57:16 INFO    Enriquecido y descartado: KRW5G (33 años (construido en 1993), sobre el máximo de 30)
00:57:21 DEBUG   Pin del mapa para 4CECN: -33.40143, -70.58206
00:57:21 DEBUG   [toctoc] 1 avisos vía estado-embebido
00:57:21 INFO    Enriquecido y descartado: M6CQA (34 años (construido en 1992), sobre el máximo de 30)
00:57:28 DEBUG   La red no quedó en silencio en https://www.toctoc.com/arriendo/departamento/metropolitana/vitacura/b_a998c2fd5060e8ec46a7edccf860676663ba97ef; se lee igual
00:57:28 DEBUG   Pin del mapa para CSV7D: -33.40591, -70.59624
00:57:28 DEBUG   [toctoc] 1 avisos vía estado-embebido
00:57:28 INFO    Enriquecido y descartado: CHMX5 (arriendo de $2.900.000 sobre el máximo negociable de $1.904.000)
00:57:34 DEBUG   Pin del mapa para QJRRW: -33.39747, -70.57429
00:57:34 DEBUG   [toctoc] 1 avisos vía estado-embebido
00:57:34 INFO    Enriquecido y descartado: 2E849 (arriendo de $3.065.533 sobre el máximo negociable de $1.904.000)
00:57:38 DEBUG   Pin del mapa para GDEV4: -33.40522, -70.59529
00:57:38 DEBUG   [toctoc] 1 avisos vía estado-embebido
00:57:38 INFO    Enriquecido y descartado: URZMS (arriendo de $3.600.000 sobre el máximo negociable de $1.904.000)
00:57:43 DEBUG   Pin del mapa para VB9ST: -33.38575, -70.56115
00:57:43 DEBUG   [toctoc] 1 avisos vía estado-embebido
00:57:43 INFO    Enriquecido y descartado: VZXBC (arriendo de $3.474.270 sobre el máximo negociable de $1.904.000)
00:57:49 DEBUG   Pin del mapa para MVQQV: -33.40571, -70.59718
00:57:49 DEBUG   [toctoc] 1 avisos vía estado-embebido
00:57:49 INFO    Enriquecido y descartado: DZCSP (arriendo de $3.269.902 sobre el máximo negociable de $1.904.000)
00:57:54 DEBUG   Pin del mapa para B8V89: -33.37497, -70.52501
00:57:54 DEBUG   [toctoc] 1 avisos vía estado-embebido
00:57:54 INFO    Enriquecido y descartado: 82VWD (arriendo de $2.370.679 sobre el máximo negociable de $1.904.000)
00:57:59 DEBUG   Pin del mapa para V5UYC: -33.39926, -70.59316
00:57:59 DEBUG   [toctoc] 1 avisos vía estado-embebido
00:57:59 INFO    Enriquecido y descartado: 8BFJD (arriendo de $4.700.484 sobre el máximo negociable de $1.904.000)
00:58:04 DEBUG   Pin del mapa para 9YQR3: -33.37213, -70.54192
00:58:04 DEBUG   [toctoc] 1 avisos vía estado-embebido
00:58:04 INFO    Enriquecido y descartado: E9R23 (arriendo de $4.496.115 sobre el máximo negociable de $1.904.000)
00:58:10 DEBUG   Pin del mapa para ERRDS: -33.40255, -70.59464
00:58:10 DEBUG   [toctoc] 1 avisos vía estado-embebido
00:58:10 INFO    Enriquecido y descartado: TT59B (arriendo de $5.068.347 sobre el máximo negociable de $1.904.000)
00:58:15 DEBUG   Pin del mapa para HCBT4: -33.40571, -70.59352
00:58:15 DEBUG   [toctoc] 1 avisos vía estado-embebido
00:58:15 INFO    Enriquecido y descartado: XGTG5 (45 años (construido en 1981), sobre el máximo de 30)
00:58:20 DEBUG   [toctoc] 1 avisos vía estado-embebido
00:58:20 INFO    Enriquecido y descartado: BXBRK (arriendo de $3.065.533 sobre el máximo negociable de $1.904.000)
00:58:24 DEBUG   [toctoc] 1 avisos vía estado-embebido
00:58:25 INFO    Enriquecido y descartado: 4PNXC (arriendo de $3.065.533 sobre el máximo negociable de $1.904.000)
00:58:30 DEBUG   Pin del mapa para D2GPN: -33.39031, -70.59455
00:58:30 DEBUG   [toctoc] 1 avisos vía estado-embebido
00:58:30 INFO    Enriquecido y descartado: YNANX (arriendo de $3.269.902 sobre el máximo negociable de $1.904.000)
00:58:36 DEBUG   Pin del mapa para X3YFD: -33.40596, -70.59695
00:58:36 DEBUG   [toctoc] 1 avisos vía estado-embebido
00:58:36 INFO    Enriquecido y descartado: B5SVA (arriendo de $3.269.902 sobre el máximo negociable de $1.904.000)
00:58:41 DEBUG   Pin del mapa para JS3C5: -33.37683, -70.54385
00:58:41 DEBUG   [toctoc] 1 avisos vía estado-embebido
00:58:41 INFO    Enriquecido y descartado: 4JZ9G (arriendo de $1.961.941 sobre el máximo negociable de $1.904.000)
00:58:45 DEBUG   [toctoc] 1 avisos vía estado-embebido
00:58:45 INFO    Enriquecido y descartado: QTDYS (arriendo de $3.269.902 sobre el máximo negociable de $1.904.000)
00:58:50 DEBUG   [toctoc] 1 avisos vía estado-embebido
00:58:50 INFO    Enriquecido y descartado: XYCGS (arriendo de $2.411.552 sobre el máximo negociable de $1.904.000)
00:58:54 INFO    Enriquecido y descartado: 7DKB3 (arriendo de $2.266.750 sobre el máximo negociable de $1.904.000)
00:58:54 DEBUG   [busconido] 11 avisos vía tarjetas
00:58:54 DEBUG   Ficha de H6FN7 sin candidato propio; no se fusiona
00:58:56 DEBUG   [doomos] 18 avisos vía tarjetas
00:58:56 DEBUG   Ficha de J5JN4 sin candidato propio; no se fusiona
00:58:57 DEBUG   [chilepropiedades] 2 avisos vía json-ld
00:59:03 DEBUG   [toctoc] 1 avisos vía estado-embebido
00:59:08 DEBUG   [doomos] 27 avisos vía tarjetas
00:59:08 DEBUG   Ficha de P8XMT sin candidato propio; no se fusiona
00:59:14 DEBUG   [engelvoelkers] 1 avisos vía json-ld
00:59:15 DEBUG   [mitula] 3 avisos vía tarjetas
00:59:19 DEBUG   [chilepropiedades] 2 avisos vía json-ld
00:59:24 DEBUG   [toctoc] 1 avisos vía estado-embebido
00:59:29 DEBUG   [toctoc] 1 avisos vía estado-embebido
00:59:29 INFO    Enriquecido y descartado: 2VPS4 (arriendo de $4.005.629 sobre el máximo negociable de $1.904.000)
00:59:33 DEBUG   [toctoc] 1 avisos vía estado-embebido
00:59:33 INFO    Enriquecido y descartado: QKSRR (arriendo de $3.474.270 sobre el máximo negociable de $1.904.000)
00:59:38 DEBUG   [toctoc] 1 avisos vía estado-embebido
00:59:38 INFO    Enriquecido y descartado: XCHN6 (arriendo de $3.433.397 sobre el máximo negociable de $1.904.000)
00:59:42 INFO    Enriquecido y descartado: 75BRH (arriendo de $2.931.142 sobre el máximo negociable de $1.904.000)
00:59:48 DEBUG   [toctoc] 1 avisos vía estado-embebido
00:59:48 INFO    Enriquecido y descartado: THCTF (arriendo de $2.493.300 sobre el máximo negociable de $1.904.000)
00:59:54 DEBUG   [toctoc] 1 avisos vía estado-embebido
00:59:54 INFO    Enriquecido y descartado: MM5R4 (arriendo de $3.678.639 sobre el máximo negociable de $1.904.000)
01:00:16 INFO    Enriquecido y descartado: 75BRH (arriendo de $2.149.504 sobre el máximo negociable de $1.904.000)
01:00:25 DEBUG   [toctoc] 1 avisos vía estado-embebido
01:00:29 INFO    Enriquecido y descartado: 75BRH (arriendo de $1.954.095 sobre el máximo negociable de $1.904.000)
01:00:47 DEBUG   [toctoc] 1 avisos vía estado-embebido
01:00:52 DEBUG   [toctoc] 1 avisos vía estado-embebido
01:00:52 INFO    Enriquecido y descartado: Y3JDK (arriendo de $3.678.639 sobre el máximo negociable de $1.904.000)
01:00:58 DEBUG   [toctoc] 1 avisos vía estado-embebido
01:00:58 INFO    Enriquecido y descartado: 4V73Z (arriendo de $4.700.484 sobre el máximo negociable de $1.904.000)
01:01:05 DEBUG   [toctoc] 1 avisos vía estado-embebido
01:01:05 INFO    Enriquecido y descartado: ZDZSQ (arriendo de $2.248.057 sobre el máximo negociable de $1.904.000)
01:01:10 DEBUG   [toctoc] 1 avisos vía estado-embebido
01:01:10 INFO    Enriquecido y descartado: 8YSPF (arriendo de $4.500.000 sobre el máximo negociable de $1.904.000)
01:01:16 DEBUG   [toctoc] 1 avisos vía estado-embebido
01:01:16 INFO    Enriquecido y descartado: JUGWX (arriendo de $2.166.310 sobre el máximo negociable de $1.904.000)
01:01:21 DEBUG   [toctoc] 1 avisos vía estado-embebido
01:01:21 INFO    Enriquecido y descartado: 3N59D (arriendo de $3.065.533 sobre el máximo negociable de $1.904.000)
01:01:27 DEBUG   [toctoc] 1 avisos vía estado-embebido
01:01:27 INFO    Enriquecido y descartado: 4W5ZG (arriendo de $3.596.892 sobre el máximo negociable de $1.904.000)
01:01:32 DEBUG   [toctoc] 1 avisos vía estado-embebido
01:01:32 INFO    Enriquecido y descartado: JKM2T (arriendo de $2.575.048 sobre el máximo negociable de $1.904.000)
01:01:41 DEBUG   [toctoc] 1 avisos vía estado-embebido
01:01:41 INFO    Enriquecido y descartado: 9JAPA (arriendo de $2.452.426 sobre el máximo negociable de $1.904.000)
01:01:46 DEBUG   [toctoc] 1 avisos vía estado-embebido
01:01:46 INFO    Enriquecido y descartado: KWC9W (arriendo de $3.082.000 sobre el máximo negociable de $1.904.000)
01:01:51 DEBUG   [toctoc] 1 avisos vía estado-embebido
01:01:56 DEBUG   [toctoc] 1 avisos vía estado-embebido
01:02:01 DEBUG   [toctoc] 1 avisos vía estado-embebido
01:02:06 DEBUG   [toctoc] 1 avisos vía estado-embebido
01:02:11 DEBUG   [toctoc] 1 avisos vía estado-embebido
01:02:16 DEBUG   [toctoc] 1 avisos vía estado-embebido
01:02:19 INFO    Enriquecido y descartado: 75BRH (arriendo de $4.299.009 sobre el máximo negociable de $1.904.000)
01:02:25 DEBUG   [toctoc] 1 avisos vía estado-embebido
01:02:25 INFO    Enriquecido y descartado: 479XJ (arriendo de $3.392.523 sobre el máximo negociable de $1.904.000)
01:02:31 DEBUG   [toctoc] 1 avisos vía estado-embebido
01:02:40 DEBUG   [toctoc] 1 avisos vía estado-embebido
01:02:46 DEBUG   [toctoc] 1 avisos vía estado-embebido
01:02:46 INFO    Enriquecido y descartado: C7YR9 (arriendo de $2.125.436 sobre el máximo negociable de $1.904.000)
01:02:46 INFO    Fichas leídas: 96 — 7 ganaron el año, 21 la dirección; 48 se descartaron al verlas (3 por viejos)
01:02:47 INFO    Listo: 0 avisados de 48 candidatos
