16:37:26 INFO    UF = $41.136.24 (API del día)
16:37:26 INFO    Barriendo TocToc (toctoc)…
16:37:26 INFO    Barriendo Chilepropiedades (chilepropiedades)…
16:37:26 INFO    Barriendo GoPlaceIt (goplaceit)…
16:37:26 INFO    Barriendo Yapo (yapo)…
16:37:27 WARNING https://www.yapo.cl/bienes-raices-alquiler-apartamentos/region-metropolitana-vitacura respondió 403
16:37:27 INFO    [yapo] https://www.yapo.cl/bienes-raices-alquiler-apartamentos/region-metropolitana-vitacura rebotó al GET; se reintenta con navegador
16:37:27 DEBUG   [chilepropiedades] 10 avisos vía tarjetas
16:37:29 DEBUG   [chilepropiedades] 10 avisos vía tarjetas
16:37:29 DEBUG   [goplaceit] 30 avisos vía json-ld
16:37:31 DEBUG   [chilepropiedades] 10 avisos vía tarjetas
16:37:31 INFO      chilepropiedades: 30 avisos en 5s
16:37:31 INFO    Barriendo BuscoNido (busconido)…
16:37:31 DEBUG   [busconido] 23 avisos vía tarjetas
16:37:31 INFO      busconido: 23 avisos en 0s
16:37:31 INFO    Barriendo BienesOnline (bienesonline)…
16:37:33 DEBUG   [bienesonline] 11 avisos vía tarjetas
16:37:33 INFO      bienesonline: 11 avisos en 2s
16:37:33 INFO    Barriendo Economicos (El Mercurio) (economicos)…
16:37:33 DEBUG   [toctoc] 20 avisos vía json-ld
16:37:33 WARNING https://www.economicos.cl/search/propiedades/vitacura/arriendo/departamento/0 respondió 403
16:37:33 INFO    [economicos] https://www.economicos.cl/search/propiedades/vitacura/arriendo/departamento/0 rebotó al GET; se reintenta con navegador
16:37:35 DEBUG   La red no quedó en silencio en https://www.yapo.cl/bienes-raices-alquiler-apartamentos/region-metropolitana-vitacura; se lee igual
16:37:35 INFO      yapo: 0 avisos en 9s
16:37:35 INFO    Barriendo iCasas (icasas)…
16:37:36 DEBUG   [icasas] 15 avisos vía tarjetas
16:37:37 INFO      economicos: 0 avisos en 4s
16:37:37 INFO    Barriendo Doomos (doomos)…
16:37:38 DEBUG   [icasas] 15 avisos vía tarjetas
16:37:38 INFO      icasas: 30 avisos en 3s
16:37:38 INFO    Barriendo Top Propiedades (toppropiedades)…
16:37:42 DEBUG   [toctoc] 20 avisos vía json-ld
16:37:42 DEBUG   [toppropiedades] 1 avisos vía json-ld
16:37:44 DEBUG   [toppropiedades] 1 avisos vía json-ld
16:37:46 DEBUG   [toppropiedades] 1 avisos vía json-ld
16:37:48 DEBUG   [toppropiedades] 1 avisos vía json-ld
16:37:48 DEBUG   [toctoc] 19 avisos vía json-ld
16:37:50 DEBUG   [toppropiedades] 1 avisos vía json-ld
16:37:52 DEBUG   [toppropiedades] 1 avisos vía json-ld
16:37:53 DEBUG   [doomos] 32 avisos vía tarjetas
16:37:53 INFO      doomos: 32 avisos en 16s
16:37:53 INFO    Barriendo Nuroa (nuroa)…
16:37:54 DEBUG   Encoding detection: ascii is most likely the one.
16:37:54 DEBUG   [toppropiedades] 1 avisos vía json-ld
16:37:54 DEBUG   [nuroa] 25 avisos vía json-ld
16:37:55 DEBUG   [goplaceit] 30 avisos vía json-ld
16:37:56 DEBUG   La red no quedó en silencio en https://www.toctoc.com/arriendo/departamento/metropolitana/vitacura/4-dormitorios; se lee igual
16:37:56 DEBUG   [toppropiedades] 1 avisos vía json-ld
16:37:56 INFO      toppropiedades: 8 avisos en 18s
16:37:56 INFO    Barriendo Mitula (mitula)…
16:37:56 DEBUG   [nuroa] 25 avisos vía json-ld
16:37:57 WARNING [toctoc] https://www.toctoc.com/arriendo/departamento/metropolitana/vitacura/4-dormitorios falló: Page.content: Unable to retrieve content because the page is navigating and changing the content.
16:37:57 WARNING   toctoc: Page.content: Unable to retrieve content because the page is navigating and changing the content.
16:37:57 INFO      toctoc: 59 avisos en 31s
16:37:57 INFO    Barriendo Houm (houm)…
16:37:58 DEBUG   [mitula] 30 avisos vía json-ld
16:37:58 DEBUG   [nuroa] 25 avisos vía json-ld
16:38:00 DEBUG   [mitula] 30 avisos vía json-ld
16:38:00 INFO      mitula: 60 avisos en 4s
16:38:00 INFO    Barriendo Hey! Homes (heyhomes)…
16:38:00 DEBUG   [nuroa] 25 avisos vía json-ld
16:38:01 INFO      nuroa: 100 avisos en 8s
16:38:01 INFO    Barriendo Engel & Völkers (engelvoelkers)…
16:38:03 DEBUG   [heyhomes] 9 avisos vía tarjetas
16:38:03 INFO      heyhomes: 9 avisos en 3s
16:38:03 INFO    Barriendo RE/MAX Chile (remax)…
16:38:04 DEBUG   La red no quedó en silencio en https://houm.com/cl/arriendo-departamentos-region-metropolitana/vitacura/3-dormitorios; se lee igual
16:38:05 DEBUG   [houm] 28 avisos vía json-ld
16:38:06 DEBUG   [engelvoelkers] 18 avisos vía tarjetas
16:38:06 INFO      engelvoelkers: 18 avisos en 5s
16:38:06 INFO    Barriendo Fuenzalida Propiedades (fuenzalida)…
16:38:08 DEBUG   [fuenzalida] 16 avisos vía tarjetas
16:38:09 INFO      remax: 0 avisos en 6s
16:38:09 INFO    Barriendo Century 21 Chile (century21)…
16:38:10 INFO      century21: 0 avisos en 1s
16:38:10 INFO    Barriendo Property Partners (propertypartners)…
16:38:11 DEBUG   [fuenzalida] 20 avisos vía tarjetas
16:38:11 DEBUG   [propertypartners] 1 avisos vía tarjetas
16:38:11 INFO      propertypartners: 1 avisos en 0s
16:38:11 INFO    Barriendo Acceso Inmobiliario (accesoinmobiliario)…
16:38:12 DEBUG   [fuenzalida] 20 avisos vía tarjetas
16:38:12 INFO      fuenzalida: 56 avisos en 7s
16:38:12 INFO    Barriendo Magnolia Property (magnoliaproperty)…
16:38:13 DEBUG   [magnoliaproperty] 6 avisos vía tarjetas
16:38:13 INFO      magnoliaproperty: 6 avisos en 1s
16:38:13 INFO    Barriendo Portilla Propiedades (portillapropiedades)…
16:38:14 DEBUG   [portillapropiedades] 2 avisos vía tarjetas
16:38:14 INFO      portillapropiedades: 2 avisos en 1s
16:38:14 INFO    Barriendo Nativo Propiedades (nativopropiedades)…
16:38:14 DEBUG   [nativopropiedades] 10 avisos vía tarjetas
16:38:14 INFO      nativopropiedades: 10 avisos en 1s
16:38:14 INFO    Barriendo Enlace Inmobiliario (enlaceinmobiliario)…
16:38:15 WARNING https://www.enlaceinmobiliario.cl/ respondió 403
16:38:15 INFO    [enlaceinmobiliario] https://www.enlaceinmobiliario.cl/ rebotó al GET; se reintenta con navegador
16:38:15 DEBUG   La red no quedó en silencio en https://houm.com/cl/arriendo-departamento-región-metropolitana/las-condes/170742; se lee igual
16:38:15 DEBUG   [houm] 1 avisos vía estado-embebido
16:38:16 DEBUG   [accesoinmobiliario] 15 avisos vía tarjetas
16:38:22 DEBUG   La red no quedó en silencio en https://www.enlaceinmobiliario.cl/; se lee igual
16:38:22 INFO      enlaceinmobiliario: 0 avisos en 8s
16:38:22 INFO    Barriendo Rentas.cl (rentas_cl)…
16:38:25 DEBUG   La red no quedó en silencio en https://houm.com/cl/arriendo-departamento-región-metropolitana/ñuñoa/181066; se lee igual
16:38:25 DEBUG   [rentas_cl] 1 avisos vía json-ld
16:38:25 INFO      rentas_cl: 1 avisos en 3s
16:38:25 INFO    Barriendo Arriendos.cl (arriendos_cl)…
16:38:25 DEBUG   [houm] 1 avisos vía estado-embebido
16:38:26 DEBUG   [arriendos_cl] 3 avisos vía tarjetas
16:38:26 INFO      arriendos_cl: 3 avisos en 1s
16:38:26 INFO    Barriendo Propiedades.cl (propiedades_cl)…
16:38:27 DEBUG   [propiedades_cl] 6 avisos vía tarjetas
16:38:27 INFO      propiedades_cl: 6 avisos en 1s
16:38:27 INFO    Barriendo Clasificados.cl (clasificados_cl)…
16:38:27 DEBUG   [accesoinmobiliario] 1 avisos vía tarjetas
16:38:30 INFO      clasificados_cl: 0 avisos en 3s
16:38:30 DEBUG   [accesoinmobiliario] 1 avisos vía tarjetas
16:38:32 DEBUG   [goplaceit] 30 avisos vía json-ld
16:38:34 DEBUG   La red no quedó en silencio en https://houm.com/cl/arriendo-departamento-región-metropolitana/lo-barnechea/74201; se lee igual
16:38:34 DEBUG   [houm] 1 avisos vía estado-embebido
16:38:34 DEBUG   [accesoinmobiliario] 1 avisos vía tarjetas
16:38:40 DEBUG   [accesoinmobiliario] 1 avisos vía tarjetas
16:38:41 DEBUG   La red no quedó en silencio en https://houm.com/cl/arriendo-departamento-región-metropolitana/recoleta/178185; se lee igual
16:38:41 DEBUG   [houm] 1 avisos vía estado-embebido
16:38:43 DEBUG   [accesoinmobiliario] 1 avisos vía tarjetas
16:38:49 DEBUG   [accesoinmobiliario] 1 avisos vía tarjetas
16:38:50 DEBUG   La red no quedó en silencio en https://houm.com/cl/arriendo-departamento-región-metropolitana/recoleta/176207; se lee igual
16:38:50 DEBUG   [houm] 1 avisos vía estado-embebido
16:38:55 INFO      accesoinmobiliario: 21 avisos en 44s
16:38:59 DEBUG   La red no quedó en silencio en https://houm.com/cl/arriendo-departamento-región-metropolitana/las-condes/177842; se lee igual
16:38:59 DEBUG   [houm] 1 avisos vía estado-embebido
16:39:02 INFO      goplaceit: 90 avisos en 96s
16:39:06 DEBUG   La red no quedó en silencio en https://houm.com/cl/arriendo-departamento-región-metropolitana/recoleta/176958; se lee igual
16:39:06 DEBUG   [houm] 1 avisos vía estado-embebido
16:39:13 DEBUG   La red no quedó en silencio en https://houm.com/cl/arriendo-departamento-región-metropolitana/recoleta/90462; se lee igual
16:39:13 DEBUG   [houm] 1 avisos vía estado-embebido
16:39:13 INFO      houm: 36 avisos en 76s
16:39:13 INFO    Total crudo: 612 avisos
16:39:13 INFO    Después de deduplicar: 466
16:39:13 INFO    Pasaron los filtros: 60
16:39:40 DEBUG   [doomos] 18 avisos vía tarjetas
16:39:40 DEBUG   Ficha de YVT22 sin candidato propio; no se fusiona
16:39:40 DEBUG   Ficha de HW5MX sin candidato propio; no se fusiona
16:39:46 DEBUG   Pin del mapa para DKY3J: -33.38514, -70.57829
16:39:46 DEBUG   [toctoc] 1 avisos vía estado-embebido
16:40:02 DEBUG   [doomos] 27 avisos vía tarjetas
16:40:02 DEBUG   Ficha de U44VT sin candidato propio; no se fusiona
16:40:22 WARNING Error en https://www.doomos.cl/de/1379469_vitacura-depto-amoblado-3-dorm-2-banos-ser-y-estar.html (intento 1/3): HTTPSConnectionPool(host='www.doomos.cl', port=443): Read timed out. (read timeout=20)
16:40:44 WARNING Error en https://www.doomos.cl/de/1379469_vitacura-depto-amoblado-3-dorm-2-banos-ser-y-estar.html (intento 2/3): HTTPSConnectionPool(host='www.doomos.cl', port=443): Read timed out. (read timeout=20)
16:41:09 WARNING Error en https://www.doomos.cl/de/1379469_vitacura-depto-amoblado-3-dorm-2-banos-ser-y-estar.html (intento 3/3): HTTPSConnectionPool(host='www.doomos.cl', port=443): Read timed out. (read timeout=20)
16:41:14 DEBUG   Pin del mapa para EJGYP: -33.38427, -70.53771
16:41:14 DEBUG   [toctoc] 1 avisos vía estado-embebido
16:41:14 DEBUG   [chilepropiedades] 2 avisos vía json-ld
16:41:15 INFO    Enriquecido y descartado: W2M3D (100 m² totales, no llega a más de 100 m²)
16:41:35 WARNING Error en https://www.doomos.cl/de/1379469_vitacura-depto-amoblado-3-dorm-2-banos-ser-y-estar.html (intento 1/3): HTTPSConnectionPool(host='www.doomos.cl', port=443): Read timed out. (read timeout=20)
16:41:57 WARNING Error en https://www.doomos.cl/de/1379469_vitacura-depto-amoblado-3-dorm-2-banos-ser-y-estar.html (intento 2/3): HTTPSConnectionPool(host='www.doomos.cl', port=443): Read timed out. (read timeout=20)
16:42:21 WARNING Error en https://www.doomos.cl/de/1379469_vitacura-depto-amoblado-3-dorm-2-banos-ser-y-estar.html (intento 3/3): HTTPSConnectionPool(host='www.doomos.cl', port=443): Read timed out. (read timeout=20)
16:42:41 WARNING Error en https://www.doomos.cl/de/3060819_arriendo-departamento-2hab-2ba-vitacura.html (intento 1/3): HTTPSConnectionPool(host='www.doomos.cl', port=443): Read timed out. (read timeout=20)
16:43:03 WARNING Error en https://www.doomos.cl/de/3060819_arriendo-departamento-2hab-2ba-vitacura.html (intento 2/3): HTTPSConnectionPool(host='www.doomos.cl', port=443): Read timed out. (read timeout=20)
16:43:27 WARNING Error en https://www.doomos.cl/de/3060819_arriendo-departamento-2hab-2ba-vitacura.html (intento 3/3): HTTPSConnectionPool(host='www.doomos.cl', port=443): Read timed out. (read timeout=20)
16:43:47 WARNING Error en https://www.doomos.cl/de/2168989_estupendo-depto-excelente-ubicacion-vitacura.html (intento 1/3): HTTPSConnectionPool(host='www.doomos.cl', port=443): Read timed out. (read timeout=20)
16:44:09 WARNING Error en https://www.doomos.cl/de/2168989_estupendo-depto-excelente-ubicacion-vitacura.html (intento 2/3): HTTPSConnectionPool(host='www.doomos.cl', port=443): Read timed out. (read timeout=20)
16:44:33 WARNING Error en https://www.doomos.cl/de/2168989_estupendo-depto-excelente-ubicacion-vitacura.html (intento 3/3): HTTPSConnectionPool(host='www.doomos.cl', port=443): Read timed out. (read timeout=20)
16:44:40 DEBUG   La red no quedó en silencio en https://www.toctoc.com/arriendo/departamento/metropolitana/vitacura/b_70092bfb56f24a66f8ea7bcacaf661f7e3324a68; se lee igual
16:44:40 DEBUG   [toctoc] 1 avisos vía estado-embebido
16:44:46 DEBUG   [toctoc] 1 avisos vía estado-embebido
16:44:46 DEBUG   [busconido] 10 avisos vía tarjetas
16:44:46 DEBUG   Ficha de WFRGC sin candidato propio; no se fusiona
16:45:06 WARNING Error en https://www.doomos.cl/de/3070749_arriendo-departamento-3hab-3ba-vitacura.html (intento 1/3): HTTPSConnectionPool(host='www.doomos.cl', port=443): Read timed out. (read timeout=20)
16:45:29 WARNING Error en https://www.doomos.cl/de/3070749_arriendo-departamento-3hab-3ba-vitacura.html (intento 2/3): HTTPSConnectionPool(host='www.doomos.cl', port=443): Read timed out. (read timeout=20)
16:45:53 WARNING Error en https://www.doomos.cl/de/3070749_arriendo-departamento-3hab-3ba-vitacura.html (intento 3/3): HTTPSConnectionPool(host='www.doomos.cl', port=443): Read timed out. (read timeout=20)
16:45:57 DEBUG   [engelvoelkers] 1 avisos vía json-ld
16:45:58 DEBUG   [busconido] 10 avisos vía tarjetas
16:45:58 DEBUG   Ficha de N9KAH sin candidato propio; no se fusiona
16:46:01 INFO    Enriquecido y descartado: YAVJA (arriendo de $3.517.371 sobre el máximo negociable de $1.904.000)
16:46:10 INFO    Enriquecido y descartado: CC2AY (arriendo de $2.032.258 sobre el máximo negociable de $1.904.000)
16:46:11 DEBUG   [busconido] 11 avisos vía tarjetas
16:46:11 DEBUG   Ficha de 75TZH sin candidato propio; no se fusiona
16:46:11 DEBUG   Ficha de HMZCQ sin candidato propio; no se fusiona
16:46:31 WARNING Error en https://www.doomos.cl/de/1465886_arriendo-departamento-en-av-kennedy-vitacura.html (intento 1/3): HTTPSConnectionPool(host='www.doomos.cl', port=443): Read timed out. (read timeout=20)
16:46:54 WARNING Error en https://www.doomos.cl/de/1465886_arriendo-departamento-en-av-kennedy-vitacura.html (intento 2/3): HTTPSConnectionPool(host='www.doomos.cl', port=443): Read timed out. (read timeout=20)
16:47:18 WARNING Error en https://www.doomos.cl/de/1465886_arriendo-departamento-en-av-kennedy-vitacura.html (intento 3/3): HTTPSConnectionPool(host='www.doomos.cl', port=443): Read timed out. (read timeout=20)
16:47:18 WARNING robots.txt no permite https://www.nuroa.cl/adform/10342-912-101d5-1a0ff48-a45a-2e1434470692-7ad1?click_type=0&pos=6&searchType=1&page=2&section=1&t_sec=1&sectionType=1&pageViewId=ca79705e-1a30-45d5-adf5-69f2f171fd68&t_pvid=ca79705e-1a30-45d5-adf5-69f2f171fd68&userAgent=Mozilla%2F5.0+%28compatible%3B+radar-arriendos%2F1.0%3B+uso+personal%2C+busqueda+de+arriendo%3B+%2Bhttps%3A%2F%2Fgithub.com%2Falfonsoandona%2Farriendos-vitacura%29&browser=1&isHuman=true&userIp=4.149.244.231&what=vitacura+departamento&search_terms=vitacura+departamento&origin=1&t_or=1&splitTestId=0 — se omite
16:47:19 DEBUG   [mitula] 3 avisos vía tarjetas
16:47:26 DEBUG   [toctoc] 1 avisos vía estado-embebido
16:47:30 DEBUG   [toctoc] 1 avisos vía estado-embebido
16:47:37 DEBUG   [engelvoelkers] 1 avisos vía json-ld
16:47:57 WARNING Error en https://www.doomos.cl/de/2168989_estupendo-depto-excelente-ubicacion-vitacura.html (intento 1/3): HTTPSConnectionPool(host='www.doomos.cl', port=443): Read timed out. (read timeout=20)
16:48:19 WARNING Error en https://www.doomos.cl/de/2168989_estupendo-depto-excelente-ubicacion-vitacura.html (intento 2/3): HTTPSConnectionPool(host='www.doomos.cl', port=443): Read timed out. (read timeout=20)
16:48:43 DEBUG   [doomos] 27 avisos vía tarjetas
16:48:43 DEBUG   Ficha de P8XMT sin candidato propio; no se fusiona
16:48:48 DEBUG   [toctoc] 1 avisos vía estado-embebido
16:48:54 DEBUG   [toctoc] 1 avisos vía estado-embebido
16:48:55 DEBUG   [mitula] 3 avisos vía tarjetas
16:48:59 DEBUG   [toctoc] 1 avisos vía estado-embebido
16:49:08 DEBUG   [toctoc] 1 avisos vía estado-embebido
16:49:12 DEBUG   [toctoc] 1 avisos vía estado-embebido
16:49:17 DEBUG   [toctoc] 1 avisos vía estado-embebido
16:49:35 INFO    Enriquecido y descartado: 75BRH (arriendo de $2.149.504 sobre el máximo negociable de $1.904.000)
16:49:38 INFO    Enriquecido y descartado: 75BRH (arriendo de $1.954.095 sobre el máximo negociable de $1.904.000)
16:49:54 DEBUG   [toctoc] 1 avisos vía estado-embebido
16:49:57 WARNING robots.txt no permite https://www.nuroa.cl/adform/10342-912-3e9b-1a0e30e-bd4c-4f30fb45531b-7a22?click_type=0&pos=7&searchType=1&page=2&section=1&t_sec=1&sectionType=1&pageViewId=ca79705e-1a30-45d5-adf5-69f2f171fd68&t_pvid=ca79705e-1a30-45d5-adf5-69f2f171fd68&userAgent=Mozilla%2F5.0+%28compatible%3B+radar-arriendos%2F1.0%3B+uso+personal%2C+busqueda+de+arriendo%3B+%2Bhttps%3A%2F%2Fgithub.com%2Falfonsoandona%2Farriendos-vitacura%29&browser=1&isHuman=true&userIp=4.149.244.231&what=vitacura+departamento&search_terms=vitacura+departamento&origin=1&t_or=1&splitTestId=0 — se omite
16:49:57 WARNING robots.txt no permite https://www.nuroa.cl/adform/10342-912-e7f8-1a0a016-97e0-4460cb69457-7a3c?click_type=0&pos=9&searchType=1&page=4&section=1&t_sec=1&sectionType=1&pageViewId=b51b100f-c155-47a5-9262-c81ed53305f7&t_pvid=b51b100f-c155-47a5-9262-c81ed53305f7&userAgent=Mozilla%2F5.0+%28compatible%3B+radar-arriendos%2F1.0%3B+uso+personal%2C+busqueda+de+arriendo%3B+%2Bhttps%3A%2F%2Fgithub.com%2Falfonsoandona%2Farriendos-vitacura%29&browser=1&isHuman=true&userIp=4.149.244.231&what=vitacura+departamento&search_terms=vitacura+departamento&origin=1&t_or=1&splitTestId=0 — se omite
16:49:58 DEBUG   [mitula] 3 avisos vía tarjetas
16:50:01 INFO    Enriquecido y descartado: 75BRH (arriendo de $4.299.009 sobre el máximo negociable de $1.904.000)
16:50:05 INFO    Fichas leídas: 60 — 1 ganaron el año, 3 la dirección; 6 se descartaron al verlas (0 por viejos)
16:50:05 INFO    Listo: 0 avisados de 54 candidatos
