21:36:41 INFO    No se pudo traer la UF del día (ReadTimeout); se usa el respaldo
21:36:41 INFO    UF = $40.869.82 (caché de hace 0 día(s) — la API no respondió)
21:36:41 INFO    Barriendo TocToc (toctoc)…
21:36:41 INFO    Barriendo Chilepropiedades (chilepropiedades)…
21:36:41 INFO    Barriendo GoPlaceIt (goplaceit)…
21:36:41 INFO    Barriendo Yapo (yapo)…
21:36:41 DEBUG   [chilepropiedades] 10 avisos vía tarjetas
21:36:43 DEBUG   [chilepropiedades] 10 avisos vía tarjetas
21:36:44 DEBUG   [goplaceit] 30 avisos vía json-ld
21:36:45 DEBUG   [chilepropiedades] 10 avisos vía tarjetas
21:36:45 INFO      chilepropiedades: 30 avisos en 4s
21:36:45 INFO    Barriendo BuscoNido (busconido)…
21:36:46 DEBUG   [yapo] 30 avisos vía tarjetas
21:36:46 DEBUG   [busconido] 23 avisos vía tarjetas
21:36:46 INFO      busconido: 23 avisos en 1s
21:36:46 INFO    Barriendo BienesOnline (bienesonline)…
21:36:47 DEBUG   [bienesonline] 2 avisos vía tarjetas
21:36:47 INFO      bienesonline: 2 avisos en 1s
21:36:47 INFO    Barriendo Economicos (El Mercurio) (economicos)…
21:36:48 WARNING https://www.economicos.cl/search/propiedades/vitacura/arriendo/departamento/0 respondió 403
21:36:48 INFO    [economicos] https://www.economicos.cl/search/propiedades/vitacura/arriendo/departamento/0 rebotó al GET; se reintenta con navegador
21:36:48 DEBUG   [yapo] 30 avisos vía tarjetas
21:36:48 DEBUG   La red no quedó en silencio en https://www.toctoc.com/arriendo/departamento/metropolitana/vitacura/3-dormitorios; se lee igual
21:36:50 DEBUG   [toctoc] 20 avisos vía json-ld
21:36:50 DEBUG   [yapo] 30 avisos vía tarjetas
21:36:50 INFO      yapo: 90 avisos en 10s
21:36:50 INFO    Barriendo iCasas (icasas)…
21:36:51 INFO      economicos: 0 avisos en 3s
21:36:51 INFO    Barriendo Doomos (doomos)…
21:36:51 DEBUG   [icasas] 15 avisos vía tarjetas
21:36:53 DEBUG   [icasas] 15 avisos vía tarjetas
21:36:53 INFO      icasas: 30 avisos en 3s
21:36:53 INFO    Barriendo Top Propiedades (toppropiedades)…
21:36:53 DEBUG   [doomos] 31 avisos vía tarjetas
21:36:53 INFO      doomos: 31 avisos en 2s
21:36:53 INFO    Barriendo Nuroa (nuroa)…
21:36:54 DEBUG   Encoding detection: ascii is most likely the one.
21:36:55 DEBUG   [nuroa] 25 avisos vía json-ld
21:36:56 DEBUG   [toppropiedades] 1 avisos vía json-ld
21:36:57 DEBUG   [nuroa] 25 avisos vía json-ld
21:36:58 DEBUG   La red no quedó en silencio en https://www.toctoc.com/arriendo/departamento/metropolitana/vitacura/3-dormitorios?pagina=2; se lee igual
21:36:58 DEBUG   [toppropiedades] 1 avisos vía json-ld
21:36:59 DEBUG   [nuroa] 25 avisos vía json-ld
21:36:59 DEBUG   [toctoc] 20 avisos vía json-ld
21:37:00 DEBUG   [toppropiedades] 1 avisos vía json-ld
21:37:01 DEBUG   [nuroa] 25 avisos vía json-ld
21:37:01 INFO      nuroa: 100 avisos en 8s
21:37:01 INFO    Barriendo Mitula (mitula)…
21:37:02 DEBUG   [toppropiedades] 1 avisos vía json-ld
21:37:03 DEBUG   [mitula] 30 avisos vía json-ld
21:37:04 DEBUG   [toppropiedades] 1 avisos vía json-ld
21:37:05 DEBUG   [mitula] 30 avisos vía json-ld
21:37:05 INFO      mitula: 60 avisos en 4s
21:37:05 INFO    Barriendo Houm (houm)…
21:37:06 DEBUG   [toppropiedades] 1 avisos vía json-ld
21:37:07 DEBUG   [toctoc] 20 avisos vía json-ld
21:37:08 DEBUG   [toppropiedades] 1 avisos vía json-ld
21:37:10 DEBUG   [toppropiedades] 1 avisos vía json-ld
21:37:10 INFO      toppropiedades: 8 avisos en 18s
21:37:10 INFO    Barriendo Hey! Homes (heyhomes)…
21:37:13 DEBUG   [heyhomes] 9 avisos vía tarjetas
21:37:13 INFO      heyhomes: 9 avisos en 3s
21:37:13 INFO    Barriendo Engel & Völkers (engelvoelkers)…
21:37:14 DEBUG   La red no quedó en silencio en https://houm.com/cl/arriendo-departamentos-region-metropolitana/vitacura/3-dormitorios; se lee igual
21:37:14 DEBUG   [houm] 28 avisos vía json-ld
21:37:14 DEBUG   [toctoc] 20 avisos vía json-ld
21:37:19 DEBUG   [engelvoelkers] 17 avisos vía tarjetas
21:37:19 INFO      engelvoelkers: 17 avisos en 6s
21:37:19 INFO    Barriendo RE/MAX Chile (remax)…
21:37:26 DEBUG   [toctoc] 20 avisos vía json-ld
21:37:26 DEBUG   La red no quedó en silencio en https://houm.com/cl/arriendo-departamento-región-metropolitana/las-condes/170742; se lee igual
21:37:26 DEBUG   [houm] 1 avisos vía estado-embebido
21:37:29 DEBUG   [goplaceit] 30 avisos vía json-ld
21:37:34 DEBUG   La red no quedó en silencio en https://www.remax.cl/es-cl/busqueda/metropolitana-de-santiago/santiago/vitacura/residencial-departamento/arriendo/; se lee igual
21:37:34 DEBUG   [remax] 4 avisos vía tarjetas
21:37:36 DEBUG   [toctoc] 7 avisos vía json-ld
21:37:36 INFO      toctoc: 107 avisos en 55s
21:37:36 INFO    Barriendo Fuenzalida Propiedades (fuenzalida)…
21:37:39 DEBUG   [fuenzalida] 16 avisos vía tarjetas
21:37:42 DEBUG   La red no quedó en silencio en https://houm.com/cl/arriendo-departamento-región-metropolitana/las-condes/175757; se lee igual
21:37:42 DEBUG   [fuenzalida] 20 avisos vía tarjetas
21:37:42 DEBUG   [houm] 1 avisos vía estado-embebido
21:37:44 INFO      remax: 4 avisos en 24s
21:37:44 INFO    Barriendo Century 21 Chile (century21)…
21:37:45 INFO      century21: 0 avisos en 1s
21:37:45 INFO    Barriendo Property Partners (propertypartners)…
21:37:45 DEBUG   [fuenzalida] 20 avisos vía tarjetas
21:37:45 INFO      fuenzalida: 56 avisos en 9s
21:37:45 INFO    Barriendo Acceso Inmobiliario (accesoinmobiliario)…
21:37:45 DEBUG   [propertypartners] 1 avisos vía tarjetas
21:37:45 INFO      propertypartners: 1 avisos en 1s
21:37:45 INFO    Barriendo Magnolia Property (magnoliaproperty)…
21:37:46 DEBUG   [magnoliaproperty] 6 avisos vía tarjetas
21:37:46 INFO      magnoliaproperty: 6 avisos en 1s
21:37:46 INFO    Barriendo Portilla Propiedades (portillapropiedades)…
21:37:47 DEBUG   [portillapropiedades] 2 avisos vía tarjetas
21:37:47 INFO      portillapropiedades: 2 avisos en 1s
21:37:47 INFO    Barriendo Nativo Propiedades (nativopropiedades)…
21:37:48 DEBUG   [nativopropiedades] 7 avisos vía tarjetas
21:37:48 INFO      nativopropiedades: 7 avisos en 1s
21:37:48 INFO    Barriendo Enlace Inmobiliario (enlaceinmobiliario)…
21:37:48 WARNING https://www.enlaceinmobiliario.cl/ respondió 403
21:37:48 INFO    [enlaceinmobiliario] https://www.enlaceinmobiliario.cl/ rebotó al GET; se reintenta con navegador
21:37:49 DEBUG   [accesoinmobiliario] 16 avisos vía tarjetas
21:37:51 DEBUG   La red no quedó en silencio en https://houm.com/cl/arriendo-departamento-región-metropolitana/ñuñoa/176912; se lee igual
21:37:52 DEBUG   [houm] 1 avisos vía estado-embebido
21:37:56 DEBUG   [accesoinmobiliario] 1 avisos vía tarjetas
21:37:56 INFO      enlaceinmobiliario: 0 avisos en 9s
21:37:56 INFO    Barriendo Rentas.cl (rentas_cl)…
21:37:58 DEBUG   [rentas_cl] 1 avisos vía json-ld
21:37:58 INFO      rentas_cl: 1 avisos en 2s
21:37:58 INFO    Barriendo Arriendos.cl (arriendos_cl)…
21:37:59 INFO      arriendos_cl: 0 avisos en 1s
21:37:59 INFO    Barriendo Propiedades.cl (propiedades_cl)…
21:38:00 DEBUG   [propiedades_cl] 6 avisos vía tarjetas
21:38:00 INFO      propiedades_cl: 6 avisos en 1s
21:38:00 INFO    Barriendo Clasificados.cl (clasificados_cl)…
21:38:02 DEBUG   [clasificados_cl] 1 avisos vía tarjetas
21:38:02 INFO      clasificados_cl: 1 avisos en 2s
21:38:03 DEBUG   [accesoinmobiliario] 1 avisos vía tarjetas
21:38:03 DEBUG   La red no quedó en silencio en https://houm.com/cl/arriendo-departamento-región-metropolitana/ñuñoa/174379; se lee igual
21:38:04 DEBUG   [houm] 1 avisos vía estado-embebido
21:38:14 DEBUG   La red no quedó en silencio en https://houm.com/cl/arriendo-departamento-región-metropolitana/recoleta/178185; se lee igual
21:38:14 DEBUG   [houm] 1 avisos vía estado-embebido
21:38:16 DEBUG   [accesoinmobiliario] 1 avisos vía tarjetas
21:38:17 DEBUG   [goplaceit] 30 avisos vía json-ld
21:38:19 DEBUG   [accesoinmobiliario] 1 avisos vía tarjetas
21:38:24 DEBUG   La red no quedó en silencio en https://houm.com/cl/arriendo-departamento-región-metropolitana/las-condes/177842; se lee igual
21:38:24 DEBUG   [houm] 1 avisos vía estado-embebido
21:38:26 DEBUG   [accesoinmobiliario] 1 avisos vía tarjetas
21:38:30 DEBUG   [accesoinmobiliario] 1 avisos vía tarjetas
21:38:30 INFO      accesoinmobiliario: 22 avisos en 45s
21:38:33 DEBUG   La red no quedó en silencio en https://houm.com/cl/arriendo-departamento-región-metropolitana/recoleta/176958; se lee igual
21:38:33 DEBUG   [houm] 1 avisos vía estado-embebido
21:38:41 DEBUG   La red no quedó en silencio en https://houm.com/cl/arriendo-departamento-región-metropolitana/recoleta/90462; se lee igual
21:38:41 DEBUG   [houm] 1 avisos vía estado-embebido
21:38:41 INFO      houm: 36 avisos en 96s
21:38:46 INFO      goplaceit: 90 avisos en 125s
21:38:46 INFO    Total crudo: 739 avisos
21:38:46 INFO    Después de deduplicar: 445
21:38:46 DEBUG   Libreta: san isidro 435 se construyó en 2016 (accesoinmobiliario)
21:38:46 DEBUG   Libreta: maipu 1457 se construyó en 2025 (accesoinmobiliario)
21:38:46 INFO    Pasaron los filtros: 53
21:38:47 INFO    Ubicados en el mapa: 1 (con 1 consultas nuevas)
21:39:27 DEBUG   [doomos] 18 avisos vía tarjetas
21:39:27 DEBUG   Ficha de YVT22 sin candidato propio; no se fusiona
21:39:28 DEBUG   Ficha de HW5MX sin candidato propio; no se fusiona
21:39:29 DEBUG   [doomos] 27 avisos vía tarjetas
21:39:29 DEBUG   Ficha de U44VT sin candidato propio; no se fusiona
21:39:30 DEBUG   [doomos] 27 avisos vía tarjetas
21:39:30 DEBUG   Ficha de 2HWEW sin candidato propio; no se fusiona
21:39:33 DEBUG   [doomos] 27 avisos vía tarjetas
21:39:33 DEBUG   Ficha de ZWNAN sin candidato propio; no se fusiona
21:39:34 WARNING Se pasó del tiempo al abrir http://GG.CC (Error); se lee lo que alcanzó a llegar
21:39:40 DEBUG   [toctoc] 1 avisos vía estado-embebido
21:39:40 DEBUG   [busconido] 11 avisos vía tarjetas
21:39:40 DEBUG   Ficha de 8EPNP sin candidato propio; no se fusiona
21:39:47 DEBUG   Pin del mapa para AZ5YE: -33.40537, -70.59387
21:39:47 DEBUG   [toctoc] 1 avisos vía estado-embebido
21:39:48 DEBUG   [busconido] 10 avisos vía tarjetas
21:39:48 DEBUG   Ficha de VWVRP sin candidato propio; no se fusiona
21:39:49 DEBUG   [busconido] 11 avisos vía tarjetas
21:39:49 DEBUG   Ficha de YYHED sin candidato propio; no se fusiona
21:39:51 DEBUG   [busconido] 10 avisos vía tarjetas
21:39:51 DEBUG   Ficha de 7GC3T sin candidato propio; no se fusiona
21:39:54 DEBUG   [busconido] 10 avisos vía tarjetas
21:39:54 DEBUG   Ficha de TX2VW sin candidato propio; no se fusiona
21:39:56 DEBUG   [busconido] 11 avisos vía tarjetas
21:39:56 DEBUG   Ficha de AK7SS sin candidato propio; no se fusiona
21:39:58 DEBUG   [busconido] 10 avisos vía tarjetas
21:39:58 DEBUG   Ficha de W7NQZ sin candidato propio; no se fusiona
21:40:00 DEBUG   [busconido] 11 avisos vía tarjetas
21:40:00 DEBUG   Ficha de VJTVY sin candidato propio; no se fusiona
21:40:02 DEBUG   [busconido] 10 avisos vía tarjetas
21:40:02 DEBUG   Ficha de SMCCK sin candidato propio; no se fusiona
21:40:04 DEBUG   [busconido] 10 avisos vía tarjetas
21:40:04 DEBUG   Ficha de BE893 sin candidato propio; no se fusiona
21:40:06 DEBUG   [busconido] 10 avisos vía tarjetas
21:40:06 DEBUG   Ficha de UVQY7 sin candidato propio; no se fusiona
21:40:06 DEBUG   [doomos] 18 avisos vía tarjetas
21:40:06 DEBUG   Ficha de J5JN4 sin candidato propio; no se fusiona
21:40:12 DEBUG   [toctoc] 1 avisos vía estado-embebido
21:40:17 DEBUG   [doomos] 27 avisos vía tarjetas
21:40:17 DEBUG   Ficha de P8XMT sin candidato propio; no se fusiona
21:40:18 DEBUG   [mitula] 3 avisos vía tarjetas
21:40:24 DEBUG   [engelvoelkers] 1 avisos vía json-ld
21:40:29 DEBUG   [toctoc] 1 avisos vía estado-embebido
21:40:35 DEBUG   [toctoc] 1 avisos vía estado-embebido
21:40:45 DEBUG   [toctoc] 1 avisos vía estado-embebido
21:40:46 DEBUG   Ficha de FMDKM sin candidato propio; no se fusiona
21:40:46 DEBUG   [chilepropiedades] 2 avisos vía json-ld
21:40:52 DEBUG   [toctoc] 1 avisos vía estado-embebido
21:40:57 DEBUG   [toctoc] 1 avisos vía estado-embebido
21:41:01 INFO    Enriquecido y descartado: 75BRH (arriendo de $2.931.142 sobre el máximo negociable de $1.904.000)
21:41:25 INFO    Enriquecido y descartado: 75BRH (arriendo de $2.149.504 sobre el máximo negociable de $1.904.000)
21:41:32 INFO    Enriquecido y descartado: 75BRH (arriendo de $1.954.095 sobre el máximo negociable de $1.904.000)
21:41:54 DEBUG   [toctoc] 1 avisos vía estado-embebido
21:41:59 DEBUG   [toctoc] 1 avisos vía estado-embebido
21:42:03 INFO    Enriquecido y descartado: 75BRH (arriendo de $4.611.664 sobre el máximo negociable de $1.904.000)
21:42:06 INFO    Fichas leídas: 53 — 0 ganaron el año, 1 la dirección; 4 se descartaron al verlas (0 por viejos)
21:42:07 INFO    Listo: 0 avisados de 49 candidatos
