14:40:08 INFO    No se pudo traer la UF del día (ReadTimeout); se usa el respaldo
14:40:08 INFO    UF = $40.857.96 (caché de hace 1 día(s) — la API no respondió)
14:40:08 INFO    Barriendo TocToc (toctoc)…
14:40:08 INFO    Barriendo Chilepropiedades (chilepropiedades)…
14:40:08 INFO    Barriendo GoPlaceIt (goplaceit)…
14:40:08 INFO    Barriendo Yapo (yapo)…
14:40:09 DEBUG   [chilepropiedades] 11 avisos vía tarjetas
14:40:10 DEBUG   [yapo] 30 avisos vía tarjetas
14:40:11 DEBUG   [chilepropiedades] 11 avisos vía tarjetas
14:40:12 DEBUG   [goplaceit] 30 avisos vía json-ld
14:40:12 DEBUG   [yapo] 30 avisos vía tarjetas
14:40:13 DEBUG   [chilepropiedades] 11 avisos vía tarjetas
14:40:13 INFO      chilepropiedades: 33 avisos en 5s
14:40:13 INFO    Barriendo BuscoNido (busconido)…
14:40:14 INFO      busconido: 0 avisos en 1s
14:40:14 INFO    Barriendo ComunaVitacura.cl (comunavitacura)…
14:40:14 DEBUG   [yapo] 30 avisos vía tarjetas
14:40:14 INFO      yapo: 90 avisos en 6s
14:40:14 INFO    Barriendo BienesOnline (bienesonline)…
14:40:16 DEBUG   [bienesonline] 18 avisos vía tarjetas
14:40:16 INFO      bienesonline: 18 avisos en 1s
14:40:16 INFO    Barriendo Economicos (El Mercurio) (economicos)…
14:40:16 DEBUG   [toctoc] 134 avisos vía estado-embebido
14:40:16 WARNING https://www.economicos.cl/search/propiedades/vitacura/arriendo/departamento/0 respondió 403
14:40:16 INFO    [economicos] https://www.economicos.cl/search/propiedades/vitacura/arriendo/departamento/0 rebotó al GET; se reintenta con navegador
14:40:18 INFO      comunavitacura: 0 avisos en 3s
14:40:18 INFO    Barriendo iCasas (icasas)…
14:40:18 INFO      economicos: 0 avisos en 2s
14:40:18 INFO    Barriendo Doomos (doomos)…
14:40:19 DEBUG   [icasas] 15 avisos vía tarjetas
14:40:20 DEBUG   [doomos] 33 avisos vía tarjetas
14:40:20 INFO      doomos: 33 avisos en 2s
14:40:20 INFO    Barriendo Top Propiedades (toppropiedades)…
14:40:20 DEBUG   [icasas] 15 avisos vía tarjetas
14:40:20 INFO      icasas: 30 avisos en 3s
14:40:20 INFO    Barriendo Trovit (trovit)…
14:40:23 DEBUG   [toctoc] 134 avisos vía estado-embebido
14:40:23 ERROR   [trovit] excepción no controlada
Traceback (most recent call last):
  File "/home/runner/work/arriendos-vitacura/arriendos-vitacura/arriendo/sources/registry.py", line 325, in _una
    r = barrer(fuente, fetcher, seguir_detalles=seguir_detalles,
        ^^^^^^^^^^^^^^^^^^^^^^^^^^^^^^^^^^^^^^^^^^^^^^^^^^^^^^^^
  File "/home/runner/work/arriendos-vitacura/arriendos-vitacura/arriendo/sources/registry.py", line 251, in barrer
    encontrados = extraer(html, url, fuente, valor_uf)
                  ^^^^^^^^^^^^^^^^^^^^^^^^^^^^^^^^^^^^
  File "/home/runner/work/arriendos-vitacura/arriendos-vitacura/arriendo/sources/generic.py", line 1290, in extraer
    resultado = pasada()
                ^^^^^^^^
  File "/home/runner/work/arriendos-vitacura/arriendos-vitacura/arriendo/sources/generic.py", line 1285, in <lambda>
    ("json-ld", lambda: _desde_jsonld(soup, base_url, fuente, valor_uf)),
                        ^^^^^^^^^^^^^^^^^^^^^^^^^^^^^^^^^^^^^^^^^^^^^^^
  File "/home/runner/work/arriendos-vitacura/arriendos-vitacura/arriendo/sources/generic.py", line 311, in _desde_jsonld
    a.direccion = _direccion_util(direccion, a.comuna or comuna_cruda) \
                                                         ^^^^^^^^^^^^
NameError: name 'comuna_cruda' is not defined
14:40:23 WARNING   trovit: NameError: name 'comuna_cruda' is not defined
14:40:23 INFO      trovit: 0 avisos en 0s
14:40:23 INFO    Barriendo Nuroa (nuroa)…
14:40:23 DEBUG   [toppropiedades] 1 avisos vía json-ld
14:40:24 DEBUG   Encoding detection: ascii is most likely the one.
14:40:25 DEBUG   [nuroa] 25 avisos vía json-ld
14:40:25 DEBUG   [toppropiedades] 1 avisos vía json-ld
14:40:27 DEBUG   [nuroa] 25 avisos vía json-ld
14:40:27 INFO      nuroa: 50 avisos en 4s
14:40:27 INFO    Barriendo Mitula (mitula)…
14:40:27 DEBUG   [toppropiedades] 1 avisos vía json-ld
14:40:29 DEBUG   [mitula] 30 avisos vía json-ld
14:40:29 DEBUG   [toppropiedades] 1 avisos vía json-ld
14:40:30 DEBUG   [mitula] 30 avisos vía json-ld
14:40:31 INFO      mitula: 60 avisos en 4s
14:40:31 INFO    Barriendo Nestoria (nestoria)…
14:40:31 DEBUG   [toppropiedades] 1 avisos vía json-ld
14:40:32 ERROR   [nestoria] excepción no controlada
Traceback (most recent call last):
  File "/home/runner/work/arriendos-vitacura/arriendos-vitacura/arriendo/sources/registry.py", line 325, in _una
    r = barrer(fuente, fetcher, seguir_detalles=seguir_detalles,
        ^^^^^^^^^^^^^^^^^^^^^^^^^^^^^^^^^^^^^^^^^^^^^^^^^^^^^^^^
  File "/home/runner/work/arriendos-vitacura/arriendos-vitacura/arriendo/sources/registry.py", line 251, in barrer
    encontrados = extraer(html, url, fuente, valor_uf)
                  ^^^^^^^^^^^^^^^^^^^^^^^^^^^^^^^^^^^^
  File "/home/runner/work/arriendos-vitacura/arriendos-vitacura/arriendo/sources/generic.py", line 1290, in extraer
    resultado = pasada()
                ^^^^^^^^
  File "/home/runner/work/arriendos-vitacura/arriendos-vitacura/arriendo/sources/generic.py", line 1285, in <lambda>
    ("json-ld", lambda: _desde_jsonld(soup, base_url, fuente, valor_uf)),
                        ^^^^^^^^^^^^^^^^^^^^^^^^^^^^^^^^^^^^^^^^^^^^^^^
  File "/home/runner/work/arriendos-vitacura/arriendos-vitacura/arriendo/sources/generic.py", line 311, in _desde_jsonld
    a.direccion = _direccion_util(direccion, a.comuna or comuna_cruda) \
                                                         ^^^^^^^^^^^^
NameError: name 'comuna_cruda' is not defined
14:40:32 WARNING   nestoria: NameError: name 'comuna_cruda' is not defined
14:40:32 INFO      nestoria: 0 avisos en 0s
14:40:32 INFO    Barriendo Houm (houm)…
14:40:34 DEBUG   [toppropiedades] 1 avisos vía json-ld
14:40:35 DEBUG   [toctoc] 134 avisos vía estado-embebido
14:40:35 DEBUG   [toppropiedades] 1 avisos vía json-ld
14:40:37 DEBUG   [toppropiedades] 1 avisos vía json-ld
14:40:38 INFO      toppropiedades: 8 avisos en 18s
14:40:38 INFO    Barriendo Hey! Homes (heyhomes)…
14:40:40 DEBUG   [heyhomes] 9 avisos vía tarjetas
14:40:40 INFO      heyhomes: 9 avisos en 3s
14:40:40 INFO    Barriendo AssetPlan (assetplan)…
14:40:41 DEBUG   La red no quedó en silencio en https://houm.com/cl/arriendo-departamentos-region-metropolitana/vitacura/3-dormitorios; se lee igual
14:40:42 DEBUG   [toctoc] 106 avisos vía estado-embebido
14:40:42 DEBUG   [houm] 28 avisos vía json-ld
14:40:46 INFO      assetplan: 0 avisos en 6s
14:40:46 INFO    Barriendo Engel & Völkers (engelvoelkers)…
14:40:51 DEBUG   [toctoc] 104 avisos vía estado-embebido
14:40:53 DEBUG   [goplaceit] 30 avisos vía json-ld
14:40:54 DEBUG   La red no quedó en silencio en https://houm.com/cl/arriendo-departamento-región-metropolitana/las-condes/170742; se lee igual
14:40:54 DEBUG   [houm] 1 avisos vía estado-embebido
14:40:57 DEBUG   [engelvoelkers] 16 avisos vía tarjetas
14:40:57 INFO      engelvoelkers: 16 avisos en 11s
14:40:57 INFO    Barriendo RE/MAX Chile (remax)…
14:41:03 DEBUG   [toctoc] 106 avisos vía estado-embebido
14:41:04 INFO      toctoc: 718 avisos en 55s
14:41:04 INFO    Barriendo Fuenzalida Propiedades (fuenzalida)…
14:41:06 INFO      remax: 0 avisos en 9s
14:41:06 INFO    Barriendo Century 21 Chile (century21)…
14:41:07 DEBUG   [fuenzalida] 20 avisos vía tarjetas
14:41:08 INFO      century21: 0 avisos en 2s
14:41:08 INFO    Barriendo Property Partners (propertypartners)…
14:41:08 DEBUG   [propertypartners] 1 avisos vía tarjetas
14:41:08 INFO      propertypartners: 1 avisos en 0s
14:41:08 INFO    Barriendo Acceso Inmobiliario (accesoinmobiliario)…
14:41:08 DEBUG   La red no quedó en silencio en https://houm.com/cl/arriendo-departamento-región-metropolitana/las-condes/173143; se lee igual
14:41:08 DEBUG   [houm] 1 avisos vía estado-embebido
14:41:09 DEBUG   [fuenzalida] 20 avisos vía tarjetas
14:41:10 DEBUG   [accesoinmobiliario] 16 avisos vía tarjetas
14:41:13 DEBUG   [fuenzalida] 20 avisos vía tarjetas
14:41:13 INFO      fuenzalida: 60 avisos en 9s
14:41:13 INFO    Barriendo Magnolia Property (magnoliaproperty)…
14:41:14 DEBUG   [magnoliaproperty] 6 avisos vía tarjetas
14:41:14 INFO      magnoliaproperty: 6 avisos en 1s
14:41:14 INFO    Barriendo Portilla Propiedades (portillapropiedades)…
14:41:14 DEBUG   [portillapropiedades] 2 avisos vía tarjetas
14:41:14 INFO      portillapropiedades: 2 avisos en 1s
14:41:14 INFO    Barriendo Nativo Propiedades (nativopropiedades)…
14:41:15 DEBUG   [nativopropiedades] 7 avisos vía tarjetas
14:41:15 INFO      nativopropiedades: 7 avisos en 1s
14:41:15 INFO    Barriendo Zenta Group (zentagroup)…
14:41:15 INFO      zentagroup: 0 avisos en 0s
14:41:15 INFO    Barriendo Enlace Inmobiliario (enlaceinmobiliario)…
14:41:15 WARNING https://www.enlaceinmobiliario.cl/ respondió 403
14:41:15 INFO    [enlaceinmobiliario] https://www.enlaceinmobiliario.cl/ rebotó al GET; se reintenta con navegador
14:41:16 DEBUG   [accesoinmobiliario] 1 avisos vía tarjetas
14:41:17 DEBUG   La red no quedó en silencio en https://houm.com/cl/arriendo-departamento-región-metropolitana/las-condes/173170; se lee igual
14:41:17 DEBUG   [houm] 1 avisos vía estado-embebido
14:41:21 INFO      enlaceinmobiliario: 0 avisos en 6s
14:41:21 INFO    Barriendo Rentas.cl (rentas_cl)…
14:41:23 ERROR   [rentas_cl] excepción no controlada
Traceback (most recent call last):
  File "/home/runner/work/arriendos-vitacura/arriendos-vitacura/arriendo/sources/registry.py", line 325, in _una
    r = barrer(fuente, fetcher, seguir_detalles=seguir_detalles,
        ^^^^^^^^^^^^^^^^^^^^^^^^^^^^^^^^^^^^^^^^^^^^^^^^^^^^^^^^
  File "/home/runner/work/arriendos-vitacura/arriendos-vitacura/arriendo/sources/registry.py", line 251, in barrer
    encontrados = extraer(html, url, fuente, valor_uf)
                  ^^^^^^^^^^^^^^^^^^^^^^^^^^^^^^^^^^^^
  File "/home/runner/work/arriendos-vitacura/arriendos-vitacura/arriendo/sources/generic.py", line 1290, in extraer
    resultado = pasada()
                ^^^^^^^^
  File "/home/runner/work/arriendos-vitacura/arriendos-vitacura/arriendo/sources/generic.py", line 1285, in <lambda>
    ("json-ld", lambda: _desde_jsonld(soup, base_url, fuente, valor_uf)),
                        ^^^^^^^^^^^^^^^^^^^^^^^^^^^^^^^^^^^^^^^^^^^^^^^
  File "/home/runner/work/arriendos-vitacura/arriendos-vitacura/arriendo/sources/generic.py", line 311, in _desde_jsonld
    a.direccion = _direccion_util(direccion, a.comuna or comuna_cruda) \
                                                         ^^^^^^^^^^^^
NameError: name 'comuna_cruda' is not defined
14:41:23 WARNING   rentas_cl: NameError: name 'comuna_cruda' is not defined
14:41:23 INFO      rentas_cl: 0 avisos en 0s
14:41:23 INFO    Barriendo Arriendos.cl (arriendos_cl)…
14:41:24 INFO      arriendos_cl: 0 avisos en 1s
14:41:24 INFO    Barriendo Propiedades.cl (propiedades_cl)…
14:41:25 DEBUG   [propiedades_cl] 6 avisos vía tarjetas
14:41:25 INFO      propiedades_cl: 6 avisos en 1s
14:41:25 INFO    Barriendo Clasificados.cl (clasificados_cl)…
14:41:27 DEBUG   [clasificados_cl] 1 avisos vía tarjetas
14:41:27 INFO      clasificados_cl: 1 avisos en 2s
14:41:28 DEBUG   [accesoinmobiliario] 1 avisos vía tarjetas
14:41:28 DEBUG   La red no quedó en silencio en https://houm.com/cl/arriendo-departamento-región-metropolitana/las-condes/175757; se lee igual
14:41:29 DEBUG   [houm] 1 avisos vía estado-embebido
14:41:34 DEBUG   [accesoinmobiliario] 1 avisos vía tarjetas
14:41:37 DEBUG   [goplaceit] 30 avisos vía json-ld
14:41:38 DEBUG   La red no quedó en silencio en https://houm.com/cl/arriendo-departamento-región-metropolitana/ñuñoa/176912; se lee igual
14:41:38 DEBUG   [houm] 1 avisos vía estado-embebido
14:41:38 INFO      accesoinmobiliario: 19 avisos en 31s
14:41:46 DEBUG   La red no quedó en silencio en https://houm.com/cl/arriendo-departamento-región-metropolitana/ñuñoa/174379; se lee igual
14:41:46 DEBUG   [houm] 1 avisos vía estado-embebido
14:41:54 DEBUG   La red no quedó en silencio en https://houm.com/cl/arriendo-departamento-región-metropolitana/providencia/175432; se lee igual
14:41:54 DEBUG   [houm] 1 avisos vía estado-embebido
14:42:01 DEBUG   La red no quedó en silencio en https://houm.com/cl/arriendo-departamento-región-metropolitana/recoleta/176958; se lee igual
14:42:01 DEBUG   [houm] 1 avisos vía estado-embebido
14:42:01 INFO      houm: 36 avisos en 89s
14:42:03 INFO      goplaceit: 90 avisos en 115s
14:42:03 INFO    Total crudo: 1293 avisos
14:42:03 INFO    Después de deduplicar: 457
14:42:03 INFO    Pasaron los filtros: 72
14:42:05 INFO    Ubicados en el mapa: 7 (con 2 consultas nuevas)
14:42:06 DEBUG   [yapo] 2 avisos vía json-ld
14:42:07 DEBUG   [chilepropiedades] 2 avisos vía json-ld
14:42:12 DEBUG   [toctoc] 1 avisos vía estado-embebido
14:42:16 DEBUG   Ficha de EKBQX sin candidato propio; no se fusiona
14:42:20 DEBUG   [toctoc] 1 avisos vía estado-embebido
14:42:24 DEBUG   [toctoc] 1 avisos vía estado-embebido
14:42:26 DEBUG   Ficha de EHCY9 sin candidato propio; no se fusiona
14:42:26 DEBUG   [chilepropiedades] 2 avisos vía json-ld
14:42:28 DEBUG   [doomos] 24 avisos vía tarjetas
14:42:28 DEBUG   Ficha de YVT22 sin candidato propio; no se fusiona
14:42:32 DEBUG   [toctoc] 1 avisos vía estado-embebido
14:42:32 DEBUG   [chilepropiedades] 2 avisos vía json-ld
14:42:38 DEBUG   [toctoc] 1 avisos vía estado-embebido
14:42:38 DEBUG   [yapo] 2 avisos vía tarjetas
14:42:38 DEBUG   Ficha de P3JCQ sin candidato propio; no se fusiona
14:42:39 DEBUG   [chilepropiedades] 2 avisos vía json-ld
14:42:39 INFO    Enriquecido y descartado: HNZZD (90 m² totales, no llega a más de 100 m²)
14:42:42 DEBUG   [toctoc] 1 avisos vía estado-embebido
14:42:46 DEBUG   [toctoc] 1 avisos vía estado-embebido
14:42:51 DEBUG   [toctoc] 1 avisos vía estado-embebido
14:42:52 DEBUG   [doomos] 32 avisos vía tarjetas
14:42:52 DEBUG   Ficha de U44VT sin candidato propio; no se fusiona
14:42:54 DEBUG   [doomos] 33 avisos vía tarjetas
14:42:54 DEBUG   Ficha de KNAE9 sin candidato propio; no se fusiona
14:42:58 DEBUG   [toctoc] 1 avisos vía estado-embebido
14:43:03 DEBUG   [toctoc] 1 avisos vía estado-embebido
14:43:09 DEBUG   [toctoc] 1 avisos vía estado-embebido
14:43:09 DEBUG   [yapo] 2 avisos vía json-ld
14:43:13 DEBUG   [engelvoelkers] 1 avisos vía json-ld
14:43:19 DEBUG   [toctoc] 1 avisos vía estado-embebido
14:43:23 DEBUG   [toctoc] 1 avisos vía estado-embebido
14:43:26 DEBUG   [doomos] 33 avisos vía tarjetas
14:43:26 DEBUG   Ficha de RUEW5 sin candidato propio; no se fusiona
14:43:27 DEBUG   [doomos] 33 avisos vía tarjetas
14:43:27 DEBUG   Ficha de 9YX2Z sin candidato propio; no se fusiona
14:43:29 DEBUG   [doomos] 33 avisos vía tarjetas
14:43:29 DEBUG   Ficha de NB2ZR sin candidato propio; no se fusiona
14:43:33 ERROR   La corrida falló
Traceback (most recent call last):
  File "/home/runner/work/arriendos-vitacura/arriendos-vitacura/arriendo/cli.py", line 85, in correr
    return _correr(args, perfil, fuentes, stats)
           ^^^^^^^^^^^^^^^^^^^^^^^^^^^^^^^^^^^^^
  File "/home/runner/work/arriendos-vitacura/arriendos-vitacura/arriendo/cli.py", line 654, in _correr
    candidatos = _completar_candidatos(candidatos, fuentes, fetcher, uf,
                 ^^^^^^^^^^^^^^^^^^^^^^^^^^^^^^^^^^^^^^^^^^^^^^^^^^^^^^^
  File "/home/runner/work/arriendos-vitacura/arriendos-vitacura/arriendo/cli.py", line 204, in _completar_candidatos
    vivos = [a for a, _ in _enriquecer_por_ficha(
                           ^^^^^^^^^^^^^^^^^^^^^^
  File "/home/runner/work/arriendos-vitacura/arriendos-vitacura/arriendo/cli.py", line 264, in _enriquecer_por_ficha
    candidatos = extraer(html, a.url, fuente, uf)
                 ^^^^^^^^^^^^^^^^^^^^^^^^^^^^^^^^
  File "/home/runner/work/arriendos-vitacura/arriendos-vitacura/arriendo/sources/generic.py", line 1290, in extraer
    resultado = pasada()
                ^^^^^^^^
  File "/home/runner/work/arriendos-vitacura/arriendos-vitacura/arriendo/sources/generic.py", line 1285, in <lambda>
    ("json-ld", lambda: _desde_jsonld(soup, base_url, fuente, valor_uf)),
                        ^^^^^^^^^^^^^^^^^^^^^^^^^^^^^^^^^^^^^^^^^^^^^^^
  File "/home/runner/work/arriendos-vitacura/arriendos-vitacura/arriendo/sources/generic.py", line 311, in _desde_jsonld
    a.direccion = _direccion_util(direccion, a.comuna or comuna_cruda) \
                                                         ^^^^^^^^^^^^
NameError: name 'comuna_cruda' is not defined
