00:40:14 INFO    UF = $40.879.04 (API del día)
00:40:14 INFO    Barriendo TocToc (toctoc)…
00:40:14 INFO    Barriendo Chilepropiedades (chilepropiedades)…
00:40:14 INFO    Barriendo GoPlaceIt (goplaceit)…
00:40:14 INFO    Barriendo Yapo (yapo)…
00:40:15 DEBUG   [chilepropiedades] 10 avisos vía tarjetas
00:40:16 INFO      yapo: 0 avisos en 2s
00:40:16 INFO    Barriendo BuscoNido (busconido)…
00:40:17 DEBUG   [chilepropiedades] 10 avisos vía tarjetas
00:40:18 DEBUG   [busconido] 23 avisos vía tarjetas
00:40:18 INFO      busconido: 23 avisos en 2s
00:40:18 INFO    Barriendo BienesOnline (bienesonline)…
00:40:19 DEBUG   [chilepropiedades] 10 avisos vía tarjetas
00:40:19 INFO      chilepropiedades: 30 avisos en 5s
00:40:19 INFO    Barriendo Economicos (El Mercurio) (economicos)…
00:40:19 DEBUG   [bienesonline] 16 avisos vía tarjetas
00:40:19 INFO      bienesonline: 16 avisos en 1s
00:40:19 INFO    Barriendo iCasas (icasas)…
00:40:19 WARNING https://www.economicos.cl/search/propiedades/vitacura/arriendo/departamento/0 respondió 403
00:40:19 INFO    [economicos] https://www.economicos.cl/search/propiedades/vitacura/arriendo/departamento/0 rebotó al GET; se reintenta con navegador
00:40:20 DEBUG   [goplaceit] 30 avisos vía json-ld
00:40:20 DEBUG   [icasas] 15 avisos vía tarjetas
00:40:21 INFO      economicos: 0 avisos en 2s
00:40:21 INFO    Barriendo Doomos (doomos)…
00:40:21 WARNING https://www.doomos.cl/departamentos-vitacura-arriendo respondió 403
00:40:21 INFO    [doomos] https://www.doomos.cl/departamentos-vitacura-arriendo rebotó al GET; se reintenta con navegador
00:40:22 DEBUG   [icasas] 15 avisos vía tarjetas
00:40:22 INFO      icasas: 30 avisos en 3s
00:40:22 INFO    Barriendo Top Propiedades (toppropiedades)…
00:40:23 DEBUG   [toctoc] 20 avisos vía json-ld
00:40:24 INFO      doomos: 0 avisos en 3s
00:40:24 INFO    Barriendo Nuroa (nuroa)…
00:40:24 DEBUG   Encoding detection: ascii is most likely the one.
00:40:25 DEBUG   [nuroa] 25 avisos vía json-ld
00:40:25 DEBUG   [toppropiedades] 1 avisos vía json-ld
00:40:27 DEBUG   [nuroa] 25 avisos vía json-ld
00:40:28 DEBUG   [toppropiedades] 1 avisos vía json-ld
00:40:30 DEBUG   [nuroa] 25 avisos vía json-ld
00:40:30 DEBUG   [toppropiedades] 1 avisos vía json-ld
00:40:31 DEBUG   La red no quedó en silencio en https://www.toctoc.com/arriendo/departamento/metropolitana/vitacura/3-dormitorios?pagina=2; se lee igual
00:40:31 DEBUG   [toctoc] 20 avisos vía json-ld
00:40:32 DEBUG   [toppropiedades] 1 avisos vía json-ld
00:40:32 DEBUG   [nuroa] 25 avisos vía json-ld
00:40:32 INFO      nuroa: 100 avisos en 9s
00:40:32 INFO    Barriendo Mitula (mitula)…
00:40:33 DEBUG   [toppropiedades] 1 avisos vía json-ld
00:40:34 DEBUG   [mitula] 30 avisos vía json-ld
00:40:36 DEBUG   [toppropiedades] 1 avisos vía json-ld
00:40:36 DEBUG   [mitula] 30 avisos vía json-ld
00:40:37 INFO      mitula: 60 avisos en 4s
00:40:37 INFO    Barriendo Houm (houm)…
00:40:37 DEBUG   [toppropiedades] 1 avisos vía json-ld
00:40:39 DEBUG   La red no quedó en silencio en https://www.toctoc.com/arriendo/departamento/metropolitana/vitacura/3-dormitorios?pagina=3; se lee igual
00:40:39 DEBUG   [toppropiedades] 1 avisos vía json-ld
00:40:39 INFO      toppropiedades: 8 avisos en 18s
00:40:39 INFO    Barriendo Hey! Homes (heyhomes)…
00:40:42 DEBUG   [heyhomes] 9 avisos vía tarjetas
00:40:42 INFO      heyhomes: 9 avisos en 3s
00:40:42 INFO    Barriendo Engel & Völkers (engelvoelkers)…
00:40:43 WARNING [toctoc] https://www.toctoc.com/arriendo/departamento/metropolitana/vitacura/3-dormitorios?pagina=3 falló: Page.content: Unable to retrieve content because the page is navigating and changing the content.
00:40:45 DEBUG   La red no quedó en silencio en https://houm.com/cl/arriendo-departamentos-region-metropolitana/vitacura/3-dormitorios; se lee igual
00:40:46 DEBUG   [houm] 28 avisos vía json-ld
00:40:50 DEBUG   [engelvoelkers] 15 avisos vía tarjetas
00:40:50 INFO      engelvoelkers: 15 avisos en 8s
00:40:50 INFO    Barriendo RE/MAX Chile (remax)…
00:40:51 DEBUG   [toctoc] 20 avisos vía json-ld
00:40:58 DEBUG   La red no quedó en silencio en https://houm.com/cl/arriendo-departamento-región-metropolitana/las-condes/170742; se lee igual
00:40:58 DEBUG   [houm] 1 avisos vía estado-embebido
00:41:02 DEBUG   La red no quedó en silencio en https://www.remax.cl/es-cl/busqueda/metropolitana-de-santiago/santiago/vitacura/residencial-departamento/arriendo/; se lee igual
00:41:02 DEBUG   [remax] 5 avisos vía tarjetas
00:41:05 DEBUG   La red no quedó en silencio en https://www.toctoc.com/arriendo/departamento/metropolitana/vitacura/4-dormitorios?pagina=2; se lee igual
00:41:05 WARNING [toctoc] https://www.toctoc.com/arriendo/departamento/metropolitana/vitacura/4-dormitorios?pagina=2 falló: Page.content: Unable to retrieve content because the page is navigating and changing the content.
00:41:05 WARNING   toctoc: Page.content: Unable to retrieve content because the page is navigating and changing the content.
00:41:05 INFO      toctoc: 60 avisos en 51s
00:41:05 INFO    Barriendo Fuenzalida Propiedades (fuenzalida)…
00:41:08 DEBUG   [fuenzalida] 16 avisos vía tarjetas
00:41:10 INFO      remax: 5 avisos en 20s
00:41:10 INFO    Barriendo Century 21 Chile (century21)…
00:41:11 DEBUG   [fuenzalida] 20 avisos vía tarjetas
00:41:11 INFO      century21: 0 avisos en 1s
00:41:11 INFO    Barriendo Property Partners (propertypartners)…
00:41:12 DEBUG   [propertypartners] 1 avisos vía tarjetas
00:41:12 INFO      propertypartners: 1 avisos en 1s
00:41:12 INFO    Barriendo Acceso Inmobiliario (accesoinmobiliario)…
00:41:13 DEBUG   [goplaceit] 30 avisos vía json-ld
00:41:13 DEBUG   La red no quedó en silencio en https://houm.com/cl/arriendo-departamento-región-metropolitana/las-condes/175757; se lee igual
00:41:13 DEBUG   [houm] 1 avisos vía estado-embebido
00:41:14 DEBUG   [fuenzalida] 20 avisos vía tarjetas
00:41:14 INFO      fuenzalida: 56 avisos en 8s
00:41:14 INFO    Barriendo Magnolia Property (magnoliaproperty)…
00:41:14 DEBUG   [magnoliaproperty] 6 avisos vía tarjetas
00:41:14 INFO      magnoliaproperty: 6 avisos en 1s
00:41:14 INFO    Barriendo Portilla Propiedades (portillapropiedades)…
00:41:15 DEBUG   [portillapropiedades] 2 avisos vía tarjetas
00:41:15 INFO      portillapropiedades: 2 avisos en 1s
00:41:15 INFO    Barriendo Nativo Propiedades (nativopropiedades)…
00:41:15 DEBUG   [accesoinmobiliario] 16 avisos vía tarjetas
00:41:15 DEBUG   [nativopropiedades] 7 avisos vía tarjetas
00:41:16 INFO      nativopropiedades: 7 avisos en 1s
00:41:16 INFO    Barriendo Enlace Inmobiliario (enlaceinmobiliario)…
00:41:16 WARNING https://www.enlaceinmobiliario.cl/ respondió 403
00:41:16 INFO    [enlaceinmobiliario] https://www.enlaceinmobiliario.cl/ rebotó al GET; se reintenta con navegador
00:41:20 DEBUG   [accesoinmobiliario] 1 avisos vía tarjetas
00:41:23 DEBUG   La red no quedó en silencio en https://houm.com/cl/arriendo-departamento-región-metropolitana/ñuñoa/174379; se lee igual
00:41:23 DEBUG   [houm] 1 avisos vía estado-embebido
00:41:25 INFO      enlaceinmobiliario: 0 avisos en 9s
00:41:25 INFO    Barriendo Rentas.cl (rentas_cl)…
00:41:27 DEBUG   [rentas_cl] 1 avisos vía json-ld
00:41:27 INFO      rentas_cl: 1 avisos en 2s
00:41:27 INFO    Barriendo Arriendos.cl (arriendos_cl)…
00:41:28 INFO      arriendos_cl: 0 avisos en 1s
00:41:28 INFO    Barriendo Propiedades.cl (propiedades_cl)…
00:41:28 DEBUG   [propiedades_cl] 6 avisos vía tarjetas
00:41:28 INFO      propiedades_cl: 6 avisos en 1s
00:41:28 INFO    Barriendo Clasificados.cl (clasificados_cl)…
00:41:29 DEBUG   [accesoinmobiliario] 1 avisos vía tarjetas
00:41:32 INFO      clasificados_cl: 0 avisos en 3s
00:41:34 DEBUG   La red no quedó en silencio en https://houm.com/cl/arriendo-departamento-región-metropolitana/recoleta/178185; se lee igual
00:41:34 DEBUG   [houm] 1 avisos vía estado-embebido
00:41:35 DEBUG   [accesoinmobiliario] 1 avisos vía tarjetas
00:41:42 DEBUG   La red no quedó en silencio en https://houm.com/cl/arriendo-departamento-región-metropolitana/las-condes/177842; se lee igual
00:41:43 DEBUG   [houm] 1 avisos vía estado-embebido
00:41:52 DEBUG   La red no quedó en silencio en https://houm.com/cl/arriendo-departamento-región-metropolitana/recoleta/176958; se lee igual
00:41:52 DEBUG   [houm] 1 avisos vía estado-embebido
00:41:53 DEBUG   [goplaceit] 30 avisos vía json-ld
00:41:55 DEBUG   [accesoinmobiliario] 1 avisos vía tarjetas
00:41:55 INFO      accesoinmobiliario: 20 avisos en 43s
00:42:01 DEBUG   La red no quedó en silencio en https://houm.com/cl/arriendo-departamento-región-metropolitana/recoleta/90462; se lee igual
00:42:01 DEBUG   [houm] 1 avisos vía estado-embebido
00:42:08 DEBUG   La red no quedó en silencio en https://houm.com/cl/arriendo-departamento-región-metropolitana/ñuñoa/148216; se lee igual
00:42:09 DEBUG   [houm] 1 avisos vía estado-embebido
00:42:09 INFO      houm: 36 avisos en 92s
00:42:19 INFO      goplaceit: 90 avisos en 125s
00:42:19 INFO    Total crudo: 581 avisos
00:42:20 INFO    Después de deduplicar: 376
00:42:20 INFO    Pasaron los filtros: 38
00:42:38 DEBUG   Ficha de HW5MX sin candidato propio; no se fusiona
00:42:44 DEBUG   [toctoc] 1 avisos vía estado-embebido
00:42:45 DEBUG   [busconido] 10 avisos vía tarjetas
00:42:45 DEBUG   Ficha de JX7T6 sin candidato propio; no se fusiona
00:42:47 DEBUG   [busconido] 10 avisos vía tarjetas
00:42:47 DEBUG   Ficha de 8ZVSG sin candidato propio; no se fusiona
00:42:49 DEBUG   [busconido] 10 avisos vía tarjetas
00:42:49 DEBUG   Ficha de KTFQD sin candidato propio; no se fusiona
00:42:51 DEBUG   [busconido] 11 avisos vía tarjetas
00:42:51 DEBUG   Ficha de E8QZY sin candidato propio; no se fusiona
00:42:53 DEBUG   [busconido] 11 avisos vía tarjetas
00:42:53 DEBUG   Ficha de 46TGY sin candidato propio; no se fusiona
00:42:56 INFO    Enriquecido y descartado: YAVJA (arriendo de $3.517.371 sobre el máximo negociable de $1.904.000)
00:43:01 INFO    Enriquecido y descartado: CC2AY (arriendo de $2.032.258 sobre el máximo negociable de $1.904.000)
00:43:01 DEBUG   [busconido] 10 avisos vía tarjetas
00:43:01 DEBUG   Ficha de 93APS sin candidato propio; no se fusiona
00:43:03 DEBUG   [busconido] 10 avisos vía tarjetas
00:43:03 DEBUG   Ficha de 45SXZ sin candidato propio; no se fusiona
00:43:10 DEBUG   [toctoc] 1 avisos vía estado-embebido
00:43:17 DEBUG   [engelvoelkers] 1 avisos vía json-ld
00:43:18 DEBUG   [mitula] 3 avisos vía tarjetas
00:43:23 DEBUG   [toctoc] 1 avisos vía estado-embebido
00:43:31 DEBUG   [toctoc] 1 avisos vía estado-embebido
00:43:32 DEBUG   [chilepropiedades] 2 avisos vía json-ld
00:43:37 DEBUG   [toctoc] 1 avisos vía estado-embebido
00:43:41 INFO    Enriquecido y descartado: 75BRH (arriendo de $2.931.142 sobre el máximo negociable de $1.904.000)
00:44:07 INFO    Enriquecido y descartado: 75BRH (arriendo de $1.954.095 sobre el máximo negociable de $1.904.000)
00:44:24 DEBUG   [toctoc] 1 avisos vía estado-embebido
00:44:34 DEBUG   [toctoc] 1 avisos vía estado-embebido
00:44:38 INFO    Enriquecido y descartado: 75BRH (arriendo de $4.299.009 sobre el máximo negociable de $1.904.000)
00:44:42 INFO    Fichas leídas: 38 — 0 ganaron el año, 0 la dirección; 5 se descartaron al verlas (0 por viejos)
00:44:43 INFO    Listo: 0 avisados de 33 candidatos
