14:18:47 INFO    No se pudo traer la UF del día (ReadTimeout); se usa el respaldo
14:18:47 INFO    UF = $40.857.96 (caché de hace 1 día(s) — la API no respondió)
14:18:47 INFO    Barriendo TocToc (toctoc)…
14:18:47 INFO    Barriendo Chilepropiedades (chilepropiedades)…
14:18:47 INFO    Barriendo GoPlaceIt (goplaceit)…
14:18:47 INFO    Barriendo Yapo (yapo)…
14:18:47 DEBUG   [chilepropiedades] 11 avisos vía tarjetas
14:18:49 DEBUG   [yapo] 30 avisos vía tarjetas
14:18:49 DEBUG   [chilepropiedades] 11 avisos vía tarjetas
14:18:51 DEBUG   [yapo] 30 avisos vía tarjetas
14:18:51 DEBUG   [goplaceit] 30 avisos vía json-ld
14:18:51 DEBUG   [chilepropiedades] 11 avisos vía tarjetas
14:18:51 INFO      chilepropiedades: 33 avisos en 4s
14:18:51 INFO    Barriendo BuscoNido (busconido)…
14:18:53 DEBUG   [yapo] 30 avisos vía tarjetas
14:18:53 INFO      yapo: 90 avisos en 6s
14:18:53 INFO    Barriendo ComunaVitacura.cl (comunavitacura)…
14:18:53 INFO      busconido: 0 avisos en 2s
14:18:53 INFO    Barriendo BienesOnline (bienesonline)…
14:18:54 DEBUG   [bienesonline] 18 avisos vía tarjetas
14:18:54 INFO      bienesonline: 18 avisos en 1s
14:18:54 INFO    Barriendo Economicos (El Mercurio) (economicos)…
14:18:54 WARNING https://www.economicos.cl/search/propiedades/vitacura/arriendo/departamento/0 respondió 403
14:18:54 INFO    [economicos] https://www.economicos.cl/search/propiedades/vitacura/arriendo/departamento/0 rebotó al GET; se reintenta con navegador
14:18:56 INFO      comunavitacura: 0 avisos en 3s
14:18:56 INFO    Barriendo iCasas (icasas)…
14:18:57 DEBUG   [icasas] 15 avisos vía tarjetas
14:18:57 INFO      economicos: 0 avisos en 4s
14:18:57 INFO    Barriendo Doomos (doomos)…
14:18:59 DEBUG   [doomos] 33 avisos vía tarjetas
14:18:59 INFO      doomos: 33 avisos en 2s
14:18:59 INFO    Barriendo Top Propiedades (toppropiedades)…
14:18:59 DEBUG   [icasas] 15 avisos vía tarjetas
14:18:59 INFO      icasas: 30 avisos en 3s
14:18:59 INFO    Barriendo Trovit (trovit)…
14:19:01 DEBUG   [trovit] 30 avisos vía json-ld
14:19:02 DEBUG   [toctoc] 134 avisos vía estado-embebido
14:19:03 DEBUG   [trovit] 30 avisos vía json-ld
14:19:03 DEBUG   [toppropiedades] 1 avisos vía json-ld
14:19:05 DEBUG   [toppropiedades] 1 avisos vía json-ld
14:19:05 DEBUG   [trovit] 30 avisos vía json-ld
14:19:06 INFO      trovit: 90 avisos en 6s
14:19:06 INFO    Barriendo Nuroa (nuroa)…
14:19:06 DEBUG   Encoding detection: ascii is most likely the one.
14:19:07 DEBUG   [toppropiedades] 1 avisos vía json-ld
14:19:07 DEBUG   [nuroa] 25 avisos vía json-ld
14:19:09 DEBUG   [toppropiedades] 1 avisos vía json-ld
14:19:09 DEBUG   [toctoc] 134 avisos vía estado-embebido
14:19:10 DEBUG   [nuroa] 25 avisos vía json-ld
14:19:10 INFO      nuroa: 50 avisos en 4s
14:19:10 INFO    Barriendo Mitula (mitula)…
14:19:11 DEBUG   [toppropiedades] 1 avisos vía json-ld
14:19:11 DEBUG   [mitula] 30 avisos vía json-ld
14:19:13 DEBUG   [toppropiedades] 1 avisos vía json-ld
14:19:13 DEBUG   [mitula] 30 avisos vía json-ld
14:19:13 INFO      mitula: 60 avisos en 4s
14:19:13 INFO    Barriendo Nestoria (nestoria)…
14:19:14 DEBUG   [nestoria] 25 avisos vía json-ld
14:19:15 INFO      nestoria: 25 avisos en 1s
14:19:15 INFO    Barriendo Houm (houm)…
14:19:15 DEBUG   [toppropiedades] 1 avisos vía json-ld
14:19:17 DEBUG   [toppropiedades] 1 avisos vía json-ld
14:19:17 INFO      toppropiedades: 8 avisos en 18s
14:19:17 INFO    Barriendo Hey! Homes (heyhomes)…
14:19:20 DEBUG   [heyhomes] 9 avisos vía tarjetas
14:19:20 INFO      heyhomes: 9 avisos en 3s
14:19:20 INFO    Barriendo AssetPlan (assetplan)…
14:19:20 DEBUG   [toctoc] 134 avisos vía estado-embebido
14:19:22 DEBUG   La red no quedó en silencio en https://houm.com/cl/arriendo-departamentos-region-metropolitana/vitacura/3-dormitorios; se lee igual
14:19:23 DEBUG   [houm] 28 avisos vía json-ld
14:19:27 INFO      assetplan: 0 avisos en 7s
14:19:27 INFO    Barriendo Engel & Völkers (engelvoelkers)…
14:19:29 DEBUG   [toctoc] 53 avisos vía json-ld
14:19:33 DEBUG   [goplaceit] 30 avisos vía json-ld
14:19:34 DEBUG   La red no quedó en silencio en https://houm.com/cl/arriendo-departamento-región-metropolitana/las-condes/170742; se lee igual
14:19:34 DEBUG   [houm] 1 avisos vía estado-embebido
14:19:37 DEBUG   [engelvoelkers] 16 avisos vía tarjetas
14:19:37 INFO      engelvoelkers: 16 avisos en 10s
14:19:37 INFO    Barriendo RE/MAX Chile (remax)…
14:19:47 DEBUG   [toctoc] 106 avisos vía estado-embebido
14:19:49 DEBUG   La red no quedó en silencio en https://houm.com/cl/arriendo-departamento-región-metropolitana/las-condes/173143; se lee igual
14:19:49 DEBUG   [houm] 1 avisos vía estado-embebido
14:19:53 DEBUG   La red no quedó en silencio en https://www.remax.cl/es-cl/busqueda/metropolitana-de-santiago/santiago/vitacura/residencial-departamento/arriendo/; se lee igual
14:19:53 DEBUG   [remax] 6 avisos vía tarjetas
14:20:00 DEBUG   [toctoc] 106 avisos vía estado-embebido
14:20:00 INFO      toctoc: 667 avisos en 73s
14:20:00 INFO    Barriendo Fuenzalida Propiedades (fuenzalida)…
14:20:00 DEBUG   La red no quedó en silencio en https://houm.com/cl/arriendo-departamento-región-metropolitana/las-condes/173170; se lee igual
14:20:01 DEBUG   [houm] 1 avisos vía estado-embebido
14:20:03 DEBUG   [fuenzalida] 20 avisos vía tarjetas
14:20:06 DEBUG   La red no quedó en silencio en https://www.remax.cl/es-cl/busqueda/metropolitana-de-santiago/santiago/vitacura/residencial-departamento/arriendo/?page=2; se lee igual
14:20:07 DEBUG   [remax] 6 avisos vía tarjetas
14:20:07 INFO      remax: 12 avisos en 30s
14:20:07 INFO    Barriendo Century 21 Chile (century21)…
14:20:07 DEBUG   [fuenzalida] 20 avisos vía tarjetas
14:20:09 INFO      century21: 0 avisos en 2s
14:20:09 INFO    Barriendo Property Partners (propertypartners)…
14:20:09 DEBUG   [propertypartners] 1 avisos vía tarjetas
14:20:09 INFO      propertypartners: 1 avisos en 0s
14:20:09 INFO    Barriendo Acceso Inmobiliario (accesoinmobiliario)…
14:20:10 DEBUG   [fuenzalida] 20 avisos vía tarjetas
14:20:10 INFO      fuenzalida: 60 avisos en 10s
14:20:10 INFO    Barriendo Magnolia Property (magnoliaproperty)…
14:20:11 DEBUG   [magnoliaproperty] 6 avisos vía tarjetas
14:20:11 INFO      magnoliaproperty: 6 avisos en 1s
14:20:11 INFO    Barriendo Portilla Propiedades (portillapropiedades)…
14:20:12 DEBUG   [portillapropiedades] 2 avisos vía tarjetas
14:20:12 INFO      portillapropiedades: 2 avisos en 1s
14:20:12 INFO    Barriendo Nativo Propiedades (nativopropiedades)…
14:20:12 DEBUG   [accesoinmobiliario] 16 avisos vía tarjetas
14:20:13 DEBUG   La red no quedó en silencio en https://houm.com/cl/arriendo-departamento-región-metropolitana/las-condes/175757; se lee igual
14:20:13 DEBUG   [nativopropiedades] 7 avisos vía tarjetas
14:20:13 INFO      nativopropiedades: 7 avisos en 1s
14:20:13 INFO    Barriendo Zenta Group (zentagroup)…
14:20:13 DEBUG   [houm] 1 avisos vía estado-embebido
14:20:13 INFO      zentagroup: 0 avisos en 1s
14:20:13 INFO    Barriendo Enlace Inmobiliario (enlaceinmobiliario)…
14:20:14 WARNING https://www.enlaceinmobiliario.cl/ respondió 403
14:20:14 INFO    [enlaceinmobiliario] https://www.enlaceinmobiliario.cl/ rebotó al GET; se reintenta con navegador
14:20:15 DEBUG   [accesoinmobiliario] 1 avisos vía tarjetas
14:20:20 INFO      enlaceinmobiliario: 0 avisos en 6s
14:20:20 INFO    Barriendo Rentas.cl (rentas_cl)…
14:20:22 DEBUG   [rentas_cl] 1 avisos vía json-ld
14:20:22 INFO      rentas_cl: 1 avisos en 2s
14:20:22 INFO    Barriendo Arriendos.cl (arriendos_cl)…
14:20:22 DEBUG   La red no quedó en silencio en https://houm.com/cl/arriendo-departamento-región-metropolitana/ñuñoa/176912; se lee igual
14:20:22 DEBUG   [houm] 1 avisos vía estado-embebido
14:20:23 INFO      arriendos_cl: 0 avisos en 1s
14:20:23 INFO    Barriendo Propiedades.cl (propiedades_cl)…
14:20:23 DEBUG   [propiedades_cl] 6 avisos vía tarjetas
14:20:23 INFO      propiedades_cl: 6 avisos en 1s
14:20:23 INFO    Barriendo Clasificados.cl (clasificados_cl)…
14:20:24 DEBUG   [accesoinmobiliario] 1 avisos vía tarjetas
14:20:26 DEBUG   [clasificados_cl] 1 avisos vía tarjetas
14:20:26 INFO      clasificados_cl: 1 avisos en 2s
14:20:30 DEBUG   [goplaceit] 30 avisos vía json-ld
14:20:31 DEBUG   La red no quedó en silencio en https://houm.com/cl/arriendo-departamento-región-metropolitana/ñuñoa/174379; se lee igual
14:20:31 DEBUG   [houm] 1 avisos vía estado-embebido
14:20:32 DEBUG   [accesoinmobiliario] 1 avisos vía tarjetas
14:20:38 INFO      accesoinmobiliario: 19 avisos en 29s
14:20:39 DEBUG   La red no quedó en silencio en https://houm.com/cl/arriendo-departamento-región-metropolitana/providencia/175432; se lee igual
14:20:40 DEBUG   [houm] 1 avisos vía estado-embebido
14:20:47 DEBUG   La red no quedó en silencio en https://houm.com/cl/arriendo-departamento-región-metropolitana/recoleta/176958; se lee igual
14:20:47 DEBUG   [houm] 1 avisos vía estado-embebido
14:20:47 INFO      houm: 36 avisos en 93s
14:20:59 INFO      goplaceit: 90 avisos en 132s
14:20:59 INFO    Total crudo: 1370 avisos
14:20:59 INFO    Después de deduplicar: 472
14:20:59 INFO    Pasaron los filtros: 69
14:21:01 DEBUG   [yapo] 2 avisos vía json-ld
14:21:02 DEBUG   [chilepropiedades] 2 avisos vía json-ld
14:21:08 DEBUG   [toctoc] 1 avisos vía estado-embebido
14:21:11 DEBUG   Ficha de EKBQX sin candidato propio; no se fusiona
14:21:12 DEBUG   [mitula] 3 avisos vía tarjetas
14:21:19 DEBUG   La red no quedó en silencio en https://www.toctoc.com/propiedades/arriendoparticularsr/departamento/vitacura/departamento-avenida-juan-xxiii-6650/4305346; se lee igual
14:21:19 DEBUG   [toctoc] 1 avisos vía estado-embebido
14:21:23 DEBUG   [toctoc] 1 avisos vía estado-embebido
14:21:25 DEBUG   Ficha de EHCY9 sin candidato propio; no se fusiona
14:21:27 DEBUG   [doomos] 24 avisos vía tarjetas
14:21:27 DEBUG   Ficha de YVT22 sin candidato propio; no se fusiona
14:21:31 DEBUG   [toctoc] 1 avisos vía estado-embebido
14:21:32 DEBUG   [chilepropiedades] 2 avisos vía json-ld
14:21:37 DEBUG   [toctoc] 1 avisos vía estado-embebido
14:21:38 DEBUG   [yapo] 2 avisos vía tarjetas
14:21:38 DEBUG   Ficha de P3JCQ sin candidato propio; no se fusiona
14:21:38 DEBUG   [mitula] 3 avisos vía tarjetas
14:21:39 DEBUG   [chilepropiedades] 2 avisos vía json-ld
14:21:39 INFO    Enriquecido y descartado: HNZZD (90 m² totales, no llega a más de 100 m²)
14:21:43 DEBUG   [toctoc] 1 avisos vía estado-embebido
14:21:48 DEBUG   [toctoc] 1 avisos vía estado-embebido
14:21:53 DEBUG   [toctoc] 1 avisos vía estado-embebido
14:21:55 DEBUG   [doomos] 32 avisos vía tarjetas
14:21:55 DEBUG   Ficha de U44VT sin candidato propio; no se fusiona
14:21:57 DEBUG   [doomos] 33 avisos vía tarjetas
14:21:57 DEBUG   Ficha de KNAE9 sin candidato propio; no se fusiona
14:21:58 DEBUG   [mitula] 3 avisos vía tarjetas
14:22:04 DEBUG   [toctoc] 1 avisos vía estado-embebido
14:22:10 DEBUG   [toctoc] 1 avisos vía estado-embebido
14:22:16 DEBUG   [toctoc] 1 avisos vía estado-embebido
14:22:16 DEBUG   [yapo] 2 avisos vía json-ld
14:22:23 DEBUG   La red no quedó en silencio en https://www.toctoc.com/propiedades/arriendocorredorasr/departamento/vitacura/arriendo-4d--3b-gran-terraza-en-vitacura/5a37b5df7f9d79c4bd1ab716a6babbded3d95b42; se lee igual
14:22:23 DEBUG   [toctoc] 1 avisos vía estado-embebido
14:22:28 DEBUG   [toctoc] 1 avisos vía estado-embebido
14:22:33 DEBUG   [toctoc] 1 avisos vía estado-embebido
14:22:33 INFO    Enriquecido y descartado: KKGAM (arriendo de $2.000.000 sobre el máximo negociable de $1.904.000)
14:22:35 DEBUG   [doomos] 33 avisos vía tarjetas
14:22:35 DEBUG   Ficha de Q5K62 sin candidato propio; no se fusiona
14:22:45 DEBUG   [doomos] 24 avisos vía tarjetas
14:22:45 DEBUG   Ficha de 4PW2M sin candidato propio; no se fusiona
14:22:49 DEBUG   Ficha de DSKEC sin candidato propio; no se fusiona
14:22:51 DEBUG   [doomos] 33 avisos vía tarjetas
14:22:51 DEBUG   Ficha de ZWNAN sin candidato propio; no se fusiona
14:22:54 DEBUG   [toctoc] 1 avisos vía estado-embebido
14:23:01 DEBUG   [toctoc] 1 avisos vía estado-embebido
14:23:06 DEBUG   Ficha de 28KH8 sin candidato propio; no se fusiona
14:23:10 DEBUG   Ficha de 6XFU4 sin candidato propio; no se fusiona
14:23:13 DEBUG   Ficha de W8EMY sin candidato propio; no se fusiona
14:23:18 DEBUG   Ficha de GW6BY sin candidato propio; no se fusiona
14:23:22 DEBUG   Ficha de SKZWX sin candidato propio; no se fusiona
14:23:22 INFO    Fichas leídas: 45 — 0 ganaron el año, 0 la dirección, 2 se descartaron al verlas
14:23:23 DEBUG   Ficha de EHCY9 sin candidato propio; no se fusiona
14:23:28 DEBUG   [toctoc] 1 avisos vía estado-embebido
14:23:29 INFO    Listo: 2 avisados de 67 candidatos
