01:07:28 INFO    UF = $40.942.74 (API del día)
01:07:28 INFO    Barriendo TocToc (toctoc)…
01:07:28 INFO    Barriendo Chilepropiedades (chilepropiedades)…
01:07:28 INFO    Barriendo GoPlaceIt (goplaceit)…
01:07:28 INFO    Barriendo Yapo (yapo)…
01:07:28 DEBUG   [chilepropiedades] 10 avisos vía tarjetas
01:07:30 DEBUG   [chilepropiedades] 10 avisos vía tarjetas
01:07:32 DEBUG   [chilepropiedades] 10 avisos vía tarjetas
01:07:32 INFO      chilepropiedades: 30 avisos en 5s
01:07:32 INFO    Barriendo BuscoNido (busconido)…
01:07:33 DEBUG   [goplaceit] 30 avisos vía json-ld
01:07:33 INFO      yapo: 0 avisos en 5s
01:07:33 INFO    Barriendo BienesOnline (bienesonline)…
01:07:33 DEBUG   [busconido] 23 avisos vía tarjetas
01:07:33 INFO      busconido: 23 avisos en 1s
01:07:33 INFO    Barriendo Economicos (El Mercurio) (economicos)…
01:07:33 WARNING https://www.economicos.cl/search/propiedades/vitacura/arriendo/departamento/0 respondió 403
01:07:33 INFO    [economicos] https://www.economicos.cl/search/propiedades/vitacura/arriendo/departamento/0 rebotó al GET; se reintenta con navegador
01:07:34 DEBUG   [bienesonline] 17 avisos vía tarjetas
01:07:34 INFO      bienesonline: 17 avisos en 1s
01:07:34 INFO    Barriendo iCasas (icasas)…
01:07:35 DEBUG   [icasas] 15 avisos vía tarjetas
01:07:36 DEBUG   La red no quedó en silencio en https://www.toctoc.com/arriendo/departamento/metropolitana/vitacura/3-dormitorios; se lee igual
01:07:37 DEBUG   [icasas] 15 avisos vía tarjetas
01:07:37 INFO      icasas: 30 avisos en 3s
01:07:37 INFO    Barriendo Doomos (doomos)…
01:07:37 DEBUG   [toctoc] 67 avisos vía json-ld
01:07:38 INFO      economicos: 0 avisos en 5s
01:07:38 INFO    Barriendo Top Propiedades (toppropiedades)…
01:07:38 DEBUG   [doomos] 31 avisos vía tarjetas
01:07:39 INFO      doomos: 31 avisos en 2s
01:07:39 INFO    Barriendo Nuroa (nuroa)…
01:07:39 DEBUG   Encoding detection: ascii is most likely the one.
01:07:40 DEBUG   [nuroa] 25 avisos vía json-ld
01:07:42 DEBUG   [toppropiedades] 1 avisos vía json-ld
01:07:42 DEBUG   [nuroa] 25 avisos vía json-ld
01:07:44 DEBUG   [toppropiedades] 1 avisos vía json-ld
01:07:44 DEBUG   [nuroa] 25 avisos vía json-ld
01:07:45 DEBUG   [toctoc] 20 avisos vía json-ld
01:07:46 DEBUG   [toppropiedades] 1 avisos vía json-ld
01:07:46 DEBUG   [nuroa] 25 avisos vía json-ld
01:07:47 INFO      nuroa: 100 avisos en 8s
01:07:47 INFO    Barriendo Mitula (mitula)…
01:07:48 DEBUG   [toppropiedades] 1 avisos vía json-ld
01:07:49 DEBUG   [mitula] 30 avisos vía json-ld
01:07:50 DEBUG   [toppropiedades] 1 avisos vía json-ld
01:07:51 DEBUG   [mitula] 30 avisos vía json-ld
01:07:51 INFO      mitula: 60 avisos en 4s
01:07:51 INFO    Barriendo Houm (houm)…
01:07:51 DEBUG   La red no quedó en silencio en https://www.toctoc.com/arriendo/departamento/metropolitana/vitacura/3-dormitorios?pagina=3; se lee igual
01:07:52 DEBUG   [toppropiedades] 1 avisos vía json-ld
01:07:52 DEBUG   [toctoc] 20 avisos vía json-ld
01:07:54 DEBUG   [toppropiedades] 1 avisos vía json-ld
01:07:56 DEBUG   [toppropiedades] 1 avisos vía json-ld
01:07:56 INFO      toppropiedades: 8 avisos en 18s
01:07:56 INFO    Barriendo Hey! Homes (heyhomes)…
01:07:56 DEBUG   [houm] 28 avisos vía json-ld
01:07:59 DEBUG   [heyhomes] 9 avisos vía tarjetas
01:07:59 INFO      heyhomes: 9 avisos en 3s
01:07:59 INFO    Barriendo Engel & Völkers (engelvoelkers)…
01:08:01 DEBUG   La red no quedó en silencio en https://www.toctoc.com/arriendo/departamento/metropolitana/vitacura/4-dormitorios; se lee igual
01:08:02 DEBUG   [toctoc] 20 avisos vía json-ld
01:08:06 DEBUG   [engelvoelkers] 16 avisos vía tarjetas
01:08:06 INFO      engelvoelkers: 16 avisos en 7s
01:08:06 INFO    Barriendo RE/MAX Chile (remax)…
01:08:08 DEBUG   La red no quedó en silencio en https://houm.com/cl/arriendo-departamento-región-metropolitana/las-condes/170742; se lee igual
01:08:08 DEBUG   [houm] 1 avisos vía estado-embebido
01:08:08 DEBUG   [goplaceit] 30 avisos vía json-ld
01:08:11 INFO      remax: 0 avisos en 6s
01:08:11 INFO    Barriendo Fuenzalida Propiedades (fuenzalida)…
01:08:14 DEBUG   [fuenzalida] 16 avisos vía tarjetas
01:08:15 DEBUG   La red no quedó en silencio en https://www.toctoc.com/arriendo/departamento/metropolitana/vitacura/4-dormitorios?pagina=2; se lee igual
01:08:15 DEBUG   [toctoc] 36 avisos vía json-ld
01:08:17 DEBUG   [fuenzalida] 20 avisos vía tarjetas
01:08:19 DEBUG   La red no quedó en silencio en https://houm.com/cl/arriendo-departamento-región-metropolitana/las-condes/175757; se lee igual
01:08:19 DEBUG   [houm] 1 avisos vía estado-embebido
01:08:20 DEBUG   [fuenzalida] 20 avisos vía tarjetas
01:08:20 INFO      fuenzalida: 56 avisos en 8s
01:08:20 INFO    Barriendo Century 21 Chile (century21)…
01:08:21 INFO      century21: 0 avisos en 2s
01:08:21 INFO    Barriendo Property Partners (propertypartners)…
01:08:22 DEBUG   [propertypartners] 1 avisos vía tarjetas
01:08:22 INFO      propertypartners: 1 avisos en 0s
01:08:22 INFO    Barriendo Acceso Inmobiliario (accesoinmobiliario)…
01:08:25 DEBUG   La red no quedó en silencio en https://www.toctoc.com/arriendo/departamento/metropolitana/vitacura/4-dormitorios?pagina=3; se lee igual
01:08:26 DEBUG   [toctoc] 20 avisos vía json-ld
01:08:26 INFO      toctoc: 183 avisos en 58s
01:08:26 INFO    Barriendo Magnolia Property (magnoliaproperty)…
01:08:27 DEBUG   [magnoliaproperty] 6 avisos vía tarjetas
01:08:27 INFO      magnoliaproperty: 6 avisos en 1s
01:08:27 INFO    Barriendo Portilla Propiedades (portillapropiedades)…
01:08:28 DEBUG   [portillapropiedades] 2 avisos vía tarjetas
01:08:28 INFO      portillapropiedades: 2 avisos en 1s
01:08:28 INFO    Barriendo Nativo Propiedades (nativopropiedades)…
01:08:28 DEBUG   [accesoinmobiliario] 16 avisos vía tarjetas
01:08:29 DEBUG   [nativopropiedades] 10 avisos vía tarjetas
01:08:29 INFO      nativopropiedades: 10 avisos en 1s
01:08:29 INFO    Barriendo Enlace Inmobiliario (enlaceinmobiliario)…
01:08:29 WARNING https://www.enlaceinmobiliario.cl/ respondió 403
01:08:29 INFO    [enlaceinmobiliario] https://www.enlaceinmobiliario.cl/ rebotó al GET; se reintenta con navegador
01:08:31 DEBUG   La red no quedó en silencio en https://houm.com/cl/arriendo-departamento-región-metropolitana/lo-barnechea/74201; se lee igual
01:08:31 DEBUG   [houm] 1 avisos vía estado-embebido
01:08:37 DEBUG   [accesoinmobiliario] 1 avisos vía tarjetas
01:08:39 DEBUG   La red no quedó en silencio en https://www.enlaceinmobiliario.cl/; se lee igual
01:08:39 INFO      enlaceinmobiliario: 0 avisos en 10s
01:08:39 INFO    Barriendo Rentas.cl (rentas_cl)…
01:08:41 DEBUG   [rentas_cl] 1 avisos vía json-ld
01:08:41 INFO      rentas_cl: 1 avisos en 2s
01:08:41 INFO    Barriendo Arriendos.cl (arriendos_cl)…
01:08:42 INFO      arriendos_cl: 0 avisos en 1s
01:08:42 INFO    Barriendo Propiedades.cl (propiedades_cl)…
01:08:43 DEBUG   [propiedades_cl] 6 avisos vía tarjetas
01:08:43 INFO      propiedades_cl: 6 avisos en 1s
01:08:43 INFO    Barriendo Clasificados.cl (clasificados_cl)…
01:08:44 DEBUG   La red no quedó en silencio en https://houm.com/cl/arriendo-departamento-región-metropolitana/providencia/175947; se lee igual
01:08:44 DEBUG   [houm] 1 avisos vía estado-embebido
01:08:45 DEBUG   [accesoinmobiliario] 1 avisos vía tarjetas
01:08:46 DEBUG   [clasificados_cl] 1 avisos vía tarjetas
01:08:46 INFO      clasificados_cl: 1 avisos en 3s
01:08:52 DEBUG   La red no quedó en silencio en https://houm.com/cl/arriendo-departamento-región-metropolitana/ñuñoa/174379; se lee igual
01:08:52 DEBUG   [houm] 1 avisos vía estado-embebido
01:08:57 DEBUG   [goplaceit] 30 avisos vía json-ld
01:09:01 DEBUG   La red no quedó en silencio en https://houm.com/cl/arriendo-departamento-región-metropolitana/recoleta/179872; se lee igual
01:09:01 DEBUG   [houm] 1 avisos vía estado-embebido
01:09:05 DEBUG   [accesoinmobiliario] 1 avisos vía tarjetas
01:09:05 INFO      accesoinmobiliario: 19 avisos en 43s
01:09:11 DEBUG   La red no quedó en silencio en https://houm.com/cl/arriendo-departamento-región-metropolitana/recoleta/178185; se lee igual
01:09:11 DEBUG   [houm] 1 avisos vía estado-embebido
01:09:18 DEBUG   La red no quedó en silencio en https://houm.com/cl/arriendo-departamento-región-metropolitana/las-condes/177842; se lee igual
01:09:18 DEBUG   [houm] 1 avisos vía estado-embebido
01:09:18 INFO      houm: 36 avisos en 87s
01:09:25 INFO      goplaceit: 90 avisos en 117s
01:09:25 INFO    Total crudo: 735 avisos
01:09:25 INFO    Después de deduplicar: 444
01:09:26 INFO    Pasaron los filtros: 90
01:10:00 DEBUG   [doomos] 18 avisos vía tarjetas
01:10:00 DEBUG   Ficha de YVT22 sin candidato propio; no se fusiona
01:10:01 DEBUG   Ficha de HW5MX sin candidato propio; no se fusiona
01:10:03 DEBUG   [doomos] 27 avisos vía tarjetas
01:10:03 DEBUG   Ficha de U44VT sin candidato propio; no se fusiona
01:10:06 DEBUG   [doomos] 27 avisos vía tarjetas
01:10:06 DEBUG   Ficha de KNAE9 sin candidato propio; no se fusiona
01:10:07 DEBUG   [doomos] 27 avisos vía tarjetas
01:10:07 DEBUG   Ficha de PR3QK sin candidato propio; no se fusiona
01:10:09 DEBUG   [doomos] 27 avisos vía tarjetas
01:10:09 DEBUG   Ficha de 2HWEW sin candidato propio; no se fusiona
01:10:11 DEBUG   [doomos] 27 avisos vía tarjetas
01:10:11 DEBUG   Ficha de ZWNAN sin candidato propio; no se fusiona
01:10:17 DEBUG   La red no quedó en silencio en https://www.toctoc.com/arriendo/departamento/metropolitana/vitacura/b_e0876e06df83f013285b37b47164dabf7438717b; se lee igual
01:10:17 DEBUG   Pin del mapa para HENSJ: -33.36337, -70.54865
01:10:17 DEBUG   [toctoc] 1 avisos vía estado-embebido
01:10:17 INFO    Enriquecido y descartado: HENSJ (arriendo de $6.550.838 sobre el máximo negociable de $1.904.000)
01:10:22 DEBUG   Pin del mapa para XKNVZ: -33.40640, -70.59617
01:10:22 DEBUG   [toctoc] 1 avisos vía estado-embebido
01:10:22 INFO    Enriquecido y descartado: AUD4Y (100 m² totales, no llega a más de 100 m²)
01:10:27 DEBUG   Pin del mapa para 926YZ: -33.40410, -70.59081
01:10:27 DEBUG   [toctoc] 1 avisos vía estado-embebido
01:10:27 INFO    Enriquecido y descartado: P9HA4 (arriendo de $2.579.393 sobre el máximo negociable de $1.904.000)
01:10:32 DEBUG   Pin del mapa para MG5U6: -33.39860, -70.59193
01:10:32 DEBUG   [toctoc] 1 avisos vía estado-embebido
01:10:32 INFO    Enriquecido y descartado: 5ESQB (arriendo de $4.503.701 sobre el máximo negociable de $1.904.000)
01:10:33 DEBUG   [doomos] 27 avisos vía tarjetas
01:10:33 DEBUG   Ficha de FDXSM sin candidato propio; no se fusiona
01:10:34 DEBUG   [busconido] 10 avisos vía tarjetas
01:10:34 DEBUG   Ficha de WH9QR sin candidato propio; no se fusiona
01:10:36 DEBUG   [busconido] 10 avisos vía tarjetas
01:10:36 DEBUG   Ficha de TKTCZ sin candidato propio; no se fusiona
01:10:38 DEBUG   [busconido] 10 avisos vía tarjetas
01:10:38 DEBUG   Ficha de 225XZ sin candidato propio; no se fusiona
01:10:38 DEBUG   [doomos] 27 avisos vía tarjetas
01:10:38 DEBUG   Ficha de FQ6XQ sin candidato propio; no se fusiona
01:10:39 DEBUG   [busconido] 10 avisos vía tarjetas
01:10:39 DEBUG   Ficha de APHTA sin candidato propio; no se fusiona
01:10:41 DEBUG   [busconido] 10 avisos vía tarjetas
01:10:41 DEBUG   Ficha de ZKWUC sin candidato propio; no se fusiona
01:10:44 DEBUG   [busconido] 10 avisos vía tarjetas
01:10:44 DEBUG   Ficha de 4B2WW sin candidato propio; no se fusiona
01:10:46 DEBUG   [busconido] 10 avisos vía tarjetas
01:10:46 DEBUG   Ficha de X4AHM sin candidato propio; no se fusiona
01:10:50 DEBUG   [toctoc] 1 avisos vía estado-embebido
01:10:50 INFO    Enriquecido y descartado: HR46R (arriendo de $2.579.393 sobre el máximo negociable de $1.904.000)
01:10:55 INFO    Enriquecido y descartado: YAVJA (arriendo de $3.517.371 sobre el máximo negociable de $1.904.000)
01:11:01 DEBUG   Pin del mapa para RR676: -33.40632, -70.59601
01:11:01 DEBUG   [toctoc] 1 avisos vía estado-embebido
01:11:01 INFO    Enriquecido y descartado: KRW5G (33 años (construido en 1993), sobre el máximo de 30)
01:11:07 DEBUG   Pin del mapa para E4WAD: -33.39546, -70.59965
01:11:07 DEBUG   [toctoc] 1 avisos vía estado-embebido
01:11:07 INFO    Enriquecido y descartado: TVY5S (arriendo de $3.480.133 sobre el máximo negociable de $1.904.000)
01:11:12 DEBUG   Pin del mapa para 6JZTZ: -33.40602, -70.59617
01:11:12 DEBUG   [toctoc] 1 avisos vía estado-embebido
01:11:12 INFO    Enriquecido y descartado: T3P3G (arriendo de $3.600.000 sobre el máximo negociable de $1.904.000)
01:11:17 DEBUG   Pin del mapa para TWM7T: -33.36858, -70.54374
01:11:17 DEBUG   [toctoc] 1 avisos vía estado-embebido
01:11:17 INFO    Enriquecido y descartado: VM5YC (arriendo de $3.889.560 sobre el máximo negociable de $1.904.000)
01:11:21 DEBUG   Pin del mapa para WH6RU: -33.40143, -70.58206
01:11:21 DEBUG   [toctoc] 1 avisos vía estado-embebido
01:11:21 INFO    Enriquecido y descartado: NBFJR (arriendo de $2.865.992 sobre el máximo negociable de $1.904.000)
01:11:27 DEBUG   Pin del mapa para CSV7D: -33.40591, -70.59624
01:11:27 DEBUG   [toctoc] 1 avisos vía estado-embebido
01:11:27 INFO    Enriquecido y descartado: CHMX5 (arriendo de $2.500.000 sobre el máximo negociable de $1.904.000)
01:11:33 DEBUG   Pin del mapa para QJRRW: -33.39747, -70.57429
01:11:33 DEBUG   [toctoc] 1 avisos vía estado-embebido
01:11:33 INFO    Enriquecido y descartado: 2E849 (arriendo de $3.070.706 sobre el máximo negociable de $1.904.000)
01:11:38 DEBUG   [toctoc] 1 avisos vía estado-embebido
01:11:38 INFO    Enriquecido y descartado: QVSRP (arriendo de $2.538.450 sobre el máximo negociable de $1.904.000)
01:11:42 DEBUG   Pin del mapa para EAZDB: -33.40383, -70.59820
01:11:42 DEBUG   [toctoc] 1 avisos vía estado-embebido
01:11:42 INFO    Enriquecido y descartado: 358CJ (arriendo de $4.708.415 sobre el máximo negociable de $1.904.000)
01:11:47 DEBUG   Pin del mapa para M5RJ8: -33.39740, -70.57464
01:11:47 DEBUG   [toctoc] 1 avisos vía estado-embebido
01:11:47 INFO    Enriquecido y descartado: 6YDNS (arriendo de $3.070.706 sobre el máximo negociable de $1.904.000)
01:11:53 DEBUG   Pin del mapa para QZFXR: -33.37772, -70.57347
01:11:53 DEBUG   [toctoc] 1 avisos vía estado-embebido
01:11:53 INFO    Enriquecido y descartado: 379VW (arriendo de $2.743.164 sobre el máximo negociable de $1.904.000)
01:11:59 DEBUG   La red no quedó en silencio en https://www.toctoc.com/arriendo/departamento/metropolitana/vitacura/b_8c63b0065980e2d2f22534aeffd985e69487e17a; se lee igual
01:11:59 DEBUG   Pin del mapa para 4VJEF: -33.37100, -70.54310
01:11:59 DEBUG   [toctoc] 1 avisos vía estado-embebido
01:11:59 INFO    Enriquecido y descartado: EVN6W (arriendo de $4.012.389 sobre el máximo negociable de $1.904.000)
01:12:05 DEBUG   Pin del mapa para MVQQV: -33.40571, -70.59718
01:12:05 DEBUG   [toctoc] 1 avisos vía estado-embebido
01:12:05 INFO    Enriquecido y descartado: DZCSP (arriendo de $3.275.419 sobre el máximo negociable de $1.904.000)
01:12:10 DEBUG   Pin del mapa para HQU2S: -33.40597, -70.59658
01:12:10 DEBUG   [toctoc] 1 avisos vía estado-embebido
01:12:10 INFO    Enriquecido y descartado: JJ52S (arriendo de $3.275.419 sobre el máximo negociable de $1.904.000)
01:12:16 DEBUG   Pin del mapa para MMTCX: -33.39463, -70.59722
01:12:16 DEBUG   [toctoc] 1 avisos vía estado-embebido
01:12:16 INFO    Enriquecido y descartado: DUR7W (48 años (construido en 1978), sobre el máximo de 30)
01:12:21 DEBUG   Pin del mapa para SNVMM: -33.40320, -70.59258
01:12:21 DEBUG   [toctoc] 1 avisos vía estado-embebido
01:12:21 INFO    Enriquecido y descartado: W3RD8 (arriendo de $3.070.706 sobre el máximo negociable de $1.904.000)
01:12:25 DEBUG   Pin del mapa para ERRDS: -33.40255, -70.59464
01:12:25 DEBUG   [toctoc] 1 avisos vía estado-embebido
01:12:25 INFO    Enriquecido y descartado: TT59B (arriendo de $5.076.900 sobre el máximo negociable de $1.904.000)
01:12:29 INFO    Enriquecido y descartado: CC2AY (arriendo de $2.032.258 sobre el máximo negociable de $1.904.000)
01:12:35 DEBUG   La red no quedó en silencio en https://www.toctoc.com/arriendo/departamento/metropolitana/vitacura/b_e56d23cc34db8a98ce1400e8af2f9e5bf01356ff; se lee igual
01:12:36 DEBUG   [toctoc] 1 avisos vía estado-embebido
01:12:36 INFO    Enriquecido y descartado: 4PNXC (arriendo de $3.070.706 sobre el máximo negociable de $1.904.000)
01:12:40 DEBUG   Pin del mapa para X3YFD: -33.40596, -70.59695
01:12:40 DEBUG   [toctoc] 1 avisos vía estado-embebido
01:12:40 INFO    Enriquecido y descartado: B5SVA (arriendo de $3.275.419 sobre el máximo negociable de $1.904.000)
01:12:46 DEBUG   [toctoc] 1 avisos vía estado-embebido
01:12:46 INFO    Enriquecido y descartado: 4PNXC (arriendo de $2.169.965 sobre el máximo negociable de $1.904.000)
01:12:50 DEBUG   [toctoc] 1 avisos vía estado-embebido
01:12:50 INFO    Enriquecido y descartado: QTDYS (arriendo de $3.275.419 sobre el máximo negociable de $1.904.000)
01:12:55 DEBUG   [toctoc] 1 avisos vía estado-embebido
01:12:55 INFO    Enriquecido y descartado: B2N6Q (arriendo de $3.275.419 sobre el máximo negociable de $1.904.000)
01:13:00 DEBUG   [toctoc] 1 avisos vía estado-embebido
01:13:00 INFO    Enriquecido y descartado: DNSPN (arriendo de $3.070.706 sobre el máximo negociable de $1.904.000)
01:13:04 DEBUG   [doomos] 18 avisos vía tarjetas
01:13:04 DEBUG   Ficha de J5JN4 sin candidato propio; no se fusiona
01:13:04 DEBUG   [mitula] 3 avisos vía tarjetas
01:13:13 DEBUG   [doomos] 27 avisos vía tarjetas
01:13:13 DEBUG   Ficha de P8XMT sin candidato propio; no se fusiona
01:13:22 DEBUG   [toctoc] 1 avisos vía estado-embebido
01:13:26 DEBUG   [toctoc] 1 avisos vía estado-embebido
01:13:31 DEBUG   [toctoc] 1 avisos vía estado-embebido
01:13:35 DEBUG   [toctoc] 1 avisos vía estado-embebido
01:13:41 DEBUG   [toctoc] 1 avisos vía estado-embebido
01:13:41 INFO    Enriquecido y descartado: WPEBD (arriendo de $2.047.137 sobre el máximo negociable de $1.904.000)
01:13:45 INFO    Enriquecido y descartado: 75BRH (arriendo de $2.931.142 sobre el máximo negociable de $1.904.000)
01:13:50 DEBUG   [toctoc] 1 avisos vía estado-embebido
01:13:50 INFO    Enriquecido y descartado: MM5R4 (arriendo de $3.684.847 sobre el máximo negociable de $1.904.000)
01:13:55 DEBUG   [toctoc] 1 avisos vía estado-embebido
01:13:55 INFO    Enriquecido y descartado: JX2H8 (arriendo de $3.684.847 sobre el máximo negociable de $1.904.000)
01:14:18 INFO    Enriquecido y descartado: 75BRH (arriendo de $2.149.504 sobre el máximo negociable de $1.904.000)
01:14:23 DEBUG   [toctoc] 1 avisos vía estado-embebido
01:14:26 INFO    Enriquecido y descartado: 75BRH (arriendo de $1.954.095 sobre el máximo negociable de $1.904.000)
01:14:36 DEBUG   [toctoc] 1 avisos vía estado-embebido
01:14:37 INFO    Enriquecido y descartado: 6KA2M (arriendo de $3.070.706 sobre el máximo negociable de $1.904.000)
01:14:50 DEBUG   [toctoc] 1 avisos vía estado-embebido
01:14:55 DEBUG   [toctoc] 1 avisos vía estado-embebido
01:14:55 INFO    Enriquecido y descartado: 4V73Z (arriendo de $4.708.415 sobre el máximo negociable de $1.904.000)
01:14:59 DEBUG   [toctoc] 1 avisos vía estado-embebido
01:14:59 INFO    Enriquecido y descartado: 8YSPF (arriendo de $4.500.000 sobre el máximo negociable de $1.904.000)
01:15:09 DEBUG   [toctoc] 1 avisos vía estado-embebido
01:15:09 INFO    Enriquecido y descartado: KWC9W (arriendo de $3.082.000 sobre el máximo negociable de $1.904.000)
01:15:09 WARNING robots.txt no permite https://www.nuroa.cl/adform/10342-912-e7f8-1a0a016-97e0-4460cb69457-7a3c?click_type=0&pos=8&searchType=1&page=1&section=1&t_sec=1&sectionType=1&pageViewId=2852fe48-06fc-4e8d-9ccf-4c3536b5740e&t_pvid=2852fe48-06fc-4e8d-9ccf-4c3536b5740e&userAgent=Mozilla%2F5.0+%28compatible%3B+radar-arriendos%2F1.0%3B+uso+personal%2C+busqueda+de+arriendo%3B+%2Bhttps%3A%2F%2Fgithub.com%2Falfonsoandona%2Farriendos-vitacura%29&browser=1&isHuman=true&userIp=20.161.69.34&what=vitacura+departamento&search_terms=vitacura+departamento&origin=1&t_or=1&splitTestId=0 — se omite
01:15:14 DEBUG   [toctoc] 1 avisos vía estado-embebido
01:15:19 DEBUG   [toctoc] 1 avisos vía estado-embebido
01:15:25 DEBUG   [toctoc] 1 avisos vía estado-embebido
01:15:25 INFO    Enriquecido y descartado: Z4JHZ (arriendo de $5.076.900 sobre el máximo negociable de $1.904.000)
01:15:31 DEBUG   [toctoc] 1 avisos vía estado-embebido
01:15:37 DEBUG   [toctoc] 1 avisos vía estado-embebido
01:15:40 DEBUG   [toctoc] 1 avisos vía tarjetas
01:15:46 DEBUG   [toctoc] 1 avisos vía estado-embebido
01:15:51 INFO    Enriquecido y descartado: 75BRH (arriendo de $4.299.009 sobre el máximo negociable de $1.904.000)
01:15:59 DEBUG   [toctoc] 1 avisos vía estado-embebido
01:16:05 DEBUG   [toctoc] 1 avisos vía estado-embebido
01:16:05 INFO    Fichas leídas: 90 — 8 ganaron el año, 20 la dirección; 42 se descartaron al verlas (2 por viejos)
01:16:07 INFO    Listo: 0 avisados de 48 candidatos
