23:22:29 INFO    UF = $40.861.91 (API del día)
23:22:29 INFO    Barriendo TocToc (toctoc)…
23:22:29 INFO    Barriendo Chilepropiedades (chilepropiedades)…
23:22:29 INFO    Barriendo GoPlaceIt (goplaceit)…
23:22:29 INFO    Barriendo Yapo (yapo)…
23:22:29 DEBUG   [chilepropiedades] 10 avisos vía tarjetas
23:22:31 DEBUG   [yapo] 30 avisos vía tarjetas
23:22:31 DEBUG   [chilepropiedades] 10 avisos vía tarjetas
23:22:33 DEBUG   [yapo] 30 avisos vía tarjetas
23:22:33 DEBUG   [chilepropiedades] 10 avisos vía tarjetas
23:22:33 INFO      chilepropiedades: 30 avisos en 5s
23:22:33 INFO    Barriendo BuscoNido (busconido)…
23:22:34 DEBUG   [goplaceit] 30 avisos vía json-ld
23:22:34 DEBUG   [busconido] 23 avisos vía tarjetas
23:22:34 INFO      busconido: 23 avisos en 1s
23:22:34 INFO    Barriendo BienesOnline (bienesonline)…
23:22:35 DEBUG   [bienesonline] 15 avisos vía tarjetas
23:22:35 INFO      bienesonline: 15 avisos en 1s
23:22:35 INFO    Barriendo Economicos (El Mercurio) (economicos)…
23:22:35 WARNING https://www.economicos.cl/search/propiedades/vitacura/arriendo/departamento/0 respondió 403
23:22:35 INFO    [economicos] https://www.economicos.cl/search/propiedades/vitacura/arriendo/departamento/0 rebotó al GET; se reintenta con navegador
23:22:37 DEBUG   [yapo] 30 avisos vía tarjetas
23:22:37 INFO      yapo: 90 avisos en 8s
23:22:37 INFO    Barriendo iCasas (icasas)…
23:22:38 DEBUG   [icasas] 15 avisos vía tarjetas
23:22:40 INFO      economicos: 0 avisos en 5s
23:22:40 INFO    Barriendo Doomos (doomos)…
23:22:40 DEBUG   [toctoc] 148 avisos vía estado-embebido
23:22:40 DEBUG   [icasas] 15 avisos vía tarjetas
23:22:40 INFO      icasas: 30 avisos en 3s
23:22:40 INFO    Barriendo Top Propiedades (toppropiedades)…
23:22:40 WARNING https://www.doomos.cl/departamentos-vitacura-arriendo respondió 403
23:22:40 INFO    [doomos] https://www.doomos.cl/departamentos-vitacura-arriendo rebotó al GET; se reintenta con navegador
23:22:42 INFO      doomos: 0 avisos en 1s
23:22:42 INFO    Barriendo Nuroa (nuroa)…
23:22:42 DEBUG   Encoding detection: ascii is most likely the one.
23:22:43 DEBUG   [nuroa] 25 avisos vía json-ld
23:22:44 DEBUG   [toppropiedades] 1 avisos vía json-ld
23:22:45 DEBUG   [nuroa] 25 avisos vía json-ld
23:22:46 DEBUG   [toppropiedades] 1 avisos vía json-ld
23:22:47 DEBUG   [nuroa] 25 avisos vía json-ld
23:22:48 DEBUG   [toppropiedades] 1 avisos vía json-ld
23:22:49 DEBUG   [nuroa] 25 avisos vía json-ld
23:22:49 INFO      nuroa: 100 avisos en 8s
23:22:49 INFO    Barriendo Mitula (mitula)…
23:22:50 DEBUG   [toppropiedades] 1 avisos vía json-ld
23:22:51 DEBUG   [mitula] 30 avisos vía json-ld
23:22:52 DEBUG   [toppropiedades] 1 avisos vía json-ld
23:22:53 DEBUG   [mitula] 30 avisos vía json-ld
23:22:53 INFO      mitula: 60 avisos en 4s
23:22:53 INFO    Barriendo Houm (houm)…
23:22:54 DEBUG   [toppropiedades] 1 avisos vía json-ld
23:22:56 DEBUG   [toppropiedades] 1 avisos vía json-ld
23:22:58 DEBUG   [toppropiedades] 1 avisos vía json-ld
23:22:58 INFO      toppropiedades: 8 avisos en 18s
23:22:58 INFO    Barriendo Hey! Homes (heyhomes)…
23:23:01 DEBUG   [heyhomes] 9 avisos vía tarjetas
23:23:01 INFO      heyhomes: 9 avisos en 3s
23:23:01 INFO    Barriendo AssetPlan (assetplan)…
23:23:03 DEBUG   La red no quedó en silencio en https://houm.com/cl/arriendo-departamentos-region-metropolitana/vitacura/3-dormitorios; se lee igual
23:23:03 DEBUG   [houm] 28 avisos vía json-ld
23:23:10 DEBUG   [toctoc] 148 avisos vía estado-embebido
23:23:16 DEBUG   La red no quedó en silencio en https://houm.com/cl/arriendo-departamento-región-metropolitana/las-condes/170742; se lee igual
23:23:16 DEBUG   [houm] 1 avisos vía estado-embebido
23:23:18 INFO      assetplan: 0 avisos en 17s
23:23:18 INFO    Barriendo Engel & Völkers (engelvoelkers)…
23:23:20 DEBUG   [goplaceit] 30 avisos vía json-ld
23:23:28 DEBUG   [toctoc] 148 avisos vía estado-embebido
23:23:28 DEBUG   La red no quedó en silencio en https://houm.com/cl/arriendo-departamento-región-metropolitana/las-condes/175757; se lee igual
23:23:28 DEBUG   [houm] 1 avisos vía estado-embebido
23:23:30 DEBUG   [engelvoelkers] 17 avisos vía tarjetas
23:23:30 INFO      engelvoelkers: 17 avisos en 12s
23:23:30 INFO    Barriendo RE/MAX Chile (remax)…
23:23:38 DEBUG   [toctoc] 106 avisos vía estado-embebido
23:23:40 DEBUG   La red no quedó en silencio en https://houm.com/cl/arriendo-departamento-región-metropolitana/ñuñoa/176912; se lee igual
23:23:41 DEBUG   [houm] 1 avisos vía estado-embebido
23:23:44 DEBUG   La red no quedó en silencio en https://www.remax.cl/es-cl/busqueda/metropolitana-de-santiago/santiago/vitacura/residencial-departamento/arriendo/; se lee igual
23:23:44 DEBUG   [remax] 6 avisos vía tarjetas
23:23:52 DEBUG   La red no quedó en silencio en https://houm.com/cl/arriendo-departamento-región-metropolitana/ñuñoa/174379; se lee igual
23:23:52 DEBUG   [toctoc] 106 avisos vía estado-embebido
23:23:52 DEBUG   [houm] 1 avisos vía estado-embebido
23:23:58 DEBUG   La red no quedó en silencio en https://www.remax.cl/es-cl/busqueda/metropolitana-de-santiago/santiago/vitacura/residencial-departamento/arriendo/?page=2; se lee igual
23:23:58 DEBUG   [remax] 6 avisos vía tarjetas
23:23:58 INFO      remax: 12 avisos en 28s
23:23:58 INFO    Barriendo Fuenzalida Propiedades (fuenzalida)…
23:24:01 DEBUG   [fuenzalida] 12 avisos vía tarjetas
23:24:04 DEBUG   La red no quedó en silencio en https://houm.com/cl/arriendo-departamento-región-metropolitana/recoleta/176958; se lee igual
23:24:05 DEBUG   [toctoc] 106 avisos vía estado-embebido
23:24:05 DEBUG   [houm] 1 avisos vía estado-embebido
23:24:05 INFO      toctoc: 762 avisos en 96s
23:24:05 INFO    Barriendo Century 21 Chile (century21)…
23:24:05 DEBUG   [fuenzalida] 20 avisos vía tarjetas
23:24:07 INFO      century21: 0 avisos en 2s
23:24:07 INFO    Barriendo Property Partners (propertypartners)…
23:24:07 DEBUG   [propertypartners] 1 avisos vía tarjetas
23:24:07 INFO      propertypartners: 1 avisos en 0s
23:24:07 INFO    Barriendo Acceso Inmobiliario (accesoinmobiliario)…
23:24:09 DEBUG   [fuenzalida] 20 avisos vía tarjetas
23:24:09 INFO      fuenzalida: 52 avisos en 10s
23:24:09 INFO    Barriendo Magnolia Property (magnoliaproperty)…
23:24:09 DEBUG   [magnoliaproperty] 6 avisos vía tarjetas
23:24:09 INFO      magnoliaproperty: 6 avisos en 1s
23:24:09 INFO    Barriendo Portilla Propiedades (portillapropiedades)…
23:24:10 DEBUG   [accesoinmobiliario] 12 avisos vía tarjetas
23:24:10 DEBUG   [portillapropiedades] 2 avisos vía tarjetas
23:24:10 INFO      portillapropiedades: 2 avisos en 1s
23:24:10 INFO    Barriendo Nativo Propiedades (nativopropiedades)…
23:24:11 DEBUG   [nativopropiedades] 7 avisos vía tarjetas
23:24:11 INFO      nativopropiedades: 7 avisos en 1s
23:24:11 INFO    Barriendo Enlace Inmobiliario (enlaceinmobiliario)…
23:24:11 WARNING https://www.enlaceinmobiliario.cl/ respondió 403
23:24:11 INFO    [enlaceinmobiliario] https://www.enlaceinmobiliario.cl/ rebotó al GET; se reintenta con navegador
23:24:12 DEBUG   La red no quedó en silencio en https://houm.com/cl/arriendo-departamento-región-metropolitana/recoleta/90462; se lee igual
23:24:12 DEBUG   [houm] 1 avisos vía estado-embebido
23:24:14 DEBUG   [accesoinmobiliario] 1 avisos vía tarjetas
23:24:19 INFO      enlaceinmobiliario: 0 avisos en 8s
23:24:19 INFO    Barriendo Rentas.cl (rentas_cl)…
23:24:21 DEBUG   [rentas_cl] 1 avisos vía json-ld
23:24:21 INFO      rentas_cl: 1 avisos en 2s
23:24:21 INFO    Barriendo Arriendos.cl (arriendos_cl)…
23:24:21 DEBUG   La red no quedó en silencio en https://houm.com/cl/arriendo-departamento-región-metropolitana/recoleta/177459; se lee igual
23:24:22 INFO      arriendos_cl: 0 avisos en 1s
23:24:22 INFO    Barriendo Propiedades.cl (propiedades_cl)…
23:24:22 DEBUG   [houm] 1 avisos vía estado-embebido
23:24:23 DEBUG   [propiedades_cl] 6 avisos vía tarjetas
23:24:23 INFO      propiedades_cl: 6 avisos en 1s
23:24:23 INFO    Barriendo Clasificados.cl (clasificados_cl)…
23:24:23 DEBUG   [accesoinmobiliario] 1 avisos vía tarjetas
23:24:25 DEBUG   [clasificados_cl] 1 avisos vía tarjetas
23:24:25 INFO      clasificados_cl: 1 avisos en 2s
23:24:27 DEBUG   [goplaceit] 30 avisos vía json-ld
23:24:30 DEBUG   La red no quedó en silencio en https://houm.com/cl/arriendo-departamento-región-metropolitana/independencia/167934; se lee igual
23:24:30 DEBUG   [houm] 1 avisos vía estado-embebido
23:24:30 INFO      houm: 36 avisos en 97s
23:24:34 INFO      accesoinmobiliario: 14 avisos en 27s
23:24:55 INFO      goplaceit: 90 avisos en 146s
23:24:55 INFO    Total crudo: 1372 avisos
23:24:55 INFO    Después de deduplicar: 460
23:24:55 DEBUG   Libreta: espoz 3276 vitacura santiago metropolitana de santiago 7630000 chl se construyó en 2007 (mitula)
23:24:56 INFO    Pasaron los filtros: 52
23:25:28 DEBUG   Ficha de BYN6Z sin candidato propio; no se fusiona
23:25:32 DEBUG   [toctoc] 1 avisos vía estado-embebido
23:25:33 DEBUG   [busconido] 10 avisos vía tarjetas
23:25:33 DEBUG   Ficha de M5BBA sin candidato propio; no se fusiona
23:25:35 DEBUG   [busconido] 10 avisos vía tarjetas
23:25:35 DEBUG   Ficha de 9YJZ7 sin candidato propio; no se fusiona
23:25:37 DEBUG   [busconido] 11 avisos vía tarjetas
23:25:37 DEBUG   Ficha de 6MYB2 sin candidato propio; no se fusiona
23:25:39 DEBUG   [busconido] 11 avisos vía tarjetas
23:25:39 DEBUG   Ficha de RHUPZ sin candidato propio; no se fusiona
23:25:41 DEBUG   [busconido] 11 avisos vía tarjetas
23:25:41 DEBUG   Ficha de FBWKD sin candidato propio; no se fusiona
23:25:43 DEBUG   [busconido] 10 avisos vía tarjetas
23:25:43 DEBUG   Ficha de 6XJWK sin candidato propio; no se fusiona
23:25:45 DEBUG   [busconido] 11 avisos vía tarjetas
23:25:45 DEBUG   Ficha de ZXWT6 sin candidato propio; no se fusiona
23:25:47 DEBUG   [busconido] 11 avisos vía tarjetas
23:25:47 DEBUG   Ficha de 8RHX9 sin candidato propio; no se fusiona
23:25:49 DEBUG   [busconido] 11 avisos vía tarjetas
23:25:49 DEBUG   Ficha de 9WCGW sin candidato propio; no se fusiona
23:25:51 DEBUG   [busconido] 10 avisos vía tarjetas
23:25:51 DEBUG   Ficha de TNZW5 sin candidato propio; no se fusiona
23:25:56 WARNING https://www.bienesonline.cl/es/chile/llanquihue/propiedad/42585-campo-917-ha-valle-cochamo-x-region respondió 404
23:26:02 DEBUG   La red no quedó en silencio en https://www.toctoc.com/propiedades/arriendocorredorasr/departamento/vitacura/departamento-en-arriendo-de-4-dorm-en-vitacura/9637511d0aac312d0ce5138bf5b2101547b4b082; se lee igual
23:26:02 DEBUG   [toctoc] 1 avisos vía estado-embebido
23:26:07 DEBUG   [toctoc] 1 avisos vía estado-embebido
23:26:11 DEBUG   [chilepropiedades] 2 avisos vía json-ld
23:26:17 DEBUG   [toctoc] 1 avisos vía estado-embebido
23:26:24 DEBUG   [toctoc] 1 avisos vía estado-embebido
23:26:30 DEBUG   [toctoc] 1 avisos vía estado-embebido
23:26:35 DEBUG   [toctoc] 1 avisos vía estado-embebido
23:26:43 DEBUG   [toctoc] 1 avisos vía estado-embebido
23:26:48 DEBUG   [toctoc] 1 avisos vía estado-embebido
23:26:48 INFO    Enriquecido y descartado: 5ZREX (39 años (construido en 1987), sobre el máximo de 30)
23:26:49 DEBUG   Ficha de FMDKM sin candidato propio; no se fusiona
23:26:49 WARNING robots.txt no permite https://www.nuroa.cl/adform/10342-912-5f3d-19e92d3-bae6-98ff4d8aca01-7f27?click_type=0&pos=17&searchType=1&page=1&section=1&t_sec=1&sectionType=1&pageViewId=8702b600-9d48-47b2-ad51-0c5c772018af&t_pvid=8702b600-9d48-47b2-ad51-0c5c772018af&userAgent=Mozilla%2F5.0+%28compatible%3B+radar-arriendos%2F1.0%3B+uso+personal%2C+busqueda+de+arriendo%3B+%2Bhttps%3A%2F%2Fgithub.com%2Falfonsoandona%2Farriendos-vitacura%29&browser=1&isHuman=true&userIp=20.102.46.150&what=vitacura+departamento&search_terms=vitacura+departamento&origin=1&t_or=1&splitTestId=0 — se omite
23:26:53 DEBUG   [engelvoelkers] 1 avisos vía json-ld
23:26:57 INFO    Enriquecido y descartado: 75BRH (arriendo de $2.931.142 sobre el máximo negociable de $1.904.000)
23:27:22 INFO    Enriquecido y descartado: 75BRH (arriendo de $2.149.504 sobre el máximo negociable de $1.904.000)
23:27:31 INFO    Enriquecido y descartado: 75BRH (arriendo de $1.954.095 sobre el máximo negociable de $1.904.000)
23:27:50 DEBUG   [toctoc] 1 avisos vía estado-embebido
23:27:55 DEBUG   [toctoc] 1 avisos vía estado-embebido
23:27:55 WARNING robots.txt no permite https://www.nuroa.cl/adform/10342-912-ee27-1a01d7c-a7bc-2ba3aed54f3e-81d8?click_type=0&pos=13&searchType=1&page=1&section=1&t_sec=1&sectionType=1&pageViewId=8702b600-9d48-47b2-ad51-0c5c772018af&t_pvid=8702b600-9d48-47b2-ad51-0c5c772018af&userAgent=Mozilla%2F5.0+%28compatible%3B+radar-arriendos%2F1.0%3B+uso+personal%2C+busqueda+de+arriendo%3B+%2Bhttps%3A%2F%2Fgithub.com%2Falfonsoandona%2Farriendos-vitacura%29&browser=1&isHuman=true&userIp=20.102.46.150&what=vitacura+departamento&search_terms=vitacura+departamento&origin=1&t_or=1&splitTestId=0 — se omite
23:28:03 DEBUG   [toctoc] 1 avisos vía estado-embebido
23:28:07 INFO    Enriquecido y descartado: 75BRH (arriendo de $4.611.664 sobre el máximo negociable de $1.904.000)
23:28:12 DEBUG   [mitula] 3 avisos vía tarjetas
23:28:12 INFO    Fichas leídas: 52 — 1 ganaron el año, 0 la dirección; 5 se descartaron al verlas (1 por viejos)
23:28:13 INFO    Listo: 0 avisados de 47 candidatos
