01:11:02 INFO    UF = $40.999.93 (API del día)
01:11:02 INFO    Barriendo TocToc (toctoc)…
01:11:02 INFO    Barriendo Chilepropiedades (chilepropiedades)…
01:11:02 INFO    Barriendo GoPlaceIt (goplaceit)…
01:11:02 INFO    Barriendo Yapo (yapo)…
01:11:02 WARNING https://www.yapo.cl/bienes-raices-alquiler-apartamentos/region-metropolitana-vitacura respondió 403
01:11:02 INFO    [yapo] https://www.yapo.cl/bienes-raices-alquiler-apartamentos/region-metropolitana-vitacura rebotó al GET; se reintenta con navegador
01:11:03 DEBUG   [chilepropiedades] 10 avisos vía tarjetas
01:11:05 DEBUG   [chilepropiedades] 10 avisos vía tarjetas
01:11:06 DEBUG   [chilepropiedades] 10 avisos vía tarjetas
01:11:07 INFO      chilepropiedades: 30 avisos en 5s
01:11:07 INFO    Barriendo BuscoNido (busconido)…
01:11:07 DEBUG   [busconido] 23 avisos vía tarjetas
01:11:07 INFO      busconido: 23 avisos en 1s
01:11:07 INFO    Barriendo BienesOnline (bienesonline)…
01:11:08 DEBUG   [bienesonline] 10 avisos vía tarjetas
01:11:08 INFO      bienesonline: 10 avisos en 1s
01:11:08 INFO    Barriendo Economicos (El Mercurio) (economicos)…
01:11:08 WARNING https://www.economicos.cl/search/propiedades/vitacura/arriendo/departamento/0 respondió 403
01:11:08 INFO    [economicos] https://www.economicos.cl/search/propiedades/vitacura/arriendo/departamento/0 rebotó al GET; se reintenta con navegador
01:11:09 DEBUG   La red no quedó en silencio en https://www.yapo.cl/bienes-raices-alquiler-apartamentos/region-metropolitana-vitacura; se lee igual
01:11:09 INFO      yapo: 0 avisos en 7s
01:11:09 INFO    Barriendo iCasas (icasas)…
01:11:10 DEBUG   La red no quedó en silencio en https://www.toctoc.com/arriendo/departamento/metropolitana/vitacura/3-dormitorios; se lee igual
01:11:10 DEBUG   [toctoc] 20 avisos vía json-ld
01:11:10 DEBUG   [icasas] 15 avisos vía tarjetas
01:11:11 INFO      economicos: 0 avisos en 3s
01:11:11 INFO    Barriendo Doomos (doomos)…
01:11:12 DEBUG   [goplaceit] 30 avisos vía json-ld
01:11:12 DEBUG   [icasas] 15 avisos vía tarjetas
01:11:12 INFO      icasas: 30 avisos en 3s
01:11:12 INFO    Barriendo Top Propiedades (toppropiedades)…
01:11:13 DEBUG   [doomos] 32 avisos vía tarjetas
01:11:13 INFO      doomos: 32 avisos en 2s
01:11:13 INFO    Barriendo Nuroa (nuroa)…
01:11:14 DEBUG   Encoding detection: ascii is most likely the one.
01:11:15 DEBUG   [nuroa] 25 avisos vía json-ld
01:11:16 DEBUG   [toppropiedades] 1 avisos vía json-ld
01:11:17 DEBUG   [nuroa] 25 avisos vía json-ld
01:11:18 DEBUG   La red no quedó en silencio en https://www.toctoc.com/arriendo/departamento/metropolitana/vitacura/3-dormitorios?pagina=2; se lee igual
01:11:18 DEBUG   [toppropiedades] 1 avisos vía json-ld
01:11:19 DEBUG   [toctoc] 63 avisos vía json-ld
01:11:19 DEBUG   [nuroa] 25 avisos vía json-ld
01:11:20 DEBUG   [toppropiedades] 1 avisos vía json-ld
01:11:21 DEBUG   [nuroa] 25 avisos vía json-ld
01:11:21 INFO      nuroa: 100 avisos en 8s
01:11:21 INFO    Barriendo Mitula (mitula)…
01:11:22 DEBUG   [toppropiedades] 1 avisos vía json-ld
01:11:23 DEBUG   [mitula] 30 avisos vía json-ld
01:11:25 DEBUG   [toppropiedades] 1 avisos vía json-ld
01:11:25 DEBUG   [mitula] 30 avisos vía json-ld
01:11:25 INFO      mitula: 60 avisos en 4s
01:11:25 INFO    Barriendo Houm (houm)…
01:11:26 DEBUG   [toppropiedades] 1 avisos vía json-ld
01:11:26 DEBUG   [toctoc] 20 avisos vía json-ld
01:11:28 DEBUG   [toppropiedades] 1 avisos vía json-ld
01:11:30 DEBUG   [toppropiedades] 1 avisos vía json-ld
01:11:30 INFO      toppropiedades: 8 avisos en 18s
01:11:30 INFO    Barriendo Hey! Homes (heyhomes)…
01:11:33 DEBUG   [heyhomes] 9 avisos vía tarjetas
01:11:33 INFO      heyhomes: 9 avisos en 3s
01:11:33 INFO    Barriendo Engel & Völkers (engelvoelkers)…
01:11:34 DEBUG   La red no quedó en silencio en https://houm.com/cl/arriendo-departamentos-region-metropolitana/vitacura/3-dormitorios; se lee igual
01:11:34 DEBUG   [houm] 28 avisos vía json-ld
01:11:36 DEBUG   La red no quedó en silencio en https://www.toctoc.com/arriendo/departamento/metropolitana/vitacura/4-dormitorios; se lee igual
01:11:37 DEBUG   [toctoc] 20 avisos vía json-ld
01:11:42 DEBUG   [engelvoelkers] 16 avisos vía tarjetas
01:11:42 INFO      engelvoelkers: 16 avisos en 9s
01:11:42 INFO    Barriendo RE/MAX Chile (remax)…
01:11:46 DEBUG   La red no quedó en silencio en https://houm.com/cl/arriendo-departamento-región-metropolitana/las-condes/170742; se lee igual
01:11:46 DEBUG   [houm] 1 avisos vía estado-embebido
01:11:49 DEBUG   La red no quedó en silencio en https://www.toctoc.com/arriendo/departamento/metropolitana/vitacura/4-dormitorios?pagina=2; se lee igual
01:11:49 WARNING [toctoc] https://www.toctoc.com/arriendo/departamento/metropolitana/vitacura/4-dormitorios?pagina=2 falló: Page.content: Unable to retrieve content because the page is navigating and changing the content.
01:11:49 WARNING   toctoc: Page.content: Unable to retrieve content because the page is navigating and changing the content.
01:11:49 INFO      toctoc: 123 avisos en 47s
01:11:49 INFO    Barriendo Fuenzalida Propiedades (fuenzalida)…
01:11:53 INFO      remax: 0 avisos en 11s
01:11:53 INFO    Barriendo Century 21 Chile (century21)…
01:11:56 DEBUG   [goplaceit] 30 avisos vía json-ld
01:11:56 DEBUG   La red no quedó en silencio en https://houm.com/cl/arriendo-departamento-región-metropolitana/lo-barnechea/74201; se lee igual
01:11:57 DEBUG   [houm] 1 avisos vía estado-embebido
01:11:58 INFO      century21: 0 avisos en 4s
01:11:58 INFO    Barriendo Property Partners (propertypartners)…
01:11:58 DEBUG   [propertypartners] 1 avisos vía tarjetas
01:11:58 INFO      propertypartners: 1 avisos en 0s
01:11:58 INFO    Barriendo Acceso Inmobiliario (accesoinmobiliario)…
01:12:03 DEBUG   [accesoinmobiliario] 16 avisos vía tarjetas
01:12:03 DEBUG   [fuenzalida] 16 avisos vía tarjetas
01:12:04 DEBUG   La red no quedó en silencio en https://houm.com/cl/arriendo-departamento-región-metropolitana/recoleta/179872; se lee igual
01:12:04 DEBUG   [houm] 1 avisos vía estado-embebido
01:12:06 DEBUG   [accesoinmobiliario] 1 avisos vía tarjetas
01:12:13 DEBUG   La red no quedó en silencio en https://houm.com/cl/arriendo-departamento-región-metropolitana/recoleta/178185; se lee igual
01:12:14 DEBUG   [houm] 1 avisos vía estado-embebido
01:12:18 DEBUG   [fuenzalida] 20 avisos vía tarjetas
01:12:20 DEBUG   [accesoinmobiliario] 1 avisos vía tarjetas
01:12:22 DEBUG   La red no quedó en silencio en https://houm.com/cl/arriendo-departamento-región-metropolitana/las-condes/177842; se lee igual
01:12:23 DEBUG   [houm] 1 avisos vía estado-embebido
01:12:31 DEBUG   La red no quedó en silencio en https://houm.com/cl/arriendo-departamento-región-metropolitana/recoleta/176958; se lee igual
01:12:31 DEBUG   [fuenzalida] 20 avisos vía tarjetas
01:12:31 INFO      fuenzalida: 56 avisos en 43s
01:12:31 INFO    Barriendo Magnolia Property (magnoliaproperty)…
01:12:32 DEBUG   [houm] 1 avisos vía estado-embebido
01:12:32 DEBUG   [magnoliaproperty] 8 avisos vía tarjetas
01:12:32 INFO      magnoliaproperty: 8 avisos en 1s
01:12:32 INFO    Barriendo Portilla Propiedades (portillapropiedades)…
01:12:33 DEBUG   [portillapropiedades] 2 avisos vía tarjetas
01:12:33 INFO      portillapropiedades: 2 avisos en 1s
01:12:33 INFO    Barriendo Nativo Propiedades (nativopropiedades)…
01:12:33 DEBUG   [goplaceit] 30 avisos vía json-ld
01:12:34 DEBUG   [nativopropiedades] 10 avisos vía tarjetas
01:12:34 INFO      nativopropiedades: 10 avisos en 1s
01:12:34 INFO    Barriendo Enlace Inmobiliario (enlaceinmobiliario)…
01:12:34 WARNING https://www.enlaceinmobiliario.cl/ respondió 403
01:12:34 INFO    [enlaceinmobiliario] https://www.enlaceinmobiliario.cl/ rebotó al GET; se reintenta con navegador
01:12:40 DEBUG   La red no quedó en silencio en https://houm.com/cl/arriendo-departamento-región-metropolitana/recoleta/90462; se lee igual
01:12:41 DEBUG   [houm] 1 avisos vía estado-embebido
01:12:41 INFO      enlaceinmobiliario: 0 avisos en 7s
01:12:41 INFO    Barriendo Rentas.cl (rentas_cl)…
01:12:43 DEBUG   [rentas_cl] 1 avisos vía json-ld
01:12:43 INFO      rentas_cl: 1 avisos en 2s
01:12:43 INFO    Barriendo Arriendos.cl (arriendos_cl)…
01:12:43 DEBUG   [accesoinmobiliario] 1 avisos vía tarjetas
01:12:44 INFO      arriendos_cl: 0 avisos en 1s
01:12:44 INFO    Barriendo Propiedades.cl (propiedades_cl)…
01:12:45 DEBUG   [propiedades_cl] 6 avisos vía tarjetas
01:12:45 INFO      propiedades_cl: 6 avisos en 1s
01:12:45 INFO    Barriendo Clasificados.cl (clasificados_cl)…
01:12:47 INFO      accesoinmobiliario: 19 avisos en 49s
01:12:47 DEBUG   [clasificados_cl] 1 avisos vía tarjetas
01:12:47 INFO      clasificados_cl: 1 avisos en 2s
01:12:50 DEBUG   La red no quedó en silencio en https://houm.com/cl/arriendo-departamento-región-metropolitana/recoleta/177459; se lee igual
01:12:50 DEBUG   [houm] 1 avisos vía estado-embebido
01:12:50 INFO      houm: 36 avisos en 85s
01:13:02 INFO      goplaceit: 90 avisos en 121s
01:13:02 INFO    Total crudo: 671 avisos
01:13:03 INFO    Después de deduplicar: 489
01:13:03 INFO    Pasaron los filtros: 72
01:13:36 DEBUG   [doomos] 18 avisos vía tarjetas
01:13:36 DEBUG   Ficha de YVT22 sin candidato propio; no se fusiona
01:13:38 DEBUG   Ficha de HW5MX sin candidato propio; no se fusiona
01:13:38 DEBUG   [chilepropiedades] 2 avisos vía json-ld
01:13:38 INFO    Enriquecido y descartado: RW6UY (75 m² totales, no llega a más de 100 m²)
01:13:41 DEBUG   [doomos] 27 avisos vía tarjetas
01:13:41 DEBUG   Ficha de U44VT sin candidato propio; no se fusiona
01:13:45 DEBUG   [doomos] 27 avisos vía tarjetas
01:13:45 DEBUG   Ficha de KNAE9 sin candidato propio; no se fusiona
01:13:47 DEBUG   [doomos] 27 avisos vía tarjetas
01:13:47 DEBUG   Ficha de PR3QK sin candidato propio; no se fusiona
01:13:49 DEBUG   [doomos] 27 avisos vía tarjetas
01:13:49 DEBUG   Ficha de 2HWEW sin candidato propio; no se fusiona
01:13:53 DEBUG   [doomos] 27 avisos vía tarjetas
01:13:53 DEBUG   Ficha de ZWNAN sin candidato propio; no se fusiona
01:13:57 DEBUG   Pin del mapa para ND7YV: -33.38736, -70.56732
01:13:57 DEBUG   [toctoc] 1 avisos vía estado-embebido
01:14:01 DEBUG   [toctoc] 1 avisos vía estado-embebido
01:14:02 DEBUG   [busconido] 11 avisos vía tarjetas
01:14:02 DEBUG   Ficha de 73MJ8 sin candidato propio; no se fusiona
01:14:04 DEBUG   [busconido] 10 avisos vía tarjetas
01:14:04 DEBUG   Ficha de WQEA3 sin candidato propio; no se fusiona
01:14:06 DEBUG   [doomos] 27 avisos vía tarjetas
01:14:06 DEBUG   Ficha de FQ6XQ sin candidato propio; no se fusiona
01:14:07 DEBUG   [busconido] 10 avisos vía tarjetas
01:14:07 DEBUG   Ficha de 7TE33 sin candidato propio; no se fusiona
01:14:12 DEBUG   [toctoc] 1 avisos vía estado-embebido
01:14:12 INFO    Enriquecido y descartado: HR46R (arriendo de $2.582.996 sobre el máximo negociable de $1.904.000)
01:14:13 DEBUG   [busconido] 10 avisos vía tarjetas
01:14:13 DEBUG   Ficha de SU4U9 sin candidato propio; no se fusiona
01:14:17 INFO    Enriquecido y descartado: YAVJA (arriendo de $3.517.371 sobre el máximo negociable de $1.904.000)
01:14:21 DEBUG   Pin del mapa para GDEV4: -33.40522, -70.59529
01:14:21 DEBUG   [toctoc] 1 avisos vía estado-embebido
01:14:21 INFO    Enriquecido y descartado: URZMS (arriendo de $3.600.000 sobre el máximo negociable de $1.904.000)
01:14:26 DEBUG   Pin del mapa para VB9ST: -33.38575, -70.56115
01:14:26 DEBUG   [toctoc] 1 avisos vía estado-embebido
01:14:26 INFO    Enriquecido y descartado: VZXBC (arriendo de $3.484.994 sobre el máximo negociable de $1.904.000)
01:14:31 DEBUG   Pin del mapa para MVQQV: -33.40571, -70.59718
01:14:31 DEBUG   [toctoc] 1 avisos vía estado-embebido
01:14:31 INFO    Enriquecido y descartado: DZCSP (arriendo de $3.279.994 sobre el máximo negociable de $1.904.000)
01:14:35 DEBUG   Pin del mapa para ERRDS: -33.40255, -70.59464
01:14:35 DEBUG   [toctoc] 1 avisos vía estado-embebido
01:14:35 INFO    Enriquecido y descartado: TT59B (arriendo de $5.083.991 sobre el máximo negociable de $1.904.000)
01:14:39 INFO    Enriquecido y descartado: CC2AY (arriendo de $2.032.258 sobre el máximo negociable de $1.904.000)
01:14:44 DEBUG   [toctoc] 1 avisos vía estado-embebido
01:14:44 INFO    Enriquecido y descartado: SA9ZC (arriendo de $2.377.996 sobre el máximo negociable de $1.904.000)
01:14:48 DEBUG   Pin del mapa para HCBT4: -33.40571, -70.59352
01:14:48 DEBUG   [toctoc] 1 avisos vía estado-embebido
01:14:48 INFO    Enriquecido y descartado: XGTG5 (45 años (construido en 1981), sobre el máximo de 30)
01:14:52 DEBUG   Pin del mapa para D2GPN: -33.39031, -70.59455
01:14:52 DEBUG   [toctoc] 1 avisos vía estado-embebido
01:14:52 INFO    Enriquecido y descartado: YNANX (arriendo de $3.279.994 sobre el máximo negociable de $1.904.000)
01:14:56 DEBUG   Pin del mapa para X3YFD: -33.40596, -70.59695
01:14:56 DEBUG   [toctoc] 1 avisos vía estado-embebido
01:14:56 INFO    Enriquecido y descartado: B5SVA (arriendo de $3.279.994 sobre el máximo negociable de $1.904.000)
01:15:02 DEBUG   Pin del mapa para JS3C5: -33.37683, -70.54385
01:15:02 DEBUG   [toctoc] 1 avisos vía estado-embebido
01:15:02 INFO    Enriquecido y descartado: 4JZ9G (arriendo de $1.967.997 sobre el máximo negociable de $1.904.000)
01:15:06 DEBUG   [toctoc] 1 avisos vía estado-embebido
01:15:06 INFO    Enriquecido y descartado: QTDYS (arriendo de $3.279.994 sobre el máximo negociable de $1.904.000)
01:15:10 DEBUG   [toctoc] 1 avisos vía estado-embebido
01:15:10 INFO    Enriquecido y descartado: B2N6Q (arriendo de $3.279.994 sobre el máximo negociable de $1.904.000)
01:15:11 DEBUG   [magnoliaproperty] 2 avisos vía tarjetas
01:15:11 WARNING robots.txt no permite https://placehold.co/1920x1080.mp4 — se omite
01:15:12 DEBUG   [doomos] 18 avisos vía tarjetas
01:15:12 DEBUG   Ficha de J5JN4 sin candidato propio; no se fusiona
01:15:19 DEBUG   [engelvoelkers] 1 avisos vía json-ld
01:15:27 DEBUG   [doomos] 27 avisos vía tarjetas
01:15:27 DEBUG   Ficha de P8XMT sin candidato propio; no se fusiona
01:15:35 DEBUG   [toctoc] 1 avisos vía estado-embebido
01:15:35 DEBUG   [chilepropiedades] 2 avisos vía json-ld
01:15:35 WARNING robots.txt no permite https://www.nuroa.cl/adform/10342-912-b45c-1a0ce6e-984c-ada286d9a1f6-77e4?click_type=0&pos=11&searchType=2&page=1&section=1&t_sec=1&sectionType=1&pageViewId=6a9d008b-d9d7-428f-83d8-f6ffe17931df&t_pvid=6a9d008b-d9d7-428f-83d8-f6ffe17931df&userAgent=Mozilla%2F5.0+%28compatible%3B+radar-arriendos%2F1.0%3B+uso+personal%2C+busqueda+de+arriendo%3B+%2Bhttps%3A%2F%2Fgithub.com%2Falfonsoandona%2Farriendos-vitacura%29&browser=1&isHuman=true&userIp=172.172.157.212&what=vitacura+departamento&search_terms=vitacura+departamento&origin=1&t_or=1&splitTestId=0 — se omite
01:15:39 DEBUG   [toctoc] 1 avisos vía estado-embebido
01:15:43 DEBUG   [toctoc] 1 avisos vía estado-embebido
01:15:43 INFO    Enriquecido y descartado: 2VPS4 (arriendo de $4.017.993 sobre el máximo negociable de $1.904.000)
01:15:47 INFO    Enriquecido y descartado: 75BRH (arriendo de $2.931.142 sobre el máximo negociable de $1.904.000)
01:16:10 INFO    Enriquecido y descartado: 75BRH (arriendo de $2.149.504 sobre el máximo negociable de $1.904.000)
01:16:14 INFO    Enriquecido y descartado: 75BRH (arriendo de $1.954.095 sobre el máximo negociable de $1.904.000)
01:16:22 DEBUG   [toctoc] 1 avisos vía estado-embebido
01:16:22 INFO    Enriquecido y descartado: 6KA2M (arriendo de $3.074.995 sobre el máximo negociable de $1.904.000)
01:16:33 DEBUG   [toctoc] 1 avisos vía estado-embebido
01:16:38 DEBUG   [toctoc] 1 avisos vía estado-embebido
01:16:42 DEBUG   [toctoc] 1 avisos vía estado-embebido
01:16:46 DEBUG   [toctoc] 1 avisos vía estado-embebido
01:16:46 INFO    Enriquecido y descartado: 8YSPF (arriendo de $4.500.000 sobre el máximo negociable de $1.904.000)
01:16:55 DEBUG   [toctoc] 1 avisos vía estado-embebido
01:16:55 INFO    Enriquecido y descartado: 9JAPA (arriendo de $2.459.996 sobre el máximo negociable de $1.904.000)
01:16:59 DEBUG   [toctoc] 1 avisos vía estado-embebido
01:16:59 INFO    Enriquecido y descartado: KWC9W (arriendo de $3.082.000 sobre el máximo negociable de $1.904.000)
01:16:59 WARNING robots.txt no permite https://www.nuroa.cl/adform/10342-912-e7f8-1a0a016-97e0-4460cb69457-7a3c?click_type=0&pos=2&searchType=1&page=3&section=1&t_sec=1&sectionType=1&pageViewId=863d0f65-74d1-4a75-a1f5-309935b7fafb&t_pvid=863d0f65-74d1-4a75-a1f5-309935b7fafb&userAgent=Mozilla%2F5.0+%28compatible%3B+radar-arriendos%2F1.0%3B+uso+personal%2C+busqueda+de+arriendo%3B+%2Bhttps%3A%2F%2Fgithub.com%2Falfonsoandona%2Farriendos-vitacura%29&browser=1&isHuman=true&userIp=172.172.157.212&what=vitacura+departamento&search_terms=vitacura+departamento&origin=1&t_or=1&splitTestId=0 — se omite
01:17:04 DEBUG   [toctoc] 1 avisos vía estado-embebido
01:17:08 DEBUG   [toctoc] 1 avisos vía estado-embebido
01:17:13 DEBUG   [toctoc] 1 avisos vía estado-embebido
01:17:17 INFO    Enriquecido y descartado: 75BRH (arriendo de $4.299.009 sobre el máximo negociable de $1.904.000)
01:17:21 DEBUG   [toctoc] 1 avisos vía estado-embebido
01:17:21 INFO    Enriquecido y descartado: PY7N4 (arriendo de $1.967.997 sobre el máximo negociable de $1.904.000)
01:17:30 DEBUG   [toctoc] 1 avisos vía estado-embebido
01:17:30 INFO    Fichas leídas: 72 — 3 ganaron el año, 10 la dirección; 25 se descartaron al verlas (1 por viejos)
01:17:32 INFO    Listo: 0 avisados de 47 candidatos
