15:57:40 INFO    UF = $40.871.14 (API del día)
15:57:40 INFO    Barriendo TocToc (toctoc)…
15:57:40 INFO    Barriendo Chilepropiedades (chilepropiedades)…
15:57:40 INFO    Barriendo GoPlaceIt (goplaceit)…
15:57:40 INFO    Barriendo Yapo (yapo)…
15:57:41 DEBUG   [chilepropiedades] 10 avisos vía tarjetas
15:57:43 DEBUG   [yapo] 30 avisos vía tarjetas
15:57:43 DEBUG   [chilepropiedades] 10 avisos vía tarjetas
15:57:44 DEBUG   [yapo] 30 avisos vía tarjetas
15:57:45 DEBUG   [chilepropiedades] 10 avisos vía tarjetas
15:57:45 INFO      chilepropiedades: 30 avisos en 5s
15:57:45 INFO    Barriendo BuscoNido (busconido)…
15:57:45 DEBUG   [busconido] 23 avisos vía tarjetas
15:57:45 INFO      busconido: 23 avisos en 1s
15:57:45 INFO    Barriendo BienesOnline (bienesonline)…
15:57:46 DEBUG   [goplaceit] 30 avisos vía json-ld
15:57:46 DEBUG   [bienesonline] 2 avisos vía tarjetas
15:57:46 INFO      bienesonline: 2 avisos en 1s
15:57:46 INFO    Barriendo Economicos (El Mercurio) (economicos)…
15:57:47 DEBUG   [yapo] 30 avisos vía tarjetas
15:57:47 INFO      yapo: 90 avisos en 6s
15:57:47 INFO    Barriendo iCasas (icasas)…
15:57:47 WARNING https://www.economicos.cl/search/propiedades/vitacura/arriendo/departamento/0 respondió 403
15:57:47 INFO    [economicos] https://www.economicos.cl/search/propiedades/vitacura/arriendo/departamento/0 rebotó al GET; se reintenta con navegador
15:57:47 DEBUG   [toctoc] 20 avisos vía json-ld
15:57:48 DEBUG   [icasas] 15 avisos vía tarjetas
15:57:48 INFO      economicos: 0 avisos en 2s
15:57:48 INFO    Barriendo Doomos (doomos)…
15:57:48 WARNING https://www.doomos.cl/departamentos-vitacura-arriendo respondió 403
15:57:48 INFO    [doomos] https://www.doomos.cl/departamentos-vitacura-arriendo rebotó al GET; se reintenta con navegador
15:57:49 DEBUG   [icasas] 15 avisos vía tarjetas
15:57:49 INFO      icasas: 30 avisos en 3s
15:57:49 INFO    Barriendo Top Propiedades (toppropiedades)…
15:57:52 INFO      doomos: 0 avisos en 4s
15:57:52 INFO    Barriendo Nuroa (nuroa)…
15:57:52 DEBUG   Encoding detection: ascii is most likely the one.
15:57:53 DEBUG   [nuroa] 25 avisos vía json-ld
15:57:54 DEBUG   [toppropiedades] 1 avisos vía json-ld
15:57:55 DEBUG   [toctoc] 20 avisos vía json-ld
15:57:55 DEBUG   [nuroa] 25 avisos vía json-ld
15:57:56 DEBUG   [toppropiedades] 1 avisos vía json-ld
15:57:57 DEBUG   [nuroa] 25 avisos vía json-ld
15:57:58 DEBUG   [toppropiedades] 1 avisos vía json-ld
15:58:00 DEBUG   [nuroa] 25 avisos vía json-ld
15:58:00 DEBUG   [toppropiedades] 1 avisos vía json-ld
15:58:00 INFO      nuroa: 100 avisos en 8s
15:58:00 INFO    Barriendo Mitula (mitula)…
15:58:02 DEBUG   [mitula] 30 avisos vía json-ld
15:58:02 DEBUG   [toppropiedades] 1 avisos vía json-ld
15:58:02 DEBUG   [toctoc] 20 avisos vía json-ld
15:58:04 DEBUG   [mitula] 30 avisos vía json-ld
15:58:04 INFO      mitula: 60 avisos en 4s
15:58:04 INFO    Barriendo Houm (houm)…
15:58:04 DEBUG   [toppropiedades] 1 avisos vía json-ld
15:58:06 DEBUG   [toppropiedades] 1 avisos vía json-ld
15:58:08 DEBUG   [toppropiedades] 1 avisos vía json-ld
15:58:08 INFO      toppropiedades: 8 avisos en 18s
15:58:08 INFO    Barriendo Hey! Homes (heyhomes)…
15:58:09 DEBUG   La red no quedó en silencio en https://www.toctoc.com/arriendo/departamento/metropolitana/vitacura/4-dormitorios; se lee igual
15:58:10 WARNING [toctoc] https://www.toctoc.com/arriendo/departamento/metropolitana/vitacura/4-dormitorios falló: Page.content: Unable to retrieve content because the page is navigating and changing the content.
15:58:10 WARNING   toctoc: Page.content: Unable to retrieve content because the page is navigating and changing the content.
15:58:10 INFO      toctoc: 60 avisos en 30s
15:58:10 INFO    Barriendo Engel & Völkers (engelvoelkers)…
15:58:10 DEBUG   [heyhomes] 9 avisos vía tarjetas
15:58:10 INFO      heyhomes: 9 avisos en 3s
15:58:10 INFO    Barriendo RE/MAX Chile (remax)…
15:58:13 DEBUG   La red no quedó en silencio en https://houm.com/cl/arriendo-departamentos-region-metropolitana/vitacura/3-dormitorios; se lee igual
15:58:13 DEBUG   [houm] 28 avisos vía json-ld
15:58:17 DEBUG   [engelvoelkers] 17 avisos vía tarjetas
15:58:17 INFO      engelvoelkers: 17 avisos en 7s
15:58:17 INFO    Barriendo Fuenzalida Propiedades (fuenzalida)…
15:58:20 DEBUG   [fuenzalida] 16 avisos vía tarjetas
15:58:21 DEBUG   La red no quedó en silencio en https://www.remax.cl/es-cl/busqueda/metropolitana-de-santiago/santiago/vitacura/residencial-departamento/arriendo/; se lee igual
15:58:22 DEBUG   [remax] 3 avisos vía tarjetas
15:58:22 DEBUG   [fuenzalida] 20 avisos vía tarjetas
15:58:24 DEBUG   La red no quedó en silencio en https://houm.com/cl/arriendo-departamento-región-metropolitana/las-condes/170742; se lee igual
15:58:24 DEBUG   [houm] 1 avisos vía estado-embebido
15:58:25 DEBUG   [fuenzalida] 20 avisos vía tarjetas
15:58:25 INFO      fuenzalida: 56 avisos en 9s
15:58:25 INFO    Barriendo Century 21 Chile (century21)…
15:58:27 INFO      century21: 0 avisos en 2s
15:58:27 INFO    Barriendo Property Partners (propertypartners)…
15:58:27 INFO      remax: 3 avisos en 17s
15:58:27 INFO    Barriendo Acceso Inmobiliario (accesoinmobiliario)…
15:58:27 DEBUG   [propertypartners] 1 avisos vía tarjetas
15:58:27 INFO      propertypartners: 1 avisos en 0s
15:58:27 INFO    Barriendo Magnolia Property (magnoliaproperty)…
15:58:28 DEBUG   [magnoliaproperty] 7 avisos vía tarjetas
15:58:28 INFO      magnoliaproperty: 7 avisos en 1s
15:58:28 INFO    Barriendo Portilla Propiedades (portillapropiedades)…
15:58:29 DEBUG   [portillapropiedades] 2 avisos vía tarjetas
15:58:29 INFO      portillapropiedades: 2 avisos en 1s
15:58:29 INFO    Barriendo Nativo Propiedades (nativopropiedades)…
15:58:30 DEBUG   [nativopropiedades] 7 avisos vía tarjetas
15:58:30 INFO      nativopropiedades: 7 avisos en 1s
15:58:30 INFO    Barriendo Enlace Inmobiliario (enlaceinmobiliario)…
15:58:30 WARNING https://www.enlaceinmobiliario.cl/ respondió 403
15:58:30 INFO    [enlaceinmobiliario] https://www.enlaceinmobiliario.cl/ rebotó al GET; se reintenta con navegador
15:58:30 DEBUG   [goplaceit] 30 avisos vía json-ld
15:58:32 DEBUG   [accesoinmobiliario] 16 avisos vía tarjetas
15:58:33 DEBUG   La red no quedó en silencio en https://houm.com/cl/arriendo-departamento-región-metropolitana/las-condes/175757; se lee igual
15:58:33 DEBUG   [houm] 1 avisos vía estado-embebido
15:58:36 INFO      enlaceinmobiliario: 0 avisos en 7s
15:58:36 INFO    Barriendo Rentas.cl (rentas_cl)…
15:58:38 DEBUG   [accesoinmobiliario] 1 avisos vía tarjetas
15:58:38 DEBUG   [rentas_cl] 1 avisos vía json-ld
15:58:38 INFO      rentas_cl: 1 avisos en 2s
15:58:38 INFO    Barriendo Arriendos.cl (arriendos_cl)…
15:58:39 INFO      arriendos_cl: 0 avisos en 1s
15:58:39 INFO    Barriendo Propiedades.cl (propiedades_cl)…
15:58:40 DEBUG   [propiedades_cl] 6 avisos vía tarjetas
15:58:40 INFO      propiedades_cl: 6 avisos en 1s
15:58:40 INFO    Barriendo Clasificados.cl (clasificados_cl)…
15:58:41 DEBUG   [accesoinmobiliario] 1 avisos vía tarjetas
15:58:43 DEBUG   [clasificados_cl] 1 avisos vía tarjetas
15:58:43 INFO      clasificados_cl: 1 avisos en 2s
15:58:46 DEBUG   La red no quedó en silencio en https://houm.com/cl/arriendo-departamento-región-metropolitana/ñuñoa/176912; se lee igual
15:58:46 DEBUG   [houm] 1 avisos vía estado-embebido
15:58:54 DEBUG   La red no quedó en silencio en https://houm.com/cl/arriendo-departamento-región-metropolitana/ñuñoa/174379; se lee igual
15:58:55 DEBUG   [houm] 1 avisos vía estado-embebido
15:58:57 DEBUG   [accesoinmobiliario] 1 avisos vía tarjetas
15:59:03 DEBUG   La red no quedó en silencio en https://houm.com/cl/arriendo-departamento-región-metropolitana/recoleta/178185; se lee igual
15:59:03 DEBUG   [accesoinmobiliario] 1 avisos vía tarjetas
15:59:03 DEBUG   [houm] 1 avisos vía estado-embebido
15:59:05 DEBUG   [accesoinmobiliario] 1 avisos vía tarjetas
15:59:05 INFO      accesoinmobiliario: 21 avisos en 38s
15:59:10 DEBUG   [goplaceit] 30 avisos vía json-ld
15:59:12 DEBUG   La red no quedó en silencio en https://houm.com/cl/arriendo-departamento-región-metropolitana/las-condes/177842; se lee igual
15:59:12 DEBUG   [houm] 1 avisos vía estado-embebido
15:59:19 DEBUG   La red no quedó en silencio en https://houm.com/cl/arriendo-departamento-región-metropolitana/recoleta/176958; se lee igual
15:59:19 DEBUG   [houm] 1 avisos vía estado-embebido
15:59:27 DEBUG   La red no quedó en silencio en https://houm.com/cl/arriendo-departamento-región-metropolitana/recoleta/90462; se lee igual
15:59:27 DEBUG   [houm] 1 avisos vía estado-embebido
15:59:27 INFO      houm: 36 avisos en 83s
15:59:36 INFO      goplaceit: 90 avisos en 116s
15:59:36 INFO    Total crudo: 660 avisos
15:59:36 INFO    Después de deduplicar: 395
15:59:36 INFO    Pasaron los filtros: 45
16:00:10 DEBUG   Ficha de HW5MX sin candidato propio; no se fusiona
16:00:11 WARNING Se pasó del tiempo al abrir http://GG.CC (Error); se lee lo que alcanzó a llegar
16:00:16 DEBUG   [toctoc] 1 avisos vía estado-embebido
16:00:16 DEBUG   [busconido] 11 avisos vía tarjetas
16:00:16 DEBUG   Ficha de 8EPNP sin candidato propio; no se fusiona
16:00:18 DEBUG   [busconido] 11 avisos vía tarjetas
16:00:18 DEBUG   Ficha de YYHED sin candidato propio; no se fusiona
16:00:20 DEBUG   [busconido] 10 avisos vía tarjetas
16:00:20 DEBUG   Ficha de 7GC3T sin candidato propio; no se fusiona
16:00:22 DEBUG   [busconido] 11 avisos vía tarjetas
16:00:22 DEBUG   Ficha de YF5CG sin candidato propio; no se fusiona
16:00:24 DEBUG   [busconido] 5 avisos vía tarjetas
16:00:24 DEBUG   Ficha de 263YQ sin candidato propio; no se fusiona
16:00:26 DEBUG   [busconido] 10 avisos vía tarjetas
16:00:26 DEBUG   Ficha de K56PQ sin candidato propio; no se fusiona
16:00:28 DEBUG   [busconido] 11 avisos vía tarjetas
16:00:28 DEBUG   Ficha de AK7SS sin candidato propio; no se fusiona
16:00:30 DEBUG   [busconido] 11 avisos vía tarjetas
16:00:30 DEBUG   Ficha de W7NQZ sin candidato propio; no se fusiona
16:00:32 DEBUG   [busconido] 10 avisos vía tarjetas
16:00:32 DEBUG   Ficha de 8Z6BV sin candidato propio; no se fusiona
16:00:34 DEBUG   [busconido] 11 avisos vía tarjetas
16:00:34 DEBUG   Ficha de ZXRB3 sin candidato propio; no se fusiona
16:00:36 DEBUG   [busconido] 10 avisos vía tarjetas
16:00:36 DEBUG   Ficha de 67ACN sin candidato propio; no se fusiona
16:00:38 DEBUG   [busconido] 11 avisos vía tarjetas
16:00:38 DEBUG   Ficha de CJP3F sin candidato propio; no se fusiona
16:00:40 DEBUG   [busconido] 10 avisos vía tarjetas
16:00:40 DEBUG   Ficha de SMCCK sin candidato propio; no se fusiona
16:00:42 DEBUG   [busconido] 10 avisos vía tarjetas
16:00:42 DEBUG   Ficha de BE893 sin candidato propio; no se fusiona
16:00:47 DEBUG   [mitula] 3 avisos vía tarjetas
16:00:51 DEBUG   [engelvoelkers] 1 avisos vía json-ld
16:00:57 DEBUG   [toctoc] 1 avisos vía estado-embebido
16:01:05 DEBUG   [toctoc] 1 avisos vía estado-embebido
16:01:05 DEBUG   [chilepropiedades] 2 avisos vía json-ld
16:01:11 DEBUG   [toctoc] 1 avisos vía estado-embebido
16:01:16 DEBUG   [toctoc] 1 avisos vía estado-embebido
16:01:20 INFO    Enriquecido y descartado: 75BRH (arriendo de $2.931.142 sobre el máximo negociable de $1.904.000)
16:01:44 INFO    Enriquecido y descartado: 75BRH (arriendo de $2.149.504 sobre el máximo negociable de $1.904.000)
16:01:52 INFO    Enriquecido y descartado: 75BRH (arriendo de $1.954.095 sobre el máximo negociable de $1.904.000)
16:02:09 DEBUG   [toctoc] 1 avisos vía estado-embebido
16:02:17 DEBUG   [toctoc] 1 avisos vía estado-embebido
16:02:21 INFO    Enriquecido y descartado: 75BRH (arriendo de $4.611.664 sobre el máximo negociable de $1.904.000)
16:02:25 INFO    Fichas leídas: 45 — 0 ganaron el año, 0 la dirección; 4 se descartaron al verlas (0 por viejos)
16:02:25 INFO    Listo: 0 avisados de 41 candidatos
