19:57:20 INFO    No se pudo traer la UF del día (ReadTimeout); se usa el respaldo
19:57:20 INFO    UF = $40.991.75 (caché de hace 0 día(s) — la API no respondió)
19:57:20 INFO    Barriendo TocToc (toctoc)…
19:57:20 INFO    Barriendo Chilepropiedades (chilepropiedades)…
19:57:20 INFO    Barriendo GoPlaceIt (goplaceit)…
19:57:20 INFO    Barriendo Yapo (yapo)…
19:57:21 WARNING https://www.yapo.cl/bienes-raices-alquiler-apartamentos/region-metropolitana-vitacura respondió 403
19:57:21 INFO    [yapo] https://www.yapo.cl/bienes-raices-alquiler-apartamentos/region-metropolitana-vitacura rebotó al GET; se reintenta con navegador
19:57:21 DEBUG   [chilepropiedades] 10 avisos vía tarjetas
19:57:23 DEBUG   [chilepropiedades] 10 avisos vía tarjetas
19:57:25 DEBUG   [chilepropiedades] 10 avisos vía tarjetas
19:57:25 INFO      chilepropiedades: 30 avisos en 4s
19:57:25 INFO    Barriendo BuscoNido (busconido)…
19:57:26 DEBUG   [busconido] 23 avisos vía tarjetas
19:57:26 INFO      busconido: 23 avisos en 1s
19:57:26 INFO    Barriendo BienesOnline (bienesonline)…
19:57:27 DEBUG   [bienesonline] 1 avisos vía tarjetas
19:57:27 INFO      bienesonline: 1 avisos en 1s
19:57:27 INFO    Barriendo Economicos (El Mercurio) (economicos)…
19:57:27 WARNING https://www.economicos.cl/search/propiedades/vitacura/arriendo/departamento/0 respondió 403
19:57:27 INFO    [economicos] https://www.economicos.cl/search/propiedades/vitacura/arriendo/departamento/0 rebotó al GET; se reintenta con navegador
19:57:28 DEBUG   La red no quedó en silencio en https://www.yapo.cl/bienes-raices-alquiler-apartamentos/region-metropolitana-vitacura; se lee igual
19:57:28 INFO      yapo: 0 avisos en 7s
19:57:28 INFO    Barriendo iCasas (icasas)…
19:57:28 DEBUG   La red no quedó en silencio en https://www.toctoc.com/arriendo/departamento/metropolitana/vitacura/3-dormitorios; se lee igual
19:57:28 DEBUG   [toctoc] 20 avisos vía json-ld
19:57:29 DEBUG   [icasas] 15 avisos vía tarjetas
19:57:29 INFO      economicos: 0 avisos en 3s
19:57:29 INFO    Barriendo Doomos (doomos)…
19:57:30 DEBUG   [goplaceit] 30 avisos vía json-ld
19:57:30 DEBUG   [icasas] 15 avisos vía tarjetas
19:57:30 INFO      icasas: 30 avisos en 3s
19:57:30 INFO    Barriendo Top Propiedades (toppropiedades)…
19:57:32 DEBUG   [doomos] 32 avisos vía tarjetas
19:57:32 INFO      doomos: 32 avisos en 2s
19:57:32 INFO    Barriendo Nuroa (nuroa)…
19:57:33 DEBUG   Encoding detection: ascii is most likely the one.
19:57:33 DEBUG   [nuroa] 25 avisos vía json-ld
19:57:34 DEBUG   [toppropiedades] 1 avisos vía json-ld
19:57:36 DEBUG   [nuroa] 25 avisos vía json-ld
19:57:36 DEBUG   [toctoc] 20 avisos vía json-ld
19:57:36 DEBUG   [toppropiedades] 1 avisos vía json-ld
19:57:37 DEBUG   [nuroa] 25 avisos vía json-ld
19:57:38 DEBUG   [toppropiedades] 1 avisos vía json-ld
19:57:40 DEBUG   [nuroa] 25 avisos vía json-ld
19:57:40 INFO      nuroa: 100 avisos en 8s
19:57:40 INFO    Barriendo Mitula (mitula)…
19:57:40 DEBUG   [toppropiedades] 1 avisos vía json-ld
19:57:42 DEBUG   [mitula] 30 avisos vía json-ld
19:57:42 DEBUG   [toppropiedades] 1 avisos vía json-ld
19:57:43 DEBUG   [toctoc] 20 avisos vía json-ld
19:57:44 DEBUG   [mitula] 30 avisos vía json-ld
19:57:44 INFO      mitula: 60 avisos en 4s
19:57:44 INFO    Barriendo Houm (houm)…
19:57:44 DEBUG   [toppropiedades] 1 avisos vía json-ld
19:57:46 DEBUG   [toppropiedades] 1 avisos vía json-ld
19:57:48 DEBUG   [toppropiedades] 1 avisos vía json-ld
19:57:48 INFO      toppropiedades: 8 avisos en 18s
19:57:48 INFO    Barriendo Hey! Homes (heyhomes)…
19:57:49 DEBUG   [toctoc] 20 avisos vía json-ld
19:57:51 DEBUG   [heyhomes] 9 avisos vía tarjetas
19:57:51 INFO      heyhomes: 9 avisos en 3s
19:57:51 INFO    Barriendo Engel & Völkers (engelvoelkers)…
19:57:54 DEBUG   La red no quedó en silencio en https://houm.com/cl/arriendo-departamentos-region-metropolitana/vitacura/3-dormitorios; se lee igual
19:57:54 DEBUG   [houm] 28 avisos vía json-ld
19:57:57 DEBUG   [engelvoelkers] 17 avisos vía tarjetas
19:57:57 INFO      engelvoelkers: 17 avisos en 6s
19:57:57 INFO    Barriendo RE/MAX Chile (remax)…
19:58:00 DEBUG   La red no quedó en silencio en https://www.toctoc.com/arriendo/departamento/metropolitana/vitacura/4-dormitorios?pagina=2; se lee igual
19:58:00 DEBUG   [toctoc] 18 avisos vía json-ld
19:58:06 INFO      remax: 0 avisos en 9s
19:58:06 INFO    Barriendo Fuenzalida Propiedades (fuenzalida)…
19:58:08 DEBUG   La red no quedó en silencio en https://houm.com/cl/arriendo-departamento-región-metropolitana/las-condes/170742; se lee igual
19:58:08 DEBUG   [houm] 1 avisos vía estado-embebido
19:58:10 DEBUG   [fuenzalida] 16 avisos vía tarjetas
19:58:10 DEBUG   [goplaceit] 30 avisos vía json-ld
19:58:13 DEBUG   La red no quedó en silencio en https://www.toctoc.com/arriendo/departamento/metropolitana/vitacura/4-dormitorios?pagina=3; se lee igual
19:58:14 DEBUG   [toctoc] 20 avisos vía json-ld
19:58:14 INFO      toctoc: 118 avisos en 54s
19:58:14 INFO    Barriendo Century 21 Chile (century21)…
19:58:15 DEBUG   [fuenzalida] 20 avisos vía tarjetas
19:58:15 INFO      century21: 0 avisos en 1s
19:58:15 INFO    Barriendo Property Partners (propertypartners)…
19:58:16 DEBUG   [propertypartners] 1 avisos vía tarjetas
19:58:16 INFO      propertypartners: 1 avisos en 0s
19:58:16 INFO    Barriendo Acceso Inmobiliario (accesoinmobiliario)…
19:58:17 DEBUG   La red no quedó en silencio en https://houm.com/cl/arriendo-departamento-región-metropolitana/lo-barnechea/74201; se lee igual
19:58:18 DEBUG   [houm] 1 avisos vía estado-embebido
19:58:18 DEBUG   [fuenzalida] 20 avisos vía tarjetas
19:58:18 INFO      fuenzalida: 56 avisos en 12s
19:58:18 INFO    Barriendo Magnolia Property (magnoliaproperty)…
19:58:20 DEBUG   [magnoliaproperty] 6 avisos vía tarjetas
19:58:20 INFO      magnoliaproperty: 6 avisos en 2s
19:58:20 INFO    Barriendo Portilla Propiedades (portillapropiedades)…
19:58:20 DEBUG   [accesoinmobiliario] 16 avisos vía tarjetas
19:58:20 DEBUG   [portillapropiedades] 2 avisos vía tarjetas
19:58:20 INFO      portillapropiedades: 2 avisos en 0s
19:58:20 INFO    Barriendo Nativo Propiedades (nativopropiedades)…
19:58:21 DEBUG   [nativopropiedades] 10 avisos vía tarjetas
19:58:21 INFO      nativopropiedades: 10 avisos en 1s
19:58:21 INFO    Barriendo Enlace Inmobiliario (enlaceinmobiliario)…
19:58:21 WARNING https://www.enlaceinmobiliario.cl/ respondió 403
19:58:21 INFO    [enlaceinmobiliario] https://www.enlaceinmobiliario.cl/ rebotó al GET; se reintenta con navegador
19:58:23 DEBUG   [accesoinmobiliario] 1 avisos vía tarjetas
19:58:27 DEBUG   La red no quedó en silencio en https://houm.com/cl/arriendo-departamento-región-metropolitana/providencia/175947; se lee igual
19:58:27 DEBUG   [houm] 1 avisos vía estado-embebido
19:58:33 DEBUG   La red no quedó en silencio en https://www.enlaceinmobiliario.cl/; se lee igual
19:58:33 INFO      enlaceinmobiliario: 0 avisos en 12s
19:58:33 INFO    Barriendo Rentas.cl (rentas_cl)…
19:58:35 DEBUG   [rentas_cl] 1 avisos vía json-ld
19:58:35 INFO      rentas_cl: 1 avisos en 2s
19:58:35 INFO    Barriendo Arriendos.cl (arriendos_cl)…
19:58:35 DEBUG   [accesoinmobiliario] 1 avisos vía tarjetas
19:58:36 INFO      arriendos_cl: 0 avisos en 1s
19:58:36 INFO    Barriendo Propiedades.cl (propiedades_cl)…
19:58:37 DEBUG   [propiedades_cl] 6 avisos vía tarjetas
19:58:37 INFO      propiedades_cl: 6 avisos en 1s
19:58:37 INFO    Barriendo Clasificados.cl (clasificados_cl)…
19:58:40 DEBUG   [clasificados_cl] 1 avisos vía tarjetas
19:58:40 INFO      clasificados_cl: 1 avisos en 3s
19:58:40 DEBUG   La red no quedó en silencio en https://houm.com/cl/arriendo-departamento-región-metropolitana/ñuñoa/174379; se lee igual
19:58:40 DEBUG   [houm] 1 avisos vía estado-embebido
19:58:46 DEBUG   [accesoinmobiliario] 1 avisos vía tarjetas
19:58:48 DEBUG   La red no quedó en silencio en https://houm.com/cl/arriendo-departamento-región-metropolitana/recoleta/179872; se lee igual
19:58:48 DEBUG   [goplaceit] 30 avisos vía json-ld
19:58:49 DEBUG   [houm] 1 avisos vía estado-embebido
19:58:50 DEBUG   [accesoinmobiliario] 1 avisos vía tarjetas
19:58:57 DEBUG   La red no quedó en silencio en https://houm.com/cl/arriendo-departamento-región-metropolitana/recoleta/178185; se lee igual
19:58:58 DEBUG   [houm] 1 avisos vía estado-embebido
19:59:05 DEBUG   [accesoinmobiliario] 1 avisos vía tarjetas
19:59:05 DEBUG   La red no quedó en silencio en https://houm.com/cl/arriendo-departamento-región-metropolitana/las-condes/177842; se lee igual
19:59:05 DEBUG   [houm] 1 avisos vía estado-embebido
19:59:07 DEBUG   [accesoinmobiliario] 1 avisos vía tarjetas
19:59:07 INFO      accesoinmobiliario: 22 avisos en 51s
19:59:14 DEBUG   La red no quedó en silencio en https://houm.com/cl/arriendo-departamento-región-metropolitana/recoleta/176958; se lee igual
19:59:14 DEBUG   [houm] 1 avisos vía estado-embebido
19:59:14 INFO      houm: 36 avisos en 90s
19:59:16 INFO      goplaceit: 90 avisos en 116s
19:59:16 INFO    Total crudo: 659 avisos
19:59:17 INFO    Después de deduplicar: 426
19:59:17 INFO    Pasaron los filtros: 47
19:59:35 DEBUG   [doomos] 18 avisos vía tarjetas
19:59:35 DEBUG   Ficha de YVT22 sin candidato propio; no se fusiona
19:59:36 DEBUG   Ficha de HW5MX sin candidato propio; no se fusiona
19:59:37 DEBUG   [doomos] 27 avisos vía tarjetas
19:59:37 DEBUG   Ficha de U44VT sin candidato propio; no se fusiona
19:59:39 DEBUG   [doomos] 27 avisos vía tarjetas
19:59:39 DEBUG   Ficha de KNAE9 sin candidato propio; no se fusiona
19:59:41 DEBUG   [doomos] 27 avisos vía tarjetas
19:59:41 DEBUG   Ficha de PR3QK sin candidato propio; no se fusiona
19:59:43 DEBUG   [doomos] 27 avisos vía tarjetas
19:59:43 DEBUG   Ficha de 2HWEW sin candidato propio; no se fusiona
19:59:45 DEBUG   [doomos] 27 avisos vía tarjetas
19:59:45 DEBUG   Ficha de ZWNAN sin candidato propio; no se fusiona
19:59:50 DEBUG   [toctoc] 1 avisos vía estado-embebido
19:59:50 DEBUG   [busconido] 11 avisos vía tarjetas
19:59:50 DEBUG   Ficha de FSGHR sin candidato propio; no se fusiona
19:59:52 DEBUG   [doomos] 27 avisos vía tarjetas
19:59:52 DEBUG   Ficha de FQ6XQ sin candidato propio; no se fusiona
19:59:52 DEBUG   [busconido] 10 avisos vía tarjetas
19:59:52 DEBUG   Ficha de 7TE33 sin candidato propio; no se fusiona
19:59:56 INFO    Enriquecido y descartado: YAVJA (arriendo de $3.517.371 sobre el máximo negociable de $1.904.000)
19:59:59 INFO    Enriquecido y descartado: CC2AY (arriendo de $2.032.258 sobre el máximo negociable de $1.904.000)
20:00:00 WARNING robots.txt no permite https://placehold.co/1920x1080.mp4 — se omite
20:00:04 DEBUG   [doomos] 18 avisos vía tarjetas
20:00:04 DEBUG   Ficha de J5JN4 sin candidato propio; no se fusiona
20:00:09 DEBUG   [toctoc] 1 avisos vía estado-embebido
20:00:16 DEBUG   [engelvoelkers] 1 avisos vía json-ld
20:00:22 DEBUG   [doomos] 27 avisos vía tarjetas
20:00:22 DEBUG   Ficha de P8XMT sin candidato propio; no se fusiona
20:00:26 DEBUG   [toctoc] 1 avisos vía estado-embebido
20:00:30 DEBUG   [toctoc] 1 avisos vía estado-embebido
20:00:39 DEBUG   [toctoc] 1 avisos vía estado-embebido
20:00:43 DEBUG   [toctoc] 1 avisos vía estado-embebido
20:00:43 DEBUG   [chilepropiedades] 2 avisos vía json-ld
20:00:48 DEBUG   [toctoc] 1 avisos vía estado-embebido
20:00:51 INFO    Enriquecido y descartado: 75BRH (arriendo de $2.931.142 sobre el máximo negociable de $1.904.000)
20:01:16 INFO    Enriquecido y descartado: 75BRH (arriendo de $2.149.504 sobre el máximo negociable de $1.904.000)
20:01:19 INFO    Enriquecido y descartado: 75BRH (arriendo de $1.954.095 sobre el máximo negociable de $1.904.000)
20:01:35 DEBUG   [toctoc] 1 avisos vía estado-embebido
20:01:39 DEBUG   [toctoc] 1 avisos vía estado-embebido
20:01:47 DEBUG   [toctoc] 1 avisos vía estado-embebido
20:01:51 INFO    Enriquecido y descartado: 75BRH (arriendo de $4.299.009 sobre el máximo negociable de $1.904.000)
20:01:54 INFO    Fichas leídas: 47 — 0 ganaron el año, 0 la dirección; 6 se descartaron al verlas (0 por viejos)
20:01:54 WARNING robots.txt no permite https://placehold.co/1920x1080.mp4 — se omite
20:01:55 INFO    Listo: 1 avisados de 41 candidatos
