16:02:11 INFO    No se pudo traer la UF del día (ReadTimeout); se usa el respaldo
16:02:11 INFO    UF = $40.859.28 (caché de hace 0 día(s) — la API no respondió)
16:02:11 INFO    Barriendo TocToc (toctoc)…
16:02:11 INFO    Barriendo Chilepropiedades (chilepropiedades)…
16:02:11 INFO    Barriendo GoPlaceIt (goplaceit)…
16:02:11 INFO    Barriendo Yapo (yapo)…
16:02:12 DEBUG   [chilepropiedades] 11 avisos vía tarjetas
16:02:13 INFO      yapo: 0 avisos en 2s
16:02:13 INFO    Barriendo BuscoNido (busconido)…
16:02:14 DEBUG   [chilepropiedades] 11 avisos vía tarjetas
16:02:14 INFO      busconido: 0 avisos en 1s
16:02:14 INFO    Barriendo ComunaVitacura.cl (comunavitacura)…
16:02:15 DEBUG   [goplaceit] 30 avisos vía json-ld
16:02:16 DEBUG   [chilepropiedades] 11 avisos vía tarjetas
16:02:16 INFO      chilepropiedades: 33 avisos en 5s
16:02:16 INFO    Barriendo BienesOnline (bienesonline)…
16:02:17 INFO      comunavitacura: 0 avisos en 3s
16:02:17 INFO    Barriendo Economicos (El Mercurio) (economicos)…
16:02:18 WARNING https://www.economicos.cl/search/propiedades/vitacura/arriendo/departamento/0 respondió 403
16:02:18 INFO    [economicos] https://www.economicos.cl/search/propiedades/vitacura/arriendo/departamento/0 rebotó al GET; se reintenta con navegador
16:02:18 DEBUG   [bienesonline] 18 avisos vía tarjetas
16:02:18 INFO      bienesonline: 18 avisos en 2s
16:02:18 INFO    Barriendo iCasas (icasas)…
16:02:19 DEBUG   [toctoc] 128 avisos vía estado-embebido
16:02:19 DEBUG   [icasas] 15 avisos vía tarjetas
16:02:19 INFO      economicos: 0 avisos en 2s
16:02:19 INFO    Barriendo Doomos (doomos)…
16:02:21 DEBUG   [icasas] 15 avisos vía tarjetas
16:02:21 INFO      icasas: 30 avisos en 3s
16:02:21 INFO    Barriendo Top Propiedades (toppropiedades)…
16:02:21 DEBUG   [doomos] 33 avisos vía tarjetas
16:02:21 INFO      doomos: 33 avisos en 2s
16:02:21 INFO    Barriendo Trovit (trovit)…
16:02:22 WARNING https://casas.trovit.cl/arriendo-departamento-vitacura respondió 401
16:02:22 INFO    [trovit] https://casas.trovit.cl/arriendo-departamento-vitacura rebotó al GET; se reintenta con navegador
16:02:26 DEBUG   [toppropiedades] 1 avisos vía json-ld
16:02:26 INFO      trovit: 0 avisos en 4s
16:02:26 INFO    Barriendo Nuroa (nuroa)…
16:02:27 DEBUG   [toctoc] 128 avisos vía estado-embebido
16:02:27 DEBUG   Encoding detection: ascii is most likely the one.
16:02:27 DEBUG   [toppropiedades] 1 avisos vía json-ld
16:02:28 DEBUG   [nuroa] 25 avisos vía json-ld
16:02:29 DEBUG   [toppropiedades] 1 avisos vía json-ld
16:02:30 DEBUG   [nuroa] 25 avisos vía json-ld
16:02:30 INFO      nuroa: 50 avisos en 5s
16:02:30 INFO    Barriendo Mitula (mitula)…
16:02:31 DEBUG   [toppropiedades] 1 avisos vía json-ld
16:02:31 WARNING https://casas.mitula.cl/casas/arriendo-departamentos-vitacura respondió 401
16:02:31 INFO    [mitula] https://casas.mitula.cl/casas/arriendo-departamentos-vitacura rebotó al GET; se reintenta con navegador
16:02:33 DEBUG   [toppropiedades] 1 avisos vía json-ld
16:02:35 INFO      mitula: 0 avisos en 5s
16:02:35 INFO    Barriendo Nestoria (nestoria)…
16:02:36 DEBUG   [toppropiedades] 1 avisos vía json-ld
16:02:36 DEBUG   [toctoc] 128 avisos vía estado-embebido
16:02:37 WARNING https://www.nestoria.cl/vitacura/propiedades/arriendo respondió 401
16:02:37 INFO    [nestoria] https://www.nestoria.cl/vitacura/propiedades/arriendo rebotó al GET; se reintenta con navegador
16:02:37 DEBUG   [toppropiedades] 1 avisos vía json-ld
16:02:39 DEBUG   [toppropiedades] 1 avisos vía json-ld
16:02:39 INFO      toppropiedades: 8 avisos en 19s
16:02:39 INFO    Barriendo Houm (houm)…
16:02:41 INFO      nestoria: 0 avisos en 6s
16:02:41 INFO    Barriendo Hey! Homes (heyhomes)…
16:02:44 DEBUG   [heyhomes] 9 avisos vía tarjetas
16:02:44 INFO      heyhomes: 9 avisos en 3s
16:02:44 INFO    Barriendo AssetPlan (assetplan)…
16:02:46 DEBUG   [toctoc] 106 avisos vía estado-embebido
16:02:49 DEBUG   La red no quedó en silencio en https://houm.com/cl/arriendo-departamentos-region-metropolitana/vitacura/3-dormitorios; se lee igual
16:02:49 DEBUG   [houm] 28 avisos vía json-ld
16:02:53 INFO      assetplan: 0 avisos en 8s
16:02:53 INFO    Barriendo Engel & Völkers (engelvoelkers)…
16:02:56 DEBUG   [goplaceit] 30 avisos vía json-ld
16:02:58 DEBUG   [toctoc] 106 avisos vía estado-embebido
16:03:01 DEBUG   [engelvoelkers] 16 avisos vía tarjetas
16:03:01 INFO      engelvoelkers: 16 avisos en 9s
16:03:01 INFO    Barriendo RE/MAX Chile (remax)…
16:03:03 DEBUG   La red no quedó en silencio en https://houm.com/cl/arriendo-departamento-región-metropolitana/las-condes/170742; se lee igual
16:03:03 DEBUG   [houm] 1 avisos vía estado-embebido
16:03:10 INFO      remax: 0 avisos en 9s
16:03:10 INFO    Barriendo Fuenzalida Propiedades (fuenzalida)…
16:03:10 DEBUG   [toctoc] 106 avisos vía estado-embebido
16:03:10 INFO      toctoc: 702 avisos en 59s
16:03:10 INFO    Barriendo Century 21 Chile (century21)…
16:03:11 INFO      century21: 0 avisos en 1s
16:03:11 INFO    Barriendo Property Partners (propertypartners)…
16:03:12 DEBUG   [propertypartners] 1 avisos vía tarjetas
16:03:12 INFO      propertypartners: 1 avisos en 1s
16:03:12 INFO    Barriendo Acceso Inmobiliario (accesoinmobiliario)…
16:03:13 DEBUG   [fuenzalida] 20 avisos vía tarjetas
16:03:16 DEBUG   [fuenzalida] 20 avisos vía tarjetas
16:03:16 DEBUG   La red no quedó en silencio en https://houm.com/cl/arriendo-departamento-región-metropolitana/las-condes/173143; se lee igual
16:03:17 DEBUG   [houm] 1 avisos vía estado-embebido
16:03:17 DEBUG   [accesoinmobiliario] 16 avisos vía tarjetas
16:03:20 DEBUG   [fuenzalida] 20 avisos vía tarjetas
16:03:20 INFO      fuenzalida: 60 avisos en 10s
16:03:20 INFO    Barriendo Magnolia Property (magnoliaproperty)…
16:03:20 DEBUG   [magnoliaproperty] 6 avisos vía tarjetas
16:03:20 INFO      magnoliaproperty: 6 avisos en 0s
16:03:20 INFO    Barriendo Portilla Propiedades (portillapropiedades)…
16:03:21 DEBUG   [portillapropiedades] 2 avisos vía tarjetas
16:03:21 INFO      portillapropiedades: 2 avisos en 1s
16:03:21 INFO    Barriendo Nativo Propiedades (nativopropiedades)…
16:03:22 DEBUG   [nativopropiedades] 7 avisos vía tarjetas
16:03:22 INFO      nativopropiedades: 7 avisos en 1s
16:03:22 INFO    Barriendo Zenta Group (zentagroup)…
16:03:22 INFO      zentagroup: 0 avisos en 1s
16:03:22 INFO    Barriendo Enlace Inmobiliario (enlaceinmobiliario)…
16:03:23 WARNING https://www.enlaceinmobiliario.cl/ respondió 403
16:03:23 INFO    [enlaceinmobiliario] https://www.enlaceinmobiliario.cl/ rebotó al GET; se reintenta con navegador
16:03:24 DEBUG   La red no quedó en silencio en https://houm.com/cl/arriendo-departamento-región-metropolitana/las-condes/173170; se lee igual
16:03:25 DEBUG   [houm] 1 avisos vía estado-embebido
16:03:25 DEBUG   [accesoinmobiliario] 1 avisos vía tarjetas
16:03:29 INFO      enlaceinmobiliario: 0 avisos en 7s
16:03:29 INFO    Barriendo Rentas.cl (rentas_cl)…
16:03:31 DEBUG   [rentas_cl] 1 avisos vía json-ld
16:03:31 INFO      rentas_cl: 1 avisos en 2s
16:03:31 INFO    Barriendo Arriendos.cl (arriendos_cl)…
16:03:33 INFO      arriendos_cl: 0 avisos en 1s
16:03:33 INFO    Barriendo Propiedades.cl (propiedades_cl)…
16:03:33 DEBUG   [propiedades_cl] 6 avisos vía tarjetas
16:03:33 INFO      propiedades_cl: 6 avisos en 1s
16:03:33 INFO    Barriendo Clasificados.cl (clasificados_cl)…
16:03:35 DEBUG   La red no quedó en silencio en https://houm.com/cl/arriendo-departamento-región-metropolitana/las-condes/175757; se lee igual
16:03:36 DEBUG   [houm] 1 avisos vía estado-embebido
16:03:36 DEBUG   [clasificados_cl] 1 avisos vía tarjetas
16:03:36 INFO      clasificados_cl: 1 avisos en 3s
16:03:38 DEBUG   [accesoinmobiliario] 1 avisos vía tarjetas
16:03:44 DEBUG   [goplaceit] 30 avisos vía json-ld
16:03:45 DEBUG   La red no quedó en silencio en https://houm.com/cl/arriendo-departamento-región-metropolitana/ñuñoa/176912; se lee igual
16:03:45 DEBUG   [houm] 1 avisos vía estado-embebido
16:03:47 DEBUG   [accesoinmobiliario] 1 avisos vía tarjetas
16:03:52 INFO      accesoinmobiliario: 19 avisos en 40s
16:03:54 DEBUG   La red no quedó en silencio en https://houm.com/cl/arriendo-departamento-región-metropolitana/ñuñoa/174379; se lee igual
16:03:54 DEBUG   [houm] 1 avisos vía estado-embebido
16:04:02 DEBUG   La red no quedó en silencio en https://houm.com/cl/arriendo-departamento-región-metropolitana/providencia/175432; se lee igual
16:04:02 DEBUG   [houm] 1 avisos vía estado-embebido
16:04:09 DEBUG   La red no quedó en silencio en https://houm.com/cl/arriendo-departamento-región-metropolitana/recoleta/176958; se lee igual
16:04:09 DEBUG   [houm] 1 avisos vía estado-embebido
16:04:09 INFO      houm: 36 avisos en 90s
16:04:12 INFO      goplaceit: 90 avisos en 121s
16:04:12 INFO    Total crudo: 1128 avisos
16:04:12 INFO    Después de deduplicar: 390
16:04:12 INFO    Pasaron los filtros: 67
16:04:15 DEBUG   [doomos] 24 avisos vía tarjetas
16:04:15 DEBUG   Ficha de YVT22 sin candidato propio; no se fusiona
16:04:17 DEBUG   [doomos] 32 avisos vía tarjetas
16:04:17 DEBUG   Ficha de U44VT sin candidato propio; no se fusiona
16:04:19 DEBUG   [doomos] 33 avisos vía tarjetas
16:04:19 DEBUG   Ficha de KNAE9 sin candidato propio; no se fusiona
16:04:21 DEBUG   [doomos] 33 avisos vía tarjetas
16:04:21 DEBUG   Ficha de ZWNAN sin candidato propio; no se fusiona
16:04:22 DEBUG   [doomos] 33 avisos vía tarjetas
16:04:22 DEBUG   Ficha de PR3QK sin candidato propio; no se fusiona
16:04:23 DEBUG   [chilepropiedades] 1 avisos vía tarjetas
16:04:26 DEBUG   Ficha de EKBQX sin candidato propio; no se fusiona
16:04:35 DEBUG   [toctoc] 1 avisos vía estado-embebido
16:04:38 DEBUG   Ficha de DSKEC sin candidato propio; no se fusiona
16:04:42 DEBUG   Ficha de 28KH8 sin candidato propio; no se fusiona
16:04:46 DEBUG   Ficha de 6XFU4 sin candidato propio; no se fusiona
16:04:50 DEBUG   Ficha de W8EMY sin candidato propio; no se fusiona
16:04:53 DEBUG   Ficha de GW6BY sin candidato propio; no se fusiona
16:04:57 DEBUG   Ficha de SKZWX sin candidato propio; no se fusiona
16:05:00 DEBUG   Ficha de B9ABC sin candidato propio; no se fusiona
16:05:04 DEBUG   Ficha de SRZBT sin candidato propio; no se fusiona
16:05:08 DEBUG   Ficha de 3FMUT sin candidato propio; no se fusiona
16:05:11 DEBUG   Ficha de TH9YK sin candidato propio; no se fusiona
16:05:15 DEBUG   [engelvoelkers] 1 avisos vía json-ld
16:05:15 INFO    Enriquecido y descartado: VJ3BP (arriendo de $2.533.275 sobre el máximo negociable de $1.904.000)
16:05:18 DEBUG   [chilepropiedades] 2 avisos vía json-ld
16:05:23 DEBUG   [toctoc] 1 avisos vía estado-embebido
16:05:28 DEBUG   [toctoc] 1 avisos vía estado-embebido
16:05:33 DEBUG   [toctoc] 1 avisos vía estado-embebido
16:05:33 INFO    Enriquecido y descartado: 9CERR (43 años (construido en 1983), sobre el máximo de 30)
16:05:40 DEBUG   [toctoc] 1 avisos vía estado-embebido
16:05:40 DEBUG   [chilepropiedades] 2 avisos vía json-ld
16:05:42 DEBUG   [chilepropiedades] 2 avisos vía json-ld
16:05:47 DEBUG   [toctoc] 1 avisos vía estado-embebido
16:05:52 DEBUG   [toctoc] 1 avisos vía estado-embebido
16:05:57 DEBUG   [toctoc] 1 avisos vía estado-embebido
16:06:02 DEBUG   [toctoc] 1 avisos vía estado-embebido
16:06:06 DEBUG   [toctoc] 1 avisos vía estado-embebido
16:06:06 INFO    Enriquecido y descartado: FP8MS (35 años (construido en 1991), sobre el máximo de 30)
16:06:10 DEBUG   [engelvoelkers] 1 avisos vía json-ld
16:06:10 INFO    Fichas leídas: 45 — 1 ganaron el año, 0 la dirección, 3 se descartaron al verlas
16:06:11 DEBUG   [doomos] 24 avisos vía tarjetas
16:06:11 DEBUG   Ficha de MS6R6 sin candidato propio; no se fusiona
16:06:14 INFO    Listo: 7 avisados de 64 candidatos
