17:27:35 INFO    UF = $40.983.58 (API del día)
17:27:35 INFO    Barriendo TocToc (toctoc)…
17:27:35 INFO    Barriendo Chilepropiedades (chilepropiedades)…
17:27:35 INFO    Barriendo GoPlaceIt (goplaceit)…
17:27:35 INFO    Barriendo Yapo (yapo)…
17:27:35 DEBUG   [chilepropiedades] 10 avisos vía tarjetas
17:27:37 DEBUG   [chilepropiedades] 10 avisos vía tarjetas
17:27:38 DEBUG   [goplaceit] 30 avisos vía json-ld
17:27:39 INFO      yapo: 0 avisos en 4s
17:27:39 INFO    Barriendo BuscoNido (busconido)…
17:27:39 DEBUG   [chilepropiedades] 10 avisos vía tarjetas
17:27:39 INFO      chilepropiedades: 30 avisos en 5s
17:27:39 INFO    Barriendo BienesOnline (bienesonline)…
17:27:40 DEBUG   [busconido] 23 avisos vía tarjetas
17:27:40 INFO      busconido: 23 avisos en 1s
17:27:40 INFO    Barriendo Economicos (El Mercurio) (economicos)…
17:27:40 WARNING https://www.economicos.cl/search/propiedades/vitacura/arriendo/departamento/0 respondió 403
17:27:40 INFO    [economicos] https://www.economicos.cl/search/propiedades/vitacura/arriendo/departamento/0 rebotó al GET; se reintenta con navegador
17:27:40 DEBUG   [bienesonline] 16 avisos vía tarjetas
17:27:40 INFO      bienesonline: 16 avisos en 1s
17:27:40 INFO    Barriendo iCasas (icasas)…
17:27:41 DEBUG   [icasas] 15 avisos vía tarjetas
17:27:41 DEBUG   [toctoc] 20 avisos vía json-ld
17:27:42 INFO      economicos: 0 avisos en 3s
17:27:42 INFO    Barriendo Doomos (doomos)…
17:27:43 DEBUG   [icasas] 15 avisos vía tarjetas
17:27:43 INFO      icasas: 30 avisos en 3s
17:27:43 INFO    Barriendo Top Propiedades (toppropiedades)…
17:27:44 DEBUG   [doomos] 32 avisos vía tarjetas
17:27:44 INFO      doomos: 32 avisos en 2s
17:27:44 INFO    Barriendo Nuroa (nuroa)…
17:27:45 DEBUG   Encoding detection: ascii is most likely the one.
17:27:46 DEBUG   [nuroa] 25 avisos vía json-ld
17:27:48 DEBUG   [toppropiedades] 1 avisos vía json-ld
17:27:48 DEBUG   [nuroa] 25 avisos vía json-ld
17:27:49 DEBUG   La red no quedó en silencio en https://www.toctoc.com/arriendo/departamento/metropolitana/vitacura/3-dormitorios?pagina=2; se lee igual
17:27:49 DEBUG   [toctoc] 20 avisos vía json-ld
17:27:50 DEBUG   [toppropiedades] 1 avisos vía json-ld
17:27:50 DEBUG   [nuroa] 25 avisos vía json-ld
17:27:52 DEBUG   [toppropiedades] 1 avisos vía json-ld
17:27:52 DEBUG   [nuroa] 25 avisos vía json-ld
17:27:53 INFO      nuroa: 100 avisos en 8s
17:27:53 INFO    Barriendo Mitula (mitula)…
17:27:54 DEBUG   [toppropiedades] 1 avisos vía json-ld
17:27:55 DEBUG   [mitula] 30 avisos vía json-ld
17:27:56 DEBUG   [toppropiedades] 1 avisos vía json-ld
17:27:56 DEBUG   [mitula] 30 avisos vía json-ld
17:27:57 INFO      mitula: 60 avisos en 4s
17:27:57 INFO    Barriendo Houm (houm)…
17:27:57 DEBUG   La red no quedó en silencio en https://www.toctoc.com/arriendo/departamento/metropolitana/vitacura/3-dormitorios?pagina=3; se lee igual
17:27:58 DEBUG   [toctoc] 20 avisos vía json-ld
17:27:58 DEBUG   [toppropiedades] 1 avisos vía json-ld
17:28:00 DEBUG   [toppropiedades] 1 avisos vía json-ld
17:28:02 DEBUG   [toppropiedades] 1 avisos vía json-ld
17:28:02 INFO      toppropiedades: 8 avisos en 19s
17:28:02 INFO    Barriendo Hey! Homes (heyhomes)…
17:28:04 DEBUG   [heyhomes] 9 avisos vía tarjetas
17:28:04 INFO      heyhomes: 9 avisos en 3s
17:28:04 INFO    Barriendo Engel & Völkers (engelvoelkers)…
17:28:05 DEBUG   La red no quedó en silencio en https://houm.com/cl/arriendo-departamentos-region-metropolitana/vitacura/3-dormitorios; se lee igual
17:28:05 DEBUG   [houm] 28 avisos vía json-ld
17:28:08 DEBUG   La red no quedó en silencio en https://www.toctoc.com/arriendo/departamento/metropolitana/vitacura/4-dormitorios; se lee igual
17:28:08 DEBUG   [toctoc] 20 avisos vía json-ld
17:28:12 DEBUG   [engelvoelkers] 17 avisos vía tarjetas
17:28:12 INFO      engelvoelkers: 17 avisos en 8s
17:28:12 INFO    Barriendo RE/MAX Chile (remax)…
17:28:17 DEBUG   La red no quedó en silencio en https://houm.com/cl/arriendo-departamento-región-metropolitana/las-condes/170742; se lee igual
17:28:17 DEBUG   [houm] 1 avisos vía estado-embebido
17:28:18 DEBUG   [toctoc] 14 avisos vía json-ld
17:28:20 DEBUG   [goplaceit] 30 avisos vía json-ld
17:28:25 DEBUG   La red no quedó en silencio en https://www.remax.cl/es-cl/busqueda/metropolitana-de-santiago/santiago/vitacura/residencial-departamento/arriendo/; se lee igual
17:28:25 DEBUG   [remax] 4 avisos vía tarjetas
17:28:27 DEBUG   La red no quedó en silencio en https://houm.com/cl/arriendo-departamento-región-metropolitana/las-condes/175757; se lee igual
17:28:27 DEBUG   [houm] 1 avisos vía estado-embebido
17:28:32 DEBUG   La red no quedó en silencio en https://www.toctoc.com/arriendo/departamento/metropolitana/vitacura/4-dormitorios?pagina=3; se lee igual
17:28:32 DEBUG   [toctoc] 20 avisos vía json-ld
17:28:32 INFO      toctoc: 114 avisos en 58s
17:28:32 INFO    Barriendo Fuenzalida Propiedades (fuenzalida)…
17:28:36 DEBUG   [fuenzalida] 16 avisos vía tarjetas
17:28:37 DEBUG   La red no quedó en silencio en https://www.remax.cl/es-cl/busqueda/metropolitana-de-santiago/santiago/vitacura/residencial-departamento/arriendo/?page=2; se lee igual
17:28:38 DEBUG   [remax] 4 avisos vía tarjetas
17:28:38 INFO      remax: 8 avisos en 25s
17:28:38 INFO    Barriendo Century 21 Chile (century21)…
17:28:39 INFO      century21: 0 avisos en 2s
17:28:39 DEBUG   La red no quedó en silencio en https://houm.com/cl/arriendo-departamento-región-metropolitana/lo-barnechea/74201; se lee igual
17:28:39 INFO    Barriendo Property Partners (propertypartners)…
17:28:39 DEBUG   [houm] 1 avisos vía estado-embebido
17:28:40 DEBUG   [propertypartners] 1 avisos vía tarjetas
17:28:40 INFO      propertypartners: 1 avisos en 0s
17:28:40 INFO    Barriendo Acceso Inmobiliario (accesoinmobiliario)…
17:28:40 DEBUG   [fuenzalida] 20 avisos vía tarjetas
17:28:44 DEBUG   [fuenzalida] 20 avisos vía tarjetas
17:28:44 INFO      fuenzalida: 56 avisos en 11s
17:28:44 INFO    Barriendo Magnolia Property (magnoliaproperty)…
17:28:44 DEBUG   [accesoinmobiliario] 16 avisos vía tarjetas
17:28:45 DEBUG   [magnoliaproperty] 6 avisos vía tarjetas
17:28:45 INFO      magnoliaproperty: 6 avisos en 1s
17:28:45 INFO    Barriendo Portilla Propiedades (portillapropiedades)…
17:28:45 DEBUG   [portillapropiedades] 2 avisos vía tarjetas
17:28:45 INFO      portillapropiedades: 2 avisos en 1s
17:28:45 INFO    Barriendo Nativo Propiedades (nativopropiedades)…
17:28:46 DEBUG   [nativopropiedades] 10 avisos vía tarjetas
17:28:46 INFO      nativopropiedades: 10 avisos en 1s
17:28:46 INFO    Barriendo Enlace Inmobiliario (enlaceinmobiliario)…
17:28:46 WARNING https://www.enlaceinmobiliario.cl/ respondió 403
17:28:46 INFO    [enlaceinmobiliario] https://www.enlaceinmobiliario.cl/ rebotó al GET; se reintenta con navegador
17:28:47 DEBUG   La red no quedó en silencio en https://houm.com/cl/arriendo-departamento-región-metropolitana/providencia/175947; se lee igual
17:28:47 DEBUG   [houm] 1 avisos vía estado-embebido
17:28:49 DEBUG   [accesoinmobiliario] 1 avisos vía tarjetas
17:28:54 DEBUG   La red no quedó en silencio en https://www.enlaceinmobiliario.cl/; se lee igual
17:28:54 INFO      enlaceinmobiliario: 0 avisos en 8s
17:28:54 INFO    Barriendo Rentas.cl (rentas_cl)…
17:28:56 DEBUG   [rentas_cl] 1 avisos vía json-ld
17:28:56 INFO      rentas_cl: 1 avisos en 2s
17:28:56 INFO    Barriendo Arriendos.cl (arriendos_cl)…
17:28:56 DEBUG   La red no quedó en silencio en https://houm.com/cl/arriendo-departamento-región-metropolitana/ñuñoa/174379; se lee igual
17:28:56 DEBUG   [houm] 1 avisos vía estado-embebido
17:28:57 INFO      arriendos_cl: 0 avisos en 1s
17:28:57 INFO    Barriendo Propiedades.cl (propiedades_cl)…
17:28:58 DEBUG   [propiedades_cl] 6 avisos vía tarjetas
17:28:58 INFO      propiedades_cl: 6 avisos en 1s
17:28:58 INFO    Barriendo Clasificados.cl (clasificados_cl)…
17:29:00 DEBUG   [clasificados_cl] 1 avisos vía tarjetas
17:29:00 INFO      clasificados_cl: 1 avisos en 2s
17:29:06 DEBUG   La red no quedó en silencio en https://houm.com/cl/arriendo-departamento-región-metropolitana/recoleta/179872; se lee igual
17:29:06 DEBUG   [houm] 1 avisos vía estado-embebido
17:29:08 DEBUG   [accesoinmobiliario] 1 avisos vía tarjetas
17:29:10 DEBUG   [accesoinmobiliario] 1 avisos vía tarjetas
17:29:14 DEBUG   [goplaceit] 30 avisos vía json-ld
17:29:15 DEBUG   La red no quedó en silencio en https://houm.com/cl/arriendo-departamento-región-metropolitana/recoleta/178185; se lee igual
17:29:15 DEBUG   [houm] 1 avisos vía estado-embebido
17:29:15 DEBUG   [accesoinmobiliario] 1 avisos vía tarjetas
17:29:23 DEBUG   La red no quedó en silencio en https://houm.com/cl/arriendo-departamento-región-metropolitana/las-condes/177842; se lee igual
17:29:23 DEBUG   [houm] 1 avisos vía estado-embebido
17:29:23 INFO      houm: 36 avisos en 87s
17:29:28 INFO      accesoinmobiliario: 20 avisos en 49s
17:29:41 INFO      goplaceit: 90 avisos en 126s
17:29:41 INFO    Total crudo: 676 avisos
17:29:41 INFO    Después de deduplicar: 426
17:29:41 INFO    Pasaron los filtros: 44
17:30:00 DEBUG   [doomos] 18 avisos vía tarjetas
17:30:00 DEBUG   Ficha de YVT22 sin candidato propio; no se fusiona
17:30:01 DEBUG   Ficha de HW5MX sin candidato propio; no se fusiona
17:30:02 DEBUG   [doomos] 27 avisos vía tarjetas
17:30:02 DEBUG   Ficha de U44VT sin candidato propio; no se fusiona
17:30:04 DEBUG   [doomos] 27 avisos vía tarjetas
17:30:04 DEBUG   Ficha de KNAE9 sin candidato propio; no se fusiona
17:30:06 DEBUG   [doomos] 27 avisos vía tarjetas
17:30:06 DEBUG   Ficha de PR3QK sin candidato propio; no se fusiona
17:30:09 DEBUG   [doomos] 27 avisos vía tarjetas
17:30:09 DEBUG   Ficha de 2HWEW sin candidato propio; no se fusiona
17:30:19 DEBUG   [doomos] 27 avisos vía tarjetas
17:30:19 DEBUG   Ficha de ZWNAN sin candidato propio; no se fusiona
17:30:20 DEBUG   [busconido] 10 avisos vía tarjetas
17:30:20 DEBUG   Ficha de RKUK4 sin candidato propio; no se fusiona
17:30:22 DEBUG   [busconido] 10 avisos vía tarjetas
17:30:22 DEBUG   Ficha de DWAVU sin candidato propio; no se fusiona
17:30:24 DEBUG   [busconido] 10 avisos vía tarjetas
17:30:24 DEBUG   Ficha de 3QCA2 sin candidato propio; no se fusiona
17:30:26 DEBUG   [busconido] 10 avisos vía tarjetas
17:30:26 DEBUG   Ficha de 8ST9E sin candidato propio; no se fusiona
17:30:27 DEBUG   [doomos] 27 avisos vía tarjetas
17:30:27 DEBUG   Ficha de FQ6XQ sin candidato propio; no se fusiona
17:30:28 DEBUG   [busconido] 10 avisos vía tarjetas
17:30:28 DEBUG   Ficha de 3R9E8 sin candidato propio; no se fusiona
17:30:31 DEBUG   [engelvoelkers] 1 avisos vía json-ld
17:30:35 INFO    Enriquecido y descartado: YAVJA (arriendo de $3.517.371 sobre el máximo negociable de $1.904.000)
17:30:36 DEBUG   [busconido] 10 avisos vía tarjetas
17:30:36 DEBUG   Ficha de 2SEPC sin candidato propio; no se fusiona
17:30:41 INFO    Enriquecido y descartado: CC2AY (arriendo de $2.032.258 sobre el máximo negociable de $1.904.000)
17:30:42 DEBUG   [doomos] 18 avisos vía tarjetas
17:30:42 DEBUG   Ficha de J5JN4 sin candidato propio; no se fusiona
17:30:48 DEBUG   [toctoc] 1 avisos vía estado-embebido
17:30:58 DEBUG   [doomos] 27 avisos vía tarjetas
17:30:58 DEBUG   Ficha de P8XMT sin candidato propio; no se fusiona
17:31:04 DEBUG   [toctoc] 1 avisos vía estado-embebido
17:31:08 DEBUG   [toctoc] 1 avisos vía estado-embebido
17:31:19 DEBUG   [toctoc] 1 avisos vía estado-embebido
17:31:23 INFO    Enriquecido y descartado: 75BRH (arriendo de $2.931.142 sobre el máximo negociable de $1.904.000)
17:31:47 INFO    Enriquecido y descartado: 75BRH (arriendo de $2.149.504 sobre el máximo negociable de $1.904.000)
17:31:51 INFO    Enriquecido y descartado: 75BRH (arriendo de $1.954.095 sobre el máximo negociable de $1.904.000)
17:32:07 DEBUG   [toctoc] 1 avisos vía estado-embebido
17:32:17 DEBUG   [toctoc] 1 avisos vía estado-embebido
17:32:21 INFO    Enriquecido y descartado: 75BRH (arriendo de $4.299.009 sobre el máximo negociable de $1.904.000)
17:32:25 INFO    Fichas leídas: 44 — 1 ganaron el año, 0 la dirección; 6 se descartaron al verlas (0 por viejos)
17:32:28 DEBUG   [engelvoelkers] 1 avisos vía json-ld
17:32:30 INFO    Listo: 1 avisados de 38 candidatos
