20:13:01 INFO    UF = $41.008.10 (API del día)
20:13:01 INFO    Barriendo TocToc (toctoc)…
20:13:01 INFO    Barriendo Chilepropiedades (chilepropiedades)…
20:13:01 INFO    Barriendo GoPlaceIt (goplaceit)…
20:13:01 INFO    Barriendo Yapo (yapo)…
20:13:01 WARNING https://www.yapo.cl/bienes-raices-alquiler-apartamentos/region-metropolitana-vitacura respondió 403
20:13:01 INFO    [yapo] https://www.yapo.cl/bienes-raices-alquiler-apartamentos/region-metropolitana-vitacura rebotó al GET; se reintenta con navegador
20:13:01 DEBUG   [chilepropiedades] 10 avisos vía tarjetas
20:13:03 DEBUG   [chilepropiedades] 10 avisos vía tarjetas
20:13:05 DEBUG   [chilepropiedades] 10 avisos vía tarjetas
20:13:05 INFO      chilepropiedades: 30 avisos en 5s
20:13:05 INFO    Barriendo BuscoNido (busconido)…
20:13:05 DEBUG   [goplaceit] 30 avisos vía json-ld
20:13:06 DEBUG   [busconido] 23 avisos vía tarjetas
20:13:06 INFO      busconido: 23 avisos en 0s
20:13:06 INFO    Barriendo BienesOnline (bienesonline)…
20:13:07 DEBUG   [bienesonline] 17 avisos vía tarjetas
20:13:07 INFO      bienesonline: 17 avisos en 2s
20:13:07 INFO    Barriendo Economicos (El Mercurio) (economicos)…
20:13:08 WARNING https://www.economicos.cl/search/propiedades/vitacura/arriendo/departamento/0 respondió 403
20:13:08 INFO    [economicos] https://www.economicos.cl/search/propiedades/vitacura/arriendo/departamento/0 rebotó al GET; se reintenta con navegador
20:13:10 DEBUG   La red no quedó en silencio en https://www.toctoc.com/arriendo/departamento/metropolitana/vitacura/3-dormitorios; se lee igual
20:13:11 DEBUG   [toctoc] 20 avisos vía json-ld
20:13:12 DEBUG   La red no quedó en silencio en https://www.yapo.cl/bienes-raices-alquiler-apartamentos/region-metropolitana-vitacura; se lee igual
20:13:12 INFO      yapo: 0 avisos en 11s
20:13:12 INFO    Barriendo iCasas (icasas)…
20:13:12 DEBUG   [icasas] 15 avisos vía tarjetas
20:13:13 INFO      economicos: 0 avisos en 6s
20:13:13 INFO    Barriendo Doomos (doomos)…
20:13:14 DEBUG   [icasas] 15 avisos vía tarjetas
20:13:14 INFO      icasas: 30 avisos en 2s
20:13:14 INFO    Barriendo Top Propiedades (toppropiedades)…
20:13:15 DEBUG   [doomos] 32 avisos vía tarjetas
20:13:15 INFO      doomos: 32 avisos en 2s
20:13:15 INFO    Barriendo Nuroa (nuroa)…
20:13:16 DEBUG   Encoding detection: ascii is most likely the one.
20:13:17 DEBUG   [nuroa] 25 avisos vía json-ld
20:13:18 DEBUG   [toppropiedades] 1 avisos vía json-ld
20:13:19 DEBUG   [nuroa] 25 avisos vía json-ld
20:13:20 DEBUG   [toppropiedades] 1 avisos vía json-ld
20:13:21 DEBUG   La red no quedó en silencio en https://www.toctoc.com/arriendo/departamento/metropolitana/vitacura/3-dormitorios?pagina=2; se lee igual
20:13:21 DEBUG   [nuroa] 25 avisos vía json-ld
20:13:22 DEBUG   [toctoc] 20 avisos vía json-ld
20:13:22 DEBUG   [toppropiedades] 1 avisos vía json-ld
20:13:23 DEBUG   [nuroa] 25 avisos vía json-ld
20:13:23 INFO      nuroa: 100 avisos en 8s
20:13:23 INFO    Barriendo Mitula (mitula)…
20:13:24 WARNING https://casas.mitula.cl/casas/arriendo-departamentos-vitacura respondió 401
20:13:24 INFO    [mitula] https://casas.mitula.cl/casas/arriendo-departamentos-vitacura rebotó al GET; se reintenta con navegador
20:13:24 DEBUG   [toppropiedades] 1 avisos vía json-ld
20:13:26 DEBUG   [toppropiedades] 1 avisos vía json-ld
20:13:28 DEBUG   [toppropiedades] 1 avisos vía json-ld
20:13:29 INFO      mitula: 0 avisos en 6s
20:13:29 INFO    Barriendo Houm (houm)…
20:13:29 DEBUG   La red no quedó en silencio en https://www.toctoc.com/arriendo/departamento/metropolitana/vitacura/3-dormitorios?pagina=3; se lee igual
20:13:30 DEBUG   [toctoc] 20 avisos vía json-ld
20:13:30 DEBUG   [toppropiedades] 1 avisos vía json-ld
20:13:32 DEBUG   [toppropiedades] 1 avisos vía json-ld
20:13:32 INFO      toppropiedades: 8 avisos en 18s
20:13:32 INFO    Barriendo Hey! Homes (heyhomes)…
20:13:36 DEBUG   [heyhomes] 9 avisos vía tarjetas
20:13:36 INFO      heyhomes: 9 avisos en 3s
20:13:36 INFO    Barriendo Engel & Völkers (engelvoelkers)…
20:13:37 DEBUG   La red no quedó en silencio en https://houm.com/cl/arriendo-departamentos-region-metropolitana/vitacura/3-dormitorios; se lee igual
20:13:37 DEBUG   [houm] 28 avisos vía json-ld
20:13:40 DEBUG   [toctoc] 20 avisos vía json-ld
20:13:44 DEBUG   [engelvoelkers] 15 avisos vía tarjetas
20:13:44 INFO      engelvoelkers: 15 avisos en 8s
20:13:44 INFO    Barriendo RE/MAX Chile (remax)…
20:13:49 DEBUG   La red no quedó en silencio en https://houm.com/cl/arriendo-departamento-región-metropolitana/las-condes/170742; se lee igual
20:13:49 DEBUG   [houm] 1 avisos vía estado-embebido
20:13:51 DEBUG   La red no quedó en silencio en https://www.toctoc.com/arriendo/departamento/metropolitana/vitacura/4-dormitorios?pagina=2; se lee igual
20:13:52 DEBUG   [toctoc] 20 avisos vía json-ld
20:13:53 DEBUG   [goplaceit] 30 avisos vía json-ld
20:13:56 INFO      remax: 0 avisos en 12s
20:13:56 INFO    Barriendo Fuenzalida Propiedades (fuenzalida)…
20:14:00 DEBUG   La red no quedó en silencio en https://houm.com/cl/arriendo-departamento-región-metropolitana/lo-barnechea/74201; se lee igual
20:14:00 DEBUG   [houm] 1 avisos vía estado-embebido
20:14:00 DEBUG   [fuenzalida] 16 avisos vía tarjetas
20:14:03 DEBUG   La red no quedó en silencio en https://www.toctoc.com/arriendo/departamento/metropolitana/vitacura/4-dormitorios?pagina=3; se lee igual
20:14:04 DEBUG   [toctoc] 20 avisos vía json-ld
20:14:04 INFO      toctoc: 120 avisos en 63s
20:14:04 INFO    Barriendo Century 21 Chile (century21)…
20:14:04 DEBUG   [fuenzalida] 20 avisos vía tarjetas
20:14:05 INFO      century21: 0 avisos en 1s
20:14:05 INFO    Barriendo Property Partners (propertypartners)…
20:14:06 DEBUG   [propertypartners] 1 avisos vía tarjetas
20:14:06 INFO      propertypartners: 1 avisos en 1s
20:14:06 INFO    Barriendo Acceso Inmobiliario (accesoinmobiliario)…
20:14:08 DEBUG   [fuenzalida] 20 avisos vía tarjetas
20:14:08 INFO      fuenzalida: 56 avisos en 12s
20:14:08 INFO    Barriendo Magnolia Property (magnoliaproperty)…
20:14:08 DEBUG   [magnoliaproperty] 7 avisos vía tarjetas
20:14:08 INFO      magnoliaproperty: 7 avisos en 0s
20:14:08 INFO    Barriendo Portilla Propiedades (portillapropiedades)…
20:14:09 DEBUG   [portillapropiedades] 2 avisos vía tarjetas
20:14:09 INFO      portillapropiedades: 2 avisos en 0s
20:14:09 INFO    Barriendo Nativo Propiedades (nativopropiedades)…
20:14:10 DEBUG   [nativopropiedades] 10 avisos vía tarjetas
20:14:10 INFO      nativopropiedades: 10 avisos en 1s
20:14:10 INFO    Barriendo Enlace Inmobiliario (enlaceinmobiliario)…
20:14:10 WARNING https://www.enlaceinmobiliario.cl/ respondió 403
20:14:10 INFO    [enlaceinmobiliario] https://www.enlaceinmobiliario.cl/ rebotó al GET; se reintenta con navegador
20:14:11 DEBUG   La red no quedó en silencio en https://houm.com/cl/arriendo-departamento-región-metropolitana/recoleta/179872; se lee igual
20:14:11 DEBUG   [houm] 1 avisos vía estado-embebido
20:14:13 DEBUG   [accesoinmobiliario] 16 avisos vía tarjetas
20:14:18 DEBUG   La red no quedó en silencio en https://www.enlaceinmobiliario.cl/; se lee igual
20:14:18 INFO      enlaceinmobiliario: 0 avisos en 8s
20:14:18 INFO    Barriendo Rentas.cl (rentas_cl)…
20:14:20 DEBUG   [rentas_cl] 1 avisos vía json-ld
20:14:20 INFO      rentas_cl: 1 avisos en 2s
20:14:20 INFO    Barriendo Arriendos.cl (arriendos_cl)…
20:14:21 DEBUG   [accesoinmobiliario] 1 avisos vía tarjetas
20:14:22 INFO      arriendos_cl: 0 avisos en 1s
20:14:22 INFO    Barriendo Propiedades.cl (propiedades_cl)…
20:14:22 DEBUG   [propiedades_cl] 6 avisos vía tarjetas
20:14:22 INFO      propiedades_cl: 6 avisos en 0s
20:14:22 INFO    Barriendo Clasificados.cl (clasificados_cl)…
20:14:24 DEBUG   La red no quedó en silencio en https://houm.com/cl/arriendo-departamento-región-metropolitana/recoleta/178185; se lee igual
20:14:24 DEBUG   [houm] 1 avisos vía estado-embebido
20:14:25 DEBUG   [clasificados_cl] 1 avisos vía tarjetas
20:14:25 INFO      clasificados_cl: 1 avisos en 3s
20:14:32 DEBUG   La red no quedó en silencio en https://houm.com/cl/arriendo-departamento-región-metropolitana/recoleta/176207; se lee igual
20:14:32 DEBUG   [houm] 1 avisos vía estado-embebido
20:14:38 DEBUG   [accesoinmobiliario] 1 avisos vía tarjetas
20:14:40 DEBUG   La red no quedó en silencio en https://houm.com/cl/arriendo-departamento-región-metropolitana/las-condes/177842; se lee igual
20:14:40 DEBUG   [houm] 1 avisos vía estado-embebido
20:14:41 DEBUG   [goplaceit] 30 avisos vía json-ld
20:14:48 DEBUG   La red no quedó en silencio en https://houm.com/cl/arriendo-departamento-región-metropolitana/recoleta/176958; se lee igual
20:14:48 DEBUG   [houm] 1 avisos vía estado-embebido
20:14:56 DEBUG   La red no quedó en silencio en https://houm.com/cl/arriendo-departamento-región-metropolitana/recoleta/90462; se lee igual
20:14:56 DEBUG   [houm] 1 avisos vía estado-embebido
20:14:56 INFO      houm: 36 avisos en 87s
20:14:57 DEBUG   [accesoinmobiliario] 1 avisos vía tarjetas
20:14:57 INFO      accesoinmobiliario: 19 avisos en 51s
20:15:12 INFO      goplaceit: 90 avisos en 132s
20:15:12 INFO    Total crudo: 613 avisos
20:15:13 INFO    Después de deduplicar: 421
20:15:13 INFO    Pasaron los filtros: 50
20:15:35 DEBUG   [doomos] 18 avisos vía tarjetas
20:15:35 DEBUG   Ficha de YVT22 sin candidato propio; no se fusiona
20:15:36 DEBUG   Ficha de HW5MX sin candidato propio; no se fusiona
20:15:38 DEBUG   [doomos] 27 avisos vía tarjetas
20:15:38 DEBUG   Ficha de U44VT sin candidato propio; no se fusiona
20:15:41 DEBUG   [doomos] 27 avisos vía tarjetas
20:15:41 DEBUG   Ficha de KNAE9 sin candidato propio; no se fusiona
20:15:43 DEBUG   [doomos] 27 avisos vía tarjetas
20:15:43 DEBUG   Ficha de PR3QK sin candidato propio; no se fusiona
20:15:48 DEBUG   [doomos] 27 avisos vía tarjetas
20:15:48 DEBUG   Ficha de 2HWEW sin candidato propio; no se fusiona
20:15:54 DEBUG   [doomos] 27 avisos vía tarjetas
20:15:54 DEBUG   Ficha de ZWNAN sin candidato propio; no se fusiona
20:15:54 DEBUG   [busconido] 10 avisos vía tarjetas
20:15:54 DEBUG   Ficha de 62YXU sin candidato propio; no se fusiona
20:16:00 DEBUG   [doomos] 27 avisos vía tarjetas
20:16:00 DEBUG   Ficha de FQ6XQ sin candidato propio; no se fusiona
20:16:00 DEBUG   [busconido] 10 avisos vía tarjetas
20:16:00 DEBUG   Ficha de ZKDXZ sin candidato propio; no se fusiona
20:16:02 DEBUG   [busconido] 10 avisos vía tarjetas
20:16:02 DEBUG   Ficha de RAVFS sin candidato propio; no se fusiona
20:16:04 DEBUG   [busconido] 10 avisos vía tarjetas
20:16:04 DEBUG   Ficha de AM5PH sin candidato propio; no se fusiona
20:16:07 INFO    Enriquecido y descartado: YAVJA (arriendo de $3.517.371 sobre el máximo negociable de $1.904.000)
20:16:11 INFO    Enriquecido y descartado: CC2AY (arriendo de $2.032.258 sobre el máximo negociable de $1.904.000)
20:16:11 DEBUG   [busconido] 10 avisos vía tarjetas
20:16:11 DEBUG   Ficha de V5F7H sin candidato propio; no se fusiona
20:16:15 INFO    Enriquecido y descartado: 7DKB3 (arriendo de $2.266.750 sobre el máximo negociable de $1.904.000)
20:16:18 DEBUG   [doomos] 18 avisos vía tarjetas
20:16:18 DEBUG   Ficha de J5JN4 sin candidato propio; no se fusiona
20:16:24 DEBUG   [engelvoelkers] 1 avisos vía json-ld
20:16:29 DEBUG   [doomos] 27 avisos vía tarjetas
20:16:29 DEBUG   Ficha de P8XMT sin candidato propio; no se fusiona
20:16:35 DEBUG   [toctoc] 1 avisos vía estado-embebido
20:16:44 DEBUG   [toctoc] 1 avisos vía estado-embebido
20:16:49 DEBUG   [toctoc] 1 avisos vía estado-embebido
20:16:57 DEBUG   La red no quedó en silencio en https://www.toctoc.com/arriendo/departamento/metropolitana/vitacura/b_8c9ee4012cd3abae9a346f5c20131ca3ab90095d; se lee igual
20:16:57 DEBUG   [toctoc] 1 avisos vía estado-embebido
20:16:57 DEBUG   [chilepropiedades] 2 avisos vía json-ld
20:16:57 WARNING robots.txt no permite https://www.nuroa.cl/adform/10342-912-b45c-1a0ce6e-984c-ada286d9a1f6-77e4?click_type=0&pos=11&searchType=2&page=1&section=1&t_sec=1&sectionType=1&pageViewId=81767100-34da-4a14-bdae-4dd3d2166efc&t_pvid=81767100-34da-4a14-bdae-4dd3d2166efc&userAgent=Mozilla%2F5.0+%28compatible%3B+radar-arriendos%2F1.0%3B+uso+personal%2C+busqueda+de+arriendo%3B+%2Bhttps%3A%2F%2Fgithub.com%2Falfonsoandona%2Farriendos-vitacura%29&browser=1&isHuman=true&userIp=52.250.243.103&what=vitacura+departamento&search_terms=vitacura+departamento&origin=1&t_or=1&splitTestId=0 — se omite
20:17:02 DEBUG   [toctoc] 1 avisos vía estado-embebido
20:17:09 DEBUG   La red no quedó en silencio en https://www.goplaceit.com/cl/propiedad/arriendo/departamento/vitacura/12687952-departamento-en-arriendo-en-teresa-concha-walter-con-las-hualtatas; se lee igual
20:17:09 INFO    Enriquecido y descartado: 75BRH (arriendo de $2.931.142 sobre el máximo negociable de $1.904.000)
20:17:16 DEBUG   La red no quedó en silencio en https://www.goplaceit.com/cl/propiedad/arriendo/departamento/vitacura/12383418-arriendo-espectacular-depto-pio-xi-andres-de-vera-vitacura; se lee igual
20:17:28 DEBUG   La red no quedó en silencio en https://www.goplaceit.com/cl/propiedad/arriendo/departamento/vitacura/12848517-departamento-en-arriendo-en-en-condominio-via-aurora; se lee igual
20:17:39 INFO    Enriquecido y descartado: 75BRH (arriendo de $2.149.504 sobre el máximo negociable de $1.904.000)
20:17:42 INFO    Enriquecido y descartado: 75BRH (arriendo de $1.954.095 sobre el máximo negociable de $1.904.000)
20:18:01 DEBUG   La red no quedó en silencio en https://www.toctoc.com/arriendo/departamento/metropolitana/vitacura/b_8d7cfebe1062033f05e1df1296cb8647a46a8d1b; se lee igual
20:18:01 DEBUG   [toctoc] 1 avisos vía estado-embebido
20:18:02 DEBUG   [magnoliaproperty] 2 avisos vía tarjetas
20:18:02 INFO    Enriquecido y descartado: TW38B (arriendo de $3.075.607 sobre el máximo negociable de $1.904.000)
20:18:08 DEBUG   [toctoc] 1 avisos vía estado-embebido
20:18:11 WARNING robots.txt no permite https://www.nuroa.cl/adform/10342-912-e7f8-1a0a016-97e0-4460cb69457-7a3c?click_type=0&pos=5&searchType=1&page=3&section=1&t_sec=1&sectionType=1&pageViewId=6be6eafc-3204-4001-81e8-94a44b0c2d52&t_pvid=6be6eafc-3204-4001-81e8-94a44b0c2d52&userAgent=Mozilla%2F5.0+%28compatible%3B+radar-arriendos%2F1.0%3B+uso+personal%2C+busqueda+de+arriendo%3B+%2Bhttps%3A%2F%2Fgithub.com%2Falfonsoandona%2Farriendos-vitacura%29&browser=1&isHuman=true&userIp=52.250.243.103&what=vitacura+departamento&search_terms=vitacura+departamento&origin=1&t_or=1&splitTestId=0 — se omite
20:18:17 DEBUG   [toctoc] 1 avisos vía estado-embebido
20:18:21 INFO    Enriquecido y descartado: 75BRH (arriendo de $4.299.009 sobre el máximo negociable de $1.904.000)
20:18:25 INFO    Fichas leídas: 50 — 1 ganaron el año, 0 la dirección; 8 se descartaron al verlas (0 por viejos)
20:18:26 INFO    Listo: 1 avisados de 42 candidatos
