01:14:47 INFO    UF = $41.016.28 (API del día)
01:14:47 INFO    Barriendo TocToc (toctoc)…
01:14:47 INFO    Barriendo Chilepropiedades (chilepropiedades)…
01:14:47 INFO    Barriendo GoPlaceIt (goplaceit)…
01:14:47 INFO    Barriendo Yapo (yapo)…
01:14:47 WARNING https://www.yapo.cl/bienes-raices-alquiler-apartamentos/region-metropolitana-vitacura respondió 403
01:14:47 INFO    [yapo] https://www.yapo.cl/bienes-raices-alquiler-apartamentos/region-metropolitana-vitacura rebotó al GET; se reintenta con navegador
01:14:48 DEBUG   [chilepropiedades] 10 avisos vía tarjetas
01:14:50 DEBUG   [chilepropiedades] 10 avisos vía tarjetas
01:14:52 DEBUG   [chilepropiedades] 10 avisos vía tarjetas
01:14:52 INFO      chilepropiedades: 30 avisos en 4s
01:14:52 INFO    Barriendo BuscoNido (busconido)…
01:14:52 DEBUG   [busconido] 23 avisos vía tarjetas
01:14:52 INFO      busconido: 23 avisos en 1s
01:14:52 INFO    Barriendo BienesOnline (bienesonline)…
01:14:53 DEBUG   [bienesonline] 17 avisos vía tarjetas
01:14:53 INFO      bienesonline: 17 avisos en 1s
01:14:53 INFO    Barriendo Economicos (El Mercurio) (economicos)…
01:14:54 DEBUG   [economicos] 20 avisos vía tarjetas
01:14:54 DEBUG   La red no quedó en silencio en https://www.yapo.cl/bienes-raices-alquiler-apartamentos/region-metropolitana-vitacura; se lee igual
01:14:54 INFO      yapo: 0 avisos en 7s
01:14:54 INFO    Barriendo iCasas (icasas)…
01:14:55 DEBUG   La red no quedó en silencio en https://www.toctoc.com/arriendo/departamento/metropolitana/vitacura/3-dormitorios; se lee igual
01:14:55 DEBUG   [toctoc] 20 avisos vía json-ld
01:14:55 DEBUG   [icasas] 15 avisos vía tarjetas
01:14:56 DEBUG   [economicos] 18 avisos vía tarjetas
01:14:57 DEBUG   [icasas] 15 avisos vía tarjetas
01:14:57 INFO      icasas: 30 avisos en 3s
01:14:57 INFO    Barriendo Doomos (doomos)…
01:14:58 DEBUG   [economicos] 13 avisos vía tarjetas
01:14:58 INFO      economicos: 51 avisos en 4s
01:14:58 INFO    Barriendo Top Propiedades (toppropiedades)…
01:14:58 DEBUG   [goplaceit] 30 avisos vía json-ld
01:14:59 DEBUG   [doomos] 32 avisos vía tarjetas
01:15:00 INFO      doomos: 32 avisos en 2s
01:15:00 INFO    Barriendo Nuroa (nuroa)…
01:15:00 DEBUG   Encoding detection: ascii is most likely the one.
01:15:01 DEBUG   [toppropiedades] 1 avisos vía json-ld
01:15:01 DEBUG   [nuroa] 25 avisos vía json-ld
01:15:02 DEBUG   La red no quedó en silencio en https://www.toctoc.com/arriendo/departamento/metropolitana/vitacura/3-dormitorios?pagina=2; se lee igual
01:15:03 DEBUG   [toctoc] 20 avisos vía json-ld
01:15:03 DEBUG   [nuroa] 25 avisos vía json-ld
01:15:03 DEBUG   [toppropiedades] 1 avisos vía json-ld
01:15:05 DEBUG   [toppropiedades] 1 avisos vía json-ld
01:15:05 DEBUG   [nuroa] 25 avisos vía json-ld
01:15:07 DEBUG   [nuroa] 25 avisos vía json-ld
01:15:07 DEBUG   [toppropiedades] 1 avisos vía json-ld
01:15:07 INFO      nuroa: 100 avisos en 8s
01:15:07 INFO    Barriendo Mitula (mitula)…
01:15:09 DEBUG   [toppropiedades] 1 avisos vía json-ld
01:15:10 DEBUG   [mitula] 30 avisos vía json-ld
01:15:11 DEBUG   La red no quedó en silencio en https://www.toctoc.com/arriendo/departamento/metropolitana/vitacura/3-dormitorios?pagina=3; se lee igual
01:15:11 DEBUG   [mitula] 30 avisos vía json-ld
01:15:11 DEBUG   [toppropiedades] 1 avisos vía json-ld
01:15:12 INFO      mitula: 60 avisos en 4s
01:15:12 INFO    Barriendo Houm (houm)…
01:15:12 DEBUG   [toctoc] 20 avisos vía json-ld
01:15:13 DEBUG   [toppropiedades] 1 avisos vía json-ld
01:15:15 DEBUG   [toppropiedades] 1 avisos vía json-ld
01:15:15 INFO      toppropiedades: 8 avisos en 18s
01:15:15 INFO    Barriendo Hey! Homes (heyhomes)…
01:15:18 DEBUG   [heyhomes] 9 avisos vía tarjetas
01:15:18 INFO      heyhomes: 9 avisos en 3s
01:15:18 INFO    Barriendo Engel & Völkers (engelvoelkers)…
01:15:19 DEBUG   La red no quedó en silencio en https://houm.com/cl/arriendo-departamentos-region-metropolitana/vitacura/3-dormitorios; se lee igual
01:15:19 DEBUG   [houm] 28 avisos vía json-ld
01:15:20 DEBUG   [toctoc] 20 avisos vía json-ld
01:15:24 DEBUG   [engelvoelkers] 15 avisos vía tarjetas
01:15:24 INFO      engelvoelkers: 15 avisos en 6s
01:15:24 INFO    Barriendo RE/MAX Chile (remax)…
01:15:31 DEBUG   La red no quedó en silencio en https://www.toctoc.com/arriendo/departamento/metropolitana/vitacura/4-dormitorios?pagina=2; se lee igual
01:15:31 DEBUG   [toctoc] 38 avisos vía json-ld
01:15:31 DEBUG   La red no quedó en silencio en https://houm.com/cl/arriendo-departamento-región-metropolitana/las-condes/170742; se lee igual
01:15:31 DEBUG   [houm] 1 avisos vía estado-embebido
01:15:35 INFO      remax: 0 avisos en 11s
01:15:35 INFO    Barriendo Fuenzalida Propiedades (fuenzalida)…
01:15:39 DEBUG   [fuenzalida] 16 avisos vía tarjetas
01:15:41 DEBUG   La red no quedó en silencio en https://www.toctoc.com/arriendo/departamento/metropolitana/vitacura/4-dormitorios?pagina=3; se lee igual
01:15:42 DEBUG   [toctoc] 20 avisos vía json-ld
01:15:42 DEBUG   La red no quedó en silencio en https://houm.com/cl/arriendo-departamento-región-metropolitana/las-condes/180318; se lee igual
01:15:42 INFO      toctoc: 138 avisos en 55s
01:15:42 INFO    Barriendo Century 21 Chile (century21)…
01:15:42 DEBUG   [houm] 1 avisos vía estado-embebido
01:15:44 INFO      century21: 0 avisos en 2s
01:15:44 INFO    Barriendo Property Partners (propertypartners)…
01:15:44 DEBUG   [fuenzalida] 20 avisos vía tarjetas
01:15:44 DEBUG   [propertypartners] 1 avisos vía tarjetas
01:15:44 INFO      propertypartners: 1 avisos en 0s
01:15:44 INFO    Barriendo Acceso Inmobiliario (accesoinmobiliario)…
01:15:49 DEBUG   [accesoinmobiliario] 16 avisos vía tarjetas
01:15:49 DEBUG   [fuenzalida] 20 avisos vía tarjetas
01:15:49 INFO      fuenzalida: 56 avisos en 14s
01:15:49 INFO    Barriendo Magnolia Property (magnoliaproperty)…
01:15:50 DEBUG   [magnoliaproperty] 6 avisos vía tarjetas
01:15:50 INFO      magnoliaproperty: 6 avisos en 1s
01:15:50 INFO    Barriendo Portilla Propiedades (portillapropiedades)…
01:15:50 DEBUG   La red no quedó en silencio en https://houm.com/cl/arriendo-departamento-región-metropolitana/lo-barnechea/74201; se lee igual
01:15:50 DEBUG   [houm] 1 avisos vía estado-embebido
01:15:51 DEBUG   [portillapropiedades] 2 avisos vía tarjetas
01:15:51 INFO      portillapropiedades: 2 avisos en 1s
01:15:51 INFO    Barriendo Nativo Propiedades (nativopropiedades)…
01:15:51 DEBUG   [goplaceit] 30 avisos vía json-ld
01:15:52 DEBUG   [nativopropiedades] 10 avisos vía tarjetas
01:15:52 INFO      nativopropiedades: 10 avisos en 1s
01:15:52 INFO    Barriendo Enlace Inmobiliario (enlaceinmobiliario)…
01:15:52 WARNING https://www.enlaceinmobiliario.cl/ respondió 403
01:15:52 INFO    [enlaceinmobiliario] https://www.enlaceinmobiliario.cl/ rebotó al GET; se reintenta con navegador
01:15:59 DEBUG   La red no quedó en silencio en https://houm.com/cl/arriendo-departamento-región-metropolitana/recoleta/179872; se lee igual
01:15:59 DEBUG   [houm] 1 avisos vía estado-embebido
01:16:01 DEBUG   [accesoinmobiliario] 1 avisos vía tarjetas
01:16:03 DEBUG   La red no quedó en silencio en https://www.enlaceinmobiliario.cl/; se lee igual
01:16:03 INFO      enlaceinmobiliario: 0 avisos en 11s
01:16:03 INFO    Barriendo Rentas.cl (rentas_cl)…
01:16:05 DEBUG   [rentas_cl] 1 avisos vía json-ld
01:16:05 INFO      rentas_cl: 1 avisos en 2s
01:16:05 INFO    Barriendo Arriendos.cl (arriendos_cl)…
01:16:06 INFO      arriendos_cl: 0 avisos en 1s
01:16:06 INFO    Barriendo Propiedades.cl (propiedades_cl)…
01:16:07 DEBUG   [accesoinmobiliario] 1 avisos vía tarjetas
01:16:07 DEBUG   [propiedades_cl] 6 avisos vía tarjetas
01:16:07 INFO      propiedades_cl: 6 avisos en 1s
01:16:07 INFO    Barriendo Clasificados.cl (clasificados_cl)…
01:16:09 DEBUG   [clasificados_cl] 1 avisos vía tarjetas
01:16:09 INFO      clasificados_cl: 1 avisos en 2s
01:16:10 DEBUG   La red no quedó en silencio en https://houm.com/cl/arriendo-departamento-región-metropolitana/recoleta/178185; se lee igual
01:16:10 DEBUG   [houm] 1 avisos vía estado-embebido
01:16:18 DEBUG   La red no quedó en silencio en https://houm.com/cl/arriendo-departamento-región-metropolitana/recoleta/176207; se lee igual
01:16:18 DEBUG   [houm] 1 avisos vía estado-embebido
01:16:24 DEBUG   [accesoinmobiliario] 1 avisos vía tarjetas
01:16:26 DEBUG   La red no quedó en silencio en https://houm.com/cl/arriendo-departamento-región-metropolitana/las-condes/177842; se lee igual
01:16:27 DEBUG   [houm] 1 avisos vía estado-embebido
01:16:32 DEBUG   [goplaceit] 30 avisos vía json-ld
01:16:35 DEBUG   La red no quedó en silencio en https://houm.com/cl/arriendo-departamento-región-metropolitana/recoleta/176958; se lee igual
01:16:36 DEBUG   [houm] 1 avisos vía estado-embebido
01:16:36 INFO      houm: 36 avisos en 84s
01:16:38 DEBUG   [accesoinmobiliario] 1 avisos vía tarjetas
01:16:40 INFO      accesoinmobiliario: 20 avisos en 55s
01:16:57 INFO      goplaceit: 90 avisos en 130s
01:16:57 INFO    Total crudo: 742 avisos
01:16:57 INFO    Después de deduplicar: 520
01:16:57 DEBUG   Libreta: fray camilo henriquez 686 se construyó en 2018 (accesoinmobiliario)
01:16:58 INFO    Pasaron los filtros: 76
01:16:58 INFO    Ubicados en el mapa: 1 (con 1 consultas nuevas)
01:17:17 DEBUG   [economicos] 1 avisos vía tarjetas
01:17:31 DEBUG   [doomos] 18 avisos vía tarjetas
01:17:31 DEBUG   Ficha de YVT22 sin candidato propio; no se fusiona
01:17:32 DEBUG   Ficha de HW5MX sin candidato propio; no se fusiona
01:17:32 DEBUG   [economicos] 1 avisos vía tarjetas
01:17:34 DEBUG   [economicos] 1 avisos vía tarjetas
01:17:36 DEBUG   [economicos] 1 avisos vía tarjetas
01:17:38 DEBUG   [economicos] 1 avisos vía tarjetas
01:17:40 DEBUG   [economicos] 1 avisos vía tarjetas
01:17:58 DEBUG   [doomos] 27 avisos vía tarjetas
01:17:58 DEBUG   Ficha de U44VT sin candidato propio; no se fusiona
01:18:18 WARNING Error en https://www.doomos.cl/de/1379469_vitacura-depto-amoblado-3-dorm-2-banos-ser-y-estar.html (intento 1/3): HTTPSConnectionPool(host='www.doomos.cl', port=443): Read timed out. (read timeout=20)
01:18:41 WARNING Error en https://www.doomos.cl/de/1379469_vitacura-depto-amoblado-3-dorm-2-banos-ser-y-estar.html (intento 2/3): HTTPSConnectionPool(host='www.doomos.cl', port=443): Read timed out. (read timeout=20)
01:19:05 WARNING Error en https://www.doomos.cl/de/1379469_vitacura-depto-amoblado-3-dorm-2-banos-ser-y-estar.html (intento 3/3): HTTPSConnectionPool(host='www.doomos.cl', port=443): Read timed out. (read timeout=20)
01:19:24 DEBUG   [doomos] 27 avisos vía tarjetas
01:19:24 DEBUG   Ficha de PR3QK sin candidato propio; no se fusiona
01:19:44 WARNING Error en https://www.doomos.cl/de/3060819_arriendo-departamento-2hab-2ba-vitacura.html (intento 1/3): HTTPSConnectionPool(host='www.doomos.cl', port=443): Read timed out. (read timeout=20)
01:20:06 WARNING Error en https://www.doomos.cl/de/3060819_arriendo-departamento-2hab-2ba-vitacura.html (intento 2/3): HTTPSConnectionPool(host='www.doomos.cl', port=443): Read timed out. (read timeout=20)
01:20:26 DEBUG   [doomos] 27 avisos vía tarjetas
01:20:26 DEBUG   Ficha de 2HWEW sin candidato propio; no se fusiona
01:20:26 DEBUG   [economicos] 1 avisos vía tarjetas
01:20:39 DEBUG   [doomos] 27 avisos vía tarjetas
01:20:39 DEBUG   Ficha de ZWNAN sin candidato propio; no se fusiona
01:20:40 DEBUG   Pin del mapa para C98GV: -33.40672, -70.58037
01:20:40 DEBUG   [accesoinmobiliario] 1 avisos vía tarjetas
01:20:40 INFO    Enriquecido y descartado: C98GV (Las Condes a 3.3 km, fuera del anillo de 1.2 km)
01:20:45 DEBUG   Pin del mapa para RMN52: -33.39814, -70.57622
01:20:45 DEBUG   [toctoc] 1 avisos vía estado-embebido
01:20:45 INFO    Enriquecido y descartado: RMN52 (arriendo de $5.127.035 sobre el máximo negociable de $1.904.000)
01:20:49 DEBUG   Pin del mapa para FF3CB: -33.37644, -70.54469
01:20:49 DEBUG   [toctoc] 1 avisos vía estado-embebido
01:20:49 INFO    Enriquecido y descartado: HN6TF (arriendo de $2.255.895 sobre el máximo negociable de $1.904.000)
01:20:49 DEBUG   [economicos] 1 avisos vía tarjetas
01:20:53 DEBUG   Ficha de HEPWQ sin candidato propio; no se fusiona
01:20:53 DEBUG   [economicos] 1 avisos vía tarjetas
01:20:53 DEBUG   Ficha de XEC3Z sin candidato propio; no se fusiona
01:20:55 DEBUG   [economicos] 1 avisos vía tarjetas
01:20:55 DEBUG   [busconido] 10 avisos vía tarjetas
01:20:55 DEBUG   Ficha de NY779 sin candidato propio; no se fusiona
01:20:57 DEBUG   [busconido] 10 avisos vía tarjetas
01:20:57 DEBUG   Ficha de W8EYB sin candidato propio; no se fusiona
01:20:59 DEBUG   [busconido] 11 avisos vía tarjetas
01:20:59 DEBUG   Ficha de TUHM9 sin candidato propio; no se fusiona
01:21:01 DEBUG   [busconido] 11 avisos vía tarjetas
01:21:01 DEBUG   Ficha de X6SME sin candidato propio; no se fusiona
01:21:03 DEBUG   [doomos] 27 avisos vía tarjetas
01:21:03 DEBUG   Ficha de FQ6XQ sin candidato propio; no se fusiona
01:21:03 DEBUG   [busconido] 11 avisos vía tarjetas
01:21:03 DEBUG   Ficha de V35TZ sin candidato propio; no se fusiona
01:21:06 DEBUG   [busconido] 11 avisos vía tarjetas
01:21:06 DEBUG   Ficha de JWVJQ sin candidato propio; no se fusiona
01:21:06 DEBUG   [economicos] 1 avisos vía tarjetas
01:21:06 INFO    Enriquecido y descartado: S84GC (arriendo de $3.108.725 sobre el máximo negociable de $1.904.000)
01:21:11 DEBUG   [toctoc] 1 avisos vía estado-embebido
01:21:11 INFO    Enriquecido y descartado: HENSJ (arriendo de $7.464.963 sobre el máximo negociable de $1.904.000)
01:21:15 INFO    Enriquecido y descartado: YAVJA (arriendo de $3.517.371 sobre el máximo negociable de $1.904.000)
01:21:19 DEBUG   Pin del mapa para RR676: -33.40632, -70.59601
01:21:19 DEBUG   [toctoc] 1 avisos vía estado-embebido
01:21:19 INFO    Enriquecido y descartado: KRW5G (33 años (construido en 1993), sobre el máximo de 30)
01:21:24 DEBUG   Pin del mapa para 6JZTZ: -33.40600, -70.59600
01:21:24 DEBUG   [toctoc] 1 avisos vía estado-embebido
01:21:24 INFO    Enriquecido y descartado: T3P3G (arriendo de $3.600.000 sobre el máximo negociable de $1.904.000)
01:21:28 DEBUG   Pin del mapa para TWM7T: -33.36900, -70.54400
01:21:28 DEBUG   [toctoc] 1 avisos vía estado-embebido
01:21:28 INFO    Enriquecido y descartado: VM5YC (arriendo de $3.896.547 sobre el máximo negociable de $1.904.000)
01:21:32 DEBUG   Pin del mapa para WH6RU: -33.40100, -70.58200
01:21:32 DEBUG   [toctoc] 1 avisos vía estado-embebido
01:21:32 INFO    Enriquecido y descartado: NBFJR (arriendo de $2.871.140 sobre el máximo negociable de $1.904.000)
01:21:36 DEBUG   [toctoc] 1 avisos vía estado-embebido
01:21:36 INFO    Enriquecido y descartado: TVY5S (arriendo de $3.486.384 sobre el máximo negociable de $1.904.000)
01:21:36 DEBUG   [economicos] 1 avisos vía tarjetas
01:21:40 DEBUG   Pin del mapa para QJRRW: -33.39747, -70.57429
01:21:40 DEBUG   [toctoc] 1 avisos vía estado-embebido
01:21:41 INFO    Enriquecido y descartado: 2E849 (arriendo de $3.076.221 sobre el máximo negociable de $1.904.000)
01:21:45 DEBUG   Pin del mapa para HQU2S: -33.40597, -70.59658
01:21:45 DEBUG   [toctoc] 1 avisos vía estado-embebido
01:21:45 INFO    Enriquecido y descartado: JJ52S (arriendo de $3.281.302 sobre el máximo negociable de $1.904.000)
01:21:49 INFO    Enriquecido y descartado: CC2AY (arriendo de $2.032.258 sobre el máximo negociable de $1.904.000)
01:21:50 DEBUG   [busconido] 10 avisos vía tarjetas
01:21:50 DEBUG   Ficha de RSVEX sin candidato propio; no se fusiona
01:21:51 DEBUG   [doomos] 18 avisos vía tarjetas
01:21:51 DEBUG   Ficha de J5JN4 sin candidato propio; no se fusiona
01:21:58 DEBUG   [engelvoelkers] 1 avisos vía json-ld
01:22:03 DEBUG   [doomos] 27 avisos vía tarjetas
01:22:03 DEBUG   Ficha de P8XMT sin candidato propio; no se fusiona
01:22:07 DEBUG   [chilepropiedades] 2 avisos vía json-ld
01:22:08 WARNING robots.txt no permite https://www.nuroa.cl/adform/10342-912-b45c-1a0ce6e-984c-ada286d9a1f6-77e4?click_type=0&pos=17&searchType=2&page=1&section=1&t_sec=1&sectionType=1&pageViewId=fed42f66-6710-4134-bdc5-091d68a64950&t_pvid=fed42f66-6710-4134-bdc5-091d68a64950&userAgent=Mozilla%2F5.0+%28compatible%3B+radar-arriendos%2F1.0%3B+uso+personal%2C+busqueda+de+arriendo%3B+%2Bhttps%3A%2F%2Fgithub.com%2Falfonsoandona%2Farriendos-vitacura%29&browser=1&isHuman=true&userIp=68.154.38.16&what=vitacura+departamento&search_terms=vitacura+departamento&origin=1&t_or=1&splitTestId=0 — se omite
01:22:12 DEBUG   [toctoc] 1 avisos vía estado-embebido
01:22:17 DEBUG   [toctoc] 1 avisos vía estado-embebido
01:22:22 DEBUG   [toctoc] 1 avisos vía estado-embebido
01:22:22 INFO    Enriquecido y descartado: WPEBD (arriendo de $2.050.814 sobre el máximo negociable de $1.904.000)
01:22:26 INFO    Enriquecido y descartado: 75BRH (arriendo de $2.931.142 sobre el máximo negociable de $1.904.000)
01:22:30 DEBUG   [toctoc] 1 avisos vía estado-embebido
01:22:30 INFO    Enriquecido y descartado: JX2H8 (arriendo de $3.691.465 sobre el máximo negociable de $1.904.000)
01:22:53 INFO    Enriquecido y descartado: 75BRH (arriendo de $2.149.504 sobre el máximo negociable de $1.904.000)
01:22:57 DEBUG   [toctoc] 1 avisos vía estado-embebido
01:23:01 INFO    Enriquecido y descartado: 75BRH (arriendo de $1.954.095 sobre el máximo negociable de $1.904.000)
01:23:18 DEBUG   [toctoc] 1 avisos vía estado-embebido
01:23:22 DEBUG   [toctoc] 1 avisos vía estado-embebido
01:23:26 WARNING robots.txt no permite https://www.nuroa.cl/adform/10342-912-e7f8-1a0a016-97e0-4460cb69457-7a3c?click_type=0&pos=11&searchType=1&page=3&section=1&t_sec=1&sectionType=1&pageViewId=20e64757-bbf8-48ba-a932-62fa4eb749f5&t_pvid=20e64757-bbf8-48ba-a932-62fa4eb749f5&userAgent=Mozilla%2F5.0+%28compatible%3B+radar-arriendos%2F1.0%3B+uso+personal%2C+busqueda+de+arriendo%3B+%2Bhttps%3A%2F%2Fgithub.com%2Falfonsoandona%2Farriendos-vitacura%29&browser=1&isHuman=true&userIp=68.154.38.16&what=vitacura+departamento&search_terms=vitacura+departamento&origin=1&t_or=1&splitTestId=0 — se omite
01:23:26 WARNING robots.txt no permite https://placehold.co/1920x1080.mp4 — se omite
01:23:30 DEBUG   [toctoc] 1 avisos vía estado-embebido
01:23:34 INFO    Enriquecido y descartado: 75BRH (arriendo de $4.299.009 sobre el máximo negociable de $1.904.000)
01:23:38 INFO    Fichas leídas: 75 — 3 ganaron el año, 10 la dirección; 20 se descartaron al verlas (1 por viejos)
01:23:38 WARNING robots.txt no permite https://placehold.co/1920x1080.mp4 — se omite
01:23:40 INFO    Listo: 1 avisados de 55 candidatos
