17:37:42 INFO    UF = $41.106.35 (API del día)
17:37:42 INFO    Barriendo TocToc (toctoc)…
17:37:42 INFO    Barriendo Chilepropiedades (chilepropiedades)…
17:37:42 INFO    Barriendo GoPlaceIt (goplaceit)…
17:37:42 INFO    Barriendo Yapo (yapo)…
17:37:43 WARNING https://www.yapo.cl/bienes-raices-alquiler-apartamentos/region-metropolitana-vitacura respondió 403
17:37:43 INFO    [yapo] https://www.yapo.cl/bienes-raices-alquiler-apartamentos/region-metropolitana-vitacura rebotó al GET; se reintenta con navegador
17:37:43 DEBUG   [chilepropiedades] 10 avisos vía tarjetas
17:37:45 DEBUG   [chilepropiedades] 10 avisos vía tarjetas
17:37:46 DEBUG   [goplaceit] 30 avisos vía json-ld
17:37:47 DEBUG   [chilepropiedades] 10 avisos vía tarjetas
17:37:47 INFO      chilepropiedades: 30 avisos en 5s
17:37:47 INFO    Barriendo BuscoNido (busconido)…
17:37:48 DEBUG   [busconido] 23 avisos vía tarjetas
17:37:48 INFO      busconido: 23 avisos en 1s
17:37:48 INFO    Barriendo BienesOnline (bienesonline)…
17:37:49 DEBUG   [bienesonline] 13 avisos vía tarjetas
17:37:49 INFO      bienesonline: 13 avisos en 1s
17:37:49 INFO    Barriendo Economicos (El Mercurio) (economicos)…
17:37:50 DEBUG   [economicos] 20 avisos vía tarjetas
17:37:50 DEBUG   La red no quedó en silencio en https://www.toctoc.com/arriendo/departamento/metropolitana/vitacura/3-dormitorios; se lee igual
17:37:51 DEBUG   [toctoc] 20 avisos vía json-ld
17:37:52 DEBUG   [economicos] 18 avisos vía tarjetas
17:37:53 DEBUG   La red no quedó en silencio en https://www.yapo.cl/bienes-raices-alquiler-apartamentos/region-metropolitana-vitacura; se lee igual
17:37:53 INFO      yapo: 0 avisos en 10s
17:37:53 INFO    Barriendo iCasas (icasas)…
17:37:54 DEBUG   [icasas] 15 avisos vía tarjetas
17:37:54 DEBUG   [economicos] 13 avisos vía tarjetas
17:37:54 INFO      economicos: 51 avisos en 5s
17:37:54 INFO    Barriendo Doomos (doomos)…
17:37:56 DEBUG   [icasas] 15 avisos vía tarjetas
17:37:56 INFO      icasas: 30 avisos en 3s
17:37:56 INFO    Barriendo Top Propiedades (toppropiedades)…
17:37:59 DEBUG   [toppropiedades] 1 avisos vía json-ld
17:38:00 DEBUG   [toctoc] 20 avisos vía json-ld
17:38:01 DEBUG   [toppropiedades] 1 avisos vía json-ld
17:38:03 DEBUG   [toppropiedades] 1 avisos vía json-ld
17:38:05 DEBUG   [doomos] 32 avisos vía tarjetas
17:38:05 INFO      doomos: 32 avisos en 11s
17:38:05 INFO    Barriendo Nuroa (nuroa)…
17:38:05 DEBUG   Encoding detection: ascii is most likely the one.
17:38:05 DEBUG   [toppropiedades] 1 avisos vía json-ld
17:38:06 DEBUG   [nuroa] 25 avisos vía json-ld
17:38:07 DEBUG   La red no quedó en silencio en https://www.toctoc.com/arriendo/departamento/metropolitana/vitacura/3-dormitorios?pagina=3; se lee igual
17:38:07 DEBUG   [toctoc] 54 avisos vía json-ld
17:38:07 DEBUG   [toppropiedades] 1 avisos vía json-ld
17:38:08 DEBUG   [nuroa] 25 avisos vía json-ld
17:38:09 DEBUG   [toppropiedades] 1 avisos vía json-ld
17:38:10 DEBUG   [nuroa] 25 avisos vía json-ld
17:38:11 DEBUG   [toppropiedades] 1 avisos vía json-ld
17:38:12 DEBUG   [nuroa] 25 avisos vía json-ld
17:38:13 INFO      nuroa: 100 avisos en 8s
17:38:13 INFO    Barriendo Mitula (mitula)…
17:38:13 DEBUG   [toppropiedades] 1 avisos vía json-ld
17:38:13 INFO      toppropiedades: 8 avisos en 18s
17:38:13 INFO    Barriendo Houm (houm)…
17:38:14 DEBUG   [toctoc] 20 avisos vía json-ld
17:38:15 DEBUG   [mitula] 30 avisos vía json-ld
17:38:17 DEBUG   [mitula] 30 avisos vía json-ld
17:38:17 INFO      mitula: 60 avisos en 5s
17:38:17 INFO    Barriendo Hey! Homes (heyhomes)…
17:38:20 DEBUG   [heyhomes] 9 avisos vía tarjetas
17:38:20 INFO      heyhomes: 9 avisos en 2s
17:38:20 INFO    Barriendo Engel & Völkers (engelvoelkers)…
17:38:21 DEBUG   La red no quedó en silencio en https://houm.com/cl/arriendo-departamentos-region-metropolitana/vitacura/3-dormitorios; se lee igual
17:38:22 DEBUG   [houm] 28 avisos vía json-ld
17:38:24 DEBUG   La red no quedó en silencio en https://www.toctoc.com/arriendo/departamento/metropolitana/vitacura/4-dormitorios?pagina=2; se lee igual
17:38:25 DEBUG   [goplaceit] 30 avisos vía json-ld
17:38:25 DEBUG   [toctoc] 20 avisos vía json-ld
17:38:30 DEBUG   [engelvoelkers] 16 avisos vía tarjetas
17:38:30 INFO      engelvoelkers: 16 avisos en 10s
17:38:30 INFO    Barriendo RE/MAX Chile (remax)…
17:38:33 DEBUG   La red no quedó en silencio en https://houm.com/cl/arriendo-departamento-región-metropolitana/las-condes/170742; se lee igual
17:38:33 DEBUG   [houm] 1 avisos vía estado-embebido
17:38:37 INFO      remax: 0 avisos en 7s
17:38:37 INFO    Barriendo Fuenzalida Propiedades (fuenzalida)…
17:38:39 DEBUG   [fuenzalida] 16 avisos vía tarjetas
17:38:40 DEBUG   La red no quedó en silencio en https://www.toctoc.com/arriendo/departamento/metropolitana/vitacura/4-dormitorios?pagina=3; se lee igual
17:38:41 DEBUG   [fuenzalida] 20 avisos vía tarjetas
17:38:43 DEBUG   [fuenzalida] 20 avisos vía tarjetas
17:38:43 INFO      fuenzalida: 56 avisos en 6s
17:38:43 INFO    Barriendo Century 21 Chile (century21)…
17:38:43 WARNING [toctoc] https://www.toctoc.com/arriendo/departamento/metropolitana/vitacura/4-dormitorios?pagina=3 falló: Page.content: Unable to retrieve content because the page is navigating and changing the content.
17:38:43 WARNING   toctoc: Page.content: Unable to retrieve content because the page is navigating and changing the content.
17:38:43 INFO      toctoc: 134 avisos en 60s
17:38:43 INFO    Barriendo Property Partners (propertypartners)…
17:38:43 DEBUG   [propertypartners] 1 avisos vía tarjetas
17:38:43 INFO      propertypartners: 1 avisos en 1s
17:38:43 INFO    Barriendo Acceso Inmobiliario (accesoinmobiliario)…
17:38:44 DEBUG   La red no quedó en silencio en https://houm.com/cl/arriendo-departamento-región-metropolitana/lo-barnechea/74201; se lee igual
17:38:44 INFO      century21: 0 avisos en 1s
17:38:44 INFO    Barriendo Magnolia Property (magnoliaproperty)…
17:38:44 DEBUG   [houm] 1 avisos vía estado-embebido
17:38:45 DEBUG   [magnoliaproperty] 7 avisos vía tarjetas
17:38:45 INFO      magnoliaproperty: 7 avisos en 1s
17:38:45 INFO    Barriendo Portilla Propiedades (portillapropiedades)…
17:38:46 DEBUG   [portillapropiedades] 2 avisos vía tarjetas
17:38:46 INFO      portillapropiedades: 2 avisos en 1s
17:38:46 INFO    Barriendo Nativo Propiedades (nativopropiedades)…
17:38:47 DEBUG   [nativopropiedades] 10 avisos vía tarjetas
17:38:47 INFO      nativopropiedades: 10 avisos en 1s
17:38:47 INFO    Barriendo Enlace Inmobiliario (enlaceinmobiliario)…
17:38:47 WARNING https://www.enlaceinmobiliario.cl/ respondió 403
17:38:47 INFO    [enlaceinmobiliario] https://www.enlaceinmobiliario.cl/ rebotó al GET; se reintenta con navegador
17:38:47 DEBUG   [accesoinmobiliario] 15 avisos vía tarjetas
17:38:54 DEBUG   La red no quedó en silencio en https://houm.com/cl/arriendo-departamento-región-metropolitana/recoleta/179872; se lee igual
17:38:54 DEBUG   [houm] 1 avisos vía estado-embebido
17:38:58 DEBUG   La red no quedó en silencio en https://www.enlaceinmobiliario.cl/; se lee igual
17:38:58 INFO      enlaceinmobiliario: 0 avisos en 12s
17:38:58 INFO    Barriendo Rentas.cl (rentas_cl)…
17:39:00 DEBUG   [rentas_cl] 1 avisos vía json-ld
17:39:00 INFO      rentas_cl: 1 avisos en 2s
17:39:00 INFO    Barriendo Arriendos.cl (arriendos_cl)…
17:39:02 DEBUG   [arriendos_cl] 1 avisos vía tarjetas
17:39:02 INFO      arriendos_cl: 1 avisos en 1s
17:39:02 INFO    Barriendo Propiedades.cl (propiedades_cl)…
17:39:02 DEBUG   [propiedades_cl] 6 avisos vía tarjetas
17:39:02 INFO      propiedades_cl: 6 avisos en 1s
17:39:02 INFO    Barriendo Clasificados.cl (clasificados_cl)…
17:39:03 INFO      accesoinmobiliario: 15 avisos en 20s
17:39:03 DEBUG   [clasificados_cl] 1 avisos vía tarjetas
17:39:03 INFO      clasificados_cl: 1 avisos en 1s
17:39:06 DEBUG   La red no quedó en silencio en https://houm.com/cl/arriendo-departamento-región-metropolitana/recoleta/178185; se lee igual
17:39:06 DEBUG   [houm] 1 avisos vía estado-embebido
17:39:13 DEBUG   La red no quedó en silencio en https://houm.com/cl/arriendo-departamento-región-metropolitana/recoleta/176207; se lee igual
17:39:13 DEBUG   [houm] 1 avisos vía estado-embebido
17:39:14 DEBUG   [goplaceit] 30 avisos vía json-ld
17:39:21 DEBUG   La red no quedó en silencio en https://houm.com/cl/arriendo-departamento-región-metropolitana/las-condes/177842; se lee igual
17:39:21 DEBUG   [houm] 1 avisos vía estado-embebido
17:39:29 DEBUG   La red no quedó en silencio en https://houm.com/cl/arriendo-departamento-región-metropolitana/recoleta/176958; se lee igual
17:39:29 DEBUG   [houm] 1 avisos vía estado-embebido
17:39:37 DEBUG   La red no quedó en silencio en https://houm.com/cl/arriendo-departamento-región-metropolitana/recoleta/90462; se lee igual
17:39:37 DEBUG   [houm] 1 avisos vía estado-embebido
17:39:37 INFO      houm: 36 avisos en 84s
17:39:37 INFO      goplaceit: 90 avisos en 115s
17:39:37 INFO    Total crudo: 732 avisos
17:39:38 INFO    Después de deduplicar: 529
17:39:39 INFO    Pasaron los filtros: 78
17:40:04 DEBUG   [economicos] 1 avisos vía tarjetas
17:40:07 DEBUG   [doomos] 18 avisos vía tarjetas
17:40:07 DEBUG   Ficha de YVT22 sin candidato propio; no se fusiona
17:40:08 DEBUG   Ficha de HW5MX sin candidato propio; no se fusiona
17:40:08 DEBUG   [economicos] 1 avisos vía tarjetas
17:40:10 DEBUG   [economicos] 1 avisos vía tarjetas
17:40:12 DEBUG   [economicos] 1 avisos vía tarjetas
17:40:14 DEBUG   [economicos] 1 avisos vía tarjetas
17:40:16 DEBUG   [economicos] 1 avisos vía tarjetas
17:40:19 DEBUG   [doomos] 27 avisos vía tarjetas
17:40:19 DEBUG   Ficha de U44VT sin candidato propio; no se fusiona
17:40:25 DEBUG   [doomos] 27 avisos vía tarjetas
17:40:25 DEBUG   Ficha de KNAE9 sin candidato propio; no se fusiona
17:40:29 DEBUG   [doomos] 27 avisos vía tarjetas
17:40:29 DEBUG   Ficha de PR3QK sin candidato propio; no se fusiona
17:40:34 DEBUG   [doomos] 27 avisos vía tarjetas
17:40:34 DEBUG   Ficha de 2HWEW sin candidato propio; no se fusiona
17:40:34 DEBUG   [economicos] 1 avisos vía tarjetas
17:40:41 DEBUG   [doomos] 27 avisos vía tarjetas
17:40:41 DEBUG   Ficha de ZWNAN sin candidato propio; no se fusiona
17:40:41 DEBUG   [economicos] 1 avisos vía tarjetas
17:40:46 DEBUG   Pin del mapa para YKT6Q: -33.40588, -70.59576
17:40:46 DEBUG   [toctoc] 1 avisos vía estado-embebido
17:40:46 DEBUG   [economicos] 1 avisos vía tarjetas
17:40:46 DEBUG   Ficha de XEC3Z sin candidato propio; no se fusiona
17:40:48 DEBUG   [economicos] 1 avisos vía tarjetas
17:40:53 DEBUG   [toctoc] 1 avisos vía estado-embebido
17:40:53 DEBUG   [busconido] 11 avisos vía tarjetas
17:40:53 DEBUG   Ficha de 4K2C6 sin candidato propio; no se fusiona
17:40:55 DEBUG   [busconido] 10 avisos vía tarjetas
17:40:55 DEBUG   Ficha de NB7M5 sin candidato propio; no se fusiona
17:40:57 DEBUG   [busconido] 10 avisos vía tarjetas
17:40:57 DEBUG   Ficha de 6669H sin candidato propio; no se fusiona
17:40:59 DEBUG   [busconido] 10 avisos vía tarjetas
17:40:59 DEBUG   Ficha de 73MWF sin candidato propio; no se fusiona
17:41:12 DEBUG   [doomos] 27 avisos vía tarjetas
17:41:12 DEBUG   Ficha de FQ6XQ sin candidato propio; no se fusiona
17:41:13 DEBUG   [busconido] 11 avisos vía tarjetas
17:41:13 DEBUG   Ficha de V78NS sin candidato propio; no se fusiona
17:41:15 DEBUG   [busconido] 11 avisos vía tarjetas
17:41:15 DEBUG   Ficha de XQBMA sin candidato propio; no se fusiona
17:41:17 DEBUG   [busconido] 10 avisos vía tarjetas
17:41:17 DEBUG   Ficha de KWJ84 sin candidato propio; no se fusiona
17:41:19 DEBUG   [busconido] 10 avisos vía tarjetas
17:41:19 DEBUG   Ficha de 4TBZ6 sin candidato propio; no se fusiona
17:41:21 DEBUG   [busconido] 10 avisos vía tarjetas
17:41:21 DEBUG   Ficha de HAZYC sin candidato propio; no se fusiona
17:41:23 DEBUG   [busconido] 11 avisos vía tarjetas
17:41:23 DEBUG   Ficha de P6JRX sin candidato propio; no se fusiona
17:41:23 DEBUG   [economicos] 1 avisos vía tarjetas
17:41:23 INFO    Enriquecido y descartado: S84GC (arriendo de $3.108.725 sobre el máximo negociable de $1.904.000)
17:41:26 INFO    Enriquecido y descartado: YAVJA (arriendo de $3.517.371 sobre el máximo negociable de $1.904.000)
17:41:26 DEBUG   [economicos] 1 avisos vía tarjetas
17:41:30 DEBUG   [economicos] 1 avisos vía tarjetas
17:41:35 DEBUG   [toctoc] 1 avisos vía estado-embebido
17:41:36 INFO    Enriquecido y descartado: SNENN (arriendo de $4.521.698 sobre el máximo negociable de $1.904.000)
17:41:44 INFO    Enriquecido y descartado: CC2AY (arriendo de $2.032.258 sobre el máximo negociable de $1.904.000)
17:41:49 DEBUG   [toctoc] 1 avisos vía estado-embebido
17:41:49 INFO    Enriquecido y descartado: U7H7K (arriendo de $2.014.211 sobre el máximo negociable de $1.904.000)
17:41:53 DEBUG   Pin del mapa para 5K2EU: -33.38400, -70.55700
17:41:53 DEBUG   [toctoc] 1 avisos vía estado-embebido
17:41:53 INFO    Enriquecido y descartado: RB4VK (arriendo de $2.589.700 sobre el máximo negociable de $1.904.000)
17:41:58 DEBUG   [toctoc] 1 avisos vía estado-embebido
17:42:05 DEBUG   [doomos] 18 avisos vía tarjetas
17:42:05 DEBUG   Ficha de J5JN4 sin candidato propio; no se fusiona
17:42:05 WARNING robots.txt no permite https://www.nuroa.cl/adform/10342-912-101d5-1a0ff48-a45a-2e1434470692-7ad1?click_type=0&pos=20&searchType=1&page=1&section=1&t_sec=1&sectionType=1&pageViewId=f019d27c-689e-4e34-8f66-559579d97759&t_pvid=f019d27c-689e-4e34-8f66-559579d97759&userAgent=Mozilla%2F5.0+%28compatible%3B+radar-arriendos%2F1.0%3B+uso+personal%2C+busqueda+de+arriendo%3B+%2Bhttps%3A%2F%2Fgithub.com%2Falfonsoandona%2Farriendos-vitacura%29&browser=1&isHuman=true&userIp=130.131.255.218&what=vitacura+departamento&search_terms=vitacura+departamento&origin=1&t_or=1&splitTestId=0 — se omite
17:42:13 DEBUG   [engelvoelkers] 1 avisos vía json-ld
17:42:21 DEBUG   [doomos] 27 avisos vía tarjetas
17:42:21 DEBUG   Ficha de P8XMT sin candidato propio; no se fusiona
17:42:25 WARNING robots.txt no permite https://www.nuroa.cl/adform/10342-912-528e-1a0d39b-b6ec-29592751fa14-7dbc?click_type=0&pos=12&searchType=2&page=2&section=1&t_sec=1&sectionType=1&pageViewId=20d4896d-7a53-4022-932a-bca0cd6c5aaf&t_pvid=20d4896d-7a53-4022-932a-bca0cd6c5aaf&userAgent=Mozilla%2F5.0+%28compatible%3B+radar-arriendos%2F1.0%3B+uso+personal%2C+busqueda+de+arriendo%3B+%2Bhttps%3A%2F%2Fgithub.com%2Falfonsoandona%2Farriendos-vitacura%29&browser=1&isHuman=true&userIp=130.131.255.218&what=vitacura+departamento&search_terms=vitacura+departamento&origin=1&t_or=1&splitTestId=0 — se omite
17:42:29 DEBUG   [toctoc] 1 avisos vía estado-embebido
17:42:34 DEBUG   [toctoc] 1 avisos vía estado-embebido
17:42:38 DEBUG   [toctoc] 1 avisos vía estado-embebido
17:43:01 INFO    Enriquecido y descartado: 75BRH (arriendo de $1.954.095 sobre el máximo negociable de $1.904.000)
17:43:09 DEBUG   [toctoc] 1 avisos vía estado-embebido
17:43:21 DEBUG   [toctoc] 1 avisos vía estado-embebido
17:43:26 DEBUG   [toctoc] 1 avisos vía estado-embebido
17:43:30 DEBUG   [toctoc] 1 avisos vía estado-embebido
17:43:30 INFO    Enriquecido y descartado: 4V73Z (arriendo de $4.727.230 sobre el máximo negociable de $1.904.000)
17:43:39 DEBUG   [toctoc] 1 avisos vía estado-embebido
17:43:39 WARNING robots.txt no permite https://www.nuroa.cl/adform/10342-912-3e9b-1a0e30e-bd4c-4f30fb45531b-7a22?click_type=0&pos=1&searchType=1&page=2&section=1&t_sec=1&sectionType=1&pageViewId=20d4896d-7a53-4022-932a-bca0cd6c5aaf&t_pvid=20d4896d-7a53-4022-932a-bca0cd6c5aaf&userAgent=Mozilla%2F5.0+%28compatible%3B+radar-arriendos%2F1.0%3B+uso+personal%2C+busqueda+de+arriendo%3B+%2Bhttps%3A%2F%2Fgithub.com%2Falfonsoandona%2Farriendos-vitacura%29&browser=1&isHuman=true&userIp=130.131.255.218&what=vitacura+departamento&search_terms=vitacura+departamento&origin=1&t_or=1&splitTestId=0 — se omite
17:43:39 WARNING robots.txt no permite https://www.nuroa.cl/adform/10342-912-e7f8-1a0a016-97e0-4460cb69457-7a3c?click_type=0&pos=5&searchType=1&page=4&section=1&t_sec=1&sectionType=1&pageViewId=1bb3ae0b-d555-4118-ac05-4dff8fb4ef31&t_pvid=1bb3ae0b-d555-4118-ac05-4dff8fb4ef31&userAgent=Mozilla%2F5.0+%28compatible%3B+radar-arriendos%2F1.0%3B+uso+personal%2C+busqueda+de+arriendo%3B+%2Bhttps%3A%2F%2Fgithub.com%2Falfonsoandona%2Farriendos-vitacura%29&browser=1&isHuman=true&userIp=130.131.255.218&what=vitacura+departamento&search_terms=vitacura+departamento&origin=1&t_or=1&splitTestId=0 — se omite
17:43:43 DEBUG   [toctoc] 1 avisos vía estado-embebido
17:43:47 DEBUG   [toctoc] 1 avisos vía estado-embebido
17:43:52 DEBUG   [toctoc] 1 avisos vía estado-embebido
17:43:53 DEBUG   [mitula] 3 avisos vía tarjetas
17:43:57 INFO    Enriquecido y descartado: 75BRH (arriendo de $4.299.009 sobre el máximo negociable de $1.904.000)
17:44:01 INFO    Fichas leídas: 78 — 0 ganaron el año, 3 la dirección; 9 se descartaron al verlas (0 por viejos)
17:44:02 INFO    Listo: 0 avisados de 69 candidatos
