01:50:25 INFO    UF = $41.057.20 (API del día)
01:50:25 INFO    Barriendo TocToc (toctoc)…
01:50:25 INFO    Barriendo Chilepropiedades (chilepropiedades)…
01:50:25 INFO    Barriendo GoPlaceIt (goplaceit)…
01:50:25 INFO    Barriendo Yapo (yapo)…
01:50:25 WARNING https://www.yapo.cl/bienes-raices-alquiler-apartamentos/region-metropolitana-vitacura respondió 403
01:50:25 INFO    [yapo] https://www.yapo.cl/bienes-raices-alquiler-apartamentos/region-metropolitana-vitacura rebotó al GET; se reintenta con navegador
01:50:25 DEBUG   [chilepropiedades] 10 avisos vía tarjetas
01:50:27 DEBUG   [chilepropiedades] 10 avisos vía tarjetas
01:50:29 DEBUG   [chilepropiedades] 10 avisos vía tarjetas
01:50:29 INFO      chilepropiedades: 30 avisos en 4s
01:50:29 INFO    Barriendo BuscoNido (busconido)…
01:50:30 DEBUG   [busconido] 23 avisos vía tarjetas
01:50:30 INFO      busconido: 23 avisos en 1s
01:50:30 INFO    Barriendo BienesOnline (bienesonline)…
01:50:31 DEBUG   [bienesonline] 13 avisos vía tarjetas
01:50:31 INFO      bienesonline: 13 avisos en 1s
01:50:31 INFO    Barriendo Economicos (El Mercurio) (economicos)…
01:50:31 DEBUG   [economicos] 20 avisos vía tarjetas
01:50:32 DEBUG   La red no quedó en silencio en https://www.yapo.cl/bienes-raices-alquiler-apartamentos/region-metropolitana-vitacura; se lee igual
01:50:33 INFO      yapo: 0 avisos en 8s
01:50:33 INFO    Barriendo iCasas (icasas)…
01:50:33 DEBUG   [toctoc] 20 avisos vía json-ld
01:50:33 DEBUG   [economicos] 18 avisos vía tarjetas
01:50:33 DEBUG   [icasas] 15 avisos vía tarjetas
01:50:35 DEBUG   [economicos] 13 avisos vía tarjetas
01:50:35 INFO      economicos: 51 avisos en 4s
01:50:35 INFO    Barriendo Doomos (doomos)…
01:50:36 DEBUG   [goplaceit] 30 avisos vía json-ld
01:50:36 DEBUG   [icasas] 15 avisos vía tarjetas
01:50:36 INFO      icasas: 30 avisos en 3s
01:50:36 INFO    Barriendo Top Propiedades (toppropiedades)…
01:50:38 DEBUG   [doomos] 33 avisos vía tarjetas
01:50:38 INFO      doomos: 33 avisos en 3s
01:50:38 INFO    Barriendo Nuroa (nuroa)…
01:50:39 DEBUG   [toctoc] 20 avisos vía json-ld
01:50:39 DEBUG   Encoding detection: ascii is most likely the one.
01:50:40 DEBUG   [toppropiedades] 1 avisos vía json-ld
01:50:40 DEBUG   [nuroa] 25 avisos vía json-ld
01:50:42 DEBUG   [toppropiedades] 1 avisos vía json-ld
01:50:43 DEBUG   [nuroa] 25 avisos vía json-ld
01:50:44 DEBUG   [toppropiedades] 1 avisos vía json-ld
01:50:44 DEBUG   [nuroa] 25 avisos vía json-ld
01:50:46 DEBUG   [toppropiedades] 1 avisos vía json-ld
01:50:46 DEBUG   La red no quedó en silencio en https://www.toctoc.com/arriendo/departamento/metropolitana/vitacura/3-dormitorios?pagina=3; se lee igual
01:50:46 DEBUG   [nuroa] 25 avisos vía json-ld
01:50:47 INFO      nuroa: 100 avisos en 9s
01:50:47 INFO    Barriendo Mitula (mitula)…
01:50:47 DEBUG   [toctoc] 16 avisos vía json-ld
01:50:48 DEBUG   [toppropiedades] 1 avisos vía json-ld
01:50:49 DEBUG   [mitula] 30 avisos vía json-ld
01:50:50 DEBUG   [toppropiedades] 1 avisos vía json-ld
01:50:51 DEBUG   [mitula] 30 avisos vía json-ld
01:50:51 INFO      mitula: 60 avisos en 4s
01:50:51 INFO    Barriendo Houm (houm)…
01:50:52 DEBUG   [toppropiedades] 1 avisos vía json-ld
01:50:54 DEBUG   [toppropiedades] 1 avisos vía json-ld
01:50:54 INFO      toppropiedades: 8 avisos en 18s
01:50:54 INFO    Barriendo Hey! Homes (heyhomes)…
01:50:54 DEBUG   [toctoc] 20 avisos vía json-ld
01:50:57 DEBUG   [heyhomes] 9 avisos vía tarjetas
01:50:57 INFO      heyhomes: 9 avisos en 3s
01:50:57 INFO    Barriendo Engel & Völkers (engelvoelkers)…
01:51:01 DEBUG   La red no quedó en silencio en https://houm.com/cl/arriendo-departamentos-region-metropolitana/vitacura/3-dormitorios; se lee igual
01:51:01 DEBUG   [houm] 28 avisos vía json-ld
01:51:04 DEBUG   [toctoc] 15 avisos vía json-ld
01:51:05 DEBUG   [engelvoelkers] 16 avisos vía tarjetas
01:51:05 INFO      engelvoelkers: 16 avisos en 8s
01:51:05 INFO    Barriendo RE/MAX Chile (remax)…
01:51:12 DEBUG   La red no quedó en silencio en https://houm.com/cl/arriendo-departamento-región-metropolitana/las-condes/170742; se lee igual
01:51:12 DEBUG   [houm] 1 avisos vía estado-embebido
01:51:14 DEBUG   La red no quedó en silencio en https://www.toctoc.com/arriendo/departamento/metropolitana/vitacura/4-dormitorios?pagina=3; se lee igual
01:51:14 DEBUG   [toctoc] 20 avisos vía json-ld
01:51:15 INFO      toctoc: 111 avisos en 50s
01:51:15 INFO    Barriendo Fuenzalida Propiedades (fuenzalida)…
01:51:15 INFO      remax: 0 avisos en 11s
01:51:15 INFO    Barriendo Century 21 Chile (century21)…
01:51:17 INFO      century21: 0 avisos en 2s
01:51:17 INFO    Barriendo Property Partners (propertypartners)…
01:51:17 DEBUG   [goplaceit] 30 avisos vía json-ld
01:51:17 DEBUG   [propertypartners] 1 avisos vía tarjetas
01:51:17 INFO      propertypartners: 1 avisos en 0s
01:51:17 INFO    Barriendo Acceso Inmobiliario (accesoinmobiliario)…
01:51:19 DEBUG   [fuenzalida] 16 avisos vía tarjetas
01:51:23 DEBUG   [fuenzalida] 20 avisos vía tarjetas
01:51:23 DEBUG   La red no quedó en silencio en https://houm.com/cl/arriendo-departamento-región-metropolitana/lo-barnechea/74201; se lee igual
01:51:23 DEBUG   [houm] 1 avisos vía estado-embebido
01:51:23 DEBUG   [accesoinmobiliario] 15 avisos vía tarjetas
01:51:27 DEBUG   [fuenzalida] 20 avisos vía tarjetas
01:51:27 INFO      fuenzalida: 56 avisos en 12s
01:51:27 INFO    Barriendo Magnolia Property (magnoliaproperty)…
01:51:28 DEBUG   [magnoliaproperty] 8 avisos vía tarjetas
01:51:28 INFO      magnoliaproperty: 8 avisos en 1s
01:51:28 INFO    Barriendo Portilla Propiedades (portillapropiedades)…
01:51:28 DEBUG   [portillapropiedades] 2 avisos vía tarjetas
01:51:28 INFO      portillapropiedades: 2 avisos en 1s
01:51:28 INFO    Barriendo Nativo Propiedades (nativopropiedades)…
01:51:29 DEBUG   [nativopropiedades] 10 avisos vía tarjetas
01:51:29 INFO      nativopropiedades: 10 avisos en 1s
01:51:29 INFO    Barriendo Enlace Inmobiliario (enlaceinmobiliario)…
01:51:29 WARNING https://www.enlaceinmobiliario.cl/ respondió 403
01:51:29 INFO    [enlaceinmobiliario] https://www.enlaceinmobiliario.cl/ rebotó al GET; se reintenta con navegador
01:51:29 DEBUG   [accesoinmobiliario] 1 avisos vía tarjetas
01:51:31 DEBUG   La red no quedó en silencio en https://houm.com/cl/arriendo-departamento-región-metropolitana/recoleta/179872; se lee igual
01:51:31 DEBUG   [houm] 1 avisos vía estado-embebido
01:51:37 DEBUG   La red no quedó en silencio en https://www.enlaceinmobiliario.cl/; se lee igual
01:51:38 INFO      enlaceinmobiliario: 0 avisos en 9s
01:51:38 INFO    Barriendo Rentas.cl (rentas_cl)…
01:51:40 DEBUG   [rentas_cl] 1 avisos vía json-ld
01:51:40 INFO      rentas_cl: 1 avisos en 2s
01:51:40 INFO    Barriendo Arriendos.cl (arriendos_cl)…
01:51:41 INFO      arriendos_cl: 0 avisos en 1s
01:51:41 INFO    Barriendo Propiedades.cl (propiedades_cl)…
01:51:42 DEBUG   [propiedades_cl] 6 avisos vía tarjetas
01:51:42 INFO      propiedades_cl: 6 avisos en 1s
01:51:42 INFO    Barriendo Clasificados.cl (clasificados_cl)…
01:51:42 DEBUG   La red no quedó en silencio en https://houm.com/cl/arriendo-departamento-región-metropolitana/recoleta/178185; se lee igual
01:51:42 DEBUG   [houm] 1 avisos vía estado-embebido
01:51:43 INFO      clasificados_cl: 0 avisos en 1s
01:51:48 DEBUG   [accesoinmobiliario] 1 avisos vía tarjetas
01:51:51 DEBUG   La red no quedó en silencio en https://houm.com/cl/arriendo-departamento-región-metropolitana/recoleta/176207; se lee igual
01:51:51 DEBUG   [houm] 1 avisos vía estado-embebido
01:51:53 DEBUG   [accesoinmobiliario] 1 avisos vía tarjetas
01:51:56 DEBUG   [goplaceit] 30 avisos vía json-ld
01:51:57 DEBUG   [accesoinmobiliario] 1 avisos vía tarjetas
01:51:59 DEBUG   La red no quedó en silencio en https://houm.com/cl/arriendo-departamento-región-metropolitana/las-condes/177842; se lee igual
01:51:59 DEBUG   [houm] 1 avisos vía estado-embebido
01:52:01 DEBUG   [accesoinmobiliario] 1 avisos vía tarjetas
01:52:03 DEBUG   [accesoinmobiliario] 1 avisos vía tarjetas
01:52:03 INFO      accesoinmobiliario: 21 avisos en 46s
01:52:08 DEBUG   La red no quedó en silencio en https://houm.com/cl/arriendo-departamento-región-metropolitana/recoleta/176958; se lee igual
01:52:09 DEBUG   [houm] 1 avisos vía estado-embebido
01:52:16 DEBUG   La red no quedó en silencio en https://houm.com/cl/arriendo-departamento-región-metropolitana/recoleta/90462; se lee igual
01:52:16 DEBUG   [houm] 1 avisos vía estado-embebido
01:52:16 INFO      houm: 36 avisos en 85s
01:52:23 INFO      goplaceit: 90 avisos en 118s
01:52:23 INFO    Total crudo: 715 avisos
01:52:23 INFO    Después de deduplicar: 548
01:52:23 INFO    Pasaron los filtros: 71
01:52:47 DEBUG   [economicos] 1 avisos vía tarjetas
01:52:48 DEBUG   [doomos] 18 avisos vía tarjetas
01:52:48 DEBUG   Ficha de YVT22 sin candidato propio; no se fusiona
01:52:48 DEBUG   Ficha de HW5MX sin candidato propio; no se fusiona
01:52:49 DEBUG   [economicos] 1 avisos vía tarjetas
01:52:51 DEBUG   [economicos] 1 avisos vía tarjetas
01:52:53 DEBUG   [economicos] 1 avisos vía tarjetas
01:52:55 DEBUG   [economicos] 1 avisos vía tarjetas
01:52:57 DEBUG   [economicos] 1 avisos vía tarjetas
01:52:59 DEBUG   [economicos] 1 avisos vía tarjetas
01:53:06 DEBUG   [doomos] 27 avisos vía tarjetas
01:53:06 DEBUG   Ficha de U44VT sin candidato propio; no se fusiona
01:53:11 DEBUG   [doomos] 27 avisos vía tarjetas
01:53:11 DEBUG   Ficha de KNAE9 sin candidato propio; no se fusiona
01:53:14 DEBUG   [doomos] 27 avisos vía tarjetas
01:53:14 DEBUG   Ficha de PR3QK sin candidato propio; no se fusiona
01:53:17 DEBUG   [doomos] 27 avisos vía tarjetas
01:53:17 DEBUG   Ficha de 2HWEW sin candidato propio; no se fusiona
01:53:17 DEBUG   [economicos] 1 avisos vía tarjetas
01:53:18 DEBUG   [doomos] 27 avisos vía tarjetas
01:53:18 DEBUG   Ficha de ZWNAN sin candidato propio; no se fusiona
01:53:19 DEBUG   [economicos] 1 avisos vía tarjetas
01:53:21 DEBUG   [economicos] 1 avisos vía tarjetas
01:53:21 DEBUG   Ficha de XEC3Z sin candidato propio; no se fusiona
01:53:23 DEBUG   [economicos] 1 avisos vía tarjetas
01:53:24 DEBUG   [chilepropiedades] 2 avisos vía json-ld
01:53:28 DEBUG   [toctoc] 1 avisos vía estado-embebido
01:53:32 DEBUG   Pin del mapa para U98ZK: -33.40300, -70.59700
01:53:32 DEBUG   [toctoc] 1 avisos vía estado-embebido
01:53:34 DEBUG   [doomos] 27 avisos vía tarjetas
01:53:34 DEBUG   Ficha de FQ6XQ sin candidato propio; no se fusiona
01:53:38 DEBUG   [toctoc] 1 avisos vía estado-embebido
01:53:38 DEBUG   [busconido] 10 avisos vía tarjetas
01:53:38 DEBUG   Ficha de ZZ3U5 sin candidato propio; no se fusiona
01:53:40 DEBUG   [busconido] 11 avisos vía tarjetas
01:53:40 DEBUG   Ficha de KYGF2 sin candidato propio; no se fusiona
01:53:40 DEBUG   [economicos] 1 avisos vía tarjetas
01:53:40 INFO    Enriquecido y descartado: S84GC (arriendo de $3.108.725 sobre el máximo negociable de $1.904.000)
01:53:44 INFO    Enriquecido y descartado: YAVJA (arriendo de $3.517.371 sobre el máximo negociable de $1.904.000)
01:53:44 DEBUG   [economicos] 1 avisos vía tarjetas
01:53:45 DEBUG   [busconido] 11 avisos vía tarjetas
01:53:45 DEBUG   Ficha de C7Q5F sin candidato propio; no se fusiona
01:53:53 INFO    Enriquecido y descartado: CC2AY (arriendo de $2.032.258 sobre el máximo negociable de $1.904.000)
01:53:53 DEBUG   [busconido] 10 avisos vía tarjetas
01:53:53 DEBUG   Ficha de CTTGX sin candidato propio; no se fusiona
01:53:55 DEBUG   [busconido] 10 avisos vía tarjetas
01:53:55 DEBUG   Ficha de QPVS4 sin candidato propio; no se fusiona
01:53:59 INFO    Enriquecido y descartado: 7DKB3 (arriendo de $2.266.750 sobre el máximo negociable de $1.904.000)
01:54:00 DEBUG   [doomos] 18 avisos vía tarjetas
01:54:00 DEBUG   Ficha de J5JN4 sin candidato propio; no se fusiona
01:54:04 DEBUG   [toctoc] 1 avisos vía estado-embebido
01:54:12 DEBUG   [engelvoelkers] 1 avisos vía json-ld
01:54:19 DEBUG   [doomos] 27 avisos vía tarjetas
01:54:19 DEBUG   Ficha de P8XMT sin candidato propio; no se fusiona
01:54:23 DEBUG   [toctoc] 1 avisos vía estado-embebido
01:54:30 DEBUG   [toctoc] 1 avisos vía estado-embebido
01:54:34 DEBUG   [toctoc] 1 avisos vía estado-embebido
01:54:38 DEBUG   [toctoc] 1 avisos vía estado-embebido
01:54:46 DEBUG   [toctoc] 1 avisos vía estado-embebido
01:54:46 WARNING robots.txt no permite https://www.nuroa.cl/adform/10342-912-4d50-1a0e30c-9b06-5d5e6067edc0-77f6?click_type=0&pos=8&searchType=2&page=1&section=1&t_sec=1&sectionType=1&pageViewId=7d221e85-d2dc-472e-8562-034fb604ed54&t_pvid=7d221e85-d2dc-472e-8562-034fb604ed54&userAgent=Mozilla%2F5.0+%28compatible%3B+radar-arriendos%2F1.0%3B+uso+personal%2C+busqueda+de+arriendo%3B+%2Bhttps%3A%2F%2Fgithub.com%2Falfonsoandona%2Farriendos-vitacura%29&browser=1&isHuman=true&userIp=57.151.122.151&what=vitacura+departamento&search_terms=vitacura+departamento&origin=1&t_or=1&splitTestId=0 — se omite
01:54:51 DEBUG   [toctoc] 1 avisos vía estado-embebido
01:54:55 DEBUG   [toctoc] 1 avisos vía estado-embebido
01:54:59 DEBUG   [toctoc] 1 avisos vía estado-embebido
01:55:22 INFO    Enriquecido y descartado: 75BRH (arriendo de $2.149.504 sobre el máximo negociable de $1.904.000)
01:55:25 INFO    Enriquecido y descartado: 75BRH (arriendo de $1.954.095 sobre el máximo negociable de $1.904.000)
01:55:41 DEBUG   [toctoc] 1 avisos vía estado-embebido
01:55:45 WARNING robots.txt no permite https://www.nuroa.cl/adform/10342-912-3e9b-1a0e30e-bd4c-4f30fb45531b-7a22?click_type=0&pos=13&searchType=1&page=1&section=1&t_sec=1&sectionType=1&pageViewId=7d221e85-d2dc-472e-8562-034fb604ed54&t_pvid=7d221e85-d2dc-472e-8562-034fb604ed54&userAgent=Mozilla%2F5.0+%28compatible%3B+radar-arriendos%2F1.0%3B+uso+personal%2C+busqueda+de+arriendo%3B+%2Bhttps%3A%2F%2Fgithub.com%2Falfonsoandona%2Farriendos-vitacura%29&browser=1&isHuman=true&userIp=57.151.122.151&what=vitacura+departamento&search_terms=vitacura+departamento&origin=1&t_or=1&splitTestId=0 — se omite
01:55:45 WARNING robots.txt no permite https://www.nuroa.cl/adform/10342-912-e7f8-1a0a016-97e0-4460cb69457-7a3c?click_type=0&pos=19&searchType=1&page=3&section=1&t_sec=1&sectionType=1&pageViewId=f516ecc7-b77c-48fa-b10d-e5a9e9f59a22&t_pvid=f516ecc7-b77c-48fa-b10d-e5a9e9f59a22&userAgent=Mozilla%2F5.0+%28compatible%3B+radar-arriendos%2F1.0%3B+uso+personal%2C+busqueda+de+arriendo%3B+%2Bhttps%3A%2F%2Fgithub.com%2Falfonsoandona%2Farriendos-vitacura%29&browser=1&isHuman=true&userIp=57.151.122.151&what=vitacura+departamento&search_terms=vitacura+departamento&origin=1&t_or=1&splitTestId=0 — se omite
01:55:46 DEBUG   [bienesonline] 2 avisos vía json-ld
01:55:50 DEBUG   [toctoc] 1 avisos vía estado-embebido
01:55:54 INFO    Enriquecido y descartado: 75BRH (arriendo de $4.299.009 sobre el máximo negociable de $1.904.000)
01:55:57 INFO    Fichas leídas: 71 — 0 ganaron el año, 3 la dirección; 7 se descartaron al verlas (0 por viejos)
01:55:58 INFO    Listo: 0 avisados de 64 candidatos
