19:55:47 INFO    UF = $40.860.60 (API del día)
19:55:47 INFO    Barriendo TocToc (toctoc)…
19:55:47 INFO    Barriendo Chilepropiedades (chilepropiedades)…
19:55:47 INFO    Barriendo GoPlaceIt (goplaceit)…
19:55:47 INFO    Barriendo Yapo (yapo)…
19:55:48 DEBUG   [chilepropiedades] 10 avisos vía tarjetas
19:55:49 DEBUG   [yapo] 30 avisos vía tarjetas
19:55:50 DEBUG   [chilepropiedades] 10 avisos vía tarjetas
19:55:51 DEBUG   [yapo] 30 avisos vía tarjetas
19:55:51 DEBUG   [goplaceit] 30 avisos vía json-ld
19:55:52 DEBUG   [chilepropiedades] 10 avisos vía tarjetas
19:55:52 INFO      chilepropiedades: 30 avisos en 5s
19:55:52 INFO    Barriendo BuscoNido (busconido)…
19:55:52 DEBUG   [busconido] 23 avisos vía tarjetas
19:55:52 INFO      busconido: 23 avisos en 1s
19:55:52 INFO    Barriendo BienesOnline (bienesonline)…
19:55:53 DEBUG   [yapo] 30 avisos vía tarjetas
19:55:53 INFO      yapo: 90 avisos en 6s
19:55:53 INFO    Barriendo Economicos (El Mercurio) (economicos)…
19:55:53 DEBUG   [bienesonline] 15 avisos vía tarjetas
19:55:53 INFO      bienesonline: 15 avisos en 1s
19:55:53 INFO    Barriendo iCasas (icasas)…
19:55:54 WARNING https://www.economicos.cl/search/propiedades/vitacura/arriendo/departamento/0 respondió 403
19:55:54 INFO    [economicos] https://www.economicos.cl/search/propiedades/vitacura/arriendo/departamento/0 rebotó al GET; se reintenta con navegador
19:55:54 DEBUG   [icasas] 15 avisos vía tarjetas
19:55:55 DEBUG   La red no quedó en silencio en https://www.toctoc.com/arriendo/departamento/metropolitana/vitacura/3-dormitorios; se lee igual
19:55:57 DEBUG   [toctoc] 146 avisos vía estado-embebido
19:55:57 DEBUG   [icasas] 15 avisos vía tarjetas
19:55:57 INFO      icasas: 30 avisos en 3s
19:55:57 INFO    Barriendo Doomos (doomos)…
19:55:57 INFO      economicos: 0 avisos en 4s
19:55:57 INFO    Barriendo Top Propiedades (toppropiedades)…
19:56:01 DEBUG   [toppropiedades] 1 avisos vía json-ld
19:56:02 DEBUG   [doomos] 31 avisos vía tarjetas
19:56:02 INFO      doomos: 31 avisos en 6s
19:56:02 INFO    Barriendo Nuroa (nuroa)…
19:56:03 DEBUG   [toppropiedades] 1 avisos vía json-ld
19:56:03 DEBUG   Encoding detection: ascii is most likely the one.
19:56:04 DEBUG   [nuroa] 25 avisos vía json-ld
19:56:05 DEBUG   [toppropiedades] 1 avisos vía json-ld
19:56:07 DEBUG   [toctoc] 146 avisos vía estado-embebido
19:56:07 DEBUG   [toppropiedades] 1 avisos vía json-ld
19:56:07 DEBUG   [nuroa] 25 avisos vía json-ld
19:56:09 DEBUG   [nuroa] 25 avisos vía json-ld
19:56:09 DEBUG   [toppropiedades] 1 avisos vía json-ld
19:56:11 DEBUG   [toppropiedades] 1 avisos vía json-ld
19:56:11 DEBUG   [nuroa] 25 avisos vía json-ld
19:56:11 INFO      nuroa: 100 avisos en 9s
19:56:11 INFO    Barriendo Mitula (mitula)…
19:56:13 DEBUG   [toppropiedades] 1 avisos vía json-ld
19:56:13 DEBUG   [mitula] 30 avisos vía json-ld
19:56:15 DEBUG   [toppropiedades] 1 avisos vía json-ld
19:56:15 INFO      toppropiedades: 8 avisos en 18s
19:56:15 INFO    Barriendo Houm (houm)…
19:56:15 DEBUG   [toctoc] 146 avisos vía estado-embebido
19:56:16 DEBUG   [mitula] 30 avisos vía json-ld
19:56:16 INFO      mitula: 60 avisos en 5s
19:56:16 INFO    Barriendo Hey! Homes (heyhomes)…
19:56:20 DEBUG   [heyhomes] 9 avisos vía tarjetas
19:56:20 INFO      heyhomes: 9 avisos en 3s
19:56:20 INFO    Barriendo AssetPlan (assetplan)…
19:56:22 DEBUG   [toctoc] 108 avisos vía estado-embebido
19:56:23 DEBUG   [houm] 28 avisos vía json-ld
19:56:24 DEBUG   [goplaceit] 30 avisos vía json-ld
19:56:33 INFO      assetplan: 0 avisos en 13s
19:56:33 INFO    Barriendo Engel & Völkers (engelvoelkers)…
19:56:36 DEBUG   [toctoc] 108 avisos vía estado-embebido
19:56:40 DEBUG   La red no quedó en silencio en https://houm.com/cl/arriendo-departamento-región-metropolitana/las-condes/170742; se lee igual
19:56:40 DEBUG   [houm] 1 avisos vía estado-embebido
19:56:43 DEBUG   [engelvoelkers] 16 avisos vía tarjetas
19:56:43 INFO      engelvoelkers: 16 avisos en 10s
19:56:43 INFO    Barriendo RE/MAX Chile (remax)…
19:56:46 DEBUG   [toctoc] 108 avisos vía estado-embebido
19:56:46 INFO      toctoc: 762 avisos en 59s
19:56:46 INFO    Barriendo Fuenzalida Propiedades (fuenzalida)…
19:56:50 DEBUG   [fuenzalida] 12 avisos vía tarjetas
19:56:50 INFO      remax: 0 avisos en 7s
19:56:50 INFO    Barriendo Century 21 Chile (century21)…
19:56:52 INFO      century21: 0 avisos en 1s
19:56:52 INFO    Barriendo Property Partners (propertypartners)…
19:56:52 DEBUG   [propertypartners] 1 avisos vía tarjetas
19:56:52 INFO      propertypartners: 1 avisos en 0s
19:56:52 INFO    Barriendo Acceso Inmobiliario (accesoinmobiliario)…
19:56:52 DEBUG   La red no quedó en silencio en https://houm.com/cl/arriendo-departamento-región-metropolitana/las-condes/175757; se lee igual
19:56:53 DEBUG   [houm] 1 avisos vía estado-embebido
19:56:53 DEBUG   [fuenzalida] 20 avisos vía tarjetas
19:56:55 DEBUG   [accesoinmobiliario] 15 avisos vía tarjetas
19:56:57 DEBUG   [fuenzalida] 20 avisos vía tarjetas
19:56:57 INFO      fuenzalida: 52 avisos en 11s
19:56:57 INFO    Barriendo Magnolia Property (magnoliaproperty)…
19:56:58 DEBUG   [magnoliaproperty] 7 avisos vía tarjetas
19:56:58 INFO      magnoliaproperty: 7 avisos en 1s
19:56:58 INFO    Barriendo Portilla Propiedades (portillapropiedades)…
19:56:59 DEBUG   [portillapropiedades] 2 avisos vía tarjetas
19:56:59 INFO      portillapropiedades: 2 avisos en 0s
19:56:59 INFO    Barriendo Nativo Propiedades (nativopropiedades)…
19:56:59 DEBUG   [nativopropiedades] 7 avisos vía tarjetas
19:56:59 INFO      nativopropiedades: 7 avisos en 1s
19:56:59 INFO    Barriendo Enlace Inmobiliario (enlaceinmobiliario)…
19:57:00 WARNING https://www.enlaceinmobiliario.cl/ respondió 403
19:57:00 INFO    [enlaceinmobiliario] https://www.enlaceinmobiliario.cl/ rebotó al GET; se reintenta con navegador
19:57:02 DEBUG   La red no quedó en silencio en https://houm.com/cl/arriendo-departamento-región-metropolitana/ñuñoa/176912; se lee igual
19:57:02 DEBUG   [houm] 1 avisos vía estado-embebido
19:57:07 INFO      enlaceinmobiliario: 0 avisos en 7s
19:57:07 INFO    Barriendo Rentas.cl (rentas_cl)…
19:57:09 DEBUG   [rentas_cl] 1 avisos vía json-ld
19:57:09 INFO      rentas_cl: 1 avisos en 2s
19:57:09 INFO    Barriendo Arriendos.cl (arriendos_cl)…
19:57:10 INFO      arriendos_cl: 0 avisos en 1s
19:57:10 INFO    Barriendo Propiedades.cl (propiedades_cl)…
19:57:11 DEBUG   [propiedades_cl] 5 avisos vía tarjetas
19:57:11 INFO      propiedades_cl: 5 avisos en 1s
19:57:11 INFO    Barriendo Clasificados.cl (clasificados_cl)…
19:57:14 DEBUG   [clasificados_cl] 1 avisos vía tarjetas
19:57:14 INFO      clasificados_cl: 1 avisos en 3s
19:57:14 DEBUG   La red no quedó en silencio en https://houm.com/cl/arriendo-departamento-región-metropolitana/ñuñoa/174379; se lee igual
19:57:14 DEBUG   [houm] 1 avisos vía estado-embebido
19:57:15 DEBUG   [goplaceit] 30 avisos vía json-ld
19:57:16 DEBUG   [accesoinmobiliario] 1 avisos vía tarjetas
19:57:16 INFO      accesoinmobiliario: 16 avisos en 24s
19:57:19 DEBUG   [houm] 1 avisos vía estado-embebido
19:57:26 DEBUG   La red no quedó en silencio en https://houm.com/cl/arriendo-departamento-región-metropolitana/recoleta/90462; se lee igual
19:57:26 DEBUG   [houm] 1 avisos vía estado-embebido
19:57:34 DEBUG   La red no quedó en silencio en https://houm.com/cl/arriendo-departamento-región-metropolitana/recoleta/177459; se lee igual
19:57:34 DEBUG   [houm] 1 avisos vía estado-embebido
19:57:41 INFO      goplaceit: 90 avisos en 114s
19:57:42 DEBUG   La red no quedó en silencio en https://houm.com/cl/arriendo-departamento-región-metropolitana/independencia/167934; se lee igual
19:57:42 DEBUG   [houm] 1 avisos vía estado-embebido
19:57:42 INFO      houm: 36 avisos en 86s
19:57:42 INFO    Total crudo: 1392 avisos
19:57:42 INFO    Después de deduplicar: 487
19:57:42 INFO    Pasaron los filtros: 53
19:58:21 DEBUG   [doomos] 18 avisos vía tarjetas
19:58:21 DEBUG   Ficha de YVT22 sin candidato propio; no se fusiona
19:58:21 DEBUG   Ficha de BYN6Z sin candidato propio; no se fusiona
19:58:27 DEBUG   [doomos] 26 avisos vía tarjetas
19:58:27 DEBUG   Ficha de U44VT sin candidato propio; no se fusiona
19:58:34 DEBUG   [doomos] 27 avisos vía tarjetas
19:58:34 DEBUG   Ficha de ZWNAN sin candidato propio; no se fusiona
19:58:40 DEBUG   [doomos] 27 avisos vía tarjetas
19:58:40 DEBUG   Ficha de 2HWEW sin candidato propio; no se fusiona
19:58:41 DEBUG   [busconido] 11 avisos vía tarjetas
19:58:41 DEBUG   Ficha de VT5EU sin candidato propio; no se fusiona
19:58:42 DEBUG   [busconido] 10 avisos vía tarjetas
19:58:42 DEBUG   Ficha de QJU9W sin candidato propio; no se fusiona
19:58:47 DEBUG   [toctoc] 1 avisos vía estado-embebido
19:58:48 DEBUG   [busconido] 10 avisos vía tarjetas
19:58:48 DEBUG   Ficha de GHC6Y sin candidato propio; no se fusiona
19:58:50 DEBUG   [busconido] 10 avisos vía tarjetas
19:58:50 DEBUG   Ficha de 7UWJU sin candidato propio; no se fusiona
19:58:52 DEBUG   [busconido] 10 avisos vía tarjetas
19:58:52 DEBUG   Ficha de 73CG7 sin candidato propio; no se fusiona
19:58:52 WARNING https://www.bienesonline.cl/es/chile/llanquihue/propiedad/42585-campo-917-ha-valle-cochamo-x-region respondió 404
19:59:00 DEBUG   [doomos] 18 avisos vía tarjetas
19:59:00 DEBUG   Ficha de J5JN4 sin candidato propio; no se fusiona
19:59:05 DEBUG   [toctoc] 1 avisos vía estado-embebido
19:59:09 DEBUG   [toctoc] 1 avisos vía estado-embebido
19:59:16 DEBUG   [doomos] 27 avisos vía tarjetas
19:59:16 DEBUG   Ficha de P8XMT sin candidato propio; no se fusiona
19:59:21 DEBUG   [toctoc] 1 avisos vía estado-embebido
19:59:21 DEBUG   [chilepropiedades] 2 avisos vía json-ld
19:59:26 DEBUG   [toctoc] 1 avisos vía estado-embebido
19:59:26 DEBUG   [chilepropiedades] 2 avisos vía json-ld
19:59:32 DEBUG   [toctoc] 1 avisos vía estado-embebido
19:59:37 DEBUG   [toctoc] 1 avisos vía estado-embebido
19:59:48 DEBUG   La red no quedó en silencio en https://www.toctoc.com/propiedades/arriendocorredorasr/departamento/vitacura/amplio-dpto-3-dormitorios-mas-servicio-estoril/62313db937b2eb47fc03dd6bc00d3af11b5bf811; se lee igual
19:59:48 DEBUG   [toctoc] 1 avisos vía estado-embebido
19:59:52 DEBUG   [engelvoelkers] 1 avisos vía json-ld
19:59:57 DEBUG   [toctoc] 1 avisos vía estado-embebido
19:59:57 INFO    Enriquecido y descartado: 5ZREX (39 años (construido en 1987), sobre el máximo de 30)
19:59:57 WARNING robots.txt no permite https://www.nuroa.cl/adform/10342-912-5f3d-19e92d3-bae6-98ff4d8aca01-7f27?click_type=0&pos=12&searchType=1&page=1&section=1&t_sec=1&sectionType=1&pageViewId=53eefce0-6363-46f0-bcb7-f611c3e18c72&t_pvid=53eefce0-6363-46f0-bcb7-f611c3e18c72&userAgent=Mozilla%2F5.0+%28compatible%3B+radar-arriendos%2F1.0%3B+uso+personal%2C+busqueda+de+arriendo%3B+%2Bhttps%3A%2F%2Fgithub.com%2Falfonsoandona%2Farriendos-vitacura%29&browser=1&isHuman=true&userIp=132.196.80.145&what=vitacura+departamento&search_terms=vitacura+departamento&origin=1&t_or=1&splitTestId=0 — se omite
20:00:01 INFO    Enriquecido y descartado: 75BRH (arriendo de $2.931.142 sobre el máximo negociable de $1.904.000)
20:00:26 INFO    Enriquecido y descartado: 75BRH (arriendo de $2.149.504 sobre el máximo negociable de $1.904.000)
20:00:34 INFO    Enriquecido y descartado: 75BRH (arriendo de $1.954.095 sobre el máximo negociable de $1.904.000)
20:00:51 DEBUG   [toctoc] 1 avisos vía estado-embebido
20:00:55 DEBUG   [toctoc] 1 avisos vía estado-embebido
20:00:56 WARNING robots.txt no permite https://www.nuroa.cl/adform/10342-912-ee27-1a01d7c-a7bc-2ba3aed54f3e-81d8?click_type=0&pos=8&searchType=1&page=1&section=1&t_sec=1&sectionType=1&pageViewId=53eefce0-6363-46f0-bcb7-f611c3e18c72&t_pvid=53eefce0-6363-46f0-bcb7-f611c3e18c72&userAgent=Mozilla%2F5.0+%28compatible%3B+radar-arriendos%2F1.0%3B+uso+personal%2C+busqueda+de+arriendo%3B+%2Bhttps%3A%2F%2Fgithub.com%2Falfonsoandona%2Farriendos-vitacura%29&browser=1&isHuman=true&userIp=132.196.80.145&what=vitacura+departamento&search_terms=vitacura+departamento&origin=1&t_or=1&splitTestId=0 — se omite
20:01:01 DEBUG   [yapo] 1 avisos vía json-ld
20:01:06 DEBUG   [toctoc] 1 avisos vía estado-embebido
20:01:09 INFO    Enriquecido y descartado: 75BRH (arriendo de $4.611.664 sobre el máximo negociable de $1.904.000)
20:01:14 DEBUG   [mitula] 3 avisos vía tarjetas
20:01:14 INFO    Fichas leídas: 53 — 1 ganaron el año, 0 la dirección; 5 se descartaron al verlas (1 por viejos)
20:01:15 INFO    Listo: 0 avisados de 48 candidatos
