16:10:39 INFO    UF = $41.016.28 (API del día)
16:10:39 INFO    Barriendo TocToc (toctoc)…
16:10:39 INFO    Barriendo Chilepropiedades (chilepropiedades)…
16:10:39 INFO    Barriendo GoPlaceIt (goplaceit)…
16:10:39 INFO    Barriendo Yapo (yapo)…
16:10:39 WARNING https://www.yapo.cl/bienes-raices-alquiler-apartamentos/region-metropolitana-vitacura respondió 403
16:10:39 INFO    [yapo] https://www.yapo.cl/bienes-raices-alquiler-apartamentos/region-metropolitana-vitacura rebotó al GET; se reintenta con navegador
16:10:40 DEBUG   [chilepropiedades] 10 avisos vía tarjetas
16:10:42 DEBUG   [chilepropiedades] 10 avisos vía tarjetas
16:10:44 DEBUG   [chilepropiedades] 10 avisos vía tarjetas
16:10:44 INFO      chilepropiedades: 30 avisos en 5s
16:10:44 INFO    Barriendo BuscoNido (busconido)…
16:10:45 DEBUG   [busconido] 23 avisos vía tarjetas
16:10:45 INFO      busconido: 23 avisos en 1s
16:10:45 INFO    Barriendo BienesOnline (bienesonline)…
16:10:45 DEBUG   [toctoc] 20 avisos vía json-ld
16:10:45 DEBUG   [bienesonline] 17 avisos vía tarjetas
16:10:45 INFO      bienesonline: 17 avisos en 1s
16:10:45 INFO    Barriendo Economicos (El Mercurio) (economicos)…
16:10:46 WARNING https://www.economicos.cl/search/propiedades/vitacura/arriendo/departamento/0 respondió 403
16:10:46 INFO    [economicos] https://www.economicos.cl/search/propiedades/vitacura/arriendo/departamento/0 rebotó al GET; se reintenta con navegador
16:10:46 DEBUG   La red no quedó en silencio en https://www.yapo.cl/bienes-raices-alquiler-apartamentos/region-metropolitana-vitacura; se lee igual
16:10:46 INFO      yapo: 0 avisos en 7s
16:10:46 INFO    Barriendo iCasas (icasas)…
16:10:47 DEBUG   [icasas] 15 avisos vía tarjetas
16:10:48 DEBUG   [goplaceit] 30 avisos vía json-ld
16:10:49 INFO      economicos: 0 avisos en 3s
16:10:49 INFO    Barriendo Doomos (doomos)…
16:10:49 WARNING https://www.doomos.cl/departamentos-vitacura-arriendo respondió 403
16:10:49 INFO    [doomos] https://www.doomos.cl/departamentos-vitacura-arriendo rebotó al GET; se reintenta con navegador
16:10:49 DEBUG   [icasas] 15 avisos vía tarjetas
16:10:49 INFO      icasas: 30 avisos en 3s
16:10:49 INFO    Barriendo Top Propiedades (toppropiedades)…
16:10:53 DEBUG   La red no quedó en silencio en https://www.toctoc.com/arriendo/departamento/metropolitana/vitacura/3-dormitorios?pagina=2; se lee igual
16:10:53 DEBUG   [toppropiedades] 1 avisos vía json-ld
16:10:54 DEBUG   [toctoc] 20 avisos vía json-ld
16:10:55 INFO      doomos: 0 avisos en 6s
16:10:55 INFO    Barriendo Nuroa (nuroa)…
16:10:55 DEBUG   [toppropiedades] 1 avisos vía json-ld
16:10:55 DEBUG   Encoding detection: ascii is most likely the one.
16:10:56 DEBUG   [nuroa] 25 avisos vía json-ld
16:10:57 DEBUG   [toppropiedades] 1 avisos vía json-ld
16:10:58 DEBUG   [nuroa] 25 avisos vía json-ld
16:10:59 DEBUG   [toppropiedades] 1 avisos vía json-ld
16:11:00 DEBUG   [nuroa] 25 avisos vía json-ld
16:11:01 DEBUG   [toctoc] 20 avisos vía json-ld
16:11:01 DEBUG   [toppropiedades] 1 avisos vía json-ld
16:11:02 DEBUG   [nuroa] 25 avisos vía json-ld
16:11:03 INFO      nuroa: 100 avisos en 8s
16:11:03 INFO    Barriendo Mitula (mitula)…
16:11:03 DEBUG   [toppropiedades] 1 avisos vía json-ld
16:11:04 DEBUG   [mitula] 30 avisos vía json-ld
16:11:05 DEBUG   [toppropiedades] 1 avisos vía json-ld
16:11:06 DEBUG   [mitula] 30 avisos vía json-ld
16:11:06 INFO      mitula: 60 avisos en 4s
16:11:06 INFO    Barriendo Houm (houm)…
16:11:07 DEBUG   [toctoc] 20 avisos vía json-ld
16:11:07 DEBUG   [toppropiedades] 1 avisos vía json-ld
16:11:07 INFO      toppropiedades: 8 avisos en 18s
16:11:07 INFO    Barriendo Hey! Homes (heyhomes)…
16:11:10 DEBUG   [heyhomes] 9 avisos vía tarjetas
16:11:10 INFO      heyhomes: 9 avisos en 3s
16:11:10 INFO    Barriendo Engel & Völkers (engelvoelkers)…
16:11:14 DEBUG   La red no quedó en silencio en https://houm.com/cl/arriendo-departamentos-region-metropolitana/vitacura/3-dormitorios; se lee igual
16:11:14 DEBUG   [houm] 28 avisos vía json-ld
16:11:16 DEBUG   [toctoc] 18 avisos vía json-ld
16:11:20 DEBUG   [engelvoelkers] 15 avisos vía tarjetas
16:11:20 INFO      engelvoelkers: 15 avisos en 9s
16:11:20 INFO    Barriendo RE/MAX Chile (remax)…
16:11:26 DEBUG   La red no quedó en silencio en https://houm.com/cl/arriendo-departamento-región-metropolitana/las-condes/170742; se lee igual
16:11:26 DEBUG   [houm] 1 avisos vía estado-embebido
16:11:26 DEBUG   La red no quedó en silencio en https://www.toctoc.com/arriendo/departamento/metropolitana/vitacura/4-dormitorios?pagina=3; se lee igual
16:11:27 DEBUG   [toctoc] 20 avisos vía json-ld
16:11:27 INFO      toctoc: 118 avisos en 48s
16:11:27 INFO    Barriendo Fuenzalida Propiedades (fuenzalida)…
16:11:30 DEBUG   [fuenzalida] 16 avisos vía tarjetas
16:11:30 INFO      remax: 0 avisos en 10s
16:11:30 INFO    Barriendo Century 21 Chile (century21)…
16:11:32 INFO      century21: 0 avisos en 2s
16:11:32 INFO    Barriendo Property Partners (propertypartners)…
16:11:32 DEBUG   [propertypartners] 1 avisos vía tarjetas
16:11:32 INFO      propertypartners: 1 avisos en 0s
16:11:32 INFO    Barriendo Acceso Inmobiliario (accesoinmobiliario)…
16:11:33 DEBUG   [fuenzalida] 20 avisos vía tarjetas
16:11:33 DEBUG   [goplaceit] 30 avisos vía json-ld
16:11:35 DEBUG   [accesoinmobiliario] 16 avisos vía tarjetas
16:11:37 DEBUG   La red no quedó en silencio en https://houm.com/cl/arriendo-departamento-región-metropolitana/lo-barnechea/74201; se lee igual
16:11:37 DEBUG   [fuenzalida] 20 avisos vía tarjetas
16:11:37 INFO      fuenzalida: 56 avisos en 10s
16:11:37 INFO    Barriendo Magnolia Property (magnoliaproperty)…
16:11:37 DEBUG   [houm] 1 avisos vía estado-embebido
16:11:38 DEBUG   [magnoliaproperty] 6 avisos vía tarjetas
16:11:38 INFO      magnoliaproperty: 6 avisos en 1s
16:11:38 INFO    Barriendo Portilla Propiedades (portillapropiedades)…
16:11:38 DEBUG   [portillapropiedades] 2 avisos vía tarjetas
16:11:38 INFO      portillapropiedades: 2 avisos en 1s
16:11:38 INFO    Barriendo Nativo Propiedades (nativopropiedades)…
16:11:39 DEBUG   [nativopropiedades] 10 avisos vía tarjetas
16:11:39 INFO      nativopropiedades: 10 avisos en 1s
16:11:39 INFO    Barriendo Enlace Inmobiliario (enlaceinmobiliario)…
16:11:39 WARNING https://www.enlaceinmobiliario.cl/ respondió 403
16:11:39 INFO    [enlaceinmobiliario] https://www.enlaceinmobiliario.cl/ rebotó al GET; se reintenta con navegador
16:11:46 DEBUG   La red no quedó en silencio en https://houm.com/cl/arriendo-departamento-región-metropolitana/recoleta/179872; se lee igual
16:11:46 DEBUG   [houm] 1 avisos vía estado-embebido
16:11:48 DEBUG   [accesoinmobiliario] 1 avisos vía tarjetas
16:11:52 DEBUG   La red no quedó en silencio en https://www.enlaceinmobiliario.cl/; se lee igual
16:11:52 INFO      enlaceinmobiliario: 0 avisos en 12s
16:11:52 INFO    Barriendo Rentas.cl (rentas_cl)…
16:11:54 DEBUG   [rentas_cl] 1 avisos vía json-ld
16:11:54 INFO      rentas_cl: 1 avisos en 2s
16:11:54 INFO    Barriendo Arriendos.cl (arriendos_cl)…
16:11:55 INFO      arriendos_cl: 0 avisos en 1s
16:11:55 INFO    Barriendo Propiedades.cl (propiedades_cl)…
16:11:56 DEBUG   [propiedades_cl] 6 avisos vía tarjetas
16:11:56 INFO      propiedades_cl: 6 avisos en 1s
16:11:56 INFO    Barriendo Clasificados.cl (clasificados_cl)…
16:11:59 DEBUG   [clasificados_cl] 1 avisos vía tarjetas
16:11:59 INFO      clasificados_cl: 1 avisos en 3s
16:11:59 DEBUG   La red no quedó en silencio en https://houm.com/cl/arriendo-departamento-región-metropolitana/recoleta/178185; se lee igual
16:11:59 DEBUG   [houm] 1 avisos vía estado-embebido
16:12:06 DEBUG   [accesoinmobiliario] 1 avisos vía tarjetas
16:12:07 DEBUG   La red no quedó en silencio en https://houm.com/cl/arriendo-departamento-región-metropolitana/recoleta/176207; se lee igual
16:12:08 DEBUG   [houm] 1 avisos vía estado-embebido
16:12:13 DEBUG   [goplaceit] 30 avisos vía json-ld
16:12:17 DEBUG   La red no quedó en silencio en https://houm.com/cl/arriendo-departamento-región-metropolitana/las-condes/177842; se lee igual
16:12:17 DEBUG   [houm] 1 avisos vía estado-embebido
16:12:19 DEBUG   [accesoinmobiliario] 1 avisos vía tarjetas
16:12:25 INFO      accesoinmobiliario: 19 avisos en 53s
16:12:26 DEBUG   La red no quedó en silencio en https://houm.com/cl/arriendo-departamento-región-metropolitana/recoleta/176958; se lee igual
16:12:26 DEBUG   [houm] 1 avisos vía estado-embebido
16:12:33 DEBUG   La red no quedó en silencio en https://houm.com/cl/arriendo-departamento-región-metropolitana/recoleta/90462; se lee igual
16:12:33 DEBUG   [houm] 1 avisos vía estado-embebido
16:12:33 INFO      houm: 36 avisos en 87s
16:12:41 INFO      goplaceit: 90 avisos en 122s
16:12:41 INFO    Total crudo: 638 avisos
16:12:41 INFO    Después de deduplicar: 457
16:12:42 INFO    Pasaron los filtros: 45
16:13:01 DEBUG   Ficha de HW5MX sin candidato propio; no se fusiona
16:13:05 DEBUG   Pin del mapa para 3VKC2: -33.40501, -70.59309
16:13:05 DEBUG   [toctoc] 1 avisos vía estado-embebido
16:13:05 DEBUG   [chilepropiedades] 2 avisos vía json-ld
16:13:05 INFO    Enriquecido y descartado: ZEH4C (97 m² totales, no llega a más de 100 m²)
16:13:09 DEBUG   Pin del mapa para R8S4Y: -33.37615, -70.54544
16:13:09 DEBUG   [toctoc] 1 avisos vía estado-embebido
16:13:14 DEBUG   Ficha de HEPWQ sin candidato propio; no se fusiona
16:13:15 DEBUG   [busconido] 10 avisos vía tarjetas
16:13:15 DEBUG   Ficha de NY779 sin candidato propio; no se fusiona
16:13:16 DEBUG   [busconido] 10 avisos vía tarjetas
16:13:16 DEBUG   Ficha de W8EYB sin candidato propio; no se fusiona
16:13:18 DEBUG   [busconido] 11 avisos vía tarjetas
16:13:18 DEBUG   Ficha de TUHM9 sin candidato propio; no se fusiona
16:13:20 DEBUG   [busconido] 11 avisos vía tarjetas
16:13:20 DEBUG   Ficha de X6SME sin candidato propio; no se fusiona
16:13:22 DEBUG   [busconido] 11 avisos vía tarjetas
16:13:22 DEBUG   Ficha de V35TZ sin candidato propio; no se fusiona
16:13:24 DEBUG   [busconido] 11 avisos vía tarjetas
16:13:24 DEBUG   Ficha de JWVJQ sin candidato propio; no se fusiona
16:13:28 INFO    Enriquecido y descartado: YAVJA (arriendo de $3.517.371 sobre el máximo negociable de $1.904.000)
16:13:32 INFO    Enriquecido y descartado: CC2AY (arriendo de $2.032.258 sobre el máximo negociable de $1.904.000)
16:13:33 DEBUG   [busconido] 10 avisos vía tarjetas
16:13:33 DEBUG   Ficha de RSVEX sin candidato propio; no se fusiona
16:13:37 DEBUG   [toctoc] 1 avisos vía estado-embebido
16:13:44 DEBUG   [engelvoelkers] 1 avisos vía json-ld
16:13:53 DEBUG   [toctoc] 1 avisos vía estado-embebido
16:13:57 DEBUG   [toctoc] 1 avisos vía estado-embebido
16:14:05 DEBUG   [toctoc] 1 avisos vía estado-embebido
16:14:05 DEBUG   [chilepropiedades] 2 avisos vía json-ld
16:14:05 WARNING robots.txt no permite https://www.nuroa.cl/adform/10342-912-b45c-1a0ce6e-984c-ada286d9a1f6-77e4?click_type=0&pos=14&searchType=2&page=1&section=1&t_sec=1&sectionType=1&pageViewId=0b54d6d1-ba91-4e3d-89ee-f08df1c0c65f&t_pvid=0b54d6d1-ba91-4e3d-89ee-f08df1c0c65f&userAgent=Mozilla%2F5.0+%28compatible%3B+radar-arriendos%2F1.0%3B+uso+personal%2C+busqueda+de+arriendo%3B+%2Bhttps%3A%2F%2Fgithub.com%2Falfonsoandona%2Farriendos-vitacura%29&browser=1&isHuman=true&userIp=20.109.92.216&what=vitacura+departamento&search_terms=vitacura+departamento&origin=1&t_or=1&splitTestId=0 — se omite
16:14:09 DEBUG   [toctoc] 1 avisos vía estado-embebido
16:14:12 INFO    Enriquecido y descartado: 75BRH (arriendo de $2.931.142 sobre el máximo negociable de $1.904.000)
16:14:35 INFO    Enriquecido y descartado: 75BRH (arriendo de $2.149.504 sobre el máximo negociable de $1.904.000)
16:14:38 INFO    Enriquecido y descartado: 75BRH (arriendo de $1.954.095 sobre el máximo negociable de $1.904.000)
16:14:54 DEBUG   [toctoc] 1 avisos vía estado-embebido
16:14:58 DEBUG   [toctoc] 1 avisos vía estado-embebido
16:15:02 WARNING robots.txt no permite https://www.nuroa.cl/adform/10342-912-e7f8-1a0a016-97e0-4460cb69457-7a3c?click_type=0&pos=7&searchType=1&page=3&section=1&t_sec=1&sectionType=1&pageViewId=57d33e62-ce57-40e2-b1e9-74706cf954d8&t_pvid=57d33e62-ce57-40e2-b1e9-74706cf954d8&userAgent=Mozilla%2F5.0+%28compatible%3B+radar-arriendos%2F1.0%3B+uso+personal%2C+busqueda+de+arriendo%3B+%2Bhttps%3A%2F%2Fgithub.com%2Falfonsoandona%2Farriendos-vitacura%29&browser=1&isHuman=true&userIp=20.109.92.216&what=vitacura+departamento&search_terms=vitacura+departamento&origin=1&t_or=1&splitTestId=0 — se omite
16:15:07 DEBUG   [toctoc] 1 avisos vía estado-embebido
16:15:11 INFO    Enriquecido y descartado: 75BRH (arriendo de $4.299.009 sobre el máximo negociable de $1.904.000)
16:15:14 INFO    Fichas leídas: 45 — 0 ganaron el año, 1 la dirección; 7 se descartaron al verlas (0 por viejos)
16:15:16 INFO    Listo: 0 avisados de 38 candidatos
