23:26:28 INFO    UF = $40.865.87 (API del día)
23:26:28 INFO    Barriendo TocToc (toctoc)…
23:26:28 INFO    Barriendo Chilepropiedades (chilepropiedades)…
23:26:28 INFO    Barriendo GoPlaceIt (goplaceit)…
23:26:28 INFO    Barriendo Yapo (yapo)…
23:26:28 DEBUG   [chilepropiedades] 10 avisos vía tarjetas
23:26:30 DEBUG   [yapo] 30 avisos vía tarjetas
23:26:30 DEBUG   [chilepropiedades] 10 avisos vía tarjetas
23:26:31 DEBUG   [goplaceit] 30 avisos vía json-ld
23:26:32 DEBUG   [yapo] 30 avisos vía tarjetas
23:26:32 DEBUG   [chilepropiedades] 10 avisos vía tarjetas
23:26:32 INFO      chilepropiedades: 30 avisos en 4s
23:26:32 INFO    Barriendo BuscoNido (busconido)…
23:26:33 DEBUG   [busconido] 23 avisos vía tarjetas
23:26:33 INFO      busconido: 23 avisos en 1s
23:26:33 INFO    Barriendo BienesOnline (bienesonline)…
23:26:34 DEBUG   [yapo] 30 avisos vía tarjetas
23:26:34 INFO      yapo: 90 avisos en 6s
23:26:34 INFO    Barriendo Economicos (El Mercurio) (economicos)…
23:26:34 DEBUG   [bienesonline] 19 avisos vía tarjetas
23:26:34 WARNING https://www.economicos.cl/search/propiedades/vitacura/arriendo/departamento/0 respondió 403
23:26:34 INFO    [economicos] https://www.economicos.cl/search/propiedades/vitacura/arriendo/departamento/0 rebotó al GET; se reintenta con navegador
23:26:34 INFO      bienesonline: 19 avisos en 1s
23:26:34 INFO    Barriendo iCasas (icasas)…
23:26:35 DEBUG   [icasas] 15 avisos vía tarjetas
23:26:35 DEBUG   La red no quedó en silencio en https://www.toctoc.com/arriendo/departamento/metropolitana/vitacura/3-dormitorios; se lee igual
23:26:36 DEBUG   [toctoc] 20 avisos vía json-ld
23:26:37 DEBUG   [icasas] 15 avisos vía tarjetas
23:26:37 INFO      icasas: 30 avisos en 3s
23:26:37 INFO    Barriendo Doomos (doomos)…
23:26:37 INFO      economicos: 0 avisos en 3s
23:26:37 INFO    Barriendo Top Propiedades (toppropiedades)…
23:26:39 DEBUG   [doomos] 31 avisos vía tarjetas
23:26:39 INFO      doomos: 31 avisos en 2s
23:26:39 INFO    Barriendo Nuroa (nuroa)…
23:26:40 DEBUG   Encoding detection: ascii is most likely the one.
23:26:41 DEBUG   [nuroa] 25 avisos vía json-ld
23:26:41 DEBUG   [toppropiedades] 1 avisos vía json-ld
23:26:43 DEBUG   [nuroa] 25 avisos vía json-ld
23:26:43 DEBUG   [toppropiedades] 1 avisos vía json-ld
23:26:44 DEBUG   [toctoc] 20 avisos vía json-ld
23:26:45 DEBUG   [nuroa] 25 avisos vía json-ld
23:26:45 DEBUG   [toppropiedades] 1 avisos vía json-ld
23:26:47 DEBUG   [nuroa] 25 avisos vía json-ld
23:26:47 DEBUG   [toppropiedades] 1 avisos vía json-ld
23:26:48 INFO      nuroa: 100 avisos en 9s
23:26:48 INFO    Barriendo Mitula (mitula)…
23:26:49 DEBUG   [toppropiedades] 1 avisos vía json-ld
23:26:50 DEBUG   [mitula] 30 avisos vía json-ld
23:26:51 DEBUG   La red no quedó en silencio en https://www.toctoc.com/arriendo/departamento/metropolitana/vitacura/3-dormitorios?pagina=3; se lee igual
23:26:51 DEBUG   [toppropiedades] 1 avisos vía json-ld
23:26:51 DEBUG   [toctoc] 20 avisos vía json-ld
23:26:52 DEBUG   [mitula] 30 avisos vía json-ld
23:26:52 INFO      mitula: 60 avisos en 4s
23:26:52 INFO    Barriendo Houm (houm)…
23:26:53 DEBUG   [toppropiedades] 1 avisos vía json-ld
23:26:55 DEBUG   [toppropiedades] 1 avisos vía json-ld
23:26:55 INFO      toppropiedades: 8 avisos en 18s
23:26:55 INFO    Barriendo Hey! Homes (heyhomes)…
23:26:58 DEBUG   [heyhomes] 9 avisos vía tarjetas
23:26:58 INFO      heyhomes: 9 avisos en 3s
23:26:58 INFO    Barriendo Engel & Völkers (engelvoelkers)…
23:26:59 DEBUG   La red no quedó en silencio en https://www.toctoc.com/arriendo/departamento/metropolitana/vitacura/4-dormitorios; se lee igual
23:26:59 DEBUG   [houm] 28 avisos vía json-ld
23:26:59 DEBUG   [toctoc] 20 avisos vía json-ld
23:27:04 DEBUG   [engelvoelkers] 17 avisos vía tarjetas
23:27:04 INFO      engelvoelkers: 17 avisos en 6s
23:27:04 INFO    Barriendo RE/MAX Chile (remax)…
23:27:10 DEBUG   La red no quedó en silencio en https://houm.com/cl/arriendo-departamento-región-metropolitana/las-condes/170742; se lee igual
23:27:11 DEBUG   [houm] 1 avisos vía estado-embebido
23:27:11 DEBUG   La red no quedó en silencio en https://www.toctoc.com/arriendo/departamento/metropolitana/vitacura/4-dormitorios?pagina=2; se lee igual
23:27:11 DEBUG   [toctoc] 20 avisos vía json-ld
23:27:13 DEBUG   [goplaceit] 30 avisos vía json-ld
23:27:17 INFO      remax: 0 avisos en 13s
23:27:17 INFO    Barriendo Fuenzalida Propiedades (fuenzalida)…
23:27:20 DEBUG   [fuenzalida] 16 avisos vía tarjetas
23:27:21 DEBUG   La red no quedó en silencio en https://houm.com/cl/arriendo-departamento-región-metropolitana/las-condes/175757; se lee igual
23:27:21 DEBUG   [houm] 1 avisos vía estado-embebido
23:27:23 DEBUG   [toctoc] 12 avisos vía json-ld
23:27:23 INFO      toctoc: 112 avisos en 55s
23:27:23 INFO    Barriendo Century 21 Chile (century21)…
23:27:24 DEBUG   [fuenzalida] 20 avisos vía tarjetas
23:27:24 INFO      century21: 0 avisos en 1s
23:27:24 INFO    Barriendo Property Partners (propertypartners)…
23:27:24 DEBUG   [propertypartners] 1 avisos vía tarjetas
23:27:24 INFO      propertypartners: 1 avisos en 0s
23:27:24 INFO    Barriendo Acceso Inmobiliario (accesoinmobiliario)…
23:27:27 DEBUG   [fuenzalida] 20 avisos vía tarjetas
23:27:27 INFO      fuenzalida: 56 avisos en 10s
23:27:27 INFO    Barriendo Magnolia Property (magnoliaproperty)…
23:27:27 DEBUG   [magnoliaproperty] 6 avisos vía tarjetas
23:27:27 INFO      magnoliaproperty: 6 avisos en 1s
23:27:27 INFO    Barriendo Portilla Propiedades (portillapropiedades)…
23:27:28 DEBUG   [portillapropiedades] 2 avisos vía tarjetas
23:27:28 INFO      portillapropiedades: 2 avisos en 0s
23:27:28 INFO    Barriendo Nativo Propiedades (nativopropiedades)…
23:27:28 DEBUG   [accesoinmobiliario] 16 avisos vía tarjetas
23:27:28 DEBUG   [nativopropiedades] 7 avisos vía tarjetas
23:27:28 INFO      nativopropiedades: 7 avisos en 1s
23:27:28 INFO    Barriendo Enlace Inmobiliario (enlaceinmobiliario)…
23:27:29 WARNING https://www.enlaceinmobiliario.cl/ respondió 403
23:27:29 INFO    [enlaceinmobiliario] https://www.enlaceinmobiliario.cl/ rebotó al GET; se reintenta con navegador
23:27:30 DEBUG   La red no quedó en silencio en https://houm.com/cl/arriendo-departamento-región-metropolitana/ñuñoa/176912; se lee igual
23:27:30 DEBUG   [houm] 1 avisos vía estado-embebido
23:27:34 INFO      enlaceinmobiliario: 0 avisos en 6s
23:27:34 INFO    Barriendo Rentas.cl (rentas_cl)…
23:27:36 DEBUG   [rentas_cl] 1 avisos vía json-ld
23:27:36 INFO      rentas_cl: 1 avisos en 2s
23:27:36 INFO    Barriendo Arriendos.cl (arriendos_cl)…
23:27:37 INFO      arriendos_cl: 0 avisos en 1s
23:27:37 INFO    Barriendo Propiedades.cl (propiedades_cl)…
23:27:38 DEBUG   [propiedades_cl] 6 avisos vía tarjetas
23:27:38 INFO      propiedades_cl: 6 avisos en 1s
23:27:38 INFO    Barriendo Clasificados.cl (clasificados_cl)…
23:27:40 DEBUG   La red no quedó en silencio en https://houm.com/cl/arriendo-departamento-región-metropolitana/ñuñoa/174379; se lee igual
23:27:40 DEBUG   [houm] 1 avisos vía estado-embebido
23:27:41 DEBUG   [clasificados_cl] 1 avisos vía tarjetas
23:27:41 INFO      clasificados_cl: 1 avisos en 2s
23:27:41 DEBUG   [accesoinmobiliario] 1 avisos vía tarjetas
23:27:46 DEBUG   [accesoinmobiliario] 1 avisos vía tarjetas
23:27:48 DEBUG   La red no quedó en silencio en https://houm.com/cl/arriendo-departamento-región-metropolitana/recoleta/176958; se lee igual
23:27:48 DEBUG   [houm] 1 avisos vía estado-embebido
23:27:51 DEBUG   [accesoinmobiliario] 1 avisos vía tarjetas
23:27:57 DEBUG   [accesoinmobiliario] 1 avisos vía tarjetas
23:27:58 DEBUG   La red no quedó en silencio en https://houm.com/cl/arriendo-departamento-región-metropolitana/recoleta/90462; se lee igual
23:27:58 DEBUG   [houm] 1 avisos vía estado-embebido
23:28:00 DEBUG   [goplaceit] 30 avisos vía json-ld
23:28:07 DEBUG   [accesoinmobiliario] 1 avisos vía tarjetas
23:28:07 DEBUG   La red no quedó en silencio en https://houm.com/cl/arriendo-departamento-región-metropolitana/recoleta/177459; se lee igual
23:28:07 DEBUG   [houm] 1 avisos vía estado-embebido
23:28:09 DEBUG   [accesoinmobiliario] 1 avisos vía tarjetas
23:28:13 DEBUG   [accesoinmobiliario] 1 avisos vía tarjetas
23:28:17 DEBUG   La red no quedó en silencio en https://houm.com/cl/arriendo-departamento-región-metropolitana/independencia/167934; se lee igual
23:28:17 DEBUG   [houm] 1 avisos vía estado-embebido
23:28:17 INFO      houm: 36 avisos en 84s
23:28:19 DEBUG   [accesoinmobiliario] 1 avisos vía tarjetas
23:28:19 INFO      accesoinmobiliario: 24 avisos en 54s
23:28:29 INFO      goplaceit: 90 avisos en 121s
23:28:29 INFO    Total crudo: 759 avisos
23:28:29 INFO    Después de deduplicar: 481
23:28:29 DEBUG   Libreta: francisco cook 831 se construyó en 2022 (nuroa)
23:28:29 DEBUG   Libreta: punta arenas 6900 se construyó en 2021 (accesoinmobiliario)
23:28:29 DEBUG   Libreta: tucapel jimenez 136 se construyó en 2016 (accesoinmobiliario)
23:28:29 DEBUG   Libreta: padre orellana 1308 se construyó en 2022 (accesoinmobiliario)
23:28:29 DEBUG   Libreta: pedro riveros 1521 se construyó en 2025 (accesoinmobiliario)
23:28:29 DEBUG   Libreta: san diego 1344 se construyó en 2014 (accesoinmobiliario)
23:28:29 DEBUG   Libreta: independencia 801 se construyó en 2018 (accesoinmobiliario)
23:28:29 DEBUG   Libreta: hipodromo de chile 1770 se construyó en 2021 (accesoinmobiliario)
23:28:29 INFO    Pasaron los filtros: 68
23:28:54 DEBUG   [doomos] 18 avisos vía tarjetas
23:28:54 DEBUG   Ficha de YVT22 sin candidato propio; no se fusiona
23:28:56 DEBUG   Ficha de HW5MX sin candidato propio; no se fusiona
23:29:01 DEBUG   Pin del mapa para D9UB9: -33.38650, -70.54116
23:29:01 DEBUG   [toctoc] 1 avisos vía estado-embebido
23:29:01 INFO    Enriquecido y descartado: 5YY3P (98 m² totales, no llega a más de 100 m²)
23:29:02 DEBUG   [doomos] 26 avisos vía tarjetas
23:29:02 DEBUG   Ficha de U44VT sin candidato propio; no se fusiona
23:29:07 DEBUG   Pin del mapa para YREMJ: -33.37679, -70.54643
23:29:07 DEBUG   [toctoc] 1 avisos vía estado-embebido
23:29:12 DEBUG   Pin del mapa para XGQZP: -33.37587, -70.54678
23:29:12 DEBUG   [toctoc] 1 avisos vía estado-embebido
23:29:12 DEBUG   [chilepropiedades] 2 avisos vía json-ld
23:29:12 INFO    Enriquecido y descartado: MTYBK (2 dormitorios, bajo el mínimo de 3)
23:29:17 DEBUG   Pin del mapa para U5752: -33.38221, -70.58025
23:29:17 DEBUG   [toctoc] 1 avisos vía estado-embebido
23:29:18 DEBUG   [doomos] 27 avisos vía tarjetas
23:29:18 DEBUG   Ficha de ZWNAN sin candidato propio; no se fusiona
23:29:20 DEBUG   [doomos] 27 avisos vía tarjetas
23:29:20 DEBUG   Ficha de 2HWEW sin candidato propio; no se fusiona
23:29:21 DEBUG   [busconido] 11 avisos vía tarjetas
23:29:21 DEBUG   Ficha de 3VJF2 sin candidato propio; no se fusiona
23:29:22 DEBUG   Pin del mapa para UG6CJ: -33.40039, -70.58183
23:29:22 DEBUG   [yapo] 1 avisos vía json-ld
23:29:26 DEBUG   Pin del mapa para RGC92: -33.40583, -70.59765
23:29:26 DEBUG   [toctoc] 1 avisos vía estado-embebido
23:29:31 DEBUG   Pin del mapa para VWFSS: -33.40537, -70.59387
23:29:31 DEBUG   [toctoc] 1 avisos vía estado-embebido
23:29:31 DEBUG   [busconido] 11 avisos vía tarjetas
23:29:31 DEBUG   Ficha de BFHTK sin candidato propio; no se fusiona
23:29:33 DEBUG   [busconido] 10 avisos vía tarjetas
23:29:33 DEBUG   Ficha de VWVRP sin candidato propio; no se fusiona
23:29:37 DEBUG   Pin del mapa para K3WVV: -33.38911, -70.57248
23:29:37 DEBUG   [toctoc] 1 avisos vía estado-embebido
23:29:42 DEBUG   Pin del mapa para AE38W: -33.40039, -70.58183
23:29:42 DEBUG   [toctoc] 1 avisos vía estado-embebido
23:29:47 DEBUG   Pin del mapa para SWNQP: -33.40157, -70.58144
23:29:47 DEBUG   [toctoc] 1 avisos vía estado-embebido
23:29:47 INFO    Enriquecido y descartado: SWNQP (35 años (construido en 1991), sobre el máximo de 30)
23:29:48 DEBUG   [busconido] 11 avisos vía tarjetas
23:29:48 DEBUG   Ficha de 96SA3 sin candidato propio; no se fusiona
23:29:53 DEBUG   Pin del mapa para 3KND4: -33.40065, -70.58194
23:29:53 DEBUG   [toctoc] 1 avisos vía estado-embebido
23:29:58 DEBUG   Pin del mapa para 26G9Y: -33.40153, -70.59393
23:29:58 DEBUG   [toctoc] 1 avisos vía estado-embebido
23:30:03 DEBUG   Pin del mapa para GCF4N: -33.40156, -70.59404
23:30:03 DEBUG   [toctoc] 1 avisos vía estado-embebido
23:30:03 INFO    Enriquecido y descartado: TCKXG (39 años (construido en 1987), sobre el máximo de 30)
23:30:03 DEBUG   [busconido] 10 avisos vía tarjetas
23:30:03 DEBUG   Ficha de YKJ8M sin candidato propio; no se fusiona
23:30:05 DEBUG   [busconido] 11 avisos vía tarjetas
23:30:05 DEBUG   Ficha de W7NQZ sin candidato propio; no se fusiona
23:30:07 DEBUG   [busconido] 10 avisos vía tarjetas
23:30:07 DEBUG   Ficha de GYN8J sin candidato propio; no se fusiona
23:30:08 DEBUG   Pin del mapa para CWDF8: -33.39138, -70.56060
23:30:08 DEBUG   [yapo] 1 avisos vía json-ld
23:30:08 INFO    Enriquecido y descartado: CWDF8 (88 m² totales, no llega a más de 100 m²)
23:30:10 DEBUG   Pin del mapa para AYPFR: -33.38650, -70.54116
23:30:10 DEBUG   [yapo] 1 avisos vía json-ld
23:30:10 INFO    Enriquecido y descartado: AYPFR (49 años (construido en 1977), sobre el máximo de 30)
23:30:10 DEBUG   [busconido] 10 avisos vía tarjetas
23:30:10 DEBUG   Ficha de H7M57 sin candidato propio; no se fusiona
23:30:12 DEBUG   [busconido] 11 avisos vía tarjetas
23:30:12 DEBUG   Ficha de NEJGD sin candidato propio; no se fusiona
23:30:14 DEBUG   [busconido] 11 avisos vía tarjetas
23:30:14 DEBUG   Ficha de Y69X8 sin candidato propio; no se fusiona
23:30:20 DEBUG   Pin del mapa para 8MYHG: -33.38401, -70.53539
23:30:20 DEBUG   [toctoc] 1 avisos vía estado-embebido
23:30:20 DEBUG   [busconido] 10 avisos vía tarjetas
23:30:20 DEBUG   Ficha de 3VW8K sin candidato propio; no se fusiona
23:30:22 DEBUG   [busconido] 11 avisos vía tarjetas
23:30:22 DEBUG   Ficha de Z7C3K sin candidato propio; no se fusiona
23:30:24 DEBUG   [busconido] 11 avisos vía tarjetas
23:30:24 DEBUG   Ficha de 3SYQT sin candidato propio; no se fusiona
23:30:30 DEBUG   Pin del mapa para 7JCTJ: -33.38650, -70.54116
23:30:30 DEBUG   [toctoc] 1 avisos vía estado-embebido
23:30:34 DEBUG   Pin del mapa para 5EZAZ: -33.39138, -70.56060
23:30:34 DEBUG   [toctoc] 1 avisos vía estado-embebido
23:30:34 INFO    Enriquecido y descartado: 5PAY3 (88 m² totales, no llega a más de 100 m²)
23:30:40 DEBUG   Pin del mapa para K8GJU: -33.38650, -70.54116
23:30:40 DEBUG   [toctoc] 1 avisos vía estado-embebido
23:30:47 DEBUG   Pin del mapa para 532MW: -33.40111, -70.58230
23:30:47 DEBUG   [toctoc] 1 avisos vía estado-embebido
23:30:47 DEBUG   [busconido] 10 avisos vía tarjetas
23:30:47 DEBUG   Ficha de UVQY7 sin candidato propio; no se fusiona
23:30:48 WARNING https://www.bienesonline.cl/es/chile/pichilemu/propiedad/125101-terreno-con-3-cabanas-pichilemu respondió 404
23:30:49 DEBUG   [doomos] 18 avisos vía tarjetas
23:30:49 DEBUG   Ficha de J5JN4 sin candidato propio; no se fusiona
23:30:55 DEBUG   [doomos] 27 avisos vía tarjetas
23:30:55 DEBUG   Ficha de P8XMT sin candidato propio; no se fusiona
23:30:56 DEBUG   [mitula] 3 avisos vía tarjetas
23:31:01 DEBUG   [engelvoelkers] 1 avisos vía json-ld
23:31:06 DEBUG   Ficha de FMDKM sin candidato propio; no se fusiona
23:31:06 WARNING robots.txt no permite https://www.nuroa.cl/adform/10342-912-2704-1a03e46-be46-68531d1ed856-7809?click_type=0&pos=2&searchType=2&page=1&section=1&t_sec=1&sectionType=1&pageViewId=5938c89b-de76-4bb4-bc47-045e1175d54f&t_pvid=5938c89b-de76-4bb4-bc47-045e1175d54f&userAgent=Mozilla%2F5.0+%28compatible%3B+radar-arriendos%2F1.0%3B+uso+personal%2C+busqueda+de+arriendo%3B+%2Bhttps%3A%2F%2Fgithub.com%2Falfonsoandona%2Farriendos-vitacura%29&browser=1&isHuman=true&userIp=172.212.136.246&what=vitacura+departamento&search_terms=vitacura+departamento&origin=1&t_or=1&splitTestId=0 — se omite
23:31:10 INFO    Enriquecido y descartado: 75BRH (arriendo de $2.931.142 sobre el máximo negociable de $1.904.000)
23:31:33 INFO    Enriquecido y descartado: 75BRH (arriendo de $2.149.504 sobre el máximo negociable de $1.904.000)
23:31:41 INFO    Enriquecido y descartado: 75BRH (arriendo de $1.954.095 sobre el máximo negociable de $1.904.000)
23:31:53 WARNING robots.txt no permite https://www.nuroa.cl/adform/10342-912-ee27-1a01d7c-a7bc-2ba3aed54f3e-81d8?click_type=0&pos=25&searchType=1&page=1&section=1&t_sec=1&sectionType=1&pageViewId=5938c89b-de76-4bb4-bc47-045e1175d54f&t_pvid=5938c89b-de76-4bb4-bc47-045e1175d54f&userAgent=Mozilla%2F5.0+%28compatible%3B+radar-arriendos%2F1.0%3B+uso+personal%2C+busqueda+de+arriendo%3B+%2Bhttps%3A%2F%2Fgithub.com%2Falfonsoandona%2Farriendos-vitacura%29&browser=1&isHuman=true&userIp=172.212.136.246&what=vitacura+departamento&search_terms=vitacura+departamento&origin=1&t_or=1&splitTestId=0 — se omite
23:32:01 INFO    Enriquecido y descartado: 75BRH (arriendo de $4.611.664 sobre el máximo negociable de $1.904.000)
23:32:06 DEBUG   [mitula] 3 avisos vía tarjetas
23:32:06 INFO    Fichas leídas: 68 — 10 ganaron el año, 14 la dirección; 11 se descartaron al verlas (3 por viejos)
23:32:06 DEBUG   Libreta: 3355 vitacura 87 se construyó en 2003 (toctoc)
23:32:06 DEBUG   Libreta: andres de vera 0 5067 se construyó en 2008 (toctoc)
23:32:06 DEBUG   Libreta: el arcangel 4990 se construyó en 2007 (toctoc)
23:32:11 DEBUG   [toctoc] 1 avisos vía estado-embebido
23:32:15 DEBUG   [toctoc] 1 avisos vía estado-embebido
23:32:20 DEBUG   [toctoc] 1 avisos vía estado-embebido
23:32:22 INFO    Listo: 4 avisados de 57 candidatos
