01:01:10 INFO    No se pudo traer la UF del día (ReadTimeout); se usa el respaldo
01:01:10 INFO    UF = $40.959.07 (caché de hace 1 día(s) — la API no respondió)
01:01:10 INFO    Barriendo TocToc (toctoc)…
01:01:10 INFO    Barriendo Chilepropiedades (chilepropiedades)…
01:01:10 INFO    Barriendo GoPlaceIt (goplaceit)…
01:01:10 INFO    Barriendo Yapo (yapo)…
01:01:10 DEBUG   [chilepropiedades] 10 avisos vía tarjetas
01:01:12 INFO      yapo: 0 avisos en 2s
01:01:12 INFO    Barriendo BuscoNido (busconido)…
01:01:12 DEBUG   [busconido] 23 avisos vía tarjetas
01:01:12 INFO      busconido: 23 avisos en 1s
01:01:12 INFO    Barriendo BienesOnline (bienesonline)…
01:01:12 DEBUG   [chilepropiedades] 10 avisos vía tarjetas
01:01:13 DEBUG   [bienesonline] 16 avisos vía tarjetas
01:01:13 INFO      bienesonline: 16 avisos en 1s
01:01:13 INFO    Barriendo Economicos (El Mercurio) (economicos)…
01:01:13 DEBUG   [goplaceit] 30 avisos vía json-ld
01:01:14 WARNING https://www.economicos.cl/search/propiedades/vitacura/arriendo/departamento/0 respondió 403
01:01:14 INFO    [economicos] https://www.economicos.cl/search/propiedades/vitacura/arriendo/departamento/0 rebotó al GET; se reintenta con navegador
01:01:14 DEBUG   [chilepropiedades] 10 avisos vía tarjetas
01:01:14 INFO      chilepropiedades: 30 avisos en 4s
01:01:14 INFO    Barriendo iCasas (icasas)…
01:01:15 DEBUG   [icasas] 15 avisos vía tarjetas
01:01:17 DEBUG   [icasas] 15 avisos vía tarjetas
01:01:17 INFO      icasas: 30 avisos en 3s
01:01:17 INFO    Barriendo Doomos (doomos)…
01:01:17 WARNING https://www.doomos.cl/departamentos-vitacura-arriendo respondió 403
01:01:17 INFO    [doomos] https://www.doomos.cl/departamentos-vitacura-arriendo rebotó al GET; se reintenta con navegador
01:01:17 DEBUG   La red no quedó en silencio en https://www.toctoc.com/arriendo/departamento/metropolitana/vitacura/3-dormitorios; se lee igual
01:01:18 WARNING [toctoc] https://www.toctoc.com/arriendo/departamento/metropolitana/vitacura/3-dormitorios falló: Page.content: Unable to retrieve content because the page is navigating and changing the content.
01:01:18 INFO      economicos: 0 avisos en 5s
01:01:18 INFO    Barriendo Top Propiedades (toppropiedades)…
01:01:19 INFO      doomos: 0 avisos en 2s
01:01:19 INFO    Barriendo Nuroa (nuroa)…
01:01:20 DEBUG   Encoding detection: ascii is most likely the one.
01:01:21 DEBUG   [nuroa] 25 avisos vía json-ld
01:01:22 DEBUG   [toppropiedades] 1 avisos vía json-ld
01:01:23 DEBUG   [nuroa] 25 avisos vía json-ld
01:01:24 DEBUG   [toppropiedades] 1 avisos vía json-ld
01:01:25 DEBUG   La red no quedó en silencio en https://www.toctoc.com/arriendo/departamento/metropolitana/vitacura/4-dormitorios; se lee igual
01:01:25 DEBUG   [nuroa] 25 avisos vía json-ld
01:01:25 DEBUG   [toctoc] 20 avisos vía json-ld
01:01:26 DEBUG   [toppropiedades] 1 avisos vía json-ld
01:01:27 DEBUG   [nuroa] 25 avisos vía json-ld
01:01:27 INFO      nuroa: 100 avisos en 8s
01:01:27 INFO    Barriendo Mitula (mitula)…
01:01:28 DEBUG   [toppropiedades] 1 avisos vía json-ld
01:01:29 DEBUG   [mitula] 30 avisos vía json-ld
01:01:30 DEBUG   [toppropiedades] 1 avisos vía json-ld
01:01:31 DEBUG   [mitula] 30 avisos vía json-ld
01:01:31 INFO      mitula: 60 avisos en 4s
01:01:31 INFO    Barriendo Houm (houm)…
01:01:32 DEBUG   [toppropiedades] 1 avisos vía json-ld
01:01:32 DEBUG   [toctoc] 13 avisos vía json-ld
01:01:34 DEBUG   [toppropiedades] 1 avisos vía json-ld
01:01:36 DEBUG   [toppropiedades] 1 avisos vía json-ld
01:01:36 INFO      toppropiedades: 8 avisos en 18s
01:01:36 INFO    Barriendo Hey! Homes (heyhomes)…
01:01:39 DEBUG   [heyhomes] 9 avisos vía tarjetas
01:01:39 INFO      heyhomes: 9 avisos en 3s
01:01:39 INFO    Barriendo Engel & Völkers (engelvoelkers)…
01:01:39 DEBUG   La red no quedó en silencio en https://www.toctoc.com/arriendo/departamento/metropolitana/vitacura/4-dormitorios?pagina=3; se lee igual
01:01:39 DEBUG   La red no quedó en silencio en https://houm.com/cl/arriendo-departamentos-region-metropolitana/vitacura/3-dormitorios; se lee igual
01:01:40 DEBUG   [houm] 28 avisos vía json-ld
01:01:40 WARNING [toctoc] https://www.toctoc.com/arriendo/departamento/metropolitana/vitacura/4-dormitorios?pagina=3 falló: Page.content: Unable to retrieve content because the page is navigating and changing the content.
01:01:40 WARNING   toctoc: Page.content: Unable to retrieve content because the page is navigating and changing the content.
01:01:40 INFO      toctoc: 33 avisos en 30s
01:01:40 INFO    Barriendo RE/MAX Chile (remax)…
01:01:43 DEBUG   [engelvoelkers] 16 avisos vía tarjetas
01:01:43 INFO      engelvoelkers: 16 avisos en 5s
01:01:43 INFO    Barriendo Fuenzalida Propiedades (fuenzalida)…
01:01:46 DEBUG   [fuenzalida] 16 avisos vía tarjetas
01:01:47 INFO      remax: 0 avisos en 7s
01:01:47 INFO    Barriendo Century 21 Chile (century21)…
01:01:48 INFO      century21: 0 avisos en 1s
01:01:48 INFO    Barriendo Property Partners (propertypartners)…
01:01:49 DEBUG   [fuenzalida] 20 avisos vía tarjetas
01:01:49 DEBUG   [propertypartners] 1 avisos vía tarjetas
01:01:49 INFO      propertypartners: 1 avisos en 1s
01:01:49 INFO    Barriendo Acceso Inmobiliario (accesoinmobiliario)…
01:01:50 DEBUG   La red no quedó en silencio en https://houm.com/cl/arriendo-departamento-región-metropolitana/las-condes/170742; se lee igual
01:01:50 DEBUG   [houm] 1 avisos vía estado-embebido
01:01:51 DEBUG   [fuenzalida] 20 avisos vía tarjetas
01:01:51 INFO      fuenzalida: 56 avisos en 8s
01:01:51 INFO    Barriendo Magnolia Property (magnoliaproperty)…
01:01:52 DEBUG   [magnoliaproperty] 6 avisos vía tarjetas
01:01:52 INFO      magnoliaproperty: 6 avisos en 1s
01:01:52 INFO    Barriendo Portilla Propiedades (portillapropiedades)…
01:01:52 DEBUG   [portillapropiedades] 2 avisos vía tarjetas
01:01:52 INFO      portillapropiedades: 2 avisos en 0s
01:01:52 INFO    Barriendo Nativo Propiedades (nativopropiedades)…
01:01:53 DEBUG   [accesoinmobiliario] 16 avisos vía tarjetas
01:01:53 DEBUG   [nativopropiedades] 10 avisos vía tarjetas
01:01:53 INFO      nativopropiedades: 10 avisos en 1s
01:01:53 INFO    Barriendo Enlace Inmobiliario (enlaceinmobiliario)…
01:01:53 WARNING https://www.enlaceinmobiliario.cl/ respondió 403
01:01:53 INFO    [enlaceinmobiliario] https://www.enlaceinmobiliario.cl/ rebotó al GET; se reintenta con navegador
01:01:55 DEBUG   [goplaceit] 30 avisos vía json-ld
01:01:58 DEBUG   La red no quedó en silencio en https://houm.com/cl/arriendo-departamento-región-metropolitana/las-condes/175757; se lee igual
01:01:58 DEBUG   [houm] 1 avisos vía estado-embebido
01:02:04 DEBUG   La red no quedó en silencio en https://www.enlaceinmobiliario.cl/; se lee igual
01:02:04 INFO      enlaceinmobiliario: 0 avisos en 10s
01:02:04 INFO    Barriendo Rentas.cl (rentas_cl)…
01:02:06 DEBUG   [rentas_cl] 1 avisos vía json-ld
01:02:06 INFO      rentas_cl: 1 avisos en 2s
01:02:06 INFO    Barriendo Arriendos.cl (arriendos_cl)…
01:02:07 INFO      arriendos_cl: 0 avisos en 1s
01:02:07 INFO    Barriendo Propiedades.cl (propiedades_cl)…
01:02:08 DEBUG   [propiedades_cl] 6 avisos vía tarjetas
01:02:08 INFO      propiedades_cl: 6 avisos en 1s
01:02:08 INFO    Barriendo Clasificados.cl (clasificados_cl)…
01:02:09 DEBUG   [accesoinmobiliario] 1 avisos vía tarjetas
01:02:11 DEBUG   [clasificados_cl] 1 avisos vía tarjetas
01:02:11 INFO      clasificados_cl: 1 avisos en 3s
01:02:11 DEBUG   La red no quedó en silencio en https://houm.com/cl/arriendo-departamento-región-metropolitana/lo-barnechea/74201; se lee igual
01:02:11 DEBUG   [houm] 1 avisos vía estado-embebido
01:02:13 DEBUG   [accesoinmobiliario] 1 avisos vía tarjetas
01:02:14 DEBUG   [accesoinmobiliario] 1 avisos vía tarjetas
01:02:20 DEBUG   La red no quedó en silencio en https://houm.com/cl/arriendo-departamento-región-metropolitana/providencia/175947; se lee igual
01:02:20 DEBUG   [houm] 1 avisos vía estado-embebido
01:02:28 DEBUG   La red no quedó en silencio en https://houm.com/cl/arriendo-departamento-región-metropolitana/ñuñoa/174379; se lee igual
01:02:28 DEBUG   [houm] 1 avisos vía estado-embebido
01:02:34 DEBUG   [goplaceit] 30 avisos vía json-ld
01:02:35 INFO      accesoinmobiliario: 19 avisos en 47s
01:02:36 DEBUG   La red no quedó en silencio en https://houm.com/cl/arriendo-departamento-región-metropolitana/recoleta/179872; se lee igual
01:02:36 DEBUG   [houm] 1 avisos vía estado-embebido
01:02:43 DEBUG   La red no quedó en silencio en https://houm.com/cl/arriendo-departamento-región-metropolitana/recoleta/178185; se lee igual
01:02:43 DEBUG   [houm] 1 avisos vía estado-embebido
01:02:51 DEBUG   La red no quedó en silencio en https://houm.com/cl/arriendo-departamento-región-metropolitana/las-condes/177842; se lee igual
01:02:51 DEBUG   [houm] 1 avisos vía estado-embebido
01:02:51 INFO      houm: 36 avisos en 80s
01:02:56 INFO      goplaceit: 90 avisos en 106s
01:02:56 INFO    Total crudo: 553 avisos
01:02:56 INFO    Después de deduplicar: 346
01:02:57 INFO    Pasaron los filtros: 27
01:03:08 DEBUG   Ficha de HW5MX sin candidato propio; no se fusiona
01:03:09 DEBUG   [busconido] 10 avisos vía tarjetas
01:03:09 DEBUG   Ficha de SFK6F sin candidato propio; no se fusiona
01:03:11 DEBUG   [busconido] 10 avisos vía tarjetas
01:03:11 DEBUG   Ficha de J8DZ8 sin candidato propio; no se fusiona
01:03:15 INFO    Enriquecido y descartado: YAVJA (arriendo de $3.517.371 sobre el máximo negociable de $1.904.000)
01:03:18 INFO    Enriquecido y descartado: CC2AY (arriendo de $2.032.258 sobre el máximo negociable de $1.904.000)
01:03:19 DEBUG   [busconido] 11 avisos vía tarjetas
01:03:19 DEBUG   Ficha de S76FE sin candidato propio; no se fusiona
01:03:24 DEBUG   [toctoc] 1 avisos vía estado-embebido
01:03:36 DEBUG   [toctoc] 1 avisos vía estado-embebido
01:03:43 INFO    Enriquecido y descartado: 75BRH (arriendo de $2.931.142 sobre el máximo negociable de $1.904.000)
01:04:05 INFO    Enriquecido y descartado: 75BRH (arriendo de $2.149.504 sobre el máximo negociable de $1.904.000)
01:04:09 INFO    Enriquecido y descartado: 75BRH (arriendo de $1.954.095 sobre el máximo negociable de $1.904.000)
01:04:29 DEBUG   [toctoc] 1 avisos vía estado-embebido
01:04:32 INFO    Enriquecido y descartado: 75BRH (arriendo de $4.299.009 sobre el máximo negociable de $1.904.000)
01:04:36 INFO    Fichas leídas: 27 — 0 ganaron el año, 0 la dirección; 6 se descartaron al verlas (0 por viejos)
01:04:37 INFO    Listo: 0 avisados de 21 candidatos
