19:50:27 INFO    UF = $40.860.60 (API del día)
19:50:27 INFO    Barriendo TocToc (toctoc)…
19:50:27 INFO    Barriendo Chilepropiedades (chilepropiedades)…
19:50:27 INFO    Barriendo GoPlaceIt (goplaceit)…
19:50:27 INFO    Barriendo Yapo (yapo)…
19:50:28 DEBUG   [chilepropiedades] 10 avisos vía tarjetas
19:50:29 DEBUG   [yapo] 30 avisos vía tarjetas
19:50:29 DEBUG   [chilepropiedades] 10 avisos vía tarjetas
19:50:31 DEBUG   [yapo] 30 avisos vía tarjetas
19:50:31 INFO      goplaceit: 0 avisos en 4s
19:50:31 INFO    Barriendo BuscoNido (busconido)…
19:50:31 DEBUG   [chilepropiedades] 10 avisos vía tarjetas
19:50:32 INFO      chilepropiedades: 30 avisos en 5s
19:50:32 INFO    Barriendo BienesOnline (bienesonline)…
19:50:32 DEBUG   [bienesonline] 15 avisos vía tarjetas
19:50:32 INFO      bienesonline: 15 avisos en 1s
19:50:32 INFO    Barriendo Economicos (El Mercurio) (economicos)…
19:50:32 DEBUG   [busconido] 23 avisos vía tarjetas
19:50:32 INFO      busconido: 23 avisos en 1s
19:50:32 INFO    Barriendo iCasas (icasas)…
19:50:32 WARNING https://www.economicos.cl/search/propiedades/vitacura/arriendo/departamento/0 respondió 403
19:50:32 INFO    [economicos] https://www.economicos.cl/search/propiedades/vitacura/arriendo/departamento/0 rebotó al GET; se reintenta con navegador
19:50:33 DEBUG   [yapo] 30 avisos vía tarjetas
19:50:33 INFO      yapo: 90 avisos en 6s
19:50:33 INFO    Barriendo Doomos (doomos)…
19:50:33 DEBUG   [icasas] 15 avisos vía tarjetas
19:50:34 INFO      economicos: 0 avisos en 2s
19:50:34 INFO    Barriendo Top Propiedades (toppropiedades)…
19:50:35 DEBUG   [doomos] 31 avisos vía tarjetas
19:50:35 INFO      doomos: 31 avisos en 2s
19:50:35 INFO    Barriendo Nuroa (nuroa)…
19:50:35 DEBUG   [icasas] 15 avisos vía tarjetas
19:50:35 INFO      icasas: 30 avisos en 3s
19:50:35 INFO    Barriendo Mitula (mitula)…
19:50:36 DEBUG   Encoding detection: ascii is most likely the one.
19:50:37 DEBUG   [toctoc] 146 avisos vía estado-embebido
19:50:38 DEBUG   [nuroa] 25 avisos vía json-ld
19:50:38 DEBUG   [toppropiedades] 1 avisos vía json-ld
19:50:39 DEBUG   [mitula] 30 avisos vía json-ld
19:50:39 DEBUG   [nuroa] 25 avisos vía json-ld
19:50:40 DEBUG   [toppropiedades] 1 avisos vía json-ld
19:50:40 DEBUG   [mitula] 30 avisos vía json-ld
19:50:40 INFO      mitula: 60 avisos en 5s
19:50:40 INFO    Barriendo Houm (houm)…
19:50:41 DEBUG   [nuroa] 25 avisos vía json-ld
19:50:42 DEBUG   [toppropiedades] 1 avisos vía json-ld
19:50:43 DEBUG   [nuroa] 25 avisos vía json-ld
19:50:44 DEBUG   [toppropiedades] 1 avisos vía json-ld
19:50:44 INFO      nuroa: 100 avisos en 9s
19:50:44 INFO    Barriendo Hey! Homes (heyhomes)…
19:50:44 DEBUG   [houm] 28 avisos vía json-ld
19:50:46 DEBUG   [toppropiedades] 1 avisos vía json-ld
19:50:47 DEBUG   [heyhomes] 9 avisos vía tarjetas
19:50:47 INFO      heyhomes: 9 avisos en 3s
19:50:47 INFO    Barriendo AssetPlan (assetplan)…
19:50:48 DEBUG   [toppropiedades] 1 avisos vía json-ld
19:50:49 DEBUG   [toctoc] 146 avisos vía estado-embebido
19:50:50 DEBUG   [toppropiedades] 1 avisos vía json-ld
19:50:52 DEBUG   [toppropiedades] 1 avisos vía json-ld
19:50:52 INFO      toppropiedades: 8 avisos en 18s
19:50:52 INFO    Barriendo Engel & Völkers (engelvoelkers)…
19:50:52 DEBUG   La red no quedó en silencio en https://houm.com/cl/arriendo-departamento-región-metropolitana/las-condes/170742; se lee igual
19:50:52 DEBUG   [houm] 1 avisos vía estado-embebido
19:50:57 INFO      assetplan: 0 avisos en 10s
19:50:57 INFO    Barriendo RE/MAX Chile (remax)…
19:51:02 DEBUG   [toctoc] 146 avisos vía estado-embebido
19:51:02 DEBUG   [engelvoelkers] 16 avisos vía tarjetas
19:51:02 INFO      engelvoelkers: 16 avisos en 11s
19:51:02 INFO    Barriendo Fuenzalida Propiedades (fuenzalida)…
19:51:05 INFO      remax: 0 avisos en 8s
19:51:05 INFO    Barriendo Century 21 Chile (century21)…
19:51:05 DEBUG   [fuenzalida] 12 avisos vía tarjetas
19:51:06 INFO      century21: 0 avisos en 2s
19:51:06 INFO    Barriendo Property Partners (propertypartners)…
19:51:07 DEBUG   [propertypartners] 1 avisos vía tarjetas
19:51:07 INFO      propertypartners: 1 avisos en 0s
19:51:07 INFO    Barriendo Acceso Inmobiliario (accesoinmobiliario)…
19:51:08 DEBUG   [fuenzalida] 20 avisos vía tarjetas
19:51:08 DEBUG   La red no quedó en silencio en https://houm.com/cl/arriendo-departamento-región-metropolitana/las-condes/175757; se lee igual
19:51:09 DEBUG   [houm] 1 avisos vía estado-embebido
19:51:11 DEBUG   [fuenzalida] 20 avisos vía tarjetas
19:51:11 INFO      fuenzalida: 52 avisos en 9s
19:51:11 INFO    Barriendo Magnolia Property (magnoliaproperty)…
19:51:11 DEBUG   [accesoinmobiliario] 15 avisos vía tarjetas
19:51:12 DEBUG   [magnoliaproperty] 6 avisos vía tarjetas
19:51:12 INFO      magnoliaproperty: 6 avisos en 1s
19:51:12 INFO    Barriendo Portilla Propiedades (portillapropiedades)…
19:51:13 DEBUG   [portillapropiedades] 2 avisos vía tarjetas
19:51:13 INFO      portillapropiedades: 2 avisos en 1s
19:51:13 INFO    Barriendo Nativo Propiedades (nativopropiedades)…
19:51:14 DEBUG   [nativopropiedades] 7 avisos vía tarjetas
19:51:14 INFO      nativopropiedades: 7 avisos en 1s
19:51:14 INFO    Barriendo Enlace Inmobiliario (enlaceinmobiliario)…
19:51:14 WARNING https://www.enlaceinmobiliario.cl/ respondió 403
19:51:14 INFO    [enlaceinmobiliario] https://www.enlaceinmobiliario.cl/ rebotó al GET; se reintenta con navegador
19:51:14 DEBUG   [toctoc] 108 avisos vía estado-embebido
19:51:17 INFO      enlaceinmobiliario: 0 avisos en 3s
19:51:17 INFO    Barriendo Rentas.cl (rentas_cl)…
19:51:18 DEBUG   La red no quedó en silencio en https://houm.com/cl/arriendo-departamento-región-metropolitana/ñuñoa/176912; se lee igual
19:51:18 DEBUG   [houm] 1 avisos vía estado-embebido
19:51:19 DEBUG   [rentas_cl] 1 avisos vía json-ld
19:51:19 INFO      rentas_cl: 1 avisos en 2s
19:51:19 INFO    Barriendo Arriendos.cl (arriendos_cl)…
19:51:20 INFO      arriendos_cl: 0 avisos en 1s
19:51:20 INFO    Barriendo Propiedades.cl (propiedades_cl)…
19:51:21 DEBUG   [propiedades_cl] 6 avisos vía tarjetas
19:51:21 INFO      propiedades_cl: 6 avisos en 1s
19:51:21 INFO    Barriendo Clasificados.cl (clasificados_cl)…
19:51:23 INFO      clasificados_cl: 0 avisos en 3s
19:51:23 DEBUG   [toctoc] 108 avisos vía estado-embebido
19:51:28 DEBUG   La red no quedó en silencio en https://houm.com/cl/arriendo-departamento-región-metropolitana/ñuñoa/174379; se lee igual
19:51:29 DEBUG   [toctoc] 108 avisos vía estado-embebido
19:51:29 DEBUG   [houm] 1 avisos vía estado-embebido
19:51:29 INFO      toctoc: 762 avisos en 62s
19:51:29 DEBUG   [accesoinmobiliario] 1 avisos vía tarjetas
19:51:29 INFO      accesoinmobiliario: 16 avisos en 23s
19:51:36 DEBUG   La red no quedó en silencio en https://houm.com/cl/arriendo-departamento-región-metropolitana/recoleta/176958; se lee igual
19:51:36 DEBUG   [houm] 1 avisos vía estado-embebido
19:51:43 DEBUG   La red no quedó en silencio en https://houm.com/cl/arriendo-departamento-región-metropolitana/recoleta/90462; se lee igual
19:51:43 DEBUG   [houm] 1 avisos vía estado-embebido
19:51:50 DEBUG   La red no quedó en silencio en https://houm.com/cl/arriendo-departamento-región-metropolitana/recoleta/177459; se lee igual
19:51:50 DEBUG   [houm] 1 avisos vía estado-embebido
19:51:58 DEBUG   La red no quedó en silencio en https://houm.com/cl/arriendo-departamento-región-metropolitana/independencia/167934; se lee igual
19:51:58 DEBUG   [houm] 1 avisos vía estado-embebido
19:51:58 INFO      houm: 36 avisos en 78s
19:51:58 INFO    Total crudo: 1301 avisos
19:51:58 INFO    Después de deduplicar: 459
19:51:58 INFO    Pasaron los filtros: 37
19:52:20 DEBUG   [doomos] 18 avisos vía tarjetas
19:52:20 DEBUG   Ficha de YVT22 sin candidato propio; no se fusiona
19:52:21 DEBUG   Ficha de BYN6Z sin candidato propio; no se fusiona
19:52:24 DEBUG   [doomos] 26 avisos vía tarjetas
19:52:24 DEBUG   Ficha de U44VT sin candidato propio; no se fusiona
19:52:28 DEBUG   [doomos] 27 avisos vía tarjetas
19:52:28 DEBUG   Ficha de ZWNAN sin candidato propio; no se fusiona
19:52:33 DEBUG   [doomos] 27 avisos vía tarjetas
19:52:33 DEBUG   Ficha de 2HWEW sin candidato propio; no se fusiona
19:52:34 DEBUG   [busconido] 11 avisos vía tarjetas
19:52:34 DEBUG   Ficha de VT5EU sin candidato propio; no se fusiona
19:52:36 DEBUG   [busconido] 10 avisos vía tarjetas
19:52:36 DEBUG   Ficha de QJU9W sin candidato propio; no se fusiona
19:52:40 DEBUG   [toctoc] 1 avisos vía estado-embebido
19:52:40 DEBUG   [busconido] 10 avisos vía tarjetas
19:52:40 DEBUG   Ficha de GHC6Y sin candidato propio; no se fusiona
19:52:42 DEBUG   [busconido] 10 avisos vía tarjetas
19:52:42 DEBUG   Ficha de 7UWJU sin candidato propio; no se fusiona
19:52:46 DEBUG   [engelvoelkers] 1 avisos vía json-ld
19:52:46 DEBUG   [busconido] 10 avisos vía tarjetas
19:52:46 DEBUG   Ficha de 73CG7 sin candidato propio; no se fusiona
19:52:46 WARNING https://www.bienesonline.cl/es/chile/llanquihue/propiedad/42585-campo-917-ha-valle-cochamo-x-region respondió 404
19:52:47 DEBUG   [doomos] 18 avisos vía tarjetas
19:52:47 DEBUG   Ficha de J5JN4 sin candidato propio; no se fusiona
19:52:52 DEBUG   [toctoc] 1 avisos vía estado-embebido
19:52:56 DEBUG   [toctoc] 1 avisos vía estado-embebido
19:53:01 DEBUG   [toctoc] 1 avisos vía estado-embebido
19:53:01 INFO    Enriquecido y descartado: 3HMVZ (43 años (construido en 1983), sobre el máximo de 30)
19:53:04 DEBUG   [doomos] 27 avisos vía tarjetas
19:53:04 DEBUG   Ficha de P8XMT sin candidato propio; no se fusiona
19:53:09 DEBUG   [toctoc] 1 avisos vía estado-embebido
19:53:09 DEBUG   [chilepropiedades] 2 avisos vía json-ld
19:53:14 DEBUG   [toctoc] 1 avisos vía estado-embebido
19:53:14 DEBUG   [chilepropiedades] 2 avisos vía json-ld
19:53:19 DEBUG   [toctoc] 1 avisos vía estado-embebido
19:53:24 DEBUG   [toctoc] 1 avisos vía estado-embebido
19:53:30 DEBUG   [toctoc] 1 avisos vía estado-embebido
19:53:36 DEBUG   [toctoc] 1 avisos vía estado-embebido
19:53:36 INFO    Enriquecido y descartado: 5ZREX (39 años (construido en 1987), sobre el máximo de 30)
19:53:36 WARNING robots.txt no permite https://www.nuroa.cl/adform/10342-912-5f3d-19e92d3-bae6-98ff4d8aca01-7f27?click_type=0&pos=12&searchType=1&page=1&section=1&t_sec=1&sectionType=1&pageViewId=4f6b9d17-8c9f-4322-99fb-46d334958d7d&t_pvid=4f6b9d17-8c9f-4322-99fb-46d334958d7d&userAgent=Mozilla%2F5.0+%28compatible%3B+radar-arriendos%2F1.0%3B+uso+personal%2C+busqueda+de+arriendo%3B+%2Bhttps%3A%2F%2Fgithub.com%2Falfonsoandona%2Farriendos-vitacura%29&browser=1&isHuman=true&userIp=20.231.101.33&what=vitacura+departamento&search_terms=vitacura+departamento&origin=1&t_or=1&splitTestId=0 — se omite
19:53:41 DEBUG   [toctoc] 1 avisos vía estado-embebido
19:53:46 DEBUG   [toctoc] 1 avisos vía estado-embebido
19:53:46 WARNING robots.txt no permite https://www.nuroa.cl/adform/10342-912-ee27-1a01d7c-a7bc-2ba3aed54f3e-81d8?click_type=0&pos=8&searchType=1&page=1&section=1&t_sec=1&sectionType=1&pageViewId=4f6b9d17-8c9f-4322-99fb-46d334958d7d&t_pvid=4f6b9d17-8c9f-4322-99fb-46d334958d7d&userAgent=Mozilla%2F5.0+%28compatible%3B+radar-arriendos%2F1.0%3B+uso+personal%2C+busqueda+de+arriendo%3B+%2Bhttps%3A%2F%2Fgithub.com%2Falfonsoandona%2Farriendos-vitacura%29&browser=1&isHuman=true&userIp=20.231.101.33&what=vitacura+departamento&search_terms=vitacura+departamento&origin=1&t_or=1&splitTestId=0 — se omite
19:53:46 DEBUG   [yapo] 1 avisos vía json-ld
19:53:51 DEBUG   [toctoc] 1 avisos vía estado-embebido
19:53:52 DEBUG   [mitula] 3 avisos vía tarjetas
19:53:52 INFO    Fichas leídas: 37 — 3 ganaron el año, 0 la dirección; 2 se descartaron al verlas (2 por viejos)
19:53:52 DEBUG   Libreta: fernando de arguello 8390 se construyó en 2021 (toctoc)
19:53:53 INFO    Listo: 1 avisados de 35 candidatos
