15:07:24 INFO    UF = $40.975.41 (API del día)
15:07:24 INFO    Barriendo TocToc (toctoc)…
15:07:24 INFO    Barriendo Chilepropiedades (chilepropiedades)…
15:07:24 INFO    Barriendo GoPlaceIt (goplaceit)…
15:07:24 INFO    Barriendo Yapo (yapo)…
15:07:25 DEBUG   [chilepropiedades] 10 avisos vía tarjetas
15:07:27 DEBUG   [chilepropiedades] 10 avisos vía tarjetas
15:07:28 DEBUG   [goplaceit] 30 avisos vía json-ld
15:07:29 INFO      yapo: 0 avisos en 5s
15:07:29 INFO    Barriendo BuscoNido (busconido)…
15:07:29 DEBUG   [chilepropiedades] 10 avisos vía tarjetas
15:07:29 INFO      chilepropiedades: 30 avisos en 5s
15:07:29 INFO    Barriendo BienesOnline (bienesonline)…
15:07:30 DEBUG   [busconido] 23 avisos vía tarjetas
15:07:30 INFO      busconido: 23 avisos en 1s
15:07:30 INFO    Barriendo Economicos (El Mercurio) (economicos)…
15:07:30 WARNING https://www.economicos.cl/search/propiedades/vitacura/arriendo/departamento/0 respondió 403
15:07:30 INFO    [economicos] https://www.economicos.cl/search/propiedades/vitacura/arriendo/departamento/0 rebotó al GET; se reintenta con navegador
15:07:30 DEBUG   [bienesonline] 15 avisos vía tarjetas
15:07:30 INFO      bienesonline: 15 avisos en 1s
15:07:30 INFO    Barriendo iCasas (icasas)…
15:07:31 DEBUG   [icasas] 15 avisos vía tarjetas
15:07:32 DEBUG   La red no quedó en silencio en https://www.toctoc.com/arriendo/departamento/metropolitana/vitacura/3-dormitorios; se lee igual
15:07:32 DEBUG   [toctoc] 20 avisos vía json-ld
15:07:33 DEBUG   [icasas] 15 avisos vía tarjetas
15:07:33 INFO      icasas: 30 avisos en 3s
15:07:33 INFO    Barriendo Doomos (doomos)…
15:07:33 INFO      economicos: 0 avisos en 3s
15:07:33 INFO    Barriendo Top Propiedades (toppropiedades)…
15:07:35 DEBUG   [doomos] 31 avisos vía tarjetas
15:07:35 INFO      doomos: 31 avisos en 2s
15:07:35 INFO    Barriendo Nuroa (nuroa)…
15:07:36 DEBUG   Encoding detection: ascii is most likely the one.
15:07:37 DEBUG   [nuroa] 25 avisos vía json-ld
15:07:38 DEBUG   [toppropiedades] 1 avisos vía json-ld
15:07:39 DEBUG   [nuroa] 25 avisos vía json-ld
15:07:40 DEBUG   [toppropiedades] 1 avisos vía json-ld
15:07:40 DEBUG   La red no quedó en silencio en https://www.toctoc.com/arriendo/departamento/metropolitana/vitacura/3-dormitorios?pagina=2; se lee igual
15:07:41 DEBUG   [nuroa] 25 avisos vía json-ld
15:07:41 DEBUG   [toctoc] 20 avisos vía json-ld
15:07:42 DEBUG   [toppropiedades] 1 avisos vía json-ld
15:07:43 DEBUG   [nuroa] 25 avisos vía json-ld
15:07:43 INFO      nuroa: 100 avisos en 9s
15:07:43 INFO    Barriendo Mitula (mitula)…
15:07:44 DEBUG   [toppropiedades] 1 avisos vía json-ld
15:07:45 DEBUG   [mitula] 30 avisos vía json-ld
15:07:46 DEBUG   [toppropiedades] 1 avisos vía json-ld
15:07:47 DEBUG   [mitula] 30 avisos vía json-ld
15:07:47 INFO      mitula: 60 avisos en 4s
15:07:47 INFO    Barriendo Houm (houm)…
15:07:48 DEBUG   [toppropiedades] 1 avisos vía json-ld
15:07:48 DEBUG   [toctoc] 20 avisos vía json-ld
15:07:50 DEBUG   [toppropiedades] 1 avisos vía json-ld
15:07:52 DEBUG   [toppropiedades] 1 avisos vía json-ld
15:07:52 INFO      toppropiedades: 8 avisos en 19s
15:07:52 INFO    Barriendo Hey! Homes (heyhomes)…
15:07:54 DEBUG   [heyhomes] 9 avisos vía tarjetas
15:07:54 INFO      heyhomes: 9 avisos en 3s
15:07:54 INFO    Barriendo Engel & Völkers (engelvoelkers)…
15:07:55 DEBUG   La red no quedó en silencio en https://houm.com/cl/arriendo-departamentos-region-metropolitana/vitacura/3-dormitorios; se lee igual
15:07:56 DEBUG   [houm] 28 avisos vía json-ld
15:07:56 DEBUG   La red no quedó en silencio en https://www.toctoc.com/arriendo/departamento/metropolitana/vitacura/4-dormitorios; se lee igual
15:07:57 WARNING [toctoc] https://www.toctoc.com/arriendo/departamento/metropolitana/vitacura/4-dormitorios falló: Page.content: Unable to retrieve content because the page is navigating and changing the content.
15:07:57 WARNING   toctoc: Page.content: Unable to retrieve content because the page is navigating and changing the content.
15:07:57 INFO      toctoc: 60 avisos en 33s
15:07:57 INFO    Barriendo RE/MAX Chile (remax)…
15:08:02 DEBUG   [engelvoelkers] 16 avisos vía tarjetas
15:08:02 INFO      engelvoelkers: 16 avisos en 7s
15:08:02 INFO    Barriendo Fuenzalida Propiedades (fuenzalida)…
15:08:05 DEBUG   [fuenzalida] 16 avisos vía tarjetas
15:08:06 INFO      remax: 0 avisos en 9s
15:08:06 INFO    Barriendo Century 21 Chile (century21)…
15:08:06 DEBUG   La red no quedó en silencio en https://houm.com/cl/arriendo-departamento-región-metropolitana/las-condes/170742; se lee igual
15:08:07 DEBUG   [houm] 1 avisos vía estado-embebido
15:08:07 INFO      century21: 0 avisos en 2s
15:08:07 INFO    Barriendo Property Partners (propertypartners)…
15:08:08 DEBUG   [propertypartners] 1 avisos vía tarjetas
15:08:08 INFO      propertypartners: 1 avisos en 1s
15:08:08 INFO    Barriendo Acceso Inmobiliario (accesoinmobiliario)…
15:08:08 DEBUG   [fuenzalida] 20 avisos vía tarjetas
15:08:09 DEBUG   [goplaceit] 30 avisos vía json-ld
15:08:11 DEBUG   [accesoinmobiliario] 16 avisos vía tarjetas
15:08:11 DEBUG   [fuenzalida] 20 avisos vía tarjetas
15:08:11 INFO      fuenzalida: 56 avisos en 10s
15:08:11 INFO    Barriendo Magnolia Property (magnoliaproperty)…
15:08:12 DEBUG   [magnoliaproperty] 7 avisos vía tarjetas
15:08:12 INFO      magnoliaproperty: 7 avisos en 1s
15:08:12 INFO    Barriendo Portilla Propiedades (portillapropiedades)…
15:08:12 DEBUG   [portillapropiedades] 2 avisos vía tarjetas
15:08:12 INFO      portillapropiedades: 2 avisos en 1s
15:08:12 INFO    Barriendo Nativo Propiedades (nativopropiedades)…
15:08:13 DEBUG   [nativopropiedades] 10 avisos vía tarjetas
15:08:13 INFO      nativopropiedades: 10 avisos en 1s
15:08:13 INFO    Barriendo Enlace Inmobiliario (enlaceinmobiliario)…
15:08:13 WARNING https://www.enlaceinmobiliario.cl/ respondió 403
15:08:13 INFO    [enlaceinmobiliario] https://www.enlaceinmobiliario.cl/ rebotó al GET; se reintenta con navegador
15:08:14 DEBUG   La red no quedó en silencio en https://houm.com/cl/arriendo-departamento-región-metropolitana/las-condes/175757; se lee igual
15:08:14 DEBUG   [houm] 1 avisos vía estado-embebido
15:08:17 DEBUG   [accesoinmobiliario] 1 avisos vía tarjetas
15:08:22 DEBUG   La red no quedó en silencio en https://www.enlaceinmobiliario.cl/; se lee igual
15:08:22 INFO      enlaceinmobiliario: 0 avisos en 8s
15:08:22 INFO    Barriendo Rentas.cl (rentas_cl)…
15:08:24 DEBUG   [rentas_cl] 1 avisos vía json-ld
15:08:24 INFO      rentas_cl: 1 avisos en 2s
15:08:24 INFO    Barriendo Arriendos.cl (arriendos_cl)…
15:08:24 DEBUG   La red no quedó en silencio en https://houm.com/cl/arriendo-departamento-región-metropolitana/lo-barnechea/74201; se lee igual
15:08:24 DEBUG   [houm] 1 avisos vía estado-embebido
15:08:25 INFO      arriendos_cl: 0 avisos en 1s
15:08:25 INFO    Barriendo Propiedades.cl (propiedades_cl)…
15:08:25 DEBUG   [propiedades_cl] 6 avisos vía tarjetas
15:08:25 INFO      propiedades_cl: 6 avisos en 1s
15:08:25 INFO    Barriendo Clasificados.cl (clasificados_cl)…
15:08:27 DEBUG   [clasificados_cl] 1 avisos vía tarjetas
15:08:27 INFO      clasificados_cl: 1 avisos en 1s
15:08:33 DEBUG   La red no quedó en silencio en https://houm.com/cl/arriendo-departamento-región-metropolitana/providencia/175947; se lee igual
15:08:33 DEBUG   [houm] 1 avisos vía estado-embebido
15:08:39 DEBUG   [accesoinmobiliario] 1 avisos vía tarjetas
15:08:41 DEBUG   La red no quedó en silencio en https://houm.com/cl/arriendo-departamento-región-metropolitana/ñuñoa/174379; se lee igual
15:08:41 DEBUG   [houm] 1 avisos vía estado-embebido
15:08:43 DEBUG   [accesoinmobiliario] 1 avisos vía tarjetas
15:08:45 DEBUG   [accesoinmobiliario] 1 avisos vía tarjetas
15:08:50 DEBUG   La red no quedó en silencio en https://houm.com/cl/arriendo-departamento-región-metropolitana/recoleta/179872; se lee igual
15:08:50 DEBUG   [houm] 1 avisos vía estado-embebido
15:08:53 DEBUG   [goplaceit] 30 avisos vía json-ld
15:09:00 DEBUG   La red no quedó en silencio en https://houm.com/cl/arriendo-departamento-región-metropolitana/recoleta/178185; se lee igual
15:09:00 DEBUG   [houm] 1 avisos vía estado-embebido
15:09:06 INFO      accesoinmobiliario: 20 avisos en 59s
15:09:08 DEBUG   La red no quedó en silencio en https://houm.com/cl/arriendo-departamento-región-metropolitana/las-condes/177842; se lee igual
15:09:08 DEBUG   [houm] 1 avisos vía estado-embebido
15:09:08 INFO      houm: 36 avisos en 81s
15:09:21 INFO      goplaceit: 90 avisos en 117s
15:09:21 INFO    Total crudo: 612 avisos
15:09:22 INFO    Después de deduplicar: 410
15:09:22 INFO    Pasaron los filtros: 41
15:09:39 DEBUG   [doomos] 18 avisos vía tarjetas
15:09:39 DEBUG   Ficha de YVT22 sin candidato propio; no se fusiona
15:09:40 DEBUG   Ficha de HW5MX sin candidato propio; no se fusiona
15:09:42 DEBUG   [doomos] 27 avisos vía tarjetas
15:09:42 DEBUG   Ficha de U44VT sin candidato propio; no se fusiona
15:09:43 DEBUG   [doomos] 27 avisos vía tarjetas
15:09:43 DEBUG   Ficha de KNAE9 sin candidato propio; no se fusiona
15:09:46 DEBUG   [doomos] 27 avisos vía tarjetas
15:09:46 DEBUG   Ficha de PR3QK sin candidato propio; no se fusiona
15:09:49 DEBUG   [doomos] 27 avisos vía tarjetas
15:09:49 DEBUG   Ficha de 2HWEW sin candidato propio; no se fusiona
15:09:51 DEBUG   [doomos] 27 avisos vía tarjetas
15:09:51 DEBUG   Ficha de ZWNAN sin candidato propio; no se fusiona
15:09:55 DEBUG   [doomos] 27 avisos vía tarjetas
15:09:55 DEBUG   Ficha de FDXSM sin candidato propio; no se fusiona
15:09:56 DEBUG   [busconido] 11 avisos vía tarjetas
15:09:56 DEBUG   Ficha de HSU25 sin candidato propio; no se fusiona
15:09:59 DEBUG   [doomos] 27 avisos vía tarjetas
15:09:59 DEBUG   Ficha de FQ6XQ sin candidato propio; no se fusiona
15:09:59 DEBUG   [busconido] 11 avisos vía tarjetas
15:09:59 DEBUG   Ficha de EZJCH sin candidato propio; no se fusiona
15:10:01 DEBUG   [busconido] 10 avisos vía tarjetas
15:10:01 DEBUG   Ficha de ASYEC sin candidato propio; no se fusiona
15:10:03 DEBUG   [busconido] 10 avisos vía tarjetas
15:10:03 DEBUG   Ficha de 7VFKS sin candidato propio; no se fusiona
15:10:08 INFO    Enriquecido y descartado: YAVJA (arriendo de $3.517.371 sobre el máximo negociable de $1.904.000)
15:10:12 INFO    Enriquecido y descartado: CC2AY (arriendo de $2.032.258 sobre el máximo negociable de $1.904.000)
15:10:13 DEBUG   [doomos] 18 avisos vía tarjetas
15:10:13 DEBUG   Ficha de J5JN4 sin candidato propio; no se fusiona
15:10:13 DEBUG   [mitula] 3 avisos vía tarjetas
15:10:23 DEBUG   [doomos] 27 avisos vía tarjetas
15:10:23 DEBUG   Ficha de P8XMT sin candidato propio; no se fusiona
15:10:28 DEBUG   [toctoc] 1 avisos vía estado-embebido
15:10:37 DEBUG   [toctoc] 1 avisos vía estado-embebido
15:10:41 DEBUG   [toctoc] 1 avisos vía estado-embebido
15:10:44 INFO    Enriquecido y descartado: 75BRH (arriendo de $2.931.142 sobre el máximo negociable de $1.904.000)
15:11:07 INFO    Enriquecido y descartado: 75BRH (arriendo de $2.149.504 sobre el máximo negociable de $1.904.000)
15:11:11 INFO    Enriquecido y descartado: 75BRH (arriendo de $1.954.095 sobre el máximo negociable de $1.904.000)
15:11:27 DEBUG   [toctoc] 1 avisos vía estado-embebido
15:11:35 INFO    Enriquecido y descartado: 75BRH (arriendo de $4.299.009 sobre el máximo negociable de $1.904.000)
15:11:38 INFO    Fichas leídas: 41 — 0 ganaron el año, 0 la dirección; 6 se descartaron al verlas (0 por viejos)
15:11:40 INFO    Listo: 0 avisados de 35 candidatos
