21:05:12 INFO    UF = $41.073.57 (API del día)
21:05:12 INFO    Barriendo TocToc (toctoc)…
21:05:12 INFO    Barriendo Chilepropiedades (chilepropiedades)…
21:05:12 INFO    Barriendo GoPlaceIt (goplaceit)…
21:05:12 INFO    Barriendo Yapo (yapo)…
21:05:12 WARNING https://www.yapo.cl/bienes-raices-alquiler-apartamentos/region-metropolitana-vitacura respondió 403
21:05:12 INFO    [yapo] https://www.yapo.cl/bienes-raices-alquiler-apartamentos/region-metropolitana-vitacura rebotó al GET; se reintenta con navegador
21:05:14 DEBUG   [chilepropiedades] 10 avisos vía tarjetas
21:05:16 DEBUG   [chilepropiedades] 10 avisos vía tarjetas
21:05:17 DEBUG   [goplaceit] 30 avisos vía json-ld
21:05:18 DEBUG   [chilepropiedades] 10 avisos vía tarjetas
21:05:18 INFO      chilepropiedades: 30 avisos en 6s
21:05:18 INFO    Barriendo BuscoNido (busconido)…
21:05:19 DEBUG   [toctoc] 20 avisos vía json-ld
21:05:19 DEBUG   [busconido] 23 avisos vía tarjetas
21:05:19 INFO      busconido: 23 avisos en 1s
21:05:19 INFO    Barriendo BienesOnline (bienesonline)…
21:05:20 DEBUG   [bienesonline] 11 avisos vía tarjetas
21:05:20 INFO      bienesonline: 11 avisos en 1s
21:05:20 INFO    Barriendo Economicos (El Mercurio) (economicos)…
21:05:20 WARNING https://www.economicos.cl/search/propiedades/vitacura/arriendo/departamento/0 respondió 403
21:05:20 INFO    [economicos] https://www.economicos.cl/search/propiedades/vitacura/arriendo/departamento/0 rebotó al GET; se reintenta con navegador
21:05:23 DEBUG   La red no quedó en silencio en https://www.yapo.cl/bienes-raices-alquiler-apartamentos/region-metropolitana-vitacura; se lee igual
21:05:23 INFO      yapo: 0 avisos en 11s
21:05:23 INFO    Barriendo iCasas (icasas)…
21:05:24 DEBUG   [icasas] 15 avisos vía tarjetas
21:05:24 INFO      economicos: 0 avisos en 4s
21:05:24 INFO    Barriendo Doomos (doomos)…
21:05:26 DEBUG   [doomos] 33 avisos vía tarjetas
21:05:26 INFO      doomos: 33 avisos en 2s
21:05:26 INFO    Barriendo Top Propiedades (toppropiedades)…
21:05:26 DEBUG   [icasas] 15 avisos vía tarjetas
21:05:26 INFO      icasas: 30 avisos en 3s
21:05:26 INFO    Barriendo Nuroa (nuroa)…
21:05:27 DEBUG   Encoding detection: ascii is most likely the one.
21:05:27 DEBUG   [nuroa] 25 avisos vía json-ld
21:05:29 DEBUG   [nuroa] 25 avisos vía json-ld
21:05:29 DEBUG   La red no quedó en silencio en https://www.toctoc.com/arriendo/departamento/metropolitana/vitacura/3-dormitorios?pagina=2; se lee igual
21:05:30 DEBUG   [toctoc] 20 avisos vía json-ld
21:05:30 DEBUG   [toppropiedades] 1 avisos vía json-ld
21:05:31 DEBUG   [nuroa] 25 avisos vía json-ld
21:05:32 DEBUG   [toppropiedades] 1 avisos vía json-ld
21:05:33 DEBUG   [nuroa] 25 avisos vía json-ld
21:05:33 INFO      nuroa: 100 avisos en 7s
21:05:33 INFO    Barriendo Mitula (mitula)…
21:05:34 DEBUG   [toppropiedades] 1 avisos vía json-ld
21:05:35 DEBUG   [mitula] 30 avisos vía json-ld
21:05:36 DEBUG   [toppropiedades] 1 avisos vía json-ld
21:05:37 DEBUG   [mitula] 30 avisos vía json-ld
21:05:37 DEBUG   La red no quedó en silencio en https://www.toctoc.com/arriendo/departamento/metropolitana/vitacura/3-dormitorios?pagina=3; se lee igual
21:05:37 INFO      mitula: 60 avisos en 4s
21:05:37 INFO    Barriendo Houm (houm)…
21:05:37 WARNING [toctoc] https://www.toctoc.com/arriendo/departamento/metropolitana/vitacura/3-dormitorios?pagina=3 falló: Page.content: Unable to retrieve content because the page is navigating and changing the content.
21:05:38 DEBUG   [toppropiedades] 1 avisos vía json-ld
21:05:40 DEBUG   [toppropiedades] 1 avisos vía json-ld
21:05:42 DEBUG   [toppropiedades] 1 avisos vía json-ld
21:05:44 DEBUG   [toppropiedades] 1 avisos vía json-ld
21:05:44 INFO      toppropiedades: 8 avisos en 18s
21:05:44 INFO    Barriendo Hey! Homes (heyhomes)…
21:05:44 DEBUG   La red no quedó en silencio en https://houm.com/cl/arriendo-departamentos-region-metropolitana/vitacura/3-dormitorios; se lee igual
21:05:45 DEBUG   [houm] 28 avisos vía json-ld
21:05:46 DEBUG   La red no quedó en silencio en https://www.toctoc.com/arriendo/departamento/metropolitana/vitacura/4-dormitorios; se lee igual
21:05:47 DEBUG   [heyhomes] 9 avisos vía tarjetas
21:05:47 INFO      heyhomes: 9 avisos en 3s
21:05:47 INFO    Barriendo Engel & Völkers (engelvoelkers)…
21:05:48 WARNING [toctoc] https://www.toctoc.com/arriendo/departamento/metropolitana/vitacura/4-dormitorios falló: Page.content: Unable to retrieve content because the page is navigating and changing the content.
21:05:48 WARNING   toctoc: Page.content: Unable to retrieve content because the page is navigating and changing the content.
21:05:48 INFO      toctoc: 40 avisos en 36s
21:05:48 INFO    Barriendo RE/MAX Chile (remax)…
21:05:52 DEBUG   [engelvoelkers] 16 avisos vía tarjetas
21:05:52 INFO      engelvoelkers: 16 avisos en 5s
21:05:52 INFO    Barriendo Fuenzalida Propiedades (fuenzalida)…
21:05:54 INFO      remax: 0 avisos en 7s
21:05:54 INFO    Barriendo Century 21 Chile (century21)…
21:05:55 DEBUG   [fuenzalida] 16 avisos vía tarjetas
21:05:55 DEBUG   La red no quedó en silencio en https://houm.com/cl/arriendo-departamento-región-metropolitana/las-condes/170742; se lee igual
21:05:55 DEBUG   [houm] 1 avisos vía estado-embebido
21:05:56 INFO      century21: 0 avisos en 2s
21:05:56 INFO    Barriendo Property Partners (propertypartners)…
21:05:56 DEBUG   [propertypartners] 1 avisos vía tarjetas
21:05:56 INFO      propertypartners: 1 avisos en 0s
21:05:56 INFO    Barriendo Acceso Inmobiliario (accesoinmobiliario)…
21:05:57 DEBUG   [goplaceit] 30 avisos vía json-ld
21:05:59 DEBUG   [fuenzalida] 20 avisos vía tarjetas
21:06:00 DEBUG   [accesoinmobiliario] 15 avisos vía tarjetas
21:06:02 DEBUG   La red no quedó en silencio en https://houm.com/cl/arriendo-departamento-región-metropolitana/lo-barnechea/74201; se lee igual
21:06:03 DEBUG   [houm] 1 avisos vía estado-embebido
21:06:04 DEBUG   [fuenzalida] 20 avisos vía tarjetas
21:06:04 INFO      fuenzalida: 56 avisos en 12s
21:06:04 INFO    Barriendo Magnolia Property (magnoliaproperty)…
21:06:05 DEBUG   [magnoliaproperty] 7 avisos vía tarjetas
21:06:05 INFO      magnoliaproperty: 7 avisos en 1s
21:06:05 INFO    Barriendo Portilla Propiedades (portillapropiedades)…
21:06:06 DEBUG   [portillapropiedades] 2 avisos vía tarjetas
21:06:06 INFO      portillapropiedades: 2 avisos en 1s
21:06:06 INFO    Barriendo Nativo Propiedades (nativopropiedades)…
21:06:07 DEBUG   [nativopropiedades] 10 avisos vía tarjetas
21:06:07 INFO      nativopropiedades: 10 avisos en 1s
21:06:07 INFO    Barriendo Enlace Inmobiliario (enlaceinmobiliario)…
21:06:07 WARNING https://www.enlaceinmobiliario.cl/ respondió 403
21:06:07 INFO    [enlaceinmobiliario] https://www.enlaceinmobiliario.cl/ rebotó al GET; se reintenta con navegador
21:06:10 DEBUG   La red no quedó en silencio en https://houm.com/cl/arriendo-departamento-región-metropolitana/recoleta/179872; se lee igual
21:06:10 DEBUG   [houm] 1 avisos vía estado-embebido
21:06:11 DEBUG   [accesoinmobiliario] 1 avisos vía tarjetas
21:06:17 DEBUG   La red no quedó en silencio en https://www.enlaceinmobiliario.cl/; se lee igual
21:06:17 INFO      enlaceinmobiliario: 0 avisos en 10s
21:06:17 INFO    Barriendo Rentas.cl (rentas_cl)…
21:06:19 DEBUG   [accesoinmobiliario] 1 avisos vía tarjetas
21:06:19 DEBUG   [rentas_cl] 1 avisos vía json-ld
21:06:19 INFO      rentas_cl: 1 avisos en 2s
21:06:19 INFO    Barriendo Arriendos.cl (arriendos_cl)…
21:06:20 INFO      arriendos_cl: 0 avisos en 1s
21:06:20 INFO    Barriendo Propiedades.cl (propiedades_cl)…
21:06:21 DEBUG   [propiedades_cl] 6 avisos vía tarjetas
21:06:21 INFO      propiedades_cl: 6 avisos en 1s
21:06:21 INFO    Barriendo Clasificados.cl (clasificados_cl)…
21:06:22 DEBUG   La red no quedó en silencio en https://houm.com/cl/arriendo-departamento-región-metropolitana/recoleta/178185; se lee igual
21:06:22 DEBUG   [houm] 1 avisos vía estado-embebido
21:06:23 DEBUG   [clasificados_cl] 1 avisos vía tarjetas
21:06:23 INFO      clasificados_cl: 1 avisos en 1s
21:06:23 DEBUG   [accesoinmobiliario] 1 avisos vía tarjetas
21:06:28 DEBUG   [accesoinmobiliario] 1 avisos vía tarjetas
21:06:30 DEBUG   La red no quedó en silencio en https://houm.com/cl/arriendo-departamento-región-metropolitana/recoleta/176207; se lee igual
21:06:30 DEBUG   [houm] 1 avisos vía estado-embebido
21:06:32 DEBUG   [accesoinmobiliario] 1 avisos vía tarjetas
21:06:34 DEBUG   [accesoinmobiliario] 1 avisos vía tarjetas
21:06:37 DEBUG   [goplaceit] 30 avisos vía json-ld
21:06:39 DEBUG   [accesoinmobiliario] 1 avisos vía tarjetas
21:06:39 DEBUG   La red no quedó en silencio en https://houm.com/cl/arriendo-departamento-región-metropolitana/las-condes/177842; se lee igual
21:06:39 DEBUG   [houm] 1 avisos vía estado-embebido
21:06:41 DEBUG   [accesoinmobiliario] 1 avisos vía tarjetas
21:06:41 INFO      accesoinmobiliario: 23 avisos en 45s
21:06:48 DEBUG   La red no quedó en silencio en https://houm.com/cl/arriendo-departamento-región-metropolitana/recoleta/176958; se lee igual
21:06:48 DEBUG   [houm] 1 avisos vía estado-embebido
21:06:55 DEBUG   La red no quedó en silencio en https://houm.com/cl/arriendo-departamento-región-metropolitana/recoleta/90462; se lee igual
21:06:55 DEBUG   [houm] 1 avisos vía estado-embebido
21:06:55 INFO      houm: 36 avisos en 78s
21:07:04 INFO      goplaceit: 90 avisos en 112s
21:07:04 INFO    Total crudo: 593 avisos
21:07:04 INFO    Después de deduplicar: 439
21:07:05 INFO    Pasaron los filtros: 55
21:07:20 DEBUG   [doomos] 18 avisos vía tarjetas
21:07:20 DEBUG   Ficha de YVT22 sin candidato propio; no se fusiona
21:07:22 DEBUG   Ficha de HW5MX sin candidato propio; no se fusiona
21:07:27 DEBUG   [doomos] 27 avisos vía tarjetas
21:07:27 DEBUG   Ficha de U44VT sin candidato propio; no se fusiona
21:07:31 DEBUG   [doomos] 27 avisos vía tarjetas
21:07:31 DEBUG   Ficha de KNAE9 sin candidato propio; no se fusiona
21:07:33 DEBUG   [doomos] 27 avisos vía tarjetas
21:07:33 DEBUG   Ficha de PR3QK sin candidato propio; no se fusiona
21:07:39 DEBUG   [doomos] 27 avisos vía tarjetas
21:07:39 DEBUG   Ficha de 2HWEW sin candidato propio; no se fusiona
21:07:44 DEBUG   [doomos] 27 avisos vía tarjetas
21:07:44 DEBUG   Ficha de ZWNAN sin candidato propio; no se fusiona
21:07:45 DEBUG   [busconido] 10 avisos vía tarjetas
21:07:45 DEBUG   Ficha de P33NM sin candidato propio; no se fusiona
21:07:47 DEBUG   [busconido] 10 avisos vía tarjetas
21:07:47 DEBUG   Ficha de XD2E2 sin candidato propio; no se fusiona
21:07:49 DEBUG   [busconido] 11 avisos vía tarjetas
21:07:49 DEBUG   Ficha de 5MWP6 sin candidato propio; no se fusiona
21:07:51 DEBUG   [busconido] 10 avisos vía tarjetas
21:07:51 DEBUG   Ficha de ETSEA sin candidato propio; no se fusiona
21:07:53 DEBUG   [busconido] 10 avisos vía tarjetas
21:07:53 DEBUG   Ficha de 8MNYE sin candidato propio; no se fusiona
21:07:55 DEBUG   [busconido] 11 avisos vía tarjetas
21:07:55 DEBUG   Ficha de G7PTX sin candidato propio; no se fusiona
21:08:02 DEBUG   [doomos] 27 avisos vía tarjetas
21:08:02 DEBUG   Ficha de FQ6XQ sin candidato propio; no se fusiona
21:08:03 DEBUG   [busconido] 10 avisos vía tarjetas
21:08:03 DEBUG   Ficha de HGG77 sin candidato propio; no se fusiona
21:08:05 DEBUG   [busconido] 11 avisos vía tarjetas
21:08:05 DEBUG   Ficha de EXMU5 sin candidato propio; no se fusiona
21:08:10 INFO    Enriquecido y descartado: YAVJA (arriendo de $3.517.371 sobre el máximo negociable de $1.904.000)
21:08:10 DEBUG   [busconido] 11 avisos vía tarjetas
21:08:10 DEBUG   Ficha de AC65C sin candidato propio; no se fusiona
21:08:23 INFO    Enriquecido y descartado: CC2AY (arriendo de $2.032.258 sobre el máximo negociable de $1.904.000)
21:08:24 DEBUG   [busconido] 11 avisos vía tarjetas
21:08:24 DEBUG   Ficha de E7XPG sin candidato propio; no se fusiona
21:08:26 DEBUG   [busconido] 10 avisos vía tarjetas
21:08:26 DEBUG   Ficha de DBFNP sin candidato propio; no se fusiona
21:08:28 DEBUG   [busconido] 10 avisos vía tarjetas
21:08:28 DEBUG   Ficha de J8VCS sin candidato propio; no se fusiona
21:08:28 DEBUG   [magnoliaproperty] 2 avisos vía tarjetas
21:08:34 DEBUG   [doomos] 18 avisos vía tarjetas
21:08:34 DEBUG   Ficha de J5JN4 sin candidato propio; no se fusiona
21:08:34 WARNING robots.txt no permite https://www.nuroa.cl/adform/10342-912-101d5-1a0ff48-a45a-2e1434470692-7ad1?click_type=0&pos=8&searchType=1&page=1&section=1&t_sec=1&sectionType=1&pageViewId=3c61c857-7614-4e90-9d26-2589e41d4f99&t_pvid=3c61c857-7614-4e90-9d26-2589e41d4f99&userAgent=Mozilla%2F5.0+%28compatible%3B+radar-arriendos%2F1.0%3B+uso+personal%2C+busqueda+de+arriendo%3B+%2Bhttps%3A%2F%2Fgithub.com%2Falfonsoandona%2Farriendos-vitacura%29&browser=1&isHuman=true&userIp=172.174.198.162&what=vitacura+departamento&search_terms=vitacura+departamento&origin=1&t_or=1&splitTestId=0 — se omite
21:08:41 DEBUG   [engelvoelkers] 1 avisos vía json-ld
21:08:47 DEBUG   [doomos] 27 avisos vía tarjetas
21:08:47 DEBUG   Ficha de P8XMT sin candidato propio; no se fusiona
21:08:47 DEBUG   [chilepropiedades] 2 avisos vía json-ld
21:08:47 WARNING robots.txt no permite https://www.nuroa.cl/adform/10342-912-bb8f-1a0f9f6-abb2-77f6c1d45b3f-7ce9?click_type=0&pos=13&searchType=2&page=1&section=1&t_sec=1&sectionType=1&pageViewId=3c61c857-7614-4e90-9d26-2589e41d4f99&t_pvid=3c61c857-7614-4e90-9d26-2589e41d4f99&userAgent=Mozilla%2F5.0+%28compatible%3B+radar-arriendos%2F1.0%3B+uso+personal%2C+busqueda+de+arriendo%3B+%2Bhttps%3A%2F%2Fgithub.com%2Falfonsoandona%2Farriendos-vitacura%29&browser=1&isHuman=true&userIp=172.174.198.162&what=vitacura+departamento&search_terms=vitacura+departamento&origin=1&t_or=1&splitTestId=0 — se omite
21:08:51 WARNING robots.txt no permite https://www.nuroa.cl/adform/10342-912-4d50-1a0e30c-9b06-5d5e6067edc0-77f6?click_type=0&pos=10&searchType=2&page=1&section=1&t_sec=1&sectionType=1&pageViewId=3c61c857-7614-4e90-9d26-2589e41d4f99&t_pvid=3c61c857-7614-4e90-9d26-2589e41d4f99&userAgent=Mozilla%2F5.0+%28compatible%3B+radar-arriendos%2F1.0%3B+uso+personal%2C+busqueda+de+arriendo%3B+%2Bhttps%3A%2F%2Fgithub.com%2Falfonsoandona%2Farriendos-vitacura%29&browser=1&isHuman=true&userIp=172.174.198.162&what=vitacura+departamento&search_terms=vitacura+departamento&origin=1&t_or=1&splitTestId=0 — se omite
21:09:14 INFO    Enriquecido y descartado: 75BRH (arriendo de $2.149.504 sobre el máximo negociable de $1.904.000)
21:09:18 INFO    Enriquecido y descartado: 75BRH (arriendo de $1.954.095 sobre el máximo negociable de $1.904.000)
21:09:33 DEBUG   [toctoc] 1 avisos vía estado-embebido
21:09:38 WARNING robots.txt no permite https://www.nuroa.cl/adform/10342-912-3e9b-1a0e30e-bd4c-4f30fb45531b-7a22?click_type=0&pos=15&searchType=1&page=1&section=1&t_sec=1&sectionType=1&pageViewId=3c61c857-7614-4e90-9d26-2589e41d4f99&t_pvid=3c61c857-7614-4e90-9d26-2589e41d4f99&userAgent=Mozilla%2F5.0+%28compatible%3B+radar-arriendos%2F1.0%3B+uso+personal%2C+busqueda+de+arriendo%3B+%2Bhttps%3A%2F%2Fgithub.com%2Falfonsoandona%2Farriendos-vitacura%29&browser=1&isHuman=true&userIp=172.174.198.162&what=vitacura+departamento&search_terms=vitacura+departamento&origin=1&t_or=1&splitTestId=0 — se omite
21:09:38 WARNING robots.txt no permite https://www.nuroa.cl/adform/10342-912-e7f8-1a0a016-97e0-4460cb69457-7a3c?click_type=0&pos=21&searchType=1&page=3&section=1&t_sec=1&sectionType=1&pageViewId=e5597957-d9f1-4469-a9a2-18fb238124b6&t_pvid=e5597957-d9f1-4469-a9a2-18fb238124b6&userAgent=Mozilla%2F5.0+%28compatible%3B+radar-arriendos%2F1.0%3B+uso+personal%2C+busqueda+de+arriendo%3B+%2Bhttps%3A%2F%2Fgithub.com%2Falfonsoandona%2Farriendos-vitacura%29&browser=1&isHuman=true&userIp=172.174.198.162&what=vitacura+departamento&search_terms=vitacura+departamento&origin=1&t_or=1&splitTestId=0 — se omite
21:09:42 INFO    Enriquecido y descartado: 75BRH (arriendo de $4.299.009 sobre el máximo negociable de $1.904.000)
21:09:46 DEBUG   Ficha de 75BRH sin candidato propio; no se fusiona
21:09:46 INFO    Fichas leídas: 55 — 0 ganaron el año, 0 la dirección; 5 se descartaron al verlas (0 por viejos)
21:09:46 INFO    Listo: 0 avisados de 50 candidatos
