20:40:39 INFO    UF = $40.926.41 (API del día)
20:40:39 INFO    Barriendo TocToc (toctoc)…
20:40:39 INFO    Barriendo Chilepropiedades (chilepropiedades)…
20:40:39 INFO    Barriendo GoPlaceIt (goplaceit)…
20:40:39 INFO    Barriendo Yapo (yapo)…
20:40:40 DEBUG   [chilepropiedades] 10 avisos vía tarjetas
20:40:42 INFO      yapo: 0 avisos en 2s
20:40:42 INFO    Barriendo BuscoNido (busconido)…
20:40:42 DEBUG   [chilepropiedades] 10 avisos vía tarjetas
20:40:42 DEBUG   [busconido] 23 avisos vía tarjetas
20:40:42 INFO      busconido: 23 avisos en 0s
20:40:42 INFO    Barriendo BienesOnline (bienesonline)…
20:40:43 DEBUG   [goplaceit] 30 avisos vía json-ld
20:40:43 DEBUG   [bienesonline] 13 avisos vía tarjetas
20:40:43 INFO      bienesonline: 13 avisos en 1s
20:40:43 INFO    Barriendo Economicos (El Mercurio) (economicos)…
20:40:44 WARNING https://www.economicos.cl/search/propiedades/vitacura/arriendo/departamento/0 respondió 403
20:40:44 INFO    [economicos] https://www.economicos.cl/search/propiedades/vitacura/arriendo/departamento/0 rebotó al GET; se reintenta con navegador
20:40:44 DEBUG   [chilepropiedades] 10 avisos vía tarjetas
20:40:44 INFO      chilepropiedades: 30 avisos en 5s
20:40:44 INFO    Barriendo iCasas (icasas)…
20:40:45 DEBUG   [icasas] 15 avisos vía tarjetas
20:40:46 DEBUG   [icasas] 15 avisos vía tarjetas
20:40:46 INFO      icasas: 30 avisos en 2s
20:40:46 INFO    Barriendo Doomos (doomos)…
20:40:47 DEBUG   La red no quedó en silencio en https://www.toctoc.com/arriendo/departamento/metropolitana/vitacura/3-dormitorios; se lee igual
20:40:47 INFO      economicos: 0 avisos en 4s
20:40:47 INFO    Barriendo Top Propiedades (toppropiedades)…
20:40:51 DEBUG   [doomos] 32 avisos vía tarjetas
20:40:51 INFO      doomos: 32 avisos en 5s
20:40:51 INFO    Barriendo Nuroa (nuroa)…
20:40:51 DEBUG   [toppropiedades] 1 avisos vía json-ld
20:40:52 DEBUG   Encoding detection: ascii is most likely the one.
20:40:52 DEBUG   [nuroa] 25 avisos vía json-ld
20:40:53 DEBUG   [toppropiedades] 1 avisos vía json-ld
20:40:54 WARNING [toctoc] https://www.toctoc.com/arriendo/departamento/metropolitana/vitacura/3-dormitorios falló: Page.content: Unable to retrieve content because the page is navigating and changing the content.
20:40:55 DEBUG   [nuroa] 25 avisos vía json-ld
20:40:55 DEBUG   [toppropiedades] 1 avisos vía json-ld
20:40:57 DEBUG   [nuroa] 25 avisos vía json-ld
20:40:57 DEBUG   [toppropiedades] 1 avisos vía json-ld
20:40:59 DEBUG   [nuroa] 25 avisos vía json-ld
20:40:59 INFO      nuroa: 100 avisos en 8s
20:40:59 INFO    Barriendo Mitula (mitula)…
20:40:59 DEBUG   [toppropiedades] 1 avisos vía json-ld
20:41:01 DEBUG   [mitula] 30 avisos vía json-ld
20:41:01 DEBUG   La red no quedó en silencio en https://www.toctoc.com/arriendo/departamento/metropolitana/vitacura/4-dormitorios; se lee igual
20:41:01 DEBUG   [toctoc] 20 avisos vía json-ld
20:41:01 DEBUG   [toppropiedades] 1 avisos vía json-ld
20:41:02 DEBUG   [mitula] 30 avisos vía json-ld
20:41:03 INFO      mitula: 60 avisos en 4s
20:41:03 INFO    Barriendo Houm (houm)…
20:41:03 DEBUG   [toppropiedades] 1 avisos vía json-ld
20:41:05 DEBUG   [toppropiedades] 1 avisos vía json-ld
20:41:05 INFO      toppropiedades: 8 avisos en 18s
20:41:05 INFO    Barriendo Hey! Homes (heyhomes)…
20:41:08 DEBUG   La red no quedó en silencio en https://www.toctoc.com/arriendo/departamento/metropolitana/vitacura/4-dormitorios?pagina=2; se lee igual
20:41:09 DEBUG   [toctoc] 18 avisos vía json-ld
20:41:09 DEBUG   [heyhomes] 9 avisos vía tarjetas
20:41:09 INFO      heyhomes: 9 avisos en 4s
20:41:09 INFO    Barriendo Engel & Völkers (engelvoelkers)…
20:41:10 DEBUG   La red no quedó en silencio en https://houm.com/cl/arriendo-departamentos-region-metropolitana/vitacura/3-dormitorios; se lee igual
20:41:10 DEBUG   [houm] 28 avisos vía json-ld
20:41:16 DEBUG   [engelvoelkers] 16 avisos vía tarjetas
20:41:16 INFO      engelvoelkers: 16 avisos en 7s
20:41:16 INFO    Barriendo RE/MAX Chile (remax)…
20:41:17 DEBUG   La red no quedó en silencio en https://www.toctoc.com/arriendo/departamento/metropolitana/vitacura/4-dormitorios?pagina=3; se lee igual
20:41:19 WARNING [toctoc] https://www.toctoc.com/arriendo/departamento/metropolitana/vitacura/4-dormitorios?pagina=3 falló: Page.content: Unable to retrieve content because the page is navigating and changing the content.
20:41:19 WARNING   toctoc: Page.content: Unable to retrieve content because the page is navigating and changing the content.
20:41:19 INFO      toctoc: 38 avisos en 40s
20:41:19 INFO    Barriendo Fuenzalida Propiedades (fuenzalida)…
20:41:22 DEBUG   [goplaceit] 30 avisos vía json-ld
20:41:23 DEBUG   [fuenzalida] 16 avisos vía tarjetas
20:41:23 DEBUG   La red no quedó en silencio en https://houm.com/cl/arriendo-departamento-región-metropolitana/las-condes/170742; se lee igual
20:41:23 DEBUG   [houm] 1 avisos vía estado-embebido
20:41:25 DEBUG   [fuenzalida] 20 avisos vía tarjetas
20:41:26 INFO      remax: 0 avisos en 9s
20:41:26 INFO    Barriendo Century 21 Chile (century21)…
20:41:27 INFO      century21: 0 avisos en 1s
20:41:27 INFO    Barriendo Property Partners (propertypartners)…
20:41:28 DEBUG   [propertypartners] 1 avisos vía tarjetas
20:41:28 INFO      propertypartners: 1 avisos en 1s
20:41:28 INFO    Barriendo Acceso Inmobiliario (accesoinmobiliario)…
20:41:29 DEBUG   [fuenzalida] 20 avisos vía tarjetas
20:41:29 INFO      fuenzalida: 56 avisos en 9s
20:41:29 INFO    Barriendo Magnolia Property (magnoliaproperty)…
20:41:29 DEBUG   [magnoliaproperty] 6 avisos vía tarjetas
20:41:29 INFO      magnoliaproperty: 6 avisos en 1s
20:41:29 INFO    Barriendo Portilla Propiedades (portillapropiedades)…
20:41:30 DEBUG   [portillapropiedades] 2 avisos vía tarjetas
20:41:30 INFO      portillapropiedades: 2 avisos en 1s
20:41:30 INFO    Barriendo Nativo Propiedades (nativopropiedades)…
20:41:31 DEBUG   [nativopropiedades] 10 avisos vía tarjetas
20:41:31 INFO      nativopropiedades: 10 avisos en 1s
20:41:31 INFO    Barriendo Enlace Inmobiliario (enlaceinmobiliario)…
20:41:31 WARNING https://www.enlaceinmobiliario.cl/ respondió 403
20:41:31 INFO    [enlaceinmobiliario] https://www.enlaceinmobiliario.cl/ rebotó al GET; se reintenta con navegador
20:41:33 DEBUG   La red no quedó en silencio en https://houm.com/cl/arriendo-departamento-región-metropolitana/las-condes/175757; se lee igual
20:41:33 DEBUG   [houm] 1 avisos vía estado-embebido
20:41:33 DEBUG   [accesoinmobiliario] 16 avisos vía tarjetas
20:41:38 INFO      enlaceinmobiliario: 0 avisos en 7s
20:41:38 INFO    Barriendo Rentas.cl (rentas_cl)…
20:41:40 DEBUG   [rentas_cl] 1 avisos vía json-ld
20:41:40 INFO      rentas_cl: 1 avisos en 2s
20:41:40 INFO    Barriendo Arriendos.cl (arriendos_cl)…
20:41:41 INFO      arriendos_cl: 0 avisos en 1s
20:41:41 INFO    Barriendo Propiedades.cl (propiedades_cl)…
20:41:41 DEBUG   [accesoinmobiliario] 1 avisos vía tarjetas
20:41:42 DEBUG   [propiedades_cl] 6 avisos vía tarjetas
20:41:42 INFO      propiedades_cl: 6 avisos en 1s
20:41:42 INFO    Barriendo Clasificados.cl (clasificados_cl)…
20:41:43 DEBUG   La red no quedó en silencio en https://houm.com/cl/arriendo-departamento-región-metropolitana/lo-barnechea/74201; se lee igual
20:41:44 DEBUG   [houm] 1 avisos vía estado-embebido
20:41:44 DEBUG   [clasificados_cl] 1 avisos vía tarjetas
20:41:44 INFO      clasificados_cl: 1 avisos en 2s
20:41:52 DEBUG   La red no quedó en silencio en https://houm.com/cl/arriendo-departamento-región-metropolitana/providencia/175947; se lee igual
20:41:52 DEBUG   [houm] 1 avisos vía estado-embebido
20:41:59 DEBUG   La red no quedó en silencio en https://houm.com/cl/arriendo-departamento-región-metropolitana/ñuñoa/174379; se lee igual
20:42:00 DEBUG   [houm] 1 avisos vía estado-embebido
20:42:00 DEBUG   [goplaceit] 30 avisos vía json-ld
20:42:02 INFO      accesoinmobiliario: 17 avisos en 34s
20:42:07 DEBUG   La red no quedó en silencio en https://houm.com/cl/arriendo-departamento-región-metropolitana/recoleta/179872; se lee igual
20:42:07 DEBUG   [houm] 1 avisos vía estado-embebido
20:42:15 DEBUG   La red no quedó en silencio en https://houm.com/cl/arriendo-departamento-región-metropolitana/recoleta/178185; se lee igual
20:42:15 DEBUG   [houm] 1 avisos vía estado-embebido
20:42:22 DEBUG   La red no quedó en silencio en https://houm.com/cl/arriendo-departamento-región-metropolitana/las-condes/177842; se lee igual
20:42:22 DEBUG   [houm] 1 avisos vía estado-embebido
20:42:22 INFO      houm: 36 avisos en 79s
20:42:23 INFO      goplaceit: 90 avisos en 104s
20:42:23 INFO    Total crudo: 585 avisos
20:42:24 INFO    Después de deduplicar: 375
20:42:24 INFO    Pasaron los filtros: 39
20:42:39 DEBUG   [doomos] 18 avisos vía tarjetas
20:42:39 DEBUG   Ficha de YVT22 sin candidato propio; no se fusiona
20:42:39 DEBUG   Ficha de HW5MX sin candidato propio; no se fusiona
20:42:40 DEBUG   [doomos] 27 avisos vía tarjetas
20:42:40 DEBUG   Ficha de U44VT sin candidato propio; no se fusiona
20:42:43 DEBUG   [doomos] 27 avisos vía tarjetas
20:42:43 DEBUG   Ficha de KNAE9 sin candidato propio; no se fusiona
20:42:44 DEBUG   [doomos] 27 avisos vía tarjetas
20:42:44 DEBUG   Ficha de PR3QK sin candidato propio; no se fusiona
20:42:51 DEBUG   [doomos] 27 avisos vía tarjetas
20:42:51 DEBUG   Ficha de 2HWEW sin candidato propio; no se fusiona
20:42:53 DEBUG   [doomos] 27 avisos vía tarjetas
20:42:53 DEBUG   Ficha de ZWNAN sin candidato propio; no se fusiona
20:42:54 DEBUG   [doomos] 27 avisos vía tarjetas
20:42:54 DEBUG   Ficha de FDXSM sin candidato propio; no se fusiona
20:42:55 DEBUG   [busconido] 10 avisos vía tarjetas
20:42:55 DEBUG   Ficha de TKTCZ sin candidato propio; no se fusiona
20:42:56 DEBUG   [doomos] 27 avisos vía tarjetas
20:42:56 DEBUG   Ficha de FQ6XQ sin candidato propio; no se fusiona
20:42:57 DEBUG   [busconido] 10 avisos vía tarjetas
20:42:57 DEBUG   Ficha de ZKWUC sin candidato propio; no se fusiona
20:42:59 DEBUG   [busconido] 10 avisos vía tarjetas
20:42:59 DEBUG   Ficha de X4AHM sin candidato propio; no se fusiona
20:43:03 INFO    Enriquecido y descartado: YAVJA (arriendo de $3.517.371 sobre el máximo negociable de $1.904.000)
20:43:07 INFO    Enriquecido y descartado: CC2AY (arriendo de $2.032.258 sobre el máximo negociable de $1.904.000)
20:43:10 DEBUG   [doomos] 18 avisos vía tarjetas
20:43:10 DEBUG   Ficha de J5JN4 sin candidato propio; no se fusiona
20:43:16 DEBUG   [toctoc] 1 avisos vía estado-embebido
20:43:25 DEBUG   [doomos] 27 avisos vía tarjetas
20:43:25 DEBUG   Ficha de P8XMT sin candidato propio; no se fusiona
20:43:31 DEBUG   [toctoc] 1 avisos vía estado-embebido
20:43:40 DEBUG   [toctoc] 1 avisos vía estado-embebido
20:43:44 INFO    Enriquecido y descartado: 75BRH (arriendo de $2.931.142 sobre el máximo negociable de $1.904.000)
20:44:05 INFO    Enriquecido y descartado: 75BRH (arriendo de $2.149.504 sobre el máximo negociable de $1.904.000)
20:44:08 INFO    Enriquecido y descartado: 75BRH (arriendo de $1.954.095 sobre el máximo negociable de $1.904.000)
20:44:23 WARNING robots.txt no permite https://www.nuroa.cl/adform/10342-912-e7f8-1a0a016-97e0-4460cb69457-7a3c?click_type=0&pos=1&searchType=1&page=1&section=1&t_sec=1&sectionType=1&pageViewId=5a4ed74e-c268-4e78-b03d-850100a3acf6&t_pvid=5a4ed74e-c268-4e78-b03d-850100a3acf6&userAgent=Mozilla%2F5.0+%28compatible%3B+radar-arriendos%2F1.0%3B+uso+personal%2C+busqueda+de+arriendo%3B+%2Bhttps%3A%2F%2Fgithub.com%2Falfonsoandona%2Farriendos-vitacura%29&browser=1&isHuman=true&userIp=20.168.103.15&what=vitacura+departamento&search_terms=vitacura+departamento&origin=1&t_or=1&splitTestId=0 — se omite
20:44:29 DEBUG   [toctoc] 1 avisos vía estado-embebido
20:44:32 INFO    Enriquecido y descartado: 75BRH (arriendo de $4.299.009 sobre el máximo negociable de $1.904.000)
20:44:36 INFO    Fichas leídas: 39 — 0 ganaron el año, 0 la dirección; 6 se descartaron al verlas (0 por viejos)
20:44:38 INFO    Listo: 0 avisados de 33 candidatos
