01:27:17 INFO    UF = $41.032.64 (API del día)
01:27:17 INFO    Barriendo TocToc (toctoc)…
01:27:17 INFO    Barriendo Chilepropiedades (chilepropiedades)…
01:27:17 INFO    Barriendo GoPlaceIt (goplaceit)…
01:27:17 INFO    Barriendo Yapo (yapo)…
01:27:18 WARNING https://www.yapo.cl/bienes-raices-alquiler-apartamentos/region-metropolitana-vitacura respondió 403
01:27:18 INFO    [yapo] https://www.yapo.cl/bienes-raices-alquiler-apartamentos/region-metropolitana-vitacura rebotó al GET; se reintenta con navegador
01:27:18 DEBUG   [chilepropiedades] 10 avisos vía tarjetas
01:27:20 DEBUG   [chilepropiedades] 10 avisos vía tarjetas
01:27:22 DEBUG   [goplaceit] 30 avisos vía json-ld
01:27:22 DEBUG   [chilepropiedades] 10 avisos vía tarjetas
01:27:22 INFO      chilepropiedades: 30 avisos en 5s
01:27:22 INFO    Barriendo BuscoNido (busconido)…
01:27:23 DEBUG   [busconido] 23 avisos vía tarjetas
01:27:23 INFO      busconido: 23 avisos en 1s
01:27:23 INFO    Barriendo BienesOnline (bienesonline)…
01:27:24 DEBUG   [bienesonline] 17 avisos vía tarjetas
01:27:24 INFO      bienesonline: 17 avisos en 2s
01:27:24 INFO    Barriendo Economicos (El Mercurio) (economicos)…
01:27:24 DEBUG   [toctoc] 20 avisos vía json-ld
01:27:24 WARNING https://www.economicos.cl/search/propiedades/vitacura/arriendo/departamento/0 respondió 403
01:27:24 INFO    [economicos] https://www.economicos.cl/search/propiedades/vitacura/arriendo/departamento/0 rebotó al GET; se reintenta con navegador
01:27:28 DEBUG   La red no quedó en silencio en https://www.yapo.cl/bienes-raices-alquiler-apartamentos/region-metropolitana-vitacura; se lee igual
01:27:28 INFO      yapo: 0 avisos en 11s
01:27:28 INFO    Barriendo iCasas (icasas)…
01:27:29 DEBUG   [icasas] 15 avisos vía tarjetas
01:27:29 INFO      economicos: 0 avisos en 5s
01:27:29 INFO    Barriendo Doomos (doomos)…
01:27:31 DEBUG   [icasas] 15 avisos vía tarjetas
01:27:31 INFO      icasas: 30 avisos en 3s
01:27:31 INFO    Barriendo Top Propiedades (toppropiedades)…
01:27:31 DEBUG   [doomos] 33 avisos vía tarjetas
01:27:31 INFO      doomos: 33 avisos en 2s
01:27:31 INFO    Barriendo Nuroa (nuroa)…
01:27:32 DEBUG   Encoding detection: ascii is most likely the one.
01:27:33 DEBUG   [nuroa] 25 avisos vía json-ld
01:27:35 DEBUG   [nuroa] 25 avisos vía json-ld
01:27:35 DEBUG   [toppropiedades] 1 avisos vía json-ld
01:27:35 DEBUG   [toctoc] 20 avisos vía json-ld
01:27:37 DEBUG   [nuroa] 25 avisos vía json-ld
01:27:37 DEBUG   [toppropiedades] 1 avisos vía json-ld
01:27:39 DEBUG   [nuroa] 25 avisos vía json-ld
01:27:39 INFO      nuroa: 100 avisos en 8s
01:27:39 INFO    Barriendo Mitula (mitula)…
01:27:39 DEBUG   [toppropiedades] 1 avisos vía json-ld
01:27:40 WARNING https://casas.mitula.cl/casas/arriendo-departamentos-vitacura respondió 401
01:27:40 INFO    [mitula] https://casas.mitula.cl/casas/arriendo-departamentos-vitacura rebotó al GET; se reintenta con navegador
01:27:41 DEBUG   [toppropiedades] 1 avisos vía json-ld
01:27:42 DEBUG   La red no quedó en silencio en https://www.toctoc.com/arriendo/departamento/metropolitana/vitacura/3-dormitorios?pagina=3; se lee igual
01:27:43 DEBUG   [toctoc] 20 avisos vía json-ld
01:27:43 DEBUG   [toppropiedades] 1 avisos vía json-ld
01:27:43 INFO      mitula: 0 avisos en 4s
01:27:43 INFO    Barriendo Houm (houm)…
01:27:45 DEBUG   [toppropiedades] 1 avisos vía json-ld
01:27:47 DEBUG   [toppropiedades] 1 avisos vía json-ld
01:27:48 DEBUG   [toctoc] 20 avisos vía json-ld
01:27:49 DEBUG   [toppropiedades] 1 avisos vía json-ld
01:27:49 INFO      toppropiedades: 8 avisos en 18s
01:27:49 INFO    Barriendo Hey! Homes (heyhomes)…
01:27:52 DEBUG   [heyhomes] 9 avisos vía tarjetas
01:27:52 INFO      heyhomes: 9 avisos en 3s
01:27:52 INFO    Barriendo Engel & Völkers (engelvoelkers)…
01:27:53 DEBUG   La red no quedó en silencio en https://houm.com/cl/arriendo-departamentos-region-metropolitana/vitacura/3-dormitorios; se lee igual
01:27:54 DEBUG   [houm] 28 avisos vía json-ld
01:27:56 DEBUG   [goplaceit] 30 avisos vía json-ld
01:27:58 DEBUG   [toctoc] 17 avisos vía json-ld
01:28:00 DEBUG   [engelvoelkers] 16 avisos vía tarjetas
01:28:00 INFO      engelvoelkers: 16 avisos en 8s
01:28:00 INFO    Barriendo RE/MAX Chile (remax)…
01:28:05 DEBUG   La red no quedó en silencio en https://houm.com/cl/arriendo-departamento-región-metropolitana/las-condes/170742; se lee igual
01:28:06 DEBUG   [houm] 1 avisos vía estado-embebido
01:28:09 INFO      remax: 0 avisos en 9s
01:28:09 INFO    Barriendo Fuenzalida Propiedades (fuenzalida)…
01:28:09 DEBUG   [toctoc] 20 avisos vía json-ld
01:28:09 INFO      toctoc: 117 avisos en 52s
01:28:09 INFO    Barriendo Century 21 Chile (century21)…
01:28:10 INFO      century21: 0 avisos en 1s
01:28:10 INFO    Barriendo Property Partners (propertypartners)…
01:28:11 DEBUG   [propertypartners] 1 avisos vía tarjetas
01:28:11 INFO      propertypartners: 1 avisos en 0s
01:28:11 INFO    Barriendo Acceso Inmobiliario (accesoinmobiliario)…
01:28:15 DEBUG   [accesoinmobiliario] 16 avisos vía tarjetas
01:28:16 DEBUG   La red no quedó en silencio en https://houm.com/cl/arriendo-departamento-región-metropolitana/lo-barnechea/74201; se lee igual
01:28:16 DEBUG   [houm] 1 avisos vía estado-embebido
01:28:25 DEBUG   La red no quedó en silencio en https://houm.com/cl/arriendo-departamento-región-metropolitana/recoleta/179872; se lee igual
01:28:25 DEBUG   [houm] 1 avisos vía estado-embebido
01:28:29 WARNING Error en https://fuenzalida.com/fuenzalida/propiedades/arriendo/?operacion=Arriendo (intento 1/3): HTTPSConnectionPool(host='fuenzalida.com', port=443): Read timed out. (read timeout=20)
01:28:31 WARNING https://fuenzalida.com/fuenzalida/propiedades/arriendo/?operacion=Arriendo respondió 500
01:28:31 WARNING   fuenzalida: HTTP 500
01:28:31 INFO      fuenzalida: 0 avisos en 23s
01:28:31 INFO    Barriendo Magnolia Property (magnoliaproperty)…
01:28:32 DEBUG   [magnoliaproperty] 6 avisos vía tarjetas
01:28:32 INFO      magnoliaproperty: 6 avisos en 0s
01:28:32 INFO    Barriendo Portilla Propiedades (portillapropiedades)…
01:28:32 DEBUG   [portillapropiedades] 2 avisos vía tarjetas
01:28:32 INFO      portillapropiedades: 2 avisos en 0s
01:28:32 INFO    Barriendo Nativo Propiedades (nativopropiedades)…
01:28:33 DEBUG   [nativopropiedades] 10 avisos vía tarjetas
01:28:33 INFO      nativopropiedades: 10 avisos en 1s
01:28:33 INFO    Barriendo Enlace Inmobiliario (enlaceinmobiliario)…
01:28:33 DEBUG   La red no quedó en silencio en https://houm.com/cl/arriendo-departamento-región-metropolitana/recoleta/178185; se lee igual
01:28:33 DEBUG   [houm] 1 avisos vía estado-embebido
01:28:33 WARNING https://www.enlaceinmobiliario.cl/ respondió 403
01:28:33 INFO    [enlaceinmobiliario] https://www.enlaceinmobiliario.cl/ rebotó al GET; se reintenta con navegador
01:28:35 DEBUG   [accesoinmobiliario] 1 avisos vía tarjetas
01:28:41 DEBUG   La red no quedó en silencio en https://www.enlaceinmobiliario.cl/; se lee igual
01:28:42 INFO      enlaceinmobiliario: 0 avisos en 9s
01:28:42 INFO    Barriendo Rentas.cl (rentas_cl)…
01:28:42 DEBUG   La red no quedó en silencio en https://houm.com/cl/arriendo-departamento-región-metropolitana/recoleta/176207; se lee igual
01:28:42 DEBUG   [houm] 1 avisos vía estado-embebido
01:28:44 DEBUG   [rentas_cl] 1 avisos vía json-ld
01:28:44 INFO      rentas_cl: 1 avisos en 2s
01:28:44 INFO    Barriendo Arriendos.cl (arriendos_cl)…
01:28:44 DEBUG   [goplaceit] 30 avisos vía json-ld
01:28:45 INFO      arriendos_cl: 0 avisos en 1s
01:28:45 INFO    Barriendo Propiedades.cl (propiedades_cl)…
01:28:45 DEBUG   [propiedades_cl] 6 avisos vía tarjetas
01:28:45 INFO      propiedades_cl: 6 avisos en 1s
01:28:45 INFO    Barriendo Clasificados.cl (clasificados_cl)…
01:28:48 DEBUG   [clasificados_cl] 1 avisos vía tarjetas
01:28:48 INFO      clasificados_cl: 1 avisos en 2s
01:28:51 DEBUG   La red no quedó en silencio en https://houm.com/cl/arriendo-departamento-región-metropolitana/las-condes/177842; se lee igual
01:28:51 DEBUG   [houm] 1 avisos vía estado-embebido
01:28:53 DEBUG   [accesoinmobiliario] 1 avisos vía tarjetas
01:29:00 DEBUG   La red no quedó en silencio en https://houm.com/cl/arriendo-departamento-región-metropolitana/recoleta/176958; se lee igual
01:29:00 DEBUG   [houm] 1 avisos vía estado-embebido
01:29:01 INFO      accesoinmobiliario: 18 avisos en 51s
01:29:08 DEBUG   La red no quedó en silencio en https://houm.com/cl/arriendo-departamento-región-metropolitana/recoleta/90462; se lee igual
01:29:09 DEBUG   [houm] 1 avisos vía estado-embebido
01:29:09 INFO      houm: 36 avisos en 85s
01:29:11 INFO      goplaceit: 90 avisos en 114s
01:29:11 INFO    Total crudo: 554 avisos
01:29:11 INFO    Después de deduplicar: 403
01:29:12 INFO    Pasaron los filtros: 55
01:29:31 DEBUG   [doomos] 18 avisos vía tarjetas
01:29:31 DEBUG   Ficha de YVT22 sin candidato propio; no se fusiona
01:29:32 DEBUG   Ficha de HW5MX sin candidato propio; no se fusiona
01:29:37 DEBUG   [doomos] 27 avisos vía tarjetas
01:29:37 DEBUG   Ficha de U44VT sin candidato propio; no se fusiona
01:29:39 DEBUG   [doomos] 27 avisos vía tarjetas
01:29:39 DEBUG   Ficha de KNAE9 sin candidato propio; no se fusiona
01:29:43 DEBUG   [doomos] 27 avisos vía tarjetas
01:29:43 DEBUG   Ficha de PR3QK sin candidato propio; no se fusiona
01:29:44 DEBUG   [doomos] 27 avisos vía tarjetas
01:29:44 DEBUG   Ficha de 2HWEW sin candidato propio; no se fusiona
01:29:46 DEBUG   [doomos] 27 avisos vía tarjetas
01:29:46 DEBUG   Ficha de ZWNAN sin candidato propio; no se fusiona
01:29:51 DEBUG   [toctoc] 1 avisos vía estado-embebido
01:29:51 DEBUG   [busconido] 10 avisos vía tarjetas
01:29:51 DEBUG   Ficha de RSF5N sin candidato propio; no se fusiona
01:29:53 DEBUG   [busconido] 11 avisos vía tarjetas
01:29:53 DEBUG   Ficha de 5G5TS sin candidato propio; no se fusiona
01:29:55 DEBUG   [busconido] 11 avisos vía tarjetas
01:29:55 DEBUG   Ficha de 98N9T sin candidato propio; no se fusiona
01:29:57 DEBUG   [busconido] 10 avisos vía tarjetas
01:29:57 DEBUG   Ficha de 34ZHW sin candidato propio; no se fusiona
01:29:59 DEBUG   [busconido] 10 avisos vía tarjetas
01:29:59 DEBUG   Ficha de 9DJRC sin candidato propio; no se fusiona
01:30:00 DEBUG   [doomos] 27 avisos vía tarjetas
01:30:00 DEBUG   Ficha de FQ6XQ sin candidato propio; no se fusiona
01:30:01 DEBUG   [busconido] 10 avisos vía tarjetas
01:30:01 DEBUG   Ficha de 3SSBS sin candidato propio; no se fusiona
01:30:03 DEBUG   [busconido] 10 avisos vía tarjetas
01:30:03 DEBUG   Ficha de KWJ7Y sin candidato propio; no se fusiona
01:30:07 INFO    Enriquecido y descartado: YAVJA (arriendo de $3.517.371 sobre el máximo negociable de $1.904.000)
01:30:15 INFO    Enriquecido y descartado: CC2AY (arriendo de $2.032.258 sobre el máximo negociable de $1.904.000)
01:30:16 DEBUG   [doomos] 18 avisos vía tarjetas
01:30:16 DEBUG   Ficha de J5JN4 sin candidato propio; no se fusiona
01:30:20 DEBUG   [toctoc] 1 avisos vía estado-embebido
01:30:27 DEBUG   [engelvoelkers] 1 avisos vía json-ld
01:30:31 DEBUG   [doomos] 27 avisos vía tarjetas
01:30:31 DEBUG   Ficha de P8XMT sin candidato propio; no se fusiona
01:30:35 DEBUG   [toctoc] 1 avisos vía estado-embebido
01:30:41 DEBUG   [toctoc] 1 avisos vía estado-embebido
01:30:45 DEBUG   [toctoc] 1 avisos vía estado-embebido
01:30:52 DEBUG   [toctoc] 1 avisos vía estado-embebido
01:30:56 DEBUG   [toctoc] 1 avisos vía estado-embebido
01:31:00 DEBUG   [toctoc] 1 avisos vía estado-embebido
01:31:00 WARNING robots.txt no permite https://www.nuroa.cl/adform/10342-912-b45c-1a0ce6e-984c-ada286d9a1f6-77e4?click_type=0&pos=22&searchType=2&page=1&section=1&t_sec=1&sectionType=1&pageViewId=2c307f80-ceaa-45ae-88f3-ee1dc4f6abea&t_pvid=2c307f80-ceaa-45ae-88f3-ee1dc4f6abea&userAgent=Mozilla%2F5.0+%28compatible%3B+radar-arriendos%2F1.0%3B+uso+personal%2C+busqueda+de+arriendo%3B+%2Bhttps%3A%2F%2Fgithub.com%2Falfonsoandona%2Farriendos-vitacura%29&browser=1&isHuman=true&userIp=52.165.62.81&what=vitacura+departamento&search_terms=vitacura+departamento&origin=1&t_or=1&splitTestId=0 — se omite
01:31:04 DEBUG   [toctoc] 1 avisos vía estado-embebido
01:31:08 INFO    Enriquecido y descartado: 75BRH (arriendo de $2.931.142 sobre el máximo negociable de $1.904.000)
01:31:28 INFO    Enriquecido y descartado: 75BRH (arriendo de $2.149.504 sobre el máximo negociable de $1.904.000)
01:31:32 INFO    Enriquecido y descartado: 75BRH (arriendo de $1.954.095 sobre el máximo negociable de $1.904.000)
01:31:46 DEBUG   [toctoc] 1 avisos vía estado-embebido
01:31:50 DEBUG   [toctoc] 1 avisos vía estado-embebido
01:31:54 WARNING robots.txt no permite https://www.nuroa.cl/adform/10342-912-3e9b-1a0e30e-bd4c-4f30fb45531b-7a22?click_type=0&pos=4&searchType=1&page=1&section=1&t_sec=1&sectionType=1&pageViewId=2c307f80-ceaa-45ae-88f3-ee1dc4f6abea&t_pvid=2c307f80-ceaa-45ae-88f3-ee1dc4f6abea&userAgent=Mozilla%2F5.0+%28compatible%3B+radar-arriendos%2F1.0%3B+uso+personal%2C+busqueda+de+arriendo%3B+%2Bhttps%3A%2F%2Fgithub.com%2Falfonsoandona%2Farriendos-vitacura%29&browser=1&isHuman=true&userIp=52.165.62.81&what=vitacura+departamento&search_terms=vitacura+departamento&origin=1&t_or=1&splitTestId=0 — se omite
01:31:54 WARNING robots.txt no permite https://www.nuroa.cl/adform/10342-912-e7f8-1a0a016-97e0-4460cb69457-7a3c?click_type=0&pos=13&searchType=1&page=3&section=1&t_sec=1&sectionType=1&pageViewId=c0976ede-0aad-4ef8-9b51-ac47dc1a657c&t_pvid=c0976ede-0aad-4ef8-9b51-ac47dc1a657c&userAgent=Mozilla%2F5.0+%28compatible%3B+radar-arriendos%2F1.0%3B+uso+personal%2C+busqueda+de+arriendo%3B+%2Bhttps%3A%2F%2Fgithub.com%2Falfonsoandona%2Farriendos-vitacura%29&browser=1&isHuman=true&userIp=52.165.62.81&what=vitacura+departamento&search_terms=vitacura+departamento&origin=1&t_or=1&splitTestId=0 — se omite
01:31:59 DEBUG   [toctoc] 1 avisos vía estado-embebido
01:32:03 INFO    Enriquecido y descartado: 75BRH (arriendo de $4.299.009 sobre el máximo negociable de $1.904.000)
01:32:07 INFO    Fichas leídas: 55 — 0 ganaron el año, 0 la dirección; 6 se descartaron al verlas (0 por viejos)
01:32:07 INFO    Listo: 0 avisados de 49 candidatos
