19:33:21 INFO    UF = $40.876.41 (API del día)
19:33:21 INFO    Barriendo TocToc (toctoc)…
19:33:21 INFO    Barriendo Chilepropiedades (chilepropiedades)…
19:33:21 INFO    Barriendo GoPlaceIt (goplaceit)…
19:33:21 INFO    Barriendo Yapo (yapo)…
19:33:22 DEBUG   [chilepropiedades] 10 avisos vía tarjetas
19:33:24 INFO      yapo: 0 avisos en 2s
19:33:24 INFO    Barriendo BuscoNido (busconido)…
19:33:24 DEBUG   [chilepropiedades] 10 avisos vía tarjetas
19:33:24 DEBUG   [busconido] 23 avisos vía tarjetas
19:33:24 INFO      busconido: 23 avisos en 1s
19:33:24 INFO    Barriendo BienesOnline (bienesonline)…
19:33:25 DEBUG   [bienesonline] 17 avisos vía tarjetas
19:33:25 INFO      bienesonline: 17 avisos en 1s
19:33:25 INFO    Barriendo Economicos (El Mercurio) (economicos)…
19:33:25 DEBUG   [goplaceit] 30 avisos vía json-ld
19:33:26 DEBUG   [economicos] 20 avisos vía tarjetas
19:33:26 DEBUG   [chilepropiedades] 10 avisos vía tarjetas
19:33:26 INFO      chilepropiedades: 30 avisos en 5s
19:33:26 INFO    Barriendo iCasas (icasas)…
19:33:26 DEBUG   [icasas] 15 avisos vía tarjetas
19:33:28 DEBUG   [economicos] 18 avisos vía tarjetas
19:33:28 DEBUG   [icasas] 15 avisos vía tarjetas
19:33:28 INFO      icasas: 30 avisos en 3s
19:33:28 INFO    Barriendo Doomos (doomos)…
19:33:29 DEBUG   La red no quedó en silencio en https://www.toctoc.com/arriendo/departamento/metropolitana/vitacura/3-dormitorios; se lee igual
19:33:30 DEBUG   [economicos] 12 avisos vía tarjetas
19:33:30 INFO      economicos: 50 avisos en 4s
19:33:30 INFO    Barriendo Top Propiedades (toppropiedades)…
19:33:30 DEBUG   [toctoc] 20 avisos vía json-ld
19:33:31 DEBUG   [doomos] 32 avisos vía tarjetas
19:33:31 INFO      doomos: 32 avisos en 3s
19:33:31 INFO    Barriendo Nuroa (nuroa)…
19:33:32 DEBUG   Encoding detection: ascii is most likely the one.
19:33:33 DEBUG   [nuroa] 25 avisos vía json-ld
19:33:34 DEBUG   [toppropiedades] 1 avisos vía json-ld
19:33:36 DEBUG   [nuroa] 25 avisos vía json-ld
19:33:36 DEBUG   [toppropiedades] 1 avisos vía json-ld
19:33:37 DEBUG   La red no quedó en silencio en https://www.toctoc.com/arriendo/departamento/metropolitana/vitacura/3-dormitorios?pagina=2; se lee igual
19:33:37 DEBUG   [nuroa] 25 avisos vía json-ld
19:33:38 DEBUG   [toppropiedades] 1 avisos vía json-ld
19:33:38 DEBUG   [toctoc] 20 avisos vía json-ld
19:33:39 DEBUG   [nuroa] 25 avisos vía json-ld
19:33:39 INFO      nuroa: 100 avisos en 8s
19:33:39 INFO    Barriendo Mitula (mitula)…
19:33:39 DEBUG   [toppropiedades] 1 avisos vía json-ld
19:33:41 DEBUG   [mitula] 30 avisos vía json-ld
19:33:42 DEBUG   [toppropiedades] 1 avisos vía json-ld
19:33:43 DEBUG   [mitula] 30 avisos vía json-ld
19:33:43 INFO      mitula: 60 avisos en 4s
19:33:43 INFO    Barriendo Houm (houm)…
19:33:43 DEBUG   [toppropiedades] 1 avisos vía json-ld
19:33:45 DEBUG   La red no quedó en silencio en https://www.toctoc.com/arriendo/departamento/metropolitana/vitacura/3-dormitorios?pagina=3; se lee igual
19:33:45 DEBUG   [toppropiedades] 1 avisos vía json-ld
19:33:46 DEBUG   [toctoc] 20 avisos vía json-ld
19:33:47 DEBUG   [toppropiedades] 1 avisos vía json-ld
19:33:47 INFO      toppropiedades: 8 avisos en 18s
19:33:47 INFO    Barriendo Hey! Homes (heyhomes)…
19:33:50 DEBUG   [heyhomes] 9 avisos vía tarjetas
19:33:50 INFO      heyhomes: 9 avisos en 3s
19:33:50 INFO    Barriendo Engel & Völkers (engelvoelkers)…
19:33:51 DEBUG   La red no quedó en silencio en https://houm.com/cl/arriendo-departamentos-region-metropolitana/vitacura/3-dormitorios; se lee igual
19:33:51 DEBUG   [houm] 28 avisos vía json-ld
19:33:56 DEBUG   La red no quedó en silencio en https://www.toctoc.com/arriendo/departamento/metropolitana/vitacura/4-dormitorios; se lee igual
19:33:57 DEBUG   [toctoc] 20 avisos vía json-ld
19:34:00 DEBUG   [engelvoelkers] 14 avisos vía tarjetas
19:34:00 INFO      engelvoelkers: 14 avisos en 10s
19:34:00 INFO    Barriendo RE/MAX Chile (remax)…
19:34:03 DEBUG   [goplaceit] 30 avisos vía json-ld
19:34:04 DEBUG   La red no quedó en silencio en https://houm.com/cl/arriendo-departamento-región-metropolitana/las-condes/170742; se lee igual
19:34:04 DEBUG   [houm] 1 avisos vía estado-embebido
19:34:09 DEBUG   [toctoc] 20 avisos vía json-ld
19:34:11 INFO      remax: 0 avisos en 11s
19:34:11 INFO    Barriendo Fuenzalida Propiedades (fuenzalida)…
19:34:14 DEBUG   [fuenzalida] 16 avisos vía tarjetas
19:34:17 DEBUG   [fuenzalida] 20 avisos vía tarjetas
19:34:18 DEBUG   La red no quedó en silencio en https://houm.com/cl/arriendo-departamento-región-metropolitana/las-condes/175757; se lee igual
19:34:18 DEBUG   [houm] 1 avisos vía estado-embebido
19:34:19 DEBUG   [toctoc] 7 avisos vía json-ld
19:34:19 INFO      toctoc: 107 avisos en 58s
19:34:19 INFO    Barriendo Century 21 Chile (century21)…
19:34:20 INFO      century21: 0 avisos en 1s
19:34:20 INFO    Barriendo Property Partners (propertypartners)…
19:34:21 DEBUG   [fuenzalida] 20 avisos vía tarjetas
19:34:21 INFO      fuenzalida: 56 avisos en 10s
19:34:21 INFO    Barriendo Acceso Inmobiliario (accesoinmobiliario)…
19:34:21 DEBUG   [propertypartners] 1 avisos vía tarjetas
19:34:21 INFO      propertypartners: 1 avisos en 1s
19:34:21 INFO    Barriendo Magnolia Property (magnoliaproperty)…
19:34:22 DEBUG   [magnoliaproperty] 6 avisos vía tarjetas
19:34:22 INFO      magnoliaproperty: 6 avisos en 1s
19:34:22 INFO    Barriendo Portilla Propiedades (portillapropiedades)…
19:34:22 DEBUG   [portillapropiedades] 2 avisos vía tarjetas
19:34:22 INFO      portillapropiedades: 2 avisos en 1s
19:34:22 INFO    Barriendo Nativo Propiedades (nativopropiedades)…
19:34:23 DEBUG   [nativopropiedades] 7 avisos vía tarjetas
19:34:23 INFO      nativopropiedades: 7 avisos en 1s
19:34:23 INFO    Barriendo Enlace Inmobiliario (enlaceinmobiliario)…
19:34:23 WARNING https://www.enlaceinmobiliario.cl/ respondió 403
19:34:23 INFO    [enlaceinmobiliario] https://www.enlaceinmobiliario.cl/ rebotó al GET; se reintenta con navegador
19:34:26 DEBUG   [accesoinmobiliario] 15 avisos vía tarjetas
19:34:26 DEBUG   La red no quedó en silencio en https://houm.com/cl/arriendo-departamento-región-metropolitana/ñuñoa/174379; se lee igual
19:34:27 DEBUG   [houm] 1 avisos vía estado-embebido
19:34:31 INFO      enlaceinmobiliario: 0 avisos en 8s
19:34:31 INFO    Barriendo Rentas.cl (rentas_cl)…
19:34:34 DEBUG   [rentas_cl] 1 avisos vía json-ld
19:34:34 INFO      rentas_cl: 1 avisos en 2s
19:34:34 INFO    Barriendo Arriendos.cl (arriendos_cl)…
19:34:35 INFO      arriendos_cl: 0 avisos en 1s
19:34:35 INFO    Barriendo Propiedades.cl (propiedades_cl)…
19:34:36 DEBUG   [propiedades_cl] 6 avisos vía tarjetas
19:34:36 INFO      propiedades_cl: 6 avisos en 1s
19:34:36 INFO    Barriendo Clasificados.cl (clasificados_cl)…
19:34:38 DEBUG   [clasificados_cl] 1 avisos vía tarjetas
19:34:38 INFO      clasificados_cl: 1 avisos en 2s
19:34:39 DEBUG   La red no quedó en silencio en https://houm.com/cl/arriendo-departamento-región-metropolitana/recoleta/178185; se lee igual
19:34:39 DEBUG   [houm] 1 avisos vía estado-embebido
19:34:45 DEBUG   [accesoinmobiliario] 1 avisos vía tarjetas
19:34:47 DEBUG   La red no quedó en silencio en https://houm.com/cl/arriendo-departamento-región-metropolitana/las-condes/177842; se lee igual
19:34:47 DEBUG   [houm] 1 avisos vía estado-embebido
19:34:53 DEBUG   [goplaceit] 30 avisos vía json-ld
19:34:56 DEBUG   La red no quedó en silencio en https://houm.com/cl/arriendo-departamento-región-metropolitana/recoleta/176958; se lee igual
19:34:56 DEBUG   [houm] 1 avisos vía estado-embebido
19:35:03 DEBUG   [accesoinmobiliario] 1 avisos vía tarjetas
19:35:04 DEBUG   La red no quedó en silencio en https://houm.com/cl/arriendo-departamento-región-metropolitana/recoleta/90462; se lee igual
19:35:05 DEBUG   [houm] 1 avisos vía estado-embebido
19:35:07 INFO      accesoinmobiliario: 17 avisos en 46s
19:35:14 DEBUG   La red no quedó en silencio en https://houm.com/cl/arriendo-departamento-región-metropolitana/ñuñoa/148216; se lee igual
19:35:15 DEBUG   [houm] 1 avisos vía estado-embebido
19:35:15 INFO      houm: 36 avisos en 91s
19:35:24 INFO      goplaceit: 90 avisos en 123s
19:35:24 INFO    Total crudo: 703 avisos
19:35:24 INFO    Después de deduplicar: 490
19:35:24 INFO    Libreta: 2 entradas de un extractor viejo se olvidan
19:35:24 DEBUG   Libreta: n de la casa 133 se construyó en 2020 (accesoinmobiliario)
19:35:24 INFO    Pasaron los filtros: 60
19:35:55 DEBUG   [economicos] 1 avisos vía tarjetas
19:35:56 DEBUG   [doomos] 18 avisos vía tarjetas
19:35:56 DEBUG   Ficha de YVT22 sin candidato propio; no se fusiona
19:35:57 DEBUG   Ficha de HW5MX sin candidato propio; no se fusiona
19:35:57 DEBUG   [economicos] 1 avisos vía tarjetas
19:35:59 DEBUG   [economicos] 1 avisos vía tarjetas
19:36:01 DEBUG   [economicos] 1 avisos vía tarjetas
19:36:02 DEBUG   [doomos] 27 avisos vía tarjetas
19:36:02 DEBUG   Ficha de U44VT sin candidato propio; no se fusiona
19:36:06 DEBUG   [doomos] 27 avisos vía tarjetas
19:36:06 DEBUG   Ficha de KNAE9 sin candidato propio; no se fusiona
19:36:07 DEBUG   [doomos] 27 avisos vía tarjetas
19:36:07 DEBUG   Ficha de PR3QK sin candidato propio; no se fusiona
19:36:07 DEBUG   [economicos] 1 avisos vía tarjetas
19:36:11 DEBUG   [doomos] 27 avisos vía tarjetas
19:36:11 DEBUG   Ficha de 2HWEW sin candidato propio; no se fusiona
19:36:14 DEBUG   [doomos] 27 avisos vía tarjetas
19:36:14 DEBUG   Ficha de ZWNAN sin candidato propio; no se fusiona
19:36:14 DEBUG   [economicos] 1 avisos vía tarjetas
19:36:16 DEBUG   [economicos] 1 avisos vía tarjetas
19:36:16 DEBUG   Ficha de XEC3Z sin candidato propio; no se fusiona
19:36:18 DEBUG   [economicos] 1 avisos vía tarjetas
19:36:24 DEBUG   [toctoc] 1 avisos vía estado-embebido
19:36:29 DEBUG   [toctoc] 1 avisos vía estado-embebido
19:36:30 DEBUG   [busconido] 11 avisos vía tarjetas
19:36:30 DEBUG   Ficha de 9ZGUH sin candidato propio; no se fusiona
19:36:31 DEBUG   [busconido] 10 avisos vía tarjetas
19:36:31 DEBUG   Ficha de KTFQD sin candidato propio; no se fusiona
19:36:33 DEBUG   [busconido] 11 avisos vía tarjetas
19:36:33 DEBUG   Ficha de YW4YH sin candidato propio; no se fusiona
19:36:33 DEBUG   [economicos] 1 avisos vía tarjetas
19:36:33 INFO    Enriquecido y descartado: S84GC (arriendo de $3.108.725 sobre el máximo negociable de $1.904.000)
19:36:35 DEBUG   [economicos] 1 avisos vía tarjetas
19:36:39 INFO    Enriquecido y descartado: 7DKB3 (arriendo de $2.266.750 sobre el máximo negociable de $1.904.000)
19:36:40 DEBUG   [busconido] 10 avisos vía tarjetas
19:36:40 DEBUG   Ficha de 45SXZ sin candidato propio; no se fusiona
19:36:44 DEBUG   [doomos] 18 avisos vía tarjetas
19:36:44 DEBUG   Ficha de J5JN4 sin candidato propio; no se fusiona
19:36:44 DEBUG   [chilepropiedades] 2 avisos vía json-ld
19:36:51 DEBUG   [toctoc] 1 avisos vía estado-embebido
19:36:56 DEBUG   [doomos] 27 avisos vía tarjetas
19:36:56 DEBUG   Ficha de P8XMT sin candidato propio; no se fusiona
19:37:01 DEBUG   [engelvoelkers] 1 avisos vía json-ld
19:37:01 DEBUG   [mitula] 3 avisos vía tarjetas
19:37:07 DEBUG   [toctoc] 1 avisos vía estado-embebido
19:37:12 DEBUG   [toctoc] 1 avisos vía estado-embebido
19:37:20 DEBUG   [toctoc] 1 avisos vía estado-embebido
19:37:26 DEBUG   [toctoc] 1 avisos vía estado-embebido
19:37:26 DEBUG   [chilepropiedades] 2 avisos vía json-ld
19:37:33 DEBUG   La red no quedó en silencio en https://www.toctoc.com/arriendo/departamento/metropolitana/vitacura/b_81160827e21945574de3036c9a6e70e4790b7427; se lee igual
19:37:33 DEBUG   [toctoc] 1 avisos vía estado-embebido
19:37:39 DEBUG   [toctoc] 1 avisos vía estado-embebido
19:37:43 INFO    Enriquecido y descartado: 75BRH (arriendo de $2.931.142 sobre el máximo negociable de $1.904.000)
19:38:07 INFO    Enriquecido y descartado: 75BRH (arriendo de $2.149.504 sobre el máximo negociable de $1.904.000)
19:38:15 INFO    Enriquecido y descartado: 75BRH (arriendo de $1.954.095 sobre el máximo negociable de $1.904.000)
19:38:33 DEBUG   [toctoc] 1 avisos vía estado-embebido
19:38:42 DEBUG   [toctoc] 1 avisos vía estado-embebido
19:38:47 DEBUG   [toctoc] 1 avisos vía estado-embebido
19:38:51 INFO    Enriquecido y descartado: 75BRH (arriendo de $4.299.009 sobre el máximo negociable de $1.904.000)
19:38:55 INFO    Fichas leídas: 60 — 0 ganaron el año, 1 la dirección; 6 se descartaron al verlas (0 por viejos)
19:38:57 INFO    Listo: 0 avisados de 54 candidatos
