18:43:09 INFO    UF = $40.881.68 (API del día)
18:43:09 INFO    Barriendo TocToc (toctoc)…
18:43:09 INFO    Barriendo Chilepropiedades (chilepropiedades)…
18:43:09 INFO    Barriendo GoPlaceIt (goplaceit)…
18:43:09 INFO    Barriendo Yapo (yapo)…
18:43:10 DEBUG   [chilepropiedades] 10 avisos vía tarjetas
18:43:11 INFO      yapo: 0 avisos en 2s
18:43:11 INFO    Barriendo BuscoNido (busconido)…
18:43:12 DEBUG   [busconido] 23 avisos vía tarjetas
18:43:12 INFO      busconido: 23 avisos en 1s
18:43:12 INFO    Barriendo BienesOnline (bienesonline)…
18:43:12 DEBUG   [chilepropiedades] 10 avisos vía tarjetas
18:43:13 DEBUG   [bienesonline] 15 avisos vía tarjetas
18:43:13 INFO      bienesonline: 15 avisos en 1s
18:43:13 INFO    Barriendo Economicos (El Mercurio) (economicos)…
18:43:13 DEBUG   [goplaceit] 30 avisos vía json-ld
18:43:13 WARNING https://www.economicos.cl/search/propiedades/vitacura/arriendo/departamento/0 respondió 403
18:43:13 INFO    [economicos] https://www.economicos.cl/search/propiedades/vitacura/arriendo/departamento/0 rebotó al GET; se reintenta con navegador
18:43:14 DEBUG   [chilepropiedades] 10 avisos vía tarjetas
18:43:14 INFO      chilepropiedades: 30 avisos en 5s
18:43:14 INFO    Barriendo iCasas (icasas)…
18:43:15 DEBUG   [icasas] 15 avisos vía tarjetas
18:43:16 DEBUG   La red no quedó en silencio en https://www.toctoc.com/arriendo/departamento/metropolitana/vitacura/3-dormitorios; se lee igual
18:43:17 DEBUG   [icasas] 15 avisos vía tarjetas
18:43:17 INFO      icasas: 30 avisos en 3s
18:43:17 INFO    Barriendo Doomos (doomos)…
18:43:17 DEBUG   [toctoc] 20 avisos vía json-ld
18:43:18 INFO      economicos: 0 avisos en 5s
18:43:18 INFO    Barriendo Top Propiedades (toppropiedades)…
18:43:18 DEBUG   [doomos] 32 avisos vía tarjetas
18:43:19 INFO      doomos: 32 avisos en 2s
18:43:19 INFO    Barriendo Nuroa (nuroa)…
18:43:19 DEBUG   Encoding detection: ascii is most likely the one.
18:43:21 DEBUG   [nuroa] 25 avisos vía json-ld
18:43:22 DEBUG   [toppropiedades] 1 avisos vía json-ld
18:43:23 DEBUG   [nuroa] 25 avisos vía json-ld
18:43:24 DEBUG   [toppropiedades] 1 avisos vía json-ld
18:43:24 DEBUG   [nuroa] 25 avisos vía json-ld
18:43:24 DEBUG   La red no quedó en silencio en https://www.toctoc.com/arriendo/departamento/metropolitana/vitacura/3-dormitorios?pagina=2; se lee igual
18:43:25 DEBUG   [toctoc] 20 avisos vía json-ld
18:43:26 DEBUG   [toppropiedades] 1 avisos vía json-ld
18:43:26 DEBUG   [nuroa] 25 avisos vía json-ld
18:43:27 INFO      nuroa: 100 avisos en 8s
18:43:27 INFO    Barriendo Mitula (mitula)…
18:43:28 DEBUG   [toppropiedades] 1 avisos vía json-ld
18:43:29 DEBUG   [mitula] 30 avisos vía json-ld
18:43:30 DEBUG   [toppropiedades] 1 avisos vía json-ld
18:43:30 DEBUG   [mitula] 30 avisos vía json-ld
18:43:30 INFO      mitula: 60 avisos en 4s
18:43:30 INFO    Barriendo Houm (houm)…
18:43:32 DEBUG   La red no quedó en silencio en https://www.toctoc.com/arriendo/departamento/metropolitana/vitacura/3-dormitorios?pagina=3; se lee igual
18:43:32 DEBUG   [toppropiedades] 1 avisos vía json-ld
18:43:32 DEBUG   [toctoc] 20 avisos vía json-ld
18:43:34 DEBUG   [toppropiedades] 1 avisos vía json-ld
18:43:36 DEBUG   [toppropiedades] 1 avisos vía json-ld
18:43:36 INFO      toppropiedades: 8 avisos en 18s
18:43:36 INFO    Barriendo Hey! Homes (heyhomes)…
18:43:38 DEBUG   La red no quedó en silencio en https://houm.com/cl/arriendo-departamentos-region-metropolitana/vitacura/3-dormitorios; se lee igual
18:43:39 DEBUG   [houm] 28 avisos vía json-ld
18:43:39 DEBUG   [heyhomes] 9 avisos vía tarjetas
18:43:39 INFO      heyhomes: 9 avisos en 3s
18:43:39 INFO    Barriendo Engel & Völkers (engelvoelkers)…
18:43:43 DEBUG   La red no quedó en silencio en https://www.toctoc.com/arriendo/departamento/metropolitana/vitacura/4-dormitorios; se lee igual
18:43:43 DEBUG   [toctoc] 20 avisos vía json-ld
18:43:48 DEBUG   [engelvoelkers] 15 avisos vía tarjetas
18:43:48 INFO      engelvoelkers: 15 avisos en 9s
18:43:48 INFO    Barriendo RE/MAX Chile (remax)…
18:43:50 DEBUG   La red no quedó en silencio en https://houm.com/cl/arriendo-departamento-región-metropolitana/las-condes/170742; se lee igual
18:43:50 DEBUG   [houm] 1 avisos vía estado-embebido
18:43:51 DEBUG   [goplaceit] 30 avisos vía json-ld
18:43:57 DEBUG   La red no quedó en silencio en https://www.toctoc.com/arriendo/departamento/metropolitana/vitacura/4-dormitorios?pagina=2; se lee igual
18:43:57 DEBUG   [toctoc] 20 avisos vía json-ld
18:43:57 DEBUG   La red no quedó en silencio en https://www.remax.cl/es-cl/busqueda/metropolitana-de-santiago/santiago/vitacura/residencial-departamento/arriendo/; se lee igual
18:43:58 DEBUG   [remax] 5 avisos vía tarjetas
18:44:05 DEBUG   La red no quedó en silencio en https://houm.com/cl/arriendo-departamento-región-metropolitana/las-condes/175757; se lee igual
18:44:05 DEBUG   [houm] 1 avisos vía estado-embebido
18:44:09 DEBUG   La red no quedó en silencio en https://www.toctoc.com/arriendo/departamento/metropolitana/vitacura/4-dormitorios?pagina=3; se lee igual
18:44:09 DEBUG   [toctoc] 4 avisos vía json-ld
18:44:09 INFO      toctoc: 104 avisos en 60s
18:44:09 INFO    Barriendo Fuenzalida Propiedades (fuenzalida)…
18:44:12 DEBUG   [fuenzalida] 16 avisos vía tarjetas
18:44:12 DEBUG   La red no quedó en silencio en https://www.remax.cl/es-cl/busqueda/metropolitana-de-santiago/santiago/vitacura/residencial-departamento/arriendo/?page=2; se lee igual
18:44:12 DEBUG   [remax] 5 avisos vía tarjetas
18:44:12 INFO      remax: 10 avisos en 24s
18:44:12 INFO    Barriendo Century 21 Chile (century21)…
18:44:14 INFO      century21: 0 avisos en 2s
18:44:14 INFO    Barriendo Property Partners (propertypartners)…
18:44:14 DEBUG   [propertypartners] 1 avisos vía tarjetas
18:44:14 INFO      propertypartners: 1 avisos en 0s
18:44:14 INFO    Barriendo Acceso Inmobiliario (accesoinmobiliario)…
18:44:15 DEBUG   [fuenzalida] 20 avisos vía tarjetas
18:44:17 DEBUG   [fuenzalida] 20 avisos vía tarjetas
18:44:17 INFO      fuenzalida: 56 avisos en 8s
18:44:17 INFO    Barriendo Magnolia Property (magnoliaproperty)…
18:44:18 DEBUG   [magnoliaproperty] 6 avisos vía tarjetas
18:44:18 INFO      magnoliaproperty: 6 avisos en 1s
18:44:18 INFO    Barriendo Portilla Propiedades (portillapropiedades)…
18:44:19 DEBUG   [portillapropiedades] 2 avisos vía tarjetas
18:44:19 INFO      portillapropiedades: 2 avisos en 1s
18:44:19 INFO    Barriendo Nativo Propiedades (nativopropiedades)…
18:44:19 DEBUG   La red no quedó en silencio en https://houm.com/cl/arriendo-departamento-región-metropolitana/ñuñoa/164010; se lee igual
18:44:19 DEBUG   [accesoinmobiliario] 16 avisos vía tarjetas
18:44:20 DEBUG   [nativopropiedades] 10 avisos vía tarjetas
18:44:20 INFO      nativopropiedades: 10 avisos en 1s
18:44:20 INFO    Barriendo Enlace Inmobiliario (enlaceinmobiliario)…
18:44:20 DEBUG   [houm] 1 avisos vía estado-embebido
18:44:20 WARNING https://www.enlaceinmobiliario.cl/ respondió 403
18:44:20 INFO    [enlaceinmobiliario] https://www.enlaceinmobiliario.cl/ rebotó al GET; se reintenta con navegador
18:44:28 INFO      enlaceinmobiliario: 0 avisos en 9s
18:44:28 INFO    Barriendo Rentas.cl (rentas_cl)…
18:44:29 DEBUG   La red no quedó en silencio en https://houm.com/cl/arriendo-departamento-región-metropolitana/ñuñoa/174379; se lee igual
18:44:29 DEBUG   [houm] 1 avisos vía estado-embebido
18:44:30 DEBUG   [accesoinmobiliario] 1 avisos vía tarjetas
18:44:30 DEBUG   [rentas_cl] 1 avisos vía json-ld
18:44:30 INFO      rentas_cl: 1 avisos en 2s
18:44:30 INFO    Barriendo Arriendos.cl (arriendos_cl)…
18:44:31 INFO      arriendos_cl: 0 avisos en 1s
18:44:31 INFO    Barriendo Propiedades.cl (propiedades_cl)…
18:44:32 DEBUG   [propiedades_cl] 6 avisos vía tarjetas
18:44:32 INFO      propiedades_cl: 6 avisos en 1s
18:44:32 INFO    Barriendo Clasificados.cl (clasificados_cl)…
18:44:35 DEBUG   [clasificados_cl] 1 avisos vía tarjetas
18:44:35 INFO      clasificados_cl: 1 avisos en 2s
18:44:37 DEBUG   La red no quedó en silencio en https://houm.com/cl/arriendo-departamento-región-metropolitana/recoleta/178185; se lee igual
18:44:38 DEBUG   [houm] 1 avisos vía estado-embebido
18:44:39 DEBUG   [accesoinmobiliario] 1 avisos vía tarjetas
18:44:41 DEBUG   [accesoinmobiliario] 1 avisos vía tarjetas
18:44:44 DEBUG   [goplaceit] 30 avisos vía json-ld
18:44:47 DEBUG   La red no quedó en silencio en https://houm.com/cl/arriendo-departamento-región-metropolitana/las-condes/177842; se lee igual
18:44:47 DEBUG   [houm] 1 avisos vía estado-embebido
18:44:52 INFO      accesoinmobiliario: 19 avisos en 38s
18:44:56 DEBUG   La red no quedó en silencio en https://houm.com/cl/arriendo-departamento-región-metropolitana/recoleta/176958; se lee igual
18:44:57 DEBUG   [houm] 1 avisos vía estado-embebido
18:45:04 DEBUG   La red no quedó en silencio en https://houm.com/cl/arriendo-departamento-región-metropolitana/recoleta/90462; se lee igual
18:45:04 DEBUG   [houm] 1 avisos vía estado-embebido
18:45:04 INFO      houm: 36 avisos en 94s
18:45:13 INFO      goplaceit: 90 avisos en 124s
18:45:13 INFO    Total crudo: 664 avisos
18:45:13 INFO    Después de deduplicar: 425
18:45:14 INFO    Pasaron los filtros: 43
18:45:37 DEBUG   [doomos] 16 avisos vía tarjetas
18:45:37 DEBUG   Ficha de YVT22 sin candidato propio; no se fusiona
18:45:38 DEBUG   Ficha de HW5MX sin candidato propio; no se fusiona
18:45:40 DEBUG   [doomos] 25 avisos vía tarjetas
18:45:40 DEBUG   Ficha de U44VT sin candidato propio; no se fusiona
18:45:43 DEBUG   [doomos] 25 avisos vía tarjetas
18:45:43 DEBUG   Ficha de KNAE9 sin candidato propio; no se fusiona
18:45:45 DEBUG   [doomos] 25 avisos vía tarjetas
18:45:45 DEBUG   Ficha de PR3QK sin candidato propio; no se fusiona
18:45:50 DEBUG   [doomos] 25 avisos vía tarjetas
18:45:50 DEBUG   Ficha de 2HWEW sin candidato propio; no se fusiona
18:45:52 DEBUG   [doomos] 25 avisos vía tarjetas
18:45:52 DEBUG   Ficha de ZWNAN sin candidato propio; no se fusiona
18:45:58 DEBUG   La red no quedó en silencio en https://www.toctoc.com/arriendo/departamento/metropolitana/vitacura/b_fcce67f64655e74722493467e0943e3acb167be3; se lee igual
18:45:58 DEBUG   [toctoc] 1 avisos vía estado-embebido
18:46:05 DEBUG   La red no quedó en silencio en https://www.toctoc.com/arriendo/departamento/metropolitana/vitacura/b_8e6e657f30127209018991e0ad1aa3be0153aa48; se lee igual
18:46:05 DEBUG   Pin del mapa para AZ5YE: -33.40537, -70.59387
18:46:05 DEBUG   [toctoc] 1 avisos vía estado-embebido
18:46:06 DEBUG   [busconido] 11 avisos vía tarjetas
18:46:06 DEBUG   Ficha de CAJ2A sin candidato propio; no se fusiona
18:46:10 INFO    Enriquecido y descartado: YAVJA (arriendo de $3.517.371 sobre el máximo negociable de $1.904.000)
18:46:14 INFO    Enriquecido y descartado: CC2AY (arriendo de $2.032.258 sobre el máximo negociable de $1.904.000)
18:46:15 DEBUG   [busconido] 10 avisos vía tarjetas
18:46:15 DEBUG   Ficha de 9PHHM sin candidato propio; no se fusiona
18:46:16 DEBUG   [doomos] 16 avisos vía tarjetas
18:46:16 DEBUG   Ficha de J5JN4 sin candidato propio; no se fusiona
18:46:22 DEBUG   La red no quedó en silencio en https://www.toctoc.com/arriendo/departamento/metropolitana/vitacura/b_80d89b760414ef5f413f602f2cbc1e3a9b9cf25f; se lee igual
18:46:22 DEBUG   [toctoc] 1 avisos vía estado-embebido
18:46:27 DEBUG   [doomos] 25 avisos vía tarjetas
18:46:27 DEBUG   Ficha de P8XMT sin candidato propio; no se fusiona
18:46:31 DEBUG   [engelvoelkers] 1 avisos vía json-ld
18:46:32 DEBUG   [mitula] 3 avisos vía tarjetas
18:46:39 DEBUG   La red no quedó en silencio en https://www.toctoc.com/arriendo/departamento/metropolitana/vitacura/b_a3f11e3da22b023d55153cd78c67bf4d8e101cb9; se lee igual
18:46:39 DEBUG   [toctoc] 1 avisos vía estado-embebido
18:46:50 DEBUG   La red no quedó en silencio en https://www.toctoc.com/arriendo/departamento/metropolitana/vitacura/b_5acaafcd00128d3e4cb605d4f6d3b2f9454c00a2; se lee igual
18:46:50 DEBUG   [toctoc] 1 avisos vía estado-embebido
18:46:55 DEBUG   [toctoc] 1 avisos vía estado-embebido
18:47:02 DEBUG   La red no quedó en silencio en https://www.toctoc.com/arriendo/departamento/metropolitana/vitacura/b_81160827e21945574de3036c9a6e70e4790b7427; se lee igual
18:47:02 DEBUG   [toctoc] 1 avisos vía estado-embebido
18:47:09 DEBUG   La red no quedó en silencio en https://www.toctoc.com/arriendo/departamento/metropolitana/vitacura/b_dd470a6196689e0d8f0f051c723f233fb535a000; se lee igual
18:47:09 DEBUG   [toctoc] 1 avisos vía estado-embebido
18:47:14 INFO    Enriquecido y descartado: 75BRH (arriendo de $2.931.142 sobre el máximo negociable de $1.904.000)
18:47:40 INFO    Enriquecido y descartado: 75BRH (arriendo de $1.954.095 sobre el máximo negociable de $1.904.000)
18:47:58 DEBUG   La red no quedó en silencio en https://www.toctoc.com/arriendo/departamento/metropolitana/vitacura/b_8d7cfebe1062033f05e1df1296cb8647a46a8d1b; se lee igual
18:47:58 DEBUG   [toctoc] 1 avisos vía estado-embebido
18:48:09 DEBUG   La red no quedó en silencio en https://www.toctoc.com/arriendo/departamento/metropolitana/vitacura/b_a980d8085ff1b8a8ad39918e8343fc77f14f4e9d; se lee igual
18:48:09 DEBUG   [toctoc] 1 avisos vía estado-embebido
18:48:13 INFO    Enriquecido y descartado: 75BRH (arriendo de $4.299.009 sobre el máximo negociable de $1.904.000)
18:48:17 INFO    Fichas leídas: 43 — 0 ganaron el año, 1 la dirección; 5 se descartaron al verlas (0 por viejos)
18:48:18 INFO    Listo: 0 avisados de 38 candidatos
