00:50:43 INFO    UF = $40.877.73 (API del día)
00:50:43 INFO    Barriendo TocToc (toctoc)…
00:50:43 INFO    Barriendo Chilepropiedades (chilepropiedades)…
00:50:43 INFO    Barriendo GoPlaceIt (goplaceit)…
00:50:43 INFO    Barriendo Yapo (yapo)…
00:50:44 DEBUG   [chilepropiedades] 10 avisos vía tarjetas
00:50:46 DEBUG   [chilepropiedades] 10 avisos vía tarjetas
00:50:46 DEBUG   [yapo] 30 avisos vía tarjetas
00:50:48 DEBUG   [chilepropiedades] 10 avisos vía tarjetas
00:50:48 INFO      chilepropiedades: 30 avisos en 5s
00:50:48 INFO    Barriendo BuscoNido (busconido)…
00:50:48 DEBUG   [yapo] 30 avisos vía tarjetas
00:50:49 DEBUG   [goplaceit] 30 avisos vía json-ld
00:50:49 DEBUG   [busconido] 23 avisos vía tarjetas
00:50:49 INFO      busconido: 23 avisos en 1s
00:50:49 INFO    Barriendo BienesOnline (bienesonline)…
00:50:50 DEBUG   [bienesonline] 17 avisos vía tarjetas
00:50:50 INFO      bienesonline: 17 avisos en 1s
00:50:50 INFO    Barriendo Economicos (El Mercurio) (economicos)…
00:50:51 WARNING https://www.economicos.cl/search/propiedades/vitacura/arriendo/departamento/0 respondió 403
00:50:51 INFO    [economicos] https://www.economicos.cl/search/propiedades/vitacura/arriendo/departamento/0 rebotó al GET; se reintenta con navegador
00:50:51 DEBUG   [yapo] 30 avisos vía tarjetas
00:50:51 INFO      yapo: 90 avisos en 8s
00:50:51 INFO    Barriendo iCasas (icasas)…
00:50:52 DEBUG   [toctoc] 20 avisos vía json-ld
00:50:52 DEBUG   [icasas] 15 avisos vía tarjetas
00:50:53 INFO      economicos: 0 avisos en 2s
00:50:53 INFO    Barriendo Doomos (doomos)…
00:50:54 DEBUG   [icasas] 15 avisos vía tarjetas
00:50:54 INFO      icasas: 30 avisos en 3s
00:50:54 INFO    Barriendo Top Propiedades (toppropiedades)…
00:50:55 DEBUG   [doomos] 32 avisos vía tarjetas
00:50:55 INFO      doomos: 32 avisos en 2s
00:50:55 INFO    Barriendo Nuroa (nuroa)…
00:50:56 DEBUG   Encoding detection: ascii is most likely the one.
00:50:57 DEBUG   [nuroa] 25 avisos vía json-ld
00:50:57 DEBUG   [toppropiedades] 1 avisos vía json-ld
00:50:59 DEBUG   [nuroa] 25 avisos vía json-ld
00:51:00 DEBUG   [toppropiedades] 1 avisos vía json-ld
00:51:00 DEBUG   La red no quedó en silencio en https://www.toctoc.com/arriendo/departamento/metropolitana/vitacura/3-dormitorios?pagina=2; se lee igual
00:51:01 DEBUG   [toctoc] 68 avisos vía json-ld
00:51:01 DEBUG   [nuroa] 25 avisos vía json-ld
00:51:02 DEBUG   [toppropiedades] 1 avisos vía json-ld
00:51:03 DEBUG   [nuroa] 25 avisos vía json-ld
00:51:03 INFO      nuroa: 100 avisos en 8s
00:51:03 INFO    Barriendo Mitula (mitula)…
00:51:04 DEBUG   [toppropiedades] 1 avisos vía json-ld
00:51:05 DEBUG   [mitula] 30 avisos vía json-ld
00:51:06 DEBUG   [toppropiedades] 1 avisos vía json-ld
00:51:07 DEBUG   [mitula] 30 avisos vía json-ld
00:51:07 INFO      mitula: 60 avisos en 4s
00:51:07 INFO    Barriendo Houm (houm)…
00:51:08 DEBUG   [toppropiedades] 1 avisos vía json-ld
00:51:09 DEBUG   [toctoc] 20 avisos vía json-ld
00:51:10 DEBUG   [toppropiedades] 1 avisos vía json-ld
00:51:12 DEBUG   [toppropiedades] 1 avisos vía json-ld
00:51:12 INFO      toppropiedades: 8 avisos en 18s
00:51:12 INFO    Barriendo Hey! Homes (heyhomes)…
00:51:14 DEBUG   [heyhomes] 9 avisos vía tarjetas
00:51:14 INFO      heyhomes: 9 avisos en 3s
00:51:14 INFO    Barriendo Engel & Völkers (engelvoelkers)…
00:51:16 DEBUG   La red no quedó en silencio en https://houm.com/cl/arriendo-departamentos-region-metropolitana/vitacura/3-dormitorios; se lee igual
00:51:16 DEBUG   [houm] 28 avisos vía json-ld
00:51:18 DEBUG   [toctoc] 20 avisos vía json-ld
00:51:22 DEBUG   [engelvoelkers] 14 avisos vía tarjetas
00:51:22 INFO      engelvoelkers: 14 avisos en 8s
00:51:22 INFO    Barriendo RE/MAX Chile (remax)…
00:51:27 DEBUG   La red no quedó en silencio en https://houm.com/cl/arriendo-departamento-región-metropolitana/las-condes/170742; se lee igual
00:51:28 DEBUG   [houm] 1 avisos vía estado-embebido
00:51:28 DEBUG   [toctoc] 20 avisos vía json-ld
00:51:30 DEBUG   [goplaceit] 30 avisos vía json-ld
00:51:36 DEBUG   La red no quedó en silencio en https://www.remax.cl/es-cl/busqueda/metropolitana-de-santiago/santiago/vitacura/residencial-departamento/arriendo/; se lee igual
00:51:36 DEBUG   [remax] 5 avisos vía tarjetas
00:51:38 DEBUG   La red no quedó en silencio en https://houm.com/cl/arriendo-departamento-región-metropolitana/las-condes/175757; se lee igual
00:51:38 DEBUG   [houm] 1 avisos vía estado-embebido
00:51:42 DEBUG   [toctoc] 3 avisos vía json-ld
00:51:42 INFO      toctoc: 151 avisos en 59s
00:51:42 INFO    Barriendo Fuenzalida Propiedades (fuenzalida)…
00:51:46 DEBUG   [fuenzalida] 16 avisos vía tarjetas
00:51:49 DEBUG   [fuenzalida] 20 avisos vía tarjetas
00:51:49 DEBUG   La red no quedó en silencio en https://www.remax.cl/es-cl/busqueda/metropolitana-de-santiago/santiago/vitacura/residencial-departamento/arriendo/?page=2; se lee igual
00:51:50 DEBUG   [remax] 5 avisos vía tarjetas
00:51:50 INFO      remax: 10 avisos en 28s
00:51:50 INFO    Barriendo Century 21 Chile (century21)…
00:51:50 DEBUG   La red no quedó en silencio en https://houm.com/cl/arriendo-departamento-región-metropolitana/ñuñoa/174379; se lee igual
00:51:50 DEBUG   [houm] 1 avisos vía estado-embebido
00:51:51 INFO      century21: 0 avisos en 1s
00:51:51 INFO    Barriendo Property Partners (propertypartners)…
00:51:52 DEBUG   [propertypartners] 1 avisos vía tarjetas
00:51:52 INFO      propertypartners: 1 avisos en 0s
00:51:52 INFO    Barriendo Acceso Inmobiliario (accesoinmobiliario)…
00:51:52 DEBUG   [fuenzalida] 20 avisos vía tarjetas
00:51:52 INFO      fuenzalida: 56 avisos en 10s
00:51:52 INFO    Barriendo Magnolia Property (magnoliaproperty)…
00:51:53 DEBUG   [magnoliaproperty] 6 avisos vía tarjetas
00:51:53 INFO      magnoliaproperty: 6 avisos en 1s
00:51:53 INFO    Barriendo Portilla Propiedades (portillapropiedades)…
00:51:53 DEBUG   [portillapropiedades] 2 avisos vía tarjetas
00:51:53 INFO      portillapropiedades: 2 avisos en 1s
00:51:53 INFO    Barriendo Nativo Propiedades (nativopropiedades)…
00:51:54 DEBUG   [nativopropiedades] 7 avisos vía tarjetas
00:51:54 INFO      nativopropiedades: 7 avisos en 1s
00:51:54 INFO    Barriendo Enlace Inmobiliario (enlaceinmobiliario)…
00:51:54 WARNING https://www.enlaceinmobiliario.cl/ respondió 403
00:51:54 INFO    [enlaceinmobiliario] https://www.enlaceinmobiliario.cl/ rebotó al GET; se reintenta con navegador
00:51:56 DEBUG   [accesoinmobiliario] 15 avisos vía tarjetas
00:51:58 DEBUG   La red no quedó en silencio en https://houm.com/cl/arriendo-departamento-región-metropolitana/recoleta/178185; se lee igual
00:51:58 DEBUG   [houm] 1 avisos vía estado-embebido
00:52:03 INFO      enlaceinmobiliario: 0 avisos en 9s
00:52:03 INFO    Barriendo Rentas.cl (rentas_cl)…
00:52:05 DEBUG   [rentas_cl] 1 avisos vía json-ld
00:52:05 INFO      rentas_cl: 1 avisos en 2s
00:52:05 INFO    Barriendo Arriendos.cl (arriendos_cl)…
00:52:06 INFO      arriendos_cl: 0 avisos en 1s
00:52:06 INFO    Barriendo Propiedades.cl (propiedades_cl)…
00:52:07 DEBUG   [propiedades_cl] 6 avisos vía tarjetas
00:52:07 INFO      propiedades_cl: 6 avisos en 1s
00:52:07 INFO    Barriendo Clasificados.cl (clasificados_cl)…
00:52:09 DEBUG   La red no quedó en silencio en https://houm.com/cl/arriendo-departamento-región-metropolitana/las-condes/177842; se lee igual
00:52:09 DEBUG   [houm] 1 avisos vía estado-embebido
00:52:10 DEBUG   [clasificados_cl] 1 avisos vía tarjetas
00:52:10 INFO      clasificados_cl: 1 avisos en 3s
00:52:11 DEBUG   [accesoinmobiliario] 1 avisos vía tarjetas
00:52:19 DEBUG   La red no quedó en silencio en https://houm.com/cl/arriendo-departamento-región-metropolitana/recoleta/176958; se lee igual
00:52:19 DEBUG   [houm] 1 avisos vía estado-embebido
00:52:21 INFO      accesoinmobiliario: 16 avisos en 29s
00:52:24 DEBUG   [goplaceit] 30 avisos vía json-ld
00:52:27 DEBUG   La red no quedó en silencio en https://houm.com/cl/arriendo-departamento-región-metropolitana/recoleta/90462; se lee igual
00:52:28 DEBUG   [houm] 1 avisos vía estado-embebido
00:52:35 DEBUG   La red no quedó en silencio en https://houm.com/cl/arriendo-departamento-región-metropolitana/ñuñoa/148216; se lee igual
00:52:35 DEBUG   [houm] 1 avisos vía estado-embebido
00:52:35 INFO      houm: 36 avisos en 88s
00:52:48 INFO      goplaceit: 90 avisos en 124s
00:52:48 INFO    Total crudo: 796 avisos
00:52:48 INFO    Después de deduplicar: 477
00:52:48 INFO    Libreta: 1 entradas de un extractor viejo se olvidan
00:52:49 INFO    Pasaron los filtros: 76
00:53:24 DEBUG   [doomos] 18 avisos vía tarjetas
00:53:24 DEBUG   Ficha de YVT22 sin candidato propio; no se fusiona
00:53:25 DEBUG   Ficha de HW5MX sin candidato propio; no se fusiona
00:53:26 DEBUG   [doomos] 27 avisos vía tarjetas
00:53:26 DEBUG   Ficha de U44VT sin candidato propio; no se fusiona
00:53:29 DEBUG   [doomos] 27 avisos vía tarjetas
00:53:29 DEBUG   Ficha de KNAE9 sin candidato propio; no se fusiona
00:53:31 DEBUG   [doomos] 27 avisos vía tarjetas
00:53:31 DEBUG   Ficha de PR3QK sin candidato propio; no se fusiona
00:53:32 DEBUG   [doomos] 27 avisos vía tarjetas
00:53:32 DEBUG   Ficha de 2HWEW sin candidato propio; no se fusiona
00:53:34 DEBUG   [doomos] 27 avisos vía tarjetas
00:53:34 DEBUG   Ficha de ZWNAN sin candidato propio; no se fusiona
00:53:39 DEBUG   Pin del mapa para 926YZ: -33.40410, -70.59081
00:53:39 DEBUG   [toctoc] 1 avisos vía estado-embebido
00:53:39 INFO    Enriquecido y descartado: P9HA4 (arriendo de $2.575.297 sobre el máximo negociable de $1.904.000)
00:53:41 DEBUG   Pin del mapa para XG7J6: -32.78522, -70.97371
00:53:41 DEBUG   Ficha de XG7J6 sin candidato propio; no se fusiona
00:53:46 DEBUG   [toctoc] 1 avisos vía estado-embebido
00:53:47 DEBUG   [busconido] 10 avisos vía tarjetas
00:53:47 DEBUG   Ficha de XFEWE sin candidato propio; no se fusiona
00:53:53 DEBUG   La red no quedó en silencio en https://www.toctoc.com/arriendo/departamento/metropolitana/vitacura/b_8e6e657f30127209018991e0ad1aa3be0153aa48; se lee igual
00:53:53 DEBUG   Pin del mapa para AZ5YE: -33.40537, -70.59387
00:53:54 DEBUG   [toctoc] 1 avisos vía estado-embebido
00:53:56 DEBUG   [busconido] 11 avisos vía tarjetas
00:53:56 DEBUG   Ficha de CSRGJ sin candidato propio; no se fusiona
00:53:56 DEBUG   [busconido] 10 avisos vía tarjetas
00:53:56 DEBUG   Ficha de KTFQD sin candidato propio; no se fusiona
00:53:58 DEBUG   [busconido] 11 avisos vía tarjetas
00:53:58 DEBUG   Ficha de 46TGY sin candidato propio; no se fusiona
00:54:06 DEBUG   [busconido] 11 avisos vía tarjetas
00:54:06 DEBUG   Ficha de EQH7P sin candidato propio; no se fusiona
00:54:10 INFO    Enriquecido y descartado: YAVJA (arriendo de $3.517.371 sobre el máximo negociable de $1.904.000)
00:54:14 DEBUG   Pin del mapa para GDEV4: -33.40522, -70.59529
00:54:14 DEBUG   [toctoc] 1 avisos vía estado-embebido
00:54:14 INFO    Enriquecido y descartado: URZMS (arriendo de $3.600.000 sobre el máximo negociable de $1.904.000)
00:54:19 DEBUG   Pin del mapa para VB9ST: -33.38575, -70.56115
00:54:19 DEBUG   [toctoc] 1 avisos vía estado-embebido
00:54:19 INFO    Enriquecido y descartado: VZXBC (arriendo de $3.474.607 sobre el máximo negociable de $1.904.000)
00:54:24 DEBUG   Pin del mapa para MVQQV: -33.40571, -70.59718
00:54:24 DEBUG   [toctoc] 1 avisos vía estado-embebido
00:54:24 INFO    Enriquecido y descartado: DZCSP (arriendo de $3.270.218 sobre el máximo negociable de $1.904.000)
00:54:31 DEBUG   Pin del mapa para 9YQR3: -33.37213, -70.54192
00:54:31 DEBUG   [toctoc] 1 avisos vía estado-embebido
00:54:31 INFO    Enriquecido y descartado: E9R23 (arriendo de $4.496.550 sobre el máximo negociable de $1.904.000)
00:54:35 INFO    Enriquecido y descartado: CC2AY (arriendo de $2.032.258 sobre el máximo negociable de $1.904.000)
00:54:40 DEBUG   Pin del mapa para EJMU3: -33.39788, -70.58897
00:54:40 DEBUG   [toctoc] 1 avisos vía estado-embebido
00:54:40 INFO    Enriquecido y descartado: W6ATB (arriendo de $2.411.786 sobre el máximo negociable de $1.904.000)
00:54:46 DEBUG   Pin del mapa para HCBT4: -33.40571, -70.59352
00:54:46 DEBUG   [toctoc] 1 avisos vía estado-embebido
00:54:46 INFO    Enriquecido y descartado: XGTG5 (45 años (construido en 1981), sobre el máximo de 30)
00:54:51 DEBUG   Pin del mapa para D2GPN: -33.39031, -70.59455
00:54:52 DEBUG   [toctoc] 1 avisos vía estado-embebido
00:54:52 INFO    Enriquecido y descartado: YNANX (arriendo de $3.270.218 sobre el máximo negociable de $1.904.000)
00:54:56 DEBUG   Pin del mapa para X3YFD: -33.40596, -70.59695
00:54:56 DEBUG   [toctoc] 1 avisos vía estado-embebido
00:54:56 INFO    Enriquecido y descartado: B5SVA (arriendo de $3.270.218 sobre el máximo negociable de $1.904.000)
00:55:01 DEBUG   Pin del mapa para JS3C5: -33.37683, -70.54385
00:55:01 DEBUG   [toctoc] 1 avisos vía estado-embebido
00:55:01 INFO    Enriquecido y descartado: 4JZ9G (arriendo de $1.962.131 sobre el máximo negociable de $1.904.000)
00:55:08 DEBUG   La red no quedó en silencio en https://www.toctoc.com/arriendo/departamento/metropolitana/vitacura/b_4399afa0d9272f8a5b053de793df299fb01e442e; se lee igual
00:55:15 DEBUG   [toctoc] 1 avisos vía estado-embebido
00:55:15 INFO    Enriquecido y descartado: XYCGS (arriendo de $2.411.786 sobre el máximo negociable de $1.904.000)
00:55:16 DEBUG   [busconido] 10 avisos vía tarjetas
00:55:16 DEBUG   Ficha de 93APS sin candidato propio; no se fusiona
00:55:17 DEBUG   [busconido] 10 avisos vía tarjetas
00:55:17 DEBUG   Ficha de 45SXZ sin candidato propio; no se fusiona
00:55:18 DEBUG   [doomos] 18 avisos vía tarjetas
00:55:18 DEBUG   Ficha de J5JN4 sin candidato propio; no se fusiona
00:55:23 DEBUG   [toctoc] 1 avisos vía estado-embebido
00:55:29 DEBUG   [doomos] 27 avisos vía tarjetas
00:55:29 DEBUG   Ficha de P8XMT sin candidato propio; no se fusiona
00:55:34 DEBUG   [engelvoelkers] 1 avisos vía json-ld
00:55:35 DEBUG   [mitula] 3 avisos vía tarjetas
00:55:44 DEBUG   [toctoc] 1 avisos vía estado-embebido
00:55:45 DEBUG   [chilepropiedades] 2 avisos vía json-ld
00:55:51 DEBUG   [toctoc] 1 avisos vía estado-embebido
00:55:55 DEBUG   [toctoc] 1 avisos vía estado-embebido
00:55:55 INFO    Enriquecido y descartado: 2VPS4 (arriendo de $4.006.018 sobre el máximo negociable de $1.904.000)
00:56:00 DEBUG   [toctoc] 1 avisos vía estado-embebido
00:56:00 INFO    Enriquecido y descartado: QKSRR (arriendo de $3.474.607 sobre el máximo negociable de $1.904.000)
00:56:04 INFO    Enriquecido y descartado: 75BRH (arriendo de $2.931.142 sobre el máximo negociable de $1.904.000)
00:56:09 DEBUG   [toctoc] 1 avisos vía estado-embebido
00:56:09 INFO    Enriquecido y descartado: THCTF (arriendo de $2.493.542 sobre el máximo negociable de $1.904.000)
00:56:36 INFO    Enriquecido y descartado: 75BRH (arriendo de $1.954.095 sobre el máximo negociable de $1.904.000)
00:56:53 DEBUG   [toctoc] 1 avisos vía estado-embebido
00:56:59 DEBUG   [toctoc] 1 avisos vía estado-embebido
00:56:59 INFO    Enriquecido y descartado: 4V73Z (arriendo de $4.700.939 sobre el máximo negociable de $1.904.000)
00:57:04 DEBUG   [toctoc] 1 avisos vía estado-embebido
00:57:04 INFO    Enriquecido y descartado: ZDZSQ (arriendo de $2.248.275 sobre el máximo negociable de $1.904.000)
00:57:11 DEBUG   La red no quedó en silencio en https://www.toctoc.com/arriendo/departamento/metropolitana/vitacura/b_70250cafe96b0cfb65091be7ab43dd8275930762; se lee igual
00:57:11 DEBUG   [toctoc] 1 avisos vía estado-embebido
00:57:11 INFO    Enriquecido y descartado: 8YSPF (arriendo de $4.500.000 sobre el máximo negociable de $1.904.000)
00:57:17 DEBUG   [toctoc] 1 avisos vía estado-embebido
00:57:17 INFO    Enriquecido y descartado: 3N59D (arriendo de $3.065.830 sobre el máximo negociable de $1.904.000)
00:57:22 DEBUG   [toctoc] 1 avisos vía estado-embebido
00:57:22 INFO    Enriquecido y descartado: 4W5ZG (arriendo de $3.597.240 sobre el máximo negociable de $1.904.000)
00:57:27 DEBUG   [toctoc] 1 avisos vía estado-embebido
00:57:27 INFO    Enriquecido y descartado: JKM2T (arriendo de $2.289.153 sobre el máximo negociable de $1.904.000)
00:57:35 DEBUG   [toctoc] 1 avisos vía estado-embebido
00:57:35 INFO    Enriquecido y descartado: 9JAPA (arriendo de $2.452.664 sobre el máximo negociable de $1.904.000)
00:57:41 DEBUG   [toctoc] 1 avisos vía estado-embebido
00:57:45 DEBUG   [toctoc] 1 avisos vía estado-embebido
00:57:50 DEBUG   [toctoc] 1 avisos vía estado-embebido
00:57:55 DEBUG   [toctoc] 1 avisos vía estado-embebido
00:58:00 DEBUG   [toctoc] 1 avisos vía estado-embebido
00:58:01 DEBUG   [mitula] 3 avisos vía tarjetas
00:58:06 DEBUG   [toctoc] 1 avisos vía estado-embebido
00:58:13 DEBUG   [toctoc] 1 avisos vía estado-embebido
00:58:17 INFO    Enriquecido y descartado: 75BRH (arriendo de $4.299.009 sobre el máximo negociable de $1.904.000)
00:58:21 INFO    Fichas leídas: 76 — 5 ganaron el año, 11 la dirección; 26 se descartaron al verlas (1 por viejos)
00:58:22 INFO    Listo: 0 avisados de 50 candidatos
