21:37:03 INFO    UF = $41.122.74 (API del día)
21:37:03 INFO    Barriendo TocToc (toctoc)…
21:37:03 INFO    Barriendo Chilepropiedades (chilepropiedades)…
21:37:03 INFO    Barriendo GoPlaceIt (goplaceit)…
21:37:03 INFO    Barriendo Yapo (yapo)…
21:37:03 WARNING https://www.yapo.cl/bienes-raices-alquiler-apartamentos/region-metropolitana-vitacura respondió 403
21:37:03 INFO    [yapo] https://www.yapo.cl/bienes-raices-alquiler-apartamentos/region-metropolitana-vitacura rebotó al GET; se reintenta con navegador
21:37:04 DEBUG   [chilepropiedades] 10 avisos vía tarjetas
21:37:06 DEBUG   [chilepropiedades] 10 avisos vía tarjetas
21:37:08 DEBUG   [chilepropiedades] 10 avisos vía tarjetas
21:37:08 INFO      chilepropiedades: 30 avisos en 5s
21:37:08 INFO    Barriendo BuscoNido (busconido)…
21:37:08 DEBUG   [goplaceit] 30 avisos vía json-ld
21:37:09 DEBUG   [busconido] 23 avisos vía tarjetas
21:37:09 INFO      busconido: 23 avisos en 1s
21:37:09 INFO    Barriendo BienesOnline (bienesonline)…
21:37:10 DEBUG   [bienesonline] 11 avisos vía tarjetas
21:37:10 INFO      bienesonline: 11 avisos en 1s
21:37:10 INFO    Barriendo Economicos (El Mercurio) (economicos)…
21:37:10 WARNING https://www.economicos.cl/search/propiedades/vitacura/arriendo/departamento/0 respondió 403
21:37:10 INFO    [economicos] https://www.economicos.cl/search/propiedades/vitacura/arriendo/departamento/0 rebotó al GET; se reintenta con navegador
21:37:11 DEBUG   [toctoc] 20 avisos vía json-ld
21:37:14 DEBUG   La red no quedó en silencio en https://www.yapo.cl/bienes-raices-alquiler-apartamentos/region-metropolitana-vitacura; se lee igual
21:37:15 INFO      yapo: 0 avisos en 12s
21:37:15 INFO    Barriendo iCasas (icasas)…
21:37:15 DEBUG   [icasas] 15 avisos vía tarjetas
21:37:16 INFO      economicos: 0 avisos en 6s
21:37:16 INFO    Barriendo Doomos (doomos)…
21:37:17 DEBUG   [icasas] 15 avisos vía tarjetas
21:37:17 INFO      icasas: 30 avisos en 3s
21:37:17 INFO    Barriendo Top Propiedades (toppropiedades)…
21:37:20 DEBUG   [doomos] 32 avisos vía tarjetas
21:37:20 INFO      doomos: 32 avisos en 5s
21:37:20 INFO    Barriendo Nuroa (nuroa)…
21:37:21 DEBUG   Encoding detection: ascii is most likely the one.
21:37:21 DEBUG   [toppropiedades] 1 avisos vía json-ld
21:37:22 DEBUG   [nuroa] 25 avisos vía json-ld
21:37:22 DEBUG   La red no quedó en silencio en https://www.toctoc.com/arriendo/departamento/metropolitana/vitacura/3-dormitorios?pagina=2; se lee igual
21:37:23 DEBUG   [toppropiedades] 1 avisos vía json-ld
21:37:24 DEBUG   [nuroa] 25 avisos vía json-ld
21:37:24 DEBUG   [toctoc] 20 avisos vía json-ld
21:37:25 DEBUG   [toppropiedades] 1 avisos vía json-ld
21:37:26 DEBUG   [nuroa] 25 avisos vía json-ld
21:37:27 DEBUG   [toppropiedades] 1 avisos vía json-ld
21:37:28 DEBUG   [nuroa] 25 avisos vía json-ld
21:37:28 INFO      nuroa: 100 avisos en 8s
21:37:28 INFO    Barriendo Mitula (mitula)…
21:37:29 DEBUG   [toppropiedades] 1 avisos vía json-ld
21:37:30 DEBUG   [mitula] 30 avisos vía json-ld
21:37:31 DEBUG   La red no quedó en silencio en https://www.toctoc.com/arriendo/departamento/metropolitana/vitacura/3-dormitorios?pagina=3; se lee igual
21:37:31 DEBUG   [toppropiedades] 1 avisos vía json-ld
21:37:32 DEBUG   [mitula] 30 avisos vía json-ld
21:37:32 INFO      mitula: 60 avisos en 4s
21:37:32 INFO    Barriendo Houm (houm)…
21:37:32 DEBUG   [toctoc] 20 avisos vía json-ld
21:37:34 DEBUG   [toppropiedades] 1 avisos vía json-ld
21:37:35 DEBUG   [toppropiedades] 1 avisos vía json-ld
21:37:35 INFO      toppropiedades: 8 avisos en 18s
21:37:35 INFO    Barriendo Hey! Homes (heyhomes)…
21:37:38 DEBUG   [heyhomes] 9 avisos vía tarjetas
21:37:38 INFO      heyhomes: 9 avisos en 2s
21:37:38 INFO    Barriendo Engel & Völkers (engelvoelkers)…
21:37:40 DEBUG   La red no quedó en silencio en https://houm.com/cl/arriendo-departamentos-region-metropolitana/vitacura/3-dormitorios; se lee igual
21:37:40 DEBUG   [houm] 28 avisos vía json-ld
21:37:41 DEBUG   La red no quedó en silencio en https://www.toctoc.com/arriendo/departamento/metropolitana/vitacura/4-dormitorios; se lee igual
21:37:41 DEBUG   [toctoc] 20 avisos vía json-ld
21:37:45 DEBUG   [engelvoelkers] 17 avisos vía tarjetas
21:37:45 INFO      engelvoelkers: 17 avisos en 8s
21:37:45 INFO    Barriendo RE/MAX Chile (remax)…
21:37:51 DEBUG   La red no quedó en silencio en https://houm.com/cl/arriendo-departamento-región-metropolitana/las-condes/170742; se lee igual
21:37:52 DEBUG   [houm] 1 avisos vía estado-embebido
21:37:52 DEBUG   La red no quedó en silencio en https://www.toctoc.com/arriendo/departamento/metropolitana/vitacura/4-dormitorios?pagina=2; se lee igual
21:37:53 DEBUG   [toctoc] 20 avisos vía json-ld
21:37:55 DEBUG   [goplaceit] 30 avisos vía json-ld
21:37:56 INFO      remax: 0 avisos en 11s
21:37:56 INFO    Barriendo Fuenzalida Propiedades (fuenzalida)…
21:37:58 DEBUG   [fuenzalida] 16 avisos vía tarjetas
21:38:00 DEBUG   [fuenzalida] 20 avisos vía tarjetas
21:38:02 DEBUG   La red no quedó en silencio en https://houm.com/cl/arriendo-departamento-región-metropolitana/ñuñoa/181066; se lee igual
21:38:02 DEBUG   [fuenzalida] 20 avisos vía tarjetas
21:38:02 INFO      fuenzalida: 56 avisos en 6s
21:38:02 INFO    Barriendo Century 21 Chile (century21)…
21:38:02 DEBUG   [houm] 1 avisos vía estado-embebido
21:38:03 DEBUG   [toctoc] 20 avisos vía json-ld
21:38:03 INFO      toctoc: 120 avisos en 60s
21:38:03 INFO    Barriendo Property Partners (propertypartners)…
21:38:03 DEBUG   [propertypartners] 1 avisos vía tarjetas
21:38:03 INFO      propertypartners: 1 avisos en 0s
21:38:03 INFO    Barriendo Acceso Inmobiliario (accesoinmobiliario)…
21:38:04 INFO      century21: 0 avisos en 2s
21:38:04 INFO    Barriendo Magnolia Property (magnoliaproperty)…
21:38:05 DEBUG   [magnoliaproperty] 8 avisos vía tarjetas
21:38:05 INFO      magnoliaproperty: 8 avisos en 1s
21:38:05 INFO    Barriendo Portilla Propiedades (portillapropiedades)…
21:38:05 DEBUG   [portillapropiedades] 2 avisos vía tarjetas
21:38:05 INFO      portillapropiedades: 2 avisos en 1s
21:38:05 INFO    Barriendo Nativo Propiedades (nativopropiedades)…
21:38:06 DEBUG   [nativopropiedades] 10 avisos vía tarjetas
21:38:06 INFO      nativopropiedades: 10 avisos en 1s
21:38:06 INFO    Barriendo Enlace Inmobiliario (enlaceinmobiliario)…
21:38:06 WARNING https://www.enlaceinmobiliario.cl/ respondió 403
21:38:06 INFO    [enlaceinmobiliario] https://www.enlaceinmobiliario.cl/ rebotó al GET; se reintenta con navegador
21:38:09 DEBUG   [accesoinmobiliario] 15 avisos vía tarjetas
21:38:10 DEBUG   La red no quedó en silencio en https://houm.com/cl/arriendo-departamento-región-metropolitana/providencia/181498; se lee igual
21:38:11 DEBUG   [houm] 1 avisos vía estado-embebido
21:38:16 DEBUG   La red no quedó en silencio en https://www.enlaceinmobiliario.cl/; se lee igual
21:38:16 INFO      enlaceinmobiliario: 0 avisos en 10s
21:38:16 INFO    Barriendo Rentas.cl (rentas_cl)…
21:38:17 DEBUG   [accesoinmobiliario] 1 avisos vía tarjetas
21:38:18 DEBUG   [rentas_cl] 1 avisos vía json-ld
21:38:18 INFO      rentas_cl: 1 avisos en 2s
21:38:18 INFO    Barriendo Arriendos.cl (arriendos_cl)…
21:38:19 DEBUG   [arriendos_cl] 3 avisos vía tarjetas
21:38:19 INFO      arriendos_cl: 3 avisos en 1s
21:38:19 INFO    Barriendo Propiedades.cl (propiedades_cl)…
21:38:20 DEBUG   [propiedades_cl] 6 avisos vía tarjetas
21:38:20 INFO      propiedades_cl: 6 avisos en 1s
21:38:20 INFO    Barriendo Clasificados.cl (clasificados_cl)…
21:38:22 DEBUG   [clasificados_cl] 1 avisos vía tarjetas
21:38:22 INFO      clasificados_cl: 1 avisos en 2s
21:38:23 DEBUG   La red no quedó en silencio en https://houm.com/cl/arriendo-departamento-región-metropolitana/lo-barnechea/74201; se lee igual
21:38:24 DEBUG   [houm] 1 avisos vía estado-embebido
21:38:33 DEBUG   La red no quedó en silencio en https://houm.com/cl/arriendo-departamento-región-metropolitana/recoleta/178185; se lee igual
21:38:33 DEBUG   [houm] 1 avisos vía estado-embebido
21:38:42 DEBUG   [goplaceit] 30 avisos vía json-ld
21:38:42 DEBUG   La red no quedó en silencio en https://houm.com/cl/arriendo-departamento-región-metropolitana/recoleta/176207; se lee igual
21:38:42 DEBUG   [houm] 1 avisos vía estado-embebido
21:38:52 DEBUG   La red no quedó en silencio en https://houm.com/cl/arriendo-departamento-región-metropolitana/las-condes/177842; se lee igual
21:38:52 DEBUG   [houm] 1 avisos vía estado-embebido
21:38:54 DEBUG   [accesoinmobiliario] 1 avisos vía tarjetas
21:38:54 INFO      accesoinmobiliario: 17 avisos en 50s
21:39:00 DEBUG   La red no quedó en silencio en https://houm.com/cl/arriendo-departamento-región-metropolitana/recoleta/176958; se lee igual
21:39:00 DEBUG   [houm] 1 avisos vía estado-embebido
21:39:00 INFO      houm: 36 avisos en 88s
21:39:09 INFO      goplaceit: 90 avisos en 126s
21:39:09 INFO    Total crudo: 671 avisos
21:39:10 INFO    Después de deduplicar: 453
21:39:10 INFO    Pasaron los filtros: 59
21:39:50 WARNING Error en https://www.doomos.cl/de/1465886_arriendo-departamento-en-av-kennedy-vitacura.html (intento 1/3): HTTPSConnectionPool(host='www.doomos.cl', port=443): Read timed out. (read timeout=20)
21:40:12 WARNING Error en https://www.doomos.cl/de/1465886_arriendo-departamento-en-av-kennedy-vitacura.html (intento 2/3): HTTPSConnectionPool(host='www.doomos.cl', port=443): Read timed out. (read timeout=20)
21:40:36 WARNING Error en https://www.doomos.cl/de/1465886_arriendo-departamento-en-av-kennedy-vitacura.html (intento 3/3): HTTPSConnectionPool(host='www.doomos.cl', port=443): Read timed out. (read timeout=20)
21:40:37 DEBUG   Ficha de HW5MX sin candidato propio; no se fusiona
21:40:57 WARNING Error en https://www.doomos.cl/de/2168986_lindo-y-acogedor-depto-vista-despejada-vitacura.html (intento 1/3): HTTPSConnectionPool(host='www.doomos.cl', port=443): Read timed out. (read timeout=20)
21:41:19 WARNING Error en https://www.doomos.cl/de/2168986_lindo-y-acogedor-depto-vista-despejada-vitacura.html (intento 2/3): HTTPSConnectionPool(host='www.doomos.cl', port=443): Read timed out. (read timeout=20)
21:41:44 WARNING Error en https://www.doomos.cl/de/2168986_lindo-y-acogedor-depto-vista-despejada-vitacura.html (intento 3/3): HTTPSConnectionPool(host='www.doomos.cl', port=443): Read timed out. (read timeout=20)
21:42:04 WARNING Error en https://www.doomos.cl/de/1379469_vitacura-depto-amoblado-3-dorm-2-banos-ser-y-estar.html (intento 1/3): HTTPSConnectionPool(host='www.doomos.cl', port=443): Read timed out. (read timeout=20)
21:42:26 WARNING Error en https://www.doomos.cl/de/1379469_vitacura-depto-amoblado-3-dorm-2-banos-ser-y-estar.html (intento 2/3): HTTPSConnectionPool(host='www.doomos.cl', port=443): Read timed out. (read timeout=20)
21:42:50 WARNING Error en https://www.doomos.cl/de/1379469_vitacura-depto-amoblado-3-dorm-2-banos-ser-y-estar.html (intento 3/3): HTTPSConnectionPool(host='www.doomos.cl', port=443): Read timed out. (read timeout=20)
21:43:10 WARNING Error en https://www.doomos.cl/de/1379469_vitacura-depto-amoblado-3-dorm-2-banos-ser-y-estar.html (intento 1/3): HTTPSConnectionPool(host='www.doomos.cl', port=443): Read timed out. (read timeout=20)
21:43:32 WARNING Error en https://www.doomos.cl/de/1379469_vitacura-depto-amoblado-3-dorm-2-banos-ser-y-estar.html (intento 2/3): HTTPSConnectionPool(host='www.doomos.cl', port=443): Read timed out. (read timeout=20)
21:43:56 WARNING Error en https://www.doomos.cl/de/1379469_vitacura-depto-amoblado-3-dorm-2-banos-ser-y-estar.html (intento 3/3): HTTPSConnectionPool(host='www.doomos.cl', port=443): Read timed out. (read timeout=20)
21:44:16 WARNING Error en https://www.doomos.cl/de/3060819_arriendo-departamento-2hab-2ba-vitacura.html (intento 1/3): HTTPSConnectionPool(host='www.doomos.cl', port=443): Read timed out. (read timeout=20)
21:44:38 WARNING Error en https://www.doomos.cl/de/3060819_arriendo-departamento-2hab-2ba-vitacura.html (intento 2/3): HTTPSConnectionPool(host='www.doomos.cl', port=443): Read timed out. (read timeout=20)
21:45:02 WARNING Error en https://www.doomos.cl/de/3060819_arriendo-departamento-2hab-2ba-vitacura.html (intento 3/3): HTTPSConnectionPool(host='www.doomos.cl', port=443): Read timed out. (read timeout=20)
21:45:22 WARNING Error en https://www.doomos.cl/de/2168989_estupendo-depto-excelente-ubicacion-vitacura.html (intento 1/3): HTTPSConnectionPool(host='www.doomos.cl', port=443): Read timed out. (read timeout=20)
21:45:44 WARNING Error en https://www.doomos.cl/de/2168989_estupendo-depto-excelente-ubicacion-vitacura.html (intento 2/3): HTTPSConnectionPool(host='www.doomos.cl', port=443): Read timed out. (read timeout=20)
21:46:08 WARNING Error en https://www.doomos.cl/de/2168989_estupendo-depto-excelente-ubicacion-vitacura.html (intento 3/3): HTTPSConnectionPool(host='www.doomos.cl', port=443): Read timed out. (read timeout=20)
21:46:11 DEBUG   Pin del mapa para BZYS3: -33.41862, -70.57031
21:46:11 DEBUG   [accesoinmobiliario] 1 avisos vía tarjetas
21:46:11 INFO    Enriquecido y descartado: BZYS3 (Las Condes a 4.2 km, fuera del anillo de 1.2 km)
21:46:12 DEBUG   Pin del mapa para SA89J: -33.39915, -70.55461
21:46:12 INFO    Enriquecido y descartado: SA89J (Las Condes a 2.1 km, fuera del anillo de 1.2 km)
21:46:13 DEBUG   [busconido] 11 avisos vía tarjetas
21:46:13 DEBUG   Ficha de XF8YT sin candidato propio; no se fusiona
21:46:15 DEBUG   [busconido] 11 avisos vía tarjetas
21:46:15 DEBUG   Ficha de TRUK6 sin candidato propio; no se fusiona
21:46:35 WARNING Error en https://www.doomos.cl/de/3070749_arriendo-departamento-3hab-3ba-vitacura.html (intento 1/3): HTTPSConnectionPool(host='www.doomos.cl', port=443): Read timed out. (read timeout=20)
21:46:57 WARNING Error en https://www.doomos.cl/de/3070749_arriendo-departamento-3hab-3ba-vitacura.html (intento 2/3): HTTPSConnectionPool(host='www.doomos.cl', port=443): Read timed out. (read timeout=20)
21:47:21 WARNING Error en https://www.doomos.cl/de/3070749_arriendo-departamento-3hab-3ba-vitacura.html (intento 3/3): HTTPSConnectionPool(host='www.doomos.cl', port=443): Read timed out. (read timeout=20)
21:47:26 DEBUG   [engelvoelkers] 1 avisos vía json-ld
21:47:27 DEBUG   [busconido] 10 avisos vía tarjetas
21:47:27 DEBUG   Ficha de NDNQ5 sin candidato propio; no se fusiona
21:47:29 DEBUG   [busconido] 10 avisos vía tarjetas
21:47:29 DEBUG   Ficha de 86J52 sin candidato propio; no se fusiona
21:47:31 DEBUG   [busconido] 10 avisos vía tarjetas
21:47:31 DEBUG   Ficha de NQ2WW sin candidato propio; no se fusiona
21:47:33 DEBUG   [busconido] 10 avisos vía tarjetas
21:47:33 DEBUG   Ficha de JUQ7R sin candidato propio; no se fusiona
21:47:35 DEBUG   [busconido] 11 avisos vía tarjetas
21:47:35 DEBUG   Ficha de 2NXG9 sin candidato propio; no se fusiona
21:47:37 DEBUG   [busconido] 11 avisos vía tarjetas
21:47:37 DEBUG   Ficha de CSK9N sin candidato propio; no se fusiona
21:47:41 INFO    Enriquecido y descartado: YAVJA (arriendo de $3.517.371 sobre el máximo negociable de $1.904.000)
21:47:53 INFO    Enriquecido y descartado: CC2AY (arriendo de $2.032.258 sobre el máximo negociable de $1.904.000)
21:47:54 DEBUG   [busconido] 11 avisos vía tarjetas
21:47:54 DEBUG   Ficha de 75TZH sin candidato propio; no se fusiona
21:47:54 DEBUG   Ficha de HMZCQ sin candidato propio; no se fusiona
21:48:15 WARNING Error en https://www.doomos.cl/de/1465886_arriendo-departamento-en-av-kennedy-vitacura.html (intento 1/3): HTTPSConnectionPool(host='www.doomos.cl', port=443): Read timed out. (read timeout=20)
21:48:37 WARNING Error en https://www.doomos.cl/de/1465886_arriendo-departamento-en-av-kennedy-vitacura.html (intento 2/3): HTTPSConnectionPool(host='www.doomos.cl', port=443): Read timed out. (read timeout=20)
21:49:01 WARNING Error en https://www.doomos.cl/de/1465886_arriendo-departamento-en-av-kennedy-vitacura.html (intento 3/3): HTTPSConnectionPool(host='www.doomos.cl', port=443): Read timed out. (read timeout=20)
21:49:01 WARNING robots.txt no permite https://www.nuroa.cl/adform/10342-912-101d5-1a0ff48-a45a-2e1434470692-7ad1?click_type=0&pos=5&searchType=1&page=2&section=1&t_sec=1&sectionType=1&pageViewId=50915fb8-d67b-44c3-8c40-09f2bce70694&t_pvid=50915fb8-d67b-44c3-8c40-09f2bce70694&userAgent=Mozilla%2F5.0+%28compatible%3B+radar-arriendos%2F1.0%3B+uso+personal%2C+busqueda+de+arriendo%3B+%2Bhttps%3A%2F%2Fgithub.com%2Falfonsoandona%2Farriendos-vitacura%29&browser=1&isHuman=true&userIp=20.55.223.214&what=vitacura+departamento&search_terms=vitacura+departamento&origin=1&t_or=1&splitTestId=0 — se omite
21:49:13 DEBUG   [engelvoelkers] 1 avisos vía json-ld
21:49:33 WARNING Error en https://www.doomos.cl/de/2168989_estupendo-depto-excelente-ubicacion-vitacura.html (intento 1/3): HTTPSConnectionPool(host='www.doomos.cl', port=443): Read timed out. (read timeout=20)
21:49:55 WARNING Error en https://www.doomos.cl/de/2168989_estupendo-depto-excelente-ubicacion-vitacura.html (intento 2/3): HTTPSConnectionPool(host='www.doomos.cl', port=443): Read timed out. (read timeout=20)
21:50:19 WARNING Error en https://www.doomos.cl/de/2168989_estupendo-depto-excelente-ubicacion-vitacura.html (intento 3/3): HTTPSConnectionPool(host='www.doomos.cl', port=443): Read timed out. (read timeout=20)
21:50:23 WARNING robots.txt no permite https://www.nuroa.cl/adform/10342-912-bb8f-1a0f9f6-abb2-77f6c1d45b3f-7ce9?click_type=0&pos=13&searchType=2&page=2&section=1&t_sec=1&sectionType=1&pageViewId=50915fb8-d67b-44c3-8c40-09f2bce70694&t_pvid=50915fb8-d67b-44c3-8c40-09f2bce70694&userAgent=Mozilla%2F5.0+%28compatible%3B+radar-arriendos%2F1.0%3B+uso+personal%2C+busqueda+de+arriendo%3B+%2Bhttps%3A%2F%2Fgithub.com%2Falfonsoandona%2Farriendos-vitacura%29&browser=1&isHuman=true&userIp=20.55.223.214&what=vitacura+departamento&search_terms=vitacura+departamento&origin=1&t_or=1&splitTestId=0 — se omite
21:50:23 WARNING robots.txt no permite https://www.nuroa.cl/adform/10342-912-528e-1a0d39b-b6ec-29592751fa14-7dbc?click_type=0&pos=19&searchType=2&page=2&section=1&t_sec=1&sectionType=1&pageViewId=50915fb8-d67b-44c3-8c40-09f2bce70694&t_pvid=50915fb8-d67b-44c3-8c40-09f2bce70694&userAgent=Mozilla%2F5.0+%28compatible%3B+radar-arriendos%2F1.0%3B+uso+personal%2C+busqueda+de+arriendo%3B+%2Bhttps%3A%2F%2Fgithub.com%2Falfonsoandona%2Farriendos-vitacura%29&browser=1&isHuman=true&userIp=20.55.223.214&what=vitacura+departamento&search_terms=vitacura+departamento&origin=1&t_or=1&splitTestId=0 — se omite
21:50:24 DEBUG   [mitula] 3 avisos vía tarjetas
21:50:29 DEBUG   [toctoc] 1 avisos vía estado-embebido
21:50:52 INFO    Enriquecido y descartado: 75BRH (arriendo de $2.149.504 sobre el máximo negociable de $1.904.000)
21:50:56 INFO    Enriquecido y descartado: 75BRH (arriendo de $1.954.095 sobre el máximo negociable de $1.904.000)
21:51:13 DEBUG   [toctoc] 1 avisos vía estado-embebido
21:51:14 DEBUG   [magnoliaproperty] 2 avisos vía tarjetas
21:51:14 INFO    Enriquecido y descartado: TW38B (arriendo de $3.084.205 sobre el máximo negociable de $1.904.000)
21:51:18 WARNING robots.txt no permite https://www.nuroa.cl/adform/10342-912-3e9b-1a0e30e-bd4c-4f30fb45531b-7a22?click_type=0&pos=8&searchType=1&page=2&section=1&t_sec=1&sectionType=1&pageViewId=50915fb8-d67b-44c3-8c40-09f2bce70694&t_pvid=50915fb8-d67b-44c3-8c40-09f2bce70694&userAgent=Mozilla%2F5.0+%28compatible%3B+radar-arriendos%2F1.0%3B+uso+personal%2C+busqueda+de+arriendo%3B+%2Bhttps%3A%2F%2Fgithub.com%2Falfonsoandona%2Farriendos-vitacura%29&browser=1&isHuman=true&userIp=20.55.223.214&what=vitacura+departamento&search_terms=vitacura+departamento&origin=1&t_or=1&splitTestId=0 — se omite
21:51:18 WARNING robots.txt no permite https://www.nuroa.cl/adform/10342-912-e7f8-1a0a016-97e0-4460cb69457-7a3c?click_type=0&pos=12&searchType=1&page=4&section=1&t_sec=1&sectionType=1&pageViewId=85c9b118-9b31-4df6-ba31-8a4cac3f860a&t_pvid=85c9b118-9b31-4df6-ba31-8a4cac3f860a&userAgent=Mozilla%2F5.0+%28compatible%3B+radar-arriendos%2F1.0%3B+uso+personal%2C+busqueda+de+arriendo%3B+%2Bhttps%3A%2F%2Fgithub.com%2Falfonsoandona%2Farriendos-vitacura%29&browser=1&isHuman=true&userIp=20.55.223.214&what=vitacura+departamento&search_terms=vitacura+departamento&origin=1&t_or=1&splitTestId=0 — se omite
21:51:22 DEBUG   [toctoc] 1 avisos vía estado-embebido
21:51:26 INFO    Enriquecido y descartado: 75BRH (arriendo de $4.299.009 sobre el máximo negociable de $1.904.000)
21:51:31 INFO    Fichas leídas: 59 — 4 ganaron el año, 0 la dirección; 8 se descartaron al verlas (0 por viejos)
21:51:32 DEBUG   [mitula] 3 avisos vía tarjetas
21:51:34 INFO    Listo: 2 avisados de 51 candidatos
