01:08:26 INFO    UF = $41.024.46 (API del día)
01:08:26 INFO    Barriendo TocToc (toctoc)…
01:08:26 INFO    Barriendo Chilepropiedades (chilepropiedades)…
01:08:26 INFO    Barriendo GoPlaceIt (goplaceit)…
01:08:26 INFO    Barriendo Yapo (yapo)…
01:08:27 WARNING https://www.yapo.cl/bienes-raices-alquiler-apartamentos/region-metropolitana-vitacura respondió 403
01:08:27 INFO    [yapo] https://www.yapo.cl/bienes-raices-alquiler-apartamentos/region-metropolitana-vitacura rebotó al GET; se reintenta con navegador
01:08:27 DEBUG   [chilepropiedades] 10 avisos vía tarjetas
01:08:29 DEBUG   [chilepropiedades] 10 avisos vía tarjetas
01:08:31 DEBUG   [chilepropiedades] 10 avisos vía tarjetas
01:08:31 INFO      chilepropiedades: 30 avisos en 5s
01:08:31 INFO    Barriendo BuscoNido (busconido)…
01:08:31 DEBUG   [goplaceit] 30 avisos vía json-ld
01:08:32 DEBUG   [busconido] 23 avisos vía tarjetas
01:08:32 INFO      busconido: 23 avisos en 1s
01:08:32 INFO    Barriendo BienesOnline (bienesonline)…
01:08:33 DEBUG   [bienesonline] 17 avisos vía tarjetas
01:08:33 INFO      bienesonline: 17 avisos en 1s
01:08:33 INFO    Barriendo Economicos (El Mercurio) (economicos)…
01:08:33 WARNING https://www.economicos.cl/search/propiedades/vitacura/arriendo/departamento/0 respondió 403
01:08:33 INFO    [economicos] https://www.economicos.cl/search/propiedades/vitacura/arriendo/departamento/0 rebotó al GET; se reintenta con navegador
01:08:36 DEBUG   La red no quedó en silencio en https://www.toctoc.com/arriendo/departamento/metropolitana/vitacura/3-dormitorios; se lee igual
01:08:36 DEBUG   [toctoc] 62 avisos vía json-ld
01:08:38 DEBUG   La red no quedó en silencio en https://www.yapo.cl/bienes-raices-alquiler-apartamentos/region-metropolitana-vitacura; se lee igual
01:08:38 INFO      yapo: 0 avisos en 12s
01:08:38 INFO    Barriendo iCasas (icasas)…
01:08:39 DEBUG   [icasas] 15 avisos vía tarjetas
01:08:39 INFO      economicos: 0 avisos en 7s
01:08:39 INFO    Barriendo Doomos (doomos)…
01:08:41 DEBUG   [icasas] 15 avisos vía tarjetas
01:08:41 INFO      icasas: 30 avisos en 3s
01:08:41 INFO    Barriendo Top Propiedades (toppropiedades)…
01:08:41 DEBUG   [doomos] 32 avisos vía tarjetas
01:08:41 INFO      doomos: 32 avisos en 2s
01:08:41 INFO    Barriendo Nuroa (nuroa)…
01:08:42 DEBUG   Encoding detection: ascii is most likely the one.
01:08:43 DEBUG   [nuroa] 25 avisos vía json-ld
01:08:44 DEBUG   [toppropiedades] 1 avisos vía json-ld
01:08:45 DEBUG   [nuroa] 25 avisos vía json-ld
01:08:46 DEBUG   La red no quedó en silencio en https://www.toctoc.com/arriendo/departamento/metropolitana/vitacura/3-dormitorios?pagina=2; se lee igual
01:08:46 DEBUG   [toppropiedades] 1 avisos vía json-ld
01:08:47 DEBUG   [toctoc] 61 avisos vía json-ld
01:08:47 DEBUG   [nuroa] 25 avisos vía json-ld
01:08:48 DEBUG   [toppropiedades] 1 avisos vía json-ld
01:08:49 DEBUG   [nuroa] 25 avisos vía json-ld
01:08:49 INFO      nuroa: 100 avisos en 8s
01:08:49 INFO    Barriendo Mitula (mitula)…
01:08:51 DEBUG   [mitula] 30 avisos vía json-ld
01:08:51 DEBUG   [toppropiedades] 1 avisos vía json-ld
01:08:53 DEBUG   [mitula] 30 avisos vía json-ld
01:08:53 INFO      mitula: 60 avisos en 4s
01:08:53 INFO    Barriendo Houm (houm)…
01:08:53 DEBUG   [toppropiedades] 1 avisos vía json-ld
01:08:54 DEBUG   La red no quedó en silencio en https://www.toctoc.com/arriendo/departamento/metropolitana/vitacura/3-dormitorios?pagina=3; se lee igual
01:08:54 DEBUG   [toppropiedades] 1 avisos vía json-ld
01:08:56 DEBUG   [toppropiedades] 1 avisos vía json-ld
01:08:57 WARNING [toctoc] https://www.toctoc.com/arriendo/departamento/metropolitana/vitacura/3-dormitorios?pagina=3 falló: Page.content: Unable to retrieve content because the page is navigating and changing the content.
01:08:58 DEBUG   [toppropiedades] 1 avisos vía json-ld
01:08:58 INFO      toppropiedades: 8 avisos en 18s
01:08:58 INFO    Barriendo Hey! Homes (heyhomes)…
01:09:01 DEBUG   [heyhomes] 9 avisos vía tarjetas
01:09:01 INFO      heyhomes: 9 avisos en 3s
01:09:01 INFO    Barriendo Engel & Völkers (engelvoelkers)…
01:09:04 DEBUG   La red no quedó en silencio en https://www.toctoc.com/arriendo/departamento/metropolitana/vitacura/4-dormitorios; se lee igual
01:09:04 DEBUG   La red no quedó en silencio en https://houm.com/cl/arriendo-departamentos-region-metropolitana/vitacura/3-dormitorios; se lee igual
01:09:04 DEBUG   [toctoc] 20 avisos vía json-ld
01:09:04 DEBUG   [houm] 28 avisos vía json-ld
01:09:08 DEBUG   [engelvoelkers] 16 avisos vía tarjetas
01:09:08 INFO      engelvoelkers: 16 avisos en 7s
01:09:08 INFO    Barriendo RE/MAX Chile (remax)…
01:09:15 DEBUG   [toctoc] 17 avisos vía json-ld
01:09:16 DEBUG   La red no quedó en silencio en https://houm.com/cl/arriendo-departamento-región-metropolitana/las-condes/170742; se lee igual
01:09:16 DEBUG   [houm] 1 avisos vía estado-embebido
01:09:18 DEBUG   [goplaceit] 30 avisos vía json-ld
01:09:19 INFO      remax: 0 avisos en 11s
01:09:19 INFO    Barriendo Fuenzalida Propiedades (fuenzalida)…
01:09:23 DEBUG   [fuenzalida] 16 avisos vía tarjetas
01:09:25 DEBUG   La red no quedó en silencio en https://www.toctoc.com/arriendo/departamento/metropolitana/vitacura/4-dormitorios?pagina=3; se lee igual
01:09:25 DEBUG   [toctoc] 20 avisos vía json-ld
01:09:25 WARNING   toctoc: Page.content: Unable to retrieve content because the page is navigating and changing the content.
01:09:25 INFO      toctoc: 180 avisos en 59s
01:09:25 INFO    Barriendo Century 21 Chile (century21)…
01:09:26 DEBUG   [fuenzalida] 20 avisos vía tarjetas
01:09:26 INFO      century21: 0 avisos en 1s
01:09:26 INFO    Barriendo Property Partners (propertypartners)…
01:09:27 DEBUG   La red no quedó en silencio en https://houm.com/cl/arriendo-departamento-región-metropolitana/las-condes/180318; se lee igual
01:09:27 DEBUG   [propertypartners] 1 avisos vía tarjetas
01:09:27 INFO      propertypartners: 1 avisos en 0s
01:09:27 INFO    Barriendo Acceso Inmobiliario (accesoinmobiliario)…
01:09:27 DEBUG   [houm] 1 avisos vía estado-embebido
01:09:29 DEBUG   [fuenzalida] 20 avisos vía tarjetas
01:09:29 INFO      fuenzalida: 56 avisos en 10s
01:09:29 INFO    Barriendo Magnolia Property (magnoliaproperty)…
01:09:30 DEBUG   [magnoliaproperty] 7 avisos vía tarjetas
01:09:30 INFO      magnoliaproperty: 7 avisos en 1s
01:09:30 INFO    Barriendo Portilla Propiedades (portillapropiedades)…
01:09:30 DEBUG   [portillapropiedades] 2 avisos vía tarjetas
01:09:30 INFO      portillapropiedades: 2 avisos en 0s
01:09:30 INFO    Barriendo Nativo Propiedades (nativopropiedades)…
01:09:31 DEBUG   [nativopropiedades] 10 avisos vía tarjetas
01:09:31 INFO      nativopropiedades: 10 avisos en 1s
01:09:31 INFO    Barriendo Enlace Inmobiliario (enlaceinmobiliario)…
01:09:31 WARNING https://www.enlaceinmobiliario.cl/ respondió 403
01:09:31 INFO    [enlaceinmobiliario] https://www.enlaceinmobiliario.cl/ rebotó al GET; se reintenta con navegador
01:09:32 DEBUG   [accesoinmobiliario] 16 avisos vía tarjetas
01:09:34 DEBUG   La red no quedó en silencio en https://houm.com/cl/arriendo-departamento-región-metropolitana/lo-barnechea/74201; se lee igual
01:09:34 DEBUG   [houm] 1 avisos vía estado-embebido
01:09:41 DEBUG   La red no quedó en silencio en https://www.enlaceinmobiliario.cl/; se lee igual
01:09:41 INFO      enlaceinmobiliario: 0 avisos en 10s
01:09:41 INFO    Barriendo Rentas.cl (rentas_cl)…
01:09:43 DEBUG   [rentas_cl] 1 avisos vía json-ld
01:09:43 INFO      rentas_cl: 1 avisos en 2s
01:09:43 INFO    Barriendo Arriendos.cl (arriendos_cl)…
01:09:44 INFO      arriendos_cl: 0 avisos en 1s
01:09:44 INFO    Barriendo Propiedades.cl (propiedades_cl)…
01:09:45 DEBUG   La red no quedó en silencio en https://houm.com/cl/arriendo-departamento-región-metropolitana/recoleta/179872; se lee igual
01:09:45 DEBUG   [propiedades_cl] 6 avisos vía tarjetas
01:09:45 INFO      propiedades_cl: 6 avisos en 1s
01:09:45 INFO    Barriendo Clasificados.cl (clasificados_cl)…
01:09:45 DEBUG   [houm] 1 avisos vía estado-embebido
01:09:48 DEBUG   [clasificados_cl] 1 avisos vía tarjetas
01:09:48 INFO      clasificados_cl: 1 avisos en 3s
01:09:54 DEBUG   La red no quedó en silencio en https://houm.com/cl/arriendo-departamento-región-metropolitana/recoleta/178185; se lee igual
01:09:54 DEBUG   [houm] 1 avisos vía estado-embebido
01:09:56 DEBUG   [accesoinmobiliario] 1 avisos vía tarjetas
01:10:02 DEBUG   La red no quedó en silencio en https://houm.com/cl/arriendo-departamento-región-metropolitana/recoleta/176207; se lee igual
01:10:02 DEBUG   [houm] 1 avisos vía estado-embebido
01:10:05 DEBUG   [goplaceit] 30 avisos vía json-ld
01:10:10 DEBUG   La red no quedó en silencio en https://houm.com/cl/arriendo-departamento-región-metropolitana/las-condes/177842; se lee igual
01:10:11 DEBUG   [houm] 1 avisos vía estado-embebido
01:10:13 DEBUG   [accesoinmobiliario] 1 avisos vía tarjetas
01:10:18 DEBUG   La red no quedó en silencio en https://houm.com/cl/arriendo-departamento-región-metropolitana/recoleta/176958; se lee igual
01:10:18 DEBUG   [houm] 1 avisos vía estado-embebido
01:10:18 INFO      houm: 36 avisos en 86s
01:10:23 DEBUG   [accesoinmobiliario] 1 avisos vía tarjetas
01:10:23 INFO      accesoinmobiliario: 19 avisos en 56s
01:10:34 INFO      goplaceit: 90 avisos en 128s
01:10:34 INFO    Total crudo: 734 avisos
01:10:34 INFO    Después de deduplicar: 504
01:10:35 INFO    Pasaron los filtros: 105
01:11:10 DEBUG   [doomos] 18 avisos vía tarjetas
01:11:10 DEBUG   Ficha de YVT22 sin candidato propio; no se fusiona
01:11:11 DEBUG   Ficha de HW5MX sin candidato propio; no se fusiona
01:11:12 DEBUG   [doomos] 27 avisos vía tarjetas
01:11:12 DEBUG   Ficha de U44VT sin candidato propio; no se fusiona
01:11:18 DEBUG   [doomos] 27 avisos vía tarjetas
01:11:18 DEBUG   Ficha de KNAE9 sin candidato propio; no se fusiona
01:11:23 DEBUG   [doomos] 27 avisos vía tarjetas
01:11:23 DEBUG   Ficha de PR3QK sin candidato propio; no se fusiona
01:11:27 DEBUG   [doomos] 27 avisos vía tarjetas
01:11:27 DEBUG   Ficha de 2HWEW sin candidato propio; no se fusiona
01:11:32 DEBUG   [doomos] 27 avisos vía tarjetas
01:11:32 DEBUG   Ficha de ZWNAN sin candidato propio; no se fusiona
01:11:37 DEBUG   Pin del mapa para U7H7K: -33.40089, -70.58253
01:11:37 DEBUG   [toctoc] 1 avisos vía estado-embebido
01:11:37 INFO    Enriquecido y descartado: U7H7K (arriendo de $2.010.199 sobre el máximo negociable de $1.904.000)
01:11:42 DEBUG   Pin del mapa para M8AQP: -33.39273, -70.55917
01:11:42 DEBUG   [toctoc] 1 avisos vía estado-embebido
01:11:42 INFO    Enriquecido y descartado: THCTF (arriendo de $2.502.492 sobre el máximo negociable de $1.904.000)
01:11:43 DEBUG   [busconido] 10 avisos vía tarjetas
01:11:43 DEBUG   Ficha de R75QV sin candidato propio; no se fusiona
01:11:44 DEBUG   [busconido] 10 avisos vía tarjetas
01:11:44 DEBUG   Ficha de ZMABA sin candidato propio; no se fusiona
01:11:46 DEBUG   [busconido] 10 avisos vía tarjetas
01:11:46 DEBUG   Ficha de TSEAH sin candidato propio; no se fusiona
01:11:48 DEBUG   [busconido] 11 avisos vía tarjetas
01:11:48 DEBUG   Ficha de ATMSQ sin candidato propio; no se fusiona
01:11:51 DEBUG   [doomos] 27 avisos vía tarjetas
01:11:51 DEBUG   Ficha de FQ6XQ sin candidato propio; no se fusiona
01:11:52 DEBUG   [busconido] 11 avisos vía tarjetas
01:11:52 DEBUG   Ficha de ZXPSV sin candidato propio; no se fusiona
01:11:54 DEBUG   [busconido] 10 avisos vía tarjetas
01:11:54 DEBUG   Ficha de 6CAQ3 sin candidato propio; no se fusiona
01:11:56 DEBUG   [busconido] 10 avisos vía tarjetas
01:11:56 DEBUG   Ficha de Y8JCM sin candidato propio; no se fusiona
01:11:58 DEBUG   [busconido] 10 avisos vía tarjetas
01:11:58 DEBUG   Ficha de 7J7C5 sin candidato propio; no se fusiona
01:12:02 DEBUG   [toctoc] 1 avisos vía estado-embebido
01:12:02 INFO    Enriquecido y descartado: HR46R (arriendo de $2.584.541 sobre el máximo negociable de $1.904.000)
01:12:02 DEBUG   [busconido] 11 avisos vía tarjetas
01:12:02 DEBUG   Ficha de UVY6H sin candidato propio; no se fusiona
01:12:06 INFO    Enriquecido y descartado: YAVJA (arriendo de $3.517.371 sobre el máximo negociable de $1.904.000)
01:12:11 DEBUG   [toctoc] 1 avisos vía estado-embebido
01:12:15 DEBUG   [toctoc] 1 avisos vía estado-embebido
01:12:15 INFO    Enriquecido y descartado: QVSRP (arriendo de $2.543.517 sobre el máximo negociable de $1.904.000)
01:12:19 DEBUG   Pin del mapa para EAZDB: -33.40383, -70.59820
01:12:19 DEBUG   [toctoc] 1 avisos vía estado-embebido
01:12:20 INFO    Enriquecido y descartado: 358CJ (arriendo de $4.717.813 sobre el máximo negociable de $1.904.000)
01:12:24 DEBUG   Pin del mapa para GDEV4: -33.40522, -70.59529
01:12:24 DEBUG   [toctoc] 1 avisos vía estado-embebido
01:12:24 INFO    Enriquecido y descartado: URZMS (arriendo de $3.600.000 sobre el máximo negociable de $1.904.000)
01:12:28 DEBUG   Pin del mapa para VB9ST: -33.38575, -70.56115
01:12:29 DEBUG   [toctoc] 1 avisos vía estado-embebido
01:12:29 INFO    Enriquecido y descartado: VZXBC (arriendo de $3.487.079 sobre el máximo negociable de $1.904.000)
01:12:34 DEBUG   Pin del mapa para M5RJ8: -33.39740, -70.57464
01:12:34 DEBUG   [toctoc] 1 avisos vía estado-embebido
01:12:34 INFO    Enriquecido y descartado: 6YDNS (arriendo de $3.076.834 sobre el máximo negociable de $1.904.000)
01:12:39 DEBUG   Pin del mapa para QZFXR: -33.37772, -70.57347
01:12:39 DEBUG   [toctoc] 1 avisos vía estado-embebido
01:12:39 INFO    Enriquecido y descartado: 379VW (arriendo de $2.748.639 sobre el máximo negociable de $1.904.000)
01:12:44 DEBUG   Pin del mapa para 4VJEF: -33.37100, -70.54310
01:12:44 DEBUG   [toctoc] 1 avisos vía estado-embebido
01:12:44 INFO    Enriquecido y descartado: EVN6W (arriendo de $4.020.397 sobre el máximo negociable de $1.904.000)
01:12:49 DEBUG   Pin del mapa para 7NV5U: -33.37816, -70.55767
01:12:49 DEBUG   [toctoc] 1 avisos vía estado-embebido
01:12:49 INFO    Enriquecido y descartado: 7NV5U (arriendo de $2.912.737 sobre el máximo negociable de $1.904.000)
01:12:53 DEBUG   Pin del mapa para MVQQV: -33.40571, -70.59718
01:12:53 DEBUG   [toctoc] 1 avisos vía estado-embebido
01:12:53 INFO    Enriquecido y descartado: DZCSP (arriendo de $3.281.957 sobre el máximo negociable de $1.904.000)
01:12:58 DEBUG   [toctoc] 1 avisos vía estado-embebido
01:12:58 INFO    Enriquecido y descartado: 29MKY (arriendo de $4.102.446 sobre el máximo negociable de $1.904.000)
01:13:02 DEBUG   [toctoc] 1 avisos vía estado-embebido
01:13:02 INFO    Enriquecido y descartado: A3DAT (arriendo de $4.512.691 sobre el máximo negociable de $1.904.000)
01:13:07 DEBUG   [toctoc] 1 avisos vía estado-embebido
01:13:07 INFO    Enriquecido y descartado: SNENN (arriendo de $4.512.691 sobre el máximo negociable de $1.904.000)
01:13:11 DEBUG   Pin del mapa para MMTCX: -33.39463, -70.59722
01:13:11 DEBUG   [toctoc] 1 avisos vía estado-embebido
01:13:11 INFO    Enriquecido y descartado: DUR7W (48 años (construido en 1978), sobre el máximo de 30)
01:13:20 DEBUG   Pin del mapa para SNVMM: -33.40320, -70.59258
01:13:20 DEBUG   [toctoc] 1 avisos vía estado-embebido
01:13:20 INFO    Enriquecido y descartado: W3RD8 (arriendo de $3.076.834 sobre el máximo negociable de $1.904.000)
01:13:24 DEBUG   Pin del mapa para 9YQR3: -33.37213, -70.54192
01:13:24 DEBUG   [toctoc] 1 avisos vía estado-embebido
01:13:24 INFO    Enriquecido y descartado: E9R23 (arriendo de $4.512.691 sobre el máximo negociable de $1.904.000)
01:13:30 DEBUG   Pin del mapa para ERRDS: -33.40255, -70.59464
01:13:31 DEBUG   [toctoc] 1 avisos vía estado-embebido
01:13:31 INFO    Enriquecido y descartado: TT59B (arriendo de $5.087.033 sobre el máximo negociable de $1.904.000)
01:13:34 INFO    Enriquecido y descartado: CC2AY (arriendo de $2.032.258 sobre el máximo negociable de $1.904.000)
01:13:39 DEBUG   [toctoc] 1 avisos vía estado-embebido
01:13:39 INFO    Enriquecido y descartado: SA9ZC (arriendo de $2.379.419 sobre el máximo negociable de $1.904.000)
01:13:44 DEBUG   [toctoc] 1 avisos vía estado-embebido
01:13:44 INFO    Enriquecido y descartado: 38X23 (arriendo de $2.953.761 sobre el máximo negociable de $1.904.000)
01:13:48 DEBUG   Pin del mapa para HCBT4: -33.40571, -70.59352
01:13:48 DEBUG   [toctoc] 1 avisos vía estado-embebido
01:13:48 INFO    Enriquecido y descartado: XGTG5 (45 años (construido en 1981), sobre el máximo de 30)
01:13:52 DEBUG   Pin del mapa para 3DU7Q: -33.40500, -70.59700
01:13:52 DEBUG   [toctoc] 1 avisos vía estado-embebido
01:13:52 INFO    Enriquecido y descartado: K7URV (arriendo de $2.871.712 sobre el máximo negociable de $1.904.000)
01:13:58 DEBUG   Pin del mapa para D2GPN: -33.39031, -70.59455
01:13:58 DEBUG   [toctoc] 1 avisos vía estado-embebido
01:13:58 INFO    Enriquecido y descartado: YNANX (arriendo de $3.281.957 sobre el máximo negociable de $1.904.000)
01:14:03 DEBUG   Pin del mapa para X3YFD: -33.40596, -70.59695
01:14:03 DEBUG   [toctoc] 1 avisos vía estado-embebido
01:14:03 INFO    Enriquecido y descartado: B5SVA (arriendo de $3.281.957 sobre el máximo negociable de $1.904.000)
01:14:07 DEBUG   Pin del mapa para VVV4B: -33.40500, -70.59700
01:14:08 DEBUG   [toctoc] 1 avisos vía estado-embebido
01:14:08 INFO    Enriquecido y descartado: K7URV (arriendo de $3.487.079 sobre el máximo negociable de $1.904.000)
01:14:12 DEBUG   Pin del mapa para JS3C5: -33.37683, -70.54385
01:14:12 DEBUG   [toctoc] 1 avisos vía estado-embebido
01:14:12 INFO    Enriquecido y descartado: 4JZ9G (arriendo de $1.969.174 sobre el máximo negociable de $1.904.000)
01:14:16 DEBUG   Pin del mapa para 5K2EU: -33.38400, -70.55700
01:14:16 DEBUG   [toctoc] 1 avisos vía estado-embebido
01:14:16 INFO    Enriquecido y descartado: RB4VK (arriendo de $2.707.614 sobre el máximo negociable de $1.904.000)
01:14:20 DEBUG   Pin del mapa para Q9CNR: -33.38895, -70.55647
01:14:20 DEBUG   [toctoc] 1 avisos vía estado-embebido
01:14:20 INFO    Enriquecido y descartado: JUGWX (arriendo de $2.174.296 sobre el máximo negociable de $1.904.000)
01:14:25 DEBUG   [toctoc] 1 avisos vía estado-embebido
01:14:25 INFO    Enriquecido y descartado: QTDYS (arriendo de $3.281.957 sobre el máximo negociable de $1.904.000)
01:14:29 DEBUG   [toctoc] 1 avisos vía estado-embebido
01:14:29 INFO    Enriquecido y descartado: B2N6Q (arriendo de $3.281.957 sobre el máximo negociable de $1.904.000)
01:14:33 DEBUG   [toctoc] 1 avisos vía estado-embebido
01:14:33 INFO    Enriquecido y descartado: XYCGS (arriendo de $2.420.443 sobre el máximo negociable de $1.904.000)
01:14:39 DEBUG   [toctoc] 1 avisos vía estado-embebido
01:14:39 INFO    Enriquecido y descartado: DNSPN (arriendo de $3.076.834 sobre el máximo negociable de $1.904.000)
01:14:42 DEBUG   [doomos] 18 avisos vía tarjetas
01:14:42 DEBUG   Ficha de J5JN4 sin candidato propio; no se fusiona
01:14:46 DEBUG   [toctoc] 1 avisos vía estado-embebido
01:14:54 DEBUG   [engelvoelkers] 1 avisos vía json-ld
01:14:58 DEBUG   [doomos] 27 avisos vía tarjetas
01:14:58 DEBUG   Ficha de P8XMT sin candidato propio; no se fusiona
01:15:02 DEBUG   [toctoc] 1 avisos vía estado-embebido
01:15:06 DEBUG   [chilepropiedades] 2 avisos vía json-ld
01:15:06 WARNING robots.txt no permite https://www.nuroa.cl/adform/10342-912-b45c-1a0ce6e-984c-ada286d9a1f6-77e4?click_type=0&pos=23&searchType=2&page=1&section=1&t_sec=1&sectionType=1&pageViewId=19b49155-39e0-4c38-ab7c-a036ef8a3b20&t_pvid=19b49155-39e0-4c38-ab7c-a036ef8a3b20&userAgent=Mozilla%2F5.0+%28compatible%3B+radar-arriendos%2F1.0%3B+uso+personal%2C+busqueda+de+arriendo%3B+%2Bhttps%3A%2F%2Fgithub.com%2Falfonsoandona%2Farriendos-vitacura%29&browser=1&isHuman=true&userIp=132.196.83.40&what=vitacura+departamento&search_terms=vitacura+departamento&origin=1&t_or=1&splitTestId=0 — se omite
01:15:11 DEBUG   [toctoc] 1 avisos vía estado-embebido
01:15:17 DEBUG   La red no quedó en silencio en https://www.toctoc.com/arriendo/departamento/metropolitana/vitacura/b_ed422a19d8fe7c5a675f79548ce59f765efd9391; se lee igual
01:15:18 DEBUG   [toctoc] 1 avisos vía estado-embebido
01:15:18 INFO    Enriquecido y descartado: 2VPS4 (arriendo de $4.020.397 sobre el máximo negociable de $1.904.000)
01:15:21 INFO    Enriquecido y descartado: 75BRH (arriendo de $2.931.142 sobre el máximo negociable de $1.904.000)
01:15:45 INFO    Enriquecido y descartado: 75BRH (arriendo de $2.149.504 sobre el máximo negociable de $1.904.000)
01:15:48 INFO    Enriquecido y descartado: 75BRH (arriendo de $1.954.095 sobre el máximo negociable de $1.904.000)
01:15:58 DEBUG   [toctoc] 1 avisos vía estado-embebido
01:15:58 INFO    Enriquecido y descartado: 6KA2M (arriendo de $3.076.834 sobre el máximo negociable de $1.904.000)
01:16:02 DEBUG   [toctoc] 1 avisos vía estado-embebido
01:16:02 INFO    Enriquecido y descartado: TN2VX (arriendo de $1.969.174 sobre el máximo negociable de $1.904.000)
01:16:14 DEBUG   [toctoc] 1 avisos vía estado-embebido
01:16:18 DEBUG   [toctoc] 1 avisos vía estado-embebido
01:16:18 INFO    Enriquecido y descartado: 4V73Z (arriendo de $4.717.813 sobre el máximo negociable de $1.904.000)
01:16:23 DEBUG   [toctoc] 1 avisos vía estado-embebido
01:16:23 INFO    Enriquecido y descartado: AGWHG (arriendo de $5.743.424 sobre el máximo negociable de $1.904.000)
01:16:28 DEBUG   [toctoc] 1 avisos vía estado-embebido
01:16:28 INFO    Enriquecido y descartado: 8YSPF (arriendo de $4.500.000 sobre el máximo negociable de $1.904.000)
01:16:32 DEBUG   [toctoc] 1 avisos vía estado-embebido
01:16:32 INFO    Enriquecido y descartado: J5A6C (arriendo de $3.487.079 sobre el máximo negociable de $1.904.000)
01:16:37 DEBUG   [toctoc] 1 avisos vía estado-embebido
01:16:37 INFO    Enriquecido y descartado: 5ESQB (arriendo de $4.512.691 sobre el máximo negociable de $1.904.000)
01:16:45 DEBUG   [toctoc] 1 avisos vía estado-embebido
01:16:45 INFO    Enriquecido y descartado: 9JAPA (arriendo de $2.461.468 sobre el máximo negociable de $1.904.000)
01:16:50 DEBUG   [toctoc] 1 avisos vía estado-embebido
01:16:50 INFO    Enriquecido y descartado: KWC9W (arriendo de $3.082.000 sobre el máximo negociable de $1.904.000)
01:16:50 WARNING robots.txt no permite https://www.nuroa.cl/adform/10342-912-3e9b-1a0e30e-bd4c-4f30fb45531b-7a22?click_type=0&pos=4&searchType=1&page=1&section=1&t_sec=1&sectionType=1&pageViewId=19b49155-39e0-4c38-ab7c-a036ef8a3b20&t_pvid=19b49155-39e0-4c38-ab7c-a036ef8a3b20&userAgent=Mozilla%2F5.0+%28compatible%3B+radar-arriendos%2F1.0%3B+uso+personal%2C+busqueda+de+arriendo%3B+%2Bhttps%3A%2F%2Fgithub.com%2Falfonsoandona%2Farriendos-vitacura%29&browser=1&isHuman=true&userIp=132.196.83.40&what=vitacura+departamento&search_terms=vitacura+departamento&origin=1&t_or=1&splitTestId=0 — se omite
01:16:50 WARNING robots.txt no permite https://www.nuroa.cl/adform/10342-912-e7f8-1a0a016-97e0-4460cb69457-7a3c?click_type=0&pos=16&searchType=1&page=3&section=1&t_sec=1&sectionType=1&pageViewId=e9b2ae9a-d95c-4ef2-b864-94d176513fb2&t_pvid=e9b2ae9a-d95c-4ef2-b864-94d176513fb2&userAgent=Mozilla%2F5.0+%28compatible%3B+radar-arriendos%2F1.0%3B+uso+personal%2C+busqueda+de+arriendo%3B+%2Bhttps%3A%2F%2Fgithub.com%2Falfonsoandona%2Farriendos-vitacura%29&browser=1&isHuman=true&userIp=132.196.83.40&what=vitacura+departamento&search_terms=vitacura+departamento&origin=1&t_or=1&splitTestId=0 — se omite
01:16:54 DEBUG   [toctoc] 1 avisos vía estado-embebido
01:16:59 DEBUG   [toctoc] 1 avisos vía estado-embebido
01:16:59 INFO    Enriquecido y descartado: Z4JHZ (arriendo de $5.087.033 sobre el máximo negociable de $1.904.000)
01:17:03 DEBUG   [toctoc] 1 avisos vía estado-embebido
01:17:10 DEBUG   La red no quedó en silencio en https://www.toctoc.com/arriendo/departamento/metropolitana/vitacura/b_495f9d6f51853f831aa204269208b423754a6e28; se lee igual
01:17:10 DEBUG   [toctoc] 1 avisos vía estado-embebido
01:17:10 INFO    Enriquecido y descartado: SNDVP (arriendo de $2.133.272 sobre el máximo negociable de $1.904.000)
01:17:14 DEBUG   [toctoc] 1 avisos vía estado-embebido
01:17:19 DEBUG   [toctoc] 1 avisos vía estado-embebido
01:17:23 DEBUG   [toctoc] 1 avisos vía estado-embebido
01:17:30 DEBUG   [toctoc] 1 avisos vía estado-embebido
01:17:30 INFO    Fichas leídas: 100 — 10 ganaron el año, 22 la dirección; 50 se descartaron al verlas (2 por viejos)
01:17:30 DEBUG   Libreta: candelaria goyenechea 4330 se construyó en 2023 (toctoc)
01:17:31 INFO    Listo: 0 avisados de 55 candidatos
