19:13:19 INFO    UF = $40.860.60 (API del día)
19:13:19 INFO    Barriendo TocToc (toctoc)…
19:13:19 INFO    Barriendo Chilepropiedades (chilepropiedades)…
19:13:19 INFO    Barriendo GoPlaceIt (goplaceit)…
19:13:19 INFO    Barriendo Yapo (yapo)…
19:13:19 DEBUG   [chilepropiedades] 10 avisos vía tarjetas
19:13:21 DEBUG   [yapo] 30 avisos vía tarjetas
19:13:21 DEBUG   [chilepropiedades] 10 avisos vía tarjetas
19:13:23 DEBUG   [yapo] 30 avisos vía tarjetas
19:13:23 DEBUG   [goplaceit] 30 avisos vía json-ld
19:13:23 DEBUG   [chilepropiedades] 10 avisos vía tarjetas
19:13:23 INFO      chilepropiedades: 30 avisos en 4s
19:13:23 INFO    Barriendo BuscoNido (busconido)…
19:13:24 DEBUG   [busconido] 23 avisos vía tarjetas
19:13:24 INFO      busconido: 23 avisos en 1s
19:13:24 INFO    Barriendo BienesOnline (bienesonline)…
19:13:25 DEBUG   [bienesonline] 16 avisos vía tarjetas
19:13:26 INFO      bienesonline: 16 avisos en 1s
19:13:26 INFO    Barriendo Economicos (El Mercurio) (economicos)…
19:13:26 DEBUG   [yapo] 30 avisos vía tarjetas
19:13:26 INFO      yapo: 90 avisos en 7s
19:13:26 INFO    Barriendo iCasas (icasas)…
19:13:26 WARNING https://www.economicos.cl/search/propiedades/vitacura/arriendo/departamento/0 respondió 403
19:13:26 INFO    [economicos] https://www.economicos.cl/search/propiedades/vitacura/arriendo/departamento/0 rebotó al GET; se reintenta con navegador
19:13:27 DEBUG   [icasas] 15 avisos vía tarjetas
19:13:28 DEBUG   [icasas] 15 avisos vía tarjetas
19:13:28 INFO      icasas: 30 avisos en 3s
19:13:28 INFO    Barriendo Doomos (doomos)…
19:13:29 INFO      economicos: 0 avisos en 4s
19:13:29 INFO    Barriendo Top Propiedades (toppropiedades)…
19:13:30 DEBUG   [toctoc] 146 avisos vía estado-embebido
19:13:31 DEBUG   [doomos] 31 avisos vía tarjetas
19:13:31 INFO      doomos: 31 avisos en 2s
19:13:31 INFO    Barriendo Nuroa (nuroa)…
19:13:31 DEBUG   Encoding detection: ascii is most likely the one.
19:13:32 DEBUG   [nuroa] 25 avisos vía json-ld
19:13:33 DEBUG   [toppropiedades] 1 avisos vía json-ld
19:13:35 DEBUG   [nuroa] 25 avisos vía json-ld
19:13:35 DEBUG   [toppropiedades] 1 avisos vía json-ld
19:13:37 DEBUG   [nuroa] 25 avisos vía json-ld
19:13:37 DEBUG   [toppropiedades] 1 avisos vía json-ld
19:13:39 DEBUG   [nuroa] 25 avisos vía json-ld
19:13:39 INFO      nuroa: 100 avisos en 9s
19:13:39 INFO    Barriendo Mitula (mitula)…
19:13:39 DEBUG   [toppropiedades] 1 avisos vía json-ld
19:13:40 DEBUG   [toctoc] 146 avisos vía estado-embebido
19:13:41 DEBUG   [toppropiedades] 1 avisos vía json-ld
19:13:41 DEBUG   [mitula] 30 avisos vía json-ld
19:13:43 DEBUG   [mitula] 30 avisos vía json-ld
19:13:43 DEBUG   [toppropiedades] 1 avisos vía json-ld
19:13:43 INFO      mitula: 60 avisos en 4s
19:13:43 INFO    Barriendo Houm (houm)…
19:13:45 DEBUG   [toppropiedades] 1 avisos vía json-ld
19:13:47 DEBUG   [toppropiedades] 1 avisos vía json-ld
19:13:47 INFO      toppropiedades: 8 avisos en 18s
19:13:47 INFO    Barriendo Hey! Homes (heyhomes)…
19:13:50 DEBUG   [heyhomes] 9 avisos vía tarjetas
19:13:50 INFO      heyhomes: 9 avisos en 3s
19:13:50 INFO    Barriendo AssetPlan (assetplan)…
19:13:50 DEBUG   [houm] 28 avisos vía json-ld
19:13:53 DEBUG   [toctoc] 146 avisos vía estado-embebido
19:14:02 INFO      assetplan: 0 avisos en 12s
19:14:02 INFO    Barriendo Engel & Völkers (engelvoelkers)…
19:14:03 DEBUG   La red no quedó en silencio en https://houm.com/cl/arriendo-departamento-región-metropolitana/las-condes/170742; se lee igual
19:14:03 DEBUG   [houm] 1 avisos vía estado-embebido
19:14:06 DEBUG   [goplaceit] 30 avisos vía json-ld
19:14:10 DEBUG   [toctoc] 110 avisos vía estado-embebido
19:14:11 DEBUG   [engelvoelkers] 16 avisos vía tarjetas
19:14:11 INFO      engelvoelkers: 16 avisos en 9s
19:14:11 INFO    Barriendo RE/MAX Chile (remax)…
19:14:16 DEBUG   La red no quedó en silencio en https://houm.com/cl/arriendo-departamento-región-metropolitana/las-condes/175757; se lee igual
19:14:16 DEBUG   [houm] 1 avisos vía estado-embebido
19:14:22 DEBUG   [toctoc] 110 avisos vía estado-embebido
19:14:23 DEBUG   La red no quedó en silencio en https://www.remax.cl/es-cl/busqueda/metropolitana-de-santiago/santiago/vitacura/residencial-departamento/arriendo/; se lee igual
19:14:24 DEBUG   [remax] 6 avisos vía tarjetas
19:14:31 DEBUG   [toctoc] 108 avisos vía estado-embebido
19:14:31 INFO      toctoc: 766 avisos en 72s
19:14:31 INFO    Barriendo Fuenzalida Propiedades (fuenzalida)…
19:14:31 DEBUG   La red no quedó en silencio en https://houm.com/cl/arriendo-departamento-región-metropolitana/ñuñoa/176912; se lee igual
19:14:31 DEBUG   [houm] 1 avisos vía estado-embebido
19:14:35 DEBUG   [fuenzalida] 12 avisos vía tarjetas
19:14:37 DEBUG   La red no quedó en silencio en https://www.remax.cl/es-cl/busqueda/metropolitana-de-santiago/santiago/vitacura/residencial-departamento/arriendo/?page=2; se lee igual
19:14:37 DEBUG   [remax] 6 avisos vía tarjetas
19:14:37 INFO      remax: 12 avisos en 27s
19:14:37 INFO    Barriendo Century 21 Chile (century21)…
19:14:38 INFO      century21: 0 avisos en 1s
19:14:38 INFO    Barriendo Property Partners (propertypartners)…
19:14:39 DEBUG   [propertypartners] 1 avisos vía tarjetas
19:14:39 INFO      propertypartners: 1 avisos en 1s
19:14:39 INFO    Barriendo Acceso Inmobiliario (accesoinmobiliario)…
19:14:39 DEBUG   [fuenzalida] 20 avisos vía tarjetas
19:14:43 DEBUG   [fuenzalida] 20 avisos vía tarjetas
19:14:43 INFO      fuenzalida: 52 avisos en 12s
19:14:43 INFO    Barriendo Magnolia Property (magnoliaproperty)…
19:14:44 DEBUG   La red no quedó en silencio en https://houm.com/cl/arriendo-departamento-región-metropolitana/ñuñoa/174379; se lee igual
19:14:44 DEBUG   [magnoliaproperty] 6 avisos vía tarjetas
19:14:44 INFO      magnoliaproperty: 6 avisos en 0s
19:14:44 INFO    Barriendo Portilla Propiedades (portillapropiedades)…
19:14:44 DEBUG   [accesoinmobiliario] 15 avisos vía tarjetas
19:14:44 DEBUG   [houm] 1 avisos vía estado-embebido
19:14:44 DEBUG   [portillapropiedades] 2 avisos vía tarjetas
19:14:44 INFO      portillapropiedades: 2 avisos en 1s
19:14:44 INFO    Barriendo Nativo Propiedades (nativopropiedades)…
19:14:45 DEBUG   [nativopropiedades] 7 avisos vía tarjetas
19:14:45 INFO      nativopropiedades: 7 avisos en 1s
19:14:45 INFO    Barriendo Enlace Inmobiliario (enlaceinmobiliario)…
19:14:45 WARNING https://www.enlaceinmobiliario.cl/ respondió 403
19:14:45 INFO    [enlaceinmobiliario] https://www.enlaceinmobiliario.cl/ rebotó al GET; se reintenta con navegador
19:14:53 INFO      enlaceinmobiliario: 0 avisos en 8s
19:14:53 INFO    Barriendo Rentas.cl (rentas_cl)…
19:14:54 DEBUG   La red no quedó en silencio en https://houm.com/cl/arriendo-departamento-región-metropolitana/recoleta/176958; se lee igual
19:14:55 DEBUG   [houm] 1 avisos vía estado-embebido
19:14:55 DEBUG   [rentas_cl] 1 avisos vía json-ld
19:14:55 INFO      rentas_cl: 1 avisos en 2s
19:14:55 INFO    Barriendo Arriendos.cl (arriendos_cl)…
19:14:56 INFO      arriendos_cl: 0 avisos en 1s
19:14:56 INFO    Barriendo Propiedades.cl (propiedades_cl)…
19:14:57 DEBUG   [propiedades_cl] 6 avisos vía tarjetas
19:14:57 INFO      propiedades_cl: 6 avisos en 1s
19:14:57 INFO    Barriendo Clasificados.cl (clasificados_cl)…
19:15:03 DEBUG   [clasificados_cl] 1 avisos vía tarjetas
19:15:03 INFO      clasificados_cl: 1 avisos en 5s
19:15:03 DEBUG   La red no quedó en silencio en https://houm.com/cl/arriendo-departamento-región-metropolitana/recoleta/90462; se lee igual
19:15:03 DEBUG   [houm] 1 avisos vía estado-embebido
19:15:05 DEBUG   [goplaceit] 30 avisos vía json-ld
19:15:06 DEBUG   [accesoinmobiliario] 1 avisos vía tarjetas
19:15:06 INFO      accesoinmobiliario: 16 avisos en 26s
19:15:12 DEBUG   La red no quedó en silencio en https://houm.com/cl/arriendo-departamento-región-metropolitana/recoleta/177459; se lee igual
19:15:12 DEBUG   [houm] 1 avisos vía estado-embebido
19:15:20 DEBUG   La red no quedó en silencio en https://houm.com/cl/arriendo-departamento-región-metropolitana/independencia/167934; se lee igual
19:15:20 DEBUG   [houm] 1 avisos vía estado-embebido
19:15:20 INFO      houm: 36 avisos en 97s
19:15:31 INFO      goplaceit: 90 avisos en 132s
19:15:31 INFO    Total crudo: 1409 avisos
19:15:31 INFO    Después de deduplicar: 492
19:15:31 INFO    Libreta: 1 entradas de un extractor viejo se olvidan
19:15:31 DEBUG   Libreta: paul claudel 1114 vitacura santiago metropolitana de santiago 7630574 chl se construyó en 1993 (mitula)
19:15:31 INFO    Pasaron los filtros: 53
19:15:40 DEBUG   [doomos] 18 avisos vía tarjetas
19:15:40 DEBUG   Ficha de YVT22 sin candidato propio; no se fusiona
19:15:43 DEBUG   [doomos] 26 avisos vía tarjetas
19:15:43 DEBUG   Ficha de U44VT sin candidato propio; no se fusiona
19:15:46 DEBUG   [doomos] 27 avisos vía tarjetas
19:15:46 DEBUG   Ficha de ZWNAN sin candidato propio; no se fusiona
19:15:48 DEBUG   [doomos] 27 avisos vía tarjetas
19:15:48 DEBUG   Ficha de 2HWEW sin candidato propio; no se fusiona
19:15:48 DEBUG   Ficha de BYN6Z sin candidato propio; no se fusiona
19:15:50 DEBUG   [busconido] 11 avisos vía tarjetas
19:15:50 DEBUG   Ficha de VT5EU sin candidato propio; no se fusiona
19:15:52 DEBUG   [busconido] 10 avisos vía tarjetas
19:15:52 DEBUG   Ficha de QJU9W sin candidato propio; no se fusiona
19:15:59 DEBUG   [toctoc] 1 avisos vía estado-embebido
19:16:00 DEBUG   [busconido] 10 avisos vía tarjetas
19:16:00 DEBUG   Ficha de GHC6Y sin candidato propio; no se fusiona
19:16:02 DEBUG   [busconido] 10 avisos vía tarjetas
19:16:02 DEBUG   Ficha de 7UWJU sin candidato propio; no se fusiona
19:16:06 DEBUG   [engelvoelkers] 1 avisos vía json-ld
19:16:06 DEBUG   [busconido] 10 avisos vía tarjetas
19:16:06 DEBUG   Ficha de 73CG7 sin candidato propio; no se fusiona
19:16:06 WARNING https://www.bienesonline.cl/es/chile/llanquihue/propiedad/42585-campo-917-ha-valle-cochamo-x-region respondió 404
19:16:07 DEBUG   [doomos] 18 avisos vía tarjetas
19:16:07 DEBUG   Ficha de J5JN4 sin candidato propio; no se fusiona
19:16:13 DEBUG   [toctoc] 1 avisos vía estado-embebido
19:16:18 DEBUG   [toctoc] 1 avisos vía estado-embebido
19:16:24 DEBUG   [doomos] 27 avisos vía tarjetas
19:16:24 DEBUG   Ficha de P8XMT sin candidato propio; no se fusiona
19:16:29 DEBUG   [toctoc] 1 avisos vía estado-embebido
19:16:29 DEBUG   [chilepropiedades] 2 avisos vía json-ld
19:16:34 DEBUG   [toctoc] 1 avisos vía estado-embebido
19:16:34 DEBUG   [chilepropiedades] 2 avisos vía json-ld
19:16:41 DEBUG   La red no quedó en silencio en https://www.toctoc.com/propiedades/arriendocorredorasr/departamento/vitacura/moderno-depto-con-vista-panoramica/a3f11e3da22b023d55153cd78c67bf4d8e101cb9; se lee igual
19:16:41 DEBUG   [toctoc] 1 avisos vía estado-embebido
19:16:48 DEBUG   La red no quedó en silencio en https://www.toctoc.com/propiedades/arriendocorredorasr/departamento/vitacura/luminoso-hogar-ideal-para-familias/584e2daa7a21e8be55b500aa638721bd0f14b25b; se lee igual
19:16:48 DEBUG   [toctoc] 1 avisos vía estado-embebido
19:16:57 DEBUG   [toctoc] 1 avisos vía estado-embebido
19:17:03 DEBUG   [toctoc] 1 avisos vía estado-embebido
19:17:03 INFO    Enriquecido y descartado: 5ZREX (39 años (construido en 1987), sobre el máximo de 30)
19:17:03 WARNING robots.txt no permite https://www.nuroa.cl/adform/10342-912-5f3d-19e92d3-bae6-98ff4d8aca01-7f27?click_type=0&pos=12&searchType=1&page=1&section=1&t_sec=1&sectionType=1&pageViewId=071409db-f4e6-413b-80e7-105caf79a892&t_pvid=071409db-f4e6-413b-80e7-105caf79a892&userAgent=Mozilla%2F5.0+%28compatible%3B+radar-arriendos%2F1.0%3B+uso+personal%2C+busqueda+de+arriendo%3B+%2Bhttps%3A%2F%2Fgithub.com%2Falfonsoandona%2Farriendos-vitacura%29&browser=1&isHuman=true&userIp=172.215.239.55&what=vitacura+departamento&search_terms=vitacura+departamento&origin=1&t_or=1&splitTestId=0 — se omite
19:17:06 INFO    Enriquecido y descartado: 75BRH (arriendo de $2.931.142 sobre el máximo negociable de $1.904.000)
19:17:29 INFO    Enriquecido y descartado: 75BRH (arriendo de $2.149.504 sobre el máximo negociable de $1.904.000)
19:17:36 INFO    Enriquecido y descartado: 75BRH (arriendo de $1.954.095 sobre el máximo negociable de $1.904.000)
19:17:52 DEBUG   [toctoc] 1 avisos vía estado-embebido
19:17:57 DEBUG   [toctoc] 1 avisos vía estado-embebido
19:17:57 WARNING robots.txt no permite https://www.nuroa.cl/adform/10342-912-ee27-1a01d7c-a7bc-2ba3aed54f3e-81d8?click_type=0&pos=8&searchType=1&page=1&section=1&t_sec=1&sectionType=1&pageViewId=071409db-f4e6-413b-80e7-105caf79a892&t_pvid=071409db-f4e6-413b-80e7-105caf79a892&userAgent=Mozilla%2F5.0+%28compatible%3B+radar-arriendos%2F1.0%3B+uso+personal%2C+busqueda+de+arriendo%3B+%2Bhttps%3A%2F%2Fgithub.com%2Falfonsoandona%2Farriendos-vitacura%29&browser=1&isHuman=true&userIp=172.215.239.55&what=vitacura+departamento&search_terms=vitacura+departamento&origin=1&t_or=1&splitTestId=0 — se omite
19:18:02 DEBUG   [yapo] 1 avisos vía json-ld
19:18:08 DEBUG   [toctoc] 1 avisos vía estado-embebido
19:18:12 INFO    Enriquecido y descartado: UDCNS (arriendo de $4.611.664 sobre el máximo negociable de $1.904.000)
19:18:17 DEBUG   [mitula] 3 avisos vía tarjetas
19:18:17 INFO    Fichas leídas: 53 — 1 ganaron el año, 0 la dirección; 5 se descartaron al verlas (1 por viejos)
19:18:17 DEBUG   Libreta: vitacura 9976 se construyó en 2015 (yapo)
19:18:17 INFO    Libreta: vitacura 9976 en disputa (goplaceit dice 2003, yapo decía 2015); se anula
19:18:18 DEBUG   [yapo] 1 avisos vía json-ld
19:18:19 INFO    Listo: 1 avisados de 48 candidatos
