00:58:31 INFO    UF = $40.883.00 (API del día)
00:58:31 INFO    Barriendo TocToc (toctoc)…
00:58:31 INFO    Barriendo Chilepropiedades (chilepropiedades)…
00:58:31 INFO    Barriendo GoPlaceIt (goplaceit)…
00:58:31 INFO    Barriendo Yapo (yapo)…
00:58:31 DEBUG   [chilepropiedades] 10 avisos vía tarjetas
00:58:33 INFO      yapo: 0 avisos en 2s
00:58:33 INFO    Barriendo BuscoNido (busconido)…
00:58:33 DEBUG   [chilepropiedades] 10 avisos vía tarjetas
00:58:34 DEBUG   [busconido] 23 avisos vía tarjetas
00:58:34 INFO      busconido: 23 avisos en 1s
00:58:34 INFO    Barriendo BienesOnline (bienesonline)…
00:58:34 DEBUG   [goplaceit] 30 avisos vía json-ld
00:58:35 DEBUG   [bienesonline] 13 avisos vía tarjetas
00:58:35 INFO      bienesonline: 13 avisos en 2s
00:58:35 INFO    Barriendo Economicos (El Mercurio) (economicos)…
00:58:35 DEBUG   [chilepropiedades] 10 avisos vía tarjetas
00:58:35 INFO      chilepropiedades: 30 avisos en 5s
00:58:35 INFO    Barriendo iCasas (icasas)…
00:58:36 WARNING https://www.economicos.cl/search/propiedades/vitacura/arriendo/departamento/0 respondió 403
00:58:36 INFO    [economicos] https://www.economicos.cl/search/propiedades/vitacura/arriendo/departamento/0 rebotó al GET; se reintenta con navegador
00:58:36 DEBUG   [icasas] 15 avisos vía tarjetas
00:58:38 DEBUG   [icasas] 15 avisos vía tarjetas
00:58:38 INFO      icasas: 30 avisos en 2s
00:58:38 INFO    Barriendo Doomos (doomos)…
00:58:39 DEBUG   La red no quedó en silencio en https://www.toctoc.com/arriendo/departamento/metropolitana/vitacura/3-dormitorios; se lee igual
00:58:39 DEBUG   [toctoc] 74 avisos vía json-ld
00:58:39 INFO      economicos: 0 avisos en 4s
00:58:39 INFO    Barriendo Top Propiedades (toppropiedades)…
00:58:40 DEBUG   [doomos] 32 avisos vía tarjetas
00:58:40 INFO      doomos: 32 avisos en 3s
00:58:40 INFO    Barriendo Nuroa (nuroa)…
00:58:41 DEBUG   Encoding detection: ascii is most likely the one.
00:58:42 DEBUG   [nuroa] 25 avisos vía json-ld
00:58:43 DEBUG   [toppropiedades] 1 avisos vía json-ld
00:58:45 DEBUG   [nuroa] 25 avisos vía json-ld
00:58:45 DEBUG   [toppropiedades] 1 avisos vía json-ld
00:58:47 DEBUG   [nuroa] 25 avisos vía json-ld
00:58:47 DEBUG   La red no quedó en silencio en https://www.toctoc.com/arriendo/departamento/metropolitana/vitacura/3-dormitorios?pagina=2; se lee igual
00:58:47 DEBUG   [toppropiedades] 1 avisos vía json-ld
00:58:48 DEBUG   [toctoc] 20 avisos vía json-ld
00:58:49 DEBUG   [nuroa] 25 avisos vía json-ld
00:58:49 INFO      nuroa: 100 avisos en 9s
00:58:49 INFO    Barriendo Mitula (mitula)…
00:58:49 DEBUG   [toppropiedades] 1 avisos vía json-ld
00:58:51 DEBUG   [mitula] 30 avisos vía json-ld
00:58:52 DEBUG   [toppropiedades] 1 avisos vía json-ld
00:58:53 DEBUG   [toppropiedades] 1 avisos vía json-ld
00:58:54 DEBUG   [mitula] 30 avisos vía json-ld
00:58:54 INFO      mitula: 60 avisos en 5s
00:58:54 INFO    Barriendo Houm (houm)…
00:58:55 DEBUG   [toppropiedades] 1 avisos vía json-ld
00:58:56 DEBUG   La red no quedó en silencio en https://www.toctoc.com/arriendo/departamento/metropolitana/vitacura/3-dormitorios?pagina=3; se lee igual
00:58:56 DEBUG   [toctoc] 20 avisos vía json-ld
00:58:57 DEBUG   [toppropiedades] 1 avisos vía json-ld
00:58:57 INFO      toppropiedades: 8 avisos en 18s
00:58:57 INFO    Barriendo Hey! Homes (heyhomes)…
00:59:00 DEBUG   [heyhomes] 9 avisos vía tarjetas
00:59:00 INFO      heyhomes: 9 avisos en 3s
00:59:00 INFO    Barriendo Engel & Völkers (engelvoelkers)…
00:59:04 DEBUG   [toctoc] 20 avisos vía json-ld
00:59:04 DEBUG   La red no quedó en silencio en https://houm.com/cl/arriendo-departamentos-region-metropolitana/vitacura/3-dormitorios; se lee igual
00:59:04 DEBUG   [houm] 28 avisos vía json-ld
00:59:09 DEBUG   [engelvoelkers] 15 avisos vía tarjetas
00:59:09 INFO      engelvoelkers: 15 avisos en 8s
00:59:09 INFO    Barriendo RE/MAX Chile (remax)…
00:59:15 DEBUG   La red no quedó en silencio en https://www.toctoc.com/arriendo/departamento/metropolitana/vitacura/4-dormitorios?pagina=2; se lee igual
00:59:15 DEBUG   [toctoc] 20 avisos vía json-ld
00:59:15 DEBUG   La red no quedó en silencio en https://houm.com/cl/arriendo-departamento-región-metropolitana/las-condes/170742; se lee igual
00:59:16 DEBUG   [houm] 1 avisos vía estado-embebido
00:59:18 DEBUG   [goplaceit] 30 avisos vía json-ld
00:59:20 INFO      remax: 0 avisos en 12s
00:59:20 INFO    Barriendo Fuenzalida Propiedades (fuenzalida)…
00:59:24 DEBUG   [fuenzalida] 16 avisos vía tarjetas
00:59:25 DEBUG   La red no quedó en silencio en https://www.toctoc.com/arriendo/departamento/metropolitana/vitacura/4-dormitorios?pagina=3; se lee igual
00:59:25 DEBUG   [toctoc] 5 avisos vía json-ld
00:59:25 INFO      toctoc: 159 avisos en 55s
00:59:25 INFO    Barriendo Century 21 Chile (century21)…
00:59:26 INFO      century21: 0 avisos en 1s
00:59:26 INFO    Barriendo Property Partners (propertypartners)…
00:59:27 DEBUG   [propertypartners] 1 avisos vía tarjetas
00:59:27 INFO      propertypartners: 1 avisos en 1s
00:59:27 INFO    Barriendo Acceso Inmobiliario (accesoinmobiliario)…
00:59:28 DEBUG   La red no quedó en silencio en https://houm.com/cl/arriendo-departamento-región-metropolitana/las-condes/175757; se lee igual
00:59:28 DEBUG   [fuenzalida] 20 avisos vía tarjetas
00:59:28 DEBUG   [houm] 1 avisos vía estado-embebido
00:59:31 DEBUG   [fuenzalida] 20 avisos vía tarjetas
00:59:31 INFO      fuenzalida: 56 avisos en 11s
00:59:31 INFO    Barriendo Magnolia Property (magnoliaproperty)…
00:59:31 DEBUG   [accesoinmobiliario] 15 avisos vía tarjetas
00:59:32 DEBUG   [magnoliaproperty] 7 avisos vía tarjetas
00:59:32 INFO      magnoliaproperty: 7 avisos en 0s
00:59:32 INFO    Barriendo Portilla Propiedades (portillapropiedades)…
00:59:32 DEBUG   [portillapropiedades] 2 avisos vía tarjetas
00:59:32 INFO      portillapropiedades: 2 avisos en 1s
00:59:32 INFO    Barriendo Nativo Propiedades (nativopropiedades)…
00:59:33 DEBUG   [nativopropiedades] 10 avisos vía tarjetas
00:59:33 INFO      nativopropiedades: 10 avisos en 1s
00:59:33 INFO    Barriendo Enlace Inmobiliario (enlaceinmobiliario)…
00:59:33 WARNING https://www.enlaceinmobiliario.cl/ respondió 403
00:59:33 INFO    [enlaceinmobiliario] https://www.enlaceinmobiliario.cl/ rebotó al GET; se reintenta con navegador
00:59:36 DEBUG   La red no quedó en silencio en https://houm.com/cl/arriendo-departamento-región-metropolitana/ñuñoa/164010; se lee igual
00:59:36 DEBUG   [houm] 1 avisos vía estado-embebido
00:59:37 DEBUG   [accesoinmobiliario] 1 avisos vía tarjetas
00:59:41 INFO      enlaceinmobiliario: 0 avisos en 8s
00:59:41 INFO    Barriendo Rentas.cl (rentas_cl)…
00:59:43 DEBUG   [rentas_cl] 1 avisos vía json-ld
00:59:43 INFO      rentas_cl: 1 avisos en 2s
00:59:43 INFO    Barriendo Arriendos.cl (arriendos_cl)…
00:59:43 DEBUG   [accesoinmobiliario] 1 avisos vía tarjetas
00:59:45 INFO      arriendos_cl: 0 avisos en 1s
00:59:45 INFO    Barriendo Propiedades.cl (propiedades_cl)…
00:59:45 DEBUG   [propiedades_cl] 6 avisos vía tarjetas
00:59:45 INFO      propiedades_cl: 6 avisos en 1s
00:59:45 INFO    Barriendo Clasificados.cl (clasificados_cl)…
00:59:48 DEBUG   [clasificados_cl] 1 avisos vía tarjetas
00:59:48 INFO      clasificados_cl: 1 avisos en 3s
00:59:48 DEBUG   La red no quedó en silencio en https://houm.com/cl/arriendo-departamento-región-metropolitana/ñuñoa/174379; se lee igual
00:59:48 DEBUG   [houm] 1 avisos vía estado-embebido
00:59:54 DEBUG   [accesoinmobiliario] 1 avisos vía tarjetas
00:59:57 DEBUG   La red no quedó en silencio en https://houm.com/cl/arriendo-departamento-región-metropolitana/recoleta/178185; se lee igual
00:59:58 DEBUG   [houm] 1 avisos vía estado-embebido
01:00:00 DEBUG   [accesoinmobiliario] 1 avisos vía tarjetas
01:00:00 DEBUG   [goplaceit] 30 avisos vía json-ld
01:00:08 DEBUG   La red no quedó en silencio en https://houm.com/cl/arriendo-departamento-región-metropolitana/las-condes/177842; se lee igual
01:00:08 DEBUG   [houm] 1 avisos vía estado-embebido
01:00:10 DEBUG   [accesoinmobiliario] 1 avisos vía tarjetas
01:00:10 INFO      accesoinmobiliario: 20 avisos en 43s
01:00:17 DEBUG   La red no quedó en silencio en https://houm.com/cl/arriendo-departamento-región-metropolitana/recoleta/176958; se lee igual
01:00:17 DEBUG   [houm] 1 avisos vía estado-embebido
01:00:24 DEBUG   La red no quedó en silencio en https://houm.com/cl/arriendo-departamento-región-metropolitana/recoleta/90462; se lee igual
01:00:25 DEBUG   [houm] 1 avisos vía estado-embebido
01:00:25 INFO      houm: 36 avisos en 90s
01:00:26 INFO      goplaceit: 90 avisos en 115s
01:00:26 INFO    Total crudo: 709 avisos
01:00:26 INFO    Después de deduplicar: 450
01:00:27 INFO    Pasaron los filtros: 81
01:01:04 DEBUG   [doomos] 16 avisos vía tarjetas
01:01:04 DEBUG   Ficha de YVT22 sin candidato propio; no se fusiona
01:01:05 DEBUG   Ficha de HW5MX sin candidato propio; no se fusiona
01:01:06 DEBUG   [doomos] 25 avisos vía tarjetas
01:01:06 DEBUG   Ficha de U44VT sin candidato propio; no se fusiona
01:01:10 DEBUG   [doomos] 25 avisos vía tarjetas
01:01:10 DEBUG   Ficha de KNAE9 sin candidato propio; no se fusiona
01:01:11 DEBUG   [doomos] 25 avisos vía tarjetas
01:01:11 DEBUG   Ficha de PR3QK sin candidato propio; no se fusiona
01:01:13 DEBUG   [doomos] 25 avisos vía tarjetas
01:01:13 DEBUG   Ficha de 2HWEW sin candidato propio; no se fusiona
01:01:16 DEBUG   [doomos] 25 avisos vía tarjetas
01:01:16 DEBUG   Ficha de ZWNAN sin candidato propio; no se fusiona
01:01:19 DEBUG   [doomos] 25 avisos vía tarjetas
01:01:19 DEBUG   Ficha de FDXSM sin candidato propio; no se fusiona
01:01:26 DEBUG   Pin del mapa para XKNVZ: -33.40640, -70.59617
01:01:26 DEBUG   [toctoc] 1 avisos vía estado-embebido
01:01:26 INFO    Enriquecido y descartado: AUD4Y (100 m² totales, no llega a más de 100 m²)
01:01:31 DEBUG   Pin del mapa para 926YZ: -33.40410, -70.59081
01:01:31 DEBUG   [toctoc] 1 avisos vía estado-embebido
01:01:31 INFO    Enriquecido y descartado: P9HA4 (arriendo de $2.575.629 sobre el máximo negociable de $1.904.000)
01:01:37 DEBUG   Pin del mapa para WUDC7: -33.40513, -70.59400
01:01:37 DEBUG   [toctoc] 1 avisos vía estado-embebido
01:01:37 INFO    Enriquecido y descartado: BYPVE (100 m² totales, no llega a más de 100 m²)
01:01:43 DEBUG   Pin del mapa para VVV4B: -33.40490, -70.59654
01:01:43 DEBUG   [toctoc] 1 avisos vía estado-embebido
01:01:44 INFO    Enriquecido y descartado: K7URV (arriendo de $3.475.055 sobre el máximo negociable de $1.904.000)
01:01:51 DEBUG   La red no quedó en silencio en https://www.toctoc.com/arriendo/departamento/metropolitana/vitacura/b_fcce67f64655e74722493467e0943e3acb167be3; se lee igual
01:01:51 DEBUG   [toctoc] 1 avisos vía estado-embebido
01:01:57 DEBUG   Pin del mapa para CKHMK: -33.37732, -70.56947
01:01:57 DEBUG   [toctoc] 1 avisos vía estado-embebido
01:02:02 DEBUG   [toctoc] 1 avisos vía estado-embebido
01:02:02 INFO    Enriquecido y descartado: 42KXU (arriendo de $3.270.640 sobre el máximo negociable de $1.904.000)
01:02:02 DEBUG   [busconido] 11 avisos vía tarjetas
01:02:02 DEBUG   Ficha de SHVDB sin candidato propio; no se fusiona
01:02:06 INFO    Enriquecido y descartado: YAVJA (arriendo de $3.517.371 sobre el máximo negociable de $1.904.000)
01:02:06 DEBUG   Pin del mapa para SY6C4: -33.37100, -70.54310
01:02:06 DEBUG   [magnoliaproperty] 2 avisos vía tarjetas
01:02:06 INFO    Enriquecido y descartado: SY6C4 (arriendo de $3.679.470 sobre el máximo negociable de $1.904.000)
01:02:12 DEBUG   Pin del mapa para EAZDB: -33.40383, -70.59820
01:02:13 DEBUG   [toctoc] 1 avisos vía estado-embebido
01:02:13 INFO    Enriquecido y descartado: 358CJ (arriendo de $4.701.545 sobre el máximo negociable de $1.904.000)
01:02:18 DEBUG   Pin del mapa para GDEV4: -33.40522, -70.59529
01:02:18 DEBUG   [toctoc] 1 avisos vía estado-embebido
01:02:18 INFO    Enriquecido y descartado: URZMS (arriendo de $3.600.000 sobre el máximo negociable de $1.904.000)
01:02:25 DEBUG   Pin del mapa para VB9ST: -33.38575, -70.56115
01:02:25 DEBUG   [toctoc] 1 avisos vía estado-embebido
01:02:25 INFO    Enriquecido y descartado: VZXBC (arriendo de $3.475.055 sobre el máximo negociable de $1.904.000)
01:02:32 DEBUG   Pin del mapa para MVQQV: -33.40571, -70.59718
01:02:32 DEBUG   [toctoc] 1 avisos vía estado-embebido
01:02:32 INFO    Enriquecido y descartado: DZCSP (arriendo de $3.270.640 sobre el máximo negociable de $1.904.000)
01:02:38 DEBUG   Pin del mapa para SNVMM: -33.40320, -70.59258
01:02:38 DEBUG   [toctoc] 1 avisos vía estado-embebido
01:02:38 INFO    Enriquecido y descartado: W3RD8 (arriendo de $3.066.225 sobre el máximo negociable de $1.904.000)
01:02:42 DEBUG   Pin del mapa para 9YQR3: -33.37213, -70.54192
01:02:42 DEBUG   [toctoc] 1 avisos vía estado-embebido
01:02:43 INFO    Enriquecido y descartado: E9R23 (arriendo de $4.497.130 sobre el máximo negociable de $1.904.000)
01:02:46 INFO    Enriquecido y descartado: CC2AY (arriendo de $2.032.258 sobre el máximo negociable de $1.904.000)
01:02:51 DEBUG   Pin del mapa para EJMU3: -33.39788, -70.58897
01:02:51 DEBUG   [toctoc] 1 avisos vía estado-embebido
01:02:51 INFO    Enriquecido y descartado: W6ATB (arriendo de $2.412.097 sobre el máximo negociable de $1.904.000)
01:02:58 DEBUG   La red no quedó en silencio en https://www.toctoc.com/arriendo/departamento/metropolitana/vitacura/b_40eebbc34fc5cea0e96afef7a202dc66ed8880a7; se lee igual
01:02:58 DEBUG   Pin del mapa para HCBT4: -33.40571, -70.59352
01:02:58 DEBUG   [toctoc] 1 avisos vía estado-embebido
01:02:58 INFO    Enriquecido y descartado: XGTG5 (45 años (construido en 1981), sobre el máximo de 30)
01:03:04 DEBUG   Pin del mapa para D2GPN: -33.39031, -70.59455
01:03:04 DEBUG   [toctoc] 1 avisos vía estado-embebido
01:03:04 INFO    Enriquecido y descartado: YNANX (arriendo de $3.270.640 sobre el máximo negociable de $1.904.000)
01:03:09 DEBUG   Pin del mapa para X3YFD: -33.40596, -70.59695
01:03:09 DEBUG   [toctoc] 1 avisos vía estado-embebido
01:03:09 INFO    Enriquecido y descartado: B5SVA (arriendo de $3.270.640 sobre el máximo negociable de $1.904.000)
01:03:14 DEBUG   Pin del mapa para JS3C5: -33.37683, -70.54385
01:03:14 DEBUG   [toctoc] 1 avisos vía estado-embebido
01:03:14 INFO    Enriquecido y descartado: 4JZ9G (arriendo de $1.962.384 sobre el máximo negociable de $1.904.000)
01:03:14 DEBUG   [busconido] 10 avisos vía tarjetas
01:03:14 DEBUG   Ficha de G8ADK sin candidato propio; no se fusiona
01:03:19 DEBUG   [toctoc] 1 avisos vía estado-embebido
01:03:19 INFO    Enriquecido y descartado: QTDYS (arriendo de $3.270.640 sobre el máximo negociable de $1.904.000)
01:03:26 DEBUG   [toctoc] 1 avisos vía estado-embebido
01:03:26 INFO    Enriquecido y descartado: XYCGS (arriendo de $2.412.097 sobre el máximo negociable de $1.904.000)
01:03:33 DEBUG   [toctoc] 1 avisos vía estado-embebido
01:03:33 INFO    Enriquecido y descartado: B2N6Q (arriendo de $3.270.640 sobre el máximo negociable de $1.904.000)
01:03:38 DEBUG   [toctoc] 1 avisos vía estado-embebido
01:03:38 INFO    Enriquecido y descartado: DNSPN (arriendo de $3.066.225 sobre el máximo negociable de $1.904.000)
01:03:40 DEBUG   [doomos] 16 avisos vía tarjetas
01:03:40 DEBUG   Ficha de J5JN4 sin candidato propio; no se fusiona
01:03:45 DEBUG   [doomos] 25 avisos vía tarjetas
01:03:45 DEBUG   Ficha de P8XMT sin candidato propio; no se fusiona
01:03:50 DEBUG   [engelvoelkers] 1 avisos vía json-ld
01:03:55 DEBUG   [toctoc] 1 avisos vía estado-embebido
01:04:06 DEBUG   La red no quedó en silencio en https://www.toctoc.com/arriendo/departamento/metropolitana/vitacura/b_62313db937b2eb47fc03dd6bc00d3af11b5bf811; se lee igual
01:04:06 DEBUG   [toctoc] 1 avisos vía estado-embebido
01:04:13 DEBUG   La red no quedó en silencio en https://www.toctoc.com/arriendo/departamento/metropolitana/vitacura/b_8c9ee4012cd3abae9a346f5c20131ca3ab90095d; se lee igual
01:04:13 DEBUG   [toctoc] 1 avisos vía estado-embebido
01:04:18 DEBUG   [toctoc] 1 avisos vía estado-embebido
01:04:18 INFO    Enriquecido y descartado: 2VPS4 (arriendo de $4.006.534 sobre el máximo negociable de $1.904.000)
01:04:23 DEBUG   [toctoc] 1 avisos vía estado-embebido
01:04:23 INFO    Enriquecido y descartado: QKSRR (arriendo de $3.475.055 sobre el máximo negociable de $1.904.000)
01:04:27 INFO    Enriquecido y descartado: 75BRH (arriendo de $2.931.142 sobre el máximo negociable de $1.904.000)
01:04:33 DEBUG   [toctoc] 1 avisos vía estado-embebido
01:04:33 INFO    Enriquecido y descartado: THCTF (arriendo de $2.493.863 sobre el máximo negociable de $1.904.000)
01:04:58 INFO    Enriquecido y descartado: 75BRH (arriendo de $1.954.095 sobre el máximo negociable de $1.904.000)
01:05:07 DEBUG   [toctoc] 1 avisos vía estado-embebido
01:05:07 INFO    Enriquecido y descartado: 6KA2M (arriendo de $3.066.225 sobre el máximo negociable de $1.904.000)
01:05:20 DEBUG   [toctoc] 1 avisos vía estado-embebido
01:05:25 DEBUG   [toctoc] 1 avisos vía estado-embebido
01:05:25 INFO    Enriquecido y descartado: 4V73Z (arriendo de $4.701.545 sobre el máximo negociable de $1.904.000)
01:05:30 DEBUG   [toctoc] 1 avisos vía estado-embebido
01:05:30 INFO    Enriquecido y descartado: ZDZSQ (arriendo de $2.248.565 sobre el máximo negociable de $1.904.000)
01:05:35 DEBUG   [toctoc] 1 avisos vía estado-embebido
01:05:35 INFO    Enriquecido y descartado: 8YSPF (arriendo de $4.500.000 sobre el máximo negociable de $1.904.000)
01:05:40 DEBUG   [toctoc] 1 avisos vía estado-embebido
01:05:40 INFO    Enriquecido y descartado: 3N59D (arriendo de $3.066.225 sobre el máximo negociable de $1.904.000)
01:05:45 DEBUG   [toctoc] 1 avisos vía estado-embebido
01:05:45 INFO    Enriquecido y descartado: 4W5ZG (arriendo de $3.597.704 sobre el máximo negociable de $1.904.000)
01:05:52 DEBUG   [toctoc] 1 avisos vía estado-embebido
01:05:52 INFO    Enriquecido y descartado: JKM2T (arriendo de $2.289.448 sobre el máximo negociable de $1.904.000)
01:06:01 DEBUG   [toctoc] 1 avisos vía estado-embebido
01:06:01 INFO    Enriquecido y descartado: 9JAPA (arriendo de $2.452.980 sobre el máximo negociable de $1.904.000)
01:06:08 DEBUG   La red no quedó en silencio en https://www.toctoc.com/arriendo/departamento/metropolitana/vitacura/b_8d7cfebe1062033f05e1df1296cb8647a46a8d1b; se lee igual
01:06:08 DEBUG   [toctoc] 1 avisos vía estado-embebido
01:06:13 DEBUG   [toctoc] 1 avisos vía estado-embebido
01:06:13 INFO    Enriquecido y descartado: Z4JHZ (arriendo de $5.069.492 sobre el máximo negociable de $1.904.000)
01:06:18 DEBUG   [toctoc] 1 avisos vía estado-embebido
01:06:23 DEBUG   [toctoc] 1 avisos vía estado-embebido
01:06:23 INFO    Enriquecido y descartado: K7URV (arriendo de $2.861.810 sobre el máximo negociable de $1.904.000)
01:06:28 DEBUG   [toctoc] 1 avisos vía estado-embebido
01:06:34 DEBUG   [toctoc] 1 avisos vía estado-embebido
01:06:39 DEBUG   [toctoc] 1 avisos vía estado-embebido
01:06:44 DEBUG   [toctoc] 1 avisos vía estado-embebido
01:06:49 DEBUG   [toctoc] 1 avisos vía estado-embebido
01:06:53 INFO    Enriquecido y descartado: 75BRH (arriendo de $4.299.009 sobre el máximo negociable de $1.904.000)
01:07:02 DEBUG   [toctoc] 1 avisos vía estado-embebido
01:07:02 INFO    Fichas leídas: 81 — 7 ganaron el año, 16 la dirección; 39 se descartaron al verlas (1 por viejos)
01:07:03 INFO    Listo: 0 avisados de 42 candidatos
