17:44:52 INFO    UF = $41.130.94 (API del día)
17:44:52 INFO    Barriendo TocToc (toctoc)…
17:44:52 INFO    Barriendo Chilepropiedades (chilepropiedades)…
17:44:52 INFO    Barriendo GoPlaceIt (goplaceit)…
17:44:52 INFO    Barriendo Yapo (yapo)…
17:44:52 WARNING https://www.yapo.cl/bienes-raices-alquiler-apartamentos/region-metropolitana-vitacura respondió 403
17:44:52 INFO    [yapo] https://www.yapo.cl/bienes-raices-alquiler-apartamentos/region-metropolitana-vitacura rebotó al GET; se reintenta con navegador
17:44:52 DEBUG   [chilepropiedades] 10 avisos vía tarjetas
17:44:54 DEBUG   [chilepropiedades] 10 avisos vía tarjetas
17:44:55 DEBUG   [goplaceit] 30 avisos vía json-ld
17:44:56 DEBUG   [chilepropiedades] 10 avisos vía tarjetas
17:44:56 INFO      chilepropiedades: 30 avisos en 5s
17:44:56 INFO    Barriendo BuscoNido (busconido)…
17:44:57 DEBUG   [busconido] 23 avisos vía tarjetas
17:44:57 INFO      busconido: 23 avisos en 1s
17:44:57 INFO    Barriendo BienesOnline (bienesonline)…
17:44:58 DEBUG   [bienesonline] 11 avisos vía tarjetas
17:44:58 INFO      bienesonline: 11 avisos en 1s
17:44:58 INFO    Barriendo Economicos (El Mercurio) (economicos)…
17:44:59 WARNING https://www.economicos.cl/search/propiedades/vitacura/arriendo/departamento/0 respondió 403
17:44:59 INFO    [economicos] https://www.economicos.cl/search/propiedades/vitacura/arriendo/departamento/0 rebotó al GET; se reintenta con navegador
17:44:59 DEBUG   La red no quedó en silencio en https://www.toctoc.com/arriendo/departamento/metropolitana/vitacura/3-dormitorios; se lee igual
17:45:00 DEBUG   [toctoc] 20 avisos vía json-ld
17:45:02 DEBUG   La red no quedó en silencio en https://www.yapo.cl/bienes-raices-alquiler-apartamentos/region-metropolitana-vitacura; se lee igual
17:45:02 INFO      yapo: 0 avisos en 10s
17:45:02 INFO    Barriendo iCasas (icasas)…
17:45:02 DEBUG   [icasas] 15 avisos vía tarjetas
17:45:03 INFO      economicos: 0 avisos en 5s
17:45:03 INFO    Barriendo Doomos (doomos)…
17:45:04 DEBUG   [icasas] 15 avisos vía tarjetas
17:45:04 INFO      icasas: 30 avisos en 3s
17:45:04 INFO    Barriendo Top Propiedades (toppropiedades)…
17:45:08 DEBUG   [toppropiedades] 1 avisos vía json-ld
17:45:10 DEBUG   [toppropiedades] 1 avisos vía json-ld
17:45:10 DEBUG   La red no quedó en silencio en https://www.toctoc.com/arriendo/departamento/metropolitana/vitacura/3-dormitorios?pagina=2; se lee igual
17:45:10 DEBUG   [toctoc] 20 avisos vía json-ld
17:45:12 DEBUG   [toppropiedades] 1 avisos vía json-ld
17:45:14 DEBUG   [toppropiedades] 1 avisos vía json-ld
17:45:16 DEBUG   [toppropiedades] 1 avisos vía json-ld
17:45:18 DEBUG   La red no quedó en silencio en https://www.toctoc.com/arriendo/departamento/metropolitana/vitacura/3-dormitorios?pagina=3; se lee igual
17:45:18 DEBUG   [toppropiedades] 1 avisos vía json-ld
17:45:18 DEBUG   [toctoc] 17 avisos vía json-ld
17:45:20 DEBUG   [toppropiedades] 1 avisos vía json-ld
17:45:20 DEBUG   [doomos] 32 avisos vía tarjetas
17:45:20 INFO      doomos: 32 avisos en 17s
17:45:20 INFO    Barriendo Nuroa (nuroa)…
17:45:21 DEBUG   Encoding detection: ascii is most likely the one.
17:45:22 DEBUG   [toppropiedades] 1 avisos vía json-ld
17:45:22 INFO      toppropiedades: 8 avisos en 18s
17:45:22 INFO    Barriendo Mitula (mitula)…
17:45:23 DEBUG   [nuroa] 25 avisos vía json-ld
17:45:25 DEBUG   [mitula] 30 avisos vía json-ld
17:45:25 DEBUG   [nuroa] 25 avisos vía json-ld
17:45:26 DEBUG   La red no quedó en silencio en https://www.toctoc.com/arriendo/departamento/metropolitana/vitacura/4-dormitorios; se lee igual
17:45:26 DEBUG   [nuroa] 25 avisos vía json-ld
17:45:27 DEBUG   [toctoc] 20 avisos vía json-ld
17:45:28 DEBUG   [mitula] 30 avisos vía json-ld
17:45:28 INFO      mitula: 60 avisos en 6s
17:45:28 INFO    Barriendo Houm (houm)…
17:45:28 DEBUG   [nuroa] 25 avisos vía json-ld
17:45:29 INFO      nuroa: 100 avisos en 8s
17:45:29 INFO    Barriendo Hey! Homes (heyhomes)…
17:45:30 DEBUG   [goplaceit] 30 avisos vía json-ld
17:45:31 DEBUG   [heyhomes] 9 avisos vía tarjetas
17:45:31 INFO      heyhomes: 9 avisos en 2s
17:45:31 INFO    Barriendo Engel & Völkers (engelvoelkers)…
17:45:35 DEBUG   La red no quedó en silencio en https://www.toctoc.com/arriendo/departamento/metropolitana/vitacura/4-dormitorios?pagina=2; se lee igual
17:45:35 DEBUG   [toctoc] 15 avisos vía json-ld
17:45:38 DEBUG   La red no quedó en silencio en https://houm.com/cl/arriendo-departamentos-region-metropolitana/vitacura/3-dormitorios; se lee igual
17:45:38 DEBUG   [houm] 28 avisos vía json-ld
17:45:42 DEBUG   [engelvoelkers] 18 avisos vía tarjetas
17:45:42 INFO      engelvoelkers: 18 avisos en 11s
17:45:42 INFO    Barriendo RE/MAX Chile (remax)…
17:45:46 DEBUG   [toctoc] 20 avisos vía json-ld
17:45:46 INFO      toctoc: 112 avisos en 55s
17:45:46 INFO    Barriendo Fuenzalida Propiedades (fuenzalida)…
17:45:49 DEBUG   [fuenzalida] 16 avisos vía tarjetas
17:45:49 DEBUG   La red no quedó en silencio en https://houm.com/cl/arriendo-departamento-región-metropolitana/las-condes/170742; se lee igual
17:45:49 DEBUG   [houm] 1 avisos vía estado-embebido
17:45:51 DEBUG   [fuenzalida] 20 avisos vía tarjetas
17:45:53 DEBUG   [fuenzalida] 20 avisos vía tarjetas
17:45:53 INFO      fuenzalida: 56 avisos en 6s
17:45:53 INFO    Barriendo Century 21 Chile (century21)…
17:45:54 INFO      century21: 0 avisos en 1s
17:45:54 INFO    Barriendo Property Partners (propertypartners)…
17:45:54 DEBUG   [propertypartners] 1 avisos vía tarjetas
17:45:54 INFO      propertypartners: 1 avisos en 0s
17:45:54 INFO    Barriendo Acceso Inmobiliario (accesoinmobiliario)…
17:45:56 DEBUG   La red no quedó en silencio en https://www.remax.cl/es-cl/busqueda/metropolitana-de-santiago/santiago/vitacura/residencial-departamento/arriendo/; se lee igual
17:45:57 DEBUG   [remax] 3 avisos vía tarjetas
17:45:58 DEBUG   La red no quedó en silencio en https://houm.com/cl/arriendo-departamento-región-metropolitana/ñuñoa/181066; se lee igual
17:45:58 DEBUG   [houm] 1 avisos vía estado-embebido
17:46:01 DEBUG   [accesoinmobiliario] 15 avisos vía tarjetas
17:46:03 INFO      remax: 3 avisos en 22s
17:46:03 INFO    Barriendo Magnolia Property (magnoliaproperty)…
17:46:04 DEBUG   [magnoliaproperty] 6 avisos vía tarjetas
17:46:04 INFO      magnoliaproperty: 6 avisos en 1s
17:46:04 INFO    Barriendo Portilla Propiedades (portillapropiedades)…
17:46:05 DEBUG   [portillapropiedades] 2 avisos vía tarjetas
17:46:05 INFO      portillapropiedades: 2 avisos en 1s
17:46:05 INFO    Barriendo Nativo Propiedades (nativopropiedades)…
17:46:05 DEBUG   [nativopropiedades] 10 avisos vía tarjetas
17:46:05 INFO      nativopropiedades: 10 avisos en 1s
17:46:05 INFO    Barriendo Enlace Inmobiliario (enlaceinmobiliario)…
17:46:06 WARNING https://www.enlaceinmobiliario.cl/ respondió 403
17:46:06 INFO    [enlaceinmobiliario] https://www.enlaceinmobiliario.cl/ rebotó al GET; se reintenta con navegador
17:46:09 DEBUG   La red no quedó en silencio en https://houm.com/cl/arriendo-departamento-región-metropolitana/lo-barnechea/74201; se lee igual
17:46:09 DEBUG   [houm] 1 avisos vía estado-embebido
17:46:15 DEBUG   La red no quedó en silencio en https://www.enlaceinmobiliario.cl/; se lee igual
17:46:15 INFO      enlaceinmobiliario: 0 avisos en 10s
17:46:15 INFO    Barriendo Rentas.cl (rentas_cl)…
17:46:17 DEBUG   [rentas_cl] 1 avisos vía json-ld
17:46:17 INFO      rentas_cl: 1 avisos en 2s
17:46:17 INFO    Barriendo Arriendos.cl (arriendos_cl)…
17:46:18 DEBUG   [accesoinmobiliario] 1 avisos vía tarjetas
17:46:18 DEBUG   [arriendos_cl] 3 avisos vía tarjetas
17:46:18 INFO      arriendos_cl: 3 avisos en 1s
17:46:18 INFO    Barriendo Propiedades.cl (propiedades_cl)…
17:46:19 DEBUG   [propiedades_cl] 6 avisos vía tarjetas
17:46:19 INFO      propiedades_cl: 6 avisos en 1s
17:46:19 INFO    Barriendo Clasificados.cl (clasificados_cl)…
17:46:20 DEBUG   La red no quedó en silencio en https://houm.com/cl/arriendo-departamento-región-metropolitana/recoleta/178185; se lee igual
17:46:21 DEBUG   [houm] 1 avisos vía estado-embebido
17:46:21 INFO      clasificados_cl: 0 avisos en 2s
17:46:23 DEBUG   [accesoinmobiliario] 1 avisos vía tarjetas
17:46:26 DEBUG   [goplaceit] 30 avisos vía json-ld
17:46:29 DEBUG   La red no quedó en silencio en https://houm.com/cl/arriendo-departamento-región-metropolitana/recoleta/176207; se lee igual
17:46:29 DEBUG   [houm] 1 avisos vía estado-embebido
17:46:31 DEBUG   [accesoinmobiliario] 1 avisos vía tarjetas
17:46:39 DEBUG   La red no quedó en silencio en https://houm.com/cl/arriendo-departamento-región-metropolitana/las-condes/177842; se lee igual
17:46:39 DEBUG   [houm] 1 avisos vía estado-embebido
17:46:48 DEBUG   La red no quedó en silencio en https://houm.com/cl/arriendo-departamento-región-metropolitana/recoleta/176958; se lee igual
17:46:48 DEBUG   [houm] 1 avisos vía estado-embebido
17:46:56 DEBUG   La red no quedó en silencio en https://houm.com/cl/arriendo-departamento-región-metropolitana/recoleta/90462; se lee igual
17:46:56 DEBUG   [houm] 1 avisos vía estado-embebido
17:46:56 INFO      houm: 36 avisos en 88s
17:46:57 INFO      accesoinmobiliario: 18 avisos en 62s
17:47:00 INFO      goplaceit: 90 avisos en 128s
17:47:00 INFO    Total crudo: 665 avisos
17:47:00 INFO    Después de deduplicar: 502
17:47:01 INFO    Pasaron los filtros: 61
17:47:37 DEBUG   [doomos] 18 avisos vía tarjetas
17:47:37 DEBUG   Ficha de YVT22 sin candidato propio; no se fusiona
17:47:38 DEBUG   Ficha de HW5MX sin candidato propio; no se fusiona
17:47:41 DEBUG   [doomos] 27 avisos vía tarjetas
17:47:41 DEBUG   Ficha de U44VT sin candidato propio; no se fusiona
17:47:47 DEBUG   [doomos] 27 avisos vía tarjetas
17:47:47 DEBUG   Ficha de KNAE9 sin candidato propio; no se fusiona
17:47:53 DEBUG   [doomos] 27 avisos vía tarjetas
17:47:53 DEBUG   Ficha de PR3QK sin candidato propio; no se fusiona
17:48:02 DEBUG   [doomos] 27 avisos vía tarjetas
17:48:02 DEBUG   Ficha de 2HWEW sin candidato propio; no se fusiona
17:48:22 WARNING Error en https://www.doomos.cl/de/2168989_estupendo-depto-excelente-ubicacion-vitacura.html (intento 1/3): HTTPSConnectionPool(host='www.doomos.cl', port=443): Read timed out. (read timeout=20)
17:48:44 WARNING Error en https://www.doomos.cl/de/2168989_estupendo-depto-excelente-ubicacion-vitacura.html (intento 2/3): HTTPSConnectionPool(host='www.doomos.cl', port=443): Read timed out. (read timeout=20)
17:49:08 WARNING Error en https://www.doomos.cl/de/2168989_estupendo-depto-excelente-ubicacion-vitacura.html (intento 3/3): HTTPSConnectionPool(host='www.doomos.cl', port=443): Read timed out. (read timeout=20)
17:49:11 DEBUG   Pin del mapa para RN2ZV: -33.40851, -70.57238
17:49:11 DEBUG   [accesoinmobiliario] 1 avisos vía tarjetas
17:49:11 INFO    Enriquecido y descartado: RN2ZV (Las Condes a 3.1 km, fuera del anillo de 1.2 km)
17:49:17 DEBUG   La red no quedó en silencio en https://www.remax.cl/es-cl/propiedades/departamento/arriendo/vitacura/1028056067-99; se lee igual
17:49:17 DEBUG   [remax] 1 avisos vía json-ld
17:49:20 DEBUG   Pin del mapa para 2YFWT: -33.00236, -71.26551
17:49:20 INFO    Enriquecido y descartado: 2YFWT (a 77.9 km del ancla, demasiado lejos para estar en la zona (y el aviso no dice la comuna))
17:49:27 DEBUG   [toctoc] 1 avisos vía estado-embebido
17:49:33 DEBUG   Pin del mapa para EUJGC: -33.38419, -70.55936
17:49:33 DEBUG   [toctoc] 1 avisos vía estado-embebido
17:49:38 DEBUG   [toctoc] 1 avisos vía estado-embebido
17:49:56 DEBUG   [doomos] 27 avisos vía tarjetas
17:49:56 DEBUG   Ficha de FQ6XQ sin candidato propio; no se fusiona
17:50:00 DEBUG   [engelvoelkers] 1 avisos vía json-ld
17:50:02 DEBUG   [busconido] 10 avisos vía tarjetas
17:50:02 DEBUG   Ficha de WBE6R sin candidato propio; no se fusiona
17:50:04 DEBUG   [busconido] 11 avisos vía tarjetas
17:50:04 DEBUG   Ficha de PP7RP sin candidato propio; no se fusiona
17:50:06 DEBUG   [busconido] 11 avisos vía tarjetas
17:50:06 DEBUG   Ficha de MZT4M sin candidato propio; no se fusiona
17:50:09 INFO    Enriquecido y descartado: YAVJA (arriendo de $3.517.371 sobre el máximo negociable de $1.904.000)
17:50:20 INFO    Enriquecido y descartado: CC2AY (arriendo de $2.032.258 sobre el máximo negociable de $1.904.000)
17:50:21 DEBUG   [busconido] 11 avisos vía tarjetas
17:50:21 DEBUG   Ficha de 75TZH sin candidato propio; no se fusiona
17:50:22 DEBUG   Ficha de HMZCQ sin candidato propio; no se fusiona
17:50:35 DEBUG   [doomos] 18 avisos vía tarjetas
17:50:35 DEBUG   Ficha de J5JN4 sin candidato propio; no se fusiona
17:50:35 WARNING robots.txt no permite https://www.nuroa.cl/adform/10342-912-101d5-1a0ff48-a45a-2e1434470692-7ad1?click_type=0&pos=5&searchType=1&page=2&section=1&t_sec=1&sectionType=1&pageViewId=7ddcb089-16f4-49d0-920e-a87b8af12744&t_pvid=7ddcb089-16f4-49d0-920e-a87b8af12744&userAgent=Mozilla%2F5.0+%28compatible%3B+radar-arriendos%2F1.0%3B+uso+personal%2C+busqueda+de+arriendo%3B+%2Bhttps%3A%2F%2Fgithub.com%2Falfonsoandona%2Farriendos-vitacura%29&browser=1&isHuman=true&userIp=172.182.193.103&what=vitacura+departamento&search_terms=vitacura+departamento&origin=1&t_or=1&splitTestId=0 — se omite
17:50:41 DEBUG   [toctoc] 1 avisos vía estado-embebido
17:50:49 DEBUG   [toctoc] 1 avisos vía estado-embebido
17:50:57 DEBUG   [engelvoelkers] 1 avisos vía json-ld
17:51:09 DEBUG   [doomos] 27 avisos vía tarjetas
17:51:09 DEBUG   Ficha de P8XMT sin candidato propio; no se fusiona
17:51:14 DEBUG   [toctoc] 1 avisos vía estado-embebido
17:51:19 DEBUG   [toctoc] 1 avisos vía estado-embebido
17:51:24 DEBUG   [toctoc] 1 avisos vía estado-embebido
17:51:33 DEBUG   [toctoc] 1 avisos vía estado-embebido
17:51:40 DEBUG   La red no quedó en silencio en https://www.toctoc.com/arriendo/departamento/metropolitana/vitacura/b_8c9ee4012cd3abae9a346f5c20131ca3ab90095d; se lee igual
17:51:40 DEBUG   [toctoc] 1 avisos vía estado-embebido
17:51:45 DEBUG   [toctoc] 1 avisos vía estado-embebido
17:51:50 DEBUG   [toctoc] 1 avisos vía estado-embebido
17:52:13 INFO    Enriquecido y descartado: 75BRH (arriendo de $2.149.504 sobre el máximo negociable de $1.904.000)
17:52:17 INFO    Enriquecido y descartado: 75BRH (arriendo de $1.954.095 sobre el máximo negociable de $1.904.000)
17:52:32 DEBUG   [toctoc] 1 avisos vía estado-embebido
17:52:36 WARNING robots.txt no permite https://www.nuroa.cl/adform/10342-912-3e9b-1a0e30e-bd4c-4f30fb45531b-7a22?click_type=0&pos=7&searchType=1&page=2&section=1&t_sec=1&sectionType=1&pageViewId=7ddcb089-16f4-49d0-920e-a87b8af12744&t_pvid=7ddcb089-16f4-49d0-920e-a87b8af12744&userAgent=Mozilla%2F5.0+%28compatible%3B+radar-arriendos%2F1.0%3B+uso+personal%2C+busqueda+de+arriendo%3B+%2Bhttps%3A%2F%2Fgithub.com%2Falfonsoandona%2Farriendos-vitacura%29&browser=1&isHuman=true&userIp=172.182.193.103&what=vitacura+departamento&search_terms=vitacura+departamento&origin=1&t_or=1&splitTestId=0 — se omite
17:52:36 WARNING robots.txt no permite https://www.nuroa.cl/adform/10342-912-e7f8-1a0a016-97e0-4460cb69457-7a3c?click_type=0&pos=10&searchType=1&page=4&section=1&t_sec=1&sectionType=1&pageViewId=31610809-5099-40ba-bcd9-d380149918e0&t_pvid=31610809-5099-40ba-bcd9-d380149918e0&userAgent=Mozilla%2F5.0+%28compatible%3B+radar-arriendos%2F1.0%3B+uso+personal%2C+busqueda+de+arriendo%3B+%2Bhttps%3A%2F%2Fgithub.com%2Falfonsoandona%2Farriendos-vitacura%29&browser=1&isHuman=true&userIp=172.182.193.103&what=vitacura+departamento&search_terms=vitacura+departamento&origin=1&t_or=1&splitTestId=0 — se omite
17:52:41 DEBUG   [toctoc] 1 avisos vía estado-embebido
17:52:42 DEBUG   [mitula] 3 avisos vía tarjetas
17:52:45 INFO    Enriquecido y descartado: 75BRH (arriendo de $4.299.009 sobre el máximo negociable de $1.904.000)
17:52:49 INFO    Fichas leídas: 61 — 3 ganaron el año, 1 la dirección; 7 se descartaron al verlas (0 por viejos)
17:52:50 INFO    Listo: 0 avisados de 54 candidatos
