04:03:08 INFO    UF = $40.869.82 (API del día)
04:03:08 INFO    Barriendo TocToc (toctoc)…
04:03:08 INFO    Barriendo Chilepropiedades (chilepropiedades)…
04:03:08 INFO    Barriendo GoPlaceIt (goplaceit)…
04:03:08 INFO    Barriendo Yapo (yapo)…
04:03:09 DEBUG   [chilepropiedades] 10 avisos vía tarjetas
04:03:10 DEBUG   [yapo] 30 avisos vía tarjetas
04:03:11 DEBUG   [chilepropiedades] 10 avisos vía tarjetas
04:03:12 DEBUG   [yapo] 30 avisos vía tarjetas
04:03:13 DEBUG   [chilepropiedades] 10 avisos vía tarjetas
04:03:13 INFO      chilepropiedades: 30 avisos en 5s
04:03:13 INFO    Barriendo BuscoNido (busconido)…
04:03:13 DEBUG   [goplaceit] 30 avisos vía json-ld
04:03:14 DEBUG   [busconido] 23 avisos vía tarjetas
04:03:14 INFO      busconido: 23 avisos en 1s
04:03:14 INFO    Barriendo BienesOnline (bienesonline)…
04:03:14 DEBUG   [yapo] 30 avisos vía tarjetas
04:03:14 INFO      yapo: 90 avisos en 6s
04:03:14 INFO    Barriendo Economicos (El Mercurio) (economicos)…
04:03:15 DEBUG   [bienesonline] 2 avisos vía tarjetas
04:03:15 INFO      bienesonline: 2 avisos en 1s
04:03:15 INFO    Barriendo iCasas (icasas)…
04:03:15 WARNING https://www.economicos.cl/search/propiedades/vitacura/arriendo/departamento/0 respondió 403
04:03:15 INFO    [economicos] https://www.economicos.cl/search/propiedades/vitacura/arriendo/departamento/0 rebotó al GET; se reintenta con navegador
04:03:15 DEBUG   [toctoc] 20 avisos vía json-ld
04:03:16 DEBUG   [icasas] 15 avisos vía tarjetas
04:03:16 INFO      economicos: 0 avisos en 2s
04:03:16 INFO    Barriendo Doomos (doomos)…
04:03:17 DEBUG   [icasas] 15 avisos vía tarjetas
04:03:17 INFO      icasas: 30 avisos en 3s
04:03:17 INFO    Barriendo Top Propiedades (toppropiedades)…
04:03:19 DEBUG   [doomos] 31 avisos vía tarjetas
04:03:19 INFO      doomos: 31 avisos en 3s
04:03:19 INFO    Barriendo Nuroa (nuroa)…
04:03:20 DEBUG   Encoding detection: ascii is most likely the one.
04:03:21 DEBUG   [nuroa] 25 avisos vía json-ld
04:03:21 DEBUG   [toppropiedades] 1 avisos vía json-ld
04:03:22 DEBUG   [toctoc] 20 avisos vía json-ld
04:03:23 DEBUG   [nuroa] 25 avisos vía json-ld
04:03:23 DEBUG   [toppropiedades] 1 avisos vía json-ld
04:03:25 DEBUG   [nuroa] 25 avisos vía json-ld
04:03:25 DEBUG   [toppropiedades] 1 avisos vía json-ld
04:03:27 DEBUG   [toppropiedades] 1 avisos vía json-ld
04:03:27 DEBUG   [nuroa] 25 avisos vía json-ld
04:03:28 INFO      nuroa: 100 avisos en 9s
04:03:28 INFO    Barriendo Mitula (mitula)…
04:03:28 WARNING https://casas.mitula.cl/casas/arriendo-departamentos-vitacura respondió 401
04:03:28 INFO    [mitula] https://casas.mitula.cl/casas/arriendo-departamentos-vitacura rebotó al GET; se reintenta con navegador
04:03:29 DEBUG   [toppropiedades] 1 avisos vía json-ld
04:03:30 DEBUG   [toctoc] 20 avisos vía json-ld
04:03:31 INFO      mitula: 0 avisos en 3s
04:03:31 INFO    Barriendo Houm (houm)…
04:03:31 DEBUG   [toppropiedades] 1 avisos vía json-ld
04:03:33 DEBUG   [toppropiedades] 1 avisos vía json-ld
04:03:35 DEBUG   [toppropiedades] 1 avisos vía json-ld
04:03:35 INFO      toppropiedades: 8 avisos en 18s
04:03:35 INFO    Barriendo Hey! Homes (heyhomes)…
04:03:37 DEBUG   [toctoc] 20 avisos vía json-ld
04:03:38 DEBUG   [heyhomes] 9 avisos vía tarjetas
04:03:38 INFO      heyhomes: 9 avisos en 3s
04:03:38 INFO    Barriendo Engel & Völkers (engelvoelkers)…
04:03:40 DEBUG   La red no quedó en silencio en https://houm.com/cl/arriendo-departamentos-region-metropolitana/vitacura/3-dormitorios; se lee igual
04:03:40 DEBUG   [houm] 28 avisos vía json-ld
04:03:46 DEBUG   [engelvoelkers] 17 avisos vía tarjetas
04:03:46 INFO      engelvoelkers: 17 avisos en 8s
04:03:46 INFO    Barriendo RE/MAX Chile (remax)…
04:03:46 DEBUG   [toctoc] 20 avisos vía json-ld
04:03:53 DEBUG   La red no quedó en silencio en https://houm.com/cl/arriendo-departamento-región-metropolitana/las-condes/170742; se lee igual
04:03:53 DEBUG   [houm] 1 avisos vía estado-embebido
04:03:54 INFO      remax: 0 avisos en 9s
04:03:54 INFO    Barriendo Fuenzalida Propiedades (fuenzalida)…
04:03:57 DEBUG   [fuenzalida] 16 avisos vía tarjetas
04:03:58 DEBUG   [goplaceit] 30 avisos vía json-ld
04:03:59 DEBUG   La red no quedó en silencio en https://www.toctoc.com/arriendo/departamento/metropolitana/vitacura/4-dormitorios?pagina=3; se lee igual
04:04:00 DEBUG   [toctoc] 6 avisos vía json-ld
04:04:00 INFO      toctoc: 106 avisos en 52s
04:04:00 INFO    Barriendo Century 21 Chile (century21)…
04:04:01 DEBUG   [fuenzalida] 20 avisos vía tarjetas
04:04:03 INFO      century21: 0 avisos en 2s
04:04:03 INFO    Barriendo Property Partners (propertypartners)…
04:04:03 DEBUG   [propertypartners] 1 avisos vía tarjetas
04:04:03 INFO      propertypartners: 1 avisos en 0s
04:04:03 INFO    Barriendo Acceso Inmobiliario (accesoinmobiliario)…
04:04:03 DEBUG   [fuenzalida] 20 avisos vía tarjetas
04:04:03 INFO      fuenzalida: 56 avisos en 9s
04:04:03 INFO    Barriendo Magnolia Property (magnoliaproperty)…
04:04:04 DEBUG   [magnoliaproperty] 7 avisos vía tarjetas
04:04:04 INFO      magnoliaproperty: 7 avisos en 1s
04:04:04 INFO    Barriendo Portilla Propiedades (portillapropiedades)…
04:04:05 DEBUG   [portillapropiedades] 2 avisos vía tarjetas
04:04:05 INFO      portillapropiedades: 2 avisos en 1s
04:04:05 INFO    Barriendo Nativo Propiedades (nativopropiedades)…
04:04:05 DEBUG   La red no quedó en silencio en https://houm.com/cl/arriendo-departamento-región-metropolitana/las-condes/175757; se lee igual
04:04:05 DEBUG   [houm] 1 avisos vía estado-embebido
04:04:06 DEBUG   [nativopropiedades] 7 avisos vía tarjetas
04:04:06 INFO      nativopropiedades: 7 avisos en 1s
04:04:06 INFO    Barriendo Enlace Inmobiliario (enlaceinmobiliario)…
04:04:06 WARNING https://www.enlaceinmobiliario.cl/ respondió 403
04:04:06 INFO    [enlaceinmobiliario] https://www.enlaceinmobiliario.cl/ rebotó al GET; se reintenta con navegador
04:04:06 DEBUG   [accesoinmobiliario] 16 avisos vía tarjetas
04:04:14 DEBUG   La red no quedó en silencio en https://houm.com/cl/arriendo-departamento-región-metropolitana/ñuñoa/176912; se lee igual
04:04:14 DEBUG   [houm] 1 avisos vía estado-embebido
04:04:16 DEBUG   [accesoinmobiliario] 1 avisos vía tarjetas
04:04:16 DEBUG   La red no quedó en silencio en https://www.enlaceinmobiliario.cl/; se lee igual
04:04:16 INFO      enlaceinmobiliario: 0 avisos en 11s
04:04:16 INFO    Barriendo Rentas.cl (rentas_cl)…
04:04:18 DEBUG   [rentas_cl] 1 avisos vía json-ld
04:04:18 INFO      rentas_cl: 1 avisos en 2s
04:04:18 INFO    Barriendo Arriendos.cl (arriendos_cl)…
04:04:19 INFO      arriendos_cl: 0 avisos en 1s
04:04:19 INFO    Barriendo Propiedades.cl (propiedades_cl)…
04:04:20 DEBUG   [propiedades_cl] 6 avisos vía tarjetas
04:04:20 INFO      propiedades_cl: 6 avisos en 1s
04:04:20 INFO    Barriendo Clasificados.cl (clasificados_cl)…
04:04:22 DEBUG   [accesoinmobiliario] 1 avisos vía tarjetas
04:04:23 DEBUG   [clasificados_cl] 1 avisos vía tarjetas
04:04:23 INFO      clasificados_cl: 1 avisos en 2s
04:04:24 DEBUG   La red no quedó en silencio en https://houm.com/cl/arriendo-departamento-región-metropolitana/ñuñoa/174379; se lee igual
04:04:24 DEBUG   [houm] 1 avisos vía estado-embebido
04:04:33 DEBUG   La red no quedó en silencio en https://houm.com/cl/arriendo-departamento-región-metropolitana/recoleta/178185; se lee igual
04:04:33 DEBUG   [houm] 1 avisos vía estado-embebido
04:04:34 DEBUG   [accesoinmobiliario] 1 avisos vía tarjetas
04:04:39 DEBUG   [accesoinmobiliario] 1 avisos vía tarjetas
04:04:41 DEBUG   La red no quedó en silencio en https://houm.com/cl/arriendo-departamento-región-metropolitana/las-condes/177842; se lee igual
04:04:41 DEBUG   [houm] 1 avisos vía estado-embebido
04:04:42 DEBUG   [goplaceit] 30 avisos vía json-ld
04:04:43 DEBUG   [accesoinmobiliario] 1 avisos vía tarjetas
04:04:43 INFO      accesoinmobiliario: 21 avisos en 40s
04:04:49 DEBUG   La red no quedó en silencio en https://houm.com/cl/arriendo-departamento-región-metropolitana/recoleta/176958; se lee igual
04:04:49 DEBUG   [houm] 1 avisos vía estado-embebido
04:04:57 DEBUG   La red no quedó en silencio en https://houm.com/cl/arriendo-departamento-región-metropolitana/recoleta/90462; se lee igual
04:04:57 DEBUG   [houm] 1 avisos vía estado-embebido
04:04:57 INFO      houm: 36 avisos en 86s
04:05:09 INFO      goplaceit: 90 avisos en 121s
04:05:09 INFO    Total crudo: 674 avisos
04:05:09 INFO    Después de deduplicar: 407
04:05:10 INFO    Pasaron los filtros: 55
04:05:51 DEBUG   [doomos] 18 avisos vía tarjetas
04:05:51 DEBUG   Ficha de YVT22 sin candidato propio; no se fusiona
04:05:52 DEBUG   Ficha de HW5MX sin candidato propio; no se fusiona
04:05:53 DEBUG   [doomos] 27 avisos vía tarjetas
04:05:53 DEBUG   Ficha de U44VT sin candidato propio; no se fusiona
04:05:56 DEBUG   [doomos] 27 avisos vía tarjetas
04:05:56 DEBUG   Ficha de 2HWEW sin candidato propio; no se fusiona
04:05:57 DEBUG   [doomos] 27 avisos vía tarjetas
04:05:57 DEBUG   Ficha de ZWNAN sin candidato propio; no se fusiona
04:05:58 WARNING Se pasó del tiempo al abrir http://GG.CC (Error); se lee lo que alcanzó a llegar
04:06:03 DEBUG   [toctoc] 1 avisos vía estado-embebido
04:06:03 DEBUG   [busconido] 11 avisos vía tarjetas
04:06:03 DEBUG   Ficha de 8EPNP sin candidato propio; no se fusiona
04:06:05 DEBUG   [busconido] 10 avisos vía tarjetas
04:06:05 DEBUG   Ficha de VWVRP sin candidato propio; no se fusiona
04:06:07 DEBUG   [busconido] 11 avisos vía tarjetas
04:06:07 DEBUG   Ficha de YYHED sin candidato propio; no se fusiona
04:06:09 DEBUG   [busconido] 10 avisos vía tarjetas
04:06:09 DEBUG   Ficha de 7GC3T sin candidato propio; no se fusiona
04:06:11 DEBUG   [busconido] 5 avisos vía tarjetas
04:06:11 DEBUG   Ficha de 263YQ sin candidato propio; no se fusiona
04:06:13 DEBUG   [busconido] 10 avisos vía tarjetas
04:06:13 DEBUG   Ficha de K56PQ sin candidato propio; no se fusiona
04:06:15 DEBUG   [busconido] 11 avisos vía tarjetas
04:06:15 DEBUG   Ficha de AK7SS sin candidato propio; no se fusiona
04:06:17 DEBUG   [busconido] 11 avisos vía tarjetas
04:06:17 DEBUG   Ficha de W7NQZ sin candidato propio; no se fusiona
04:06:19 DEBUG   [busconido] 10 avisos vía tarjetas
04:06:19 DEBUG   Ficha de B8C6N sin candidato propio; no se fusiona
04:06:21 DEBUG   [busconido] 11 avisos vía tarjetas
04:06:21 DEBUG   Ficha de VJTVY sin candidato propio; no se fusiona
04:06:23 DEBUG   [busconido] 10 avisos vía tarjetas
04:06:23 DEBUG   Ficha de UNRNC sin candidato propio; no se fusiona
04:06:25 DEBUG   [busconido] 10 avisos vía tarjetas
04:06:25 DEBUG   Ficha de SMCCK sin candidato propio; no se fusiona
04:06:27 DEBUG   [busconido] 10 avisos vía tarjetas
04:06:27 DEBUG   Ficha de BE893 sin candidato propio; no se fusiona
04:06:29 DEBUG   [busconido] 10 avisos vía tarjetas
04:06:29 DEBUG   Ficha de UVQY7 sin candidato propio; no se fusiona
04:06:30 DEBUG   [doomos] 18 avisos vía tarjetas
04:06:30 DEBUG   Ficha de J5JN4 sin candidato propio; no se fusiona
04:06:34 DEBUG   [toctoc] 1 avisos vía estado-embebido
04:06:39 DEBUG   [doomos] 27 avisos vía tarjetas
04:06:39 DEBUG   Ficha de P8XMT sin candidato propio; no se fusiona
04:06:43 DEBUG   [engelvoelkers] 1 avisos vía json-ld
04:06:46 DEBUG   [toctoc] 1 avisos vía estado-embebido
04:06:52 DEBUG   [toctoc] 1 avisos vía estado-embebido
04:06:56 DEBUG   [toctoc] 1 avisos vía estado-embebido
04:07:06 DEBUG   [toctoc] 1 avisos vía estado-embebido
04:07:13 DEBUG   [toctoc] 1 avisos vía estado-embebido
04:07:13 DEBUG   [chilepropiedades] 2 avisos vía json-ld
04:07:17 DEBUG   [toctoc] 1 avisos vía estado-embebido
04:07:22 DEBUG   [toctoc] 1 avisos vía estado-embebido
04:07:26 INFO    Enriquecido y descartado: 75BRH (arriendo de $2.931.142 sobre el máximo negociable de $1.904.000)
04:07:51 INFO    Enriquecido y descartado: 75BRH (arriendo de $2.149.504 sobre el máximo negociable de $1.904.000)
04:07:59 INFO    Enriquecido y descartado: 75BRH (arriendo de $1.954.095 sobre el máximo negociable de $1.904.000)
04:08:15 DEBUG   [toctoc] 1 avisos vía estado-embebido
04:08:24 DEBUG   [toctoc] 1 avisos vía estado-embebido
04:08:28 DEBUG   [toctoc] 1 avisos vía estado-embebido
04:08:32 INFO    Enriquecido y descartado: 75BRH (arriendo de $4.611.664 sobre el máximo negociable de $1.904.000)
04:08:36 INFO    Fichas leídas: 55 — 0 ganaron el año, 0 la dirección; 4 se descartaron al verlas (0 por viejos)
04:08:37 INFO    Listo: 0 avisados de 51 candidatos
