19:56:03 INFO    UF = $40.950.90 (API del día)
19:56:03 INFO    Barriendo TocToc (toctoc)…
19:56:03 INFO    Barriendo Chilepropiedades (chilepropiedades)…
19:56:03 INFO    Barriendo GoPlaceIt (goplaceit)…
19:56:03 INFO    Barriendo Yapo (yapo)…
19:56:03 DEBUG   [chilepropiedades] 10 avisos vía tarjetas
19:56:04 INFO      yapo: 0 avisos en 2s
19:56:04 INFO    Barriendo BuscoNido (busconido)…
19:56:05 DEBUG   [busconido] 23 avisos vía tarjetas
19:56:05 INFO      busconido: 23 avisos en 1s
19:56:05 INFO    Barriendo BienesOnline (bienesonline)…
19:56:05 DEBUG   [chilepropiedades] 10 avisos vía tarjetas
19:56:06 DEBUG   [bienesonline] 17 avisos vía tarjetas
19:56:06 INFO      bienesonline: 17 avisos en 1s
19:56:06 INFO    Barriendo Economicos (El Mercurio) (economicos)…
19:56:06 DEBUG   [goplaceit] 30 avisos vía json-ld
19:56:06 WARNING https://www.economicos.cl/search/propiedades/vitacura/arriendo/departamento/0 respondió 403
19:56:06 INFO    [economicos] https://www.economicos.cl/search/propiedades/vitacura/arriendo/departamento/0 rebotó al GET; se reintenta con navegador
19:56:07 DEBUG   [chilepropiedades] 10 avisos vía tarjetas
19:56:07 INFO      chilepropiedades: 30 avisos en 5s
19:56:07 INFO    Barriendo iCasas (icasas)…
19:56:08 DEBUG   [icasas] 15 avisos vía tarjetas
19:56:10 DEBUG   La red no quedó en silencio en https://www.toctoc.com/arriendo/departamento/metropolitana/vitacura/3-dormitorios; se lee igual
19:56:10 DEBUG   [icasas] 15 avisos vía tarjetas
19:56:10 INFO      icasas: 30 avisos en 3s
19:56:10 INFO    Barriendo Doomos (doomos)…
19:56:10 WARNING https://www.doomos.cl/departamentos-vitacura-arriendo respondió 403
19:56:10 INFO    [doomos] https://www.doomos.cl/departamentos-vitacura-arriendo rebotó al GET; se reintenta con navegador
19:56:11 DEBUG   [toctoc] 20 avisos vía json-ld
19:56:11 INFO      economicos: 0 avisos en 6s
19:56:11 INFO    Barriendo Top Propiedades (toppropiedades)…
19:56:12 INFO      doomos: 0 avisos en 2s
19:56:12 INFO    Barriendo Nuroa (nuroa)…
19:56:12 DEBUG   Encoding detection: ascii is most likely the one.
19:56:14 DEBUG   [nuroa] 25 avisos vía json-ld
19:56:15 DEBUG   [toppropiedades] 1 avisos vía json-ld
19:56:15 DEBUG   [nuroa] 25 avisos vía json-ld
19:56:17 DEBUG   [toppropiedades] 1 avisos vía json-ld
19:56:17 DEBUG   [nuroa] 25 avisos vía json-ld
19:56:19 DEBUG   [toctoc] 20 avisos vía json-ld
19:56:19 DEBUG   [toppropiedades] 1 avisos vía json-ld
19:56:19 DEBUG   [nuroa] 25 avisos vía json-ld
19:56:20 INFO      nuroa: 100 avisos en 8s
19:56:20 INFO    Barriendo Mitula (mitula)…
19:56:21 DEBUG   [toppropiedades] 1 avisos vía json-ld
19:56:22 DEBUG   [mitula] 30 avisos vía json-ld
19:56:23 DEBUG   [toppropiedades] 1 avisos vía json-ld
19:56:24 DEBUG   [mitula] 30 avisos vía json-ld
19:56:24 INFO      mitula: 60 avisos en 5s
19:56:24 INFO    Barriendo Houm (houm)…
19:56:25 DEBUG   [toppropiedades] 1 avisos vía json-ld
19:56:26 DEBUG   La red no quedó en silencio en https://www.toctoc.com/arriendo/departamento/metropolitana/vitacura/3-dormitorios?pagina=3; se lee igual
19:56:26 DEBUG   [toctoc] 20 avisos vía json-ld
19:56:27 DEBUG   [toppropiedades] 1 avisos vía json-ld
19:56:29 DEBUG   [toppropiedades] 1 avisos vía json-ld
19:56:29 INFO      toppropiedades: 8 avisos en 17s
19:56:29 INFO    Barriendo Hey! Homes (heyhomes)…
19:56:30 DEBUG   [houm] 28 avisos vía json-ld
19:56:32 DEBUG   [heyhomes] 9 avisos vía tarjetas
19:56:32 INFO      heyhomes: 9 avisos en 3s
19:56:32 INFO    Barriendo Engel & Völkers (engelvoelkers)…
19:56:36 DEBUG   [toctoc] 20 avisos vía json-ld
19:56:38 DEBUG   La red no quedó en silencio en https://houm.com/cl/arriendo-departamento-región-metropolitana/las-condes/170742; se lee igual
19:56:38 DEBUG   [houm] 1 avisos vía estado-embebido
19:56:42 DEBUG   [engelvoelkers] 16 avisos vía tarjetas
19:56:42 INFO      engelvoelkers: 16 avisos en 10s
19:56:42 INFO    Barriendo RE/MAX Chile (remax)…
19:56:47 DEBUG   La red no quedó en silencio en https://www.toctoc.com/arriendo/departamento/metropolitana/vitacura/4-dormitorios?pagina=2; se lee igual
19:56:47 DEBUG   [toctoc] 13 avisos vía json-ld
19:56:50 DEBUG   La red no quedó en silencio en https://houm.com/cl/arriendo-departamento-región-metropolitana/las-condes/175757; se lee igual
19:56:50 DEBUG   [houm] 1 avisos vía estado-embebido
19:56:50 DEBUG   [goplaceit] 30 avisos vía json-ld
19:56:53 INFO      remax: 0 avisos en 11s
19:56:53 INFO    Barriendo Fuenzalida Propiedades (fuenzalida)…
19:56:55 DEBUG   [toctoc] 20 avisos vía json-ld
19:56:56 INFO      toctoc: 113 avisos en 53s
19:56:56 INFO    Barriendo Century 21 Chile (century21)…
19:56:56 DEBUG   [fuenzalida] 16 avisos vía tarjetas
19:56:57 INFO      century21: 0 avisos en 2s
19:56:57 INFO    Barriendo Property Partners (propertypartners)…
19:56:58 DEBUG   [propertypartners] 1 avisos vía tarjetas
19:56:58 INFO      propertypartners: 1 avisos en 0s
19:56:58 INFO    Barriendo Acceso Inmobiliario (accesoinmobiliario)…
19:56:59 DEBUG   [fuenzalida] 20 avisos vía tarjetas
19:57:01 DEBUG   La red no quedó en silencio en https://houm.com/cl/arriendo-departamento-región-metropolitana/lo-barnechea/74201; se lee igual
19:57:01 DEBUG   [houm] 1 avisos vía estado-embebido
19:57:02 DEBUG   [accesoinmobiliario] 16 avisos vía tarjetas
19:57:03 DEBUG   [fuenzalida] 20 avisos vía tarjetas
19:57:03 INFO      fuenzalida: 56 avisos en 9s
19:57:03 INFO    Barriendo Magnolia Property (magnoliaproperty)…
19:57:04 DEBUG   [magnoliaproperty] 6 avisos vía tarjetas
19:57:04 INFO      magnoliaproperty: 6 avisos en 1s
19:57:04 INFO    Barriendo Portilla Propiedades (portillapropiedades)…
19:57:05 DEBUG   [portillapropiedades] 2 avisos vía tarjetas
19:57:05 INFO      portillapropiedades: 2 avisos en 1s
19:57:05 INFO    Barriendo Nativo Propiedades (nativopropiedades)…
19:57:05 DEBUG   [nativopropiedades] 10 avisos vía tarjetas
19:57:05 INFO      nativopropiedades: 10 avisos en 1s
19:57:05 INFO    Barriendo Enlace Inmobiliario (enlaceinmobiliario)…
19:57:05 WARNING https://www.enlaceinmobiliario.cl/ respondió 403
19:57:05 INFO    [enlaceinmobiliario] https://www.enlaceinmobiliario.cl/ rebotó al GET; se reintenta con navegador
19:57:07 DEBUG   [accesoinmobiliario] 1 avisos vía tarjetas
19:57:09 DEBUG   La red no quedó en silencio en https://houm.com/cl/arriendo-departamento-región-metropolitana/providencia/175947; se lee igual
19:57:10 DEBUG   [houm] 1 avisos vía estado-embebido
19:57:13 INFO      enlaceinmobiliario: 0 avisos en 8s
19:57:13 INFO    Barriendo Rentas.cl (rentas_cl)…
19:57:14 DEBUG   [accesoinmobiliario] 1 avisos vía tarjetas
19:57:15 DEBUG   [rentas_cl] 1 avisos vía json-ld
19:57:15 INFO      rentas_cl: 1 avisos en 2s
19:57:15 INFO    Barriendo Arriendos.cl (arriendos_cl)…
19:57:16 INFO      arriendos_cl: 0 avisos en 1s
19:57:16 INFO    Barriendo Propiedades.cl (propiedades_cl)…
19:57:17 DEBUG   [propiedades_cl] 6 avisos vía tarjetas
19:57:17 INFO      propiedades_cl: 6 avisos en 1s
19:57:17 INFO    Barriendo Clasificados.cl (clasificados_cl)…
19:57:20 DEBUG   [accesoinmobiliario] 1 avisos vía tarjetas
19:57:20 DEBUG   [clasificados_cl] 1 avisos vía tarjetas
19:57:20 INFO      clasificados_cl: 1 avisos en 2s
19:57:21 DEBUG   La red no quedó en silencio en https://houm.com/cl/arriendo-departamento-región-metropolitana/ñuñoa/174379; se lee igual
19:57:21 DEBUG   [houm] 1 avisos vía estado-embebido
19:57:30 DEBUG   La red no quedó en silencio en https://houm.com/cl/arriendo-departamento-región-metropolitana/recoleta/179872; se lee igual
19:57:30 DEBUG   [houm] 1 avisos vía estado-embebido
19:57:33 DEBUG   [goplaceit] 30 avisos vía json-ld
19:57:39 DEBUG   La red no quedó en silencio en https://houm.com/cl/arriendo-departamento-región-metropolitana/recoleta/178185; se lee igual
19:57:39 DEBUG   [houm] 1 avisos vía estado-embebido
19:57:42 DEBUG   [accesoinmobiliario] 1 avisos vía tarjetas
19:57:42 INFO      accesoinmobiliario: 20 avisos en 44s
19:57:47 DEBUG   La red no quedó en silencio en https://houm.com/cl/arriendo-departamento-región-metropolitana/las-condes/177842; se lee igual
19:57:47 DEBUG   [houm] 1 avisos vía estado-embebido
19:57:47 INFO      houm: 36 avisos en 83s
19:58:01 INFO      goplaceit: 90 avisos en 119s
19:58:01 INFO    Total crudo: 635 avisos
19:58:02 INFO    Después de deduplicar: 399
19:58:02 INFO    Pasaron los filtros: 36
19:58:21 DEBUG   Ficha de HW5MX sin candidato propio; no se fusiona
19:58:22 DEBUG   [busconido] 10 avisos vía tarjetas
19:58:22 DEBUG   Ficha de TFTUJ sin candidato propio; no se fusiona
19:58:24 DEBUG   [busconido] 10 avisos vía tarjetas
19:58:24 DEBUG   Ficha de SPFRV sin candidato propio; no se fusiona
19:58:26 DEBUG   [busconido] 10 avisos vía tarjetas
19:58:26 DEBUG   Ficha de 225XZ sin candidato propio; no se fusiona
19:58:28 DEBUG   [busconido] 10 avisos vía tarjetas
19:58:28 DEBUG   Ficha de 59KSN sin candidato propio; no se fusiona
19:58:30 DEBUG   [busconido] 10 avisos vía tarjetas
19:58:30 DEBUG   Ficha de PAH4E sin candidato propio; no se fusiona
19:58:32 DEBUG   [busconido] 10 avisos vía tarjetas
19:58:32 DEBUG   Ficha de VFFCW sin candidato propio; no se fusiona
19:58:36 INFO    Enriquecido y descartado: YAVJA (arriendo de $3.517.371 sobre el máximo negociable de $1.904.000)
19:58:40 INFO    Enriquecido y descartado: CC2AY (arriendo de $2.032.258 sobre el máximo negociable de $1.904.000)
19:58:45 DEBUG   [toctoc] 1 avisos vía estado-embebido
19:59:00 DEBUG   La red no quedó en silencio en https://www.toctoc.com/arriendo/departamento/metropolitana/vitacura/b_62313db937b2eb47fc03dd6bc00d3af11b5bf811; se lee igual
19:59:00 DEBUG   [toctoc] 1 avisos vía estado-embebido
19:59:07 DEBUG   La red no quedó en silencio en https://www.toctoc.com/arriendo/departamento/metropolitana/vitacura/b_a3f11e3da22b023d55153cd78c67bf4d8e101cb9; se lee igual
19:59:07 DEBUG   [toctoc] 1 avisos vía estado-embebido
19:59:16 DEBUG   [toctoc] 1 avisos vía estado-embebido
19:59:21 DEBUG   [toctoc] 1 avisos vía estado-embebido
19:59:25 INFO    Enriquecido y descartado: 75BRH (arriendo de $2.931.142 sobre el máximo negociable de $1.904.000)
19:59:51 INFO    Enriquecido y descartado: 75BRH (arriendo de $2.149.504 sobre el máximo negociable de $1.904.000)
19:59:55 INFO    Enriquecido y descartado: 75BRH (arriendo de $1.954.095 sobre el máximo negociable de $1.904.000)
19:59:59 DEBUG   Ficha de 75BRH sin candidato propio; no se fusiona
20:00:03 DEBUG   Ficha de 75BRH sin candidato propio; no se fusiona
20:00:06 DEBUG   Ficha de 75BRH sin candidato propio; no se fusiona
20:00:11 DEBUG   [toctoc] 1 avisos vía estado-embebido
20:00:14 DEBUG   Ficha de 75BRH sin candidato propio; no se fusiona
20:00:20 DEBUG   [toctoc] 1 avisos vía estado-embebido
20:00:25 DEBUG   [toctoc] 1 avisos vía estado-embebido
20:00:28 DEBUG   Ficha de 75BRH sin candidato propio; no se fusiona
20:00:32 DEBUG   Ficha de 75BRH sin candidato propio; no se fusiona
20:00:32 INFO    Fichas leídas: 36 — 0 ganaron el año, 0 la dirección; 5 se descartaron al verlas (0 por viejos)
20:00:33 INFO    Listo: 0 avisados de 31 candidatos
