17:04:27 INFO    UF = $41.073.57 (API del día)
17:04:27 INFO    Barriendo TocToc (toctoc)…
17:04:27 INFO    Barriendo Chilepropiedades (chilepropiedades)…
17:04:27 INFO    Barriendo GoPlaceIt (goplaceit)…
17:04:27 INFO    Barriendo Yapo (yapo)…
17:04:27 DEBUG   [chilepropiedades] 10 avisos vía tarjetas
17:04:27 WARNING https://www.yapo.cl/bienes-raices-alquiler-apartamentos/region-metropolitana-vitacura respondió 403
17:04:27 INFO    [yapo] https://www.yapo.cl/bienes-raices-alquiler-apartamentos/region-metropolitana-vitacura rebotó al GET; se reintenta con navegador
17:04:29 DEBUG   [chilepropiedades] 10 avisos vía tarjetas
17:04:31 DEBUG   [goplaceit] 30 avisos vía json-ld
17:04:31 DEBUG   [chilepropiedades] 10 avisos vía tarjetas
17:04:31 INFO      chilepropiedades: 30 avisos en 5s
17:04:31 INFO    Barriendo BuscoNido (busconido)…
17:04:32 DEBUG   [busconido] 23 avisos vía tarjetas
17:04:32 INFO      busconido: 23 avisos en 1s
17:04:32 INFO    Barriendo BienesOnline (bienesonline)…
17:04:34 DEBUG   [bienesonline] 11 avisos vía tarjetas
17:04:34 INFO      bienesonline: 11 avisos en 2s
17:04:34 INFO    Barriendo Economicos (El Mercurio) (economicos)…
17:04:34 WARNING https://www.economicos.cl/search/propiedades/vitacura/arriendo/departamento/0 respondió 403
17:04:34 INFO    [economicos] https://www.economicos.cl/search/propiedades/vitacura/arriendo/departamento/0 rebotó al GET; se reintenta con navegador
17:04:35 DEBUG   La red no quedó en silencio en https://www.toctoc.com/arriendo/departamento/metropolitana/vitacura/3-dormitorios; se lee igual
17:04:35 WARNING [toctoc] https://www.toctoc.com/arriendo/departamento/metropolitana/vitacura/3-dormitorios falló: Page.content: Unable to retrieve content because the page is navigating and changing the content.
17:04:37 DEBUG   La red no quedó en silencio en https://www.yapo.cl/bienes-raices-alquiler-apartamentos/region-metropolitana-vitacura; se lee igual
17:04:37 INFO      yapo: 0 avisos en 10s
17:04:37 INFO    Barriendo iCasas (icasas)…
17:04:38 DEBUG   [icasas] 15 avisos vía tarjetas
17:04:38 INFO      economicos: 0 avisos en 5s
17:04:38 INFO    Barriendo Doomos (doomos)…
17:04:38 WARNING https://www.doomos.cl/departamentos-vitacura-arriendo respondió 403
17:04:38 INFO    [doomos] https://www.doomos.cl/departamentos-vitacura-arriendo rebotó al GET; se reintenta con navegador
17:04:40 DEBUG   [icasas] 15 avisos vía tarjetas
17:04:40 INFO      icasas: 30 avisos en 3s
17:04:40 INFO    Barriendo Top Propiedades (toppropiedades)…
17:04:40 INFO      doomos: 0 avisos en 2s
17:04:40 INFO    Barriendo Nuroa (nuroa)…
17:04:41 DEBUG   Encoding detection: ascii is most likely the one.
17:04:42 DEBUG   [nuroa] 25 avisos vía json-ld
17:04:44 DEBUG   [nuroa] 25 avisos vía json-ld
17:04:45 DEBUG   [toppropiedades] 1 avisos vía json-ld
17:04:46 DEBUG   La red no quedó en silencio en https://www.toctoc.com/arriendo/departamento/metropolitana/vitacura/4-dormitorios; se lee igual
17:04:46 DEBUG   [nuroa] 25 avisos vía json-ld
17:04:47 DEBUG   [toctoc] 20 avisos vía json-ld
17:04:47 DEBUG   [toppropiedades] 1 avisos vía json-ld
17:04:48 DEBUG   [nuroa] 25 avisos vía json-ld
17:04:48 INFO      nuroa: 100 avisos en 8s
17:04:48 INFO    Barriendo Mitula (mitula)…
17:04:49 DEBUG   [toppropiedades] 1 avisos vía json-ld
17:04:50 DEBUG   [mitula] 30 avisos vía json-ld
17:04:51 DEBUG   [toppropiedades] 1 avisos vía json-ld
17:04:52 DEBUG   [mitula] 30 avisos vía json-ld
17:04:52 INFO      mitula: 60 avisos en 4s
17:04:52 INFO    Barriendo Houm (houm)…
17:04:53 DEBUG   [toppropiedades] 1 avisos vía json-ld
17:04:54 DEBUG   La red no quedó en silencio en https://www.toctoc.com/arriendo/departamento/metropolitana/vitacura/4-dormitorios?pagina=2; se lee igual
17:04:55 DEBUG   [toctoc] 20 avisos vía json-ld
17:04:55 DEBUG   [toppropiedades] 1 avisos vía json-ld
17:04:57 DEBUG   [toppropiedades] 1 avisos vía json-ld
17:04:59 DEBUG   [toppropiedades] 1 avisos vía json-ld
17:04:59 INFO      toppropiedades: 8 avisos en 19s
17:04:59 INFO    Barriendo Hey! Homes (heyhomes)…
17:05:03 DEBUG   [heyhomes] 9 avisos vía tarjetas
17:05:03 INFO      heyhomes: 9 avisos en 3s
17:05:03 INFO    Barriendo Engel & Völkers (engelvoelkers)…
17:05:03 DEBUG   La red no quedó en silencio en https://houm.com/cl/arriendo-departamentos-region-metropolitana/vitacura/3-dormitorios; se lee igual
17:05:03 DEBUG   [houm] 28 avisos vía json-ld
17:05:05 DEBUG   La red no quedó en silencio en https://www.toctoc.com/arriendo/departamento/metropolitana/vitacura/4-dormitorios?pagina=3; se lee igual
17:05:06 DEBUG   [toctoc] 20 avisos vía json-ld
17:05:06 WARNING   toctoc: Page.content: Unable to retrieve content because the page is navigating and changing the content.
17:05:06 INFO      toctoc: 60 avisos en 39s
17:05:06 INFO    Barriendo RE/MAX Chile (remax)…
17:05:10 DEBUG   [engelvoelkers] 16 avisos vía tarjetas
17:05:10 INFO      engelvoelkers: 16 avisos en 7s
17:05:10 INFO    Barriendo Fuenzalida Propiedades (fuenzalida)…
17:05:14 INFO      remax: 0 avisos en 8s
17:05:14 INFO    Barriendo Century 21 Chile (century21)…
17:05:15 DEBUG   La red no quedó en silencio en https://houm.com/cl/arriendo-departamento-región-metropolitana/las-condes/170742; se lee igual
17:05:15 DEBUG   [houm] 1 avisos vía estado-embebido
17:05:16 DEBUG   [fuenzalida] 16 avisos vía tarjetas
17:05:17 INFO      century21: 0 avisos en 3s
17:05:17 INFO    Barriendo Property Partners (propertypartners)…
17:05:17 DEBUG   [propertypartners] 1 avisos vía tarjetas
17:05:17 INFO      propertypartners: 1 avisos en 0s
17:05:17 INFO    Barriendo Acceso Inmobiliario (accesoinmobiliario)…
17:05:18 DEBUG   [goplaceit] 30 avisos vía json-ld
17:05:20 DEBUG   [fuenzalida] 20 avisos vía tarjetas
17:05:21 DEBUG   [accesoinmobiliario] 15 avisos vía tarjetas
17:05:23 DEBUG   La red no quedó en silencio en https://houm.com/cl/arriendo-departamento-región-metropolitana/lo-barnechea/74201; se lee igual
17:05:23 DEBUG   [houm] 1 avisos vía estado-embebido
17:05:24 DEBUG   [fuenzalida] 20 avisos vía tarjetas
17:05:24 INFO      fuenzalida: 56 avisos en 14s
17:05:24 INFO    Barriendo Magnolia Property (magnoliaproperty)…
17:05:25 DEBUG   [magnoliaproperty] 6 avisos vía tarjetas
17:05:25 INFO      magnoliaproperty: 6 avisos en 1s
17:05:25 INFO    Barriendo Portilla Propiedades (portillapropiedades)…
17:05:25 DEBUG   [portillapropiedades] 2 avisos vía tarjetas
17:05:25 INFO      portillapropiedades: 2 avisos en 0s
17:05:25 INFO    Barriendo Nativo Propiedades (nativopropiedades)…
17:05:26 DEBUG   [accesoinmobiliario] 1 avisos vía tarjetas
17:05:26 DEBUG   [nativopropiedades] 10 avisos vía tarjetas
17:05:26 INFO      nativopropiedades: 10 avisos en 1s
17:05:26 INFO    Barriendo Enlace Inmobiliario (enlaceinmobiliario)…
17:05:27 WARNING https://www.enlaceinmobiliario.cl/ respondió 403
17:05:27 INFO    [enlaceinmobiliario] https://www.enlaceinmobiliario.cl/ rebotó al GET; se reintenta con navegador
17:05:32 DEBUG   [accesoinmobiliario] 1 avisos vía tarjetas
17:05:33 DEBUG   La red no quedó en silencio en https://houm.com/cl/arriendo-departamento-región-metropolitana/recoleta/179872; se lee igual
17:05:33 DEBUG   [houm] 1 avisos vía estado-embebido
17:05:38 DEBUG   La red no quedó en silencio en https://www.enlaceinmobiliario.cl/; se lee igual
17:05:38 INFO      enlaceinmobiliario: 0 avisos en 12s
17:05:38 INFO    Barriendo Rentas.cl (rentas_cl)…
17:05:39 DEBUG   [accesoinmobiliario] 1 avisos vía tarjetas
17:05:41 DEBUG   [rentas_cl] 1 avisos vía json-ld
17:05:41 INFO      rentas_cl: 1 avisos en 2s
17:05:41 INFO    Barriendo Arriendos.cl (arriendos_cl)…
17:05:42 INFO      arriendos_cl: 0 avisos en 1s
17:05:42 INFO    Barriendo Propiedades.cl (propiedades_cl)…
17:05:43 DEBUG   [propiedades_cl] 6 avisos vía tarjetas
17:05:43 INFO      propiedades_cl: 6 avisos en 1s
17:05:43 INFO    Barriendo Clasificados.cl (clasificados_cl)…
17:05:46 DEBUG   [accesoinmobiliario] 1 avisos vía tarjetas
17:05:46 DEBUG   La red no quedó en silencio en https://houm.com/cl/arriendo-departamento-región-metropolitana/recoleta/178185; se lee igual
17:05:46 DEBUG   [houm] 1 avisos vía estado-embebido
17:05:46 DEBUG   [clasificados_cl] 1 avisos vía tarjetas
17:05:46 INFO      clasificados_cl: 1 avisos en 3s
17:05:48 DEBUG   [accesoinmobiliario] 1 avisos vía tarjetas
17:05:52 DEBUG   [accesoinmobiliario] 1 avisos vía tarjetas
17:05:55 DEBUG   La red no quedó en silencio en https://houm.com/cl/arriendo-departamento-región-metropolitana/recoleta/176207; se lee igual
17:05:55 DEBUG   [houm] 1 avisos vía estado-embebido
17:05:58 DEBUG   [accesoinmobiliario] 1 avisos vía tarjetas
17:06:01 DEBUG   [goplaceit] 30 avisos vía json-ld
17:06:03 DEBUG   La red no quedó en silencio en https://houm.com/cl/arriendo-departamento-región-metropolitana/las-condes/177842; se lee igual
17:06:03 DEBUG   [houm] 1 avisos vía estado-embebido
17:06:03 DEBUG   [accesoinmobiliario] 1 avisos vía tarjetas
17:06:09 DEBUG   [accesoinmobiliario] 1 avisos vía tarjetas
17:06:09 INFO      accesoinmobiliario: 24 avisos en 52s
17:06:11 DEBUG   La red no quedó en silencio en https://houm.com/cl/arriendo-departamento-región-metropolitana/recoleta/176958; se lee igual
17:06:11 DEBUG   [houm] 1 avisos vía estado-embebido
17:06:18 DEBUG   La red no quedó en silencio en https://houm.com/cl/arriendo-departamento-región-metropolitana/recoleta/90462; se lee igual
17:06:18 DEBUG   [houm] 1 avisos vía estado-embebido
17:06:18 INFO      houm: 36 avisos en 86s
17:06:28 INFO      goplaceit: 90 avisos en 121s
17:06:28 INFO    Total crudo: 580 avisos
17:06:28 INFO    Después de deduplicar: 405
17:06:28 INFO    Pasaron los filtros: 48
17:06:47 DEBUG   Ficha de HW5MX sin candidato propio; no se fusiona
17:06:49 DEBUG   Pin del mapa para UKAFJ: -33.40833, -70.55339
17:06:49 DEBUG   [accesoinmobiliario] 1 avisos vía tarjetas
17:06:49 INFO    Enriquecido y descartado: UKAFJ (Las Condes a 3.1 km, fuera del anillo de 1.2 km)
17:06:51 DEBUG   Pin del mapa para 59E99: -33.40833, -70.55339
17:06:51 DEBUG   [accesoinmobiliario] 1 avisos vía tarjetas
17:06:51 INFO    Enriquecido y descartado: 59E99 (Las Condes a 3.1 km, fuera del anillo de 1.2 km)
17:06:52 DEBUG   [busconido] 10 avisos vía tarjetas
17:06:52 DEBUG   Ficha de P33NM sin candidato propio; no se fusiona
17:06:54 DEBUG   [busconido] 10 avisos vía tarjetas
17:06:54 DEBUG   Ficha de XD2E2 sin candidato propio; no se fusiona
17:06:56 DEBUG   [busconido] 11 avisos vía tarjetas
17:06:56 DEBUG   Ficha de 5MWP6 sin candidato propio; no se fusiona
17:06:58 DEBUG   [busconido] 10 avisos vía tarjetas
17:06:58 DEBUG   Ficha de ETSEA sin candidato propio; no se fusiona
17:07:00 DEBUG   [busconido] 10 avisos vía tarjetas
17:07:00 DEBUG   Ficha de 8MNYE sin candidato propio; no se fusiona
17:07:02 DEBUG   [busconido] 11 avisos vía tarjetas
17:07:02 DEBUG   Ficha de G7PTX sin candidato propio; no se fusiona
17:07:04 DEBUG   [busconido] 10 avisos vía tarjetas
17:07:04 DEBUG   Ficha de HGG77 sin candidato propio; no se fusiona
17:07:06 DEBUG   [busconido] 11 avisos vía tarjetas
17:07:06 DEBUG   Ficha de EXMU5 sin candidato propio; no se fusiona
17:07:10 INFO    Enriquecido y descartado: YAVJA (arriendo de $3.517.371 sobre el máximo negociable de $1.904.000)
17:07:10 DEBUG   [busconido] 11 avisos vía tarjetas
17:07:10 DEBUG   Ficha de AC65C sin candidato propio; no se fusiona
17:07:20 INFO    Enriquecido y descartado: CC2AY (arriendo de $2.032.258 sobre el máximo negociable de $1.904.000)
17:07:21 DEBUG   [busconido] 11 avisos vía tarjetas
17:07:21 DEBUG   Ficha de E7XPG sin candidato propio; no se fusiona
17:07:23 DEBUG   [busconido] 10 avisos vía tarjetas
17:07:23 DEBUG   Ficha de DBFNP sin candidato propio; no se fusiona
17:07:25 DEBUG   [busconido] 10 avisos vía tarjetas
17:07:25 DEBUG   Ficha de J8VCS sin candidato propio; no se fusiona
17:07:25 WARNING robots.txt no permite https://www.nuroa.cl/adform/10342-912-101d5-1a0ff48-a45a-2e1434470692-7ad1?click_type=0&pos=9&searchType=1&page=1&section=1&t_sec=1&sectionType=1&pageViewId=51c1b0ec-9b79-4515-9ab2-be4751480ae4&t_pvid=51c1b0ec-9b79-4515-9ab2-be4751480ae4&userAgent=Mozilla%2F5.0+%28compatible%3B+radar-arriendos%2F1.0%3B+uso+personal%2C+busqueda+de+arriendo%3B+%2Bhttps%3A%2F%2Fgithub.com%2Falfonsoandona%2Farriendos-vitacura%29&browser=1&isHuman=true&userIp=20.3.183.233&what=vitacura+departamento&search_terms=vitacura+departamento&origin=1&t_or=1&splitTestId=0 — se omite
17:07:26 DEBUG   [mitula] 3 avisos vía tarjetas
17:07:33 DEBUG   [engelvoelkers] 1 avisos vía json-ld
17:07:37 DEBUG   [chilepropiedades] 2 avisos vía json-ld
17:07:37 WARNING robots.txt no permite https://www.nuroa.cl/adform/10342-912-bb8f-1a0f9f6-abb2-77f6c1d45b3f-7ce9?click_type=0&pos=13&searchType=2&page=1&section=1&t_sec=1&sectionType=1&pageViewId=51c1b0ec-9b79-4515-9ab2-be4751480ae4&t_pvid=51c1b0ec-9b79-4515-9ab2-be4751480ae4&userAgent=Mozilla%2F5.0+%28compatible%3B+radar-arriendos%2F1.0%3B+uso+personal%2C+busqueda+de+arriendo%3B+%2Bhttps%3A%2F%2Fgithub.com%2Falfonsoandona%2Farriendos-vitacura%29&browser=1&isHuman=true&userIp=20.3.183.233&what=vitacura+departamento&search_terms=vitacura+departamento&origin=1&t_or=1&splitTestId=0 — se omite
17:07:41 WARNING robots.txt no permite https://www.nuroa.cl/adform/10342-912-4d50-1a0e30c-9b06-5d5e6067edc0-77f6?click_type=0&pos=11&searchType=2&page=1&section=1&t_sec=1&sectionType=1&pageViewId=51c1b0ec-9b79-4515-9ab2-be4751480ae4&t_pvid=51c1b0ec-9b79-4515-9ab2-be4751480ae4&userAgent=Mozilla%2F5.0+%28compatible%3B+radar-arriendos%2F1.0%3B+uso+personal%2C+busqueda+de+arriendo%3B+%2Bhttps%3A%2F%2Fgithub.com%2Falfonsoandona%2Farriendos-vitacura%29&browser=1&isHuman=true&userIp=20.3.183.233&what=vitacura+departamento&search_terms=vitacura+departamento&origin=1&t_or=1&splitTestId=0 — se omite
17:07:46 DEBUG   [toctoc] 1 avisos vía estado-embebido
17:08:10 INFO    Enriquecido y descartado: 75BRH (arriendo de $2.149.504 sobre el máximo negociable de $1.904.000)
17:08:14 INFO    Enriquecido y descartado: 75BRH (arriendo de $1.954.095 sobre el máximo negociable de $1.904.000)
17:08:29 WARNING robots.txt no permite https://www.nuroa.cl/adform/10342-912-3e9b-1a0e30e-bd4c-4f30fb45531b-7a22?click_type=0&pos=15&searchType=1&page=1&section=1&t_sec=1&sectionType=1&pageViewId=51c1b0ec-9b79-4515-9ab2-be4751480ae4&t_pvid=51c1b0ec-9b79-4515-9ab2-be4751480ae4&userAgent=Mozilla%2F5.0+%28compatible%3B+radar-arriendos%2F1.0%3B+uso+personal%2C+busqueda+de+arriendo%3B+%2Bhttps%3A%2F%2Fgithub.com%2Falfonsoandona%2Farriendos-vitacura%29&browser=1&isHuman=true&userIp=20.3.183.233&what=vitacura+departamento&search_terms=vitacura+departamento&origin=1&t_or=1&splitTestId=0 — se omite
17:08:29 WARNING robots.txt no permite https://www.nuroa.cl/adform/10342-912-e7f8-1a0a016-97e0-4460cb69457-7a3c?click_type=0&pos=23&searchType=1&page=3&section=1&t_sec=1&sectionType=1&pageViewId=4af9b585-09d9-42cd-88f9-da6c754ec7a8&t_pvid=4af9b585-09d9-42cd-88f9-da6c754ec7a8&userAgent=Mozilla%2F5.0+%28compatible%3B+radar-arriendos%2F1.0%3B+uso+personal%2C+busqueda+de+arriendo%3B+%2Bhttps%3A%2F%2Fgithub.com%2Falfonsoandona%2Farriendos-vitacura%29&browser=1&isHuman=true&userIp=20.3.183.233&what=vitacura+departamento&search_terms=vitacura+departamento&origin=1&t_or=1&splitTestId=0 — se omite
17:08:34 DEBUG   [toctoc] 1 avisos vía estado-embebido
17:08:37 INFO    Enriquecido y descartado: 75BRH (arriendo de $4.299.009 sobre el máximo negociable de $1.904.000)
17:08:41 INFO    Fichas leídas: 48 — 2 ganaron el año, 0 la dirección; 7 se descartaron al verlas (0 por viejos)
17:08:42 INFO    Listo: 0 avisados de 41 candidatos
