13:43:57 INFO    No se pudo traer la UF del día (SSLError); se usa el respaldo
13:43:57 INFO    UF = $40.857.96 (caché de hace 1 día(s) — la API no respondió)
13:43:57 INFO    Barriendo TocToc (toctoc)…
13:43:57 INFO    Barriendo Chilepropiedades (chilepropiedades)…
13:43:57 INFO    Barriendo GoPlaceIt (goplaceit)…
13:43:57 INFO    Barriendo Yapo (yapo)…
13:43:58 DEBUG   [chilepropiedades] 11 avisos vía tarjetas
13:43:59 DEBUG   [yapo] 30 avisos vía tarjetas
13:44:00 DEBUG   [chilepropiedades] 11 avisos vía tarjetas
13:44:01 DEBUG   [yapo] 30 avisos vía tarjetas
13:44:02 DEBUG   [chilepropiedades] 11 avisos vía tarjetas
13:44:02 INFO      chilepropiedades: 33 avisos en 4s
13:44:02 INFO    Barriendo BuscoNido (busconido)…
13:44:02 DEBUG   [goplaceit] 30 avisos vía json-ld
13:44:03 DEBUG   [yapo] 30 avisos vía tarjetas
13:44:03 INFO      yapo: 90 avisos en 6s
13:44:03 INFO    Barriendo ComunaVitacura.cl (comunavitacura)…
13:44:03 INFO      busconido: 0 avisos en 2s
13:44:03 INFO    Barriendo BienesOnline (bienesonline)…
13:44:04 DEBUG   [bienesonline] 18 avisos vía tarjetas
13:44:04 INFO      bienesonline: 18 avisos en 1s
13:44:04 INFO    Barriendo Emol Propiedades (emol_propiedades)…
13:44:04 DEBUG   [toctoc] 67 avisos vía json-ld
13:44:05 WARNING robots.txt no permite https://www.propiedades.emol.com/propiedades/buscar?o=Arriendo&tp=Departamento&c=Vitacura — se omite
13:44:05 WARNING   emol_propiedades: robots.txt del sitio no permite este acceso
13:44:05 INFO      emol_propiedades: 0 avisos en 1s
13:44:05 INFO    Barriendo Economicos (El Mercurio) (economicos)…
13:44:05 INFO      comunavitacura: 0 avisos en 3s
13:44:06 INFO    Barriendo iCasas (icasas)…
13:44:06 DEBUG   [economicos] 20 avisos vía tarjetas
13:44:06 DEBUG   [icasas] 15 avisos vía tarjetas
13:44:08 DEBUG   [economicos] 18 avisos vía tarjetas
13:44:08 DEBUG   [icasas] 15 avisos vía tarjetas
13:44:08 INFO      icasas: 30 avisos en 3s
13:44:08 INFO    Barriendo Doomos (doomos)…
13:44:10 DEBUG   [economicos] 13 avisos vía tarjetas
13:44:10 INFO      economicos: 51 avisos en 4s
13:44:10 INFO    Barriendo Top Propiedades (toppropiedades)…
13:44:10 DEBUG   [doomos] 33 avisos vía tarjetas
13:44:10 INFO      doomos: 33 avisos en 2s
13:44:10 INFO    Barriendo Trovit (trovit)…
13:44:12 DEBUG   [trovit] 30 avisos vía json-ld
13:44:13 DEBUG   [toctoc] 134 avisos vía estado-embebido
13:44:13 DEBUG   [toppropiedades] 1 avisos vía json-ld
13:44:14 DEBUG   [trovit] 30 avisos vía json-ld
13:44:15 DEBUG   [toppropiedades] 1 avisos vía json-ld
13:44:16 DEBUG   [trovit] 30 avisos vía json-ld
13:44:16 INFO      trovit: 90 avisos en 6s
13:44:16 INFO    Barriendo Nuroa (nuroa)…
13:44:17 DEBUG   Encoding detection: ascii is most likely the one.
13:44:17 DEBUG   [toppropiedades] 1 avisos vía json-ld
13:44:18 DEBUG   [nuroa] 25 avisos vía json-ld
13:44:19 DEBUG   [toppropiedades] 1 avisos vía json-ld
13:44:20 DEBUG   [nuroa] 25 avisos vía json-ld
13:44:20 INFO      nuroa: 50 avisos en 4s
13:44:20 INFO    Barriendo Mitula (mitula)…
13:44:21 DEBUG   [toppropiedades] 1 avisos vía json-ld
13:44:22 DEBUG   [mitula] 30 avisos vía json-ld
13:44:23 DEBUG   [toctoc] 134 avisos vía estado-embebido
13:44:23 DEBUG   [toppropiedades] 1 avisos vía json-ld
13:44:24 DEBUG   [mitula] 30 avisos vía json-ld
13:44:24 INFO      mitula: 60 avisos en 4s
13:44:24 INFO    Barriendo Nestoria (nestoria)…
13:44:25 DEBUG   [nestoria] 25 avisos vía json-ld
13:44:26 INFO      nestoria: 25 avisos en 1s
13:44:26 INFO    Barriendo Houm (houm)…
13:44:26 DEBUG   [toppropiedades] 1 avisos vía json-ld
13:44:27 DEBUG   [toppropiedades] 1 avisos vía json-ld
13:44:27 INFO      toppropiedades: 8 avisos en 18s
13:44:27 INFO    Barriendo Hey! Homes (heyhomes)…
13:44:30 DEBUG   [heyhomes] 9 avisos vía tarjetas
13:44:30 INFO      heyhomes: 9 avisos en 3s
13:44:30 INFO    Barriendo AssetPlan (assetplan)…
13:44:31 DEBUG   [houm] 28 avisos vía json-ld
13:44:34 DEBUG   [goplaceit] 30 avisos vía json-ld
13:44:36 DEBUG   [toctoc] 104 avisos vía estado-embebido
13:44:39 INFO      assetplan: 0 avisos en 9s
13:44:39 INFO    Barriendo Engel & Völkers (engelvoelkers)…
13:44:42 DEBUG   La red no quedó en silencio en https://houm.com/cl/arriendo-departamento-región-metropolitana/las-condes/170742; se lee igual
13:44:43 DEBUG   [houm] 1 avisos vía estado-embebido
13:44:48 DEBUG   [engelvoelkers] 17 avisos vía tarjetas
13:44:48 INFO      engelvoelkers: 17 avisos en 9s
13:44:48 INFO    Barriendo RE/MAX Chile (remax)…
13:44:50 DEBUG   [toctoc] 104 avisos vía estado-embebido
13:44:56 DEBUG   La red no quedó en silencio en https://houm.com/cl/arriendo-departamento-región-metropolitana/las-condes/173143; se lee igual
13:44:56 DEBUG   [houm] 1 avisos vía estado-embebido
13:44:59 INFO      remax: 0 avisos en 10s
13:44:59 INFO    Barriendo Fuenzalida Propiedades (fuenzalida)…
13:45:02 DEBUG   [fuenzalida] 20 avisos vía tarjetas
13:45:05 DEBUG   [fuenzalida] 20 avisos vía tarjetas
13:45:06 DEBUG   [toctoc] 104 avisos vía estado-embebido
13:45:06 INFO      toctoc: 647 avisos en 69s
13:45:06 INFO    Barriendo Century 21 Chile (century21)…
13:45:09 DEBUG   [fuenzalida] 20 avisos vía tarjetas
13:45:09 INFO      fuenzalida: 60 avisos en 10s
13:45:09 INFO    Barriendo Chile Sotheby's Realty (sothebys)…
13:45:09 INFO      century21: 0 avisos en 2s
13:45:09 INFO    Barriendo Contempora Propiedades (contempora)…
13:45:09 WARNING https://chile.sothebysrealty.com/ respondió 403
13:45:09 INFO    [sothebys] https://chile.sothebysrealty.com/ rebotó al GET; se reintenta con navegador
13:45:10 DEBUG   La red no quedó en silencio en https://houm.com/cl/arriendo-departamento-región-metropolitana/las-condes/173170; se lee igual
13:45:11 DEBUG   [houm] 1 avisos vía estado-embebido
13:45:12 INFO      sothebys: 0 avisos en 4s
13:45:12 INFO    Barriendo Property Partners (propertypartners)…
13:45:13 DEBUG   [propertypartners] 1 avisos vía tarjetas
13:45:13 INFO      propertypartners: 1 avisos en 0s
13:45:13 INFO    Barriendo Acceso Inmobiliario (accesoinmobiliario)…
13:45:19 DEBUG   [accesoinmobiliario] 16 avisos vía tarjetas
13:45:20 DEBUG   La red no quedó en silencio en https://houm.com/cl/arriendo-departamento-región-metropolitana/las-condes/175757; se lee igual
13:45:20 DEBUG   [houm] 1 avisos vía estado-embebido
13:45:22 DEBUG   [goplaceit] 30 avisos vía json-ld
13:45:22 DEBUG   [accesoinmobiliario] 1 avisos vía tarjetas
13:45:29 DEBUG   La red no quedó en silencio en https://houm.com/cl/arriendo-departamento-región-metropolitana/ñuñoa/176912; se lee igual
13:45:29 DEBUG   [houm] 1 avisos vía estado-embebido
13:45:35 DEBUG   [accesoinmobiliario] 1 avisos vía tarjetas
13:45:37 DEBUG   La red no quedó en silencio en https://houm.com/cl/arriendo-departamento-región-metropolitana/ñuñoa/174379; se lee igual
13:45:37 DEBUG   [houm] 1 avisos vía estado-embebido
13:45:39 WARNING Error en https://www.contempora.cl/ (intento 1/3): HTTPSConnectionPool(host='www.contempora.cl', port=443): Max retries exceeded with url: / (Caused by ConnectTimeoutError(<HTTPSConnection(host='www.contempora.cl', port=443) at 0x7fad404d8cb0>, 'Connection to www.contempora.cl timed out. (connect timeout=20)'))
13:45:41 DEBUG   [accesoinmobiliario] 1 avisos vía tarjetas
13:45:46 DEBUG   La red no quedó en silencio en https://houm.com/cl/arriendo-departamento-región-metropolitana/providencia/175432; se lee igual
13:45:46 DEBUG   [houm] 1 avisos vía estado-embebido
13:45:46 INFO      accesoinmobiliario: 19 avisos en 34s
13:45:46 INFO    Barriendo Magnolia Property (magnoliaproperty)…
13:45:47 DEBUG   [magnoliaproperty] 6 avisos vía tarjetas
13:45:47 INFO      magnoliaproperty: 6 avisos en 1s
13:45:47 INFO    Barriendo Portilla Propiedades (portillapropiedades)…
13:45:48 DEBUG   [portillapropiedades] 2 avisos vía tarjetas
13:45:48 INFO      portillapropiedades: 2 avisos en 1s
13:45:48 INFO    Barriendo Nativo Propiedades (nativopropiedades)…
13:45:49 DEBUG   [nativopropiedades] 7 avisos vía tarjetas
13:45:49 INFO      nativopropiedades: 7 avisos en 1s
13:45:49 INFO    Barriendo MaxRenta (maxrenta)…
13:45:50 INFO      maxrenta: 0 avisos en 1s
13:45:50 INFO    Barriendo Colliers Chile (colliers)…
13:45:51 WARNING Error en https://www.colliers.cl/ (intento 1/3): HTTPSConnectionPool(host='www.colliers.cl', port=443): Max retries exceeded with url: / (Caused by SSLError(SSLCertVerificationError(1, "[SSL: CERTIFICATE_VERIFY_FAILED] certificate verify failed: Hostname mismatch, certificate is not valid for 'www.colliers.cl'. (_ssl.c:1010)")))
13:45:53 WARNING Error en https://www.colliers.cl/ (intento 2/3): HTTPSConnectionPool(host='www.colliers.cl', port=443): Max retries exceeded with url: / (Caused by SSLError(SSLCertVerificationError(1, "[SSL: CERTIFICATE_VERIFY_FAILED] certificate verify failed: Hostname mismatch, certificate is not valid for 'www.colliers.cl'. (_ssl.c:1010)")))
13:45:54 DEBUG   La red no quedó en silencio en https://houm.com/cl/arriendo-departamento-región-metropolitana/recoleta/176958; se lee igual
13:45:54 DEBUG   [houm] 1 avisos vía estado-embebido
13:45:54 INFO      houm: 36 avisos en 88s
13:45:54 INFO    Barriendo Zenta Group (zentagroup)…
13:45:55 INFO      zentagroup: 0 avisos en 0s
13:45:55 INFO    Barriendo Inciti (inciti)…
13:45:55 INFO      goplaceit: 90 avisos en 118s
13:45:55 INFO    Barriendo Enlace Inmobiliario (enlaceinmobiliario)…
13:45:55 INFO      inciti: 0 avisos en 0s
13:45:55 INFO    Barriendo Arriendo Asegurado (arriendoasegurado)…
13:45:55 WARNING https://www.enlaceinmobiliario.cl/ respondió 403
13:45:55 INFO    [enlaceinmobiliario] https://www.enlaceinmobiliario.cl/ rebotó al GET; se reintenta con navegador
13:45:57 INFO      enlaceinmobiliario: 0 avisos en 2s
13:45:57 INFO    Barriendo Rentas.cl (rentas_cl)…
13:45:57 WARNING Error en https://www.colliers.cl/ (intento 3/3): HTTPSConnectionPool(host='www.colliers.cl', port=443): Max retries exceeded with url: / (Caused by SSLError(SSLCertVerificationError(1, "[SSL: CERTIFICATE_VERIFY_FAILED] certificate verify failed: Hostname mismatch, certificate is not valid for 'www.colliers.cl'. (_ssl.c:1010)")))
13:45:57 WARNING   colliers: problema de certificado TLS
13:45:57 INFO      colliers: 0 avisos en 7s
13:45:57 INFO    Barriendo Arriendos.cl (arriendos_cl)…
13:45:58 INFO      arriendos_cl: 0 avisos en 1s
13:45:58 INFO    Barriendo Propiedades.cl (propiedades_cl)…
13:45:59 DEBUG   [rentas_cl] 1 avisos vía json-ld
13:45:59 INFO      rentas_cl: 1 avisos en 2s
13:45:59 INFO    Barriendo Inmuebles.cl (inmuebles_cl)…
13:45:59 DEBUG   [propiedades_cl] 6 avisos vía tarjetas
13:45:59 INFO      propiedades_cl: 6 avisos en 1s
13:45:59 INFO    Barriendo Clasificados.cl (clasificados_cl)…
13:45:59 INFO      inmuebles_cl: 0 avisos en 1s
13:45:59 INFO    Barriendo Capitalizarme (capitalizarme)…
13:46:00 WARNING robots.txt no permite https://www.capitalizarme.com/ — se omite
13:46:00 WARNING   capitalizarme: robots.txt del sitio no permite este acceso
13:46:00 INFO      capitalizarme: 0 avisos en 0s
13:46:01 DEBUG   [clasificados_cl] 1 avisos vía tarjetas
13:46:01 INFO      clasificados_cl: 1 avisos en 2s
13:46:02 WARNING Error en https://www.contempora.cl/ (intento 2/3): HTTPSConnectionPool(host='www.contempora.cl', port=443): Max retries exceeded with url: / (Caused by ConnectTimeoutError(<HTTPSConnection(host='www.contempora.cl', port=443) at 0x7fad4055eab0>, 'Connection to www.contempora.cl timed out. (connect timeout=20)'))
13:46:26 WARNING Error en https://www.contempora.cl/ (intento 3/3): HTTPSConnectionPool(host='www.contempora.cl', port=443): Max retries exceeded with url: / (Caused by ConnectTimeoutError(<HTTPSConnection(host='www.contempora.cl', port=443) at 0x7fad407d32c0>, 'Connection to www.contempora.cl timed out. (connect timeout=20)'))
13:46:26 WARNING   contempora: el sitio no respondió a tiempo
13:46:26 INFO      contempora: 0 avisos en 77s
13:47:05 WARNING Error en https://www.arriendoasegurado.cl/ (intento 1/3): HTTPSConnectionPool(host='www.arriendoasegurado.cl', port=443): Read timed out. (read timeout=20)
13:47:27 WARNING Error en https://www.arriendoasegurado.cl/ (intento 2/3): HTTPSConnectionPool(host='www.arriendoasegurado.cl', port=443): Read timed out. (read timeout=20)
13:48:05 WARNING Error en https://www.arriendoasegurado.cl/ (intento 3/3): ('Connection aborted.', ConnectionResetError(104, 'Connection reset by peer'))
13:48:05 WARNING   arriendoasegurado: el servidor cortó la conexión sin responder — suele ser bloqueo anti-bot
13:48:05 INFO      arriendoasegurado: 0 avisos en 130s
13:48:05 INFO    Total crudo: 1390 avisos
13:48:05 INFO    Después de deduplicar: 535
13:48:05 INFO    Pasaron los filtros: 84
13:48:16 DEBUG   [toctoc] 1 avisos vía estado-embebido
13:48:21 DEBUG   [toctoc] 1 avisos vía estado-embebido
13:48:27 DEBUG   [toctoc] 1 avisos vía estado-embebido
13:48:32 DEBUG   [toctoc] 1 avisos vía estado-embebido
13:48:37 DEBUG   [toctoc] 1 avisos vía estado-embebido
13:48:41 DEBUG   [toctoc] 1 avisos vía estado-embebido
13:48:46 INFO    Listo: 6 avisados de 84 candidatos
