20:11:21 INFO    UF = $41.016.28 (API del día)
20:11:21 INFO    Barriendo TocToc (toctoc)…
20:11:21 INFO    Barriendo Chilepropiedades (chilepropiedades)…
20:11:21 INFO    Barriendo GoPlaceIt (goplaceit)…
20:11:21 INFO    Barriendo Yapo (yapo)…
20:11:21 WARNING https://www.yapo.cl/bienes-raices-alquiler-apartamentos/region-metropolitana-vitacura respondió 403
20:11:21 INFO    [yapo] https://www.yapo.cl/bienes-raices-alquiler-apartamentos/region-metropolitana-vitacura rebotó al GET; se reintenta con navegador
20:11:21 DEBUG   [chilepropiedades] 10 avisos vía tarjetas
20:11:23 DEBUG   [chilepropiedades] 10 avisos vía tarjetas
20:11:25 DEBUG   [chilepropiedades] 10 avisos vía tarjetas
20:11:25 INFO      chilepropiedades: 30 avisos en 5s
20:11:25 INFO    Barriendo BuscoNido (busconido)…
20:11:26 DEBUG   [goplaceit] 30 avisos vía json-ld
20:11:26 DEBUG   [busconido] 23 avisos vía tarjetas
20:11:26 INFO      busconido: 23 avisos en 1s
20:11:26 INFO    Barriendo BienesOnline (bienesonline)…
20:11:27 DEBUG   [bienesonline] 17 avisos vía tarjetas
20:11:27 INFO      bienesonline: 17 avisos en 1s
20:11:27 INFO    Barriendo Economicos (El Mercurio) (economicos)…
20:11:28 WARNING https://www.economicos.cl/search/propiedades/vitacura/arriendo/departamento/0 respondió 403
20:11:28 INFO    [economicos] https://www.economicos.cl/search/propiedades/vitacura/arriendo/departamento/0 rebotó al GET; se reintenta con navegador
20:11:29 DEBUG   [toctoc] 20 avisos vía json-ld
20:11:33 DEBUG   La red no quedó en silencio en https://www.yapo.cl/bienes-raices-alquiler-apartamentos/region-metropolitana-vitacura; se lee igual
20:11:33 INFO      yapo: 0 avisos en 12s
20:11:33 INFO    Barriendo iCasas (icasas)…
20:11:33 DEBUG   [icasas] 15 avisos vía tarjetas
20:11:34 INFO      economicos: 0 avisos en 7s
20:11:34 INFO    Barriendo Doomos (doomos)…
20:11:35 DEBUG   [icasas] 15 avisos vía tarjetas
20:11:35 INFO      icasas: 30 avisos en 2s
20:11:35 INFO    Barriendo Top Propiedades (toppropiedades)…
20:11:39 DEBUG   [toppropiedades] 1 avisos vía json-ld
20:11:40 DEBUG   La red no quedó en silencio en https://www.toctoc.com/arriendo/departamento/metropolitana/vitacura/3-dormitorios?pagina=2; se lee igual
20:11:41 DEBUG   [toppropiedades] 1 avisos vía json-ld
20:11:41 DEBUG   [toctoc] 20 avisos vía json-ld
20:11:43 DEBUG   [toppropiedades] 1 avisos vía json-ld
20:11:45 DEBUG   [toppropiedades] 1 avisos vía json-ld
20:11:47 DEBUG   [toppropiedades] 1 avisos vía json-ld
20:11:48 DEBUG   [toctoc] 20 avisos vía json-ld
20:11:49 DEBUG   [toppropiedades] 1 avisos vía json-ld
20:11:51 DEBUG   [toppropiedades] 1 avisos vía json-ld
20:11:53 DEBUG   [toppropiedades] 1 avisos vía json-ld
20:11:53 INFO      toppropiedades: 8 avisos en 18s
20:11:53 INFO    Barriendo Nuroa (nuroa)…
20:11:54 DEBUG   Encoding detection: ascii is most likely the one.
20:11:55 DEBUG   [nuroa] 25 avisos vía json-ld
20:11:55 DEBUG   La red no quedó en silencio en https://www.toctoc.com/arriendo/departamento/metropolitana/vitacura/4-dormitorios; se lee igual
20:11:56 DEBUG   [toctoc] 20 avisos vía json-ld
20:11:57 DEBUG   [nuroa] 25 avisos vía json-ld
20:11:58 DEBUG   [nuroa] 25 avisos vía json-ld
20:11:59 DEBUG   [goplaceit] 30 avisos vía json-ld
20:12:00 DEBUG   [nuroa] 25 avisos vía json-ld
20:12:00 INFO      nuroa: 100 avisos en 8s
20:12:00 INFO    Barriendo Mitula (mitula)…
20:12:01 WARNING https://casas.mitula.cl/casas/arriendo-departamentos-vitacura respondió 401
20:12:01 INFO    [mitula] https://casas.mitula.cl/casas/arriendo-departamentos-vitacura rebotó al GET; se reintenta con navegador
20:12:04 DEBUG   La red no quedó en silencio en https://www.toctoc.com/arriendo/departamento/metropolitana/vitacura/4-dormitorios?pagina=2; se lee igual
20:12:04 DEBUG   [toctoc] 20 avisos vía json-ld
20:12:04 WARNING Error en https://www.doomos.cl/departamentos-vitacura-arriendo (intento 1/3): HTTPSConnectionPool(host='www.doomos.cl', port=443): Read timed out. (read timeout=20)
20:12:05 INFO      mitula: 0 avisos en 4s
20:12:05 INFO    Barriendo Houm (houm)…
20:12:12 DEBUG   La red no quedó en silencio en https://www.toctoc.com/arriendo/departamento/metropolitana/vitacura/4-dormitorios?pagina=3; se lee igual
20:12:13 DEBUG   [houm] 28 avisos vía json-ld
20:12:13 DEBUG   [toctoc] 20 avisos vía json-ld
20:12:13 INFO      toctoc: 120 avisos en 52s
20:12:13 INFO    Barriendo Hey! Homes (heyhomes)…
20:12:16 DEBUG   [heyhomes] 9 avisos vía tarjetas
20:12:16 INFO      heyhomes: 9 avisos en 3s
20:12:16 INFO    Barriendo Engel & Völkers (engelvoelkers)…
20:12:21 DEBUG   La red no quedó en silencio en https://houm.com/cl/arriendo-departamento-región-metropolitana/las-condes/170742; se lee igual
20:12:21 DEBUG   [engelvoelkers] 15 avisos vía tarjetas
20:12:21 INFO      engelvoelkers: 15 avisos en 5s
20:12:21 INFO    Barriendo RE/MAX Chile (remax)…
20:12:21 DEBUG   [houm] 1 avisos vía estado-embebido
20:12:24 DEBUG   [doomos] 32 avisos vía tarjetas
20:12:24 INFO      doomos: 32 avisos en 50s
20:12:24 INFO    Barriendo Fuenzalida Propiedades (fuenzalida)…
20:12:28 DEBUG   [fuenzalida] 16 avisos vía tarjetas
20:12:29 DEBUG   La red no quedó en silencio en https://houm.com/cl/arriendo-departamento-región-metropolitana/lo-barnechea/74201; se lee igual
20:12:29 DEBUG   [houm] 1 avisos vía estado-embebido
20:12:29 INFO      remax: 0 avisos en 8s
20:12:29 INFO    Barriendo Century 21 Chile (century21)…
20:12:30 INFO      century21: 0 avisos en 1s
20:12:30 INFO    Barriendo Property Partners (propertypartners)…
20:12:31 DEBUG   [propertypartners] 1 avisos vía tarjetas
20:12:31 INFO      propertypartners: 1 avisos en 1s
20:12:31 INFO    Barriendo Acceso Inmobiliario (accesoinmobiliario)…
20:12:31 DEBUG   [fuenzalida] 20 avisos vía tarjetas
20:12:34 DEBUG   [fuenzalida] 20 avisos vía tarjetas
20:12:34 INFO      fuenzalida: 56 avisos en 10s
20:12:34 INFO    Barriendo Magnolia Property (magnoliaproperty)…
20:12:35 DEBUG   [accesoinmobiliario] 16 avisos vía tarjetas
20:12:36 DEBUG   [magnoliaproperty] 7 avisos vía tarjetas
20:12:36 INFO      magnoliaproperty: 7 avisos en 2s
20:12:36 INFO    Barriendo Portilla Propiedades (portillapropiedades)…
20:12:36 DEBUG   La red no quedó en silencio en https://houm.com/cl/arriendo-departamento-región-metropolitana/recoleta/179872; se lee igual
20:12:37 DEBUG   [portillapropiedades] 2 avisos vía tarjetas
20:12:37 INFO      portillapropiedades: 2 avisos en 1s
20:12:37 INFO    Barriendo Nativo Propiedades (nativopropiedades)…
20:12:37 DEBUG   [houm] 1 avisos vía estado-embebido
20:12:37 DEBUG   [nativopropiedades] 10 avisos vía tarjetas
20:12:37 INFO      nativopropiedades: 10 avisos en 1s
20:12:37 INFO    Barriendo Enlace Inmobiliario (enlaceinmobiliario)…
20:12:38 WARNING https://www.enlaceinmobiliario.cl/ respondió 403
20:12:38 INFO    [enlaceinmobiliario] https://www.enlaceinmobiliario.cl/ rebotó al GET; se reintenta con navegador
20:12:46 DEBUG   La red no quedó en silencio en https://www.enlaceinmobiliario.cl/; se lee igual
20:12:46 INFO      enlaceinmobiliario: 0 avisos en 9s
20:12:46 INFO    Barriendo Rentas.cl (rentas_cl)…
20:12:47 DEBUG   La red no quedó en silencio en https://houm.com/cl/arriendo-departamento-región-metropolitana/recoleta/178185; se lee igual
20:12:47 DEBUG   [houm] 1 avisos vía estado-embebido
20:12:48 DEBUG   [rentas_cl] 1 avisos vía json-ld
20:12:48 INFO      rentas_cl: 1 avisos en 2s
20:12:48 INFO    Barriendo Arriendos.cl (arriendos_cl)…
20:12:49 DEBUG   [goplaceit] 30 avisos vía json-ld
20:12:49 INFO      arriendos_cl: 0 avisos en 1s
20:12:49 INFO    Barriendo Propiedades.cl (propiedades_cl)…
20:12:50 DEBUG   [propiedades_cl] 6 avisos vía tarjetas
20:12:50 INFO      propiedades_cl: 6 avisos en 1s
20:12:50 INFO    Barriendo Clasificados.cl (clasificados_cl)…
20:12:52 DEBUG   [clasificados_cl] 1 avisos vía tarjetas
20:12:52 INFO      clasificados_cl: 1 avisos en 2s
20:12:56 DEBUG   [accesoinmobiliario] 1 avisos vía tarjetas
20:12:56 DEBUG   La red no quedó en silencio en https://houm.com/cl/arriendo-departamento-región-metropolitana/recoleta/176207; se lee igual
20:12:56 DEBUG   [houm] 1 avisos vía estado-embebido
20:13:06 DEBUG   La red no quedó en silencio en https://houm.com/cl/arriendo-departamento-región-metropolitana/las-condes/177842; se lee igual
20:13:06 DEBUG   [houm] 1 avisos vía estado-embebido
20:13:08 DEBUG   [accesoinmobiliario] 1 avisos vía tarjetas
20:13:15 DEBUG   La red no quedó en silencio en https://houm.com/cl/arriendo-departamento-región-metropolitana/recoleta/176958; se lee igual
20:13:15 DEBUG   [houm] 1 avisos vía estado-embebido
20:13:22 INFO      goplaceit: 90 avisos en 121s
20:13:24 DEBUG   La red no quedó en silencio en https://houm.com/cl/arriendo-departamento-región-metropolitana/recoleta/90462; se lee igual
20:13:24 DEBUG   [houm] 1 avisos vía estado-embebido
20:13:24 INFO      houm: 36 avisos en 79s
20:13:24 DEBUG   [accesoinmobiliario] 1 avisos vía tarjetas
20:13:24 INFO      accesoinmobiliario: 19 avisos en 53s
20:13:24 INFO    Total crudo: 613 avisos
20:13:24 INFO    Después de deduplicar: 440
20:13:24 INFO    Pasaron los filtros: 52
20:13:53 DEBUG   [doomos] 18 avisos vía tarjetas
20:13:53 DEBUG   Ficha de YVT22 sin candidato propio; no se fusiona
20:13:55 DEBUG   Ficha de HW5MX sin candidato propio; no se fusiona
20:14:06 DEBUG   [doomos] 27 avisos vía tarjetas
20:14:06 DEBUG   Ficha de U44VT sin candidato propio; no se fusiona
20:14:14 DEBUG   [doomos] 27 avisos vía tarjetas
20:14:14 DEBUG   Ficha de KNAE9 sin candidato propio; no se fusiona
20:14:20 DEBUG   [doomos] 27 avisos vía tarjetas
20:14:20 DEBUG   Ficha de PR3QK sin candidato propio; no se fusiona
20:14:27 DEBUG   [doomos] 27 avisos vía tarjetas
20:14:27 DEBUG   Ficha de 2HWEW sin candidato propio; no se fusiona
20:14:31 DEBUG   [doomos] 27 avisos vía tarjetas
20:14:31 DEBUG   Ficha de ZWNAN sin candidato propio; no se fusiona
20:14:35 DEBUG   Ficha de HEPWQ sin candidato propio; no se fusiona
20:14:40 DEBUG   [toctoc] 1 avisos vía estado-embebido
20:14:43 DEBUG   [busconido] 10 avisos vía tarjetas
20:14:43 DEBUG   Ficha de NY779 sin candidato propio; no se fusiona
20:14:43 DEBUG   [busconido] 10 avisos vía tarjetas
20:14:43 DEBUG   Ficha de W8EYB sin candidato propio; no se fusiona
20:14:46 DEBUG   [busconido] 11 avisos vía tarjetas
20:14:46 DEBUG   Ficha de TUHM9 sin candidato propio; no se fusiona
20:14:48 DEBUG   [busconido] 11 avisos vía tarjetas
20:14:48 DEBUG   Ficha de X6SME sin candidato propio; no se fusiona
20:14:49 DEBUG   [doomos] 27 avisos vía tarjetas
20:14:49 DEBUG   Ficha de FQ6XQ sin candidato propio; no se fusiona
20:14:50 DEBUG   [busconido] 11 avisos vía tarjetas
20:14:50 DEBUG   Ficha de V35TZ sin candidato propio; no se fusiona
20:14:52 DEBUG   [busconido] 11 avisos vía tarjetas
20:14:52 DEBUG   Ficha de JWVJQ sin candidato propio; no se fusiona
20:14:57 INFO    Enriquecido y descartado: YAVJA (arriendo de $3.517.371 sobre el máximo negociable de $1.904.000)
20:15:01 INFO    Enriquecido y descartado: CC2AY (arriendo de $2.032.258 sobre el máximo negociable de $1.904.000)
20:15:02 DEBUG   [busconido] 10 avisos vía tarjetas
20:15:02 DEBUG   Ficha de RSVEX sin candidato propio; no se fusiona
20:15:03 DEBUG   [doomos] 18 avisos vía tarjetas
20:15:03 DEBUG   Ficha de J5JN4 sin candidato propio; no se fusiona
20:15:12 DEBUG   [engelvoelkers] 1 avisos vía json-ld
20:15:20 DEBUG   [doomos] 27 avisos vía tarjetas
20:15:20 DEBUG   Ficha de P8XMT sin candidato propio; no se fusiona
20:15:24 DEBUG   [toctoc] 1 avisos vía estado-embebido
20:15:35 DEBUG   La red no quedó en silencio en https://www.toctoc.com/arriendo/departamento/metropolitana/vitacura/o_b0984bd0a70625815afbad09ff214df125d57912; se lee igual
20:15:35 DEBUG   [toctoc] 1 avisos vía estado-embebido
20:15:40 DEBUG   [toctoc] 1 avisos vía estado-embebido
20:15:40 DEBUG   [chilepropiedades] 2 avisos vía json-ld
20:15:40 WARNING robots.txt no permite https://www.nuroa.cl/adform/10342-912-b45c-1a0ce6e-984c-ada286d9a1f6-77e4?click_type=0&pos=14&searchType=2&page=1&section=1&t_sec=1&sectionType=1&pageViewId=b96a5106-8d3c-4e7e-9050-383d28f9effd&t_pvid=b96a5106-8d3c-4e7e-9050-383d28f9effd&userAgent=Mozilla%2F5.0+%28compatible%3B+radar-arriendos%2F1.0%3B+uso+personal%2C+busqueda+de+arriendo%3B+%2Bhttps%3A%2F%2Fgithub.com%2Falfonsoandona%2Farriendos-vitacura%29&browser=1&isHuman=true&userIp=52.161.82.88&what=vitacura+departamento&search_terms=vitacura+departamento&origin=1&t_or=1&splitTestId=0 — se omite
20:15:45 DEBUG   [toctoc] 1 avisos vía estado-embebido
20:15:46 DEBUG   [magnoliaproperty] 2 avisos vía tarjetas
20:15:46 INFO    Enriquecido y descartado: SY6C4 (arriendo de $3.691.465 sobre el máximo negociable de $1.904.000)
20:15:50 INFO    Enriquecido y descartado: 75BRH (arriendo de $2.931.142 sobre el máximo negociable de $1.904.000)
20:16:12 DEBUG   La red no quedó en silencio en https://www.goplaceit.com/cl/propiedad/arriendo/departamento/vitacura/12869364-departamento-en-arriendo-en-clinica-alemana-manquehue-norte; se lee igual
20:16:12 DEBUG   Ficha de 75BRH sin candidato propio; no se fusiona
20:16:16 INFO    Enriquecido y descartado: 75BRH (arriendo de $2.149.504 sobre el máximo negociable de $1.904.000)
20:16:20 INFO    Enriquecido y descartado: 75BRH (arriendo de $1.954.095 sobre el máximo negociable de $1.904.000)
20:16:35 DEBUG   [toctoc] 1 avisos vía estado-embebido
20:16:40 DEBUG   [toctoc] 1 avisos vía estado-embebido
20:16:44 WARNING robots.txt no permite https://www.nuroa.cl/adform/10342-912-e7f8-1a0a016-97e0-4460cb69457-7a3c?click_type=0&pos=8&searchType=1&page=3&section=1&t_sec=1&sectionType=1&pageViewId=4d590e03-cc5f-49a1-969b-fbc7c7e676c2&t_pvid=4d590e03-cc5f-49a1-969b-fbc7c7e676c2&userAgent=Mozilla%2F5.0+%28compatible%3B+radar-arriendos%2F1.0%3B+uso+personal%2C+busqueda+de+arriendo%3B+%2Bhttps%3A%2F%2Fgithub.com%2Falfonsoandona%2Farriendos-vitacura%29&browser=1&isHuman=true&userIp=52.161.82.88&what=vitacura+departamento&search_terms=vitacura+departamento&origin=1&t_or=1&splitTestId=0 — se omite
20:16:49 DEBUG   [toctoc] 1 avisos vía estado-embebido
20:16:52 INFO    Enriquecido y descartado: 75BRH (arriendo de $4.299.009 sobre el máximo negociable de $1.904.000)
20:16:56 INFO    Fichas leídas: 52 — 0 ganaron el año, 0 la dirección; 7 se descartaron al verlas (0 por viejos)
20:16:57 INFO    Listo: 0 avisados de 45 candidatos
