19:03:45 INFO    UF = $40.918.25 (API del día)
19:03:45 INFO    Barriendo TocToc (toctoc)…
19:03:45 INFO    Barriendo Chilepropiedades (chilepropiedades)…
19:03:45 INFO    Barriendo GoPlaceIt (goplaceit)…
19:03:45 INFO    Barriendo Yapo (yapo)…
19:03:45 DEBUG   [chilepropiedades] 10 avisos vía tarjetas
19:03:47 DEBUG   [chilepropiedades] 10 avisos vía tarjetas
19:03:48 INFO      yapo: 0 avisos en 3s
19:03:48 INFO    Barriendo BuscoNido (busconido)…
19:03:49 DEBUG   [goplaceit] 30 avisos vía json-ld
19:03:49 DEBUG   [busconido] 23 avisos vía tarjetas
19:03:49 INFO      busconido: 23 avisos en 1s
19:03:49 INFO    Barriendo BienesOnline (bienesonline)…
19:03:49 DEBUG   [chilepropiedades] 10 avisos vía tarjetas
19:03:49 INFO      chilepropiedades: 30 avisos en 4s
19:03:49 INFO    Barriendo Economicos (El Mercurio) (economicos)…
19:03:49 WARNING https://www.economicos.cl/search/propiedades/vitacura/arriendo/departamento/0 respondió 403
19:03:49 INFO    [economicos] https://www.economicos.cl/search/propiedades/vitacura/arriendo/departamento/0 rebotó al GET; se reintenta con navegador
19:03:50 DEBUG   [bienesonline] 11 avisos vía tarjetas
19:03:50 INFO      bienesonline: 11 avisos en 1s
19:03:50 INFO    Barriendo iCasas (icasas)…
19:03:50 DEBUG   [icasas] 15 avisos vía tarjetas
19:03:52 DEBUG   [icasas] 15 avisos vía tarjetas
19:03:52 INFO      icasas: 30 avisos en 3s
19:03:52 INFO    Barriendo Doomos (doomos)…
19:03:52 DEBUG   La red no quedó en silencio en https://www.toctoc.com/arriendo/departamento/metropolitana/vitacura/3-dormitorios; se lee igual
19:03:54 DEBUG   [doomos] 32 avisos vía tarjetas
19:03:54 INFO      doomos: 32 avisos en 2s
19:03:54 INFO    Barriendo Top Propiedades (toppropiedades)…
19:03:56 DEBUG   La red no quedó en silencio en https://www.goplaceit.com/cl/propiedad/arriendo/departamento/vitacura/11862019-departamento-en-arriendo-en-vitacura?source=perfil-comuna; se lee igual
19:03:57 INFO      economicos: 0 avisos en 8s
19:03:57 INFO    Barriendo Nuroa (nuroa)…
19:03:58 DEBUG   Encoding detection: ascii is most likely the one.
19:03:58 DEBUG   [toppropiedades] 1 avisos vía json-ld
19:03:58 DEBUG   [nuroa] 25 avisos vía json-ld
19:04:00 DEBUG   [toppropiedades] 1 avisos vía json-ld
19:04:01 DEBUG   [nuroa] 25 avisos vía json-ld
19:04:02 DEBUG   [toppropiedades] 1 avisos vía json-ld
19:04:03 DEBUG   [nuroa] 25 avisos vía json-ld
19:04:04 DEBUG   [toppropiedades] 1 avisos vía json-ld
19:04:04 DEBUG   [nuroa] 25 avisos vía json-ld
19:04:05 INFO      nuroa: 100 avisos en 8s
19:04:05 INFO    Barriendo Mitula (mitula)…
19:04:06 DEBUG   [toppropiedades] 1 avisos vía json-ld
19:04:06 DEBUG   [mitula] 30 avisos vía json-ld
19:04:08 DEBUG   [toppropiedades] 1 avisos vía json-ld
19:04:08 DEBUG   [mitula] 30 avisos vía json-ld
19:04:08 INFO      mitula: 60 avisos en 4s
19:04:08 INFO    Barriendo Houm (houm)…
19:04:10 DEBUG   [toppropiedades] 1 avisos vía json-ld
19:04:12 DEBUG   [toppropiedades] 1 avisos vía json-ld
19:04:12 INFO      toppropiedades: 8 avisos en 18s
19:04:12 INFO    Barriendo Hey! Homes (heyhomes)…
19:04:15 DEBUG   [heyhomes] 9 avisos vía tarjetas
19:04:15 INFO      heyhomes: 9 avisos en 3s
19:04:15 INFO    Barriendo Engel & Völkers (engelvoelkers)…
19:04:19 DEBUG   La red no quedó en silencio en https://houm.com/cl/arriendo-departamentos-region-metropolitana/vitacura/3-dormitorios; se lee igual
19:04:19 DEBUG   [houm] 28 avisos vía json-ld
19:04:26 DEBUG   [engelvoelkers] 18 avisos vía tarjetas
19:04:26 INFO      engelvoelkers: 18 avisos en 11s
19:04:26 INFO    Barriendo RE/MAX Chile (remax)…
19:04:29 WARNING [toctoc] https://www.toctoc.com/arriendo/departamento/metropolitana/vitacura/3-dormitorios falló: Page.content: Unable to retrieve content because the page is navigating and changing the content.
19:04:33 DEBUG   La red no quedó en silencio en https://houm.com/cl/arriendo-departamento-región-metropolitana/las-condes/170742; se lee igual
19:04:33 DEBUG   [houm] 1 avisos vía estado-embebido
19:04:36 INFO      remax: 0 avisos en 10s
19:04:36 INFO    Barriendo Fuenzalida Propiedades (fuenzalida)…
19:04:36 DEBUG   La red no quedó en silencio en https://www.toctoc.com/arriendo/departamento/metropolitana/vitacura/4-dormitorios; se lee igual
19:04:38 DEBUG   [fuenzalida] 16 avisos vía tarjetas
19:04:39 DEBUG   [goplaceit] 30 avisos vía json-ld
19:04:41 DEBUG   [fuenzalida] 20 avisos vía tarjetas
19:04:42 WARNING [toctoc] https://www.toctoc.com/arriendo/departamento/metropolitana/vitacura/4-dormitorios falló: Page.content: Unable to retrieve content because the page is navigating and changing the content.
19:04:42 WARNING   toctoc: Page.content: Unable to retrieve content because the page is navigating and changing the content.
19:04:42 INFO      toctoc: 0 avisos en 57s
19:04:42 INFO    Barriendo Century 21 Chile (century21)…
19:04:43 INFO      century21: 0 avisos en 1s
19:04:43 INFO    Barriendo Property Partners (propertypartners)…
19:04:43 DEBUG   [fuenzalida] 20 avisos vía tarjetas
19:04:43 INFO      fuenzalida: 56 avisos en 8s
19:04:43 INFO    Barriendo Acceso Inmobiliario (accesoinmobiliario)…
19:04:44 DEBUG   [propertypartners] 1 avisos vía tarjetas
19:04:44 INFO      propertypartners: 1 avisos en 0s
19:04:44 INFO    Barriendo Magnolia Property (magnoliaproperty)…
19:04:44 DEBUG   [magnoliaproperty] 6 avisos vía tarjetas
19:04:44 INFO      magnoliaproperty: 6 avisos en 1s
19:04:44 INFO    Barriendo Portilla Propiedades (portillapropiedades)…
19:04:45 DEBUG   [portillapropiedades] 2 avisos vía tarjetas
19:04:45 INFO      portillapropiedades: 2 avisos en 0s
19:04:45 INFO    Barriendo Nativo Propiedades (nativopropiedades)…
19:04:45 DEBUG   [nativopropiedades] 10 avisos vía tarjetas
19:04:45 INFO      nativopropiedades: 10 avisos en 1s
19:04:45 INFO    Barriendo Enlace Inmobiliario (enlaceinmobiliario)…
19:04:45 WARNING https://www.enlaceinmobiliario.cl/ respondió 403
19:04:45 INFO    [enlaceinmobiliario] https://www.enlaceinmobiliario.cl/ rebotó al GET; se reintenta con navegador
19:04:45 DEBUG   La red no quedó en silencio en https://houm.com/cl/arriendo-departamento-región-metropolitana/las-condes/175757; se lee igual
19:04:46 DEBUG   [houm] 1 avisos vía estado-embebido
19:04:48 DEBUG   [accesoinmobiliario] 16 avisos vía tarjetas
19:04:49 INFO      enlaceinmobiliario: 0 avisos en 4s
19:04:49 INFO    Barriendo Rentas.cl (rentas_cl)…
19:04:51 DEBUG   [rentas_cl] 1 avisos vía json-ld
19:04:51 INFO      rentas_cl: 1 avisos en 2s
19:04:51 INFO    Barriendo Arriendos.cl (arriendos_cl)…
19:04:52 INFO      arriendos_cl: 0 avisos en 1s
19:04:52 INFO    Barriendo Propiedades.cl (propiedades_cl)…
19:04:53 DEBUG   [propiedades_cl] 6 avisos vía tarjetas
19:04:53 INFO      propiedades_cl: 6 avisos en 1s
19:04:53 INFO    Barriendo Clasificados.cl (clasificados_cl)…
19:04:56 DEBUG   [clasificados_cl] 1 avisos vía tarjetas
19:04:56 INFO      clasificados_cl: 1 avisos en 3s
19:04:56 DEBUG   La red no quedó en silencio en https://houm.com/cl/arriendo-departamento-región-metropolitana/ñuñoa/164010; se lee igual
19:04:56 DEBUG   [houm] 1 avisos vía estado-embebido
19:05:03 DEBUG   [accesoinmobiliario] 1 avisos vía tarjetas
19:05:04 DEBUG   La red no quedó en silencio en https://houm.com/cl/arriendo-departamento-región-metropolitana/lo-barnechea/74201; se lee igual
19:05:04 DEBUG   [houm] 1 avisos vía estado-embebido
19:05:06 DEBUG   [accesoinmobiliario] 1 avisos vía tarjetas
19:05:13 DEBUG   La red no quedó en silencio en https://houm.com/cl/arriendo-departamento-región-metropolitana/providencia/175947; se lee igual
19:05:13 DEBUG   [houm] 1 avisos vía estado-embebido
19:05:14 INFO      accesoinmobiliario: 18 avisos en 31s
19:05:16 DEBUG   [goplaceit] 30 avisos vía json-ld
19:05:22 DEBUG   La red no quedó en silencio en https://houm.com/cl/arriendo-departamento-región-metropolitana/ñuñoa/174379; se lee igual
19:05:22 DEBUG   [houm] 1 avisos vía estado-embebido
19:05:29 DEBUG   La red no quedó en silencio en https://houm.com/cl/arriendo-departamento-región-metropolitana/recoleta/179872; se lee igual
19:05:29 DEBUG   [houm] 1 avisos vía estado-embebido
19:05:36 DEBUG   La red no quedó en silencio en https://houm.com/cl/arriendo-departamento-región-metropolitana/recoleta/178185; se lee igual
19:05:36 DEBUG   [houm] 1 avisos vía estado-embebido
19:05:36 INFO      houm: 36 avisos en 88s
19:05:38 INFO      goplaceit: 90 avisos en 113s
19:05:38 INFO    Total crudo: 548 avisos
19:05:38 INFO    Después de deduplicar: 345
19:05:38 INFO    Pasaron los filtros: 37
19:05:48 DEBUG   [doomos] 18 avisos vía tarjetas
19:05:48 DEBUG   Ficha de YVT22 sin candidato propio; no se fusiona
19:05:48 DEBUG   Ficha de HW5MX sin candidato propio; no se fusiona
19:05:50 DEBUG   [doomos] 27 avisos vía tarjetas
19:05:50 DEBUG   Ficha de U44VT sin candidato propio; no se fusiona
19:05:52 DEBUG   [doomos] 27 avisos vía tarjetas
19:05:52 DEBUG   Ficha de KNAE9 sin candidato propio; no se fusiona
19:05:55 DEBUG   [doomos] 27 avisos vía tarjetas
19:05:55 DEBUG   Ficha de PR3QK sin candidato propio; no se fusiona
19:05:57 DEBUG   [doomos] 27 avisos vía tarjetas
19:05:57 DEBUG   Ficha de 2HWEW sin candidato propio; no se fusiona
19:05:58 DEBUG   [doomos] 27 avisos vía tarjetas
19:05:58 DEBUG   Ficha de ZWNAN sin candidato propio; no se fusiona
19:06:01 DEBUG   [doomos] 27 avisos vía tarjetas
19:06:01 DEBUG   Ficha de FDXSM sin candidato propio; no se fusiona
19:06:01 DEBUG   [busconido] 10 avisos vía tarjetas
19:06:01 DEBUG   Ficha de TKTCZ sin candidato propio; no se fusiona
19:06:04 DEBUG   [doomos] 27 avisos vía tarjetas
19:06:04 DEBUG   Ficha de FQ6XQ sin candidato propio; no se fusiona
19:06:05 DEBUG   [busconido] 10 avisos vía tarjetas
19:06:05 DEBUG   Ficha de ZKWUC sin candidato propio; no se fusiona
19:06:07 DEBUG   [busconido] 10 avisos vía tarjetas
19:06:07 DEBUG   Ficha de X4AHM sin candidato propio; no se fusiona
19:06:09 DEBUG   [busconido] 11 avisos vía tarjetas
19:06:09 DEBUG   Ficha de X2YEB sin candidato propio; no se fusiona
19:06:12 INFO    Enriquecido y descartado: YAVJA (arriendo de $3.517.371 sobre el máximo negociable de $1.904.000)
19:06:17 INFO    Enriquecido y descartado: CC2AY (arriendo de $2.032.258 sobre el máximo negociable de $1.904.000)
19:06:18 DEBUG   [doomos] 18 avisos vía tarjetas
19:06:18 DEBUG   Ficha de J5JN4 sin candidato propio; no se fusiona
19:06:29 DEBUG   [engelvoelkers] 1 avisos vía json-ld
19:06:32 DEBUG   [doomos] 27 avisos vía tarjetas
19:06:32 DEBUG   Ficha de P8XMT sin candidato propio; no se fusiona
19:06:36 DEBUG   [chilepropiedades] 2 avisos vía json-ld
19:06:40 INFO    Enriquecido y descartado: 75BRH (arriendo de $2.931.142 sobre el máximo negociable de $1.904.000)
19:07:02 INFO    Enriquecido y descartado: 75BRH (arriendo de $2.149.504 sobre el máximo negociable de $1.904.000)
19:07:06 INFO    Enriquecido y descartado: 75BRH (arriendo de $1.954.095 sobre el máximo negociable de $1.904.000)
19:07:23 INFO    Enriquecido y descartado: 75BRH (arriendo de $4.299.009 sobre el máximo negociable de $1.904.000)
19:07:27 INFO    Fichas leídas: 37 — 0 ganaron el año, 0 la dirección; 6 se descartaron al verlas (0 por viejos)
19:07:28 INFO    Listo: 0 avisados de 31 candidatos
